
> gen-image-factory@1.0.0 test:run
> tsc --noEmit -p tsconfig.typecheck.json && vitest run


 RUN  v3.2.4 /Users/vjatseslavjertsalov/Development/git_repos/gen-image-factory

 ❯ src/renderer/components/Settings/__tests__/ParametersSection.test.tsx (33 tests | 2 failed) 1662ms
   × ParametersSection > renders basic settings section 131ms
     → Unable to find an element with the text: Polling Timeout (minutes). This could be because the text is broken up by multiple elements. In this case, you can provide a function for your text matcher to make your matcher more flexible.

Ignored nodes: comments, script, style
[36m<body>[39m
  [36m<div>[39m
    [36m<div[39m
      [33mclass[39m=[32m"space-y-6"[39m
    [36m>[39m
      [36m<div[39m
        [33mclass[39m=[32m"flex items-center space-x-2"[39m
      [36m>[39m
        [36m<svg[39m
          [33maria-hidden[39m=[32m"true"[39m
          [33mclass[39m=[32m"lucide lucide-sliders-vertical h-5 w-5 text-gray-600"[39m
          [33mfill[39m=[32m"none"[39m
          [33mheight[39m=[32m"24"[39m
          [33mstroke[39m=[32m"currentColor"[39m
          [33mstroke-linecap[39m=[32m"round"[39m
          [33mstroke-linejoin[39m=[32m"round"[39m
          [33mstroke-width[39m=[32m"2"[39m
          [33mviewBox[39m=[32m"0 0 24 24"[39m
          [33mwidth[39m=[32m"24"[39m
          [33mxmlns[39m=[32m"http://www.w3.org/2000/svg"[39m
        [36m>[39m
          [36m<line[39m
            [33mx1[39m=[32m"4"[39m
            [33mx2[39m=[32m"4"[39m
            [33my1[39m=[32m"21"[39m
            [33my2[39m=[32m"14"[39m
          [36m/>[39m
          [36m<line[39m
            [33mx1[39m=[32m"4"[39m
            [33mx2[39m=[32m"4"[39m
            [33my1[39m=[32m"10"[39m
            [33my2[39m=[32m"3"[39m
          [36m/>[39m
          [36m<line[39m
            [33mx1[39m=[32m"12"[39m
            [33mx2[39m=[32m"12"[39m
            [33my1[39m=[32m"21"[39m
            [33my2[39m=[32m"12"[39m
          [36m/>[39m
          [36m<line[39m
            [33mx1[39m=[32m"12"[39m
            [33mx2[39m=[32m"12"[39m
            [33my1[39m=[32m"8"[39m
            [33my2[39m=[32m"3"[39m
          [36m/>[39m
          [36m<line[39m
            [33mx1[39m=[32m"20"[39m
            [33mx2[39m=[32m"20"[39m
            [33my1[39m=[32m"21"[39m
            [33my2[39m=[32m"16"[39m
          [36m/>[39m
          [36m<line[39m
            [33mx1[39m=[32m"20"[39m
            [33mx2[39m=[32m"20"[39m
            [33my1[39m=[32m"12"[39m
            [33my2[39m=[32m"3"[39m
          [36m/>[39m
          [36m<line[39m
            [33mx1[39m=[32m"2"[39m
            [33mx2[39m=[32m"6"[39m
            [33my1[39m=[32m"14"[39m
            [33my2[39m=[32m"14"[39m
          [36m/>[39m
          [36m<line[39m
            [33mx1[39m=[32m"10"[39m
            [33mx2[39m=[32m"14"[39m
            [33my1[39m=[32m"8"[39m
            [33my2[39m=[32m"8"[39m
          [36m/>[39m
          [36m<line[39m
            [33mx1[39m=[32m"18"[39m
            [33mx2[39m=[32m"22"[39m
            [33my1[39m=[32m"16"[39m
            [33my2[39m=[32m"16"[39m
          [36m/>[39m
        [36m</svg>[39m
        [36m<h2[39m
          [33mclass[39m=[32m"text-xl font-semibold text-gray-900"[39m
        [36m>[39m
          [0mGeneration Parameters[0m
        [36m</h2>[39m
      [36m</div>[39m
      [36m<div[39m
        [33mclass[39m=[32m"space-y-4"[39m
      [36m>[39m
        [36m<h3[39m
          [33mclass[39m=[32m"text-lg font-semibold text-gray-900"[39m
        [36m>[39m
          [0mParameter Presets[0m
        [36m</h3>[39m
        [36m<div[39m
          [33mclass[39m=[32m"grid grid-cols-1 md:grid-cols-3 gap-4"[39m
        [36m>[39m
          [36m<div[39m
            [33mclass[39m=[32m"p-4 border rounded-lg cursor-pointer transition-all border-gray-200 hover:border-gray-300"[39m
          [36m>[39m
            [36m<div[39m
              [33mclass[39m=[32m"flex items-center justify-between mb-2"[39m
            [36m>[39m
              [36m<h4[39m
                [33mclass[39m=[32m"font-medium text-gray-900"[39m
              [36m>[39m
                [0mBasic[0m
              [36m</h4>[39m
              [36m<span[39m
                [33mclass[39m=[32m"inline-flex items-center px-2 py-1 rounded-full text-xs font-medium text-blue-600 bg-blue-100"[39m
              [36m>[39m
                [0m$0.02[0m
                [0m cost[0m
              [36m</span>[39m
            [36m</div>[39m
            [36m<p[39m
              [33mclass[39m=[32m"text-sm text-gray-600 mb-3"[39m
            [36m>[39m
              [0mMinimal features for quick generation[0m
            [36m</p>[39m
          [36m</div>[39m
          [36m<div[39m
            [33mclass[39m=[32m"p-4 border rounded-lg cursor-pointer transition-all border-blue-500 bg-blue-50"[39m
          [36m>[39m
            [36m<div[39m
              [33mclass[39m=[32m"flex items-center justify-between mb-2"[39m
            [36m>[39m
              [36m<h4[39m
                [33mclass[39m=[32m"font-medium text-gray-900"[39m
              [36m>[39m
                [0mStandard[0m
              [36m</h4>[39m
              [36m<span[39m
                [33mclass[39m=[32m"inline-flex items-center px-2 py-1 rounded-full text-xs font-medium text-yellow-600 bg-yellow-100"[39m
              [36m>[39m
                [0m$0.08[0m
                [0m cost[0m
              [36m</span>[39m
            [36m</div>[39m
            [36m<p[39m
              [33mclass[39m=[32m"text-sm text-gray-600 mb-3"[39m
            [36m>[39m
              [0mBalanced features and quality[0m
            [36m</p>[39m
          [36m</div>[39m
          [36m<div[39m
            [33mclass[39m=[32m"p-4 border rounded-lg cursor-pointer transition-all border-gray-200 hover:border-gray-300"[39m
          [36m>[39m
            [36m<div[39m
              [33mclass[39m=[32m"flex items-center justify-between mb-2"[39m
            [36m>[39m
              [36m<h4[39m
                [33mclass[39m=[32m"font-medium text-gray-900"[39m
              [36m>[39m
                [0mAdvanced[0m
              [36m</h4>[39m
              [36m<span[39m
                [33mclass[39m=[32m"inline-flex items-center px-2 py-1 rounded-full text-xs font-medium text-red-600 bg-red-100"[39m
              [36m>[39m
                [0m$0.25[0m
                [0m cost[0m
              [36m</span>[39m
            [36m</div>[39m
            [36m<p[39m
              [33mclass[39m=[32m"text-sm text-gray-600 mb-3"[39m
            [36m>[39m
              [0mAll features enabled for best results[0m
            [36m</p>[39m
          [36m</div>[39m
        [36m</div>[39m
      [36m</div>[39m
      [36m<div[39m
        [33mclass[39m=[32m"space-y-6"[39m
      [36m>[39m
        [36m<h3[39m
          [33mclass[39m=[32m"text-lg font-semibold text-gray-900"[39m
        [36m>[39m
          [0mBasic Settings[0m
        [36m</h3>[39m
        [36m<div[39m
          [33mclass[39m=[32m"space-y-2"[39m
        [36m>[39m
          [36m<label[39m
            [33mclass[39m=[32m"block text-sm font-medium text-gray-700"[39m
          [36m>[39m
            [0mProcess Mode[0m
         ...
   ✓ ParametersSection > renders advanced settings section 83ms
   ✓ ParametersSection > renders image processing settings 71ms
   ✓ ParametersSection > renders AI features settings 53ms
   ✓ ParametersSection > displays process mode options 25ms
   ✓ ParametersSection > displays aspect ratio options 29ms
   ✓ ParametersSection > displays MJ version options 29ms
   ✓ ParametersSection > displays OpenAI model options 51ms
   ✓ ParametersSection > displays JPG background options 54ms
   ✓ ParametersSection > displays remove.bg size options 50ms
   ✓ ParametersSection > handles process mode change 44ms
   ✓ ParametersSection > handles aspect ratio selection 30ms
   ✓ ParametersSection > handles MJ version change 27ms
   ✓ ParametersSection > handles OpenAI model change 20ms
   ✓ ParametersSection > handles polling timeout change 24ms
   ✓ ParametersSection > handles keyword random toggle 111ms
   ✓ ParametersSection > handles remove background toggle 96ms
   ✓ ParametersSection > handles image conversion toggle 91ms
   ✓ ParametersSection > handles convert to JPG toggle 78ms
   ✓ ParametersSection > handles trim transparent background toggle 45ms
   ✓ ParametersSection > handles debug mode toggle 55ms
   ✓ ParametersSection > handles JPG background change 56ms
   ✓ ParametersSection > handles remove.bg size change 52ms
   ✓ ParametersSection > handles JPG quality change 70ms
   ✓ ParametersSection > handles PNG quality change 26ms
   ✓ ParametersSection > handles run quality check toggle 61ms
   ✓ ParametersSection > handles run metadata generation toggle 50ms
   ✓ ParametersSection > shows cost indicators for features 17ms
   ✓ ParametersSection > validates polling timeout input 12ms
   ✓ ParametersSection > validates quality input ranges 39ms
   × ParametersSection > shows help text for advanced options 33ms
     → Unable to find an element with the text: /Polling timeout in minutes/. This could be because the text is broken up by multiple elements. In this case, you can provide a function for your text matcher to make your matcher more flexible.

Ignored nodes: comments, script, style
[36m<body>[39m
  [36m<div>[39m
    [36m<div[39m
      [33mclass[39m=[32m"space-y-6"[39m
    [36m>[39m
      [36m<div[39m
        [33mclass[39m=[32m"flex items-center space-x-2"[39m
      [36m>[39m
        [36m<svg[39m
          [33maria-hidden[39m=[32m"true"[39m
          [33mclass[39m=[32m"lucide lucide-sliders-vertical h-5 w-5 text-gray-600"[39m
          [33mfill[39m=[32m"none"[39m
          [33mheight[39m=[32m"24"[39m
          [33mstroke[39m=[32m"currentColor"[39m
          [33mstroke-linecap[39m=[32m"round"[39m
          [33mstroke-linejoin[39m=[32m"round"[39m
          [33mstroke-width[39m=[32m"2"[39m
          [33mviewBox[39m=[32m"0 0 24 24"[39m
          [33mwidth[39m=[32m"24"[39m
          [33mxmlns[39m=[32m"http://www.w3.org/2000/svg"[39m
        [36m>[39m
          [36m<line[39m
            [33mx1[39m=[32m"4"[39m
            [33mx2[39m=[32m"4"[39m
            [33my1[39m=[32m"21"[39m
            [33my2[39m=[32m"14"[39m
          [36m/>[39m
          [36m<line[39m
            [33mx1[39m=[32m"4"[39m
            [33mx2[39m=[32m"4"[39m
            [33my1[39m=[32m"10"[39m
            [33my2[39m=[32m"3"[39m
          [36m/>[39m
          [36m<line[39m
            [33mx1[39m=[32m"12"[39m
            [33mx2[39m=[32m"12"[39m
            [33my1[39m=[32m"21"[39m
            [33my2[39m=[32m"12"[39m
          [36m/>[39m
          [36m<line[39m
            [33mx1[39m=[32m"12"[39m
            [33mx2[39m=[32m"12"[39m
            [33my1[39m=[32m"8"[39m
            [33my2[39m=[32m"3"[39m
          [36m/>[39m
          [36m<line[39m
            [33mx1[39m=[32m"20"[39m
            [33mx2[39m=[32m"20"[39m
            [33my1[39m=[32m"21"[39m
            [33my2[39m=[32m"16"[39m
          [36m/>[39m
          [36m<line[39m
            [33mx1[39m=[32m"20"[39m
            [33mx2[39m=[32m"20"[39m
            [33my1[39m=[32m"12"[39m
            [33my2[39m=[32m"3"[39m
          [36m/>[39m
          [36m<line[39m
            [33mx1[39m=[32m"2"[39m
            [33mx2[39m=[32m"6"[39m
            [33my1[39m=[32m"14"[39m
            [33my2[39m=[32m"14"[39m
          [36m/>[39m
          [36m<line[39m
            [33mx1[39m=[32m"10"[39m
            [33mx2[39m=[32m"14"[39m
            [33my1[39m=[32m"8"[39m
            [33my2[39m=[32m"8"[39m
          [36m/>[39m
          [36m<line[39m
            [33mx1[39m=[32m"18"[39m
            [33mx2[39m=[32m"22"[39m
            [33my1[39m=[32m"16"[39m
            [33my2[39m=[32m"16"[39m
          [36m/>[39m
        [36m</svg>[39m
        [36m<h2[39m
          [33mclass[39m=[32m"text-xl font-semibold text-gray-900"[39m
        [36m>[39m
          [0mGeneration Parameters[0m
        [36m</h2>[39m
      [36m</div>[39m
      [36m<div[39m
        [33mclass[39m=[32m"space-y-4"[39m
      [36m>[39m
        [36m<h3[39m
          [33mclass[39m=[32m"text-lg font-semibold text-gray-900"[39m
        [36m>[39m
          [0mParameter Presets[0m
        [36m</h3>[39m
        [36m<div[39m
          [33mclass[39m=[32m"grid grid-cols-1 md:grid-cols-3 gap-4"[39m
        [36m>[39m
          [36m<div[39m
            [33mclass[39m=[32m"p-4 border rounded-lg cursor-pointer transition-all border-gray-200 hover:border-gray-300"[39m
          [36m>[39m
            [36m<div[39m
              [33mclass[39m=[32m"flex items-center justify-between mb-2"[39m
            [36m>[39m
              [36m<h4[39m
                [33mclass[39m=[32m"font-medium text-gray-900"[39m
              [36m>[39m
                [0mBasic[0m
              [36m</h4>[39m
              [36m<span[39m
                [33mclass[39m=[32m"inline-flex items-center px-2 py-1 rounded-full text-xs font-medium text-blue-600 bg-blue-100"[39m
              [36m>[39m
                [0m$0.02[0m
                [0m cost[0m
              [36m</span>[39m
            [36m</div>[39m
            [36m<p[39m
              [33mclass[39m=[32m"text-sm text-gray-600 mb-3"[39m
            [36m>[39m
              [0mMinimal features for quick generation[0m
            [36m</p>[39m
          [36m</div>[39m
          [36m<div[39m
            [33mclass[39m=[32m"p-4 border rounded-lg cursor-pointer transition-all border-blue-500 bg-blue-50"[39m
          [36m>[39m
            [36m<div[39m
              [33mclass[39m=[32m"flex items-center justify-between mb-2"[39m
            [36m>[39m
              [36m<h4[39m
                [33mclass[39m=[32m"font-medium text-gray-900"[39m
              [36m>[39m
                [0mStandard[0m
              [36m</h4>[39m
              [36m<span[39m
                [33mclass[39m=[32m"inline-flex items-center px-2 py-1 rounded-full text-xs font-medium text-yellow-600 bg-yellow-100"[39m
              [36m>[39m
                [0m$0.08[0m
                [0m cost[0m
              [36m</span>[39m
            [36m</div>[39m
            [36m<p[39m
              [33mclass[39m=[32m"text-sm text-gray-600 mb-3"[39m
            [36m>[39m
              [0mBalanced features and quality[0m
            [36m</p>[39m
          [36m</div>[39m
          [36m<div[39m
            [33mclass[39m=[32m"p-4 border rounded-lg cursor-pointer transition-all border-gray-200 hover:border-gray-300"[39m
          [36m>[39m
            [36m<div[39m
              [33mclass[39m=[32m"flex items-center justify-between mb-2"[39m
            [36m>[39m
              [36m<h4[39m
                [33mclass[39m=[32m"font-medium text-gray-900"[39m
              [36m>[39m
                [0mAdvanced[0m
              [36m</h4>[39m
              [36m<span[39m
                [33mclass[39m=[32m"inline-flex items-center px-2 py-1 rounded-full text-xs font-medium text-red-600 bg-red-100"[39m
              [36m>[39m
                [0m$0.25[0m
                [0m cost[0m
              [36m</span>[39m
            [36m</div>[39m
            [36m<p[39m
              [33mclass[39m=[32m"text-sm text-gray-600 mb-3"[39m
            [36m>[39m
              [0mAll features enabled for best results[0m
            [36m</p>[39m
          [36m</div>[39m
        [36m</div>[39m
      [36m</div>[39m
      [36m<div[39m
        [33mclass[39m=[32m"space-y-6"[39m
      [36m>[39m
        [36m<h3[39m
          [33mclass[39m=[32m"text-lg font-semibold text-gray-900"[39m
        [36m>[39m
          [0mBasic Settings[0m
        [36m</h3>[39m
        [36m<div[39m
          [33mclass[39m=[32m"space-y-2"[39m
        [36m>[39m
          [36m<label[39m
            [33mclass[39m=[32m"block text-sm font-medium text-gray-700"[39m
          [36m>[39m
            [0mProcess Mode[0m
         ...
   ✓ ParametersSection > collapses advanced settings by default 13ms
   ✓ ParametersSection > expands advanced settings when clicked 33ms
 ❯ src/renderer/components/Dashboard/__tests__/FailedImageReviewModal.test.tsx (43 tests | 23 failed) 1584ms
   × FailedImageReviewModal > Modal Rendering > renders modal when isOpen is true 197ms
     → Unable to find an element with the text: Failed Image Review. This could be because the text is broken up by multiple elements. In this case, you can provide a function for your text matcher to make your matcher more flexible.

Ignored nodes: comments, script, style
[36m<body>[39m
  [36m<div>[39m
    [36m<div[39m
      [33mclass[39m=[32m"fixed inset-0 bg-black bg-opacity-50 flex items-center justify-center z-50 p-4 overflow-hidden"[39m
      [33mdata-testid[39m=[32m"failed-image-review-modal"[39m
    [36m>[39m
      [36m<div[39m
        [33mclass[39m=[32m"relative bg-white rounded-lg shadow-xl max-w-6xl w-full max-h-[90vh] overflow-hidden"[39m
      [36m>[39m
        [36m<div[39m
          [33mclass[39m=[32m"flex items-center justify-between p-4 border-b border-gray-200"[39m
          [33mdata-testid[39m=[32m"modal-header"[39m
        [36m>[39m
          [36m<div[39m
            [33mclass[39m=[32m"flex items-center gap-3"[39m
          [36m>[39m
            [36m<h2[39m
              [33mclass[39m=[32m"text-xl font-semibold text-gray-900"[39m
            [36m>[39m
              [0mImage Details[0m
            [36m</h2>[39m
            [36m<div[39m
              [33mclass[39m=[32m"inline-flex items-center"[39m
            [36m>[39m
              [36m<span[39m
                [33mclass[39m=[32m"inline-flex items-center gap-1 px-2 py-1 rounded-full text-sm font-medium border bg-red-100 text-red-800 border-red-200"[39m
              [36m>[39m
                [36m<svg[39m
                  [33maria-hidden[39m=[32m"true"[39m
                  [33mclass[39m=[32m"w-4 h-4"[39m
                  [33mfill[39m=[32m"none"[39m
                  [33mstroke[39m=[32m"currentColor"[39m
                  [33mviewBox[39m=[32m"0 0 24 24"[39m
                [36m>[39m
                  [36m<path[39m
                    [33md[39m=[32m"M12 9v4m0 4h.01M10.29 3.86L1.82 18a2 2 0 001.71 3h16.94a2 2 0 001.71-3L13.71 3.86a2 2 0 00-3.42 0z"[39m
                    [33mstroke-linecap[39m=[32m"round"[39m
                    [33mstroke-linejoin[39m=[32m"round"[39m
                    [33mstroke-width[39m=[32m"2"[39m
                  [36m/>[39m
                [36m</svg>[39m
                [0mQC Failed[0m
              [36m</span>[39m
            [36m</div>[39m
          [36m</div>[39m
          [36m<div[39m
            [33mclass[39m=[32m"flex items-center gap-2"[39m
          [36m>[39m
            [36m<button[39m
              [33mclass[39m=[32m"review-modal-button bg-green-600 text-white hover:bg-green-700"[39m
              [33mtitle[39m=[32m"Approve image (move to success)"[39m
            [36m>[39m
              [36m<svg[39m
                [33mclass[39m=[32m"w-4 h-4"[39m
                [33mfill[39m=[32m"none"[39m
                [33mstroke[39m=[32m"currentColor"[39m
                [33mviewBox[39m=[32m"0 0 24 24"[39m
              [36m>[39m
                [36m<path[39m
                  [33md[39m=[32m"M5 13l4 4L19 7"[39m
                  [33mstroke-linecap[39m=[32m"round"[39m
                  [33mstroke-linejoin[39m=[32m"round"[39m
                  [33mstroke-width[39m=[32m"2"[39m
                [36m/>[39m
              [36m</svg>[39m
              [0mApprove[0m
            [36m</button>[39m
            [36m<button[39m
              [33mclass[39m=[32m"review-modal-button bg-blue-600 text-white hover:bg-blue-700"[39m
              [33mtitle[39m=[32m"Add image to retry pool"[39m
            [36m>[39m
              [36m<svg[39m
                [33mclass[39m=[32m"w-4 h-4"[39m
                [33mfill[39m=[32m"none"[39m
                [33mstroke[39m=[32m"currentColor"[39m
                [33mstroke-linecap[39m=[32m"round"[39m
                [33mstroke-linejoin[39m=[32m"round"[39m
                [33mstroke-width[39m=[32m"2"[39m
                [33mviewBox[39m=[32m"0 0 24 24"[39m
              [36m>[39m
                [36m<path[39m
                  [33md[39m=[32m"m15 14 5-5-5-5"[39m
                [36m/>[39m
                [36m<path[39m
                  [33md[39m=[32m"M20 9H9.5A5.5 5.5 0 0 0 4 14.5 5.5 5.5 0 0 0 9.5 20H13"[39m
                [36m/>[39m
              [36m</svg>[39m
              [0mAdd to Retry[0m
            [36m</button>[39m
            [36m<button[39m
              [33mclass[39m=[32m"review-modal-button bg-red-600 text-white hover:bg-red-700"[39m
              [33mtitle[39m=[32m"Delete image permanently"[39m
            [36m>[39m
              [36m<svg[39m
                [33mclass[39m=[32m"w-4 h-4"[39m
                [33mfill[39m=[32m"none"[39m
                [33mstroke[39m=[32m"currentColor"[39m
                [33mviewBox[39m=[32m"0 0 24 24"[39m
              [36m>[39m
                [36m<path[39m
                  [33md[39m=[32m"M19 7l-.867 12.142A2 2 0 0116.138 21H7.862a2 2 0 01-1.995-1.858L5 7m5 4v6m4-6v6m1-10V4a1 1 0 00-1-1h-4a1 1 0 00-1 1v3M4 7h16"[39m
                  [33mstroke-linecap[39m=[32m"round"[39m
                  [33mstroke-linejoin[39m=[32m"round"[39m
                  [33mstroke-width[39m=[32m"2"[39m
                [36m/>[39m
              [36m</svg>[39m
              [0mDelete[0m
            [36m</button>[39m
            [36m<button[39m
              [33maria-label[39m=[32m"Image Control Info"[39m
              [33mclass[39m=[32m"px-2 py-1 text-xs bg-white hover:bg-gray-50 border border-gray-200 text-gray-700 rounded"[39m
              [33mtitle[39m=[32m"Image Control Info"[39m
              [33mtype[39m=[32m"button"[39m
            [36m>[39m
              [0mImage Control Info[0m
            [36m</button>[39m
            [36m<div[39m
              [33mclass[39m=[32m"flex items-center space-x-1"[39m
            [36m>[39m
              [36m<button[39m
                [33maria-label[39m=[32m"Previous image"[39m
                [33mclass[39m=[32m"p-2 rounded-md text-gray-600 hover:text-gray-900 hover:bg-gray-100"[39m
              [36m>[39m
                [36m<svg[39m
                  [33mclass[39m=[32m"w-5 h-5"[39m
                  [33mfill[39m=[32m"none"[39m
                  [33mstroke[39m=[32m"currentColor"[39m
                  [33mviewBox[39m=[32m"0 0 24 24"[39m
                [36m>[39m
                  [36m<path[39m
                    [33md[39m=[32m"M15 19l-7-7 7-7"[39m
                    [33mstroke-linecap[39m=[32m"round"[39m
                    [33mstroke-linejoin[39m=[32m"round"[39m
                    [33mstroke-width[39m=[32m"2"[39m
                  [36m/>[39m
                [36m</svg>[39m
              [36m</button>[39m
              [36m<button[39m
                [33maria-label[39m=[32m"Next image"[39m
                [33mclass[39m=[32m"p-2 rounded-md text-gray-600 hover:text-gray-900 hover:bg-gray-100"[39m
              [36m>[39m
                [36m<svg[39m
                  [33mclass[39m=[32m"w-5 h-5"[39m
                  [33mfill[39m=[32m"none"[39m
           ...
   ✓ FailedImageReviewModal > Modal Rendering > does not render when isOpen is false 4ms
   × FailedImageReviewModal > Modal Rendering > renders with correct modal structure 51ms
     → Unable to find an element by: [data-testid="modal-footer"]

Ignored nodes: comments, script, style
[36m<body>[39m
  [36m<div>[39m
    [36m<div[39m
      [33mclass[39m=[32m"fixed inset-0 bg-black bg-opacity-50 flex items-center justify-center z-50 p-4 overflow-hidden"[39m
      [33mdata-testid[39m=[32m"failed-image-review-modal"[39m
    [36m>[39m
      [36m<div[39m
        [33mclass[39m=[32m"relative bg-white rounded-lg shadow-xl max-w-6xl w-full max-h-[90vh] overflow-hidden"[39m
      [36m>[39m
        [36m<div[39m
          [33mclass[39m=[32m"flex items-center justify-between p-4 border-b border-gray-200"[39m
          [33mdata-testid[39m=[32m"modal-header"[39m
        [36m>[39m
          [36m<div[39m
            [33mclass[39m=[32m"flex items-center gap-3"[39m
          [36m>[39m
            [36m<h2[39m
              [33mclass[39m=[32m"text-xl font-semibold text-gray-900"[39m
            [36m>[39m
              [0mImage Details[0m
            [36m</h2>[39m
            [36m<div[39m
              [33mclass[39m=[32m"inline-flex items-center"[39m
            [36m>[39m
              [36m<span[39m
                [33mclass[39m=[32m"inline-flex items-center gap-1 px-2 py-1 rounded-full text-sm font-medium border bg-red-100 text-red-800 border-red-200"[39m
              [36m>[39m
                [36m<svg[39m
                  [33maria-hidden[39m=[32m"true"[39m
                  [33mclass[39m=[32m"w-4 h-4"[39m
                  [33mfill[39m=[32m"none"[39m
                  [33mstroke[39m=[32m"currentColor"[39m
                  [33mviewBox[39m=[32m"0 0 24 24"[39m
                [36m>[39m
                  [36m<path[39m
                    [33md[39m=[32m"M12 9v4m0 4h.01M10.29 3.86L1.82 18a2 2 0 001.71 3h16.94a2 2 0 001.71-3L13.71 3.86a2 2 0 00-3.42 0z"[39m
                    [33mstroke-linecap[39m=[32m"round"[39m
                    [33mstroke-linejoin[39m=[32m"round"[39m
                    [33mstroke-width[39m=[32m"2"[39m
                  [36m/>[39m
                [36m</svg>[39m
                [0mQC Failed[0m
              [36m</span>[39m
            [36m</div>[39m
          [36m</div>[39m
          [36m<div[39m
            [33mclass[39m=[32m"flex items-center gap-2"[39m
          [36m>[39m
            [36m<button[39m
              [33mclass[39m=[32m"review-modal-button bg-green-600 text-white hover:bg-green-700"[39m
              [33mtitle[39m=[32m"Approve image (move to success)"[39m
            [36m>[39m
              [36m<svg[39m
                [33mclass[39m=[32m"w-4 h-4"[39m
                [33mfill[39m=[32m"none"[39m
                [33mstroke[39m=[32m"currentColor"[39m
                [33mviewBox[39m=[32m"0 0 24 24"[39m
              [36m>[39m
                [36m<path[39m
                  [33md[39m=[32m"M5 13l4 4L19 7"[39m
                  [33mstroke-linecap[39m=[32m"round"[39m
                  [33mstroke-linejoin[39m=[32m"round"[39m
                  [33mstroke-width[39m=[32m"2"[39m
                [36m/>[39m
              [36m</svg>[39m
              [0mApprove[0m
            [36m</button>[39m
            [36m<button[39m
              [33mclass[39m=[32m"review-modal-button bg-blue-600 text-white hover:bg-blue-700"[39m
              [33mtitle[39m=[32m"Add image to retry pool"[39m
            [36m>[39m
              [36m<svg[39m
                [33mclass[39m=[32m"w-4 h-4"[39m
                [33mfill[39m=[32m"none"[39m
                [33mstroke[39m=[32m"currentColor"[39m
                [33mstroke-linecap[39m=[32m"round"[39m
                [33mstroke-linejoin[39m=[32m"round"[39m
                [33mstroke-width[39m=[32m"2"[39m
                [33mviewBox[39m=[32m"0 0 24 24"[39m
              [36m>[39m
                [36m<path[39m
                  [33md[39m=[32m"m15 14 5-5-5-5"[39m
                [36m/>[39m
                [36m<path[39m
                  [33md[39m=[32m"M20 9H9.5A5.5 5.5 0 0 0 4 14.5 5.5 5.5 0 0 0 9.5 20H13"[39m
                [36m/>[39m
              [36m</svg>[39m
              [0mAdd to Retry[0m
            [36m</button>[39m
            [36m<button[39m
              [33mclass[39m=[32m"review-modal-button bg-red-600 text-white hover:bg-red-700"[39m
              [33mtitle[39m=[32m"Delete image permanently"[39m
            [36m>[39m
              [36m<svg[39m
                [33mclass[39m=[32m"w-4 h-4"[39m
                [33mfill[39m=[32m"none"[39m
                [33mstroke[39m=[32m"currentColor"[39m
                [33mviewBox[39m=[32m"0 0 24 24"[39m
              [36m>[39m
                [36m<path[39m
                  [33md[39m=[32m"M19 7l-.867 12.142A2 2 0 0116.138 21H7.862a2 2 0 01-1.995-1.858L5 7m5 4v6m4-6v6m1-10V4a1 1 0 00-1-1h-4a1 1 0 00-1 1v3M4 7h16"[39m
                  [33mstroke-linecap[39m=[32m"round"[39m
                  [33mstroke-linejoin[39m=[32m"round"[39m
                  [33mstroke-width[39m=[32m"2"[39m
                [36m/>[39m
              [36m</svg>[39m
              [0mDelete[0m
            [36m</button>[39m
            [36m<button[39m
              [33maria-label[39m=[32m"Image Control Info"[39m
              [33mclass[39m=[32m"px-2 py-1 text-xs bg-white hover:bg-gray-50 border border-gray-200 text-gray-700 rounded"[39m
              [33mtitle[39m=[32m"Image Control Info"[39m
              [33mtype[39m=[32m"button"[39m
            [36m>[39m
              [0mImage Control Info[0m
            [36m</button>[39m
            [36m<div[39m
              [33mclass[39m=[32m"flex items-center space-x-1"[39m
            [36m>[39m
              [36m<button[39m
                [33maria-label[39m=[32m"Previous image"[39m
                [33mclass[39m=[32m"p-2 rounded-md text-gray-600 hover:text-gray-900 hover:bg-gray-100"[39m
              [36m>[39m
                [36m<svg[39m
                  [33mclass[39m=[32m"w-5 h-5"[39m
                  [33mfill[39m=[32m"none"[39m
                  [33mstroke[39m=[32m"currentColor"[39m
                  [33mviewBox[39m=[32m"0 0 24 24"[39m
                [36m>[39m
                  [36m<path[39m
                    [33md[39m=[32m"M15 19l-7-7 7-7"[39m
                    [33mstroke-linecap[39m=[32m"round"[39m
                    [33mstroke-linejoin[39m=[32m"round"[39m
                    [33mstroke-width[39m=[32m"2"[39m
                  [36m/>[39m
                [36m</svg>[39m
              [36m</button>[39m
              [36m<button[39m
                [33maria-label[39m=[32m"Next image"[39m
                [33mclass[39m=[32m"p-2 rounded-md text-gray-600 hover:text-gray-900 hover:bg-gray-100"[39m
              [36m>[39m
                [36m<svg[39m
                  [33mclass[39m=[32m"w-5 h-5"[39m
                  [33mfill[39m=[32m"none"[39m
           ...
   × FailedImageReviewModal > Header Section > displays modal title 40ms
     → Unable to find an element with the text: Failed Image Review. This could be because the text is broken up by multiple elements. In this case, you can provide a function for your text matcher to make your matcher more flexible.

Ignored nodes: comments, script, style
[36m<body>[39m
  [36m<div>[39m
    [36m<div[39m
      [33mclass[39m=[32m"fixed inset-0 bg-black bg-opacity-50 flex items-center justify-center z-50 p-4 overflow-hidden"[39m
      [33mdata-testid[39m=[32m"failed-image-review-modal"[39m
    [36m>[39m
      [36m<div[39m
        [33mclass[39m=[32m"relative bg-white rounded-lg shadow-xl max-w-6xl w-full max-h-[90vh] overflow-hidden"[39m
      [36m>[39m
        [36m<div[39m
          [33mclass[39m=[32m"flex items-center justify-between p-4 border-b border-gray-200"[39m
          [33mdata-testid[39m=[32m"modal-header"[39m
        [36m>[39m
          [36m<div[39m
            [33mclass[39m=[32m"flex items-center gap-3"[39m
          [36m>[39m
            [36m<h2[39m
              [33mclass[39m=[32m"text-xl font-semibold text-gray-900"[39m
            [36m>[39m
              [0mImage Details[0m
            [36m</h2>[39m
            [36m<div[39m
              [33mclass[39m=[32m"inline-flex items-center"[39m
            [36m>[39m
              [36m<span[39m
                [33mclass[39m=[32m"inline-flex items-center gap-1 px-2 py-1 rounded-full text-sm font-medium border bg-red-100 text-red-800 border-red-200"[39m
              [36m>[39m
                [36m<svg[39m
                  [33maria-hidden[39m=[32m"true"[39m
                  [33mclass[39m=[32m"w-4 h-4"[39m
                  [33mfill[39m=[32m"none"[39m
                  [33mstroke[39m=[32m"currentColor"[39m
                  [33mviewBox[39m=[32m"0 0 24 24"[39m
                [36m>[39m
                  [36m<path[39m
                    [33md[39m=[32m"M12 9v4m0 4h.01M10.29 3.86L1.82 18a2 2 0 001.71 3h16.94a2 2 0 001.71-3L13.71 3.86a2 2 0 00-3.42 0z"[39m
                    [33mstroke-linecap[39m=[32m"round"[39m
                    [33mstroke-linejoin[39m=[32m"round"[39m
                    [33mstroke-width[39m=[32m"2"[39m
                  [36m/>[39m
                [36m</svg>[39m
                [0mQC Failed[0m
              [36m</span>[39m
            [36m</div>[39m
          [36m</div>[39m
          [36m<div[39m
            [33mclass[39m=[32m"flex items-center gap-2"[39m
          [36m>[39m
            [36m<button[39m
              [33mclass[39m=[32m"review-modal-button bg-green-600 text-white hover:bg-green-700"[39m
              [33mtitle[39m=[32m"Approve image (move to success)"[39m
            [36m>[39m
              [36m<svg[39m
                [33mclass[39m=[32m"w-4 h-4"[39m
                [33mfill[39m=[32m"none"[39m
                [33mstroke[39m=[32m"currentColor"[39m
                [33mviewBox[39m=[32m"0 0 24 24"[39m
              [36m>[39m
                [36m<path[39m
                  [33md[39m=[32m"M5 13l4 4L19 7"[39m
                  [33mstroke-linecap[39m=[32m"round"[39m
                  [33mstroke-linejoin[39m=[32m"round"[39m
                  [33mstroke-width[39m=[32m"2"[39m
                [36m/>[39m
              [36m</svg>[39m
              [0mApprove[0m
            [36m</button>[39m
            [36m<button[39m
              [33mclass[39m=[32m"review-modal-button bg-blue-600 text-white hover:bg-blue-700"[39m
              [33mtitle[39m=[32m"Add image to retry pool"[39m
            [36m>[39m
              [36m<svg[39m
                [33mclass[39m=[32m"w-4 h-4"[39m
                [33mfill[39m=[32m"none"[39m
                [33mstroke[39m=[32m"currentColor"[39m
                [33mstroke-linecap[39m=[32m"round"[39m
                [33mstroke-linejoin[39m=[32m"round"[39m
                [33mstroke-width[39m=[32m"2"[39m
                [33mviewBox[39m=[32m"0 0 24 24"[39m
              [36m>[39m
                [36m<path[39m
                  [33md[39m=[32m"m15 14 5-5-5-5"[39m
                [36m/>[39m
                [36m<path[39m
                  [33md[39m=[32m"M20 9H9.5A5.5 5.5 0 0 0 4 14.5 5.5 5.5 0 0 0 9.5 20H13"[39m
                [36m/>[39m
              [36m</svg>[39m
              [0mAdd to Retry[0m
            [36m</button>[39m
            [36m<button[39m
              [33mclass[39m=[32m"review-modal-button bg-red-600 text-white hover:bg-red-700"[39m
              [33mtitle[39m=[32m"Delete image permanently"[39m
            [36m>[39m
              [36m<svg[39m
                [33mclass[39m=[32m"w-4 h-4"[39m
                [33mfill[39m=[32m"none"[39m
                [33mstroke[39m=[32m"currentColor"[39m
                [33mviewBox[39m=[32m"0 0 24 24"[39m
              [36m>[39m
                [36m<path[39m
                  [33md[39m=[32m"M19 7l-.867 12.142A2 2 0 0116.138 21H7.862a2 2 0 01-1.995-1.858L5 7m5 4v6m4-6v6m1-10V4a1 1 0 00-1-1h-4a1 1 0 00-1 1v3M4 7h16"[39m
                  [33mstroke-linecap[39m=[32m"round"[39m
                  [33mstroke-linejoin[39m=[32m"round"[39m
                  [33mstroke-width[39m=[32m"2"[39m
                [36m/>[39m
              [36m</svg>[39m
              [0mDelete[0m
            [36m</button>[39m
            [36m<button[39m
              [33maria-label[39m=[32m"Image Control Info"[39m
              [33mclass[39m=[32m"px-2 py-1 text-xs bg-white hover:bg-gray-50 border border-gray-200 text-gray-700 rounded"[39m
              [33mtitle[39m=[32m"Image Control Info"[39m
              [33mtype[39m=[32m"button"[39m
            [36m>[39m
              [0mImage Control Info[0m
            [36m</button>[39m
            [36m<div[39m
              [33mclass[39m=[32m"flex items-center space-x-1"[39m
            [36m>[39m
              [36m<button[39m
                [33maria-label[39m=[32m"Previous image"[39m
                [33mclass[39m=[32m"p-2 rounded-md text-gray-600 hover:text-gray-900 hover:bg-gray-100"[39m
              [36m>[39m
                [36m<svg[39m
                  [33mclass[39m=[32m"w-5 h-5"[39m
                  [33mfill[39m=[32m"none"[39m
                  [33mstroke[39m=[32m"currentColor"[39m
                  [33mviewBox[39m=[32m"0 0 24 24"[39m
                [36m>[39m
                  [36m<path[39m
                    [33md[39m=[32m"M15 19l-7-7 7-7"[39m
                    [33mstroke-linecap[39m=[32m"round"[39m
                    [33mstroke-linejoin[39m=[32m"round"[39m
                    [33mstroke-width[39m=[32m"2"[39m
                  [36m/>[39m
                [36m</svg>[39m
              [36m</button>[39m
              [36m<button[39m
                [33maria-label[39m=[32m"Next image"[39m
                [33mclass[39m=[32m"p-2 rounded-md text-gray-600 hover:text-gray-900 hover:bg-gray-100"[39m
              [36m>[39m
                [36m<svg[39m
                  [33mclass[39m=[32m"w-5 h-5"[39m
                  [33mfill[39m=[32m"none"[39m
           ...
   ✓ FailedImageReviewModal > Header Section > renders close button 48ms
   ✓ FailedImageReviewModal > Header Section > calls onClose when close button is clicked 40ms
   ✓ FailedImageReviewModal > Header Section > renders escape key handler 42ms
   × FailedImageReviewModal > Image Display > renders the main image when path is available 46ms
     → Unable to find an element with the alt text: A majestic dragon soaring through storm clouds with lightning

Ignored nodes: comments, script, style
[36m<body>[39m
  [36m<div>[39m
    [36m<div[39m
      [33mclass[39m=[32m"fixed inset-0 bg-black bg-opacity-50 flex items-center justify-center z-50 p-4 overflow-hidden"[39m
      [33mdata-testid[39m=[32m"failed-image-review-modal"[39m
    [36m>[39m
      [36m<div[39m
        [33mclass[39m=[32m"relative bg-white rounded-lg shadow-xl max-w-6xl w-full max-h-[90vh] overflow-hidden"[39m
      [36m>[39m
        [36m<div[39m
          [33mclass[39m=[32m"flex items-center justify-between p-4 border-b border-gray-200"[39m
          [33mdata-testid[39m=[32m"modal-header"[39m
        [36m>[39m
          [36m<div[39m
            [33mclass[39m=[32m"flex items-center gap-3"[39m
          [36m>[39m
            [36m<h2[39m
              [33mclass[39m=[32m"text-xl font-semibold text-gray-900"[39m
            [36m>[39m
              [0mImage Details[0m
            [36m</h2>[39m
            [36m<div[39m
              [33mclass[39m=[32m"inline-flex items-center"[39m
            [36m>[39m
              [36m<span[39m
                [33mclass[39m=[32m"inline-flex items-center gap-1 px-2 py-1 rounded-full text-sm font-medium border bg-red-100 text-red-800 border-red-200"[39m
              [36m>[39m
                [36m<svg[39m
                  [33maria-hidden[39m=[32m"true"[39m
                  [33mclass[39m=[32m"w-4 h-4"[39m
                  [33mfill[39m=[32m"none"[39m
                  [33mstroke[39m=[32m"currentColor"[39m
                  [33mviewBox[39m=[32m"0 0 24 24"[39m
                [36m>[39m
                  [36m<path[39m
                    [33md[39m=[32m"M12 9v4m0 4h.01M10.29 3.86L1.82 18a2 2 0 001.71 3h16.94a2 2 0 001.71-3L13.71 3.86a2 2 0 00-3.42 0z"[39m
                    [33mstroke-linecap[39m=[32m"round"[39m
                    [33mstroke-linejoin[39m=[32m"round"[39m
                    [33mstroke-width[39m=[32m"2"[39m
                  [36m/>[39m
                [36m</svg>[39m
                [0mQC Failed[0m
              [36m</span>[39m
            [36m</div>[39m
          [36m</div>[39m
          [36m<div[39m
            [33mclass[39m=[32m"flex items-center gap-2"[39m
          [36m>[39m
            [36m<button[39m
              [33mclass[39m=[32m"review-modal-button bg-green-600 text-white hover:bg-green-700"[39m
              [33mtitle[39m=[32m"Approve image (move to success)"[39m
            [36m>[39m
              [36m<svg[39m
                [33mclass[39m=[32m"w-4 h-4"[39m
                [33mfill[39m=[32m"none"[39m
                [33mstroke[39m=[32m"currentColor"[39m
                [33mviewBox[39m=[32m"0 0 24 24"[39m
              [36m>[39m
                [36m<path[39m
                  [33md[39m=[32m"M5 13l4 4L19 7"[39m
                  [33mstroke-linecap[39m=[32m"round"[39m
                  [33mstroke-linejoin[39m=[32m"round"[39m
                  [33mstroke-width[39m=[32m"2"[39m
                [36m/>[39m
              [36m</svg>[39m
              [0mApprove[0m
            [36m</button>[39m
            [36m<button[39m
              [33mclass[39m=[32m"review-modal-button bg-blue-600 text-white hover:bg-blue-700"[39m
              [33mtitle[39m=[32m"Add image to retry pool"[39m
            [36m>[39m
              [36m<svg[39m
                [33mclass[39m=[32m"w-4 h-4"[39m
                [33mfill[39m=[32m"none"[39m
                [33mstroke[39m=[32m"currentColor"[39m
                [33mstroke-linecap[39m=[32m"round"[39m
                [33mstroke-linejoin[39m=[32m"round"[39m
                [33mstroke-width[39m=[32m"2"[39m
                [33mviewBox[39m=[32m"0 0 24 24"[39m
              [36m>[39m
                [36m<path[39m
                  [33md[39m=[32m"m15 14 5-5-5-5"[39m
                [36m/>[39m
                [36m<path[39m
                  [33md[39m=[32m"M20 9H9.5A5.5 5.5 0 0 0 4 14.5 5.5 5.5 0 0 0 9.5 20H13"[39m
                [36m/>[39m
              [36m</svg>[39m
              [0mAdd to Retry[0m
            [36m</button>[39m
            [36m<button[39m
              [33mclass[39m=[32m"review-modal-button bg-red-600 text-white hover:bg-red-700"[39m
              [33mtitle[39m=[32m"Delete image permanently"[39m
            [36m>[39m
              [36m<svg[39m
                [33mclass[39m=[32m"w-4 h-4"[39m
                [33mfill[39m=[32m"none"[39m
                [33mstroke[39m=[32m"currentColor"[39m
                [33mviewBox[39m=[32m"0 0 24 24"[39m
              [36m>[39m
                [36m<path[39m
                  [33md[39m=[32m"M19 7l-.867 12.142A2 2 0 0116.138 21H7.862a2 2 0 01-1.995-1.858L5 7m5 4v6m4-6v6m1-10V4a1 1 0 00-1-1h-4a1 1 0 00-1 1v3M4 7h16"[39m
                  [33mstroke-linecap[39m=[32m"round"[39m
                  [33mstroke-linejoin[39m=[32m"round"[39m
                  [33mstroke-width[39m=[32m"2"[39m
                [36m/>[39m
              [36m</svg>[39m
              [0mDelete[0m
            [36m</button>[39m
            [36m<button[39m
              [33maria-label[39m=[32m"Image Control Info"[39m
              [33mclass[39m=[32m"px-2 py-1 text-xs bg-white hover:bg-gray-50 border border-gray-200 text-gray-700 rounded"[39m
              [33mtitle[39m=[32m"Image Control Info"[39m
              [33mtype[39m=[32m"button"[39m
            [36m>[39m
              [0mImage Control Info[0m
            [36m</button>[39m
            [36m<div[39m
              [33mclass[39m=[32m"flex items-center space-x-1"[39m
            [36m>[39m
              [36m<button[39m
                [33maria-label[39m=[32m"Previous image"[39m
                [33mclass[39m=[32m"p-2 rounded-md text-gray-600 hover:text-gray-900 hover:bg-gray-100"[39m
              [36m>[39m
                [36m<svg[39m
                  [33mclass[39m=[32m"w-5 h-5"[39m
                  [33mfill[39m=[32m"none"[39m
                  [33mstroke[39m=[32m"currentColor"[39m
                  [33mviewBox[39m=[32m"0 0 24 24"[39m
                [36m>[39m
                  [36m<path[39m
                    [33md[39m=[32m"M15 19l-7-7 7-7"[39m
                    [33mstroke-linecap[39m=[32m"round"[39m
                    [33mstroke-linejoin[39m=[32m"round"[39m
                    [33mstroke-width[39m=[32m"2"[39m
                  [36m/>[39m
                [36m</svg>[39m
              [36m</button>[39m
              [36m<button[39m
                [33maria-label[39m=[32m"Next image"[39m
                [33mclass[39m=[32m"p-2 rounded-md text-gray-600 hover:text-gray-900 hover:bg-gray-100"[39m
              [36m>[39m
                [36m<svg[39m
                  [33mclass[39m=[32m"w-5 h-5"[39m
                  [33mfill[39m=[32m"none"[39m
           ...
   ✓ FailedImageReviewModal > Image Display > shows fallback when no image path 30ms
   × FailedImageReviewModal > Image Display > handles image load errors gracefully 36ms
     → Unable to find an element with the alt text: A majestic dragon soaring through storm clouds with lightning

Ignored nodes: comments, script, style
[36m<body>[39m
  [36m<div>[39m
    [36m<div[39m
      [33mclass[39m=[32m"fixed inset-0 bg-black bg-opacity-50 flex items-center justify-center z-50 p-4 overflow-hidden"[39m
      [33mdata-testid[39m=[32m"failed-image-review-modal"[39m
    [36m>[39m
      [36m<div[39m
        [33mclass[39m=[32m"relative bg-white rounded-lg shadow-xl max-w-6xl w-full max-h-[90vh] overflow-hidden"[39m
      [36m>[39m
        [36m<div[39m
          [33mclass[39m=[32m"flex items-center justify-between p-4 border-b border-gray-200"[39m
          [33mdata-testid[39m=[32m"modal-header"[39m
        [36m>[39m
          [36m<div[39m
            [33mclass[39m=[32m"flex items-center gap-3"[39m
          [36m>[39m
            [36m<h2[39m
              [33mclass[39m=[32m"text-xl font-semibold text-gray-900"[39m
            [36m>[39m
              [0mImage Details[0m
            [36m</h2>[39m
            [36m<div[39m
              [33mclass[39m=[32m"inline-flex items-center"[39m
            [36m>[39m
              [36m<span[39m
                [33mclass[39m=[32m"inline-flex items-center gap-1 px-2 py-1 rounded-full text-sm font-medium border bg-red-100 text-red-800 border-red-200"[39m
              [36m>[39m
                [36m<svg[39m
                  [33maria-hidden[39m=[32m"true"[39m
                  [33mclass[39m=[32m"w-4 h-4"[39m
                  [33mfill[39m=[32m"none"[39m
                  [33mstroke[39m=[32m"currentColor"[39m
                  [33mviewBox[39m=[32m"0 0 24 24"[39m
                [36m>[39m
                  [36m<path[39m
                    [33md[39m=[32m"M12 9v4m0 4h.01M10.29 3.86L1.82 18a2 2 0 001.71 3h16.94a2 2 0 001.71-3L13.71 3.86a2 2 0 00-3.42 0z"[39m
                    [33mstroke-linecap[39m=[32m"round"[39m
                    [33mstroke-linejoin[39m=[32m"round"[39m
                    [33mstroke-width[39m=[32m"2"[39m
                  [36m/>[39m
                [36m</svg>[39m
                [0mQC Failed[0m
              [36m</span>[39m
            [36m</div>[39m
          [36m</div>[39m
          [36m<div[39m
            [33mclass[39m=[32m"flex items-center gap-2"[39m
          [36m>[39m
            [36m<button[39m
              [33mclass[39m=[32m"review-modal-button bg-green-600 text-white hover:bg-green-700"[39m
              [33mtitle[39m=[32m"Approve image (move to success)"[39m
            [36m>[39m
              [36m<svg[39m
                [33mclass[39m=[32m"w-4 h-4"[39m
                [33mfill[39m=[32m"none"[39m
                [33mstroke[39m=[32m"currentColor"[39m
                [33mviewBox[39m=[32m"0 0 24 24"[39m
              [36m>[39m
                [36m<path[39m
                  [33md[39m=[32m"M5 13l4 4L19 7"[39m
                  [33mstroke-linecap[39m=[32m"round"[39m
                  [33mstroke-linejoin[39m=[32m"round"[39m
                  [33mstroke-width[39m=[32m"2"[39m
                [36m/>[39m
              [36m</svg>[39m
              [0mApprove[0m
            [36m</button>[39m
            [36m<button[39m
              [33mclass[39m=[32m"review-modal-button bg-blue-600 text-white hover:bg-blue-700"[39m
              [33mtitle[39m=[32m"Add image to retry pool"[39m
            [36m>[39m
              [36m<svg[39m
                [33mclass[39m=[32m"w-4 h-4"[39m
                [33mfill[39m=[32m"none"[39m
                [33mstroke[39m=[32m"currentColor"[39m
                [33mstroke-linecap[39m=[32m"round"[39m
                [33mstroke-linejoin[39m=[32m"round"[39m
                [33mstroke-width[39m=[32m"2"[39m
                [33mviewBox[39m=[32m"0 0 24 24"[39m
              [36m>[39m
                [36m<path[39m
                  [33md[39m=[32m"m15 14 5-5-5-5"[39m
                [36m/>[39m
                [36m<path[39m
                  [33md[39m=[32m"M20 9H9.5A5.5 5.5 0 0 0 4 14.5 5.5 5.5 0 0 0 9.5 20H13"[39m
                [36m/>[39m
              [36m</svg>[39m
              [0mAdd to Retry[0m
            [36m</button>[39m
            [36m<button[39m
              [33mclass[39m=[32m"review-modal-button bg-red-600 text-white hover:bg-red-700"[39m
              [33mtitle[39m=[32m"Delete image permanently"[39m
            [36m>[39m
              [36m<svg[39m
                [33mclass[39m=[32m"w-4 h-4"[39m
                [33mfill[39m=[32m"none"[39m
                [33mstroke[39m=[32m"currentColor"[39m
                [33mviewBox[39m=[32m"0 0 24 24"[39m
              [36m>[39m
                [36m<path[39m
                  [33md[39m=[32m"M19 7l-.867 12.142A2 2 0 0116.138 21H7.862a2 2 0 01-1.995-1.858L5 7m5 4v6m4-6v6m1-10V4a1 1 0 00-1-1h-4a1 1 0 00-1 1v3M4 7h16"[39m
                  [33mstroke-linecap[39m=[32m"round"[39m
                  [33mstroke-linejoin[39m=[32m"round"[39m
                  [33mstroke-width[39m=[32m"2"[39m
                [36m/>[39m
              [36m</svg>[39m
              [0mDelete[0m
            [36m</button>[39m
            [36m<button[39m
              [33maria-label[39m=[32m"Image Control Info"[39m
              [33mclass[39m=[32m"px-2 py-1 text-xs bg-white hover:bg-gray-50 border border-gray-200 text-gray-700 rounded"[39m
              [33mtitle[39m=[32m"Image Control Info"[39m
              [33mtype[39m=[32m"button"[39m
            [36m>[39m
              [0mImage Control Info[0m
            [36m</button>[39m
            [36m<div[39m
              [33mclass[39m=[32m"flex items-center space-x-1"[39m
            [36m>[39m
              [36m<button[39m
                [33maria-label[39m=[32m"Previous image"[39m
                [33mclass[39m=[32m"p-2 rounded-md text-gray-600 hover:text-gray-900 hover:bg-gray-100"[39m
              [36m>[39m
                [36m<svg[39m
                  [33mclass[39m=[32m"w-5 h-5"[39m
                  [33mfill[39m=[32m"none"[39m
                  [33mstroke[39m=[32m"currentColor"[39m
                  [33mviewBox[39m=[32m"0 0 24 24"[39m
                [36m>[39m
                  [36m<path[39m
                    [33md[39m=[32m"M15 19l-7-7 7-7"[39m
                    [33mstroke-linecap[39m=[32m"round"[39m
                    [33mstroke-linejoin[39m=[32m"round"[39m
                    [33mstroke-width[39m=[32m"2"[39m
                  [36m/>[39m
                [36m</svg>[39m
              [36m</button>[39m
              [36m<button[39m
                [33maria-label[39m=[32m"Next image"[39m
                [33mclass[39m=[32m"p-2 rounded-md text-gray-600 hover:text-gray-900 hover:bg-gray-100"[39m
              [36m>[39m
                [36m<svg[39m
                  [33mclass[39m=[32m"w-5 h-5"[39m
                  [33mfill[39m=[32m"none"[39m
           ...
   ✓ FailedImageReviewModal > Image Display > maintains aspect ratio for image container 33ms
   ✓ FailedImageReviewModal > Failure Analysis Section > displays failure reason prominently 35ms
   ✓ FailedImageReviewModal > Failure Analysis Section > shows failure icon and status 29ms
   ✓ FailedImageReviewModal > Failure Analysis Section > handles missing failure reason gracefully 24ms
   ✓ FailedImageReviewModal > Generation Details Section > displays generation prompt 33ms
   × FailedImageReviewModal > Generation Details Section > shows seed value 39ms
     → Unable to find an element with the text: Seed. This could be because the text is broken up by multiple elements. In this case, you can provide a function for your text matcher to make your matcher more flexible.

Ignored nodes: comments, script, style
[36m<body>[39m
  [36m<div>[39m
    [36m<div[39m
      [33mclass[39m=[32m"fixed inset-0 bg-black bg-opacity-50 flex items-center justify-center z-50 p-4 overflow-hidden"[39m
      [33mdata-testid[39m=[32m"failed-image-review-modal"[39m
    [36m>[39m
      [36m<div[39m
        [33mclass[39m=[32m"relative bg-white rounded-lg shadow-xl max-w-6xl w-full max-h-[90vh] overflow-hidden"[39m
      [36m>[39m
        [36m<div[39m
          [33mclass[39m=[32m"flex items-center justify-between p-4 border-b border-gray-200"[39m
          [33mdata-testid[39m=[32m"modal-header"[39m
        [36m>[39m
          [36m<div[39m
            [33mclass[39m=[32m"flex items-center gap-3"[39m
          [36m>[39m
            [36m<h2[39m
              [33mclass[39m=[32m"text-xl font-semibold text-gray-900"[39m
            [36m>[39m
              [0mImage Details[0m
            [36m</h2>[39m
            [36m<div[39m
              [33mclass[39m=[32m"inline-flex items-center"[39m
            [36m>[39m
              [36m<span[39m
                [33mclass[39m=[32m"inline-flex items-center gap-1 px-2 py-1 rounded-full text-sm font-medium border bg-red-100 text-red-800 border-red-200"[39m
              [36m>[39m
                [36m<svg[39m
                  [33maria-hidden[39m=[32m"true"[39m
                  [33mclass[39m=[32m"w-4 h-4"[39m
                  [33mfill[39m=[32m"none"[39m
                  [33mstroke[39m=[32m"currentColor"[39m
                  [33mviewBox[39m=[32m"0 0 24 24"[39m
                [36m>[39m
                  [36m<path[39m
                    [33md[39m=[32m"M12 9v4m0 4h.01M10.29 3.86L1.82 18a2 2 0 001.71 3h16.94a2 2 0 001.71-3L13.71 3.86a2 2 0 00-3.42 0z"[39m
                    [33mstroke-linecap[39m=[32m"round"[39m
                    [33mstroke-linejoin[39m=[32m"round"[39m
                    [33mstroke-width[39m=[32m"2"[39m
                  [36m/>[39m
                [36m</svg>[39m
                [0mQC Failed[0m
              [36m</span>[39m
            [36m</div>[39m
          [36m</div>[39m
          [36m<div[39m
            [33mclass[39m=[32m"flex items-center gap-2"[39m
          [36m>[39m
            [36m<button[39m
              [33mclass[39m=[32m"review-modal-button bg-green-600 text-white hover:bg-green-700"[39m
              [33mtitle[39m=[32m"Approve image (move to success)"[39m
            [36m>[39m
              [36m<svg[39m
                [33mclass[39m=[32m"w-4 h-4"[39m
                [33mfill[39m=[32m"none"[39m
                [33mstroke[39m=[32m"currentColor"[39m
                [33mviewBox[39m=[32m"0 0 24 24"[39m
              [36m>[39m
                [36m<path[39m
                  [33md[39m=[32m"M5 13l4 4L19 7"[39m
                  [33mstroke-linecap[39m=[32m"round"[39m
                  [33mstroke-linejoin[39m=[32m"round"[39m
                  [33mstroke-width[39m=[32m"2"[39m
                [36m/>[39m
              [36m</svg>[39m
              [0mApprove[0m
            [36m</button>[39m
            [36m<button[39m
              [33mclass[39m=[32m"review-modal-button bg-blue-600 text-white hover:bg-blue-700"[39m
              [33mtitle[39m=[32m"Add image to retry pool"[39m
            [36m>[39m
              [36m<svg[39m
                [33mclass[39m=[32m"w-4 h-4"[39m
                [33mfill[39m=[32m"none"[39m
                [33mstroke[39m=[32m"currentColor"[39m
                [33mstroke-linecap[39m=[32m"round"[39m
                [33mstroke-linejoin[39m=[32m"round"[39m
                [33mstroke-width[39m=[32m"2"[39m
                [33mviewBox[39m=[32m"0 0 24 24"[39m
              [36m>[39m
                [36m<path[39m
                  [33md[39m=[32m"m15 14 5-5-5-5"[39m
                [36m/>[39m
                [36m<path[39m
                  [33md[39m=[32m"M20 9H9.5A5.5 5.5 0 0 0 4 14.5 5.5 5.5 0 0 0 9.5 20H13"[39m
                [36m/>[39m
              [36m</svg>[39m
              [0mAdd to Retry[0m
            [36m</button>[39m
            [36m<button[39m
              [33mclass[39m=[32m"review-modal-button bg-red-600 text-white hover:bg-red-700"[39m
              [33mtitle[39m=[32m"Delete image permanently"[39m
            [36m>[39m
              [36m<svg[39m
                [33mclass[39m=[32m"w-4 h-4"[39m
                [33mfill[39m=[32m"none"[39m
                [33mstroke[39m=[32m"currentColor"[39m
                [33mviewBox[39m=[32m"0 0 24 24"[39m
              [36m>[39m
                [36m<path[39m
                  [33md[39m=[32m"M19 7l-.867 12.142A2 2 0 0116.138 21H7.862a2 2 0 01-1.995-1.858L5 7m5 4v6m4-6v6m1-10V4a1 1 0 00-1-1h-4a1 1 0 00-1 1v3M4 7h16"[39m
                  [33mstroke-linecap[39m=[32m"round"[39m
                  [33mstroke-linejoin[39m=[32m"round"[39m
                  [33mstroke-width[39m=[32m"2"[39m
                [36m/>[39m
              [36m</svg>[39m
              [0mDelete[0m
            [36m</button>[39m
            [36m<button[39m
              [33maria-label[39m=[32m"Image Control Info"[39m
              [33mclass[39m=[32m"px-2 py-1 text-xs bg-white hover:bg-gray-50 border border-gray-200 text-gray-700 rounded"[39m
              [33mtitle[39m=[32m"Image Control Info"[39m
              [33mtype[39m=[32m"button"[39m
            [36m>[39m
              [0mImage Control Info[0m
            [36m</button>[39m
            [36m<div[39m
              [33mclass[39m=[32m"flex items-center space-x-1"[39m
            [36m>[39m
              [36m<button[39m
                [33maria-label[39m=[32m"Previous image"[39m
                [33mclass[39m=[32m"p-2 rounded-md text-gray-600 hover:text-gray-900 hover:bg-gray-100"[39m
              [36m>[39m
                [36m<svg[39m
                  [33mclass[39m=[32m"w-5 h-5"[39m
                  [33mfill[39m=[32m"none"[39m
                  [33mstroke[39m=[32m"currentColor"[39m
                  [33mviewBox[39m=[32m"0 0 24 24"[39m
                [36m>[39m
                  [36m<path[39m
                    [33md[39m=[32m"M15 19l-7-7 7-7"[39m
                    [33mstroke-linecap[39m=[32m"round"[39m
                    [33mstroke-linejoin[39m=[32m"round"[39m
                    [33mstroke-width[39m=[32m"2"[39m
                  [36m/>[39m
                [36m</svg>[39m
              [36m</button>[39m
              [36m<button[39m
                [33maria-label[39m=[32m"Next image"[39m
                [33mclass[39m=[32m"p-2 rounded-md text-gray-600 hover:text-gray-900 hover:bg-gray-100"[39m
              [36m>[39m
                [36m<svg[39m
                  [33mclass[39m=[32m"w-5 h-5"[39m
                  [33mfill[39m=[32m"none"[39m
           ...
   × FailedImageReviewModal > Generation Details Section > displays creation date 35ms
     → Unable to find an element with the text: Created. This could be because the text is broken up by multiple elements. In this case, you can provide a function for your text matcher to make your matcher more flexible.

Ignored nodes: comments, script, style
[36m<body>[39m
  [36m<div>[39m
    [36m<div[39m
      [33mclass[39m=[32m"fixed inset-0 bg-black bg-opacity-50 flex items-center justify-center z-50 p-4 overflow-hidden"[39m
      [33mdata-testid[39m=[32m"failed-image-review-modal"[39m
    [36m>[39m
      [36m<div[39m
        [33mclass[39m=[32m"relative bg-white rounded-lg shadow-xl max-w-6xl w-full max-h-[90vh] overflow-hidden"[39m
      [36m>[39m
        [36m<div[39m
          [33mclass[39m=[32m"flex items-center justify-between p-4 border-b border-gray-200"[39m
          [33mdata-testid[39m=[32m"modal-header"[39m
        [36m>[39m
          [36m<div[39m
            [33mclass[39m=[32m"flex items-center gap-3"[39m
          [36m>[39m
            [36m<h2[39m
              [33mclass[39m=[32m"text-xl font-semibold text-gray-900"[39m
            [36m>[39m
              [0mImage Details[0m
            [36m</h2>[39m
            [36m<div[39m
              [33mclass[39m=[32m"inline-flex items-center"[39m
            [36m>[39m
              [36m<span[39m
                [33mclass[39m=[32m"inline-flex items-center gap-1 px-2 py-1 rounded-full text-sm font-medium border bg-red-100 text-red-800 border-red-200"[39m
              [36m>[39m
                [36m<svg[39m
                  [33maria-hidden[39m=[32m"true"[39m
                  [33mclass[39m=[32m"w-4 h-4"[39m
                  [33mfill[39m=[32m"none"[39m
                  [33mstroke[39m=[32m"currentColor"[39m
                  [33mviewBox[39m=[32m"0 0 24 24"[39m
                [36m>[39m
                  [36m<path[39m
                    [33md[39m=[32m"M12 9v4m0 4h.01M10.29 3.86L1.82 18a2 2 0 001.71 3h16.94a2 2 0 001.71-3L13.71 3.86a2 2 0 00-3.42 0z"[39m
                    [33mstroke-linecap[39m=[32m"round"[39m
                    [33mstroke-linejoin[39m=[32m"round"[39m
                    [33mstroke-width[39m=[32m"2"[39m
                  [36m/>[39m
                [36m</svg>[39m
                [0mQC Failed[0m
              [36m</span>[39m
            [36m</div>[39m
          [36m</div>[39m
          [36m<div[39m
            [33mclass[39m=[32m"flex items-center gap-2"[39m
          [36m>[39m
            [36m<button[39m
              [33mclass[39m=[32m"review-modal-button bg-green-600 text-white hover:bg-green-700"[39m
              [33mtitle[39m=[32m"Approve image (move to success)"[39m
            [36m>[39m
              [36m<svg[39m
                [33mclass[39m=[32m"w-4 h-4"[39m
                [33mfill[39m=[32m"none"[39m
                [33mstroke[39m=[32m"currentColor"[39m
                [33mviewBox[39m=[32m"0 0 24 24"[39m
              [36m>[39m
                [36m<path[39m
                  [33md[39m=[32m"M5 13l4 4L19 7"[39m
                  [33mstroke-linecap[39m=[32m"round"[39m
                  [33mstroke-linejoin[39m=[32m"round"[39m
                  [33mstroke-width[39m=[32m"2"[39m
                [36m/>[39m
              [36m</svg>[39m
              [0mApprove[0m
            [36m</button>[39m
            [36m<button[39m
              [33mclass[39m=[32m"review-modal-button bg-blue-600 text-white hover:bg-blue-700"[39m
              [33mtitle[39m=[32m"Add image to retry pool"[39m
            [36m>[39m
              [36m<svg[39m
                [33mclass[39m=[32m"w-4 h-4"[39m
                [33mfill[39m=[32m"none"[39m
                [33mstroke[39m=[32m"currentColor"[39m
                [33mstroke-linecap[39m=[32m"round"[39m
                [33mstroke-linejoin[39m=[32m"round"[39m
                [33mstroke-width[39m=[32m"2"[39m
                [33mviewBox[39m=[32m"0 0 24 24"[39m
              [36m>[39m
                [36m<path[39m
                  [33md[39m=[32m"m15 14 5-5-5-5"[39m
                [36m/>[39m
                [36m<path[39m
                  [33md[39m=[32m"M20 9H9.5A5.5 5.5 0 0 0 4 14.5 5.5 5.5 0 0 0 9.5 20H13"[39m
                [36m/>[39m
              [36m</svg>[39m
              [0mAdd to Retry[0m
            [36m</button>[39m
            [36m<button[39m
              [33mclass[39m=[32m"review-modal-button bg-red-600 text-white hover:bg-red-700"[39m
              [33mtitle[39m=[32m"Delete image permanently"[39m
            [36m>[39m
              [36m<svg[39m
                [33mclass[39m=[32m"w-4 h-4"[39m
                [33mfill[39m=[32m"none"[39m
                [33mstroke[39m=[32m"currentColor"[39m
                [33mviewBox[39m=[32m"0 0 24 24"[39m
              [36m>[39m
                [36m<path[39m
                  [33md[39m=[32m"M19 7l-.867 12.142A2 2 0 0116.138 21H7.862a2 2 0 01-1.995-1.858L5 7m5 4v6m4-6v6m1-10V4a1 1 0 00-1-1h-4a1 1 0 00-1 1v3M4 7h16"[39m
                  [33mstroke-linecap[39m=[32m"round"[39m
                  [33mstroke-linejoin[39m=[32m"round"[39m
                  [33mstroke-width[39m=[32m"2"[39m
                [36m/>[39m
              [36m</svg>[39m
              [0mDelete[0m
            [36m</button>[39m
            [36m<button[39m
              [33maria-label[39m=[32m"Image Control Info"[39m
              [33mclass[39m=[32m"px-2 py-1 text-xs bg-white hover:bg-gray-50 border border-gray-200 text-gray-700 rounded"[39m
              [33mtitle[39m=[32m"Image Control Info"[39m
              [33mtype[39m=[32m"button"[39m
            [36m>[39m
              [0mImage Control Info[0m
            [36m</button>[39m
            [36m<div[39m
              [33mclass[39m=[32m"flex items-center space-x-1"[39m
            [36m>[39m
              [36m<button[39m
                [33maria-label[39m=[32m"Previous image"[39m
                [33mclass[39m=[32m"p-2 rounded-md text-gray-600 hover:text-gray-900 hover:bg-gray-100"[39m
              [36m>[39m
                [36m<svg[39m
                  [33mclass[39m=[32m"w-5 h-5"[39m
                  [33mfill[39m=[32m"none"[39m
                  [33mstroke[39m=[32m"currentColor"[39m
                  [33mviewBox[39m=[32m"0 0 24 24"[39m
                [36m>[39m
                  [36m<path[39m
                    [33md[39m=[32m"M15 19l-7-7 7-7"[39m
                    [33mstroke-linecap[39m=[32m"round"[39m
                    [33mstroke-linejoin[39m=[32m"round"[39m
                    [33mstroke-width[39m=[32m"2"[39m
                  [36m/>[39m
                [36m</svg>[39m
              [36m</button>[39m
              [36m<button[39m
                [33maria-label[39m=[32m"Next image"[39m
                [33mclass[39m=[32m"p-2 rounded-md text-gray-600 hover:text-gray-900 hover:bg-gray-100"[39m
              [36m>[39m
                [36m<svg[39m
                  [33mclass[39m=[32m"w-5 h-5"[39m
                  [33mfill[39m=[32m"none"[39m
           ...
   × FailedImageReviewModal > Generation Details Section > shows job execution ID 30ms
     → Unable to find an element with the text: Job ID. This could be because the text is broken up by multiple elements. In this case, you can provide a function for your text matcher to make your matcher more flexible.

Ignored nodes: comments, script, style
[36m<body>[39m
  [36m<div>[39m
    [36m<div[39m
      [33mclass[39m=[32m"fixed inset-0 bg-black bg-opacity-50 flex items-center justify-center z-50 p-4 overflow-hidden"[39m
      [33mdata-testid[39m=[32m"failed-image-review-modal"[39m
    [36m>[39m
      [36m<div[39m
        [33mclass[39m=[32m"relative bg-white rounded-lg shadow-xl max-w-6xl w-full max-h-[90vh] overflow-hidden"[39m
      [36m>[39m
        [36m<div[39m
          [33mclass[39m=[32m"flex items-center justify-between p-4 border-b border-gray-200"[39m
          [33mdata-testid[39m=[32m"modal-header"[39m
        [36m>[39m
          [36m<div[39m
            [33mclass[39m=[32m"flex items-center gap-3"[39m
          [36m>[39m
            [36m<h2[39m
              [33mclass[39m=[32m"text-xl font-semibold text-gray-900"[39m
            [36m>[39m
              [0mImage Details[0m
            [36m</h2>[39m
            [36m<div[39m
              [33mclass[39m=[32m"inline-flex items-center"[39m
            [36m>[39m
              [36m<span[39m
                [33mclass[39m=[32m"inline-flex items-center gap-1 px-2 py-1 rounded-full text-sm font-medium border bg-red-100 text-red-800 border-red-200"[39m
              [36m>[39m
                [36m<svg[39m
                  [33maria-hidden[39m=[32m"true"[39m
                  [33mclass[39m=[32m"w-4 h-4"[39m
                  [33mfill[39m=[32m"none"[39m
                  [33mstroke[39m=[32m"currentColor"[39m
                  [33mviewBox[39m=[32m"0 0 24 24"[39m
                [36m>[39m
                  [36m<path[39m
                    [33md[39m=[32m"M12 9v4m0 4h.01M10.29 3.86L1.82 18a2 2 0 001.71 3h16.94a2 2 0 001.71-3L13.71 3.86a2 2 0 00-3.42 0z"[39m
                    [33mstroke-linecap[39m=[32m"round"[39m
                    [33mstroke-linejoin[39m=[32m"round"[39m
                    [33mstroke-width[39m=[32m"2"[39m
                  [36m/>[39m
                [36m</svg>[39m
                [0mQC Failed[0m
              [36m</span>[39m
            [36m</div>[39m
          [36m</div>[39m
          [36m<div[39m
            [33mclass[39m=[32m"flex items-center gap-2"[39m
          [36m>[39m
            [36m<button[39m
              [33mclass[39m=[32m"review-modal-button bg-green-600 text-white hover:bg-green-700"[39m
              [33mtitle[39m=[32m"Approve image (move to success)"[39m
            [36m>[39m
              [36m<svg[39m
                [33mclass[39m=[32m"w-4 h-4"[39m
                [33mfill[39m=[32m"none"[39m
                [33mstroke[39m=[32m"currentColor"[39m
                [33mviewBox[39m=[32m"0 0 24 24"[39m
              [36m>[39m
                [36m<path[39m
                  [33md[39m=[32m"M5 13l4 4L19 7"[39m
                  [33mstroke-linecap[39m=[32m"round"[39m
                  [33mstroke-linejoin[39m=[32m"round"[39m
                  [33mstroke-width[39m=[32m"2"[39m
                [36m/>[39m
              [36m</svg>[39m
              [0mApprove[0m
            [36m</button>[39m
            [36m<button[39m
              [33mclass[39m=[32m"review-modal-button bg-blue-600 text-white hover:bg-blue-700"[39m
              [33mtitle[39m=[32m"Add image to retry pool"[39m
            [36m>[39m
              [36m<svg[39m
                [33mclass[39m=[32m"w-4 h-4"[39m
                [33mfill[39m=[32m"none"[39m
                [33mstroke[39m=[32m"currentColor"[39m
                [33mstroke-linecap[39m=[32m"round"[39m
                [33mstroke-linejoin[39m=[32m"round"[39m
                [33mstroke-width[39m=[32m"2"[39m
                [33mviewBox[39m=[32m"0 0 24 24"[39m
              [36m>[39m
                [36m<path[39m
                  [33md[39m=[32m"m15 14 5-5-5-5"[39m
                [36m/>[39m
                [36m<path[39m
                  [33md[39m=[32m"M20 9H9.5A5.5 5.5 0 0 0 4 14.5 5.5 5.5 0 0 0 9.5 20H13"[39m
                [36m/>[39m
              [36m</svg>[39m
              [0mAdd to Retry[0m
            [36m</button>[39m
            [36m<button[39m
              [33mclass[39m=[32m"review-modal-button bg-red-600 text-white hover:bg-red-700"[39m
              [33mtitle[39m=[32m"Delete image permanently"[39m
            [36m>[39m
              [36m<svg[39m
                [33mclass[39m=[32m"w-4 h-4"[39m
                [33mfill[39m=[32m"none"[39m
                [33mstroke[39m=[32m"currentColor"[39m
                [33mviewBox[39m=[32m"0 0 24 24"[39m
              [36m>[39m
                [36m<path[39m
                  [33md[39m=[32m"M19 7l-.867 12.142A2 2 0 0116.138 21H7.862a2 2 0 01-1.995-1.858L5 7m5 4v6m4-6v6m1-10V4a1 1 0 00-1-1h-4a1 1 0 00-1 1v3M4 7h16"[39m
                  [33mstroke-linecap[39m=[32m"round"[39m
                  [33mstroke-linejoin[39m=[32m"round"[39m
                  [33mstroke-width[39m=[32m"2"[39m
                [36m/>[39m
              [36m</svg>[39m
              [0mDelete[0m
            [36m</button>[39m
            [36m<button[39m
              [33maria-label[39m=[32m"Image Control Info"[39m
              [33mclass[39m=[32m"px-2 py-1 text-xs bg-white hover:bg-gray-50 border border-gray-200 text-gray-700 rounded"[39m
              [33mtitle[39m=[32m"Image Control Info"[39m
              [33mtype[39m=[32m"button"[39m
            [36m>[39m
              [0mImage Control Info[0m
            [36m</button>[39m
            [36m<div[39m
              [33mclass[39m=[32m"flex items-center space-x-1"[39m
            [36m>[39m
              [36m<button[39m
                [33maria-label[39m=[32m"Previous image"[39m
                [33mclass[39m=[32m"p-2 rounded-md text-gray-600 hover:text-gray-900 hover:bg-gray-100"[39m
              [36m>[39m
                [36m<svg[39m
                  [33mclass[39m=[32m"w-5 h-5"[39m
                  [33mfill[39m=[32m"none"[39m
                  [33mstroke[39m=[32m"currentColor"[39m
                  [33mviewBox[39m=[32m"0 0 24 24"[39m
                [36m>[39m
                  [36m<path[39m
                    [33md[39m=[32m"M15 19l-7-7 7-7"[39m
                    [33mstroke-linecap[39m=[32m"round"[39m
                    [33mstroke-linejoin[39m=[32m"round"[39m
                    [33mstroke-width[39m=[32m"2"[39m
                  [36m/>[39m
                [36m</svg>[39m
              [36m</button>[39m
              [36m<button[39m
                [33maria-label[39m=[32m"Next image"[39m
                [33mclass[39m=[32m"p-2 rounded-md text-gray-600 hover:text-gray-900 hover:bg-gray-100"[39m
              [36m>[39m
                [36m<svg[39m
                  [33mclass[39m=[32m"w-5 h-5"[39m
                  [33mfill[39m=[32m"none"[39m
           ...
   × FailedImageReviewModal > AI Metadata Section > displays metadata title 54ms
     → Unable to find an element with the text: AI Generated Metadata. This could be because the text is broken up by multiple elements. In this case, you can provide a function for your text matcher to make your matcher more flexible.

Ignored nodes: comments, script, style
[36m<body>[39m
  [36m<div>[39m
    [36m<div[39m
      [33mclass[39m=[32m"fixed inset-0 bg-black bg-opacity-50 flex items-center justify-center z-50 p-4 overflow-hidden"[39m
      [33mdata-testid[39m=[32m"failed-image-review-modal"[39m
    [36m>[39m
      [36m<div[39m
        [33mclass[39m=[32m"relative bg-white rounded-lg shadow-xl max-w-6xl w-full max-h-[90vh] overflow-hidden"[39m
      [36m>[39m
        [36m<div[39m
          [33mclass[39m=[32m"flex items-center justify-between p-4 border-b border-gray-200"[39m
          [33mdata-testid[39m=[32m"modal-header"[39m
        [36m>[39m
          [36m<div[39m
            [33mclass[39m=[32m"flex items-center gap-3"[39m
          [36m>[39m
            [36m<h2[39m
              [33mclass[39m=[32m"text-xl font-semibold text-gray-900"[39m
            [36m>[39m
              [0mImage Details[0m
            [36m</h2>[39m
            [36m<div[39m
              [33mclass[39m=[32m"inline-flex items-center"[39m
            [36m>[39m
              [36m<span[39m
                [33mclass[39m=[32m"inline-flex items-center gap-1 px-2 py-1 rounded-full text-sm font-medium border bg-red-100 text-red-800 border-red-200"[39m
              [36m>[39m
                [36m<svg[39m
                  [33maria-hidden[39m=[32m"true"[39m
                  [33mclass[39m=[32m"w-4 h-4"[39m
                  [33mfill[39m=[32m"none"[39m
                  [33mstroke[39m=[32m"currentColor"[39m
                  [33mviewBox[39m=[32m"0 0 24 24"[39m
                [36m>[39m
                  [36m<path[39m
                    [33md[39m=[32m"M12 9v4m0 4h.01M10.29 3.86L1.82 18a2 2 0 001.71 3h16.94a2 2 0 001.71-3L13.71 3.86a2 2 0 00-3.42 0z"[39m
                    [33mstroke-linecap[39m=[32m"round"[39m
                    [33mstroke-linejoin[39m=[32m"round"[39m
                    [33mstroke-width[39m=[32m"2"[39m
                  [36m/>[39m
                [36m</svg>[39m
                [0mQC Failed[0m
              [36m</span>[39m
            [36m</div>[39m
          [36m</div>[39m
          [36m<div[39m
            [33mclass[39m=[32m"flex items-center gap-2"[39m
          [36m>[39m
            [36m<button[39m
              [33mclass[39m=[32m"review-modal-button bg-green-600 text-white hover:bg-green-700"[39m
              [33mtitle[39m=[32m"Approve image (move to success)"[39m
            [36m>[39m
              [36m<svg[39m
                [33mclass[39m=[32m"w-4 h-4"[39m
                [33mfill[39m=[32m"none"[39m
                [33mstroke[39m=[32m"currentColor"[39m
                [33mviewBox[39m=[32m"0 0 24 24"[39m
              [36m>[39m
                [36m<path[39m
                  [33md[39m=[32m"M5 13l4 4L19 7"[39m
                  [33mstroke-linecap[39m=[32m"round"[39m
                  [33mstroke-linejoin[39m=[32m"round"[39m
                  [33mstroke-width[39m=[32m"2"[39m
                [36m/>[39m
              [36m</svg>[39m
              [0mApprove[0m
            [36m</button>[39m
            [36m<button[39m
              [33mclass[39m=[32m"review-modal-button bg-blue-600 text-white hover:bg-blue-700"[39m
              [33mtitle[39m=[32m"Add image to retry pool"[39m
            [36m>[39m
              [36m<svg[39m
                [33mclass[39m=[32m"w-4 h-4"[39m
                [33mfill[39m=[32m"none"[39m
                [33mstroke[39m=[32m"currentColor"[39m
                [33mstroke-linecap[39m=[32m"round"[39m
                [33mstroke-linejoin[39m=[32m"round"[39m
                [33mstroke-width[39m=[32m"2"[39m
                [33mviewBox[39m=[32m"0 0 24 24"[39m
              [36m>[39m
                [36m<path[39m
                  [33md[39m=[32m"m15 14 5-5-5-5"[39m
                [36m/>[39m
                [36m<path[39m
                  [33md[39m=[32m"M20 9H9.5A5.5 5.5 0 0 0 4 14.5 5.5 5.5 0 0 0 9.5 20H13"[39m
                [36m/>[39m
              [36m</svg>[39m
              [0mAdd to Retry[0m
            [36m</button>[39m
            [36m<button[39m
              [33mclass[39m=[32m"review-modal-button bg-red-600 text-white hover:bg-red-700"[39m
              [33mtitle[39m=[32m"Delete image permanently"[39m
            [36m>[39m
              [36m<svg[39m
                [33mclass[39m=[32m"w-4 h-4"[39m
                [33mfill[39m=[32m"none"[39m
                [33mstroke[39m=[32m"currentColor"[39m
                [33mviewBox[39m=[32m"0 0 24 24"[39m
              [36m>[39m
                [36m<path[39m
                  [33md[39m=[32m"M19 7l-.867 12.142A2 2 0 0116.138 21H7.862a2 2 0 01-1.995-1.858L5 7m5 4v6m4-6v6m1-10V4a1 1 0 00-1-1h-4a1 1 0 00-1 1v3M4 7h16"[39m
                  [33mstroke-linecap[39m=[32m"round"[39m
                  [33mstroke-linejoin[39m=[32m"round"[39m
                  [33mstroke-width[39m=[32m"2"[39m
                [36m/>[39m
              [36m</svg>[39m
              [0mDelete[0m
            [36m</button>[39m
            [36m<button[39m
              [33maria-label[39m=[32m"Image Control Info"[39m
              [33mclass[39m=[32m"px-2 py-1 text-xs bg-white hover:bg-gray-50 border border-gray-200 text-gray-700 rounded"[39m
              [33mtitle[39m=[32m"Image Control Info"[39m
              [33mtype[39m=[32m"button"[39m
            [36m>[39m
              [0mImage Control Info[0m
            [36m</button>[39m
            [36m<div[39m
              [33mclass[39m=[32m"flex items-center space-x-1"[39m
            [36m>[39m
              [36m<button[39m
                [33maria-label[39m=[32m"Previous image"[39m
                [33mclass[39m=[32m"p-2 rounded-md text-gray-600 hover:text-gray-900 hover:bg-gray-100"[39m
              [36m>[39m
                [36m<svg[39m
                  [33mclass[39m=[32m"w-5 h-5"[39m
                  [33mfill[39m=[32m"none"[39m
                  [33mstroke[39m=[32m"currentColor"[39m
                  [33mviewBox[39m=[32m"0 0 24 24"[39m
                [36m>[39m
                  [36m<path[39m
                    [33md[39m=[32m"M15 19l-7-7 7-7"[39m
                    [33mstroke-linecap[39m=[32m"round"[39m
                    [33mstroke-linejoin[39m=[32m"round"[39m
                    [33mstroke-width[39m=[32m"2"[39m
                  [36m/>[39m
                [36m</svg>[39m
              [36m</button>[39m
              [36m<button[39m
                [33maria-label[39m=[32m"Next image"[39m
                [33mclass[39m=[32m"p-2 rounded-md text-gray-600 hover:text-gray-900 hover:bg-gray-100"[39m
              [36m>[39m
                [36m<svg[39m
                  [33mclass[39m=[32m"w-5 h-5"[39m
                  [33mfill[39m=[32m"none"[39m
           ...
   × FailedImageReviewModal > AI Metadata Section > shows metadata description 40ms
     → Unable to find an element with the text: A powerful dragon flying through stormy skies with dramatic lightning effects. This could be because the text is broken up by multiple elements. In this case, you can provide a function for your text matcher to make your matcher more flexible.

Ignored nodes: comments, script, style
[36m<body>[39m
  [36m<div>[39m
    [36m<div[39m
      [33mclass[39m=[32m"fixed inset-0 bg-black bg-opacity-50 flex items-center justify-center z-50 p-4 overflow-hidden"[39m
      [33mdata-testid[39m=[32m"failed-image-review-modal"[39m
    [36m>[39m
      [36m<div[39m
        [33mclass[39m=[32m"relative bg-white rounded-lg shadow-xl max-w-6xl w-full max-h-[90vh] overflow-hidden"[39m
      [36m>[39m
        [36m<div[39m
          [33mclass[39m=[32m"flex items-center justify-between p-4 border-b border-gray-200"[39m
          [33mdata-testid[39m=[32m"modal-header"[39m
        [36m>[39m
          [36m<div[39m
            [33mclass[39m=[32m"flex items-center gap-3"[39m
          [36m>[39m
            [36m<h2[39m
              [33mclass[39m=[32m"text-xl font-semibold text-gray-900"[39m
            [36m>[39m
              [0mImage Details[0m
            [36m</h2>[39m
            [36m<div[39m
              [33mclass[39m=[32m"inline-flex items-center"[39m
            [36m>[39m
              [36m<span[39m
                [33mclass[39m=[32m"inline-flex items-center gap-1 px-2 py-1 rounded-full text-sm font-medium border bg-red-100 text-red-800 border-red-200"[39m
              [36m>[39m
                [36m<svg[39m
                  [33maria-hidden[39m=[32m"true"[39m
                  [33mclass[39m=[32m"w-4 h-4"[39m
                  [33mfill[39m=[32m"none"[39m
                  [33mstroke[39m=[32m"currentColor"[39m
                  [33mviewBox[39m=[32m"0 0 24 24"[39m
                [36m>[39m
                  [36m<path[39m
                    [33md[39m=[32m"M12 9v4m0 4h.01M10.29 3.86L1.82 18a2 2 0 001.71 3h16.94a2 2 0 001.71-3L13.71 3.86a2 2 0 00-3.42 0z"[39m
                    [33mstroke-linecap[39m=[32m"round"[39m
                    [33mstroke-linejoin[39m=[32m"round"[39m
                    [33mstroke-width[39m=[32m"2"[39m
                  [36m/>[39m
                [36m</svg>[39m
                [0mQC Failed[0m
              [36m</span>[39m
            [36m</div>[39m
          [36m</div>[39m
          [36m<div[39m
            [33mclass[39m=[32m"flex items-center gap-2"[39m
          [36m>[39m
            [36m<button[39m
              [33mclass[39m=[32m"review-modal-button bg-green-600 text-white hover:bg-green-700"[39m
              [33mtitle[39m=[32m"Approve image (move to success)"[39m
            [36m>[39m
              [36m<svg[39m
                [33mclass[39m=[32m"w-4 h-4"[39m
                [33mfill[39m=[32m"none"[39m
                [33mstroke[39m=[32m"currentColor"[39m
                [33mviewBox[39m=[32m"0 0 24 24"[39m
              [36m>[39m
                [36m<path[39m
                  [33md[39m=[32m"M5 13l4 4L19 7"[39m
                  [33mstroke-linecap[39m=[32m"round"[39m
                  [33mstroke-linejoin[39m=[32m"round"[39m
                  [33mstroke-width[39m=[32m"2"[39m
                [36m/>[39m
              [36m</svg>[39m
              [0mApprove[0m
            [36m</button>[39m
            [36m<button[39m
              [33mclass[39m=[32m"review-modal-button bg-blue-600 text-white hover:bg-blue-700"[39m
              [33mtitle[39m=[32m"Add image to retry pool"[39m
            [36m>[39m
              [36m<svg[39m
                [33mclass[39m=[32m"w-4 h-4"[39m
                [33mfill[39m=[32m"none"[39m
                [33mstroke[39m=[32m"currentColor"[39m
                [33mstroke-linecap[39m=[32m"round"[39m
                [33mstroke-linejoin[39m=[32m"round"[39m
                [33mstroke-width[39m=[32m"2"[39m
                [33mviewBox[39m=[32m"0 0 24 24"[39m
              [36m>[39m
                [36m<path[39m
                  [33md[39m=[32m"m15 14 5-5-5-5"[39m
                [36m/>[39m
                [36m<path[39m
                  [33md[39m=[32m"M20 9H9.5A5.5 5.5 0 0 0 4 14.5 5.5 5.5 0 0 0 9.5 20H13"[39m
                [36m/>[39m
              [36m</svg>[39m
              [0mAdd to Retry[0m
            [36m</button>[39m
            [36m<button[39m
              [33mclass[39m=[32m"review-modal-button bg-red-600 text-white hover:bg-red-700"[39m
              [33mtitle[39m=[32m"Delete image permanently"[39m
            [36m>[39m
              [36m<svg[39m
                [33mclass[39m=[32m"w-4 h-4"[39m
                [33mfill[39m=[32m"none"[39m
                [33mstroke[39m=[32m"currentColor"[39m
                [33mviewBox[39m=[32m"0 0 24 24"[39m
              [36m>[39m
                [36m<path[39m
                  [33md[39m=[32m"M19 7l-.867 12.142A2 2 0 0116.138 21H7.862a2 2 0 01-1.995-1.858L5 7m5 4v6m4-6v6m1-10V4a1 1 0 00-1-1h-4a1 1 0 00-1 1v3M4 7h16"[39m
                  [33mstroke-linecap[39m=[32m"round"[39m
                  [33mstroke-linejoin[39m=[32m"round"[39m
                  [33mstroke-width[39m=[32m"2"[39m
                [36m/>[39m
              [36m</svg>[39m
              [0mDelete[0m
            [36m</button>[39m
            [36m<button[39m
              [33maria-label[39m=[32m"Image Control Info"[39m
              [33mclass[39m=[32m"px-2 py-1 text-xs bg-white hover:bg-gray-50 border border-gray-200 text-gray-700 rounded"[39m
              [33mtitle[39m=[32m"Image Control Info"[39m
              [33mtype[39m=[32m"button"[39m
            [36m>[39m
              [0mImage Control Info[0m
            [36m</button>[39m
            [36m<div[39m
              [33mclass[39m=[32m"flex items-center space-x-1"[39m
            [36m>[39m
              [36m<button[39m
                [33maria-label[39m=[32m"Previous image"[39m
                [33mclass[39m=[32m"p-2 rounded-md text-gray-600 hover:text-gray-900 hover:bg-gray-100"[39m
              [36m>[39m
                [36m<svg[39m
                  [33mclass[39m=[32m"w-5 h-5"[39m
                  [33mfill[39m=[32m"none"[39m
                  [33mstroke[39m=[32m"currentColor"[39m
                  [33mviewBox[39m=[32m"0 0 24 24"[39m
                [36m>[39m
                  [36m<path[39m
                    [33md[39m=[32m"M15 19l-7-7 7-7"[39m
                    [33mstroke-linecap[39m=[32m"round"[39m
                    [33mstroke-linejoin[39m=[32m"round"[39m
                    [33mstroke-width[39m=[32m"2"[39m
                  [36m/>[39m
                [36m</svg>[39m
              [36m</button>[39m
              [36m<button[39m
                [33maria-label[39m=[32m"Next image"[39m
                [33mclass[39m=[32m"p-2 rounded-md text-gray-600 hover:text-gray-900 hover:bg-gray-100"[39m
              [36m>[39m
                [36m<svg[39m
                  [33mclass[39m=[32m"w-5 h-5"[39m
                  [33mfill[39m=[32m"none"[39m
           ...
   × FailedImageReviewModal > AI Metadata Section > displays metadata tags 31ms
     → Unable to find an element with the text: Tags. This could be because the text is broken up by multiple elements. In this case, you can provide a function for your text matcher to make your matcher more flexible.

Ignored nodes: comments, script, style
[36m<body>[39m
  [36m<div>[39m
    [36m<div[39m
      [33mclass[39m=[32m"fixed inset-0 bg-black bg-opacity-50 flex items-center justify-center z-50 p-4 overflow-hidden"[39m
      [33mdata-testid[39m=[32m"failed-image-review-modal"[39m
    [36m>[39m
      [36m<div[39m
        [33mclass[39m=[32m"relative bg-white rounded-lg shadow-xl max-w-6xl w-full max-h-[90vh] overflow-hidden"[39m
      [36m>[39m
        [36m<div[39m
          [33mclass[39m=[32m"flex items-center justify-between p-4 border-b border-gray-200"[39m
          [33mdata-testid[39m=[32m"modal-header"[39m
        [36m>[39m
          [36m<div[39m
            [33mclass[39m=[32m"flex items-center gap-3"[39m
          [36m>[39m
            [36m<h2[39m
              [33mclass[39m=[32m"text-xl font-semibold text-gray-900"[39m
            [36m>[39m
              [0mImage Details[0m
            [36m</h2>[39m
            [36m<div[39m
              [33mclass[39m=[32m"inline-flex items-center"[39m
            [36m>[39m
              [36m<span[39m
                [33mclass[39m=[32m"inline-flex items-center gap-1 px-2 py-1 rounded-full text-sm font-medium border bg-red-100 text-red-800 border-red-200"[39m
              [36m>[39m
                [36m<svg[39m
                  [33maria-hidden[39m=[32m"true"[39m
                  [33mclass[39m=[32m"w-4 h-4"[39m
                  [33mfill[39m=[32m"none"[39m
                  [33mstroke[39m=[32m"currentColor"[39m
                  [33mviewBox[39m=[32m"0 0 24 24"[39m
                [36m>[39m
                  [36m<path[39m
                    [33md[39m=[32m"M12 9v4m0 4h.01M10.29 3.86L1.82 18a2 2 0 001.71 3h16.94a2 2 0 001.71-3L13.71 3.86a2 2 0 00-3.42 0z"[39m
                    [33mstroke-linecap[39m=[32m"round"[39m
                    [33mstroke-linejoin[39m=[32m"round"[39m
                    [33mstroke-width[39m=[32m"2"[39m
                  [36m/>[39m
                [36m</svg>[39m
                [0mQC Failed[0m
              [36m</span>[39m
            [36m</div>[39m
          [36m</div>[39m
          [36m<div[39m
            [33mclass[39m=[32m"flex items-center gap-2"[39m
          [36m>[39m
            [36m<button[39m
              [33mclass[39m=[32m"review-modal-button bg-green-600 text-white hover:bg-green-700"[39m
              [33mtitle[39m=[32m"Approve image (move to success)"[39m
            [36m>[39m
              [36m<svg[39m
                [33mclass[39m=[32m"w-4 h-4"[39m
                [33mfill[39m=[32m"none"[39m
                [33mstroke[39m=[32m"currentColor"[39m
                [33mviewBox[39m=[32m"0 0 24 24"[39m
              [36m>[39m
                [36m<path[39m
                  [33md[39m=[32m"M5 13l4 4L19 7"[39m
                  [33mstroke-linecap[39m=[32m"round"[39m
                  [33mstroke-linejoin[39m=[32m"round"[39m
                  [33mstroke-width[39m=[32m"2"[39m
                [36m/>[39m
              [36m</svg>[39m
              [0mApprove[0m
            [36m</button>[39m
            [36m<button[39m
              [33mclass[39m=[32m"review-modal-button bg-blue-600 text-white hover:bg-blue-700"[39m
              [33mtitle[39m=[32m"Add image to retry pool"[39m
            [36m>[39m
              [36m<svg[39m
                [33mclass[39m=[32m"w-4 h-4"[39m
                [33mfill[39m=[32m"none"[39m
                [33mstroke[39m=[32m"currentColor"[39m
                [33mstroke-linecap[39m=[32m"round"[39m
                [33mstroke-linejoin[39m=[32m"round"[39m
                [33mstroke-width[39m=[32m"2"[39m
                [33mviewBox[39m=[32m"0 0 24 24"[39m
              [36m>[39m
                [36m<path[39m
                  [33md[39m=[32m"m15 14 5-5-5-5"[39m
                [36m/>[39m
                [36m<path[39m
                  [33md[39m=[32m"M20 9H9.5A5.5 5.5 0 0 0 4 14.5 5.5 5.5 0 0 0 9.5 20H13"[39m
                [36m/>[39m
              [36m</svg>[39m
              [0mAdd to Retry[0m
            [36m</button>[39m
            [36m<button[39m
              [33mclass[39m=[32m"review-modal-button bg-red-600 text-white hover:bg-red-700"[39m
              [33mtitle[39m=[32m"Delete image permanently"[39m
            [36m>[39m
              [36m<svg[39m
                [33mclass[39m=[32m"w-4 h-4"[39m
                [33mfill[39m=[32m"none"[39m
                [33mstroke[39m=[32m"currentColor"[39m
                [33mviewBox[39m=[32m"0 0 24 24"[39m
              [36m>[39m
                [36m<path[39m
                  [33md[39m=[32m"M19 7l-.867 12.142A2 2 0 0116.138 21H7.862a2 2 0 01-1.995-1.858L5 7m5 4v6m4-6v6m1-10V4a1 1 0 00-1-1h-4a1 1 0 00-1 1v3M4 7h16"[39m
                  [33mstroke-linecap[39m=[32m"round"[39m
                  [33mstroke-linejoin[39m=[32m"round"[39m
                  [33mstroke-width[39m=[32m"2"[39m
                [36m/>[39m
              [36m</svg>[39m
              [0mDelete[0m
            [36m</button>[39m
            [36m<button[39m
              [33maria-label[39m=[32m"Image Control Info"[39m
              [33mclass[39m=[32m"px-2 py-1 text-xs bg-white hover:bg-gray-50 border border-gray-200 text-gray-700 rounded"[39m
              [33mtitle[39m=[32m"Image Control Info"[39m
              [33mtype[39m=[32m"button"[39m
            [36m>[39m
              [0mImage Control Info[0m
            [36m</button>[39m
            [36m<div[39m
              [33mclass[39m=[32m"flex items-center space-x-1"[39m
            [36m>[39m
              [36m<button[39m
                [33maria-label[39m=[32m"Previous image"[39m
                [33mclass[39m=[32m"p-2 rounded-md text-gray-600 hover:text-gray-900 hover:bg-gray-100"[39m
              [36m>[39m
                [36m<svg[39m
                  [33mclass[39m=[32m"w-5 h-5"[39m
                  [33mfill[39m=[32m"none"[39m
                  [33mstroke[39m=[32m"currentColor"[39m
                  [33mviewBox[39m=[32m"0 0 24 24"[39m
                [36m>[39m
                  [36m<path[39m
                    [33md[39m=[32m"M15 19l-7-7 7-7"[39m
                    [33mstroke-linecap[39m=[32m"round"[39m
                    [33mstroke-linejoin[39m=[32m"round"[39m
                    [33mstroke-width[39m=[32m"2"[39m
                  [36m/>[39m
                [36m</svg>[39m
              [36m</button>[39m
              [36m<button[39m
                [33maria-label[39m=[32m"Next image"[39m
                [33mclass[39m=[32m"p-2 rounded-md text-gray-600 hover:text-gray-900 hover:bg-gray-100"[39m
              [36m>[39m
                [36m<svg[39m
                  [33mclass[39m=[32m"w-5 h-5"[39m
                  [33mfill[39m=[32m"none"[39m
           ...
   × FailedImageReviewModal > AI Metadata Section > handles missing metadata gracefully 30ms
     → expect(element).not.toBeInTheDocument()

expected document not to contain element, found <button
  class="flex-1 px-4 py-3 text-sm font-medium border-b-2 transition-colors border-transparent text-gray-500 hover:text-gray-700 hover:border-gray-300"
>
  AI Metadata
</button> instead
   × FailedImageReviewModal > Processing Settings Section > displays processing settings section 40ms
     → Unable to find an element with the text: Processing Settings. This could be because the text is broken up by multiple elements. In this case, you can provide a function for your text matcher to make your matcher more flexible.

Ignored nodes: comments, script, style
[36m<body>[39m
  [36m<div>[39m
    [36m<div[39m
      [33mclass[39m=[32m"fixed inset-0 bg-black bg-opacity-50 flex items-center justify-center z-50 p-4 overflow-hidden"[39m
      [33mdata-testid[39m=[32m"failed-image-review-modal"[39m
    [36m>[39m
      [36m<div[39m
        [33mclass[39m=[32m"relative bg-white rounded-lg shadow-xl max-w-6xl w-full max-h-[90vh] overflow-hidden"[39m
      [36m>[39m
        [36m<div[39m
          [33mclass[39m=[32m"flex items-center justify-between p-4 border-b border-gray-200"[39m
          [33mdata-testid[39m=[32m"modal-header"[39m
        [36m>[39m
          [36m<div[39m
            [33mclass[39m=[32m"flex items-center gap-3"[39m
          [36m>[39m
            [36m<h2[39m
              [33mclass[39m=[32m"text-xl font-semibold text-gray-900"[39m
            [36m>[39m
              [0mImage Details[0m
            [36m</h2>[39m
            [36m<div[39m
              [33mclass[39m=[32m"inline-flex items-center"[39m
            [36m>[39m
              [36m<span[39m
                [33mclass[39m=[32m"inline-flex items-center gap-1 px-2 py-1 rounded-full text-sm font-medium border bg-red-100 text-red-800 border-red-200"[39m
              [36m>[39m
                [36m<svg[39m
                  [33maria-hidden[39m=[32m"true"[39m
                  [33mclass[39m=[32m"w-4 h-4"[39m
                  [33mfill[39m=[32m"none"[39m
                  [33mstroke[39m=[32m"currentColor"[39m
                  [33mviewBox[39m=[32m"0 0 24 24"[39m
                [36m>[39m
                  [36m<path[39m
                    [33md[39m=[32m"M12 9v4m0 4h.01M10.29 3.86L1.82 18a2 2 0 001.71 3h16.94a2 2 0 001.71-3L13.71 3.86a2 2 0 00-3.42 0z"[39m
                    [33mstroke-linecap[39m=[32m"round"[39m
                    [33mstroke-linejoin[39m=[32m"round"[39m
                    [33mstroke-width[39m=[32m"2"[39m
                  [36m/>[39m
                [36m</svg>[39m
                [0mQC Failed[0m
              [36m</span>[39m
            [36m</div>[39m
          [36m</div>[39m
          [36m<div[39m
            [33mclass[39m=[32m"flex items-center gap-2"[39m
          [36m>[39m
            [36m<button[39m
              [33mclass[39m=[32m"review-modal-button bg-green-600 text-white hover:bg-green-700"[39m
              [33mtitle[39m=[32m"Approve image (move to success)"[39m
            [36m>[39m
              [36m<svg[39m
                [33mclass[39m=[32m"w-4 h-4"[39m
                [33mfill[39m=[32m"none"[39m
                [33mstroke[39m=[32m"currentColor"[39m
                [33mviewBox[39m=[32m"0 0 24 24"[39m
              [36m>[39m
                [36m<path[39m
                  [33md[39m=[32m"M5 13l4 4L19 7"[39m
                  [33mstroke-linecap[39m=[32m"round"[39m
                  [33mstroke-linejoin[39m=[32m"round"[39m
                  [33mstroke-width[39m=[32m"2"[39m
                [36m/>[39m
              [36m</svg>[39m
              [0mApprove[0m
            [36m</button>[39m
            [36m<button[39m
              [33mclass[39m=[32m"review-modal-button bg-blue-600 text-white hover:bg-blue-700"[39m
              [33mtitle[39m=[32m"Add image to retry pool"[39m
            [36m>[39m
              [36m<svg[39m
                [33mclass[39m=[32m"w-4 h-4"[39m
                [33mfill[39m=[32m"none"[39m
                [33mstroke[39m=[32m"currentColor"[39m
                [33mstroke-linecap[39m=[32m"round"[39m
                [33mstroke-linejoin[39m=[32m"round"[39m
                [33mstroke-width[39m=[32m"2"[39m
                [33mviewBox[39m=[32m"0 0 24 24"[39m
              [36m>[39m
                [36m<path[39m
                  [33md[39m=[32m"m15 14 5-5-5-5"[39m
                [36m/>[39m
                [36m<path[39m
                  [33md[39m=[32m"M20 9H9.5A5.5 5.5 0 0 0 4 14.5 5.5 5.5 0 0 0 9.5 20H13"[39m
                [36m/>[39m
              [36m</svg>[39m
              [0mAdd to Retry[0m
            [36m</button>[39m
            [36m<button[39m
              [33mclass[39m=[32m"review-modal-button bg-red-600 text-white hover:bg-red-700"[39m
              [33mtitle[39m=[32m"Delete image permanently"[39m
            [36m>[39m
              [36m<svg[39m
                [33mclass[39m=[32m"w-4 h-4"[39m
                [33mfill[39m=[32m"none"[39m
                [33mstroke[39m=[32m"currentColor"[39m
                [33mviewBox[39m=[32m"0 0 24 24"[39m
              [36m>[39m
                [36m<path[39m
                  [33md[39m=[32m"M19 7l-.867 12.142A2 2 0 0116.138 21H7.862a2 2 0 01-1.995-1.858L5 7m5 4v6m4-6v6m1-10V4a1 1 0 00-1-1h-4a1 1 0 00-1 1v3M4 7h16"[39m
                  [33mstroke-linecap[39m=[32m"round"[39m
                  [33mstroke-linejoin[39m=[32m"round"[39m
                  [33mstroke-width[39m=[32m"2"[39m
                [36m/>[39m
              [36m</svg>[39m
              [0mDelete[0m
            [36m</button>[39m
            [36m<button[39m
              [33maria-label[39m=[32m"Image Control Info"[39m
              [33mclass[39m=[32m"px-2 py-1 text-xs bg-white hover:bg-gray-50 border border-gray-200 text-gray-700 rounded"[39m
              [33mtitle[39m=[32m"Image Control Info"[39m
              [33mtype[39m=[32m"button"[39m
            [36m>[39m
              [0mImage Control Info[0m
            [36m</button>[39m
            [36m<div[39m
              [33mclass[39m=[32m"flex items-center space-x-1"[39m
            [36m>[39m
              [36m<button[39m
                [33maria-label[39m=[32m"Previous image"[39m
                [33mclass[39m=[32m"p-2 rounded-md text-gray-600 hover:text-gray-900 hover:bg-gray-100"[39m
              [36m>[39m
                [36m<svg[39m
                  [33mclass[39m=[32m"w-5 h-5"[39m
                  [33mfill[39m=[32m"none"[39m
                  [33mstroke[39m=[32m"currentColor"[39m
                  [33mviewBox[39m=[32m"0 0 24 24"[39m
                [36m>[39m
                  [36m<path[39m
                    [33md[39m=[32m"M15 19l-7-7 7-7"[39m
                    [33mstroke-linecap[39m=[32m"round"[39m
                    [33mstroke-linejoin[39m=[32m"round"[39m
                    [33mstroke-width[39m=[32m"2"[39m
                  [36m/>[39m
                [36m</svg>[39m
              [36m</button>[39m
              [36m<button[39m
                [33maria-label[39m=[32m"Next image"[39m
                [33mclass[39m=[32m"p-2 rounded-md text-gray-600 hover:text-gray-900 hover:bg-gray-100"[39m
              [36m>[39m
                [36m<svg[39m
                  [33mclass[39m=[32m"w-5 h-5"[39m
                  [33mfill[39m=[32m"none"[39m
           ...
   × FailedImageReviewModal > Processing Settings Section > shows image enhancement settings 19ms
     → Unable to find an element with the text: Enhancement:. This could be because the text is broken up by multiple elements. In this case, you can provide a function for your text matcher to make your matcher more flexible.

Ignored nodes: comments, script, style
[36m<body>[39m
  [36m<div>[39m
    [36m<div[39m
      [33mclass[39m=[32m"fixed inset-0 bg-black bg-opacity-50 flex items-center justify-center z-50 p-4 overflow-hidden"[39m
      [33mdata-testid[39m=[32m"failed-image-review-modal"[39m
    [36m>[39m
      [36m<div[39m
        [33mclass[39m=[32m"relative bg-white rounded-lg shadow-xl max-w-6xl w-full max-h-[90vh] overflow-hidden"[39m
      [36m>[39m
        [36m<div[39m
          [33mclass[39m=[32m"flex items-center justify-between p-4 border-b border-gray-200"[39m
          [33mdata-testid[39m=[32m"modal-header"[39m
        [36m>[39m
          [36m<div[39m
            [33mclass[39m=[32m"flex items-center gap-3"[39m
          [36m>[39m
            [36m<h2[39m
              [33mclass[39m=[32m"text-xl font-semibold text-gray-900"[39m
            [36m>[39m
              [0mImage Details[0m
            [36m</h2>[39m
            [36m<div[39m
              [33mclass[39m=[32m"inline-flex items-center"[39m
            [36m>[39m
              [36m<span[39m
                [33mclass[39m=[32m"inline-flex items-center gap-1 px-2 py-1 rounded-full text-sm font-medium border bg-red-100 text-red-800 border-red-200"[39m
              [36m>[39m
                [36m<svg[39m
                  [33maria-hidden[39m=[32m"true"[39m
                  [33mclass[39m=[32m"w-4 h-4"[39m
                  [33mfill[39m=[32m"none"[39m
                  [33mstroke[39m=[32m"currentColor"[39m
                  [33mviewBox[39m=[32m"0 0 24 24"[39m
                [36m>[39m
                  [36m<path[39m
                    [33md[39m=[32m"M12 9v4m0 4h.01M10.29 3.86L1.82 18a2 2 0 001.71 3h16.94a2 2 0 001.71-3L13.71 3.86a2 2 0 00-3.42 0z"[39m
                    [33mstroke-linecap[39m=[32m"round"[39m
                    [33mstroke-linejoin[39m=[32m"round"[39m
                    [33mstroke-width[39m=[32m"2"[39m
                  [36m/>[39m
                [36m</svg>[39m
                [0mQC Failed[0m
              [36m</span>[39m
            [36m</div>[39m
          [36m</div>[39m
          [36m<div[39m
            [33mclass[39m=[32m"flex items-center gap-2"[39m
          [36m>[39m
            [36m<button[39m
              [33mclass[39m=[32m"review-modal-button bg-green-600 text-white hover:bg-green-700"[39m
              [33mtitle[39m=[32m"Approve image (move to success)"[39m
            [36m>[39m
              [36m<svg[39m
                [33mclass[39m=[32m"w-4 h-4"[39m
                [33mfill[39m=[32m"none"[39m
                [33mstroke[39m=[32m"currentColor"[39m
                [33mviewBox[39m=[32m"0 0 24 24"[39m
              [36m>[39m
                [36m<path[39m
                  [33md[39m=[32m"M5 13l4 4L19 7"[39m
                  [33mstroke-linecap[39m=[32m"round"[39m
                  [33mstroke-linejoin[39m=[32m"round"[39m
                  [33mstroke-width[39m=[32m"2"[39m
                [36m/>[39m
              [36m</svg>[39m
              [0mApprove[0m
            [36m</button>[39m
            [36m<button[39m
              [33mclass[39m=[32m"review-modal-button bg-blue-600 text-white hover:bg-blue-700"[39m
              [33mtitle[39m=[32m"Add image to retry pool"[39m
            [36m>[39m
              [36m<svg[39m
                [33mclass[39m=[32m"w-4 h-4"[39m
                [33mfill[39m=[32m"none"[39m
                [33mstroke[39m=[32m"currentColor"[39m
                [33mstroke-linecap[39m=[32m"round"[39m
                [33mstroke-linejoin[39m=[32m"round"[39m
                [33mstroke-width[39m=[32m"2"[39m
                [33mviewBox[39m=[32m"0 0 24 24"[39m
              [36m>[39m
                [36m<path[39m
                  [33md[39m=[32m"m15 14 5-5-5-5"[39m
                [36m/>[39m
                [36m<path[39m
                  [33md[39m=[32m"M20 9H9.5A5.5 5.5 0 0 0 4 14.5 5.5 5.5 0 0 0 9.5 20H13"[39m
                [36m/>[39m
              [36m</svg>[39m
              [0mAdd to Retry[0m
            [36m</button>[39m
            [36m<button[39m
              [33mclass[39m=[32m"review-modal-button bg-red-600 text-white hover:bg-red-700"[39m
              [33mtitle[39m=[32m"Delete image permanently"[39m
            [36m>[39m
              [36m<svg[39m
                [33mclass[39m=[32m"w-4 h-4"[39m
                [33mfill[39m=[32m"none"[39m
                [33mstroke[39m=[32m"currentColor"[39m
                [33mviewBox[39m=[32m"0 0 24 24"[39m
              [36m>[39m
                [36m<path[39m
                  [33md[39m=[32m"M19 7l-.867 12.142A2 2 0 0116.138 21H7.862a2 2 0 01-1.995-1.858L5 7m5 4v6m4-6v6m1-10V4a1 1 0 00-1-1h-4a1 1 0 00-1 1v3M4 7h16"[39m
                  [33mstroke-linecap[39m=[32m"round"[39m
                  [33mstroke-linejoin[39m=[32m"round"[39m
                  [33mstroke-width[39m=[32m"2"[39m
                [36m/>[39m
              [36m</svg>[39m
              [0mDelete[0m
            [36m</button>[39m
            [36m<button[39m
              [33maria-label[39m=[32m"Image Control Info"[39m
              [33mclass[39m=[32m"px-2 py-1 text-xs bg-white hover:bg-gray-50 border border-gray-200 text-gray-700 rounded"[39m
              [33mtitle[39m=[32m"Image Control Info"[39m
              [33mtype[39m=[32m"button"[39m
            [36m>[39m
              [0mImage Control Info[0m
            [36m</button>[39m
            [36m<div[39m
              [33mclass[39m=[32m"flex items-center space-x-1"[39m
            [36m>[39m
              [36m<button[39m
                [33maria-label[39m=[32m"Previous image"[39m
                [33mclass[39m=[32m"p-2 rounded-md text-gray-600 hover:text-gray-900 hover:bg-gray-100"[39m
              [36m>[39m
                [36m<svg[39m
                  [33mclass[39m=[32m"w-5 h-5"[39m
                  [33mfill[39m=[32m"none"[39m
                  [33mstroke[39m=[32m"currentColor"[39m
                  [33mviewBox[39m=[32m"0 0 24 24"[39m
                [36m>[39m
                  [36m<path[39m
                    [33md[39m=[32m"M15 19l-7-7 7-7"[39m
                    [33mstroke-linecap[39m=[32m"round"[39m
                    [33mstroke-linejoin[39m=[32m"round"[39m
                    [33mstroke-width[39m=[32m"2"[39m
                  [36m/>[39m
                [36m</svg>[39m
              [36m</button>[39m
              [36m<button[39m
                [33maria-label[39m=[32m"Next image"[39m
                [33mclass[39m=[32m"p-2 rounded-md text-gray-600 hover:text-gray-900 hover:bg-gray-100"[39m
              [36m>[39m
                [36m<svg[39m
                  [33mclass[39m=[32m"w-5 h-5"[39m
                  [33mfill[39m=[32m"none"[39m
           ...
   × FailedImageReviewModal > Processing Settings Section > displays processing settings grid 56ms
     → Unable to find an element with the text: Processing Settings. This could be because the text is broken up by multiple elements. In this case, you can provide a function for your text matcher to make your matcher more flexible.

Ignored nodes: comments, script, style
[36m<body>[39m
  [36m<div>[39m
    [36m<div[39m
      [33mclass[39m=[32m"fixed inset-0 bg-black bg-opacity-50 flex items-center justify-center z-50 p-4 overflow-hidden"[39m
      [33mdata-testid[39m=[32m"failed-image-review-modal"[39m
    [36m>[39m
      [36m<div[39m
        [33mclass[39m=[32m"relative bg-white rounded-lg shadow-xl max-w-6xl w-full max-h-[90vh] overflow-hidden"[39m
      [36m>[39m
        [36m<div[39m
          [33mclass[39m=[32m"flex items-center justify-between p-4 border-b border-gray-200"[39m
          [33mdata-testid[39m=[32m"modal-header"[39m
        [36m>[39m
          [36m<div[39m
            [33mclass[39m=[32m"flex items-center gap-3"[39m
          [36m>[39m
            [36m<h2[39m
              [33mclass[39m=[32m"text-xl font-semibold text-gray-900"[39m
            [36m>[39m
              [0mImage Details[0m
            [36m</h2>[39m
            [36m<div[39m
              [33mclass[39m=[32m"inline-flex items-center"[39m
            [36m>[39m
              [36m<span[39m
                [33mclass[39m=[32m"inline-flex items-center gap-1 px-2 py-1 rounded-full text-sm font-medium border bg-red-100 text-red-800 border-red-200"[39m
              [36m>[39m
                [36m<svg[39m
                  [33maria-hidden[39m=[32m"true"[39m
                  [33mclass[39m=[32m"w-4 h-4"[39m
                  [33mfill[39m=[32m"none"[39m
                  [33mstroke[39m=[32m"currentColor"[39m
                  [33mviewBox[39m=[32m"0 0 24 24"[39m
                [36m>[39m
                  [36m<path[39m
                    [33md[39m=[32m"M12 9v4m0 4h.01M10.29 3.86L1.82 18a2 2 0 001.71 3h16.94a2 2 0 001.71-3L13.71 3.86a2 2 0 00-3.42 0z"[39m
                    [33mstroke-linecap[39m=[32m"round"[39m
                    [33mstroke-linejoin[39m=[32m"round"[39m
                    [33mstroke-width[39m=[32m"2"[39m
                  [36m/>[39m
                [36m</svg>[39m
                [0mQC Failed[0m
              [36m</span>[39m
            [36m</div>[39m
          [36m</div>[39m
          [36m<div[39m
            [33mclass[39m=[32m"flex items-center gap-2"[39m
          [36m>[39m
            [36m<button[39m
              [33mclass[39m=[32m"review-modal-button bg-green-600 text-white hover:bg-green-700"[39m
              [33mtitle[39m=[32m"Approve image (move to success)"[39m
            [36m>[39m
              [36m<svg[39m
                [33mclass[39m=[32m"w-4 h-4"[39m
                [33mfill[39m=[32m"none"[39m
                [33mstroke[39m=[32m"currentColor"[39m
                [33mviewBox[39m=[32m"0 0 24 24"[39m
              [36m>[39m
                [36m<path[39m
                  [33md[39m=[32m"M5 13l4 4L19 7"[39m
                  [33mstroke-linecap[39m=[32m"round"[39m
                  [33mstroke-linejoin[39m=[32m"round"[39m
                  [33mstroke-width[39m=[32m"2"[39m
                [36m/>[39m
              [36m</svg>[39m
              [0mApprove[0m
            [36m</button>[39m
            [36m<button[39m
              [33mclass[39m=[32m"review-modal-button bg-blue-600 text-white hover:bg-blue-700"[39m
              [33mtitle[39m=[32m"Add image to retry pool"[39m
            [36m>[39m
              [36m<svg[39m
                [33mclass[39m=[32m"w-4 h-4"[39m
                [33mfill[39m=[32m"none"[39m
                [33mstroke[39m=[32m"currentColor"[39m
                [33mstroke-linecap[39m=[32m"round"[39m
                [33mstroke-linejoin[39m=[32m"round"[39m
                [33mstroke-width[39m=[32m"2"[39m
                [33mviewBox[39m=[32m"0 0 24 24"[39m
              [36m>[39m
                [36m<path[39m
                  [33md[39m=[32m"m15 14 5-5-5-5"[39m
                [36m/>[39m
                [36m<path[39m
                  [33md[39m=[32m"M20 9H9.5A5.5 5.5 0 0 0 4 14.5 5.5 5.5 0 0 0 9.5 20H13"[39m
                [36m/>[39m
              [36m</svg>[39m
              [0mAdd to Retry[0m
            [36m</button>[39m
            [36m<button[39m
              [33mclass[39m=[32m"review-modal-button bg-red-600 text-white hover:bg-red-700"[39m
              [33mtitle[39m=[32m"Delete image permanently"[39m
            [36m>[39m
              [36m<svg[39m
                [33mclass[39m=[32m"w-4 h-4"[39m
                [33mfill[39m=[32m"none"[39m
                [33mstroke[39m=[32m"currentColor"[39m
                [33mviewBox[39m=[32m"0 0 24 24"[39m
              [36m>[39m
                [36m<path[39m
                  [33md[39m=[32m"M19 7l-.867 12.142A2 2 0 0116.138 21H7.862a2 2 0 01-1.995-1.858L5 7m5 4v6m4-6v6m1-10V4a1 1 0 00-1-1h-4a1 1 0 00-1 1v3M4 7h16"[39m
                  [33mstroke-linecap[39m=[32m"round"[39m
                  [33mstroke-linejoin[39m=[32m"round"[39m
                  [33mstroke-width[39m=[32m"2"[39m
                [36m/>[39m
              [36m</svg>[39m
              [0mDelete[0m
            [36m</button>[39m
            [36m<button[39m
              [33maria-label[39m=[32m"Image Control Info"[39m
              [33mclass[39m=[32m"px-2 py-1 text-xs bg-white hover:bg-gray-50 border border-gray-200 text-gray-700 rounded"[39m
              [33mtitle[39m=[32m"Image Control Info"[39m
              [33mtype[39m=[32m"button"[39m
            [36m>[39m
              [0mImage Control Info[0m
            [36m</button>[39m
            [36m<div[39m
              [33mclass[39m=[32m"flex items-center space-x-1"[39m
            [36m>[39m
              [36m<button[39m
                [33maria-label[39m=[32m"Previous image"[39m
                [33mclass[39m=[32m"p-2 rounded-md text-gray-600 hover:text-gray-900 hover:bg-gray-100"[39m
              [36m>[39m
                [36m<svg[39m
                  [33mclass[39m=[32m"w-5 h-5"[39m
                  [33mfill[39m=[32m"none"[39m
                  [33mstroke[39m=[32m"currentColor"[39m
                  [33mviewBox[39m=[32m"0 0 24 24"[39m
                [36m>[39m
                  [36m<path[39m
                    [33md[39m=[32m"M15 19l-7-7 7-7"[39m
                    [33mstroke-linecap[39m=[32m"round"[39m
                    [33mstroke-linejoin[39m=[32m"round"[39m
                    [33mstroke-width[39m=[32m"2"[39m
                  [36m/>[39m
                [36m</svg>[39m
              [36m</button>[39m
              [36m<button[39m
                [33maria-label[39m=[32m"Next image"[39m
                [33mclass[39m=[32m"p-2 rounded-md text-gray-600 hover:text-gray-900 hover:bg-gray-100"[39m
              [36m>[39m
                [36m<svg[39m
                  [33mclass[39m=[32m"w-5 h-5"[39m
                  [33mfill[39m=[32m"none"[39m
           ...
   × FailedImageReviewModal > Processing Settings Section > shows background processing settings 26ms
     → Unable to find an element with the text: Remove BG:. This could be because the text is broken up by multiple elements. In this case, you can provide a function for your text matcher to make your matcher more flexible.

Ignored nodes: comments, script, style
[36m<body>[39m
  [36m<div>[39m
    [36m<div[39m
      [33mclass[39m=[32m"fixed inset-0 bg-black bg-opacity-50 flex items-center justify-center z-50 p-4 overflow-hidden"[39m
      [33mdata-testid[39m=[32m"failed-image-review-modal"[39m
    [36m>[39m
      [36m<div[39m
        [33mclass[39m=[32m"relative bg-white rounded-lg shadow-xl max-w-6xl w-full max-h-[90vh] overflow-hidden"[39m
      [36m>[39m
        [36m<div[39m
          [33mclass[39m=[32m"flex items-center justify-between p-4 border-b border-gray-200"[39m
          [33mdata-testid[39m=[32m"modal-header"[39m
        [36m>[39m
          [36m<div[39m
            [33mclass[39m=[32m"flex items-center gap-3"[39m
          [36m>[39m
            [36m<h2[39m
              [33mclass[39m=[32m"text-xl font-semibold text-gray-900"[39m
            [36m>[39m
              [0mImage Details[0m
            [36m</h2>[39m
            [36m<div[39m
              [33mclass[39m=[32m"inline-flex items-center"[39m
            [36m>[39m
              [36m<span[39m
                [33mclass[39m=[32m"inline-flex items-center gap-1 px-2 py-1 rounded-full text-sm font-medium border bg-red-100 text-red-800 border-red-200"[39m
              [36m>[39m
                [36m<svg[39m
                  [33maria-hidden[39m=[32m"true"[39m
                  [33mclass[39m=[32m"w-4 h-4"[39m
                  [33mfill[39m=[32m"none"[39m
                  [33mstroke[39m=[32m"currentColor"[39m
                  [33mviewBox[39m=[32m"0 0 24 24"[39m
                [36m>[39m
                  [36m<path[39m
                    [33md[39m=[32m"M12 9v4m0 4h.01M10.29 3.86L1.82 18a2 2 0 001.71 3h16.94a2 2 0 001.71-3L13.71 3.86a2 2 0 00-3.42 0z"[39m
                    [33mstroke-linecap[39m=[32m"round"[39m
                    [33mstroke-linejoin[39m=[32m"round"[39m
                    [33mstroke-width[39m=[32m"2"[39m
                  [36m/>[39m
                [36m</svg>[39m
                [0mQC Failed[0m
              [36m</span>[39m
            [36m</div>[39m
          [36m</div>[39m
          [36m<div[39m
            [33mclass[39m=[32m"flex items-center gap-2"[39m
          [36m>[39m
            [36m<button[39m
              [33mclass[39m=[32m"review-modal-button bg-green-600 text-white hover:bg-green-700"[39m
              [33mtitle[39m=[32m"Approve image (move to success)"[39m
            [36m>[39m
              [36m<svg[39m
                [33mclass[39m=[32m"w-4 h-4"[39m
                [33mfill[39m=[32m"none"[39m
                [33mstroke[39m=[32m"currentColor"[39m
                [33mviewBox[39m=[32m"0 0 24 24"[39m
              [36m>[39m
                [36m<path[39m
                  [33md[39m=[32m"M5 13l4 4L19 7"[39m
                  [33mstroke-linecap[39m=[32m"round"[39m
                  [33mstroke-linejoin[39m=[32m"round"[39m
                  [33mstroke-width[39m=[32m"2"[39m
                [36m/>[39m
              [36m</svg>[39m
              [0mApprove[0m
            [36m</button>[39m
            [36m<button[39m
              [33mclass[39m=[32m"review-modal-button bg-blue-600 text-white hover:bg-blue-700"[39m
              [33mtitle[39m=[32m"Add image to retry pool"[39m
            [36m>[39m
              [36m<svg[39m
                [33mclass[39m=[32m"w-4 h-4"[39m
                [33mfill[39m=[32m"none"[39m
                [33mstroke[39m=[32m"currentColor"[39m
                [33mstroke-linecap[39m=[32m"round"[39m
                [33mstroke-linejoin[39m=[32m"round"[39m
                [33mstroke-width[39m=[32m"2"[39m
                [33mviewBox[39m=[32m"0 0 24 24"[39m
              [36m>[39m
                [36m<path[39m
                  [33md[39m=[32m"m15 14 5-5-5-5"[39m
                [36m/>[39m
                [36m<path[39m
                  [33md[39m=[32m"M20 9H9.5A5.5 5.5 0 0 0 4 14.5 5.5 5.5 0 0 0 9.5 20H13"[39m
                [36m/>[39m
              [36m</svg>[39m
              [0mAdd to Retry[0m
            [36m</button>[39m
            [36m<button[39m
              [33mclass[39m=[32m"review-modal-button bg-red-600 text-white hover:bg-red-700"[39m
              [33mtitle[39m=[32m"Delete image permanently"[39m
            [36m>[39m
              [36m<svg[39m
                [33mclass[39m=[32m"w-4 h-4"[39m
                [33mfill[39m=[32m"none"[39m
                [33mstroke[39m=[32m"currentColor"[39m
                [33mviewBox[39m=[32m"0 0 24 24"[39m
              [36m>[39m
                [36m<path[39m
                  [33md[39m=[32m"M19 7l-.867 12.142A2 2 0 0116.138 21H7.862a2 2 0 01-1.995-1.858L5 7m5 4v6m4-6v6m1-10V4a1 1 0 00-1-1h-4a1 1 0 00-1 1v3M4 7h16"[39m
                  [33mstroke-linecap[39m=[32m"round"[39m
                  [33mstroke-linejoin[39m=[32m"round"[39m
                  [33mstroke-width[39m=[32m"2"[39m
                [36m/>[39m
              [36m</svg>[39m
              [0mDelete[0m
            [36m</button>[39m
            [36m<button[39m
              [33maria-label[39m=[32m"Image Control Info"[39m
              [33mclass[39m=[32m"px-2 py-1 text-xs bg-white hover:bg-gray-50 border border-gray-200 text-gray-700 rounded"[39m
              [33mtitle[39m=[32m"Image Control Info"[39m
              [33mtype[39m=[32m"button"[39m
            [36m>[39m
              [0mImage Control Info[0m
            [36m</button>[39m
            [36m<div[39m
              [33mclass[39m=[32m"flex items-center space-x-1"[39m
            [36m>[39m
              [36m<button[39m
                [33maria-label[39m=[32m"Previous image"[39m
                [33mclass[39m=[32m"p-2 rounded-md text-gray-600 hover:text-gray-900 hover:bg-gray-100"[39m
              [36m>[39m
                [36m<svg[39m
                  [33mclass[39m=[32m"w-5 h-5"[39m
                  [33mfill[39m=[32m"none"[39m
                  [33mstroke[39m=[32m"currentColor"[39m
                  [33mviewBox[39m=[32m"0 0 24 24"[39m
                [36m>[39m
                  [36m<path[39m
                    [33md[39m=[32m"M15 19l-7-7 7-7"[39m
                    [33mstroke-linecap[39m=[32m"round"[39m
                    [33mstroke-linejoin[39m=[32m"round"[39m
                    [33mstroke-width[39m=[32m"2"[39m
                  [36m/>[39m
                [36m</svg>[39m
              [36m</button>[39m
              [36m<button[39m
                [33maria-label[39m=[32m"Next image"[39m
                [33mclass[39m=[32m"p-2 rounded-md text-gray-600 hover:text-gray-900 hover:bg-gray-100"[39m
              [36m>[39m
                [36m<svg[39m
                  [33mclass[39m=[32m"w-5 h-5"[39m
                  [33mfill[39m=[32m"none"[39m
           ...
   ✓ FailedImageReviewModal > Processing Settings Section > handles missing processing settings gracefully 29ms
   × FailedImageReviewModal > Action Buttons > renders all action buttons in footer 35ms
     → Unable to find an element with the text: Approve Image. This could be because the text is broken up by multiple elements. In this case, you can provide a function for your text matcher to make your matcher more flexible.

Ignored nodes: comments, script, style
[36m<body>[39m
  [36m<div>[39m
    [36m<div[39m
      [33mclass[39m=[32m"fixed inset-0 bg-black bg-opacity-50 flex items-center justify-center z-50 p-4 overflow-hidden"[39m
      [33mdata-testid[39m=[32m"failed-image-review-modal"[39m
    [36m>[39m
      [36m<div[39m
        [33mclass[39m=[32m"relative bg-white rounded-lg shadow-xl max-w-6xl w-full max-h-[90vh] overflow-hidden"[39m
      [36m>[39m
        [36m<div[39m
          [33mclass[39m=[32m"flex items-center justify-between p-4 border-b border-gray-200"[39m
          [33mdata-testid[39m=[32m"modal-header"[39m
        [36m>[39m
          [36m<div[39m
            [33mclass[39m=[32m"flex items-center gap-3"[39m
          [36m>[39m
            [36m<h2[39m
              [33mclass[39m=[32m"text-xl font-semibold text-gray-900"[39m
            [36m>[39m
              [0mImage Details[0m
            [36m</h2>[39m
            [36m<div[39m
              [33mclass[39m=[32m"inline-flex items-center"[39m
            [36m>[39m
              [36m<span[39m
                [33mclass[39m=[32m"inline-flex items-center gap-1 px-2 py-1 rounded-full text-sm font-medium border bg-red-100 text-red-800 border-red-200"[39m
              [36m>[39m
                [36m<svg[39m
                  [33maria-hidden[39m=[32m"true"[39m
                  [33mclass[39m=[32m"w-4 h-4"[39m
                  [33mfill[39m=[32m"none"[39m
                  [33mstroke[39m=[32m"currentColor"[39m
                  [33mviewBox[39m=[32m"0 0 24 24"[39m
                [36m>[39m
                  [36m<path[39m
                    [33md[39m=[32m"M12 9v4m0 4h.01M10.29 3.86L1.82 18a2 2 0 001.71 3h16.94a2 2 0 001.71-3L13.71 3.86a2 2 0 00-3.42 0z"[39m
                    [33mstroke-linecap[39m=[32m"round"[39m
                    [33mstroke-linejoin[39m=[32m"round"[39m
                    [33mstroke-width[39m=[32m"2"[39m
                  [36m/>[39m
                [36m</svg>[39m
                [0mQC Failed[0m
              [36m</span>[39m
            [36m</div>[39m
          [36m</div>[39m
          [36m<div[39m
            [33mclass[39m=[32m"flex items-center gap-2"[39m
          [36m>[39m
            [36m<button[39m
              [33mclass[39m=[32m"review-modal-button bg-green-600 text-white hover:bg-green-700"[39m
              [33mtitle[39m=[32m"Approve image (move to success)"[39m
            [36m>[39m
              [36m<svg[39m
                [33mclass[39m=[32m"w-4 h-4"[39m
                [33mfill[39m=[32m"none"[39m
                [33mstroke[39m=[32m"currentColor"[39m
                [33mviewBox[39m=[32m"0 0 24 24"[39m
              [36m>[39m
                [36m<path[39m
                  [33md[39m=[32m"M5 13l4 4L19 7"[39m
                  [33mstroke-linecap[39m=[32m"round"[39m
                  [33mstroke-linejoin[39m=[32m"round"[39m
                  [33mstroke-width[39m=[32m"2"[39m
                [36m/>[39m
              [36m</svg>[39m
              [0mApprove[0m
            [36m</button>[39m
            [36m<button[39m
              [33mclass[39m=[32m"review-modal-button bg-blue-600 text-white hover:bg-blue-700"[39m
              [33mtitle[39m=[32m"Add image to retry pool"[39m
            [36m>[39m
              [36m<svg[39m
                [33mclass[39m=[32m"w-4 h-4"[39m
                [33mfill[39m=[32m"none"[39m
                [33mstroke[39m=[32m"currentColor"[39m
                [33mstroke-linecap[39m=[32m"round"[39m
                [33mstroke-linejoin[39m=[32m"round"[39m
                [33mstroke-width[39m=[32m"2"[39m
                [33mviewBox[39m=[32m"0 0 24 24"[39m
              [36m>[39m
                [36m<path[39m
                  [33md[39m=[32m"m15 14 5-5-5-5"[39m
                [36m/>[39m
                [36m<path[39m
                  [33md[39m=[32m"M20 9H9.5A5.5 5.5 0 0 0 4 14.5 5.5 5.5 0 0 0 9.5 20H13"[39m
                [36m/>[39m
              [36m</svg>[39m
              [0mAdd to Retry[0m
            [36m</button>[39m
            [36m<button[39m
              [33mclass[39m=[32m"review-modal-button bg-red-600 text-white hover:bg-red-700"[39m
              [33mtitle[39m=[32m"Delete image permanently"[39m
            [36m>[39m
              [36m<svg[39m
                [33mclass[39m=[32m"w-4 h-4"[39m
                [33mfill[39m=[32m"none"[39m
                [33mstroke[39m=[32m"currentColor"[39m
                [33mviewBox[39m=[32m"0 0 24 24"[39m
              [36m>[39m
                [36m<path[39m
                  [33md[39m=[32m"M19 7l-.867 12.142A2 2 0 0116.138 21H7.862a2 2 0 01-1.995-1.858L5 7m5 4v6m4-6v6m1-10V4a1 1 0 00-1-1h-4a1 1 0 00-1 1v3M4 7h16"[39m
                  [33mstroke-linecap[39m=[32m"round"[39m
                  [33mstroke-linejoin[39m=[32m"round"[39m
                  [33mstroke-width[39m=[32m"2"[39m
                [36m/>[39m
              [36m</svg>[39m
              [0mDelete[0m
            [36m</button>[39m
            [36m<button[39m
              [33maria-label[39m=[32m"Image Control Info"[39m
              [33mclass[39m=[32m"px-2 py-1 text-xs bg-white hover:bg-gray-50 border border-gray-200 text-gray-700 rounded"[39m
              [33mtitle[39m=[32m"Image Control Info"[39m
              [33mtype[39m=[32m"button"[39m
            [36m>[39m
              [0mImage Control Info[0m
            [36m</button>[39m
            [36m<div[39m
              [33mclass[39m=[32m"flex items-center space-x-1"[39m
            [36m>[39m
              [36m<button[39m
                [33maria-label[39m=[32m"Previous image"[39m
                [33mclass[39m=[32m"p-2 rounded-md text-gray-600 hover:text-gray-900 hover:bg-gray-100"[39m
              [36m>[39m
                [36m<svg[39m
                  [33mclass[39m=[32m"w-5 h-5"[39m
                  [33mfill[39m=[32m"none"[39m
                  [33mstroke[39m=[32m"currentColor"[39m
                  [33mviewBox[39m=[32m"0 0 24 24"[39m
                [36m>[39m
                  [36m<path[39m
                    [33md[39m=[32m"M15 19l-7-7 7-7"[39m
                    [33mstroke-linecap[39m=[32m"round"[39m
                    [33mstroke-linejoin[39m=[32m"round"[39m
                    [33mstroke-width[39m=[32m"2"[39m
                  [36m/>[39m
                [36m</svg>[39m
              [36m</button>[39m
              [36m<button[39m
                [33maria-label[39m=[32m"Next image"[39m
                [33mclass[39m=[32m"p-2 rounded-md text-gray-600 hover:text-gray-900 hover:bg-gray-100"[39m
              [36m>[39m
                [36m<svg[39m
                  [33mclass[39m=[32m"w-5 h-5"[39m
                  [33mfill[39m=[32m"none"[39m
           ...
   × FailedImageReviewModal > Action Buttons > calls onAction with correct parameters for approve 46ms
     → Unable to find an element with the text: Approve Image. This could be because the text is broken up by multiple elements. In this case, you can provide a function for your text matcher to make your matcher more flexible.

Ignored nodes: comments, script, style
[36m<body>[39m
  [36m<div>[39m
    [36m<div[39m
      [33mclass[39m=[32m"fixed inset-0 bg-black bg-opacity-50 flex items-center justify-center z-50 p-4 overflow-hidden"[39m
      [33mdata-testid[39m=[32m"failed-image-review-modal"[39m
    [36m>[39m
      [36m<div[39m
        [33mclass[39m=[32m"relative bg-white rounded-lg shadow-xl max-w-6xl w-full max-h-[90vh] overflow-hidden"[39m
      [36m>[39m
        [36m<div[39m
          [33mclass[39m=[32m"flex items-center justify-between p-4 border-b border-gray-200"[39m
          [33mdata-testid[39m=[32m"modal-header"[39m
        [36m>[39m
          [36m<div[39m
            [33mclass[39m=[32m"flex items-center gap-3"[39m
          [36m>[39m
            [36m<h2[39m
              [33mclass[39m=[32m"text-xl font-semibold text-gray-900"[39m
            [36m>[39m
              [0mImage Details[0m
            [36m</h2>[39m
            [36m<div[39m
              [33mclass[39m=[32m"inline-flex items-center"[39m
            [36m>[39m
              [36m<span[39m
                [33mclass[39m=[32m"inline-flex items-center gap-1 px-2 py-1 rounded-full text-sm font-medium border bg-red-100 text-red-800 border-red-200"[39m
              [36m>[39m
                [36m<svg[39m
                  [33maria-hidden[39m=[32m"true"[39m
                  [33mclass[39m=[32m"w-4 h-4"[39m
                  [33mfill[39m=[32m"none"[39m
                  [33mstroke[39m=[32m"currentColor"[39m
                  [33mviewBox[39m=[32m"0 0 24 24"[39m
                [36m>[39m
                  [36m<path[39m
                    [33md[39m=[32m"M12 9v4m0 4h.01M10.29 3.86L1.82 18a2 2 0 001.71 3h16.94a2 2 0 001.71-3L13.71 3.86a2 2 0 00-3.42 0z"[39m
                    [33mstroke-linecap[39m=[32m"round"[39m
                    [33mstroke-linejoin[39m=[32m"round"[39m
                    [33mstroke-width[39m=[32m"2"[39m
                  [36m/>[39m
                [36m</svg>[39m
                [0mQC Failed[0m
              [36m</span>[39m
            [36m</div>[39m
          [36m</div>[39m
          [36m<div[39m
            [33mclass[39m=[32m"flex items-center gap-2"[39m
          [36m>[39m
            [36m<button[39m
              [33mclass[39m=[32m"review-modal-button bg-green-600 text-white hover:bg-green-700"[39m
              [33mtitle[39m=[32m"Approve image (move to success)"[39m
            [36m>[39m
              [36m<svg[39m
                [33mclass[39m=[32m"w-4 h-4"[39m
                [33mfill[39m=[32m"none"[39m
                [33mstroke[39m=[32m"currentColor"[39m
                [33mviewBox[39m=[32m"0 0 24 24"[39m
              [36m>[39m
                [36m<path[39m
                  [33md[39m=[32m"M5 13l4 4L19 7"[39m
                  [33mstroke-linecap[39m=[32m"round"[39m
                  [33mstroke-linejoin[39m=[32m"round"[39m
                  [33mstroke-width[39m=[32m"2"[39m
                [36m/>[39m
              [36m</svg>[39m
              [0mApprove[0m
            [36m</button>[39m
            [36m<button[39m
              [33mclass[39m=[32m"review-modal-button bg-blue-600 text-white hover:bg-blue-700"[39m
              [33mtitle[39m=[32m"Add image to retry pool"[39m
            [36m>[39m
              [36m<svg[39m
                [33mclass[39m=[32m"w-4 h-4"[39m
                [33mfill[39m=[32m"none"[39m
                [33mstroke[39m=[32m"currentColor"[39m
                [33mstroke-linecap[39m=[32m"round"[39m
                [33mstroke-linejoin[39m=[32m"round"[39m
                [33mstroke-width[39m=[32m"2"[39m
                [33mviewBox[39m=[32m"0 0 24 24"[39m
              [36m>[39m
                [36m<path[39m
                  [33md[39m=[32m"m15 14 5-5-5-5"[39m
                [36m/>[39m
                [36m<path[39m
                  [33md[39m=[32m"M20 9H9.5A5.5 5.5 0 0 0 4 14.5 5.5 5.5 0 0 0 9.5 20H13"[39m
                [36m/>[39m
              [36m</svg>[39m
              [0mAdd to Retry[0m
            [36m</button>[39m
            [36m<button[39m
              [33mclass[39m=[32m"review-modal-button bg-red-600 text-white hover:bg-red-700"[39m
              [33mtitle[39m=[32m"Delete image permanently"[39m
            [36m>[39m
              [36m<svg[39m
                [33mclass[39m=[32m"w-4 h-4"[39m
                [33mfill[39m=[32m"none"[39m
                [33mstroke[39m=[32m"currentColor"[39m
                [33mviewBox[39m=[32m"0 0 24 24"[39m
              [36m>[39m
                [36m<path[39m
                  [33md[39m=[32m"M19 7l-.867 12.142A2 2 0 0116.138 21H7.862a2 2 0 01-1.995-1.858L5 7m5 4v6m4-6v6m1-10V4a1 1 0 00-1-1h-4a1 1 0 00-1 1v3M4 7h16"[39m
                  [33mstroke-linecap[39m=[32m"round"[39m
                  [33mstroke-linejoin[39m=[32m"round"[39m
                  [33mstroke-width[39m=[32m"2"[39m
                [36m/>[39m
              [36m</svg>[39m
              [0mDelete[0m
            [36m</button>[39m
            [36m<button[39m
              [33maria-label[39m=[32m"Image Control Info"[39m
              [33mclass[39m=[32m"px-2 py-1 text-xs bg-white hover:bg-gray-50 border border-gray-200 text-gray-700 rounded"[39m
              [33mtitle[39m=[32m"Image Control Info"[39m
              [33mtype[39m=[32m"button"[39m
            [36m>[39m
              [0mImage Control Info[0m
            [36m</button>[39m
            [36m<div[39m
              [33mclass[39m=[32m"flex items-center space-x-1"[39m
            [36m>[39m
              [36m<button[39m
                [33maria-label[39m=[32m"Previous image"[39m
                [33mclass[39m=[32m"p-2 rounded-md text-gray-600 hover:text-gray-900 hover:bg-gray-100"[39m
              [36m>[39m
                [36m<svg[39m
                  [33mclass[39m=[32m"w-5 h-5"[39m
                  [33mfill[39m=[32m"none"[39m
                  [33mstroke[39m=[32m"currentColor"[39m
                  [33mviewBox[39m=[32m"0 0 24 24"[39m
                [36m>[39m
                  [36m<path[39m
                    [33md[39m=[32m"M15 19l-7-7 7-7"[39m
                    [33mstroke-linecap[39m=[32m"round"[39m
                    [33mstroke-linejoin[39m=[32m"round"[39m
                    [33mstroke-width[39m=[32m"2"[39m
                  [36m/>[39m
                [36m</svg>[39m
              [36m</button>[39m
              [36m<button[39m
                [33maria-label[39m=[32m"Next image"[39m
                [33mclass[39m=[32m"p-2 rounded-md text-gray-600 hover:text-gray-900 hover:bg-gray-100"[39m
              [36m>[39m
                [36m<svg[39m
                  [33mclass[39m=[32m"w-5 h-5"[39m
                  [33mfill[39m=[32m"none"[39m
           ...
   × FailedImageReviewModal > Action Buttons > calls onAction with correct parameters for retry 41ms
     → Unable to find an element with the text: Add to Retry Pool. This could be because the text is broken up by multiple elements. In this case, you can provide a function for your text matcher to make your matcher more flexible.

Ignored nodes: comments, script, style
[36m<body>[39m
  [36m<div>[39m
    [36m<div[39m
      [33mclass[39m=[32m"fixed inset-0 bg-black bg-opacity-50 flex items-center justify-center z-50 p-4 overflow-hidden"[39m
      [33mdata-testid[39m=[32m"failed-image-review-modal"[39m
    [36m>[39m
      [36m<div[39m
        [33mclass[39m=[32m"relative bg-white rounded-lg shadow-xl max-w-6xl w-full max-h-[90vh] overflow-hidden"[39m
      [36m>[39m
        [36m<div[39m
          [33mclass[39m=[32m"flex items-center justify-between p-4 border-b border-gray-200"[39m
          [33mdata-testid[39m=[32m"modal-header"[39m
        [36m>[39m
          [36m<div[39m
            [33mclass[39m=[32m"flex items-center gap-3"[39m
          [36m>[39m
            [36m<h2[39m
              [33mclass[39m=[32m"text-xl font-semibold text-gray-900"[39m
            [36m>[39m
              [0mImage Details[0m
            [36m</h2>[39m
            [36m<div[39m
              [33mclass[39m=[32m"inline-flex items-center"[39m
            [36m>[39m
              [36m<span[39m
                [33mclass[39m=[32m"inline-flex items-center gap-1 px-2 py-1 rounded-full text-sm font-medium border bg-red-100 text-red-800 border-red-200"[39m
              [36m>[39m
                [36m<svg[39m
                  [33maria-hidden[39m=[32m"true"[39m
                  [33mclass[39m=[32m"w-4 h-4"[39m
                  [33mfill[39m=[32m"none"[39m
                  [33mstroke[39m=[32m"currentColor"[39m
                  [33mviewBox[39m=[32m"0 0 24 24"[39m
                [36m>[39m
                  [36m<path[39m
                    [33md[39m=[32m"M12 9v4m0 4h.01M10.29 3.86L1.82 18a2 2 0 001.71 3h16.94a2 2 0 001.71-3L13.71 3.86a2 2 0 00-3.42 0z"[39m
                    [33mstroke-linecap[39m=[32m"round"[39m
                    [33mstroke-linejoin[39m=[32m"round"[39m
                    [33mstroke-width[39m=[32m"2"[39m
                  [36m/>[39m
                [36m</svg>[39m
                [0mQC Failed[0m
              [36m</span>[39m
            [36m</div>[39m
          [36m</div>[39m
          [36m<div[39m
            [33mclass[39m=[32m"flex items-center gap-2"[39m
          [36m>[39m
            [36m<button[39m
              [33mclass[39m=[32m"review-modal-button bg-green-600 text-white hover:bg-green-700"[39m
              [33mtitle[39m=[32m"Approve image (move to success)"[39m
            [36m>[39m
              [36m<svg[39m
                [33mclass[39m=[32m"w-4 h-4"[39m
                [33mfill[39m=[32m"none"[39m
                [33mstroke[39m=[32m"currentColor"[39m
                [33mviewBox[39m=[32m"0 0 24 24"[39m
              [36m>[39m
                [36m<path[39m
                  [33md[39m=[32m"M5 13l4 4L19 7"[39m
                  [33mstroke-linecap[39m=[32m"round"[39m
                  [33mstroke-linejoin[39m=[32m"round"[39m
                  [33mstroke-width[39m=[32m"2"[39m
                [36m/>[39m
              [36m</svg>[39m
              [0mApprove[0m
            [36m</button>[39m
            [36m<button[39m
              [33mclass[39m=[32m"review-modal-button bg-blue-600 text-white hover:bg-blue-700"[39m
              [33mtitle[39m=[32m"Add image to retry pool"[39m
            [36m>[39m
              [36m<svg[39m
                [33mclass[39m=[32m"w-4 h-4"[39m
                [33mfill[39m=[32m"none"[39m
                [33mstroke[39m=[32m"currentColor"[39m
                [33mstroke-linecap[39m=[32m"round"[39m
                [33mstroke-linejoin[39m=[32m"round"[39m
                [33mstroke-width[39m=[32m"2"[39m
                [33mviewBox[39m=[32m"0 0 24 24"[39m
              [36m>[39m
                [36m<path[39m
                  [33md[39m=[32m"m15 14 5-5-5-5"[39m
                [36m/>[39m
                [36m<path[39m
                  [33md[39m=[32m"M20 9H9.5A5.5 5.5 0 0 0 4 14.5 5.5 5.5 0 0 0 9.5 20H13"[39m
                [36m/>[39m
              [36m</svg>[39m
              [0mAdd to Retry[0m
            [36m</button>[39m
            [36m<button[39m
              [33mclass[39m=[32m"review-modal-button bg-red-600 text-white hover:bg-red-700"[39m
              [33mtitle[39m=[32m"Delete image permanently"[39m
            [36m>[39m
              [36m<svg[39m
                [33mclass[39m=[32m"w-4 h-4"[39m
                [33mfill[39m=[32m"none"[39m
                [33mstroke[39m=[32m"currentColor"[39m
                [33mviewBox[39m=[32m"0 0 24 24"[39m
              [36m>[39m
                [36m<path[39m
                  [33md[39m=[32m"M19 7l-.867 12.142A2 2 0 0116.138 21H7.862a2 2 0 01-1.995-1.858L5 7m5 4v6m4-6v6m1-10V4a1 1 0 00-1-1h-4a1 1 0 00-1 1v3M4 7h16"[39m
                  [33mstroke-linecap[39m=[32m"round"[39m
                  [33mstroke-linejoin[39m=[32m"round"[39m
                  [33mstroke-width[39m=[32m"2"[39m
                [36m/>[39m
              [36m</svg>[39m
              [0mDelete[0m
            [36m</button>[39m
            [36m<button[39m
              [33maria-label[39m=[32m"Image Control Info"[39m
              [33mclass[39m=[32m"px-2 py-1 text-xs bg-white hover:bg-gray-50 border border-gray-200 text-gray-700 rounded"[39m
              [33mtitle[39m=[32m"Image Control Info"[39m
              [33mtype[39m=[32m"button"[39m
            [36m>[39m
              [0mImage Control Info[0m
            [36m</button>[39m
            [36m<div[39m
              [33mclass[39m=[32m"flex items-center space-x-1"[39m
            [36m>[39m
              [36m<button[39m
                [33maria-label[39m=[32m"Previous image"[39m
                [33mclass[39m=[32m"p-2 rounded-md text-gray-600 hover:text-gray-900 hover:bg-gray-100"[39m
              [36m>[39m
                [36m<svg[39m
                  [33mclass[39m=[32m"w-5 h-5"[39m
                  [33mfill[39m=[32m"none"[39m
                  [33mstroke[39m=[32m"currentColor"[39m
                  [33mviewBox[39m=[32m"0 0 24 24"[39m
                [36m>[39m
                  [36m<path[39m
                    [33md[39m=[32m"M15 19l-7-7 7-7"[39m
                    [33mstroke-linecap[39m=[32m"round"[39m
                    [33mstroke-linejoin[39m=[32m"round"[39m
                    [33mstroke-width[39m=[32m"2"[39m
                  [36m/>[39m
                [36m</svg>[39m
              [36m</button>[39m
              [36m<button[39m
                [33maria-label[39m=[32m"Next image"[39m
                [33mclass[39m=[32m"p-2 rounded-md text-gray-600 hover:text-gray-900 hover:bg-gray-100"[39m
              [36m>[39m
                [36m<svg[39m
                  [33mclass[39m=[32m"w-5 h-5"[39m
                  [33mfill[39m=[32m"none"[39m
           ...
   × FailedImageReviewModal > Action Buttons > calls onAction with correct parameters for delete 32ms
     → Unable to find an element with the text: Delete Image. This could be because the text is broken up by multiple elements. In this case, you can provide a function for your text matcher to make your matcher more flexible.

Ignored nodes: comments, script, style
[36m<body>[39m
  [36m<div>[39m
    [36m<div[39m
      [33mclass[39m=[32m"fixed inset-0 bg-black bg-opacity-50 flex items-center justify-center z-50 p-4 overflow-hidden"[39m
      [33mdata-testid[39m=[32m"failed-image-review-modal"[39m
    [36m>[39m
      [36m<div[39m
        [33mclass[39m=[32m"relative bg-white rounded-lg shadow-xl max-w-6xl w-full max-h-[90vh] overflow-hidden"[39m
      [36m>[39m
        [36m<div[39m
          [33mclass[39m=[32m"flex items-center justify-between p-4 border-b border-gray-200"[39m
          [33mdata-testid[39m=[32m"modal-header"[39m
        [36m>[39m
          [36m<div[39m
            [33mclass[39m=[32m"flex items-center gap-3"[39m
          [36m>[39m
            [36m<h2[39m
              [33mclass[39m=[32m"text-xl font-semibold text-gray-900"[39m
            [36m>[39m
              [0mImage Details[0m
            [36m</h2>[39m
            [36m<div[39m
              [33mclass[39m=[32m"inline-flex items-center"[39m
            [36m>[39m
              [36m<span[39m
                [33mclass[39m=[32m"inline-flex items-center gap-1 px-2 py-1 rounded-full text-sm font-medium border bg-red-100 text-red-800 border-red-200"[39m
              [36m>[39m
                [36m<svg[39m
                  [33maria-hidden[39m=[32m"true"[39m
                  [33mclass[39m=[32m"w-4 h-4"[39m
                  [33mfill[39m=[32m"none"[39m
                  [33mstroke[39m=[32m"currentColor"[39m
                  [33mviewBox[39m=[32m"0 0 24 24"[39m
                [36m>[39m
                  [36m<path[39m
                    [33md[39m=[32m"M12 9v4m0 4h.01M10.29 3.86L1.82 18a2 2 0 001.71 3h16.94a2 2 0 001.71-3L13.71 3.86a2 2 0 00-3.42 0z"[39m
                    [33mstroke-linecap[39m=[32m"round"[39m
                    [33mstroke-linejoin[39m=[32m"round"[39m
                    [33mstroke-width[39m=[32m"2"[39m
                  [36m/>[39m
                [36m</svg>[39m
                [0mQC Failed[0m
              [36m</span>[39m
            [36m</div>[39m
          [36m</div>[39m
          [36m<div[39m
            [33mclass[39m=[32m"flex items-center gap-2"[39m
          [36m>[39m
            [36m<button[39m
              [33mclass[39m=[32m"review-modal-button bg-green-600 text-white hover:bg-green-700"[39m
              [33mtitle[39m=[32m"Approve image (move to success)"[39m
            [36m>[39m
              [36m<svg[39m
                [33mclass[39m=[32m"w-4 h-4"[39m
                [33mfill[39m=[32m"none"[39m
                [33mstroke[39m=[32m"currentColor"[39m
                [33mviewBox[39m=[32m"0 0 24 24"[39m
              [36m>[39m
                [36m<path[39m
                  [33md[39m=[32m"M5 13l4 4L19 7"[39m
                  [33mstroke-linecap[39m=[32m"round"[39m
                  [33mstroke-linejoin[39m=[32m"round"[39m
                  [33mstroke-width[39m=[32m"2"[39m
                [36m/>[39m
              [36m</svg>[39m
              [0mApprove[0m
            [36m</button>[39m
            [36m<button[39m
              [33mclass[39m=[32m"review-modal-button bg-blue-600 text-white hover:bg-blue-700"[39m
              [33mtitle[39m=[32m"Add image to retry pool"[39m
            [36m>[39m
              [36m<svg[39m
                [33mclass[39m=[32m"w-4 h-4"[39m
                [33mfill[39m=[32m"none"[39m
                [33mstroke[39m=[32m"currentColor"[39m
                [33mstroke-linecap[39m=[32m"round"[39m
                [33mstroke-linejoin[39m=[32m"round"[39m
                [33mstroke-width[39m=[32m"2"[39m
                [33mviewBox[39m=[32m"0 0 24 24"[39m
              [36m>[39m
                [36m<path[39m
                  [33md[39m=[32m"m15 14 5-5-5-5"[39m
                [36m/>[39m
                [36m<path[39m
                  [33md[39m=[32m"M20 9H9.5A5.5 5.5 0 0 0 4 14.5 5.5 5.5 0 0 0 9.5 20H13"[39m
                [36m/>[39m
              [36m</svg>[39m
              [0mAdd to Retry[0m
            [36m</button>[39m
            [36m<button[39m
              [33mclass[39m=[32m"review-modal-button bg-red-600 text-white hover:bg-red-700"[39m
              [33mtitle[39m=[32m"Delete image permanently"[39m
            [36m>[39m
              [36m<svg[39m
                [33mclass[39m=[32m"w-4 h-4"[39m
                [33mfill[39m=[32m"none"[39m
                [33mstroke[39m=[32m"currentColor"[39m
                [33mviewBox[39m=[32m"0 0 24 24"[39m
              [36m>[39m
                [36m<path[39m
                  [33md[39m=[32m"M19 7l-.867 12.142A2 2 0 0116.138 21H7.862a2 2 0 01-1.995-1.858L5 7m5 4v6m4-6v6m1-10V4a1 1 0 00-1-1h-4a1 1 0 00-1 1v3M4 7h16"[39m
                  [33mstroke-linecap[39m=[32m"round"[39m
                  [33mstroke-linejoin[39m=[32m"round"[39m
                  [33mstroke-width[39m=[32m"2"[39m
                [36m/>[39m
              [36m</svg>[39m
              [0mDelete[0m
            [36m</button>[39m
            [36m<button[39m
              [33maria-label[39m=[32m"Image Control Info"[39m
              [33mclass[39m=[32m"px-2 py-1 text-xs bg-white hover:bg-gray-50 border border-gray-200 text-gray-700 rounded"[39m
              [33mtitle[39m=[32m"Image Control Info"[39m
              [33mtype[39m=[32m"button"[39m
            [36m>[39m
              [0mImage Control Info[0m
            [36m</button>[39m
            [36m<div[39m
              [33mclass[39m=[32m"flex items-center space-x-1"[39m
            [36m>[39m
              [36m<button[39m
                [33maria-label[39m=[32m"Previous image"[39m
                [33mclass[39m=[32m"p-2 rounded-md text-gray-600 hover:text-gray-900 hover:bg-gray-100"[39m
              [36m>[39m
                [36m<svg[39m
                  [33mclass[39m=[32m"w-5 h-5"[39m
                  [33mfill[39m=[32m"none"[39m
                  [33mstroke[39m=[32m"currentColor"[39m
                  [33mviewBox[39m=[32m"0 0 24 24"[39m
                [36m>[39m
                  [36m<path[39m
                    [33md[39m=[32m"M15 19l-7-7 7-7"[39m
                    [33mstroke-linecap[39m=[32m"round"[39m
                    [33mstroke-linejoin[39m=[32m"round"[39m
                    [33mstroke-width[39m=[32m"2"[39m
                  [36m/>[39m
                [36m</svg>[39m
              [36m</button>[39m
              [36m<button[39m
                [33maria-label[39m=[32m"Next image"[39m
                [33mclass[39m=[32m"p-2 rounded-md text-gray-600 hover:text-gray-900 hover:bg-gray-100"[39m
              [36m>[39m
                [36m<svg[39m
                  [33mclass[39m=[32m"w-5 h-5"[39m
                  [33mfill[39m=[32m"none"[39m
           ...
   × FailedImageReviewModal > Button Styling and Accessibility > applies correct button styles 29ms
     → Unable to find an element with the text: ✓ Approve Image. This could be because the text is broken up by multiple elements. In this case, you can provide a function for your text matcher to make your matcher more flexible.

Ignored nodes: comments, script, style
[36m<body>[39m
  [36m<div>[39m
    [36m<div[39m
      [33mclass[39m=[32m"fixed inset-0 bg-black bg-opacity-50 flex items-center justify-center z-50 p-4 overflow-hidden"[39m
      [33mdata-testid[39m=[32m"failed-image-review-modal"[39m
    [36m>[39m
      [36m<div[39m
        [33mclass[39m=[32m"relative bg-white rounded-lg shadow-xl max-w-6xl w-full max-h-[90vh] overflow-hidden"[39m
      [36m>[39m
        [36m<div[39m
          [33mclass[39m=[32m"flex items-center justify-between p-4 border-b border-gray-200"[39m
          [33mdata-testid[39m=[32m"modal-header"[39m
        [36m>[39m
          [36m<div[39m
            [33mclass[39m=[32m"flex items-center gap-3"[39m
          [36m>[39m
            [36m<h2[39m
              [33mclass[39m=[32m"text-xl font-semibold text-gray-900"[39m
            [36m>[39m
              [0mImage Details[0m
            [36m</h2>[39m
            [36m<div[39m
              [33mclass[39m=[32m"inline-flex items-center"[39m
            [36m>[39m
              [36m<span[39m
                [33mclass[39m=[32m"inline-flex items-center gap-1 px-2 py-1 rounded-full text-sm font-medium border bg-red-100 text-red-800 border-red-200"[39m
              [36m>[39m
                [36m<svg[39m
                  [33maria-hidden[39m=[32m"true"[39m
                  [33mclass[39m=[32m"w-4 h-4"[39m
                  [33mfill[39m=[32m"none"[39m
                  [33mstroke[39m=[32m"currentColor"[39m
                  [33mviewBox[39m=[32m"0 0 24 24"[39m
                [36m>[39m
                  [36m<path[39m
                    [33md[39m=[32m"M12 9v4m0 4h.01M10.29 3.86L1.82 18a2 2 0 001.71 3h16.94a2 2 0 001.71-3L13.71 3.86a2 2 0 00-3.42 0z"[39m
                    [33mstroke-linecap[39m=[32m"round"[39m
                    [33mstroke-linejoin[39m=[32m"round"[39m
                    [33mstroke-width[39m=[32m"2"[39m
                  [36m/>[39m
                [36m</svg>[39m
                [0mQC Failed[0m
              [36m</span>[39m
            [36m</div>[39m
          [36m</div>[39m
          [36m<div[39m
            [33mclass[39m=[32m"flex items-center gap-2"[39m
          [36m>[39m
            [36m<button[39m
              [33mclass[39m=[32m"review-modal-button bg-green-600 text-white hover:bg-green-700"[39m
              [33mtitle[39m=[32m"Approve image (move to success)"[39m
            [36m>[39m
              [36m<svg[39m
                [33mclass[39m=[32m"w-4 h-4"[39m
                [33mfill[39m=[32m"none"[39m
                [33mstroke[39m=[32m"currentColor"[39m
                [33mviewBox[39m=[32m"0 0 24 24"[39m
              [36m>[39m
                [36m<path[39m
                  [33md[39m=[32m"M5 13l4 4L19 7"[39m
                  [33mstroke-linecap[39m=[32m"round"[39m
                  [33mstroke-linejoin[39m=[32m"round"[39m
                  [33mstroke-width[39m=[32m"2"[39m
                [36m/>[39m
              [36m</svg>[39m
              [0mApprove[0m
            [36m</button>[39m
            [36m<button[39m
              [33mclass[39m=[32m"review-modal-button bg-blue-600 text-white hover:bg-blue-700"[39m
              [33mtitle[39m=[32m"Add image to retry pool"[39m
            [36m>[39m
              [36m<svg[39m
                [33mclass[39m=[32m"w-4 h-4"[39m
                [33mfill[39m=[32m"none"[39m
                [33mstroke[39m=[32m"currentColor"[39m
                [33mstroke-linecap[39m=[32m"round"[39m
                [33mstroke-linejoin[39m=[32m"round"[39m
                [33mstroke-width[39m=[32m"2"[39m
                [33mviewBox[39m=[32m"0 0 24 24"[39m
              [36m>[39m
                [36m<path[39m
                  [33md[39m=[32m"m15 14 5-5-5-5"[39m
                [36m/>[39m
                [36m<path[39m
                  [33md[39m=[32m"M20 9H9.5A5.5 5.5 0 0 0 4 14.5 5.5 5.5 0 0 0 9.5 20H13"[39m
                [36m/>[39m
              [36m</svg>[39m
              [0mAdd to Retry[0m
            [36m</button>[39m
            [36m<button[39m
              [33mclass[39m=[32m"review-modal-button bg-red-600 text-white hover:bg-red-700"[39m
              [33mtitle[39m=[32m"Delete image permanently"[39m
            [36m>[39m
              [36m<svg[39m
                [33mclass[39m=[32m"w-4 h-4"[39m
                [33mfill[39m=[32m"none"[39m
                [33mstroke[39m=[32m"currentColor"[39m
                [33mviewBox[39m=[32m"0 0 24 24"[39m
              [36m>[39m
                [36m<path[39m
                  [33md[39m=[32m"M19 7l-.867 12.142A2 2 0 0116.138 21H7.862a2 2 0 01-1.995-1.858L5 7m5 4v6m4-6v6m1-10V4a1 1 0 00-1-1h-4a1 1 0 00-1 1v3M4 7h16"[39m
                  [33mstroke-linecap[39m=[32m"round"[39m
                  [33mstroke-linejoin[39m=[32m"round"[39m
                  [33mstroke-width[39m=[32m"2"[39m
                [36m/>[39m
              [36m</svg>[39m
              [0mDelete[0m
            [36m</button>[39m
            [36m<button[39m
              [33maria-label[39m=[32m"Image Control Info"[39m
              [33mclass[39m=[32m"px-2 py-1 text-xs bg-white hover:bg-gray-50 border border-gray-200 text-gray-700 rounded"[39m
              [33mtitle[39m=[32m"Image Control Info"[39m
              [33mtype[39m=[32m"button"[39m
            [36m>[39m
              [0mImage Control Info[0m
            [36m</button>[39m
            [36m<div[39m
              [33mclass[39m=[32m"flex items-center space-x-1"[39m
            [36m>[39m
              [36m<button[39m
                [33maria-label[39m=[32m"Previous image"[39m
                [33mclass[39m=[32m"p-2 rounded-md text-gray-600 hover:text-gray-900 hover:bg-gray-100"[39m
              [36m>[39m
                [36m<svg[39m
                  [33mclass[39m=[32m"w-5 h-5"[39m
                  [33mfill[39m=[32m"none"[39m
                  [33mstroke[39m=[32m"currentColor"[39m
                  [33mviewBox[39m=[32m"0 0 24 24"[39m
                [36m>[39m
                  [36m<path[39m
                    [33md[39m=[32m"M15 19l-7-7 7-7"[39m
                    [33mstroke-linecap[39m=[32m"round"[39m
                    [33mstroke-linejoin[39m=[32m"round"[39m
                    [33mstroke-width[39m=[32m"2"[39m
                  [36m/>[39m
                [36m</svg>[39m
              [36m</button>[39m
              [36m<button[39m
                [33maria-label[39m=[32m"Next image"[39m
                [33mclass[39m=[32m"p-2 rounded-md text-gray-600 hover:text-gray-900 hover:bg-gray-100"[39m
              [36m>[39m
                [36m<svg[39m
                  [33mclass[39m=[32m"w-5 h-5"[39m
                  [33mfill[39m=[32m"none"[39m
           ...
   ✓ FailedImageReviewModal > Button Styling and Accessibility > provides helpful tooltips for buttons 25ms
   × FailedImageReviewModal > Button Styling and Accessibility > ensures buttons are properly sized and spaced 23ms
     → Unable to find an element by: [data-testid="modal-footer"]

Ignored nodes: comments, script, style
[36m<body>[39m
  [36m<div>[39m
    [36m<div[39m
      [33mclass[39m=[32m"fixed inset-0 bg-black bg-opacity-50 flex items-center justify-center z-50 p-4 overflow-hidden"[39m
      [33mdata-testid[39m=[32m"failed-image-review-modal"[39m
    [36m>[39m
      [36m<div[39m
        [33mclass[39m=[32m"relative bg-white rounded-lg shadow-xl max-w-6xl w-full max-h-[90vh] overflow-hidden"[39m
      [36m>[39m
        [36m<div[39m
          [33mclass[39m=[32m"flex items-center justify-between p-4 border-b border-gray-200"[39m
          [33mdata-testid[39m=[32m"modal-header"[39m
        [36m>[39m
          [36m<div[39m
            [33mclass[39m=[32m"flex items-center gap-3"[39m
          [36m>[39m
            [36m<h2[39m
              [33mclass[39m=[32m"text-xl font-semibold text-gray-900"[39m
            [36m>[39m
              [0mImage Details[0m
            [36m</h2>[39m
            [36m<div[39m
              [33mclass[39m=[32m"inline-flex items-center"[39m
            [36m>[39m
              [36m<span[39m
                [33mclass[39m=[32m"inline-flex items-center gap-1 px-2 py-1 rounded-full text-sm font-medium border bg-red-100 text-red-800 border-red-200"[39m
              [36m>[39m
                [36m<svg[39m
                  [33maria-hidden[39m=[32m"true"[39m
                  [33mclass[39m=[32m"w-4 h-4"[39m
                  [33mfill[39m=[32m"none"[39m
                  [33mstroke[39m=[32m"currentColor"[39m
                  [33mviewBox[39m=[32m"0 0 24 24"[39m
                [36m>[39m
                  [36m<path[39m
                    [33md[39m=[32m"M12 9v4m0 4h.01M10.29 3.86L1.82 18a2 2 0 001.71 3h16.94a2 2 0 001.71-3L13.71 3.86a2 2 0 00-3.42 0z"[39m
                    [33mstroke-linecap[39m=[32m"round"[39m
                    [33mstroke-linejoin[39m=[32m"round"[39m
                    [33mstroke-width[39m=[32m"2"[39m
                  [36m/>[39m
                [36m</svg>[39m
                [0mQC Failed[0m
              [36m</span>[39m
            [36m</div>[39m
          [36m</div>[39m
          [36m<div[39m
            [33mclass[39m=[32m"flex items-center gap-2"[39m
          [36m>[39m
            [36m<button[39m
              [33mclass[39m=[32m"review-modal-button bg-green-600 text-white hover:bg-green-700"[39m
              [33mtitle[39m=[32m"Approve image (move to success)"[39m
            [36m>[39m
              [36m<svg[39m
                [33mclass[39m=[32m"w-4 h-4"[39m
                [33mfill[39m=[32m"none"[39m
                [33mstroke[39m=[32m"currentColor"[39m
                [33mviewBox[39m=[32m"0 0 24 24"[39m
              [36m>[39m
                [36m<path[39m
                  [33md[39m=[32m"M5 13l4 4L19 7"[39m
                  [33mstroke-linecap[39m=[32m"round"[39m
                  [33mstroke-linejoin[39m=[32m"round"[39m
                  [33mstroke-width[39m=[32m"2"[39m
                [36m/>[39m
              [36m</svg>[39m
              [0mApprove[0m
            [36m</button>[39m
            [36m<button[39m
              [33mclass[39m=[32m"review-modal-button bg-blue-600 text-white hover:bg-blue-700"[39m
              [33mtitle[39m=[32m"Add image to retry pool"[39m
            [36m>[39m
              [36m<svg[39m
                [33mclass[39m=[32m"w-4 h-4"[39m
                [33mfill[39m=[32m"none"[39m
                [33mstroke[39m=[32m"currentColor"[39m
                [33mstroke-linecap[39m=[32m"round"[39m
                [33mstroke-linejoin[39m=[32m"round"[39m
                [33mstroke-width[39m=[32m"2"[39m
                [33mviewBox[39m=[32m"0 0 24 24"[39m
              [36m>[39m
                [36m<path[39m
                  [33md[39m=[32m"m15 14 5-5-5-5"[39m
                [36m/>[39m
                [36m<path[39m
                  [33md[39m=[32m"M20 9H9.5A5.5 5.5 0 0 0 4 14.5 5.5 5.5 0 0 0 9.5 20H13"[39m
                [36m/>[39m
              [36m</svg>[39m
              [0mAdd to Retry[0m
            [36m</button>[39m
            [36m<button[39m
              [33mclass[39m=[32m"review-modal-button bg-red-600 text-white hover:bg-red-700"[39m
              [33mtitle[39m=[32m"Delete image permanently"[39m
            [36m>[39m
              [36m<svg[39m
                [33mclass[39m=[32m"w-4 h-4"[39m
                [33mfill[39m=[32m"none"[39m
                [33mstroke[39m=[32m"currentColor"[39m
                [33mviewBox[39m=[32m"0 0 24 24"[39m
              [36m>[39m
                [36m<path[39m
                  [33md[39m=[32m"M19 7l-.867 12.142A2 2 0 0116.138 21H7.862a2 2 0 01-1.995-1.858L5 7m5 4v6m4-6v6m1-10V4a1 1 0 00-1-1h-4a1 1 0 00-1 1v3M4 7h16"[39m
                  [33mstroke-linecap[39m=[32m"round"[39m
                  [33mstroke-linejoin[39m=[32m"round"[39m
                  [33mstroke-width[39m=[32m"2"[39m
                [36m/>[39m
              [36m</svg>[39m
              [0mDelete[0m
            [36m</button>[39m
            [36m<button[39m
              [33maria-label[39m=[32m"Image Control Info"[39m
              [33mclass[39m=[32m"px-2 py-1 text-xs bg-white hover:bg-gray-50 border border-gray-200 text-gray-700 rounded"[39m
              [33mtitle[39m=[32m"Image Control Info"[39m
              [33mtype[39m=[32m"button"[39m
            [36m>[39m
              [0mImage Control Info[0m
            [36m</button>[39m
            [36m<div[39m
              [33mclass[39m=[32m"flex items-center space-x-1"[39m
            [36m>[39m
              [36m<button[39m
                [33maria-label[39m=[32m"Previous image"[39m
                [33mclass[39m=[32m"p-2 rounded-md text-gray-600 hover:text-gray-900 hover:bg-gray-100"[39m
              [36m>[39m
                [36m<svg[39m
                  [33mclass[39m=[32m"w-5 h-5"[39m
                  [33mfill[39m=[32m"none"[39m
                  [33mstroke[39m=[32m"currentColor"[39m
                  [33mviewBox[39m=[32m"0 0 24 24"[39m
                [36m>[39m
                  [36m<path[39m
                    [33md[39m=[32m"M15 19l-7-7 7-7"[39m
                    [33mstroke-linecap[39m=[32m"round"[39m
                    [33mstroke-linejoin[39m=[32m"round"[39m
                    [33mstroke-width[39m=[32m"2"[39m
                  [36m/>[39m
                [36m</svg>[39m
              [36m</button>[39m
              [36m<button[39m
                [33maria-label[39m=[32m"Next image"[39m
                [33mclass[39m=[32m"p-2 rounded-md text-gray-600 hover:text-gray-900 hover:bg-gray-100"[39m
              [36m>[39m
                [36m<svg[39m
                  [33mclass[39m=[32m"w-5 h-5"[39m
                  [33mfill[39m=[32m"none"[39m
           ...
   ✓ FailedImageReviewModal > Modal Behavior > prevents body scroll when open 26ms
   ✓ FailedImageReviewModal > Modal Behavior > focuses close button on mount 26ms
   ✓ FailedImageReviewModal > Modal Behavior > handles click outside modal to close 26ms
   ✓ FailedImageReviewModal > Edge Cases > handles image without seed gracefully 24ms
   ✓ FailedImageReviewModal > Edge Cases > handles very long generation prompts 20ms
   ✓ FailedImageReviewModal > Edge Cases > handles missing job execution ID 16ms
   ✓ FailedImageReviewModal > Performance and Optimization > renders efficiently 46ms
   × FailedImageReviewModal > Performance and Optimization > handles rapid button clicks correctly 23ms
     → Unable to find an element with the text: ✓ Approve Image. This could be because the text is broken up by multiple elements. In this case, you can provide a function for your text matcher to make your matcher more flexible.

Ignored nodes: comments, script, style
[36m<body>[39m
  [36m<div>[39m
    [36m<div[39m
      [33mclass[39m=[32m"fixed inset-0 bg-black bg-opacity-50 flex items-center justify-center z-50 p-4 overflow-hidden"[39m
      [33mdata-testid[39m=[32m"failed-image-review-modal"[39m
    [36m>[39m
      [36m<div[39m
        [33mclass[39m=[32m"relative bg-white rounded-lg shadow-xl max-w-6xl w-full max-h-[90vh] overflow-hidden"[39m
      [36m>[39m
        [36m<div[39m
          [33mclass[39m=[32m"flex items-center justify-between p-4 border-b border-gray-200"[39m
          [33mdata-testid[39m=[32m"modal-header"[39m
        [36m>[39m
          [36m<div[39m
            [33mclass[39m=[32m"flex items-center gap-3"[39m
          [36m>[39m
            [36m<h2[39m
              [33mclass[39m=[32m"text-xl font-semibold text-gray-900"[39m
            [36m>[39m
              [0mImage Details[0m
            [36m</h2>[39m
            [36m<div[39m
              [33mclass[39m=[32m"inline-flex items-center"[39m
            [36m>[39m
              [36m<span[39m
                [33mclass[39m=[32m"inline-flex items-center gap-1 px-2 py-1 rounded-full text-sm font-medium border bg-red-100 text-red-800 border-red-200"[39m
              [36m>[39m
                [36m<svg[39m
                  [33maria-hidden[39m=[32m"true"[39m
                  [33mclass[39m=[32m"w-4 h-4"[39m
                  [33mfill[39m=[32m"none"[39m
                  [33mstroke[39m=[32m"currentColor"[39m
                  [33mviewBox[39m=[32m"0 0 24 24"[39m
                [36m>[39m
                  [36m<path[39m
                    [33md[39m=[32m"M12 9v4m0 4h.01M10.29 3.86L1.82 18a2 2 0 001.71 3h16.94a2 2 0 001.71-3L13.71 3.86a2 2 0 00-3.42 0z"[39m
                    [33mstroke-linecap[39m=[32m"round"[39m
                    [33mstroke-linejoin[39m=[32m"round"[39m
                    [33mstroke-width[39m=[32m"2"[39m
                  [36m/>[39m
                [36m</svg>[39m
                [0mQC Failed[0m
              [36m</span>[39m
            [36m</div>[39m
          [36m</div>[39m
          [36m<div[39m
            [33mclass[39m=[32m"flex items-center gap-2"[39m
          [36m>[39m
            [36m<button[39m
              [33mclass[39m=[32m"review-modal-button bg-green-600 text-white hover:bg-green-700"[39m
              [33mtitle[39m=[32m"Approve image (move to success)"[39m
            [36m>[39m
              [36m<svg[39m
                [33mclass[39m=[32m"w-4 h-4"[39m
                [33mfill[39m=[32m"none"[39m
                [33mstroke[39m=[32m"currentColor"[39m
                [33mviewBox[39m=[32m"0 0 24 24"[39m
              [36m>[39m
                [36m<path[39m
                  [33md[39m=[32m"M5 13l4 4L19 7"[39m
                  [33mstroke-linecap[39m=[32m"round"[39m
                  [33mstroke-linejoin[39m=[32m"round"[39m
                  [33mstroke-width[39m=[32m"2"[39m
                [36m/>[39m
              [36m</svg>[39m
              [0mApprove[0m
            [36m</button>[39m
            [36m<button[39m
              [33mclass[39m=[32m"review-modal-button bg-blue-600 text-white hover:bg-blue-700"[39m
              [33mtitle[39m=[32m"Add image to retry pool"[39m
            [36m>[39m
              [36m<svg[39m
                [33mclass[39m=[32m"w-4 h-4"[39m
                [33mfill[39m=[32m"none"[39m
                [33mstroke[39m=[32m"currentColor"[39m
                [33mstroke-linecap[39m=[32m"round"[39m
                [33mstroke-linejoin[39m=[32m"round"[39m
                [33mstroke-width[39m=[32m"2"[39m
                [33mviewBox[39m=[32m"0 0 24 24"[39m
              [36m>[39m
                [36m<path[39m
                  [33md[39m=[32m"m15 14 5-5-5-5"[39m
                [36m/>[39m
                [36m<path[39m
                  [33md[39m=[32m"M20 9H9.5A5.5 5.5 0 0 0 4 14.5 5.5 5.5 0 0 0 9.5 20H13"[39m
                [36m/>[39m
              [36m</svg>[39m
              [0mAdd to Retry[0m
            [36m</button>[39m
            [36m<button[39m
              [33mclass[39m=[32m"review-modal-button bg-red-600 text-white hover:bg-red-700"[39m
              [33mtitle[39m=[32m"Delete image permanently"[39m
            [36m>[39m
              [36m<svg[39m
                [33mclass[39m=[32m"w-4 h-4"[39m
                [33mfill[39m=[32m"none"[39m
                [33mstroke[39m=[32m"currentColor"[39m
                [33mviewBox[39m=[32m"0 0 24 24"[39m
              [36m>[39m
                [36m<path[39m
                  [33md[39m=[32m"M19 7l-.867 12.142A2 2 0 0116.138 21H7.862a2 2 0 01-1.995-1.858L5 7m5 4v6m4-6v6m1-10V4a1 1 0 00-1-1h-4a1 1 0 00-1 1v3M4 7h16"[39m
                  [33mstroke-linecap[39m=[32m"round"[39m
                  [33mstroke-linejoin[39m=[32m"round"[39m
                  [33mstroke-width[39m=[32m"2"[39m
                [36m/>[39m
              [36m</svg>[39m
              [0mDelete[0m
            [36m</button>[39m
            [36m<button[39m
              [33maria-label[39m=[32m"Image Control Info"[39m
              [33mclass[39m=[32m"px-2 py-1 text-xs bg-white hover:bg-gray-50 border border-gray-200 text-gray-700 rounded"[39m
              [33mtitle[39m=[32m"Image Control Info"[39m
              [33mtype[39m=[32m"button"[39m
            [36m>[39m
              [0mImage Control Info[0m
            [36m</button>[39m
            [36m<div[39m
              [33mclass[39m=[32m"flex items-center space-x-1"[39m
            [36m>[39m
              [36m<button[39m
                [33maria-label[39m=[32m"Previous image"[39m
                [33mclass[39m=[32m"p-2 rounded-md text-gray-600 hover:text-gray-900 hover:bg-gray-100"[39m
              [36m>[39m
                [36m<svg[39m
                  [33mclass[39m=[32m"w-5 h-5"[39m
                  [33mfill[39m=[32m"none"[39m
                  [33mstroke[39m=[32m"currentColor"[39m
                  [33mviewBox[39m=[32m"0 0 24 24"[39m
                [36m>[39m
                  [36m<path[39m
                    [33md[39m=[32m"M15 19l-7-7 7-7"[39m
                    [33mstroke-linecap[39m=[32m"round"[39m
                    [33mstroke-linejoin[39m=[32m"round"[39m
                    [33mstroke-width[39m=[32m"2"[39m
                  [36m/>[39m
                [36m</svg>[39m
              [36m</button>[39m
              [36m<button[39m
                [33maria-label[39m=[32m"Next image"[39m
                [33mclass[39m=[32m"p-2 rounded-md text-gray-600 hover:text-gray-900 hover:bg-gray-100"[39m
              [36m>[39m
                [36m<svg[39m
                  [33mclass[39m=[32m"w-5 h-5"[39m
                  [33mfill[39m=[32m"none"[39m
           ...
   ✓ FailedImageReviewModal > Performance and Optimization > maintains modal state during interactions 16ms
 ❯ src/renderer/components/Dashboard/__tests__/ProcessingSettingsModal.test.tsx (53 tests | 10 failed) 2071ms
   ✓ ProcessingSettingsModal > Modal Rendering > renders modal when isOpen is true 101ms
   ✓ ProcessingSettingsModal > Modal Rendering > does not render when isOpen is false 6ms
   ✓ ProcessingSettingsModal > Modal Rendering > displays selected image count in title 20ms
   ✓ ProcessingSettingsModal > Modal Rendering > renders with correct modal structure 23ms
   ✓ ProcessingSettingsModal > Header Section > displays modal title and subtitle with image count 23ms
   ✓ ProcessingSettingsModal > Header Section > renders close button 17ms
   ✓ ProcessingSettingsModal > Header Section > calls onClose when close button is clicked 27ms
   ✓ ProcessingSettingsModal > Header Section > does not close on Escape key by default 16ms
   ✓ ProcessingSettingsModal > Settings Choice Section > displays settings choice section title 23ms
   ✓ ProcessingSettingsModal > Settings Choice Section > renders radio buttons for settings choice 22ms
   ✓ ProcessingSettingsModal > Settings Choice Section > selects original settings by default 21ms
   ✓ ProcessingSettingsModal > Settings Choice Section > switches selection when radio buttons are clicked 52ms
   × ProcessingSettingsModal > Settings Choice Section > shows description for original settings 38ms
     → Unable to find an element with the text: /original job settings \(QC, metadata, processing\)/i. This could be because the text is broken up by multiple elements. In this case, you can provide a function for your text matcher to make your matcher more flexible.

Ignored nodes: comments, script, style
[36m<body>[39m
  [36m<div>[39m
    [36m<div[39m
      [33mclass[39m=[32m"fixed inset-0 bg-black bg-opacity-50 flex items-center justify-center z-50 p-4"[39m
      [33mdata-testid[39m=[32m"processing-settings-modal"[39m
    [36m>[39m
      [36m<div[39m
        [33mclass[39m=[32m"bg-white rounded-lg max-w-4xl w-full h-[90vh] overflow-hidden flex flex-col"[39m
      [36m>[39m
        [36m<div[39m
          [33mclass[39m=[32m"flex items-center justify-between p-6 border-b border-gray-200"[39m
          [33mdata-testid[39m=[32m"modal-header"[39m
        [36m>[39m
          [36m<div>[39m
            [36m<h2[39m
              [33mclass[39m=[32m"text-xl font-semibold text-gray-900"[39m
            [36m>[39m
              [0mRetry Processing Settings[0m
            [36m</h2>[39m
            [36m<p[39m
              [33mclass[39m=[32m"text-sm text-gray-600"[39m
            [36m>[39m
              [0mConfigure how to process [0m
              [0m3[0m
              [0m selected images for retry[0m
            [36m</p>[39m
          [36m</div>[39m
          [36m<button[39m
            [33maria-label[39m=[32m"Close modal"[39m
            [33mclass[39m=[32m"text-gray-400 hover:text-gray-600 transition-colors"[39m
            [33mtype[39m=[32m"button"[39m
          [36m>[39m
            [36m<svg[39m
              [33mclass[39m=[32m"w-6 h-6"[39m
              [33mfill[39m=[32m"none"[39m
              [33mstroke[39m=[32m"currentColor"[39m
              [33mviewBox[39m=[32m"0 0 24 24"[39m
            [36m>[39m
              [36m<path[39m
                [33md[39m=[32m"M6 18L18 6M6 6l12 12"[39m
                [33mstroke-linecap[39m=[32m"round"[39m
                [33mstroke-linejoin[39m=[32m"round"[39m
                [33mstroke-width[39m=[32m"2"[39m
              [36m/>[39m
            [36m</svg>[39m
          [36m</button>[39m
        [36m</div>[39m
        [36m<div[39m
          [33mclass[39m=[32m"p-6 overflow-y-auto flex-1 min-h-0 retry-modal-scroll"[39m
          [33mdata-testid[39m=[32m"modal-content"[39m
          [33mstyle[39m=[32m"scrollbar-gutter: stable both-edges;"[39m
        [36m>[39m
          [36m<div[39m
            [33mclass[39m=[32m"mb-6 p-4 bg-blue-50 border border-blue-200 rounded-lg"[39m
          [36m>[39m
            [36m<div[39m
              [33mclass[39m=[32m"flex items-start"[39m
            [36m>[39m
              [36m<svg[39m
                [33mclass[39m=[32m"w-5 h-5 text-blue-400 mt-0.5 mr-2"[39m
                [33mfill[39m=[32m"none"[39m
                [33mstroke[39m=[32m"currentColor"[39m
                [33mviewBox[39m=[32m"0 0 24 24"[39m
              [36m>[39m
                [36m<path[39m
                  [33md[39m=[32m"M13 16h-1v-4h-1m1-4h.01M21 12a9 9 0 11-18 0 9 9 0 0118 0z"[39m
                  [33mstroke-linecap[39m=[32m"round"[39m
                  [33mstroke-linejoin[39m=[32m"round"[39m
                  [33mstroke-width[39m=[32m"2"[39m
                [36m/>[39m
              [36m</svg>[39m
              [36m<div>[39m
                [36m<h4[39m
                  [33mclass[39m=[32m"text-sm font-medium text-blue-800"[39m
                [36m>[39m
                  [0mBatch Processing[0m
                [36m</h4>[39m
                [36m<p[39m
                  [33mclass[39m=[32m"text-sm text-blue-700 mt-1"[39m
                [36m>[39m
                  [0mAll [0m
                  [0m3[0m
                  [0m selected images will be processed together with the same settings. This ensures consistent results across the entire batch.[0m
                [36m</p>[39m
              [36m</div>[39m
            [36m</div>[39m
          [36m</div>[39m
          [36m<div[39m
            [33mclass[39m=[32m"mb-8"[39m
          [36m>[39m
            [36m<h3[39m
              [33mclass[39m=[32m"text-lg font-semibold text-gray-900 mb-4"[39m
            [36m>[39m
              [0mBatch Processing Method[0m
            [36m</h3>[39m
            [36m<div[39m
              [33mclass[39m=[32m"grid grid-cols-1 md:grid-cols-2 gap-4"[39m
            [36m>[39m
              [36m<label[39m
                [33mclass[39m=[32m"flex items-start gap-3 cursor-pointer p-4 border border-gray-200 rounded-lg hover:bg-gray-50"[39m
              [36m>[39m
                [36m<input[39m
                  [33maria-label[39m=[32m"Retry with Original Settings"[39m
                  [33mchecked[39m=[32m""[39m
                  [33mclass[39m=[32m"text-blue-600 focus:ring-0 focus:outline-none focus-visible:outline-none mt-1.5"[39m
                  [33mname[39m=[32m"processingMethod"[39m
                  [33mtype[39m=[32m"radio"[39m
                  [33mvalue[39m=[32m"original"[39m
                [36m/>[39m
                [36m<div>[39m
                  [36m<div[39m
                    [33mclass[39m=[32m"text-sm font-medium text-gray-900"[39m
                  [36m>[39m
                    [0mRetry with Original Settings[0m
                  [36m</div>[39m
                  [36m<div[39m
                    [33mclass[39m=[32m"text-xs text-gray-500 mt-1"[39m
                  [36m>[39m
                    [0mProcess all images with their original job settings (Metadata, processing)[0m
                  [36m</div>[39m
                [36m</div>[39m
              [36m</label>[39m
              [36m<label[39m
                [33mclass[39m=[32m"flex items-start gap-3 cursor-pointer p-4 border border-gray-200 rounded-lg hover:bg-gray-50"[39m
              [36m>[39m
                [36m<input[39m
                  [33maria-label[39m=[32m"Retry with Modified Settings"[39m
                  [33mclass[39m=[32m"text-blue-600 focus:ring-0 focus:outline-none focus-visible:outline-none mt-1.5"[39m
                  [33mname[39m=[32m"processingMethod"[39m
                  [33mtype[39m=[32m"radio"[39m
                  [33mvalue[39m=[32m"modified"[39m
                [36m/>[39m
                [36m<div>[39m
                  [36m<div[39m
                    [33mclass[39m=[32m"text-sm font-medium text-gray-900"[39m
                  [36m>[39m
                    [0mRetry with Modified Settings[0m
                  [36m</div>[39m
                  [36m<div[39m
                    [33mclass[39m=[32m"text-xs text-gray-500 mt-1"[39m
                  [36m>[39m
                    [0mProcess all images with new settings (Metadata, processing) — no image regeneration[0m
                  [36m</div>[39m
                [36m</div>[39m
              [36m</label>[39m
            [36m</div>[39m
          [36m</div>[39m
          [36m<div[39m
            [33mclass[39m=[32m"mb-8"[39m
          [36m>[39m
            [36m<h3[39m
              [33mclass[39m=[32m"text-lg font-semibold text-gray-900 mb-4"[39m
            [36m>[39m
              [0mMetadata Options[0m
            [36m</h3>[39m
            [36m<div[39m
              [33mclass[39m=[32m"p-4 bg-blue-50 border border-blue-200 rounded-lg"[39m
            [36m>[39m
              [36m<div[39m
                [33mclass[39m=[32m"flex items-start"[39m
              [36m>[39m
                [36m<svg[39m
                  [33mclass[39m=[32m"w-5 h-5 text-blue-400 mt-0.5 mr-2"[39m
                  [33mfill[39m=[32m"none"[39m
                  [33mstroke[39m=[32m"currentColor"[39m
                  [33mviewBox[39m=[32m"0 0 24 24"[39m
                [36m>[39m
                  [36m<path[39m
                    [33md[39m=[32m"M13 16h-1v-4h-1m1-4h.01M21 12a9 9 0 11-18 0 9 9 0 0118 0z"[39m
                    [33mstroke-linecap[39m=[32m"round"[39m
                    [33mstroke-linejoin[39m=[32m"round"[39m
                    [33mstroke-width[39m=[32m"2"[39m
                  [36m/>[39m
                [36m</svg>[39m
                [36m<div[39m
                  [33mclass[39m=[32m"flex-1"[39m
                [36m>[39m
                  [36m<h4[39m
                    [33mclass[39m=[32m"text-sm font-medium text-blue-800"[39m
                  [36m>[39m
                    [0mMetadata Regeneration[0m
                  [36m</h4>[39m
                  [36m<p[39m
                    [33mclass[39m=[32m"text-sm text-blue-700 mt-1"[39m
                  [36m>[39m
                    [0mChoose whether to regenerate metadata for the selected images during retry processing.[0m
                  [36m</p>[39m
                  [36m<div[39m
                    [33mclass[39m=[32m"mt-3"[39m
                  [36m>[39m
                    [36m<div[39m
                      [33mclass[39m=[32m"flex items-center justify-between"[39m
                    [36m>[39m
                      [36m<span[39m
                        [33mclass[39m=[32m"text-sm text-blue-800 font-medium"[39m
                      [36m>[39m
                        [0mAlso regenerate metadata (titles, descriptions, tags)[0m
                      [36m</span>[39m
                      [36m<button[39m
                        [33maria-checked[39m=[32m"false"[39m
                        [33mclass[39m=[32m""[39m
                        [33mrole[39m=[32m"switch"[39m
                        [33mstyle[39m=[32m"position: relative; display: inline-flex; align-items: center; width: 44px; height: 24px; border-radius: 12px; cursor: pointer; background-color: rgb(229, 231, 235); transition: background-color 0.2s ease-in-out; opacity: 1; outline: none;"[39m
                        [33mtype[39m=[32m"button"[39m
                      [36m>[39m
                        [36m<span[39m
                          [33mstyle[39m=[32m"position: absolute; left: 2px; width: 20px; height: 20px; border-radius: 50%; background-color: white; box-shadow: 0 1px 3px 0 rgba(0, 0, 0, 0.1); transition: transform 0.2s ease-in-out; transform: translateX(0);"[39m
                        [36m/>[39m
                      [36m</button>[39m
                    [36m</div>[39m
                    [36m<p[39m
                      [33mclass[39m=[32m"text-xs text-blue-600 mt-1"[39m
                    [36m>[39m
                      [0mThis will regenerate AI-generated metadata for all selected images using the current AI model settings.[0m
                    [36m</p>[39m
                  [36m</div>[39m
                [36m</div>[39m
              [36m</div>[39m
            [36m</div>[39m
          [36m</div>[39m
        [36m</div>[39m
        [36m<div[39m
          [33mclass[39m=[32m"flex justify-end space-x-3 p-6 border-t border-gray-200"[39m
          [33mdata-testid[39m=[32m"modal-footer"[39m
        [36m>[39m
          [36m<button[39m
            [33mclass[39m=[32m"px-4 py-2 text-sm text-gray-600 hover:text-gray-800 hover:bg-gray-100 rounded-md transition-colors"[39m
          [36m>[39m
            [0mCancel[0m
          [36m</button>[39m
          [36m<button[39m
            [33mclass[39m=[32m"px-6 py-2 text-sm bg-blue-600 text-white rounded-md hover:bg-blue-700 transition-colors font-medium"[39m
          [36m>[39m
            [0mRetry with Original Settings[0m
            [0m ([0m
            [0m3[0m
            [0m images)[0m
          [36m</button>[39m
        [36m</div>[39m
      [36m</div>[39m
    [36m</div>[39m
  [36m</div>[39m
[36m</body>[39m
   ✓ ProcessingSettingsModal > Settings Choice Section > shows description for modified settings 27ms
   ✓ ProcessingSettingsModal > Batch Processing Info > displays batch processing information 19ms
   ✓ ProcessingSettingsModal > Batch Processing Info > shows correct image count in batch info 13ms
   ✓ ProcessingSettingsModal > Modified Settings Section > shows modified settings section when modified radio is selected 39ms
   ✓ ProcessingSettingsModal > Modified Settings Section > hides modified settings section when original radio is selected 17ms
   ✓ ProcessingSettingsModal > Modified Settings Section > displays important note about image regeneration 68ms
   ✓ ProcessingSettingsModal > Image Enhancement Settings > displays image enhancement section 29ms
   ✓ ProcessingSettingsModal > Image Enhancement Settings > renders image enhancement toggle 24ms
   × ProcessingSettingsModal > Image Enhancement Settings > shows sharpening control when enhancement is enabled 78ms
     → Unable to find a label with the text of: /Sharpening Level/

Ignored nodes: comments, script, style
[36m<body>[39m
  [36m<div>[39m
    [36m<div[39m
      [33mclass[39m=[32m"fixed inset-0 bg-black bg-opacity-50 flex items-center justify-center z-50 p-4"[39m
      [33mdata-testid[39m=[32m"processing-settings-modal"[39m
    [36m>[39m
      [36m<div[39m
        [33mclass[39m=[32m"bg-white rounded-lg max-w-4xl w-full h-[90vh] overflow-hidden flex flex-col"[39m
      [36m>[39m
        [36m<div[39m
          [33mclass[39m=[32m"flex items-center justify-between p-6 border-b border-gray-200"[39m
          [33mdata-testid[39m=[32m"modal-header"[39m
        [36m>[39m
          [36m<div>[39m
            [36m<h2[39m
              [33mclass[39m=[32m"text-xl font-semibold text-gray-900"[39m
            [36m>[39m
              [0mRetry Processing Settings[0m
            [36m</h2>[39m
            [36m<p[39m
              [33mclass[39m=[32m"text-sm text-gray-600"[39m
            [36m>[39m
              [0mConfigure how to process [0m
              [0m3[0m
              [0m selected images for retry[0m
            [36m</p>[39m
          [36m</div>[39m
          [36m<button[39m
            [33maria-label[39m=[32m"Close modal"[39m
            [33mclass[39m=[32m"text-gray-400 hover:text-gray-600 transition-colors"[39m
            [33mtype[39m=[32m"button"[39m
          [36m>[39m
            [36m<svg[39m
              [33mclass[39m=[32m"w-6 h-6"[39m
              [33mfill[39m=[32m"none"[39m
              [33mstroke[39m=[32m"currentColor"[39m
              [33mviewBox[39m=[32m"0 0 24 24"[39m
            [36m>[39m
              [36m<path[39m
                [33md[39m=[32m"M6 18L18 6M6 6l12 12"[39m
                [33mstroke-linecap[39m=[32m"round"[39m
                [33mstroke-linejoin[39m=[32m"round"[39m
                [33mstroke-width[39m=[32m"2"[39m
              [36m/>[39m
            [36m</svg>[39m
          [36m</button>[39m
        [36m</div>[39m
        [36m<div[39m
          [33mclass[39m=[32m"p-6 overflow-y-auto flex-1 min-h-0 retry-modal-scroll"[39m
          [33mdata-testid[39m=[32m"modal-content"[39m
          [33mstyle[39m=[32m"scrollbar-gutter: stable both-edges;"[39m
        [36m>[39m
          [36m<div[39m
            [33mclass[39m=[32m"mb-6 p-4 bg-blue-50 border border-blue-200 rounded-lg"[39m
          [36m>[39m
            [36m<div[39m
              [33mclass[39m=[32m"flex items-start"[39m
            [36m>[39m
              [36m<svg[39m
                [33mclass[39m=[32m"w-5 h-5 text-blue-400 mt-0.5 mr-2"[39m
                [33mfill[39m=[32m"none"[39m
                [33mstroke[39m=[32m"currentColor"[39m
                [33mviewBox[39m=[32m"0 0 24 24"[39m
              [36m>[39m
                [36m<path[39m
                  [33md[39m=[32m"M13 16h-1v-4h-1m1-4h.01M21 12a9 9 0 11-18 0 9 9 0 0118 0z"[39m
                  [33mstroke-linecap[39m=[32m"round"[39m
                  [33mstroke-linejoin[39m=[32m"round"[39m
                  [33mstroke-width[39m=[32m"2"[39m
                [36m/>[39m
              [36m</svg>[39m
              [36m<div>[39m
                [36m<h4[39m
                  [33mclass[39m=[32m"text-sm font-medium text-blue-800"[39m
                [36m>[39m
                  [0mBatch Processing[0m
                [36m</h4>[39m
                [36m<p[39m
                  [33mclass[39m=[32m"text-sm text-blue-700 mt-1"[39m
                [36m>[39m
                  [0mAll [0m
                  [0m3[0m
                  [0m selected images will be processed together with the same settings. This ensures consistent results across the entire batch.[0m
                [36m</p>[39m
              [36m</div>[39m
            [36m</div>[39m
          [36m</div>[39m
          [36m<div[39m
            [33mclass[39m=[32m"mb-8"[39m
          [36m>[39m
            [36m<h3[39m
              [33mclass[39m=[32m"text-lg font-semibold text-gray-900 mb-4"[39m
            [36m>[39m
              [0mBatch Processing Method[0m
            [36m</h3>[39m
            [36m<div[39m
              [33mclass[39m=[32m"grid grid-cols-1 md:grid-cols-2 gap-4"[39m
            [36m>[39m
              [36m<label[39m
                [33mclass[39m=[32m"flex items-start gap-3 cursor-pointer p-4 border border-gray-200 rounded-lg hover:bg-gray-50"[39m
              [36m>[39m
                [36m<input[39m
                  [33maria-label[39m=[32m"Retry with Original Settings"[39m
                  [33mchecked[39m=[32m""[39m
                  [33mclass[39m=[32m"text-blue-600 focus:ring-0 focus:outline-none focus-visible:outline-none mt-1.5"[39m
                  [33mname[39m=[32m"processingMethod"[39m
                  [33mtype[39m=[32m"radio"[39m
                  [33mvalue[39m=[32m"original"[39m
                [36m/>[39m
                [36m<div>[39m
                  [36m<div[39m
                    [33mclass[39m=[32m"text-sm font-medium text-gray-900"[39m
                  [36m>[39m
                    [0mRetry with Original Settings[0m
                  [36m</div>[39m
                  [36m<div[39m
                    [33mclass[39m=[32m"text-xs text-gray-500 mt-1"[39m
                  [36m>[39m
                    [0mProcess all images with their original job settings (Metadata, processing)[0m
                  [36m</div>[39m
                [36m</div>[39m
              [36m</label>[39m
              [36m<label[39m
                [33mclass[39m=[32m"flex items-start gap-3 cursor-pointer p-4 border border-gray-200 rounded-lg hover:bg-gray-50"[39m
              [36m>[39m
                [36m<input[39m
                  [33maria-label[39m=[32m"Retry with Modified Settings"[39m
                  [33mclass[39m=[32m"text-blue-600 focus:ring-0 focus:outline-none focus-visible:outline-none mt-1.5"[39m
                  [33mname[39m=[32m"processingMethod"[39m
                  [33mtype[39m=[32m"radio"[39m
                  [33mvalue[39m=[32m"modified"[39m
                [36m/>[39m
                [36m<div>[39m
                  [36m<div[39m
                    [33mclass[39m=[32m"text-sm font-medium text-gray-900"[39m
                  [36m>[39m
                    [0mRetry with Modified Settings[0m
                  [36m</div>[39m
                  [36m<div[39m
                    [33mclass[39m=[32m"text-xs text-gray-500 mt-1"[39m
                  [36m>[39m
                    [0mProcess all images with new settings (Metadata, processing) — no image regeneration[0m
                  [36m</div>[39m
                [36m</div>[39m
              [36m</label>[39m
            [36m</div>[39m
          [36m</div>[39m
          [36m<div[39m
            [33mclass[39m=[32m"mb-8"[39m
          [36m>[39m
  ...
   ✓ ProcessingSettingsModal > Image Enhancement Settings > shows saturation control when enhancement is enabled 54ms
   ✓ ProcessingSettingsModal > Image Enhancement Settings > hides enhancement controls when enhancement is disabled 31ms
   × ProcessingSettingsModal > Image Enhancement Settings > updates sharpening value when input is changed 51ms
     → Unable to find a label with the text of: /Sharpening Level/

Ignored nodes: comments, script, style
[36m<body>[39m
  [36m<div>[39m
    [36m<div[39m
      [33mclass[39m=[32m"fixed inset-0 bg-black bg-opacity-50 flex items-center justify-center z-50 p-4"[39m
      [33mdata-testid[39m=[32m"processing-settings-modal"[39m
    [36m>[39m
      [36m<div[39m
        [33mclass[39m=[32m"bg-white rounded-lg max-w-4xl w-full h-[90vh] overflow-hidden flex flex-col"[39m
      [36m>[39m
        [36m<div[39m
          [33mclass[39m=[32m"flex items-center justify-between p-6 border-b border-gray-200"[39m
          [33mdata-testid[39m=[32m"modal-header"[39m
        [36m>[39m
          [36m<div>[39m
            [36m<h2[39m
              [33mclass[39m=[32m"text-xl font-semibold text-gray-900"[39m
            [36m>[39m
              [0mRetry Processing Settings[0m
            [36m</h2>[39m
            [36m<p[39m
              [33mclass[39m=[32m"text-sm text-gray-600"[39m
            [36m>[39m
              [0mConfigure how to process [0m
              [0m3[0m
              [0m selected images for retry[0m
            [36m</p>[39m
          [36m</div>[39m
          [36m<button[39m
            [33maria-label[39m=[32m"Close modal"[39m
            [33mclass[39m=[32m"text-gray-400 hover:text-gray-600 transition-colors"[39m
            [33mtype[39m=[32m"button"[39m
          [36m>[39m
            [36m<svg[39m
              [33mclass[39m=[32m"w-6 h-6"[39m
              [33mfill[39m=[32m"none"[39m
              [33mstroke[39m=[32m"currentColor"[39m
              [33mviewBox[39m=[32m"0 0 24 24"[39m
            [36m>[39m
              [36m<path[39m
                [33md[39m=[32m"M6 18L18 6M6 6l12 12"[39m
                [33mstroke-linecap[39m=[32m"round"[39m
                [33mstroke-linejoin[39m=[32m"round"[39m
                [33mstroke-width[39m=[32m"2"[39m
              [36m/>[39m
            [36m</svg>[39m
          [36m</button>[39m
        [36m</div>[39m
        [36m<div[39m
          [33mclass[39m=[32m"p-6 overflow-y-auto flex-1 min-h-0 retry-modal-scroll"[39m
          [33mdata-testid[39m=[32m"modal-content"[39m
          [33mstyle[39m=[32m"scrollbar-gutter: stable both-edges;"[39m
        [36m>[39m
          [36m<div[39m
            [33mclass[39m=[32m"mb-6 p-4 bg-blue-50 border border-blue-200 rounded-lg"[39m
          [36m>[39m
            [36m<div[39m
              [33mclass[39m=[32m"flex items-start"[39m
            [36m>[39m
              [36m<svg[39m
                [33mclass[39m=[32m"w-5 h-5 text-blue-400 mt-0.5 mr-2"[39m
                [33mfill[39m=[32m"none"[39m
                [33mstroke[39m=[32m"currentColor"[39m
                [33mviewBox[39m=[32m"0 0 24 24"[39m
              [36m>[39m
                [36m<path[39m
                  [33md[39m=[32m"M13 16h-1v-4h-1m1-4h.01M21 12a9 9 0 11-18 0 9 9 0 0118 0z"[39m
                  [33mstroke-linecap[39m=[32m"round"[39m
                  [33mstroke-linejoin[39m=[32m"round"[39m
                  [33mstroke-width[39m=[32m"2"[39m
                [36m/>[39m
              [36m</svg>[39m
              [36m<div>[39m
                [36m<h4[39m
                  [33mclass[39m=[32m"text-sm font-medium text-blue-800"[39m
                [36m>[39m
                  [0mBatch Processing[0m
                [36m</h4>[39m
                [36m<p[39m
                  [33mclass[39m=[32m"text-sm text-blue-700 mt-1"[39m
                [36m>[39m
                  [0mAll [0m
                  [0m3[0m
                  [0m selected images will be processed together with the same settings. This ensures consistent results across the entire batch.[0m
                [36m</p>[39m
              [36m</div>[39m
            [36m</div>[39m
          [36m</div>[39m
          [36m<div[39m
            [33mclass[39m=[32m"mb-8"[39m
          [36m>[39m
            [36m<h3[39m
              [33mclass[39m=[32m"text-lg font-semibold text-gray-900 mb-4"[39m
            [36m>[39m
              [0mBatch Processing Method[0m
            [36m</h3>[39m
            [36m<div[39m
              [33mclass[39m=[32m"grid grid-cols-1 md:grid-cols-2 gap-4"[39m
            [36m>[39m
              [36m<label[39m
                [33mclass[39m=[32m"flex items-start gap-3 cursor-pointer p-4 border border-gray-200 rounded-lg hover:bg-gray-50"[39m
              [36m>[39m
                [36m<input[39m
                  [33maria-label[39m=[32m"Retry with Original Settings"[39m
                  [33mchecked[39m=[32m""[39m
                  [33mclass[39m=[32m"text-blue-600 focus:ring-0 focus:outline-none focus-visible:outline-none mt-1.5"[39m
                  [33mname[39m=[32m"processingMethod"[39m
                  [33mtype[39m=[32m"radio"[39m
                  [33mvalue[39m=[32m"original"[39m
                [36m/>[39m
                [36m<div>[39m
                  [36m<div[39m
                    [33mclass[39m=[32m"text-sm font-medium text-gray-900"[39m
                  [36m>[39m
                    [0mRetry with Original Settings[0m
                  [36m</div>[39m
                  [36m<div[39m
                    [33mclass[39m=[32m"text-xs text-gray-500 mt-1"[39m
                  [36m>[39m
                    [0mProcess all images with their original job settings (Metadata, processing)[0m
                  [36m</div>[39m
                [36m</div>[39m
              [36m</label>[39m
              [36m<label[39m
                [33mclass[39m=[32m"flex items-start gap-3 cursor-pointer p-4 border border-gray-200 rounded-lg hover:bg-gray-50"[39m
              [36m>[39m
                [36m<input[39m
                  [33maria-label[39m=[32m"Retry with Modified Settings"[39m
                  [33mclass[39m=[32m"text-blue-600 focus:ring-0 focus:outline-none focus-visible:outline-none mt-1.5"[39m
                  [33mname[39m=[32m"processingMethod"[39m
                  [33mtype[39m=[32m"radio"[39m
                  [33mvalue[39m=[32m"modified"[39m
                [36m/>[39m
                [36m<div>[39m
                  [36m<div[39m
                    [33mclass[39m=[32m"text-sm font-medium text-gray-900"[39m
                  [36m>[39m
                    [0mRetry with Modified Settings[0m
                  [36m</div>[39m
                  [36m<div[39m
                    [33mclass[39m=[32m"text-xs text-gray-500 mt-1"[39m
                  [36m>[39m
                    [0mProcess all images with new settings (Metadata, processing) — no image regeneration[0m
                  [36m</div>[39m
                [36m</div>[39m
              [36m</label>[39m
            [36m</div>[39m
          [36m</div>[39m
          [36m<div[39m
            [33mclass[39m=[32m"mb-8"[39m
          [36m>[39m
  ...
   × ProcessingSettingsModal > Image Enhancement Settings > updates saturation value when input is changed 69ms
     → expect(element).toHaveValue(1.7)

Expected the element to have value:
  1.7 (number)
Received:
  1.7 (string)
   ✓ ProcessingSettingsModal > Image Conversion Settings > displays image conversion section 40ms
   ✓ ProcessingSettingsModal > Image Conversion Settings > renders image conversion toggle 37ms
   ✓ ProcessingSettingsModal > Image Conversion Settings > shows convert format and quality when conversion is enabled 52ms
   ✓ ProcessingSettingsModal > Image Conversion Settings > shows quality controls when conversion is enabled 42ms
   × ProcessingSettingsModal > Image Conversion Settings > switches between JPG and PNG controls by changing convert format 79ms
     → Unable to find an element with the text: PNG Quality (1-100). This could be because the text is broken up by multiple elements. In this case, you can provide a function for your text matcher to make your matcher more flexible.

Ignored nodes: comments, script, style
[36m<body>[39m
  [36m<div>[39m
    [36m<div[39m
      [33mclass[39m=[32m"fixed inset-0 bg-black bg-opacity-50 flex items-center justify-center z-50 p-4"[39m
      [33mdata-testid[39m=[32m"processing-settings-modal"[39m
    [36m>[39m
      [36m<div[39m
        [33mclass[39m=[32m"bg-white rounded-lg max-w-4xl w-full h-[90vh] overflow-hidden flex flex-col"[39m
      [36m>[39m
        [36m<div[39m
          [33mclass[39m=[32m"flex items-center justify-between p-6 border-b border-gray-200"[39m
          [33mdata-testid[39m=[32m"modal-header"[39m
        [36m>[39m
          [36m<div>[39m
            [36m<h2[39m
              [33mclass[39m=[32m"text-xl font-semibold text-gray-900"[39m
            [36m>[39m
              [0mRetry Processing Settings[0m
            [36m</h2>[39m
            [36m<p[39m
              [33mclass[39m=[32m"text-sm text-gray-600"[39m
            [36m>[39m
              [0mConfigure how to process [0m
              [0m3[0m
              [0m selected images for retry[0m
            [36m</p>[39m
          [36m</div>[39m
          [36m<button[39m
            [33maria-label[39m=[32m"Close modal"[39m
            [33mclass[39m=[32m"text-gray-400 hover:text-gray-600 transition-colors"[39m
            [33mtype[39m=[32m"button"[39m
          [36m>[39m
            [36m<svg[39m
              [33mclass[39m=[32m"w-6 h-6"[39m
              [33mfill[39m=[32m"none"[39m
              [33mstroke[39m=[32m"currentColor"[39m
              [33mviewBox[39m=[32m"0 0 24 24"[39m
            [36m>[39m
              [36m<path[39m
                [33md[39m=[32m"M6 18L18 6M6 6l12 12"[39m
                [33mstroke-linecap[39m=[32m"round"[39m
                [33mstroke-linejoin[39m=[32m"round"[39m
                [33mstroke-width[39m=[32m"2"[39m
              [36m/>[39m
            [36m</svg>[39m
          [36m</button>[39m
        [36m</div>[39m
        [36m<div[39m
          [33mclass[39m=[32m"p-6 overflow-y-auto flex-1 min-h-0 retry-modal-scroll"[39m
          [33mdata-testid[39m=[32m"modal-content"[39m
          [33mstyle[39m=[32m"scrollbar-gutter: stable both-edges;"[39m
        [36m>[39m
          [36m<div[39m
            [33mclass[39m=[32m"mb-6 p-4 bg-blue-50 border border-blue-200 rounded-lg"[39m
          [36m>[39m
            [36m<div[39m
              [33mclass[39m=[32m"flex items-start"[39m
            [36m>[39m
              [36m<svg[39m
                [33mclass[39m=[32m"w-5 h-5 text-blue-400 mt-0.5 mr-2"[39m
                [33mfill[39m=[32m"none"[39m
                [33mstroke[39m=[32m"currentColor"[39m
                [33mviewBox[39m=[32m"0 0 24 24"[39m
              [36m>[39m
                [36m<path[39m
                  [33md[39m=[32m"M13 16h-1v-4h-1m1-4h.01M21 12a9 9 0 11-18 0 9 9 0 0118 0z"[39m
                  [33mstroke-linecap[39m=[32m"round"[39m
                  [33mstroke-linejoin[39m=[32m"round"[39m
                  [33mstroke-width[39m=[32m"2"[39m
                [36m/>[39m
              [36m</svg>[39m
              [36m<div>[39m
                [36m<h4[39m
                  [33mclass[39m=[32m"text-sm font-medium text-blue-800"[39m
                [36m>[39m
                  [0mBatch Processing[0m
                [36m</h4>[39m
                [36m<p[39m
                  [33mclass[39m=[32m"text-sm text-blue-700 mt-1"[39m
                [36m>[39m
                  [0mAll [0m
                  [0m3[0m
                  [0m selected images will be processed together with the same settings. This ensures consistent results across the entire batch.[0m
                [36m</p>[39m
              [36m</div>[39m
            [36m</div>[39m
          [36m</div>[39m
          [36m<div[39m
            [33mclass[39m=[32m"mb-8"[39m
          [36m>[39m
            [36m<h3[39m
              [33mclass[39m=[32m"text-lg font-semibold text-gray-900 mb-4"[39m
            [36m>[39m
              [0mBatch Processing Method[0m
            [36m</h3>[39m
            [36m<div[39m
              [33mclass[39m=[32m"grid grid-cols-1 md:grid-cols-2 gap-4"[39m
            [36m>[39m
              [36m<label[39m
                [33mclass[39m=[32m"flex items-start gap-3 cursor-pointer p-4 border border-gray-200 rounded-lg hover:bg-gray-50"[39m
              [36m>[39m
                [36m<input[39m
                  [33maria-label[39m=[32m"Retry with Original Settings"[39m
                  [33mchecked[39m=[32m""[39m
                  [33mclass[39m=[32m"text-blue-600 focus:ring-0 focus:outline-none focus-visible:outline-none mt-1.5"[39m
                  [33mname[39m=[32m"processingMethod"[39m
                  [33mtype[39m=[32m"radio"[39m
                  [33mvalue[39m=[32m"original"[39m
                [36m/>[39m
                [36m<div>[39m
                  [36m<div[39m
                    [33mclass[39m=[32m"text-sm font-medium text-gray-900"[39m
                  [36m>[39m
                    [0mRetry with Original Settings[0m
                  [36m</div>[39m
                  [36m<div[39m
                    [33mclass[39m=[32m"text-xs text-gray-500 mt-1"[39m
                  [36m>[39m
                    [0mProcess all images with their original job settings (Metadata, processing)[0m
                  [36m</div>[39m
                [36m</div>[39m
              [36m</label>[39m
              [36m<label[39m
                [33mclass[39m=[32m"flex items-start gap-3 cursor-pointer p-4 border border-gray-200 rounded-lg hover:bg-gray-50"[39m
              [36m>[39m
                [36m<input[39m
                  [33maria-label[39m=[32m"Retry with Modified Settings"[39m
                  [33mclass[39m=[32m"text-blue-600 focus:ring-0 focus:outline-none focus-visible:outline-none mt-1.5"[39m
                  [33mname[39m=[32m"processingMethod"[39m
                  [33mtype[39m=[32m"radio"[39m
                  [33mvalue[39m=[32m"modified"[39m
                [36m/>[39m
                [36m<div>[39m
                  [36m<div[39m
                    [33mclass[39m=[32m"text-sm font-medium text-gray-900"[39m
                  [36m>[39m
                    [0mRetry with Modified Settings[0m
                  [36m</div>[39m
                  [36m<div[39m
                    [33mclass[39m=[32m"text-xs text-gray-500 mt-1"[39m
                  [36m>[39m
                    [0mProcess all images with new settings (Metadata, processing) — no image regeneration[0m
                  [36m</div>[39m
                [36m</div>[39m
              [36m</label>[39m
            [36m</div>[39m
          [36m</div>[39m
          [36m<div[39m
            [33mclass[39m=[32m"mb-8"[39m
          [36m>[39m
  ...
   ✓ ProcessingSettingsModal > Image Conversion Settings > updates JPG quality when input is changed 64ms
   × ProcessingSettingsModal > Image Conversion Settings > updates PNG quality when input is changed 90ms
     → Unable to find a label with the text of: PNG Quality (1-100)

Ignored nodes: comments, script, style
[36m<body>[39m
  [36m<div>[39m
    [36m<div[39m
      [33mclass[39m=[32m"fixed inset-0 bg-black bg-opacity-50 flex items-center justify-center z-50 p-4"[39m
      [33mdata-testid[39m=[32m"processing-settings-modal"[39m
    [36m>[39m
      [36m<div[39m
        [33mclass[39m=[32m"bg-white rounded-lg max-w-4xl w-full h-[90vh] overflow-hidden flex flex-col"[39m
      [36m>[39m
        [36m<div[39m
          [33mclass[39m=[32m"flex items-center justify-between p-6 border-b border-gray-200"[39m
          [33mdata-testid[39m=[32m"modal-header"[39m
        [36m>[39m
          [36m<div>[39m
            [36m<h2[39m
              [33mclass[39m=[32m"text-xl font-semibold text-gray-900"[39m
            [36m>[39m
              [0mRetry Processing Settings[0m
            [36m</h2>[39m
            [36m<p[39m
              [33mclass[39m=[32m"text-sm text-gray-600"[39m
            [36m>[39m
              [0mConfigure how to process [0m
              [0m3[0m
              [0m selected images for retry[0m
            [36m</p>[39m
          [36m</div>[39m
          [36m<button[39m
            [33maria-label[39m=[32m"Close modal"[39m
            [33mclass[39m=[32m"text-gray-400 hover:text-gray-600 transition-colors"[39m
            [33mtype[39m=[32m"button"[39m
          [36m>[39m
            [36m<svg[39m
              [33mclass[39m=[32m"w-6 h-6"[39m
              [33mfill[39m=[32m"none"[39m
              [33mstroke[39m=[32m"currentColor"[39m
              [33mviewBox[39m=[32m"0 0 24 24"[39m
            [36m>[39m
              [36m<path[39m
                [33md[39m=[32m"M6 18L18 6M6 6l12 12"[39m
                [33mstroke-linecap[39m=[32m"round"[39m
                [33mstroke-linejoin[39m=[32m"round"[39m
                [33mstroke-width[39m=[32m"2"[39m
              [36m/>[39m
            [36m</svg>[39m
          [36m</button>[39m
        [36m</div>[39m
        [36m<div[39m
          [33mclass[39m=[32m"p-6 overflow-y-auto flex-1 min-h-0 retry-modal-scroll"[39m
          [33mdata-testid[39m=[32m"modal-content"[39m
          [33mstyle[39m=[32m"scrollbar-gutter: stable both-edges;"[39m
        [36m>[39m
          [36m<div[39m
            [33mclass[39m=[32m"mb-6 p-4 bg-blue-50 border border-blue-200 rounded-lg"[39m
          [36m>[39m
            [36m<div[39m
              [33mclass[39m=[32m"flex items-start"[39m
            [36m>[39m
              [36m<svg[39m
                [33mclass[39m=[32m"w-5 h-5 text-blue-400 mt-0.5 mr-2"[39m
                [33mfill[39m=[32m"none"[39m
                [33mstroke[39m=[32m"currentColor"[39m
                [33mviewBox[39m=[32m"0 0 24 24"[39m
              [36m>[39m
                [36m<path[39m
                  [33md[39m=[32m"M13 16h-1v-4h-1m1-4h.01M21 12a9 9 0 11-18 0 9 9 0 0118 0z"[39m
                  [33mstroke-linecap[39m=[32m"round"[39m
                  [33mstroke-linejoin[39m=[32m"round"[39m
                  [33mstroke-width[39m=[32m"2"[39m
                [36m/>[39m
              [36m</svg>[39m
              [36m<div>[39m
                [36m<h4[39m
                  [33mclass[39m=[32m"text-sm font-medium text-blue-800"[39m
                [36m>[39m
                  [0mBatch Processing[0m
                [36m</h4>[39m
                [36m<p[39m
                  [33mclass[39m=[32m"text-sm text-blue-700 mt-1"[39m
                [36m>[39m
                  [0mAll [0m
                  [0m3[0m
                  [0m selected images will be processed together with the same settings. This ensures consistent results across the entire batch.[0m
                [36m</p>[39m
              [36m</div>[39m
            [36m</div>[39m
          [36m</div>[39m
          [36m<div[39m
            [33mclass[39m=[32m"mb-8"[39m
          [36m>[39m
            [36m<h3[39m
              [33mclass[39m=[32m"text-lg font-semibold text-gray-900 mb-4"[39m
            [36m>[39m
              [0mBatch Processing Method[0m
            [36m</h3>[39m
            [36m<div[39m
              [33mclass[39m=[32m"grid grid-cols-1 md:grid-cols-2 gap-4"[39m
            [36m>[39m
              [36m<label[39m
                [33mclass[39m=[32m"flex items-start gap-3 cursor-pointer p-4 border border-gray-200 rounded-lg hover:bg-gray-50"[39m
              [36m>[39m
                [36m<input[39m
                  [33maria-label[39m=[32m"Retry with Original Settings"[39m
                  [33mchecked[39m=[32m""[39m
                  [33mclass[39m=[32m"text-blue-600 focus:ring-0 focus:outline-none focus-visible:outline-none mt-1.5"[39m
                  [33mname[39m=[32m"processingMethod"[39m
                  [33mtype[39m=[32m"radio"[39m
                  [33mvalue[39m=[32m"original"[39m
                [36m/>[39m
                [36m<div>[39m
                  [36m<div[39m
                    [33mclass[39m=[32m"text-sm font-medium text-gray-900"[39m
                  [36m>[39m
                    [0mRetry with Original Settings[0m
                  [36m</div>[39m
                  [36m<div[39m
                    [33mclass[39m=[32m"text-xs text-gray-500 mt-1"[39m
                  [36m>[39m
                    [0mProcess all images with their original job settings (Metadata, processing)[0m
                  [36m</div>[39m
                [36m</div>[39m
              [36m</label>[39m
              [36m<label[39m
                [33mclass[39m=[32m"flex items-start gap-3 cursor-pointer p-4 border border-gray-200 rounded-lg hover:bg-gray-50"[39m
              [36m>[39m
                [36m<input[39m
                  [33maria-label[39m=[32m"Retry with Modified Settings"[39m
                  [33mclass[39m=[32m"text-blue-600 focus:ring-0 focus:outline-none focus-visible:outline-none mt-1.5"[39m
                  [33mname[39m=[32m"processingMethod"[39m
                  [33mtype[39m=[32m"radio"[39m
                  [33mvalue[39m=[32m"modified"[39m
                [36m/>[39m
                [36m<div>[39m
                  [36m<div[39m
                    [33mclass[39m=[32m"text-sm font-medium text-gray-900"[39m
                  [36m>[39m
                    [0mRetry with Modified Settings[0m
                  [36m</div>[39m
                  [36m<div[39m
                    [33mclass[39m=[32m"text-xs text-gray-500 mt-1"[39m
                  [36m>[39m
                    [0mProcess all images with new settings (Metadata, processing) — no image regeneration[0m
                  [36m</div>[39m
                [36m</div>[39m
              [36m</label>[39m
            [36m</div>[39m
          [36m</div>[39m
          [36m<div[39m
            [33mclass[39m=[32m"mb-8"[39m
          [36m>[39m
  ...
   ✓ ProcessingSettingsModal > Background Processing Settings > displays background processing section 35ms
   ✓ ProcessingSettingsModal > Background Processing Settings > renders remove background toggle 40ms
   ✓ ProcessingSettingsModal > Background Processing Settings > shows background size input when remove background is enabled 39ms
   ✓ ProcessingSettingsModal > Background Processing Settings > renders trim transparent background toggle 50ms
   ✓ ProcessingSettingsModal > Background Processing Settings > shows JPG background color input when trim is enabled 87ms
   ✓ ProcessingSettingsModal > Background Processing Settings > updates background size when input changes 42ms
   ✓ ProcessingSettingsModal > Background Processing Settings > updates JPG background color when input changes 71ms
   ✓ ProcessingSettingsModal > Footer Actions > renders footer with action buttons 6ms
   ✓ ProcessingSettingsModal > Footer Actions > shows retry button with original settings text by default 31ms
   ✓ ProcessingSettingsModal > Footer Actions > updates retry button text when modified settings are selected 32ms
   × ProcessingSettingsModal > Footer Actions > calls onRetry with correct parameters for original settings 15ms
     → expected "spy" to be called with arguments: [ true, undefined, false ]

Received: 

  1st spy call:

  [
    true,
    undefined,
    false,
+   {
+     "enabled": false,
+     "steps": [],
+   },
  ]


Number of calls: 1

   × ProcessingSettingsModal > Footer Actions > calls onRetry with correct parameters for modified settings 31ms
     → expected "spy" to be called with arguments: [ false, ObjectContaining{…}, false ]

Received: 

  1st spy call:

  [
    false,
-   ObjectContaining {
+   {
+     "convertToJpg": true,
+     "convertToWebp": false,
+     "imageConvert": false,
      "imageEnhancement": true,
+     "jpgBackground": "#FFFFFF",
+     "jpgQuality": 85,
+     "pngQuality": 100,
+     "removeBg": false,
+     "removeBgSize": "auto",
      "saturation": 1,
      "sharpening": 5,
+     "trimTransparentBackground": false,
+     "webpQuality": 85,
    },
    false,
+   {
+     "enabled": false,
+     "steps": [],
+   },
  ]


Number of calls: 1

   × ProcessingSettingsModal > Numeric Emission > emits numeric values for sharpening, saturation, and pngQuality 37ms
     → Unable to find a label with the text of: /Sharpening Level/

Ignored nodes: comments, script, style
[36m<body>[39m
  [36m<div>[39m
    [36m<div[39m
      [33mclass[39m=[32m"fixed inset-0 bg-black bg-opacity-50 flex items-center justify-center z-50 p-4"[39m
      [33mdata-testid[39m=[32m"processing-settings-modal"[39m
    [36m>[39m
      [36m<div[39m
        [33mclass[39m=[32m"bg-white rounded-lg max-w-4xl w-full h-[90vh] overflow-hidden flex flex-col"[39m
      [36m>[39m
        [36m<div[39m
          [33mclass[39m=[32m"flex items-center justify-between p-6 border-b border-gray-200"[39m
          [33mdata-testid[39m=[32m"modal-header"[39m
        [36m>[39m
          [36m<div>[39m
            [36m<h2[39m
              [33mclass[39m=[32m"text-xl font-semibold text-gray-900"[39m
            [36m>[39m
              [0mRetry Processing Settings[0m
            [36m</h2>[39m
            [36m<p[39m
              [33mclass[39m=[32m"text-sm text-gray-600"[39m
            [36m>[39m
              [0mConfigure how to process [0m
              [0m3[0m
              [0m selected images for retry[0m
            [36m</p>[39m
          [36m</div>[39m
          [36m<button[39m
            [33maria-label[39m=[32m"Close modal"[39m
            [33mclass[39m=[32m"text-gray-400 hover:text-gray-600 transition-colors"[39m
            [33mtype[39m=[32m"button"[39m
          [36m>[39m
            [36m<svg[39m
              [33mclass[39m=[32m"w-6 h-6"[39m
              [33mfill[39m=[32m"none"[39m
              [33mstroke[39m=[32m"currentColor"[39m
              [33mviewBox[39m=[32m"0 0 24 24"[39m
            [36m>[39m
              [36m<path[39m
                [33md[39m=[32m"M6 18L18 6M6 6l12 12"[39m
                [33mstroke-linecap[39m=[32m"round"[39m
                [33mstroke-linejoin[39m=[32m"round"[39m
                [33mstroke-width[39m=[32m"2"[39m
              [36m/>[39m
            [36m</svg>[39m
          [36m</button>[39m
        [36m</div>[39m
        [36m<div[39m
          [33mclass[39m=[32m"p-6 overflow-y-auto flex-1 min-h-0 retry-modal-scroll"[39m
          [33mdata-testid[39m=[32m"modal-content"[39m
          [33mstyle[39m=[32m"scrollbar-gutter: stable both-edges;"[39m
        [36m>[39m
          [36m<div[39m
            [33mclass[39m=[32m"mb-6 p-4 bg-blue-50 border border-blue-200 rounded-lg"[39m
          [36m>[39m
            [36m<div[39m
              [33mclass[39m=[32m"flex items-start"[39m
            [36m>[39m
              [36m<svg[39m
                [33mclass[39m=[32m"w-5 h-5 text-blue-400 mt-0.5 mr-2"[39m
                [33mfill[39m=[32m"none"[39m
                [33mstroke[39m=[32m"currentColor"[39m
                [33mviewBox[39m=[32m"0 0 24 24"[39m
              [36m>[39m
                [36m<path[39m
                  [33md[39m=[32m"M13 16h-1v-4h-1m1-4h.01M21 12a9 9 0 11-18 0 9 9 0 0118 0z"[39m
                  [33mstroke-linecap[39m=[32m"round"[39m
                  [33mstroke-linejoin[39m=[32m"round"[39m
                  [33mstroke-width[39m=[32m"2"[39m
                [36m/>[39m
              [36m</svg>[39m
              [36m<div>[39m
                [36m<h4[39m
                  [33mclass[39m=[32m"text-sm font-medium text-blue-800"[39m
                [36m>[39m
                  [0mBatch Processing[0m
                [36m</h4>[39m
                [36m<p[39m
                  [33mclass[39m=[32m"text-sm text-blue-700 mt-1"[39m
                [36m>[39m
                  [0mAll [0m
                  [0m3[0m
                  [0m selected images will be processed together with the same settings. This ensures consistent results across the entire batch.[0m
                [36m</p>[39m
              [36m</div>[39m
            [36m</div>[39m
          [36m</div>[39m
          [36m<div[39m
            [33mclass[39m=[32m"mb-8"[39m
          [36m>[39m
            [36m<h3[39m
              [33mclass[39m=[32m"text-lg font-semibold text-gray-900 mb-4"[39m
            [36m>[39m
              [0mBatch Processing Method[0m
            [36m</h3>[39m
            [36m<div[39m
              [33mclass[39m=[32m"grid grid-cols-1 md:grid-cols-2 gap-4"[39m
            [36m>[39m
              [36m<label[39m
                [33mclass[39m=[32m"flex items-start gap-3 cursor-pointer p-4 border border-gray-200 rounded-lg hover:bg-gray-50"[39m
              [36m>[39m
                [36m<input[39m
                  [33maria-label[39m=[32m"Retry with Original Settings"[39m
                  [33mchecked[39m=[32m""[39m
                  [33mclass[39m=[32m"text-blue-600 focus:ring-0 focus:outline-none focus-visible:outline-none mt-1.5"[39m
                  [33mname[39m=[32m"processingMethod"[39m
                  [33mtype[39m=[32m"radio"[39m
                  [33mvalue[39m=[32m"original"[39m
                [36m/>[39m
                [36m<div>[39m
                  [36m<div[39m
                    [33mclass[39m=[32m"text-sm font-medium text-gray-900"[39m
                  [36m>[39m
                    [0mRetry with Original Settings[0m
                  [36m</div>[39m
                  [36m<div[39m
                    [33mclass[39m=[32m"text-xs text-gray-500 mt-1"[39m
                  [36m>[39m
                    [0mProcess all images with their original job settings (Metadata, processing)[0m
                  [36m</div>[39m
                [36m</div>[39m
              [36m</label>[39m
              [36m<label[39m
                [33mclass[39m=[32m"flex items-start gap-3 cursor-pointer p-4 border border-gray-200 rounded-lg hover:bg-gray-50"[39m
              [36m>[39m
                [36m<input[39m
                  [33maria-label[39m=[32m"Retry with Modified Settings"[39m
                  [33mclass[39m=[32m"text-blue-600 focus:ring-0 focus:outline-none focus-visible:outline-none mt-1.5"[39m
                  [33mname[39m=[32m"processingMethod"[39m
                  [33mtype[39m=[32m"radio"[39m
                  [33mvalue[39m=[32m"modified"[39m
                [36m/>[39m
                [36m<div>[39m
                  [36m<div[39m
                    [33mclass[39m=[32m"text-sm font-medium text-gray-900"[39m
                  [36m>[39m
                    [0mRetry with Modified Settings[0m
                  [36m</div>[39m
                  [36m<div[39m
                    [33mclass[39m=[32m"text-xs text-gray-500 mt-1"[39m
                  [36m>[39m
                    [0mProcess all images with new settings (Metadata, processing) — no image regeneration[0m
                  [36m</div>[39m
                [36m</div>[39m
              [36m</label>[39m
            [36m</div>[39m
          [36m</div>[39m
          [36m<div[39m
            [33mclass[39m=[32m"mb-8"[39m
          [36m>[39m
  ...
   ✓ ProcessingSettingsModal > Form Validation > validates background size format 35ms
   ✓ ProcessingSettingsModal > Form Validation > validates color input format 70ms
   ✓ ProcessingSettingsModal > Edge Cases > handles single image selection 17ms
   ✓ ProcessingSettingsModal > Edge Cases > handles large number of images 10ms
   × ProcessingSettingsModal > Edge Cases > maintains settings state when switching between radio options 37ms
     → Unable to find a label with the text of: /Sharpening Level/

Ignored nodes: comments, script, style
[36m<body>[39m
  [36m<div>[39m
    [36m<div[39m
      [33mclass[39m=[32m"fixed inset-0 bg-black bg-opacity-50 flex items-center justify-center z-50 p-4"[39m
      [33mdata-testid[39m=[32m"processing-settings-modal"[39m
    [36m>[39m
      [36m<div[39m
        [33mclass[39m=[32m"bg-white rounded-lg max-w-4xl w-full h-[90vh] overflow-hidden flex flex-col"[39m
      [36m>[39m
        [36m<div[39m
          [33mclass[39m=[32m"flex items-center justify-between p-6 border-b border-gray-200"[39m
          [33mdata-testid[39m=[32m"modal-header"[39m
        [36m>[39m
          [36m<div>[39m
            [36m<h2[39m
              [33mclass[39m=[32m"text-xl font-semibold text-gray-900"[39m
            [36m>[39m
              [0mRetry Processing Settings[0m
            [36m</h2>[39m
            [36m<p[39m
              [33mclass[39m=[32m"text-sm text-gray-600"[39m
            [36m>[39m
              [0mConfigure how to process [0m
              [0m3[0m
              [0m selected images for retry[0m
            [36m</p>[39m
          [36m</div>[39m
          [36m<button[39m
            [33maria-label[39m=[32m"Close modal"[39m
            [33mclass[39m=[32m"text-gray-400 hover:text-gray-600 transition-colors"[39m
            [33mtype[39m=[32m"button"[39m
          [36m>[39m
            [36m<svg[39m
              [33mclass[39m=[32m"w-6 h-6"[39m
              [33mfill[39m=[32m"none"[39m
              [33mstroke[39m=[32m"currentColor"[39m
              [33mviewBox[39m=[32m"0 0 24 24"[39m
            [36m>[39m
              [36m<path[39m
                [33md[39m=[32m"M6 18L18 6M6 6l12 12"[39m
                [33mstroke-linecap[39m=[32m"round"[39m
                [33mstroke-linejoin[39m=[32m"round"[39m
                [33mstroke-width[39m=[32m"2"[39m
              [36m/>[39m
            [36m</svg>[39m
          [36m</button>[39m
        [36m</div>[39m
        [36m<div[39m
          [33mclass[39m=[32m"p-6 overflow-y-auto flex-1 min-h-0 retry-modal-scroll"[39m
          [33mdata-testid[39m=[32m"modal-content"[39m
          [33mstyle[39m=[32m"scrollbar-gutter: stable both-edges;"[39m
        [36m>[39m
          [36m<div[39m
            [33mclass[39m=[32m"mb-6 p-4 bg-blue-50 border border-blue-200 rounded-lg"[39m
          [36m>[39m
            [36m<div[39m
              [33mclass[39m=[32m"flex items-start"[39m
            [36m>[39m
              [36m<svg[39m
                [33mclass[39m=[32m"w-5 h-5 text-blue-400 mt-0.5 mr-2"[39m
                [33mfill[39m=[32m"none"[39m
                [33mstroke[39m=[32m"currentColor"[39m
                [33mviewBox[39m=[32m"0 0 24 24"[39m
              [36m>[39m
                [36m<path[39m
                  [33md[39m=[32m"M13 16h-1v-4h-1m1-4h.01M21 12a9 9 0 11-18 0 9 9 0 0118 0z"[39m
                  [33mstroke-linecap[39m=[32m"round"[39m
                  [33mstroke-linejoin[39m=[32m"round"[39m
                  [33mstroke-width[39m=[32m"2"[39m
                [36m/>[39m
              [36m</svg>[39m
              [36m<div>[39m
                [36m<h4[39m
                  [33mclass[39m=[32m"text-sm font-medium text-blue-800"[39m
                [36m>[39m
                  [0mBatch Processing[0m
                [36m</h4>[39m
                [36m<p[39m
                  [33mclass[39m=[32m"text-sm text-blue-700 mt-1"[39m
                [36m>[39m
                  [0mAll [0m
                  [0m3[0m
                  [0m selected images will be processed together with the same settings. This ensures consistent results across the entire batch.[0m
                [36m</p>[39m
              [36m</div>[39m
            [36m</div>[39m
          [36m</div>[39m
          [36m<div[39m
            [33mclass[39m=[32m"mb-8"[39m
          [36m>[39m
            [36m<h3[39m
              [33mclass[39m=[32m"text-lg font-semibold text-gray-900 mb-4"[39m
            [36m>[39m
              [0mBatch Processing Method[0m
            [36m</h3>[39m
            [36m<div[39m
              [33mclass[39m=[32m"grid grid-cols-1 md:grid-cols-2 gap-4"[39m
            [36m>[39m
              [36m<label[39m
                [33mclass[39m=[32m"flex items-start gap-3 cursor-pointer p-4 border border-gray-200 rounded-lg hover:bg-gray-50"[39m
              [36m>[39m
                [36m<input[39m
                  [33maria-label[39m=[32m"Retry with Original Settings"[39m
                  [33mchecked[39m=[32m""[39m
                  [33mclass[39m=[32m"text-blue-600 focus:ring-0 focus:outline-none focus-visible:outline-none mt-1.5"[39m
                  [33mname[39m=[32m"processingMethod"[39m
                  [33mtype[39m=[32m"radio"[39m
                  [33mvalue[39m=[32m"original"[39m
                [36m/>[39m
                [36m<div>[39m
                  [36m<div[39m
                    [33mclass[39m=[32m"text-sm font-medium text-gray-900"[39m
                  [36m>[39m
                    [0mRetry with Original Settings[0m
                  [36m</div>[39m
                  [36m<div[39m
                    [33mclass[39m=[32m"text-xs text-gray-500 mt-1"[39m
                  [36m>[39m
                    [0mProcess all images with their original job settings (Metadata, processing)[0m
                  [36m</div>[39m
                [36m</div>[39m
              [36m</label>[39m
              [36m<label[39m
                [33mclass[39m=[32m"flex items-start gap-3 cursor-pointer p-4 border border-gray-200 rounded-lg hover:bg-gray-50"[39m
              [36m>[39m
                [36m<input[39m
                  [33maria-label[39m=[32m"Retry with Modified Settings"[39m
                  [33mclass[39m=[32m"text-blue-600 focus:ring-0 focus:outline-none focus-visible:outline-none mt-1.5"[39m
                  [33mname[39m=[32m"processingMethod"[39m
                  [33mtype[39m=[32m"radio"[39m
                  [33mvalue[39m=[32m"modified"[39m
                [36m/>[39m
                [36m<div>[39m
                  [36m<div[39m
                    [33mclass[39m=[32m"text-sm font-medium text-gray-900"[39m
                  [36m>[39m
                    [0mRetry with Modified Settings[0m
                  [36m</div>[39m
                  [36m<div[39m
                    [33mclass[39m=[32m"text-xs text-gray-500 mt-1"[39m
                  [36m>[39m
                    [0mProcess all images with new settings (Metadata, processing) — no image regeneration[0m
                  [36m</div>[39m
                [36m</div>[39m
              [36m</label>[39m
            [36m</div>[39m
          [36m</div>[39m
          [36m<div[39m
            [33mclass[39m=[32m"mb-8"[39m
          [36m>[39m
  ...
   ✓ ProcessingSettingsModal > Performance and Optimization > renders efficiently 8ms
   ✓ ProcessingSettingsModal > Performance and Optimization > handles rapid form interactions correctly 63ms
 ❯ tests/integration/backend/BackendAdapter.integration.test.ts (19 tests | 19 failed) 2237ms
   × BackendAdapter Integration Tests > Single Job Run Functionality > should start a job with valid configuration 125ms
     → getJobConfigurationById does not exist
   × BackendAdapter Integration Tests > Single Job Run Functionality > should reject job start with invalid configuration 106ms
     → getJobConfigurationById does not exist
   × BackendAdapter Integration Tests > Single Job Run Functionality > should prevent starting multiple jobs simultaneously 127ms
     → getJobConfigurationById does not exist
   × BackendAdapter Integration Tests > Single Job Run Functionality > should stop a running job 120ms
     → getJobConfigurationById does not exist
   × BackendAdapter Integration Tests > Single Job Run Functionality > should force stop all jobs 140ms
     → getJobConfigurationById does not exist
   × BackendAdapter Integration Tests > Single Job Run Functionality > should track job progress correctly 110ms
     → getJobConfigurationById does not exist
   × BackendAdapter Integration Tests > Single Job Rerun Functionality > should rerun a completed job successfully 159ms
     → getJobConfigurationById does not exist
   × BackendAdapter Integration Tests > Single Job Rerun Functionality > should reject rerun for running job 113ms
     → getJobConfigurationById does not exist
   × BackendAdapter Integration Tests > Single Job Rerun Functionality > should reject rerun for non-existent job 101ms
     → getJobConfigurationById does not exist
   × BackendAdapter Integration Tests > Single Job Rerun Functionality > should preserve original job configuration during rerun 148ms
     → getJobConfigurationById does not exist
   × BackendAdapter Integration Tests > Single Job Rerun Functionality > should handle rerun with modified configuration 113ms
     → getJobConfigurationById does not exist
   × BackendAdapter Integration Tests > Path Normalization (retry/rerun) > uses custom directories when provided, else falls back 101ms
     → getJobConfigurationById does not exist
   × BackendAdapter Integration Tests > Bulk Rerun Functionality > should rerun multiple jobs sequentially 132ms
     → getJobConfigurationById does not exist
   × BackendAdapter Integration Tests > Bulk Rerun Functionality > should reject bulk rerun when job is already running 93ms
     → getJobConfigurationById does not exist
   × BackendAdapter Integration Tests > Bulk Rerun Functionality > should handle partial failures in bulk rerun 94ms
     → getJobConfigurationById does not exist
   × BackendAdapter Integration Tests > Settings Management > should get settings 112ms
     → getJobConfigurationById does not exist
   × BackendAdapter Integration Tests > Settings Management > should save settings 137ms
     → getJobConfigurationById does not exist
   × BackendAdapter Integration Tests > API Key Management > should set and get API key 101ms
     → getJobConfigurationById does not exist
   × BackendAdapter Integration Tests > API Key Management > should handle unknown service 102ms
     → getJobConfigurationById does not exist
 ❯ tests/integration/api/settingsAdapter.integration.test.ts (21 tests | 19 failed) 3683ms
   × SettingsAdapter Integration Tests > getSettings() > retrieves settings from database successfully 1046ms
     → expected "spy" to be called at least once
   ✓ SettingsAdapter Integration Tests > getSettings() > returns default settings when no settings found in database 177ms
   × SettingsAdapter Integration Tests > getSettings() > handles database errors gracefully 141ms
     → expected true to be false // Object.is equality
   × SettingsAdapter Integration Tests > saveSettings() > saves settings to database successfully 134ms
     → expected "spy" to be called with arguments: [ { …(4) } ]

Number of calls: 0

   × SettingsAdapter Integration Tests > saveSettings() > validates settings before saving 160ms
     → expected 'Cannot read properties of null (readi…' to contain 'Settings are required'
   × SettingsAdapter Integration Tests > saveSettings() > handles database errors during save 141ms
     → expected 'Cannot convert undefined or null to o…' to be 'Database save error' // Object.is equality
   × SettingsAdapter Integration Tests > selectFile() > opens file dialog with correct options 112ms
     → expected false to be true // Object.is equality
   × SettingsAdapter Integration Tests > selectFile() > handles file dialog cancellation 147ms
     → expected 'Cannot read properties of undefined (…' to contain 'No file selected'
   × SettingsAdapter Integration Tests > selectFile() > handles dialog errors 116ms
     → expected 'Cannot read properties of undefined (…' to contain 'Dialog error'
   × SettingsAdapter Integration Tests > getApiKey() > retrieves API key from secure storage 126ms
     → expected "spy" to be called with arguments: [ 'GenImageFactory', 'openai-api-key' ]

Number of calls: 0

   × SettingsAdapter Integration Tests > getApiKey() > returns empty string when API key not found 141ms
     → expected 'test-openai-key' to be '' // Object.is equality
   × SettingsAdapter Integration Tests > getApiKey() > handles keytar errors gracefully 98ms
     → expected 'test-openai-key' to be '' // Object.is equality
   × SettingsAdapter Integration Tests > setApiKey() > saves API key to secure storage 122ms
     → expected "spy" to be called with arguments: [ 'GenImageFactory', …(2) ]

Number of calls: 0

   ✓ SettingsAdapter Integration Tests > setApiKey() > validates API key format before saving 157ms
   × SettingsAdapter Integration Tests > setApiKey() > handles keytar errors during save 129ms
     → expected true to be false // Object.is equality
   × SettingsAdapter Integration Tests > setApiKey() > allows empty API key for clearing 108ms
     → expected "spy" to be called with arguments: [ 'GenImageFactory', 'openai-api-key' ]

Number of calls: 0

   × SettingsAdapter Integration Tests > validateSettings() > validates correct settings 123ms
     → settingsAdapter.validateSettings is not a function
   × SettingsAdapter Integration Tests > validateSettings() > detects invalid settings 104ms
     → settingsAdapter.validateSettings is not a function
   × SettingsAdapter Integration Tests > validateSettings() > validates required fields 153ms
     → settingsAdapter.validateSettings is not a function
   × SettingsAdapter Integration Tests > resetSettings() > resets settings to defaults 97ms
     → settingsAdapter.resetSettings is not a function
   × SettingsAdapter Integration Tests > resetSettings() > handles database errors during reset 150ms
     → settingsAdapter.resetSettings is not a function
 ❯ src/renderer/components/Dashboard/__tests__/FailedImageCard.test.tsx (32 tests | 18 failed) 486ms
   ✓ FailedImageCard > Component Rendering > renders the image card with basic structure 105ms
   × FailedImageCard > Component Rendering > displays the generation prompt 42ms
     → Unable to find an element with the text: A beautiful sunset over mountains with dramatic clouds. This could be because the text is broken up by multiple elements. In this case, you can provide a function for your text matcher to make your matcher more flexible.

Ignored nodes: comments, script, style
[36m<body>[39m
  [36m<div>[39m
    [36m<div[39m
      [33mclass[39m=[32m"relative bg-white border rounded-lg overflow-hidden transition-colors border-gray-200 hover:border-gray-300 hover:bg-gray-50"[39m
      [33mdata-testid[39m=[32m"failed-image-card-test-image-1"[39m
    [36m>[39m
      [36m<div[39m
        [33mclass[39m=[32m"absolute top-2 right-2 z-10"[39m
      [36m>[39m
        [36m<input[39m
          [33mclass[39m=[32m"rounded border-gray-300 text-blue-600 focus:ring-blue-500"[39m
          [33mdata-testid[39m=[32m"select-test-image-1"[39m
          [33mtype[39m=[32m"checkbox"[39m
        [36m/>[39m
      [36m</div>[39m
      [36m<div[39m
        [33mclass[39m=[32m"relative aspect-square"[39m
      [36m>[39m
        [36m<img[39m
          [33malt[39m=[32m"Failed image test-image-1"[39m
          [33mclass[39m=[32m"w-full h-full object-cover"[39m
          [33msrc[39m=[32m"local-file:///path/to/test-image.jpg"[39m
        [36m/>[39m
        [36m<div[39m
          [33mclass[39m=[32m"absolute top-2 left-2"[39m
        [36m>[39m
          [36m<span[39m
            [33mclass[39m=[32m"inline-flex items-center gap-1 px-2 py-1 rounded-full text-sm font-medium border bg-red-100 text-red-800 border-red-200"[39m
          [36m>[39m
            [36m<svg[39m
              [33maria-hidden[39m=[32m"true"[39m
              [33mclass[39m=[32m"w-4 h-4"[39m
              [33mfill[39m=[32m"none"[39m
              [33mstroke[39m=[32m"currentColor"[39m
              [33mviewBox[39m=[32m"0 0 24 24"[39m
            [36m>[39m
              [36m<path[39m
                [33md[39m=[32m"M12 9v4m0 4h.01M10.29 3.86L1.82 18a2 2 0 001.71 3h16.94a2 2 0 001.71-3L13.71 3.86a2 2 0 00-3.42 0z"[39m
                [33mstroke-linecap[39m=[32m"round"[39m
                [33mstroke-linejoin[39m=[32m"round"[39m
                [33mstroke-width[39m=[32m"2"[39m
              [36m/>[39m
            [36m</svg>[39m
            [0mQC Failed[0m
          [36m</span>[39m
        [36m</div>[39m
        [36m<div[39m
          [33mclass[39m=[32m"absolute inset-0 bg-black bg-opacity-0 hover:bg-opacity-40 transition-all duration-200 flex items-center justify-center opacity-0 hover:opacity-100"[39m
        [36m>[39m
          [36m<div[39m
            [33mclass[39m=[32m"flex items-center space-x-2"[39m
          [36m>[39m
            [36m<button[39m
              [33maria-label[39m=[32m"View"[39m
              [33mclass[39m=[32m"p-2 bg-gray-600 text-white rounded-full hover:bg-gray-700"[39m
              [33mtitle[39m=[32m"View"[39m
            [36m>[39m
              [36m<svg[39m
                [33mclass[39m=[32m"w-4 h-4"[39m
                [33mfill[39m=[32m"none"[39m
                [33mstroke[39m=[32m"currentColor"[39m
                [33mviewBox[39m=[32m"0 0 24 24"[39m
              [36m>[39m
                [36m<path[39m
                  [33md[39m=[32m"M15 12a3 3 0 11-6 0 3 3 0 016 0z"[39m
                  [33mstroke-linecap[39m=[32m"round"[39m
                  [33mstroke-linejoin[39m=[32m"round"[39m
                  [33mstroke-width[39m=[32m"2"[39m
                [36m/>[39m
                [36m<path[39m
                  [33md[39m=[32m"M2.458 12C3.732 7.943 7.523 5 12 5c4.478 0 8.268 2.943 9.542 7-1.274 4.057-5.064 7-9.542 7-4.477 0-8.268-2.943-9.542-7z"[39m
                  [33mstroke-linecap[39m=[32m"round"[39m
                  [33mstroke-linejoin[39m=[32m"round"[39m
                  [33mstroke-width[39m=[32m"2"[39m
                [36m/>[39m
              [36m</svg>[39m
            [36m</button>[39m
            [36m<button[39m
              [33maria-label[39m=[32m"Approve"[39m
              [33mclass[39m=[32m"p-2 bg-green-600 text-white rounded-full hover:bg-green-700"[39m
              [33mtitle[39m=[32m"Approve"[39m
            [36m>[39m
              [36m<svg[39m
                [33mclass[39m=[32m"w-4 h-4"[39m
                [33mfill[39m=[32m"none"[39m
                [33mstroke[39m=[32m"currentColor"[39m
                [33mviewBox[39m=[32m"0 0 24 24"[39m
              [36m>[39m
                [36m<path[39m
                  [33md[39m=[32m"M5 13l4 4L19 7"[39m
                  [33mstroke-linecap[39m=[32m"round"[39m
                  [33mstroke-linejoin[39m=[32m"round"[39m
                  [33mstroke-width[39m=[32m"2"[39m
                [36m/>[39m
              [36m</svg>[39m
            [36m</button>[39m
            [36m<button[39m
              [33maria-label[39m=[32m"Add to Retry"[39m
              [33mclass[39m=[32m"p-2 bg-blue-600 text-white rounded-full hover:bg-blue-700"[39m
              [33mtitle[39m=[32m"Add to Retry"[39m
            [36m>[39m
              [36m<svg[39m
                [33mclass[39m=[32m"w-4 h-4"[39m
                [33mfill[39m=[32m"none"[39m
                [33mstroke[39m=[32m"currentColor"[39m
                [33mstroke-linecap[39m=[32m"round"[39m
                [33mstroke-linejoin[39m=[32m"round"[39m
                [33mstroke-width[39m=[32m"2"[39m
                [33mviewBox[39m=[32m"0 0 24 24"[39m
              [36m>[39m
                [36m<path[39m
                  [33md[39m=[32m"m15 14 5-5-5-5"[39m
                [36m/>[39m
                [36m<path[39m
                  [33md[39m=[32m"M20 9H9.5A5.5 5.5 0 0 0 4 14.5 5.5 5.5 0 0 0 9.5 20H13"[39m
                [36m/>[39m
              [36m</svg>[39m
            [36m</button>[39m
            [36m<button[39m
              [33maria-label[39m=[32m"Delete"[39m
              [33mclass[39m=[32m"p-2 bg-red-600 text-white rounded-full hover:bg-red-700"[39m
              [33mtitle[39m=[32m"Delete"[39m
            [36m>[39m
              [36m<svg[39m
                [33mclass[39m=[32m"w-4 h-4"[39m
                [33mfill[39m=[32m"none"[39m
                [33mstroke[39m=[32m"currentColor"[39m
                [33mviewBox[39m=[32m"0 0 24 24"[39m
              [36m>[39m
                [36m<path[39m
                  [33md[39m=[32m"M19 7l-.867 12.142A2 2 0 0116.138 21H7.862a2 2 0 01-1.995-1.858L5 7m5 4v6m4-6v6m1-10V4a1 1 0 00-1-1h-4a1 1 0 00-1 1v3M4 7h16"[39m
                  [33mstroke-linecap[39m=[32m"round"[39m
                  [33mstroke-linejoin[39m=[32m"round"[39m
                  [33mstroke-width[39m=[32m"2"[39m
                [36m/>[39m
              [36m</svg>[39m
            [36m</button>[39m
          [36m</div>[39m
        [36m</div>[39m
      [36m</div>[39m
      [36m<div[39m
        [33mclass[39m=[32m"p-3"[39m
      [36m>[39m
        [36m<div[39m
          [33mclass[39m=[32m"text-xs font-medium text-gray-900 truncate"[39m
          [33mtitle[39m=[32m"Mountain Sunset"[39m
        [36m>[39m
          [0mMountain Sunset[0m
        [36m</div>[39m
        [36m<div[39m
          [33mclass[39m=[32m"text-xs text-red-600 mb-2 p-2 bg-red-50 rounded border border-red-200"[39m
        [36m>[39m
          [36m<strong>[39m
            [0mFailure:[0m
          [36m</strong>[39m
          [0m [0m
          [0mPoor image quality - too dark and blurry[0m
        [36m</div>[39m
        [36m<div[39m
          [33mclass[39m=[32m"text-xs text-gray-500 truncate mb-2"[39m
          [33mtitle[39m=[32m"Job exec-123"[39m
        [36m>[39m
          [0mJob exec-123[0m
        [36m</div>[39m
        [36m<div[39m
          [33mclass[39m=[32m"flex items-center justify-between text-xs text-gray-500 mb-3"[39m
        [36m>[39m
          [36m<div[39m
            [33mclass[39m=[32m"flex items-center space-x-2"[39m
          [36m>[39m
            [36m<span[39m
              [33mclass[39m=[32m"font-mono"[39m
              [33mtitle[39m=[32m"Seed: 12345"[39m
            [36m>[39m
              [0m12345[0m
            [36m</span>[39m
          [36m</div>[39m
          [36m<div[39m
            [33mtitle[39m=[32m"1/15/2024"[39m
          [36m>[39m
            [0m1/15/2024[0m
          [36m</div>[39m
        [36m</div>[39m
      [36m</div>[39m
    [36m</div>[39m
  [36m</div>[39m
[36m</body>[39m
   × FailedImageCard > Component Rendering > shows the seed value when available 14ms
     → Unable to find an element with the text: 12345 (normalized from ' 12345'). This could be because the text is broken up by multiple elements. In this case, you can provide a function for your text matcher to make your matcher more flexible.

Ignored nodes: comments, script, style
[36m<body>[39m
  [36m<div>[39m
    [36m<div[39m
      [33mclass[39m=[32m"relative bg-white border rounded-lg overflow-hidden transition-colors border-gray-200 hover:border-gray-300 hover:bg-gray-50"[39m
      [33mdata-testid[39m=[32m"failed-image-card-test-image-1"[39m
    [36m>[39m
      [36m<div[39m
        [33mclass[39m=[32m"absolute top-2 right-2 z-10"[39m
      [36m>[39m
        [36m<input[39m
          [33mclass[39m=[32m"rounded border-gray-300 text-blue-600 focus:ring-blue-500"[39m
          [33mdata-testid[39m=[32m"select-test-image-1"[39m
          [33mtype[39m=[32m"checkbox"[39m
        [36m/>[39m
      [36m</div>[39m
      [36m<div[39m
        [33mclass[39m=[32m"relative aspect-square"[39m
      [36m>[39m
        [36m<img[39m
          [33malt[39m=[32m"Failed image test-image-1"[39m
          [33mclass[39m=[32m"w-full h-full object-cover"[39m
          [33msrc[39m=[32m"local-file:///path/to/test-image.jpg"[39m
        [36m/>[39m
        [36m<div[39m
          [33mclass[39m=[32m"absolute top-2 left-2"[39m
        [36m>[39m
          [36m<span[39m
            [33mclass[39m=[32m"inline-flex items-center gap-1 px-2 py-1 rounded-full text-sm font-medium border bg-red-100 text-red-800 border-red-200"[39m
          [36m>[39m
            [36m<svg[39m
              [33maria-hidden[39m=[32m"true"[39m
              [33mclass[39m=[32m"w-4 h-4"[39m
              [33mfill[39m=[32m"none"[39m
              [33mstroke[39m=[32m"currentColor"[39m
              [33mviewBox[39m=[32m"0 0 24 24"[39m
            [36m>[39m
              [36m<path[39m
                [33md[39m=[32m"M12 9v4m0 4h.01M10.29 3.86L1.82 18a2 2 0 001.71 3h16.94a2 2 0 001.71-3L13.71 3.86a2 2 0 00-3.42 0z"[39m
                [33mstroke-linecap[39m=[32m"round"[39m
                [33mstroke-linejoin[39m=[32m"round"[39m
                [33mstroke-width[39m=[32m"2"[39m
              [36m/>[39m
            [36m</svg>[39m
            [0mQC Failed[0m
          [36m</span>[39m
        [36m</div>[39m
        [36m<div[39m
          [33mclass[39m=[32m"absolute inset-0 bg-black bg-opacity-0 hover:bg-opacity-40 transition-all duration-200 flex items-center justify-center opacity-0 hover:opacity-100"[39m
        [36m>[39m
          [36m<div[39m
            [33mclass[39m=[32m"flex items-center space-x-2"[39m
          [36m>[39m
            [36m<button[39m
              [33maria-label[39m=[32m"View"[39m
              [33mclass[39m=[32m"p-2 bg-gray-600 text-white rounded-full hover:bg-gray-700"[39m
              [33mtitle[39m=[32m"View"[39m
            [36m>[39m
              [36m<svg[39m
                [33mclass[39m=[32m"w-4 h-4"[39m
                [33mfill[39m=[32m"none"[39m
                [33mstroke[39m=[32m"currentColor"[39m
                [33mviewBox[39m=[32m"0 0 24 24"[39m
              [36m>[39m
                [36m<path[39m
                  [33md[39m=[32m"M15 12a3 3 0 11-6 0 3 3 0 016 0z"[39m
                  [33mstroke-linecap[39m=[32m"round"[39m
                  [33mstroke-linejoin[39m=[32m"round"[39m
                  [33mstroke-width[39m=[32m"2"[39m
                [36m/>[39m
                [36m<path[39m
                  [33md[39m=[32m"M2.458 12C3.732 7.943 7.523 5 12 5c4.478 0 8.268 2.943 9.542 7-1.274 4.057-5.064 7-9.542 7-4.477 0-8.268-2.943-9.542-7z"[39m
                  [33mstroke-linecap[39m=[32m"round"[39m
                  [33mstroke-linejoin[39m=[32m"round"[39m
                  [33mstroke-width[39m=[32m"2"[39m
                [36m/>[39m
              [36m</svg>[39m
            [36m</button>[39m
            [36m<button[39m
              [33maria-label[39m=[32m"Approve"[39m
              [33mclass[39m=[32m"p-2 bg-green-600 text-white rounded-full hover:bg-green-700"[39m
              [33mtitle[39m=[32m"Approve"[39m
            [36m>[39m
              [36m<svg[39m
                [33mclass[39m=[32m"w-4 h-4"[39m
                [33mfill[39m=[32m"none"[39m
                [33mstroke[39m=[32m"currentColor"[39m
                [33mviewBox[39m=[32m"0 0 24 24"[39m
              [36m>[39m
                [36m<path[39m
                  [33md[39m=[32m"M5 13l4 4L19 7"[39m
                  [33mstroke-linecap[39m=[32m"round"[39m
                  [33mstroke-linejoin[39m=[32m"round"[39m
                  [33mstroke-width[39m=[32m"2"[39m
                [36m/>[39m
              [36m</svg>[39m
            [36m</button>[39m
            [36m<button[39m
              [33maria-label[39m=[32m"Add to Retry"[39m
              [33mclass[39m=[32m"p-2 bg-blue-600 text-white rounded-full hover:bg-blue-700"[39m
              [33mtitle[39m=[32m"Add to Retry"[39m
            [36m>[39m
              [36m<svg[39m
                [33mclass[39m=[32m"w-4 h-4"[39m
                [33mfill[39m=[32m"none"[39m
                [33mstroke[39m=[32m"currentColor"[39m
                [33mstroke-linecap[39m=[32m"round"[39m
                [33mstroke-linejoin[39m=[32m"round"[39m
                [33mstroke-width[39m=[32m"2"[39m
                [33mviewBox[39m=[32m"0 0 24 24"[39m
              [36m>[39m
                [36m<path[39m
                  [33md[39m=[32m"m15 14 5-5-5-5"[39m
                [36m/>[39m
                [36m<path[39m
                  [33md[39m=[32m"M20 9H9.5A5.5 5.5 0 0 0 4 14.5 5.5 5.5 0 0 0 9.5 20H13"[39m
                [36m/>[39m
              [36m</svg>[39m
            [36m</button>[39m
            [36m<button[39m
              [33maria-label[39m=[32m"Delete"[39m
              [33mclass[39m=[32m"p-2 bg-red-600 text-white rounded-full hover:bg-red-700"[39m
              [33mtitle[39m=[32m"Delete"[39m
            [36m>[39m
              [36m<svg[39m
                [33mclass[39m=[32m"w-4 h-4"[39m
                [33mfill[39m=[32m"none"[39m
                [33mstroke[39m=[32m"currentColor"[39m
                [33mviewBox[39m=[32m"0 0 24 24"[39m
              [36m>[39m
                [36m<path[39m
                  [33md[39m=[32m"M19 7l-.867 12.142A2 2 0 0116.138 21H7.862a2 2 0 01-1.995-1.858L5 7m5 4v6m4-6v6m1-10V4a1 1 0 00-1-1h-4a1 1 0 00-1 1v3M4 7h16"[39m
                  [33mstroke-linecap[39m=[32m"round"[39m
                  [33mstroke-linejoin[39m=[32m"round"[39m
                  [33mstroke-width[39m=[32m"2"[39m
                [36m/>[39m
              [36m</svg>[39m
            [36m</button>[39m
          [36m</div>[39m
        [36m</div>[39m
      [36m</div>[39m
      [36m<div[39m
        [33mclass[39m=[32m"p-3"[39m
      [36m>[39m
        [36m<div[39m
          [33mclass[39m=[32m"text-xs font-medium text-gray-900 truncate"[39m
          [33mtitle[39m=[32m"Mountain Sunset"[39m
        [36m>[39m
          [0mMountain Sunset[0m
        [36m</div>[39m
        [36m<div[39m
          [33mclass[39m=[32m"text-xs text-red-600 mb-2 p-2 bg-red-50 rounded border border-red-200"[39m
        [36m>[39m
          [36m<strong>[39m
            [0mFailure:[0m
          [36m</strong>[39m
          [0m [0m
          [0mPoor image quality - too dark and blurry[0m
        [36m</div>[39m
        [36m<div[39m
          [33mclass[39m=[32m"text-xs text-gray-500 truncate mb-2"[39m
          [33mtitle[39m=[32m"Job exec-123"[39m
        [36m>[39m
          [0mJob exec-123[0m
        [36m</div>[39m
        [36m<div[39m
          [33mclass[39m=[32m"flex items-center justify-between text-xs text-gray-500 mb-3"[39m
        [36m>[39m
          [36m<div[39m
            [33mclass[39m=[32m"flex items-center space-x-2"[39m
          [36m>[39m
            [36m<span[39m
              [33mclass[39m=[32m"font-mono"[39m
              [33mtitle[39m=[32m"Seed: 12345"[39m
            [36m>[39m
              [0m12345[0m
            [36m</span>[39m
          [36m</div>[39m
          [36m<div[39m
            [33mtitle[39m=[32m"1/15/2024"[39m
          [36m>[39m
            [0m1/15/2024[0m
          [36m</div>[39m
        [36m</div>[39m
      [36m</div>[39m
    [36m</div>[39m
  [36m</div>[39m
[36m</body>[39m
   ✓ FailedImageCard > Component Rendering > displays the creation date 9ms
   × FailedImageCard > Image Display > renders image when finalImagePath is available 13ms
     → Unable to find an element with the alt text: A beautiful sunset over mountains with dramatic clouds

Ignored nodes: comments, script, style
[36m<body>[39m
  [36m<div>[39m
    [36m<div[39m
      [33mclass[39m=[32m"relative bg-white border rounded-lg overflow-hidden transition-colors border-gray-200 hover:border-gray-300 hover:bg-gray-50"[39m
      [33mdata-testid[39m=[32m"failed-image-card-test-image-1"[39m
    [36m>[39m
      [36m<div[39m
        [33mclass[39m=[32m"absolute top-2 right-2 z-10"[39m
      [36m>[39m
        [36m<input[39m
          [33mclass[39m=[32m"rounded border-gray-300 text-blue-600 focus:ring-blue-500"[39m
          [33mdata-testid[39m=[32m"select-test-image-1"[39m
          [33mtype[39m=[32m"checkbox"[39m
        [36m/>[39m
      [36m</div>[39m
      [36m<div[39m
        [33mclass[39m=[32m"relative aspect-square"[39m
      [36m>[39m
        [36m<img[39m
          [33malt[39m=[32m"Failed image test-image-1"[39m
          [33mclass[39m=[32m"w-full h-full object-cover"[39m
          [33msrc[39m=[32m"local-file:///path/to/test-image.jpg"[39m
        [36m/>[39m
        [36m<div[39m
          [33mclass[39m=[32m"absolute top-2 left-2"[39m
        [36m>[39m
          [36m<span[39m
            [33mclass[39m=[32m"inline-flex items-center gap-1 px-2 py-1 rounded-full text-sm font-medium border bg-red-100 text-red-800 border-red-200"[39m
          [36m>[39m
            [36m<svg[39m
              [33maria-hidden[39m=[32m"true"[39m
              [33mclass[39m=[32m"w-4 h-4"[39m
              [33mfill[39m=[32m"none"[39m
              [33mstroke[39m=[32m"currentColor"[39m
              [33mviewBox[39m=[32m"0 0 24 24"[39m
            [36m>[39m
              [36m<path[39m
                [33md[39m=[32m"M12 9v4m0 4h.01M10.29 3.86L1.82 18a2 2 0 001.71 3h16.94a2 2 0 001.71-3L13.71 3.86a2 2 0 00-3.42 0z"[39m
                [33mstroke-linecap[39m=[32m"round"[39m
                [33mstroke-linejoin[39m=[32m"round"[39m
                [33mstroke-width[39m=[32m"2"[39m
              [36m/>[39m
            [36m</svg>[39m
            [0mQC Failed[0m
          [36m</span>[39m
        [36m</div>[39m
        [36m<div[39m
          [33mclass[39m=[32m"absolute inset-0 bg-black bg-opacity-0 hover:bg-opacity-40 transition-all duration-200 flex items-center justify-center opacity-0 hover:opacity-100"[39m
        [36m>[39m
          [36m<div[39m
            [33mclass[39m=[32m"flex items-center space-x-2"[39m
          [36m>[39m
            [36m<button[39m
              [33maria-label[39m=[32m"View"[39m
              [33mclass[39m=[32m"p-2 bg-gray-600 text-white rounded-full hover:bg-gray-700"[39m
              [33mtitle[39m=[32m"View"[39m
            [36m>[39m
              [36m<svg[39m
                [33mclass[39m=[32m"w-4 h-4"[39m
                [33mfill[39m=[32m"none"[39m
                [33mstroke[39m=[32m"currentColor"[39m
                [33mviewBox[39m=[32m"0 0 24 24"[39m
              [36m>[39m
                [36m<path[39m
                  [33md[39m=[32m"M15 12a3 3 0 11-6 0 3 3 0 016 0z"[39m
                  [33mstroke-linecap[39m=[32m"round"[39m
                  [33mstroke-linejoin[39m=[32m"round"[39m
                  [33mstroke-width[39m=[32m"2"[39m
                [36m/>[39m
                [36m<path[39m
                  [33md[39m=[32m"M2.458 12C3.732 7.943 7.523 5 12 5c4.478 0 8.268 2.943 9.542 7-1.274 4.057-5.064 7-9.542 7-4.477 0-8.268-2.943-9.542-7z"[39m
                  [33mstroke-linecap[39m=[32m"round"[39m
                  [33mstroke-linejoin[39m=[32m"round"[39m
                  [33mstroke-width[39m=[32m"2"[39m
                [36m/>[39m
              [36m</svg>[39m
            [36m</button>[39m
            [36m<button[39m
              [33maria-label[39m=[32m"Approve"[39m
              [33mclass[39m=[32m"p-2 bg-green-600 text-white rounded-full hover:bg-green-700"[39m
              [33mtitle[39m=[32m"Approve"[39m
            [36m>[39m
              [36m<svg[39m
                [33mclass[39m=[32m"w-4 h-4"[39m
                [33mfill[39m=[32m"none"[39m
                [33mstroke[39m=[32m"currentColor"[39m
                [33mviewBox[39m=[32m"0 0 24 24"[39m
              [36m>[39m
                [36m<path[39m
                  [33md[39m=[32m"M5 13l4 4L19 7"[39m
                  [33mstroke-linecap[39m=[32m"round"[39m
                  [33mstroke-linejoin[39m=[32m"round"[39m
                  [33mstroke-width[39m=[32m"2"[39m
                [36m/>[39m
              [36m</svg>[39m
            [36m</button>[39m
            [36m<button[39m
              [33maria-label[39m=[32m"Add to Retry"[39m
              [33mclass[39m=[32m"p-2 bg-blue-600 text-white rounded-full hover:bg-blue-700"[39m
              [33mtitle[39m=[32m"Add to Retry"[39m
            [36m>[39m
              [36m<svg[39m
                [33mclass[39m=[32m"w-4 h-4"[39m
                [33mfill[39m=[32m"none"[39m
                [33mstroke[39m=[32m"currentColor"[39m
                [33mstroke-linecap[39m=[32m"round"[39m
                [33mstroke-linejoin[39m=[32m"round"[39m
                [33mstroke-width[39m=[32m"2"[39m
                [33mviewBox[39m=[32m"0 0 24 24"[39m
              [36m>[39m
                [36m<path[39m
                  [33md[39m=[32m"m15 14 5-5-5-5"[39m
                [36m/>[39m
                [36m<path[39m
                  [33md[39m=[32m"M20 9H9.5A5.5 5.5 0 0 0 4 14.5 5.5 5.5 0 0 0 9.5 20H13"[39m
                [36m/>[39m
              [36m</svg>[39m
            [36m</button>[39m
            [36m<button[39m
              [33maria-label[39m=[32m"Delete"[39m
              [33mclass[39m=[32m"p-2 bg-red-600 text-white rounded-full hover:bg-red-700"[39m
              [33mtitle[39m=[32m"Delete"[39m
            [36m>[39m
              [36m<svg[39m
                [33mclass[39m=[32m"w-4 h-4"[39m
                [33mfill[39m=[32m"none"[39m
                [33mstroke[39m=[32m"currentColor"[39m
                [33mviewBox[39m=[32m"0 0 24 24"[39m
              [36m>[39m
                [36m<path[39m
                  [33md[39m=[32m"M19 7l-.867 12.142A2 2 0 0116.138 21H7.862a2 2 0 01-1.995-1.858L5 7m5 4v6m4-6v6m1-10V4a1 1 0 00-1-1h-4a1 1 0 00-1 1v3M4 7h16"[39m
                  [33mstroke-linecap[39m=[32m"round"[39m
                  [33mstroke-linejoin[39m=[32m"round"[39m
                  [33mstroke-width[39m=[32m"2"[39m
                [36m/>[39m
              [36m</svg>[39m
            [36m</button>[39m
          [36m</div>[39m
        [36m</div>[39m
      [36m</div>[39m
      [36m<div[39m
        [33mclass[39m=[32m"p-3"[39m
      [36m>[39m
        [36m<div[39m
          [33mclass[39m=[32m"text-xs font-medium text-gray-900 truncate"[39m
          [33mtitle[39m=[32m"Mountain Sunset"[39m
        [36m>[39m
          [0mMountain Sunset[0m
        [36m</div>[39m
        [36m<div[39m
          [33mclass[39m=[32m"text-xs text-red-600 mb-2 p-2 bg-red-50 rounded border border-red-200"[39m
        [36m>[39m
          [36m<strong>[39m
            [0mFailure:[0m
          [36m</strong>[39m
          [0m [0m
          [0mPoor image quality - too dark and blurry[0m
        [36m</div>[39m
        [36m<div[39m
          [33mclass[39m=[32m"text-xs text-gray-500 truncate mb-2"[39m
          [33mtitle[39m=[32m"Job exec-123"[39m
        [36m>[39m
          [0mJob exec-123[0m
        [36m</div>[39m
        [36m<div[39m
          [33mclass[39m=[32m"flex items-center justify-between text-xs text-gray-500 mb-3"[39m
        [36m>[39m
          [36m<div[39m
            [33mclass[39m=[32m"flex items-center space-x-2"[39m
          [36m>[39m
            [36m<span[39m
              [33mclass[39m=[32m"font-mono"[39m
              [33mtitle[39m=[32m"Seed: 12345"[39m
            [36m>[39m
              [0m12345[0m
            [36m</span>[39m
          [36m</div>[39m
          [36m<div[39m
            [33mtitle[39m=[32m"1/15/2024"[39m
          [36m>[39m
            [0m1/15/2024[0m
          [36m</div>[39m
        [36m</div>[39m
      [36m</div>[39m
    [36m</div>[39m
  [36m</div>[39m
[36m</body>[39m
   ✓ FailedImageCard > Image Display > shows fallback placeholder when no image path 14ms
   × FailedImageCard > Image Display > handles image load errors gracefully 16ms
     → Unable to find an element with the alt text: A beautiful sunset over mountains with dramatic clouds

Ignored nodes: comments, script, style
[36m<body>[39m
  [36m<div>[39m
    [36m<div[39m
      [33mclass[39m=[32m"relative bg-white border rounded-lg overflow-hidden transition-colors border-gray-200 hover:border-gray-300 hover:bg-gray-50"[39m
      [33mdata-testid[39m=[32m"failed-image-card-test-image-1"[39m
    [36m>[39m
      [36m<div[39m
        [33mclass[39m=[32m"absolute top-2 right-2 z-10"[39m
      [36m>[39m
        [36m<input[39m
          [33mclass[39m=[32m"rounded border-gray-300 text-blue-600 focus:ring-blue-500"[39m
          [33mdata-testid[39m=[32m"select-test-image-1"[39m
          [33mtype[39m=[32m"checkbox"[39m
        [36m/>[39m
      [36m</div>[39m
      [36m<div[39m
        [33mclass[39m=[32m"relative aspect-square"[39m
      [36m>[39m
        [36m<img[39m
          [33malt[39m=[32m"Failed image test-image-1"[39m
          [33mclass[39m=[32m"w-full h-full object-cover"[39m
          [33msrc[39m=[32m"local-file:///path/to/test-image.jpg"[39m
        [36m/>[39m
        [36m<div[39m
          [33mclass[39m=[32m"absolute top-2 left-2"[39m
        [36m>[39m
          [36m<span[39m
            [33mclass[39m=[32m"inline-flex items-center gap-1 px-2 py-1 rounded-full text-sm font-medium border bg-red-100 text-red-800 border-red-200"[39m
          [36m>[39m
            [36m<svg[39m
              [33maria-hidden[39m=[32m"true"[39m
              [33mclass[39m=[32m"w-4 h-4"[39m
              [33mfill[39m=[32m"none"[39m
              [33mstroke[39m=[32m"currentColor"[39m
              [33mviewBox[39m=[32m"0 0 24 24"[39m
            [36m>[39m
              [36m<path[39m
                [33md[39m=[32m"M12 9v4m0 4h.01M10.29 3.86L1.82 18a2 2 0 001.71 3h16.94a2 2 0 001.71-3L13.71 3.86a2 2 0 00-3.42 0z"[39m
                [33mstroke-linecap[39m=[32m"round"[39m
                [33mstroke-linejoin[39m=[32m"round"[39m
                [33mstroke-width[39m=[32m"2"[39m
              [36m/>[39m
            [36m</svg>[39m
            [0mQC Failed[0m
          [36m</span>[39m
        [36m</div>[39m
        [36m<div[39m
          [33mclass[39m=[32m"absolute inset-0 bg-black bg-opacity-0 hover:bg-opacity-40 transition-all duration-200 flex items-center justify-center opacity-0 hover:opacity-100"[39m
        [36m>[39m
          [36m<div[39m
            [33mclass[39m=[32m"flex items-center space-x-2"[39m
          [36m>[39m
            [36m<button[39m
              [33maria-label[39m=[32m"View"[39m
              [33mclass[39m=[32m"p-2 bg-gray-600 text-white rounded-full hover:bg-gray-700"[39m
              [33mtitle[39m=[32m"View"[39m
            [36m>[39m
              [36m<svg[39m
                [33mclass[39m=[32m"w-4 h-4"[39m
                [33mfill[39m=[32m"none"[39m
                [33mstroke[39m=[32m"currentColor"[39m
                [33mviewBox[39m=[32m"0 0 24 24"[39m
              [36m>[39m
                [36m<path[39m
                  [33md[39m=[32m"M15 12a3 3 0 11-6 0 3 3 0 016 0z"[39m
                  [33mstroke-linecap[39m=[32m"round"[39m
                  [33mstroke-linejoin[39m=[32m"round"[39m
                  [33mstroke-width[39m=[32m"2"[39m
                [36m/>[39m
                [36m<path[39m
                  [33md[39m=[32m"M2.458 12C3.732 7.943 7.523 5 12 5c4.478 0 8.268 2.943 9.542 7-1.274 4.057-5.064 7-9.542 7-4.477 0-8.268-2.943-9.542-7z"[39m
                  [33mstroke-linecap[39m=[32m"round"[39m
                  [33mstroke-linejoin[39m=[32m"round"[39m
                  [33mstroke-width[39m=[32m"2"[39m
                [36m/>[39m
              [36m</svg>[39m
            [36m</button>[39m
            [36m<button[39m
              [33maria-label[39m=[32m"Approve"[39m
              [33mclass[39m=[32m"p-2 bg-green-600 text-white rounded-full hover:bg-green-700"[39m
              [33mtitle[39m=[32m"Approve"[39m
            [36m>[39m
              [36m<svg[39m
                [33mclass[39m=[32m"w-4 h-4"[39m
                [33mfill[39m=[32m"none"[39m
                [33mstroke[39m=[32m"currentColor"[39m
                [33mviewBox[39m=[32m"0 0 24 24"[39m
              [36m>[39m
                [36m<path[39m
                  [33md[39m=[32m"M5 13l4 4L19 7"[39m
                  [33mstroke-linecap[39m=[32m"round"[39m
                  [33mstroke-linejoin[39m=[32m"round"[39m
                  [33mstroke-width[39m=[32m"2"[39m
                [36m/>[39m
              [36m</svg>[39m
            [36m</button>[39m
            [36m<button[39m
              [33maria-label[39m=[32m"Add to Retry"[39m
              [33mclass[39m=[32m"p-2 bg-blue-600 text-white rounded-full hover:bg-blue-700"[39m
              [33mtitle[39m=[32m"Add to Retry"[39m
            [36m>[39m
              [36m<svg[39m
                [33mclass[39m=[32m"w-4 h-4"[39m
                [33mfill[39m=[32m"none"[39m
                [33mstroke[39m=[32m"currentColor"[39m
                [33mstroke-linecap[39m=[32m"round"[39m
                [33mstroke-linejoin[39m=[32m"round"[39m
                [33mstroke-width[39m=[32m"2"[39m
                [33mviewBox[39m=[32m"0 0 24 24"[39m
              [36m>[39m
                [36m<path[39m
                  [33md[39m=[32m"m15 14 5-5-5-5"[39m
                [36m/>[39m
                [36m<path[39m
                  [33md[39m=[32m"M20 9H9.5A5.5 5.5 0 0 0 4 14.5 5.5 5.5 0 0 0 9.5 20H13"[39m
                [36m/>[39m
              [36m</svg>[39m
            [36m</button>[39m
            [36m<button[39m
              [33maria-label[39m=[32m"Delete"[39m
              [33mclass[39m=[32m"p-2 bg-red-600 text-white rounded-full hover:bg-red-700"[39m
              [33mtitle[39m=[32m"Delete"[39m
            [36m>[39m
              [36m<svg[39m
                [33mclass[39m=[32m"w-4 h-4"[39m
                [33mfill[39m=[32m"none"[39m
                [33mstroke[39m=[32m"currentColor"[39m
                [33mviewBox[39m=[32m"0 0 24 24"[39m
              [36m>[39m
                [36m<path[39m
                  [33md[39m=[32m"M19 7l-.867 12.142A2 2 0 0116.138 21H7.862a2 2 0 01-1.995-1.858L5 7m5 4v6m4-6v6m1-10V4a1 1 0 00-1-1h-4a1 1 0 00-1 1v3M4 7h16"[39m
                  [33mstroke-linecap[39m=[32m"round"[39m
                  [33mstroke-linejoin[39m=[32m"round"[39m
                  [33mstroke-width[39m=[32m"2"[39m
                [36m/>[39m
              [36m</svg>[39m
            [36m</button>[39m
          [36m</div>[39m
        [36m</div>[39m
      [36m</div>[39m
      [36m<div[39m
        [33mclass[39m=[32m"p-3"[39m
      [36m>[39m
        [36m<div[39m
          [33mclass[39m=[32m"text-xs font-medium text-gray-900 truncate"[39m
          [33mtitle[39m=[32m"Mountain Sunset"[39m
        [36m>[39m
          [0mMountain Sunset[0m
        [36m</div>[39m
        [36m<div[39m
          [33mclass[39m=[32m"text-xs text-red-600 mb-2 p-2 bg-red-50 rounded border border-red-200"[39m
        [36m>[39m
          [36m<strong>[39m
            [0mFailure:[0m
          [36m</strong>[39m
          [0m [0m
          [0mPoor image quality - too dark and blurry[0m
        [36m</div>[39m
        [36m<div[39m
          [33mclass[39m=[32m"text-xs text-gray-500 truncate mb-2"[39m
          [33mtitle[39m=[32m"Job exec-123"[39m
        [36m>[39m
          [0mJob exec-123[0m
        [36m</div>[39m
        [36m<div[39m
          [33mclass[39m=[32m"flex items-center justify-between text-xs text-gray-500 mb-3"[39m
        [36m>[39m
          [36m<div[39m
            [33mclass[39m=[32m"flex items-center space-x-2"[39m
          [36m>[39m
            [36m<span[39m
              [33mclass[39m=[32m"font-mono"[39m
              [33mtitle[39m=[32m"Seed: 12345"[39m
            [36m>[39m
              [0m12345[0m
            [36m</span>[39m
          [36m</div>[39m
          [36m<div[39m
            [33mtitle[39m=[32m"1/15/2024"[39m
          [36m>[39m
            [0m1/15/2024[0m
          [36m</div>[39m
        [36m</div>[39m
      [36m</div>[39m
    [36m</div>[39m
  [36m</div>[39m
[36m</body>[39m
   × FailedImageCard > Failure Indicators > shows failure indicator when qcReason is present 10ms
     → Unable to find an element with the text: ️ Failed. This could be because the text is broken up by multiple elements. In this case, you can provide a function for your text matcher to make your matcher more flexible.

Ignored nodes: comments, script, style
[36m<body>[39m
  [36m<div>[39m
    [36m<div[39m
      [33mclass[39m=[32m"relative bg-white border rounded-lg overflow-hidden transition-colors border-gray-200 hover:border-gray-300 hover:bg-gray-50"[39m
      [33mdata-testid[39m=[32m"failed-image-card-test-image-1"[39m
    [36m>[39m
      [36m<div[39m
        [33mclass[39m=[32m"absolute top-2 right-2 z-10"[39m
      [36m>[39m
        [36m<input[39m
          [33mclass[39m=[32m"rounded border-gray-300 text-blue-600 focus:ring-blue-500"[39m
          [33mdata-testid[39m=[32m"select-test-image-1"[39m
          [33mtype[39m=[32m"checkbox"[39m
        [36m/>[39m
      [36m</div>[39m
      [36m<div[39m
        [33mclass[39m=[32m"relative aspect-square"[39m
      [36m>[39m
        [36m<img[39m
          [33malt[39m=[32m"Failed image test-image-1"[39m
          [33mclass[39m=[32m"w-full h-full object-cover"[39m
          [33msrc[39m=[32m"local-file:///path/to/test-image.jpg"[39m
        [36m/>[39m
        [36m<div[39m
          [33mclass[39m=[32m"absolute top-2 left-2"[39m
        [36m>[39m
          [36m<span[39m
            [33mclass[39m=[32m"inline-flex items-center gap-1 px-2 py-1 rounded-full text-sm font-medium border bg-red-100 text-red-800 border-red-200"[39m
          [36m>[39m
            [36m<svg[39m
              [33maria-hidden[39m=[32m"true"[39m
              [33mclass[39m=[32m"w-4 h-4"[39m
              [33mfill[39m=[32m"none"[39m
              [33mstroke[39m=[32m"currentColor"[39m
              [33mviewBox[39m=[32m"0 0 24 24"[39m
            [36m>[39m
              [36m<path[39m
                [33md[39m=[32m"M12 9v4m0 4h.01M10.29 3.86L1.82 18a2 2 0 001.71 3h16.94a2 2 0 001.71-3L13.71 3.86a2 2 0 00-3.42 0z"[39m
                [33mstroke-linecap[39m=[32m"round"[39m
                [33mstroke-linejoin[39m=[32m"round"[39m
                [33mstroke-width[39m=[32m"2"[39m
              [36m/>[39m
            [36m</svg>[39m
            [0mQC Failed[0m
          [36m</span>[39m
        [36m</div>[39m
        [36m<div[39m
          [33mclass[39m=[32m"absolute inset-0 bg-black bg-opacity-0 hover:bg-opacity-40 transition-all duration-200 flex items-center justify-center opacity-0 hover:opacity-100"[39m
        [36m>[39m
          [36m<div[39m
            [33mclass[39m=[32m"flex items-center space-x-2"[39m
          [36m>[39m
            [36m<button[39m
              [33maria-label[39m=[32m"View"[39m
              [33mclass[39m=[32m"p-2 bg-gray-600 text-white rounded-full hover:bg-gray-700"[39m
              [33mtitle[39m=[32m"View"[39m
            [36m>[39m
              [36m<svg[39m
                [33mclass[39m=[32m"w-4 h-4"[39m
                [33mfill[39m=[32m"none"[39m
                [33mstroke[39m=[32m"currentColor"[39m
                [33mviewBox[39m=[32m"0 0 24 24"[39m
              [36m>[39m
                [36m<path[39m
                  [33md[39m=[32m"M15 12a3 3 0 11-6 0 3 3 0 016 0z"[39m
                  [33mstroke-linecap[39m=[32m"round"[39m
                  [33mstroke-linejoin[39m=[32m"round"[39m
                  [33mstroke-width[39m=[32m"2"[39m
                [36m/>[39m
                [36m<path[39m
                  [33md[39m=[32m"M2.458 12C3.732 7.943 7.523 5 12 5c4.478 0 8.268 2.943 9.542 7-1.274 4.057-5.064 7-9.542 7-4.477 0-8.268-2.943-9.542-7z"[39m
                  [33mstroke-linecap[39m=[32m"round"[39m
                  [33mstroke-linejoin[39m=[32m"round"[39m
                  [33mstroke-width[39m=[32m"2"[39m
                [36m/>[39m
              [36m</svg>[39m
            [36m</button>[39m
            [36m<button[39m
              [33maria-label[39m=[32m"Approve"[39m
              [33mclass[39m=[32m"p-2 bg-green-600 text-white rounded-full hover:bg-green-700"[39m
              [33mtitle[39m=[32m"Approve"[39m
            [36m>[39m
              [36m<svg[39m
                [33mclass[39m=[32m"w-4 h-4"[39m
                [33mfill[39m=[32m"none"[39m
                [33mstroke[39m=[32m"currentColor"[39m
                [33mviewBox[39m=[32m"0 0 24 24"[39m
              [36m>[39m
                [36m<path[39m
                  [33md[39m=[32m"M5 13l4 4L19 7"[39m
                  [33mstroke-linecap[39m=[32m"round"[39m
                  [33mstroke-linejoin[39m=[32m"round"[39m
                  [33mstroke-width[39m=[32m"2"[39m
                [36m/>[39m
              [36m</svg>[39m
            [36m</button>[39m
            [36m<button[39m
              [33maria-label[39m=[32m"Add to Retry"[39m
              [33mclass[39m=[32m"p-2 bg-blue-600 text-white rounded-full hover:bg-blue-700"[39m
              [33mtitle[39m=[32m"Add to Retry"[39m
            [36m>[39m
              [36m<svg[39m
                [33mclass[39m=[32m"w-4 h-4"[39m
                [33mfill[39m=[32m"none"[39m
                [33mstroke[39m=[32m"currentColor"[39m
                [33mstroke-linecap[39m=[32m"round"[39m
                [33mstroke-linejoin[39m=[32m"round"[39m
                [33mstroke-width[39m=[32m"2"[39m
                [33mviewBox[39m=[32m"0 0 24 24"[39m
              [36m>[39m
                [36m<path[39m
                  [33md[39m=[32m"m15 14 5-5-5-5"[39m
                [36m/>[39m
                [36m<path[39m
                  [33md[39m=[32m"M20 9H9.5A5.5 5.5 0 0 0 4 14.5 5.5 5.5 0 0 0 9.5 20H13"[39m
                [36m/>[39m
              [36m</svg>[39m
            [36m</button>[39m
            [36m<button[39m
              [33maria-label[39m=[32m"Delete"[39m
              [33mclass[39m=[32m"p-2 bg-red-600 text-white rounded-full hover:bg-red-700"[39m
              [33mtitle[39m=[32m"Delete"[39m
            [36m>[39m
              [36m<svg[39m
                [33mclass[39m=[32m"w-4 h-4"[39m
                [33mfill[39m=[32m"none"[39m
                [33mstroke[39m=[32m"currentColor"[39m
                [33mviewBox[39m=[32m"0 0 24 24"[39m
              [36m>[39m
                [36m<path[39m
                  [33md[39m=[32m"M19 7l-.867 12.142A2 2 0 0116.138 21H7.862a2 2 0 01-1.995-1.858L5 7m5 4v6m4-6v6m1-10V4a1 1 0 00-1-1h-4a1 1 0 00-1 1v3M4 7h16"[39m
                  [33mstroke-linecap[39m=[32m"round"[39m
                  [33mstroke-linejoin[39m=[32m"round"[39m
                  [33mstroke-width[39m=[32m"2"[39m
                [36m/>[39m
              [36m</svg>[39m
            [36m</button>[39m
          [36m</div>[39m
        [36m</div>[39m
      [36m</div>[39m
      [36m<div[39m
        [33mclass[39m=[32m"p-3"[39m
      [36m>[39m
        [36m<div[39m
          [33mclass[39m=[32m"text-xs font-medium text-gray-900 truncate"[39m
          [33mtitle[39m=[32m"Mountain Sunset"[39m
        [36m>[39m
          [0mMountain Sunset[0m
        [36m</div>[39m
        [36m<div[39m
          [33mclass[39m=[32m"text-xs text-red-600 mb-2 p-2 bg-red-50 rounded border border-red-200"[39m
        [36m>[39m
          [36m<strong>[39m
            [0mFailure:[0m
          [36m</strong>[39m
          [0m [0m
          [0mPoor image quality - too dark and blurry[0m
        [36m</div>[39m
        [36m<div[39m
          [33mclass[39m=[32m"text-xs text-gray-500 truncate mb-2"[39m
          [33mtitle[39m=[32m"Job exec-123"[39m
        [36m>[39m
          [0mJob exec-123[0m
        [36m</div>[39m
        [36m<div[39m
          [33mclass[39m=[32m"flex items-center justify-between text-xs text-gray-500 mb-3"[39m
        [36m>[39m
          [36m<div[39m
            [33mclass[39m=[32m"flex items-center space-x-2"[39m
          [36m>[39m
            [36m<span[39m
              [33mclass[39m=[32m"font-mono"[39m
              [33mtitle[39m=[32m"Seed: 12345"[39m
            [36m>[39m
              [0m12345[0m
            [36m</span>[39m
          [36m</div>[39m
          [36m<div[39m
            [33mtitle[39m=[32m"1/15/2024"[39m
          [36m>[39m
            [0m1/15/2024[0m
          [36m</div>[39m
        [36m</div>[39m
      [36m</div>[39m
    [36m</div>[39m
  [36m</div>[39m
[36m</body>[39m
   ✓ FailedImageCard > Failure Indicators > does not show failure indicator when no qcReason 15ms
   ✓ FailedImageCard > Failure Indicators > displays failure reason prominently 8ms
   ✓ FailedImageCard > Selection Controls > renders selection checkbox 7ms
   ✓ FailedImageCard > Selection Controls > shows correct selection state 7ms
   ✓ FailedImageCard > Selection Controls > calls onSelect when checkbox is clicked 15ms
   ✓ FailedImageCard > Selection Controls > prevents event propagation when checkbox is clicked 8ms
   × FailedImageCard > Action Buttons > renders all action buttons 9ms
     → Unable to find an element with the text: ✓ Approve. This could be because the text is broken up by multiple elements. In this case, you can provide a function for your text matcher to make your matcher more flexible.

Ignored nodes: comments, script, style
[36m<body>[39m
  [36m<div>[39m
    [36m<div[39m
      [33mclass[39m=[32m"relative bg-white border rounded-lg overflow-hidden transition-colors border-gray-200 hover:border-gray-300 hover:bg-gray-50"[39m
      [33mdata-testid[39m=[32m"failed-image-card-test-image-1"[39m
    [36m>[39m
      [36m<div[39m
        [33mclass[39m=[32m"absolute top-2 right-2 z-10"[39m
      [36m>[39m
        [36m<input[39m
          [33mclass[39m=[32m"rounded border-gray-300 text-blue-600 focus:ring-blue-500"[39m
          [33mdata-testid[39m=[32m"select-test-image-1"[39m
          [33mtype[39m=[32m"checkbox"[39m
        [36m/>[39m
      [36m</div>[39m
      [36m<div[39m
        [33mclass[39m=[32m"relative aspect-square"[39m
      [36m>[39m
        [36m<img[39m
          [33malt[39m=[32m"Failed image test-image-1"[39m
          [33mclass[39m=[32m"w-full h-full object-cover"[39m
          [33msrc[39m=[32m"local-file:///path/to/test-image.jpg"[39m
        [36m/>[39m
        [36m<div[39m
          [33mclass[39m=[32m"absolute top-2 left-2"[39m
        [36m>[39m
          [36m<span[39m
            [33mclass[39m=[32m"inline-flex items-center gap-1 px-2 py-1 rounded-full text-sm font-medium border bg-red-100 text-red-800 border-red-200"[39m
          [36m>[39m
            [36m<svg[39m
              [33maria-hidden[39m=[32m"true"[39m
              [33mclass[39m=[32m"w-4 h-4"[39m
              [33mfill[39m=[32m"none"[39m
              [33mstroke[39m=[32m"currentColor"[39m
              [33mviewBox[39m=[32m"0 0 24 24"[39m
            [36m>[39m
              [36m<path[39m
                [33md[39m=[32m"M12 9v4m0 4h.01M10.29 3.86L1.82 18a2 2 0 001.71 3h16.94a2 2 0 001.71-3L13.71 3.86a2 2 0 00-3.42 0z"[39m
                [33mstroke-linecap[39m=[32m"round"[39m
                [33mstroke-linejoin[39m=[32m"round"[39m
                [33mstroke-width[39m=[32m"2"[39m
              [36m/>[39m
            [36m</svg>[39m
            [0mQC Failed[0m
          [36m</span>[39m
        [36m</div>[39m
        [36m<div[39m
          [33mclass[39m=[32m"absolute inset-0 bg-black bg-opacity-0 hover:bg-opacity-40 transition-all duration-200 flex items-center justify-center opacity-0 hover:opacity-100"[39m
        [36m>[39m
          [36m<div[39m
            [33mclass[39m=[32m"flex items-center space-x-2"[39m
          [36m>[39m
            [36m<button[39m
              [33maria-label[39m=[32m"View"[39m
              [33mclass[39m=[32m"p-2 bg-gray-600 text-white rounded-full hover:bg-gray-700"[39m
              [33mtitle[39m=[32m"View"[39m
            [36m>[39m
              [36m<svg[39m
                [33mclass[39m=[32m"w-4 h-4"[39m
                [33mfill[39m=[32m"none"[39m
                [33mstroke[39m=[32m"currentColor"[39m
                [33mviewBox[39m=[32m"0 0 24 24"[39m
              [36m>[39m
                [36m<path[39m
                  [33md[39m=[32m"M15 12a3 3 0 11-6 0 3 3 0 016 0z"[39m
                  [33mstroke-linecap[39m=[32m"round"[39m
                  [33mstroke-linejoin[39m=[32m"round"[39m
                  [33mstroke-width[39m=[32m"2"[39m
                [36m/>[39m
                [36m<path[39m
                  [33md[39m=[32m"M2.458 12C3.732 7.943 7.523 5 12 5c4.478 0 8.268 2.943 9.542 7-1.274 4.057-5.064 7-9.542 7-4.477 0-8.268-2.943-9.542-7z"[39m
                  [33mstroke-linecap[39m=[32m"round"[39m
                  [33mstroke-linejoin[39m=[32m"round"[39m
                  [33mstroke-width[39m=[32m"2"[39m
                [36m/>[39m
              [36m</svg>[39m
            [36m</button>[39m
            [36m<button[39m
              [33maria-label[39m=[32m"Approve"[39m
              [33mclass[39m=[32m"p-2 bg-green-600 text-white rounded-full hover:bg-green-700"[39m
              [33mtitle[39m=[32m"Approve"[39m
            [36m>[39m
              [36m<svg[39m
                [33mclass[39m=[32m"w-4 h-4"[39m
                [33mfill[39m=[32m"none"[39m
                [33mstroke[39m=[32m"currentColor"[39m
                [33mviewBox[39m=[32m"0 0 24 24"[39m
              [36m>[39m
                [36m<path[39m
                  [33md[39m=[32m"M5 13l4 4L19 7"[39m
                  [33mstroke-linecap[39m=[32m"round"[39m
                  [33mstroke-linejoin[39m=[32m"round"[39m
                  [33mstroke-width[39m=[32m"2"[39m
                [36m/>[39m
              [36m</svg>[39m
            [36m</button>[39m
            [36m<button[39m
              [33maria-label[39m=[32m"Add to Retry"[39m
              [33mclass[39m=[32m"p-2 bg-blue-600 text-white rounded-full hover:bg-blue-700"[39m
              [33mtitle[39m=[32m"Add to Retry"[39m
            [36m>[39m
              [36m<svg[39m
                [33mclass[39m=[32m"w-4 h-4"[39m
                [33mfill[39m=[32m"none"[39m
                [33mstroke[39m=[32m"currentColor"[39m
                [33mstroke-linecap[39m=[32m"round"[39m
                [33mstroke-linejoin[39m=[32m"round"[39m
                [33mstroke-width[39m=[32m"2"[39m
                [33mviewBox[39m=[32m"0 0 24 24"[39m
              [36m>[39m
                [36m<path[39m
                  [33md[39m=[32m"m15 14 5-5-5-5"[39m
                [36m/>[39m
                [36m<path[39m
                  [33md[39m=[32m"M20 9H9.5A5.5 5.5 0 0 0 4 14.5 5.5 5.5 0 0 0 9.5 20H13"[39m
                [36m/>[39m
              [36m</svg>[39m
            [36m</button>[39m
            [36m<button[39m
              [33maria-label[39m=[32m"Delete"[39m
              [33mclass[39m=[32m"p-2 bg-red-600 text-white rounded-full hover:bg-red-700"[39m
              [33mtitle[39m=[32m"Delete"[39m
            [36m>[39m
              [36m<svg[39m
                [33mclass[39m=[32m"w-4 h-4"[39m
                [33mfill[39m=[32m"none"[39m
                [33mstroke[39m=[32m"currentColor"[39m
                [33mviewBox[39m=[32m"0 0 24 24"[39m
              [36m>[39m
                [36m<path[39m
                  [33md[39m=[32m"M19 7l-.867 12.142A2 2 0 0116.138 21H7.862a2 2 0 01-1.995-1.858L5 7m5 4v6m4-6v6m1-10V4a1 1 0 00-1-1h-4a1 1 0 00-1 1v3M4 7h16"[39m
                  [33mstroke-linecap[39m=[32m"round"[39m
                  [33mstroke-linejoin[39m=[32m"round"[39m
                  [33mstroke-width[39m=[32m"2"[39m
                [36m/>[39m
              [36m</svg>[39m
            [36m</button>[39m
          [36m</div>[39m
        [36m</div>[39m
      [36m</div>[39m
      [36m<div[39m
        [33mclass[39m=[32m"p-3"[39m
      [36m>[39m
        [36m<div[39m
          [33mclass[39m=[32m"text-xs font-medium text-gray-900 truncate"[39m
          [33mtitle[39m=[32m"Mountain Sunset"[39m
        [36m>[39m
          [0mMountain Sunset[0m
        [36m</div>[39m
        [36m<div[39m
          [33mclass[39m=[32m"text-xs text-red-600 mb-2 p-2 bg-red-50 rounded border border-red-200"[39m
        [36m>[39m
          [36m<strong>[39m
            [0mFailure:[0m
          [36m</strong>[39m
          [0m [0m
          [0mPoor image quality - too dark and blurry[0m
        [36m</div>[39m
        [36m<div[39m
          [33mclass[39m=[32m"text-xs text-gray-500 truncate mb-2"[39m
          [33mtitle[39m=[32m"Job exec-123"[39m
        [36m>[39m
          [0mJob exec-123[0m
        [36m</div>[39m
        [36m<div[39m
          [33mclass[39m=[32m"flex items-center justify-between text-xs text-gray-500 mb-3"[39m
        [36m>[39m
          [36m<div[39m
            [33mclass[39m=[32m"flex items-center space-x-2"[39m
          [36m>[39m
            [36m<span[39m
              [33mclass[39m=[32m"font-mono"[39m
              [33mtitle[39m=[32m"Seed: 12345"[39m
            [36m>[39m
              [0m12345[0m
            [36m</span>[39m
          [36m</div>[39m
          [36m<div[39m
            [33mtitle[39m=[32m"1/15/2024"[39m
          [36m>[39m
            [0m1/15/2024[0m
          [36m</div>[39m
        [36m</div>[39m
      [36m</div>[39m
    [36m</div>[39m
  [36m</div>[39m
[36m</body>[39m
   × FailedImageCard > Action Buttons > calls onAction with correct parameters for approve 12ms
     → Unable to find an element with the text: ✓ Approve. This could be because the text is broken up by multiple elements. In this case, you can provide a function for your text matcher to make your matcher more flexible.

Ignored nodes: comments, script, style
[36m<body>[39m
  [36m<div>[39m
    [36m<div[39m
      [33mclass[39m=[32m"relative bg-white border rounded-lg overflow-hidden transition-colors border-gray-200 hover:border-gray-300 hover:bg-gray-50"[39m
      [33mdata-testid[39m=[32m"failed-image-card-test-image-1"[39m
    [36m>[39m
      [36m<div[39m
        [33mclass[39m=[32m"absolute top-2 right-2 z-10"[39m
      [36m>[39m
        [36m<input[39m
          [33mclass[39m=[32m"rounded border-gray-300 text-blue-600 focus:ring-blue-500"[39m
          [33mdata-testid[39m=[32m"select-test-image-1"[39m
          [33mtype[39m=[32m"checkbox"[39m
        [36m/>[39m
      [36m</div>[39m
      [36m<div[39m
        [33mclass[39m=[32m"relative aspect-square"[39m
      [36m>[39m
        [36m<img[39m
          [33malt[39m=[32m"Failed image test-image-1"[39m
          [33mclass[39m=[32m"w-full h-full object-cover"[39m
          [33msrc[39m=[32m"local-file:///path/to/test-image.jpg"[39m
        [36m/>[39m
        [36m<div[39m
          [33mclass[39m=[32m"absolute top-2 left-2"[39m
        [36m>[39m
          [36m<span[39m
            [33mclass[39m=[32m"inline-flex items-center gap-1 px-2 py-1 rounded-full text-sm font-medium border bg-red-100 text-red-800 border-red-200"[39m
          [36m>[39m
            [36m<svg[39m
              [33maria-hidden[39m=[32m"true"[39m
              [33mclass[39m=[32m"w-4 h-4"[39m
              [33mfill[39m=[32m"none"[39m
              [33mstroke[39m=[32m"currentColor"[39m
              [33mviewBox[39m=[32m"0 0 24 24"[39m
            [36m>[39m
              [36m<path[39m
                [33md[39m=[32m"M12 9v4m0 4h.01M10.29 3.86L1.82 18a2 2 0 001.71 3h16.94a2 2 0 001.71-3L13.71 3.86a2 2 0 00-3.42 0z"[39m
                [33mstroke-linecap[39m=[32m"round"[39m
                [33mstroke-linejoin[39m=[32m"round"[39m
                [33mstroke-width[39m=[32m"2"[39m
              [36m/>[39m
            [36m</svg>[39m
            [0mQC Failed[0m
          [36m</span>[39m
        [36m</div>[39m
        [36m<div[39m
          [33mclass[39m=[32m"absolute inset-0 bg-black bg-opacity-0 hover:bg-opacity-40 transition-all duration-200 flex items-center justify-center opacity-0 hover:opacity-100"[39m
        [36m>[39m
          [36m<div[39m
            [33mclass[39m=[32m"flex items-center space-x-2"[39m
          [36m>[39m
            [36m<button[39m
              [33maria-label[39m=[32m"View"[39m
              [33mclass[39m=[32m"p-2 bg-gray-600 text-white rounded-full hover:bg-gray-700"[39m
              [33mtitle[39m=[32m"View"[39m
            [36m>[39m
              [36m<svg[39m
                [33mclass[39m=[32m"w-4 h-4"[39m
                [33mfill[39m=[32m"none"[39m
                [33mstroke[39m=[32m"currentColor"[39m
                [33mviewBox[39m=[32m"0 0 24 24"[39m
              [36m>[39m
                [36m<path[39m
                  [33md[39m=[32m"M15 12a3 3 0 11-6 0 3 3 0 016 0z"[39m
                  [33mstroke-linecap[39m=[32m"round"[39m
                  [33mstroke-linejoin[39m=[32m"round"[39m
                  [33mstroke-width[39m=[32m"2"[39m
                [36m/>[39m
                [36m<path[39m
                  [33md[39m=[32m"M2.458 12C3.732 7.943 7.523 5 12 5c4.478 0 8.268 2.943 9.542 7-1.274 4.057-5.064 7-9.542 7-4.477 0-8.268-2.943-9.542-7z"[39m
                  [33mstroke-linecap[39m=[32m"round"[39m
                  [33mstroke-linejoin[39m=[32m"round"[39m
                  [33mstroke-width[39m=[32m"2"[39m
                [36m/>[39m
              [36m</svg>[39m
            [36m</button>[39m
            [36m<button[39m
              [33maria-label[39m=[32m"Approve"[39m
              [33mclass[39m=[32m"p-2 bg-green-600 text-white rounded-full hover:bg-green-700"[39m
              [33mtitle[39m=[32m"Approve"[39m
            [36m>[39m
              [36m<svg[39m
                [33mclass[39m=[32m"w-4 h-4"[39m
                [33mfill[39m=[32m"none"[39m
                [33mstroke[39m=[32m"currentColor"[39m
                [33mviewBox[39m=[32m"0 0 24 24"[39m
              [36m>[39m
                [36m<path[39m
                  [33md[39m=[32m"M5 13l4 4L19 7"[39m
                  [33mstroke-linecap[39m=[32m"round"[39m
                  [33mstroke-linejoin[39m=[32m"round"[39m
                  [33mstroke-width[39m=[32m"2"[39m
                [36m/>[39m
              [36m</svg>[39m
            [36m</button>[39m
            [36m<button[39m
              [33maria-label[39m=[32m"Add to Retry"[39m
              [33mclass[39m=[32m"p-2 bg-blue-600 text-white rounded-full hover:bg-blue-700"[39m
              [33mtitle[39m=[32m"Add to Retry"[39m
            [36m>[39m
              [36m<svg[39m
                [33mclass[39m=[32m"w-4 h-4"[39m
                [33mfill[39m=[32m"none"[39m
                [33mstroke[39m=[32m"currentColor"[39m
                [33mstroke-linecap[39m=[32m"round"[39m
                [33mstroke-linejoin[39m=[32m"round"[39m
                [33mstroke-width[39m=[32m"2"[39m
                [33mviewBox[39m=[32m"0 0 24 24"[39m
              [36m>[39m
                [36m<path[39m
                  [33md[39m=[32m"m15 14 5-5-5-5"[39m
                [36m/>[39m
                [36m<path[39m
                  [33md[39m=[32m"M20 9H9.5A5.5 5.5 0 0 0 4 14.5 5.5 5.5 0 0 0 9.5 20H13"[39m
                [36m/>[39m
              [36m</svg>[39m
            [36m</button>[39m
            [36m<button[39m
              [33maria-label[39m=[32m"Delete"[39m
              [33mclass[39m=[32m"p-2 bg-red-600 text-white rounded-full hover:bg-red-700"[39m
              [33mtitle[39m=[32m"Delete"[39m
            [36m>[39m
              [36m<svg[39m
                [33mclass[39m=[32m"w-4 h-4"[39m
                [33mfill[39m=[32m"none"[39m
                [33mstroke[39m=[32m"currentColor"[39m
                [33mviewBox[39m=[32m"0 0 24 24"[39m
              [36m>[39m
                [36m<path[39m
                  [33md[39m=[32m"M19 7l-.867 12.142A2 2 0 0116.138 21H7.862a2 2 0 01-1.995-1.858L5 7m5 4v6m4-6v6m1-10V4a1 1 0 00-1-1h-4a1 1 0 00-1 1v3M4 7h16"[39m
                  [33mstroke-linecap[39m=[32m"round"[39m
                  [33mstroke-linejoin[39m=[32m"round"[39m
                  [33mstroke-width[39m=[32m"2"[39m
                [36m/>[39m
              [36m</svg>[39m
            [36m</button>[39m
          [36m</div>[39m
        [36m</div>[39m
      [36m</div>[39m
      [36m<div[39m
        [33mclass[39m=[32m"p-3"[39m
      [36m>[39m
        [36m<div[39m
          [33mclass[39m=[32m"text-xs font-medium text-gray-900 truncate"[39m
          [33mtitle[39m=[32m"Mountain Sunset"[39m
        [36m>[39m
          [0mMountain Sunset[0m
        [36m</div>[39m
        [36m<div[39m
          [33mclass[39m=[32m"text-xs text-red-600 mb-2 p-2 bg-red-50 rounded border border-red-200"[39m
        [36m>[39m
          [36m<strong>[39m
            [0mFailure:[0m
          [36m</strong>[39m
          [0m [0m
          [0mPoor image quality - too dark and blurry[0m
        [36m</div>[39m
        [36m<div[39m
          [33mclass[39m=[32m"text-xs text-gray-500 truncate mb-2"[39m
          [33mtitle[39m=[32m"Job exec-123"[39m
        [36m>[39m
          [0mJob exec-123[0m
        [36m</div>[39m
        [36m<div[39m
          [33mclass[39m=[32m"flex items-center justify-between text-xs text-gray-500 mb-3"[39m
        [36m>[39m
          [36m<div[39m
            [33mclass[39m=[32m"flex items-center space-x-2"[39m
          [36m>[39m
            [36m<span[39m
              [33mclass[39m=[32m"font-mono"[39m
              [33mtitle[39m=[32m"Seed: 12345"[39m
            [36m>[39m
              [0m12345[0m
            [36m</span>[39m
          [36m</div>[39m
          [36m<div[39m
            [33mtitle[39m=[32m"1/15/2024"[39m
          [36m>[39m
            [0m1/15/2024[0m
          [36m</div>[39m
        [36m</div>[39m
      [36m</div>[39m
    [36m</div>[39m
  [36m</div>[39m
[36m</body>[39m
   × FailedImageCard > Action Buttons > calls onAction with correct parameters for retry 14ms
     → Unable to find an element with the text: Retry (normalized from ' Retry'). This could be because the text is broken up by multiple elements. In this case, you can provide a function for your text matcher to make your matcher more flexible.

Ignored nodes: comments, script, style
[36m<body>[39m
  [36m<div>[39m
    [36m<div[39m
      [33mclass[39m=[32m"relative bg-white border rounded-lg overflow-hidden transition-colors border-gray-200 hover:border-gray-300 hover:bg-gray-50"[39m
      [33mdata-testid[39m=[32m"failed-image-card-test-image-1"[39m
    [36m>[39m
      [36m<div[39m
        [33mclass[39m=[32m"absolute top-2 right-2 z-10"[39m
      [36m>[39m
        [36m<input[39m
          [33mclass[39m=[32m"rounded border-gray-300 text-blue-600 focus:ring-blue-500"[39m
          [33mdata-testid[39m=[32m"select-test-image-1"[39m
          [33mtype[39m=[32m"checkbox"[39m
        [36m/>[39m
      [36m</div>[39m
      [36m<div[39m
        [33mclass[39m=[32m"relative aspect-square"[39m
      [36m>[39m
        [36m<img[39m
          [33malt[39m=[32m"Failed image test-image-1"[39m
          [33mclass[39m=[32m"w-full h-full object-cover"[39m
          [33msrc[39m=[32m"local-file:///path/to/test-image.jpg"[39m
        [36m/>[39m
        [36m<div[39m
          [33mclass[39m=[32m"absolute top-2 left-2"[39m
        [36m>[39m
          [36m<span[39m
            [33mclass[39m=[32m"inline-flex items-center gap-1 px-2 py-1 rounded-full text-sm font-medium border bg-red-100 text-red-800 border-red-200"[39m
          [36m>[39m
            [36m<svg[39m
              [33maria-hidden[39m=[32m"true"[39m
              [33mclass[39m=[32m"w-4 h-4"[39m
              [33mfill[39m=[32m"none"[39m
              [33mstroke[39m=[32m"currentColor"[39m
              [33mviewBox[39m=[32m"0 0 24 24"[39m
            [36m>[39m
              [36m<path[39m
                [33md[39m=[32m"M12 9v4m0 4h.01M10.29 3.86L1.82 18a2 2 0 001.71 3h16.94a2 2 0 001.71-3L13.71 3.86a2 2 0 00-3.42 0z"[39m
                [33mstroke-linecap[39m=[32m"round"[39m
                [33mstroke-linejoin[39m=[32m"round"[39m
                [33mstroke-width[39m=[32m"2"[39m
              [36m/>[39m
            [36m</svg>[39m
            [0mQC Failed[0m
          [36m</span>[39m
        [36m</div>[39m
        [36m<div[39m
          [33mclass[39m=[32m"absolute inset-0 bg-black bg-opacity-0 hover:bg-opacity-40 transition-all duration-200 flex items-center justify-center opacity-0 hover:opacity-100"[39m
        [36m>[39m
          [36m<div[39m
            [33mclass[39m=[32m"flex items-center space-x-2"[39m
          [36m>[39m
            [36m<button[39m
              [33maria-label[39m=[32m"View"[39m
              [33mclass[39m=[32m"p-2 bg-gray-600 text-white rounded-full hover:bg-gray-700"[39m
              [33mtitle[39m=[32m"View"[39m
            [36m>[39m
              [36m<svg[39m
                [33mclass[39m=[32m"w-4 h-4"[39m
                [33mfill[39m=[32m"none"[39m
                [33mstroke[39m=[32m"currentColor"[39m
                [33mviewBox[39m=[32m"0 0 24 24"[39m
              [36m>[39m
                [36m<path[39m
                  [33md[39m=[32m"M15 12a3 3 0 11-6 0 3 3 0 016 0z"[39m
                  [33mstroke-linecap[39m=[32m"round"[39m
                  [33mstroke-linejoin[39m=[32m"round"[39m
                  [33mstroke-width[39m=[32m"2"[39m
                [36m/>[39m
                [36m<path[39m
                  [33md[39m=[32m"M2.458 12C3.732 7.943 7.523 5 12 5c4.478 0 8.268 2.943 9.542 7-1.274 4.057-5.064 7-9.542 7-4.477 0-8.268-2.943-9.542-7z"[39m
                  [33mstroke-linecap[39m=[32m"round"[39m
                  [33mstroke-linejoin[39m=[32m"round"[39m
                  [33mstroke-width[39m=[32m"2"[39m
                [36m/>[39m
              [36m</svg>[39m
            [36m</button>[39m
            [36m<button[39m
              [33maria-label[39m=[32m"Approve"[39m
              [33mclass[39m=[32m"p-2 bg-green-600 text-white rounded-full hover:bg-green-700"[39m
              [33mtitle[39m=[32m"Approve"[39m
            [36m>[39m
              [36m<svg[39m
                [33mclass[39m=[32m"w-4 h-4"[39m
                [33mfill[39m=[32m"none"[39m
                [33mstroke[39m=[32m"currentColor"[39m
                [33mviewBox[39m=[32m"0 0 24 24"[39m
              [36m>[39m
                [36m<path[39m
                  [33md[39m=[32m"M5 13l4 4L19 7"[39m
                  [33mstroke-linecap[39m=[32m"round"[39m
                  [33mstroke-linejoin[39m=[32m"round"[39m
                  [33mstroke-width[39m=[32m"2"[39m
                [36m/>[39m
              [36m</svg>[39m
            [36m</button>[39m
            [36m<button[39m
              [33maria-label[39m=[32m"Add to Retry"[39m
              [33mclass[39m=[32m"p-2 bg-blue-600 text-white rounded-full hover:bg-blue-700"[39m
              [33mtitle[39m=[32m"Add to Retry"[39m
            [36m>[39m
              [36m<svg[39m
                [33mclass[39m=[32m"w-4 h-4"[39m
                [33mfill[39m=[32m"none"[39m
                [33mstroke[39m=[32m"currentColor"[39m
                [33mstroke-linecap[39m=[32m"round"[39m
                [33mstroke-linejoin[39m=[32m"round"[39m
                [33mstroke-width[39m=[32m"2"[39m
                [33mviewBox[39m=[32m"0 0 24 24"[39m
              [36m>[39m
                [36m<path[39m
                  [33md[39m=[32m"m15 14 5-5-5-5"[39m
                [36m/>[39m
                [36m<path[39m
                  [33md[39m=[32m"M20 9H9.5A5.5 5.5 0 0 0 4 14.5 5.5 5.5 0 0 0 9.5 20H13"[39m
                [36m/>[39m
              [36m</svg>[39m
            [36m</button>[39m
            [36m<button[39m
              [33maria-label[39m=[32m"Delete"[39m
              [33mclass[39m=[32m"p-2 bg-red-600 text-white rounded-full hover:bg-red-700"[39m
              [33mtitle[39m=[32m"Delete"[39m
            [36m>[39m
              [36m<svg[39m
                [33mclass[39m=[32m"w-4 h-4"[39m
                [33mfill[39m=[32m"none"[39m
                [33mstroke[39m=[32m"currentColor"[39m
                [33mviewBox[39m=[32m"0 0 24 24"[39m
              [36m>[39m
                [36m<path[39m
                  [33md[39m=[32m"M19 7l-.867 12.142A2 2 0 0116.138 21H7.862a2 2 0 01-1.995-1.858L5 7m5 4v6m4-6v6m1-10V4a1 1 0 00-1-1h-4a1 1 0 00-1 1v3M4 7h16"[39m
                  [33mstroke-linecap[39m=[32m"round"[39m
                  [33mstroke-linejoin[39m=[32m"round"[39m
                  [33mstroke-width[39m=[32m"2"[39m
                [36m/>[39m
              [36m</svg>[39m
            [36m</button>[39m
          [36m</div>[39m
        [36m</div>[39m
      [36m</div>[39m
      [36m<div[39m
        [33mclass[39m=[32m"p-3"[39m
      [36m>[39m
        [36m<div[39m
          [33mclass[39m=[32m"text-xs font-medium text-gray-900 truncate"[39m
          [33mtitle[39m=[32m"Mountain Sunset"[39m
        [36m>[39m
          [0mMountain Sunset[0m
        [36m</div>[39m
        [36m<div[39m
          [33mclass[39m=[32m"text-xs text-red-600 mb-2 p-2 bg-red-50 rounded border border-red-200"[39m
        [36m>[39m
          [36m<strong>[39m
            [0mFailure:[0m
          [36m</strong>[39m
          [0m [0m
          [0mPoor image quality - too dark and blurry[0m
        [36m</div>[39m
        [36m<div[39m
          [33mclass[39m=[32m"text-xs text-gray-500 truncate mb-2"[39m
          [33mtitle[39m=[32m"Job exec-123"[39m
        [36m>[39m
          [0mJob exec-123[0m
        [36m</div>[39m
        [36m<div[39m
          [33mclass[39m=[32m"flex items-center justify-between text-xs text-gray-500 mb-3"[39m
        [36m>[39m
          [36m<div[39m
            [33mclass[39m=[32m"flex items-center space-x-2"[39m
          [36m>[39m
            [36m<span[39m
              [33mclass[39m=[32m"font-mono"[39m
              [33mtitle[39m=[32m"Seed: 12345"[39m
            [36m>[39m
              [0m12345[0m
            [36m</span>[39m
          [36m</div>[39m
          [36m<div[39m
            [33mtitle[39m=[32m"1/15/2024"[39m
          [36m>[39m
            [0m1/15/2024[0m
          [36m</div>[39m
        [36m</div>[39m
      [36m</div>[39m
    [36m</div>[39m
  [36m</div>[39m
[36m</body>[39m
   × FailedImageCard > Action Buttons > calls onAction with correct parameters for view 13ms
     → Unable to find an element with the text: View (normalized from ' View'). This could be because the text is broken up by multiple elements. In this case, you can provide a function for your text matcher to make your matcher more flexible.

Ignored nodes: comments, script, style
[36m<body>[39m
  [36m<div>[39m
    [36m<div[39m
      [33mclass[39m=[32m"relative bg-white border rounded-lg overflow-hidden transition-colors border-gray-200 hover:border-gray-300 hover:bg-gray-50"[39m
      [33mdata-testid[39m=[32m"failed-image-card-test-image-1"[39m
    [36m>[39m
      [36m<div[39m
        [33mclass[39m=[32m"absolute top-2 right-2 z-10"[39m
      [36m>[39m
        [36m<input[39m
          [33mclass[39m=[32m"rounded border-gray-300 text-blue-600 focus:ring-blue-500"[39m
          [33mdata-testid[39m=[32m"select-test-image-1"[39m
          [33mtype[39m=[32m"checkbox"[39m
        [36m/>[39m
      [36m</div>[39m
      [36m<div[39m
        [33mclass[39m=[32m"relative aspect-square"[39m
      [36m>[39m
        [36m<img[39m
          [33malt[39m=[32m"Failed image test-image-1"[39m
          [33mclass[39m=[32m"w-full h-full object-cover"[39m
          [33msrc[39m=[32m"local-file:///path/to/test-image.jpg"[39m
        [36m/>[39m
        [36m<div[39m
          [33mclass[39m=[32m"absolute top-2 left-2"[39m
        [36m>[39m
          [36m<span[39m
            [33mclass[39m=[32m"inline-flex items-center gap-1 px-2 py-1 rounded-full text-sm font-medium border bg-red-100 text-red-800 border-red-200"[39m
          [36m>[39m
            [36m<svg[39m
              [33maria-hidden[39m=[32m"true"[39m
              [33mclass[39m=[32m"w-4 h-4"[39m
              [33mfill[39m=[32m"none"[39m
              [33mstroke[39m=[32m"currentColor"[39m
              [33mviewBox[39m=[32m"0 0 24 24"[39m
            [36m>[39m
              [36m<path[39m
                [33md[39m=[32m"M12 9v4m0 4h.01M10.29 3.86L1.82 18a2 2 0 001.71 3h16.94a2 2 0 001.71-3L13.71 3.86a2 2 0 00-3.42 0z"[39m
                [33mstroke-linecap[39m=[32m"round"[39m
                [33mstroke-linejoin[39m=[32m"round"[39m
                [33mstroke-width[39m=[32m"2"[39m
              [36m/>[39m
            [36m</svg>[39m
            [0mQC Failed[0m
          [36m</span>[39m
        [36m</div>[39m
        [36m<div[39m
          [33mclass[39m=[32m"absolute inset-0 bg-black bg-opacity-0 hover:bg-opacity-40 transition-all duration-200 flex items-center justify-center opacity-0 hover:opacity-100"[39m
        [36m>[39m
          [36m<div[39m
            [33mclass[39m=[32m"flex items-center space-x-2"[39m
          [36m>[39m
            [36m<button[39m
              [33maria-label[39m=[32m"View"[39m
              [33mclass[39m=[32m"p-2 bg-gray-600 text-white rounded-full hover:bg-gray-700"[39m
              [33mtitle[39m=[32m"View"[39m
            [36m>[39m
              [36m<svg[39m
                [33mclass[39m=[32m"w-4 h-4"[39m
                [33mfill[39m=[32m"none"[39m
                [33mstroke[39m=[32m"currentColor"[39m
                [33mviewBox[39m=[32m"0 0 24 24"[39m
              [36m>[39m
                [36m<path[39m
                  [33md[39m=[32m"M15 12a3 3 0 11-6 0 3 3 0 016 0z"[39m
                  [33mstroke-linecap[39m=[32m"round"[39m
                  [33mstroke-linejoin[39m=[32m"round"[39m
                  [33mstroke-width[39m=[32m"2"[39m
                [36m/>[39m
                [36m<path[39m
                  [33md[39m=[32m"M2.458 12C3.732 7.943 7.523 5 12 5c4.478 0 8.268 2.943 9.542 7-1.274 4.057-5.064 7-9.542 7-4.477 0-8.268-2.943-9.542-7z"[39m
                  [33mstroke-linecap[39m=[32m"round"[39m
                  [33mstroke-linejoin[39m=[32m"round"[39m
                  [33mstroke-width[39m=[32m"2"[39m
                [36m/>[39m
              [36m</svg>[39m
            [36m</button>[39m
            [36m<button[39m
              [33maria-label[39m=[32m"Approve"[39m
              [33mclass[39m=[32m"p-2 bg-green-600 text-white rounded-full hover:bg-green-700"[39m
              [33mtitle[39m=[32m"Approve"[39m
            [36m>[39m
              [36m<svg[39m
                [33mclass[39m=[32m"w-4 h-4"[39m
                [33mfill[39m=[32m"none"[39m
                [33mstroke[39m=[32m"currentColor"[39m
                [33mviewBox[39m=[32m"0 0 24 24"[39m
              [36m>[39m
                [36m<path[39m
                  [33md[39m=[32m"M5 13l4 4L19 7"[39m
                  [33mstroke-linecap[39m=[32m"round"[39m
                  [33mstroke-linejoin[39m=[32m"round"[39m
                  [33mstroke-width[39m=[32m"2"[39m
                [36m/>[39m
              [36m</svg>[39m
            [36m</button>[39m
            [36m<button[39m
              [33maria-label[39m=[32m"Add to Retry"[39m
              [33mclass[39m=[32m"p-2 bg-blue-600 text-white rounded-full hover:bg-blue-700"[39m
              [33mtitle[39m=[32m"Add to Retry"[39m
            [36m>[39m
              [36m<svg[39m
                [33mclass[39m=[32m"w-4 h-4"[39m
                [33mfill[39m=[32m"none"[39m
                [33mstroke[39m=[32m"currentColor"[39m
                [33mstroke-linecap[39m=[32m"round"[39m
                [33mstroke-linejoin[39m=[32m"round"[39m
                [33mstroke-width[39m=[32m"2"[39m
                [33mviewBox[39m=[32m"0 0 24 24"[39m
              [36m>[39m
                [36m<path[39m
                  [33md[39m=[32m"m15 14 5-5-5-5"[39m
                [36m/>[39m
                [36m<path[39m
                  [33md[39m=[32m"M20 9H9.5A5.5 5.5 0 0 0 4 14.5 5.5 5.5 0 0 0 9.5 20H13"[39m
                [36m/>[39m
              [36m</svg>[39m
            [36m</button>[39m
            [36m<button[39m
              [33maria-label[39m=[32m"Delete"[39m
              [33mclass[39m=[32m"p-2 bg-red-600 text-white rounded-full hover:bg-red-700"[39m
              [33mtitle[39m=[32m"Delete"[39m
            [36m>[39m
              [36m<svg[39m
                [33mclass[39m=[32m"w-4 h-4"[39m
                [33mfill[39m=[32m"none"[39m
                [33mstroke[39m=[32m"currentColor"[39m
                [33mviewBox[39m=[32m"0 0 24 24"[39m
              [36m>[39m
                [36m<path[39m
                  [33md[39m=[32m"M19 7l-.867 12.142A2 2 0 0116.138 21H7.862a2 2 0 01-1.995-1.858L5 7m5 4v6m4-6v6m1-10V4a1 1 0 00-1-1h-4a1 1 0 00-1 1v3M4 7h16"[39m
                  [33mstroke-linecap[39m=[32m"round"[39m
                  [33mstroke-linejoin[39m=[32m"round"[39m
                  [33mstroke-width[39m=[32m"2"[39m
                [36m/>[39m
              [36m</svg>[39m
            [36m</button>[39m
          [36m</div>[39m
        [36m</div>[39m
      [36m</div>[39m
      [36m<div[39m
        [33mclass[39m=[32m"p-3"[39m
      [36m>[39m
        [36m<div[39m
          [33mclass[39m=[32m"text-xs font-medium text-gray-900 truncate"[39m
          [33mtitle[39m=[32m"Mountain Sunset"[39m
        [36m>[39m
          [0mMountain Sunset[0m
        [36m</div>[39m
        [36m<div[39m
          [33mclass[39m=[32m"text-xs text-red-600 mb-2 p-2 bg-red-50 rounded border border-red-200"[39m
        [36m>[39m
          [36m<strong>[39m
            [0mFailure:[0m
          [36m</strong>[39m
          [0m [0m
          [0mPoor image quality - too dark and blurry[0m
        [36m</div>[39m
        [36m<div[39m
          [33mclass[39m=[32m"text-xs text-gray-500 truncate mb-2"[39m
          [33mtitle[39m=[32m"Job exec-123"[39m
        [36m>[39m
          [0mJob exec-123[0m
        [36m</div>[39m
        [36m<div[39m
          [33mclass[39m=[32m"flex items-center justify-between text-xs text-gray-500 mb-3"[39m
        [36m>[39m
          [36m<div[39m
            [33mclass[39m=[32m"flex items-center space-x-2"[39m
          [36m>[39m
            [36m<span[39m
              [33mclass[39m=[32m"font-mono"[39m
              [33mtitle[39m=[32m"Seed: 12345"[39m
            [36m>[39m
              [0m12345[0m
            [36m</span>[39m
          [36m</div>[39m
          [36m<div[39m
            [33mtitle[39m=[32m"1/15/2024"[39m
          [36m>[39m
            [0m1/15/2024[0m
          [36m</div>[39m
        [36m</div>[39m
      [36m</div>[39m
    [36m</div>[39m
  [36m</div>[39m
[36m</body>[39m
   × FailedImageCard > Action Buttons > calls onAction with correct parameters for delete 21ms
     → Unable to find an element with the text: Delete (normalized from ' Delete'). This could be because the text is broken up by multiple elements. In this case, you can provide a function for your text matcher to make your matcher more flexible.

Ignored nodes: comments, script, style
[36m<body>[39m
  [36m<div>[39m
    [36m<div[39m
      [33mclass[39m=[32m"relative bg-white border rounded-lg overflow-hidden transition-colors border-gray-200 hover:border-gray-300 hover:bg-gray-50"[39m
      [33mdata-testid[39m=[32m"failed-image-card-test-image-1"[39m
    [36m>[39m
      [36m<div[39m
        [33mclass[39m=[32m"absolute top-2 right-2 z-10"[39m
      [36m>[39m
        [36m<input[39m
          [33mclass[39m=[32m"rounded border-gray-300 text-blue-600 focus:ring-blue-500"[39m
          [33mdata-testid[39m=[32m"select-test-image-1"[39m
          [33mtype[39m=[32m"checkbox"[39m
        [36m/>[39m
      [36m</div>[39m
      [36m<div[39m
        [33mclass[39m=[32m"relative aspect-square"[39m
      [36m>[39m
        [36m<img[39m
          [33malt[39m=[32m"Failed image test-image-1"[39m
          [33mclass[39m=[32m"w-full h-full object-cover"[39m
          [33msrc[39m=[32m"local-file:///path/to/test-image.jpg"[39m
        [36m/>[39m
        [36m<div[39m
          [33mclass[39m=[32m"absolute top-2 left-2"[39m
        [36m>[39m
          [36m<span[39m
            [33mclass[39m=[32m"inline-flex items-center gap-1 px-2 py-1 rounded-full text-sm font-medium border bg-red-100 text-red-800 border-red-200"[39m
          [36m>[39m
            [36m<svg[39m
              [33maria-hidden[39m=[32m"true"[39m
              [33mclass[39m=[32m"w-4 h-4"[39m
              [33mfill[39m=[32m"none"[39m
              [33mstroke[39m=[32m"currentColor"[39m
              [33mviewBox[39m=[32m"0 0 24 24"[39m
            [36m>[39m
              [36m<path[39m
                [33md[39m=[32m"M12 9v4m0 4h.01M10.29 3.86L1.82 18a2 2 0 001.71 3h16.94a2 2 0 001.71-3L13.71 3.86a2 2 0 00-3.42 0z"[39m
                [33mstroke-linecap[39m=[32m"round"[39m
                [33mstroke-linejoin[39m=[32m"round"[39m
                [33mstroke-width[39m=[32m"2"[39m
              [36m/>[39m
            [36m</svg>[39m
            [0mQC Failed[0m
          [36m</span>[39m
        [36m</div>[39m
        [36m<div[39m
          [33mclass[39m=[32m"absolute inset-0 bg-black bg-opacity-0 hover:bg-opacity-40 transition-all duration-200 flex items-center justify-center opacity-0 hover:opacity-100"[39m
        [36m>[39m
          [36m<div[39m
            [33mclass[39m=[32m"flex items-center space-x-2"[39m
          [36m>[39m
            [36m<button[39m
              [33maria-label[39m=[32m"View"[39m
              [33mclass[39m=[32m"p-2 bg-gray-600 text-white rounded-full hover:bg-gray-700"[39m
              [33mtitle[39m=[32m"View"[39m
            [36m>[39m
              [36m<svg[39m
                [33mclass[39m=[32m"w-4 h-4"[39m
                [33mfill[39m=[32m"none"[39m
                [33mstroke[39m=[32m"currentColor"[39m
                [33mviewBox[39m=[32m"0 0 24 24"[39m
              [36m>[39m
                [36m<path[39m
                  [33md[39m=[32m"M15 12a3 3 0 11-6 0 3 3 0 016 0z"[39m
                  [33mstroke-linecap[39m=[32m"round"[39m
                  [33mstroke-linejoin[39m=[32m"round"[39m
                  [33mstroke-width[39m=[32m"2"[39m
                [36m/>[39m
                [36m<path[39m
                  [33md[39m=[32m"M2.458 12C3.732 7.943 7.523 5 12 5c4.478 0 8.268 2.943 9.542 7-1.274 4.057-5.064 7-9.542 7-4.477 0-8.268-2.943-9.542-7z"[39m
                  [33mstroke-linecap[39m=[32m"round"[39m
                  [33mstroke-linejoin[39m=[32m"round"[39m
                  [33mstroke-width[39m=[32m"2"[39m
                [36m/>[39m
              [36m</svg>[39m
            [36m</button>[39m
            [36m<button[39m
              [33maria-label[39m=[32m"Approve"[39m
              [33mclass[39m=[32m"p-2 bg-green-600 text-white rounded-full hover:bg-green-700"[39m
              [33mtitle[39m=[32m"Approve"[39m
            [36m>[39m
              [36m<svg[39m
                [33mclass[39m=[32m"w-4 h-4"[39m
                [33mfill[39m=[32m"none"[39m
                [33mstroke[39m=[32m"currentColor"[39m
                [33mviewBox[39m=[32m"0 0 24 24"[39m
              [36m>[39m
                [36m<path[39m
                  [33md[39m=[32m"M5 13l4 4L19 7"[39m
                  [33mstroke-linecap[39m=[32m"round"[39m
                  [33mstroke-linejoin[39m=[32m"round"[39m
                  [33mstroke-width[39m=[32m"2"[39m
                [36m/>[39m
              [36m</svg>[39m
            [36m</button>[39m
            [36m<button[39m
              [33maria-label[39m=[32m"Add to Retry"[39m
              [33mclass[39m=[32m"p-2 bg-blue-600 text-white rounded-full hover:bg-blue-700"[39m
              [33mtitle[39m=[32m"Add to Retry"[39m
            [36m>[39m
              [36m<svg[39m
                [33mclass[39m=[32m"w-4 h-4"[39m
                [33mfill[39m=[32m"none"[39m
                [33mstroke[39m=[32m"currentColor"[39m
                [33mstroke-linecap[39m=[32m"round"[39m
                [33mstroke-linejoin[39m=[32m"round"[39m
                [33mstroke-width[39m=[32m"2"[39m
                [33mviewBox[39m=[32m"0 0 24 24"[39m
              [36m>[39m
                [36m<path[39m
                  [33md[39m=[32m"m15 14 5-5-5-5"[39m
                [36m/>[39m
                [36m<path[39m
                  [33md[39m=[32m"M20 9H9.5A5.5 5.5 0 0 0 4 14.5 5.5 5.5 0 0 0 9.5 20H13"[39m
                [36m/>[39m
              [36m</svg>[39m
            [36m</button>[39m
            [36m<button[39m
              [33maria-label[39m=[32m"Delete"[39m
              [33mclass[39m=[32m"p-2 bg-red-600 text-white rounded-full hover:bg-red-700"[39m
              [33mtitle[39m=[32m"Delete"[39m
            [36m>[39m
              [36m<svg[39m
                [33mclass[39m=[32m"w-4 h-4"[39m
                [33mfill[39m=[32m"none"[39m
                [33mstroke[39m=[32m"currentColor"[39m
                [33mviewBox[39m=[32m"0 0 24 24"[39m
              [36m>[39m
                [36m<path[39m
                  [33md[39m=[32m"M19 7l-.867 12.142A2 2 0 0116.138 21H7.862a2 2 0 01-1.995-1.858L5 7m5 4v6m4-6v6m1-10V4a1 1 0 00-1-1h-4a1 1 0 00-1 1v3M4 7h16"[39m
                  [33mstroke-linecap[39m=[32m"round"[39m
                  [33mstroke-linejoin[39m=[32m"round"[39m
                  [33mstroke-width[39m=[32m"2"[39m
                [36m/>[39m
              [36m</svg>[39m
            [36m</button>[39m
          [36m</div>[39m
        [36m</div>[39m
      [36m</div>[39m
      [36m<div[39m
        [33mclass[39m=[32m"p-3"[39m
      [36m>[39m
        [36m<div[39m
          [33mclass[39m=[32m"text-xs font-medium text-gray-900 truncate"[39m
          [33mtitle[39m=[32m"Mountain Sunset"[39m
        [36m>[39m
          [0mMountain Sunset[0m
        [36m</div>[39m
        [36m<div[39m
          [33mclass[39m=[32m"text-xs text-red-600 mb-2 p-2 bg-red-50 rounded border border-red-200"[39m
        [36m>[39m
          [36m<strong>[39m
            [0mFailure:[0m
          [36m</strong>[39m
          [0m [0m
          [0mPoor image quality - too dark and blurry[0m
        [36m</div>[39m
        [36m<div[39m
          [33mclass[39m=[32m"text-xs text-gray-500 truncate mb-2"[39m
          [33mtitle[39m=[32m"Job exec-123"[39m
        [36m>[39m
          [0mJob exec-123[0m
        [36m</div>[39m
        [36m<div[39m
          [33mclass[39m=[32m"flex items-center justify-between text-xs text-gray-500 mb-3"[39m
        [36m>[39m
          [36m<div[39m
            [33mclass[39m=[32m"flex items-center space-x-2"[39m
          [36m>[39m
            [36m<span[39m
              [33mclass[39m=[32m"font-mono"[39m
              [33mtitle[39m=[32m"Seed: 12345"[39m
            [36m>[39m
              [0m12345[0m
            [36m</span>[39m
          [36m</div>[39m
          [36m<div[39m
            [33mtitle[39m=[32m"1/15/2024"[39m
          [36m>[39m
            [0m1/15/2024[0m
          [36m</div>[39m
        [36m</div>[39m
      [36m</div>[39m
    [36m</div>[39m
  [36m</div>[39m
[36m</body>[39m
   × FailedImageCard > Button Styling and Accessibility > applies correct button styles 7ms
     → Unable to find an element with the text: ✓ Approve. This could be because the text is broken up by multiple elements. In this case, you can provide a function for your text matcher to make your matcher more flexible.

Ignored nodes: comments, script, style
[36m<body>[39m
  [36m<div>[39m
    [36m<div[39m
      [33mclass[39m=[32m"relative bg-white border rounded-lg overflow-hidden transition-colors border-gray-200 hover:border-gray-300 hover:bg-gray-50"[39m
      [33mdata-testid[39m=[32m"failed-image-card-test-image-1"[39m
    [36m>[39m
      [36m<div[39m
        [33mclass[39m=[32m"absolute top-2 right-2 z-10"[39m
      [36m>[39m
        [36m<input[39m
          [33mclass[39m=[32m"rounded border-gray-300 text-blue-600 focus:ring-blue-500"[39m
          [33mdata-testid[39m=[32m"select-test-image-1"[39m
          [33mtype[39m=[32m"checkbox"[39m
        [36m/>[39m
      [36m</div>[39m
      [36m<div[39m
        [33mclass[39m=[32m"relative aspect-square"[39m
      [36m>[39m
        [36m<img[39m
          [33malt[39m=[32m"Failed image test-image-1"[39m
          [33mclass[39m=[32m"w-full h-full object-cover"[39m
          [33msrc[39m=[32m"local-file:///path/to/test-image.jpg"[39m
        [36m/>[39m
        [36m<div[39m
          [33mclass[39m=[32m"absolute top-2 left-2"[39m
        [36m>[39m
          [36m<span[39m
            [33mclass[39m=[32m"inline-flex items-center gap-1 px-2 py-1 rounded-full text-sm font-medium border bg-red-100 text-red-800 border-red-200"[39m
          [36m>[39m
            [36m<svg[39m
              [33maria-hidden[39m=[32m"true"[39m
              [33mclass[39m=[32m"w-4 h-4"[39m
              [33mfill[39m=[32m"none"[39m
              [33mstroke[39m=[32m"currentColor"[39m
              [33mviewBox[39m=[32m"0 0 24 24"[39m
            [36m>[39m
              [36m<path[39m
                [33md[39m=[32m"M12 9v4m0 4h.01M10.29 3.86L1.82 18a2 2 0 001.71 3h16.94a2 2 0 001.71-3L13.71 3.86a2 2 0 00-3.42 0z"[39m
                [33mstroke-linecap[39m=[32m"round"[39m
                [33mstroke-linejoin[39m=[32m"round"[39m
                [33mstroke-width[39m=[32m"2"[39m
              [36m/>[39m
            [36m</svg>[39m
            [0mQC Failed[0m
          [36m</span>[39m
        [36m</div>[39m
        [36m<div[39m
          [33mclass[39m=[32m"absolute inset-0 bg-black bg-opacity-0 hover:bg-opacity-40 transition-all duration-200 flex items-center justify-center opacity-0 hover:opacity-100"[39m
        [36m>[39m
          [36m<div[39m
            [33mclass[39m=[32m"flex items-center space-x-2"[39m
          [36m>[39m
            [36m<button[39m
              [33maria-label[39m=[32m"View"[39m
              [33mclass[39m=[32m"p-2 bg-gray-600 text-white rounded-full hover:bg-gray-700"[39m
              [33mtitle[39m=[32m"View"[39m
            [36m>[39m
              [36m<svg[39m
                [33mclass[39m=[32m"w-4 h-4"[39m
                [33mfill[39m=[32m"none"[39m
                [33mstroke[39m=[32m"currentColor"[39m
                [33mviewBox[39m=[32m"0 0 24 24"[39m
              [36m>[39m
                [36m<path[39m
                  [33md[39m=[32m"M15 12a3 3 0 11-6 0 3 3 0 016 0z"[39m
                  [33mstroke-linecap[39m=[32m"round"[39m
                  [33mstroke-linejoin[39m=[32m"round"[39m
                  [33mstroke-width[39m=[32m"2"[39m
                [36m/>[39m
                [36m<path[39m
                  [33md[39m=[32m"M2.458 12C3.732 7.943 7.523 5 12 5c4.478 0 8.268 2.943 9.542 7-1.274 4.057-5.064 7-9.542 7-4.477 0-8.268-2.943-9.542-7z"[39m
                  [33mstroke-linecap[39m=[32m"round"[39m
                  [33mstroke-linejoin[39m=[32m"round"[39m
                  [33mstroke-width[39m=[32m"2"[39m
                [36m/>[39m
              [36m</svg>[39m
            [36m</button>[39m
            [36m<button[39m
              [33maria-label[39m=[32m"Approve"[39m
              [33mclass[39m=[32m"p-2 bg-green-600 text-white rounded-full hover:bg-green-700"[39m
              [33mtitle[39m=[32m"Approve"[39m
            [36m>[39m
              [36m<svg[39m
                [33mclass[39m=[32m"w-4 h-4"[39m
                [33mfill[39m=[32m"none"[39m
                [33mstroke[39m=[32m"currentColor"[39m
                [33mviewBox[39m=[32m"0 0 24 24"[39m
              [36m>[39m
                [36m<path[39m
                  [33md[39m=[32m"M5 13l4 4L19 7"[39m
                  [33mstroke-linecap[39m=[32m"round"[39m
                  [33mstroke-linejoin[39m=[32m"round"[39m
                  [33mstroke-width[39m=[32m"2"[39m
                [36m/>[39m
              [36m</svg>[39m
            [36m</button>[39m
            [36m<button[39m
              [33maria-label[39m=[32m"Add to Retry"[39m
              [33mclass[39m=[32m"p-2 bg-blue-600 text-white rounded-full hover:bg-blue-700"[39m
              [33mtitle[39m=[32m"Add to Retry"[39m
            [36m>[39m
              [36m<svg[39m
                [33mclass[39m=[32m"w-4 h-4"[39m
                [33mfill[39m=[32m"none"[39m
                [33mstroke[39m=[32m"currentColor"[39m
                [33mstroke-linecap[39m=[32m"round"[39m
                [33mstroke-linejoin[39m=[32m"round"[39m
                [33mstroke-width[39m=[32m"2"[39m
                [33mviewBox[39m=[32m"0 0 24 24"[39m
              [36m>[39m
                [36m<path[39m
                  [33md[39m=[32m"m15 14 5-5-5-5"[39m
                [36m/>[39m
                [36m<path[39m
                  [33md[39m=[32m"M20 9H9.5A5.5 5.5 0 0 0 4 14.5 5.5 5.5 0 0 0 9.5 20H13"[39m
                [36m/>[39m
              [36m</svg>[39m
            [36m</button>[39m
            [36m<button[39m
              [33maria-label[39m=[32m"Delete"[39m
              [33mclass[39m=[32m"p-2 bg-red-600 text-white rounded-full hover:bg-red-700"[39m
              [33mtitle[39m=[32m"Delete"[39m
            [36m>[39m
              [36m<svg[39m
                [33mclass[39m=[32m"w-4 h-4"[39m
                [33mfill[39m=[32m"none"[39m
                [33mstroke[39m=[32m"currentColor"[39m
                [33mviewBox[39m=[32m"0 0 24 24"[39m
              [36m>[39m
                [36m<path[39m
                  [33md[39m=[32m"M19 7l-.867 12.142A2 2 0 0116.138 21H7.862a2 2 0 01-1.995-1.858L5 7m5 4v6m4-6v6m1-10V4a1 1 0 00-1-1h-4a1 1 0 00-1 1v3M4 7h16"[39m
                  [33mstroke-linecap[39m=[32m"round"[39m
                  [33mstroke-linejoin[39m=[32m"round"[39m
                  [33mstroke-width[39m=[32m"2"[39m
                [36m/>[39m
              [36m</svg>[39m
            [36m</button>[39m
          [36m</div>[39m
        [36m</div>[39m
      [36m</div>[39m
      [36m<div[39m
        [33mclass[39m=[32m"p-3"[39m
      [36m>[39m
        [36m<div[39m
          [33mclass[39m=[32m"text-xs font-medium text-gray-900 truncate"[39m
          [33mtitle[39m=[32m"Mountain Sunset"[39m
        [36m>[39m
          [0mMountain Sunset[0m
        [36m</div>[39m
        [36m<div[39m
          [33mclass[39m=[32m"text-xs text-red-600 mb-2 p-2 bg-red-50 rounded border border-red-200"[39m
        [36m>[39m
          [36m<strong>[39m
            [0mFailure:[0m
          [36m</strong>[39m
          [0m [0m
          [0mPoor image quality - too dark and blurry[0m
        [36m</div>[39m
        [36m<div[39m
          [33mclass[39m=[32m"text-xs text-gray-500 truncate mb-2"[39m
          [33mtitle[39m=[32m"Job exec-123"[39m
        [36m>[39m
          [0mJob exec-123[0m
        [36m</div>[39m
        [36m<div[39m
          [33mclass[39m=[32m"flex items-center justify-between text-xs text-gray-500 mb-3"[39m
        [36m>[39m
          [36m<div[39m
            [33mclass[39m=[32m"flex items-center space-x-2"[39m
          [36m>[39m
            [36m<span[39m
              [33mclass[39m=[32m"font-mono"[39m
              [33mtitle[39m=[32m"Seed: 12345"[39m
            [36m>[39m
              [0m12345[0m
            [36m</span>[39m
          [36m</div>[39m
          [36m<div[39m
            [33mtitle[39m=[32m"1/15/2024"[39m
          [36m>[39m
            [0m1/15/2024[0m
          [36m</div>[39m
        [36m</div>[39m
      [36m</div>[39m
    [36m</div>[39m
  [36m</div>[39m
[36m</body>[39m
   × FailedImageCard > Button Styling and Accessibility > provides helpful tooltips for buttons 13ms
     → Unable to find an element with the title: Approve image (move to success).

Ignored nodes: comments, script, style
[36m<body>[39m
  [36m<div>[39m
    [36m<div[39m
      [33mclass[39m=[32m"relative bg-white border rounded-lg overflow-hidden transition-colors border-gray-200 hover:border-gray-300 hover:bg-gray-50"[39m
      [33mdata-testid[39m=[32m"failed-image-card-test-image-1"[39m
    [36m>[39m
      [36m<div[39m
        [33mclass[39m=[32m"absolute top-2 right-2 z-10"[39m
      [36m>[39m
        [36m<input[39m
          [33mclass[39m=[32m"rounded border-gray-300 text-blue-600 focus:ring-blue-500"[39m
          [33mdata-testid[39m=[32m"select-test-image-1"[39m
          [33mtype[39m=[32m"checkbox"[39m
        [36m/>[39m
      [36m</div>[39m
      [36m<div[39m
        [33mclass[39m=[32m"relative aspect-square"[39m
      [36m>[39m
        [36m<img[39m
          [33malt[39m=[32m"Failed image test-image-1"[39m
          [33mclass[39m=[32m"w-full h-full object-cover"[39m
          [33msrc[39m=[32m"local-file:///path/to/test-image.jpg"[39m
        [36m/>[39m
        [36m<div[39m
          [33mclass[39m=[32m"absolute top-2 left-2"[39m
        [36m>[39m
          [36m<span[39m
            [33mclass[39m=[32m"inline-flex items-center gap-1 px-2 py-1 rounded-full text-sm font-medium border bg-red-100 text-red-800 border-red-200"[39m
          [36m>[39m
            [36m<svg[39m
              [33maria-hidden[39m=[32m"true"[39m
              [33mclass[39m=[32m"w-4 h-4"[39m
              [33mfill[39m=[32m"none"[39m
              [33mstroke[39m=[32m"currentColor"[39m
              [33mviewBox[39m=[32m"0 0 24 24"[39m
            [36m>[39m
              [36m<path[39m
                [33md[39m=[32m"M12 9v4m0 4h.01M10.29 3.86L1.82 18a2 2 0 001.71 3h16.94a2 2 0 001.71-3L13.71 3.86a2 2 0 00-3.42 0z"[39m
                [33mstroke-linecap[39m=[32m"round"[39m
                [33mstroke-linejoin[39m=[32m"round"[39m
                [33mstroke-width[39m=[32m"2"[39m
              [36m/>[39m
            [36m</svg>[39m
            [0mQC Failed[0m
          [36m</span>[39m
        [36m</div>[39m
        [36m<div[39m
          [33mclass[39m=[32m"absolute inset-0 bg-black bg-opacity-0 hover:bg-opacity-40 transition-all duration-200 flex items-center justify-center opacity-0 hover:opacity-100"[39m
        [36m>[39m
          [36m<div[39m
            [33mclass[39m=[32m"flex items-center space-x-2"[39m
          [36m>[39m
            [36m<button[39m
              [33maria-label[39m=[32m"View"[39m
              [33mclass[39m=[32m"p-2 bg-gray-600 text-white rounded-full hover:bg-gray-700"[39m
              [33mtitle[39m=[32m"View"[39m
            [36m>[39m
              [36m<svg[39m
                [33mclass[39m=[32m"w-4 h-4"[39m
                [33mfill[39m=[32m"none"[39m
                [33mstroke[39m=[32m"currentColor"[39m
                [33mviewBox[39m=[32m"0 0 24 24"[39m
              [36m>[39m
                [36m<path[39m
                  [33md[39m=[32m"M15 12a3 3 0 11-6 0 3 3 0 016 0z"[39m
                  [33mstroke-linecap[39m=[32m"round"[39m
                  [33mstroke-linejoin[39m=[32m"round"[39m
                  [33mstroke-width[39m=[32m"2"[39m
                [36m/>[39m
                [36m<path[39m
                  [33md[39m=[32m"M2.458 12C3.732 7.943 7.523 5 12 5c4.478 0 8.268 2.943 9.542 7-1.274 4.057-5.064 7-9.542 7-4.477 0-8.268-2.943-9.542-7z"[39m
                  [33mstroke-linecap[39m=[32m"round"[39m
                  [33mstroke-linejoin[39m=[32m"round"[39m
                  [33mstroke-width[39m=[32m"2"[39m
                [36m/>[39m
              [36m</svg>[39m
            [36m</button>[39m
            [36m<button[39m
              [33maria-label[39m=[32m"Approve"[39m
              [33mclass[39m=[32m"p-2 bg-green-600 text-white rounded-full hover:bg-green-700"[39m
              [33mtitle[39m=[32m"Approve"[39m
            [36m>[39m
              [36m<svg[39m
                [33mclass[39m=[32m"w-4 h-4"[39m
                [33mfill[39m=[32m"none"[39m
                [33mstroke[39m=[32m"currentColor"[39m
                [33mviewBox[39m=[32m"0 0 24 24"[39m
              [36m>[39m
                [36m<path[39m
                  [33md[39m=[32m"M5 13l4 4L19 7"[39m
                  [33mstroke-linecap[39m=[32m"round"[39m
                  [33mstroke-linejoin[39m=[32m"round"[39m
                  [33mstroke-width[39m=[32m"2"[39m
                [36m/>[39m
              [36m</svg>[39m
            [36m</button>[39m
            [36m<button[39m
              [33maria-label[39m=[32m"Add to Retry"[39m
              [33mclass[39m=[32m"p-2 bg-blue-600 text-white rounded-full hover:bg-blue-700"[39m
              [33mtitle[39m=[32m"Add to Retry"[39m
            [36m>[39m
              [36m<svg[39m
                [33mclass[39m=[32m"w-4 h-4"[39m
                [33mfill[39m=[32m"none"[39m
                [33mstroke[39m=[32m"currentColor"[39m
                [33mstroke-linecap[39m=[32m"round"[39m
                [33mstroke-linejoin[39m=[32m"round"[39m
                [33mstroke-width[39m=[32m"2"[39m
                [33mviewBox[39m=[32m"0 0 24 24"[39m
              [36m>[39m
                [36m<path[39m
                  [33md[39m=[32m"m15 14 5-5-5-5"[39m
                [36m/>[39m
                [36m<path[39m
                  [33md[39m=[32m"M20 9H9.5A5.5 5.5 0 0 0 4 14.5 5.5 5.5 0 0 0 9.5 20H13"[39m
                [36m/>[39m
              [36m</svg>[39m
            [36m</button>[39m
            [36m<button[39m
              [33maria-label[39m=[32m"Delete"[39m
              [33mclass[39m=[32m"p-2 bg-red-600 text-white rounded-full hover:bg-red-700"[39m
              [33mtitle[39m=[32m"Delete"[39m
            [36m>[39m
              [36m<svg[39m
                [33mclass[39m=[32m"w-4 h-4"[39m
                [33mfill[39m=[32m"none"[39m
                [33mstroke[39m=[32m"currentColor"[39m
                [33mviewBox[39m=[32m"0 0 24 24"[39m
              [36m>[39m
                [36m<path[39m
                  [33md[39m=[32m"M19 7l-.867 12.142A2 2 0 0116.138 21H7.862a2 2 0 01-1.995-1.858L5 7m5 4v6m4-6v6m1-10V4a1 1 0 00-1-1h-4a1 1 0 00-1 1v3M4 7h16"[39m
                  [33mstroke-linecap[39m=[32m"round"[39m
                  [33mstroke-linejoin[39m=[32m"round"[39m
                  [33mstroke-width[39m=[32m"2"[39m
                [36m/>[39m
              [36m</svg>[39m
            [36m</button>[39m
          [36m</div>[39m
        [36m</div>[39m
      [36m</div>[39m
      [36m<div[39m
        [33mclass[39m=[32m"p-3"[39m
      [36m>[39m
        [36m<div[39m
          [33mclass[39m=[32m"text-xs font-medium text-gray-900 truncate"[39m
          [33mtitle[39m=[32m"Mountain Sunset"[39m
        [36m>[39m
          [0mMountain Sunset[0m
        [36m</div>[39m
        [36m<div[39m
          [33mclass[39m=[32m"text-xs text-red-600 mb-2 p-2 bg-red-50 rounded border border-red-200"[39m
        [36m>[39m
          [36m<strong>[39m
            [0mFailure:[0m
          [36m</strong>[39m
          [0m [0m
          [0mPoor image quality - too dark and blurry[0m
        [36m</div>[39m
        [36m<div[39m
          [33mclass[39m=[32m"text-xs text-gray-500 truncate mb-2"[39m
          [33mtitle[39m=[32m"Job exec-123"[39m
        [36m>[39m
          [0mJob exec-123[0m
        [36m</div>[39m
        [36m<div[39m
          [33mclass[39m=[32m"flex items-center justify-between text-xs text-gray-500 mb-3"[39m
        [36m>[39m
          [36m<div[39m
            [33mclass[39m=[32m"flex items-center space-x-2"[39m
          [36m>[39m
            [36m<span[39m
              [33mclass[39m=[32m"font-mono"[39m
              [33mtitle[39m=[32m"Seed: 12345"[39m
            [36m>[39m
              [0m12345[0m
            [36m</span>[39m
          [36m</div>[39m
          [36m<div[39m
            [33mtitle[39m=[32m"1/15/2024"[39m
          [36m>[39m
            [0m1/15/2024[0m
          [36m</div>[39m
        [36m</div>[39m
      [36m</div>[39m
    [36m</div>[39m
  [36m</div>[39m
[36m</body>[39m
   ✓ FailedImageCard > Layout and Styling > applies correct card styling 6ms
   × FailedImageCard > Layout and Styling > maintains aspect ratio for image container 10ms
     → Unable to find an element with the alt text: A beautiful sunset over mountains with dramatic clouds

Ignored nodes: comments, script, style
[36m<body>[39m
  [36m<div>[39m
    [36m<div[39m
      [33mclass[39m=[32m"relative bg-white border rounded-lg overflow-hidden transition-colors border-gray-200 hover:border-gray-300 hover:bg-gray-50"[39m
      [33mdata-testid[39m=[32m"failed-image-card-test-image-1"[39m
    [36m>[39m
      [36m<div[39m
        [33mclass[39m=[32m"absolute top-2 right-2 z-10"[39m
      [36m>[39m
        [36m<input[39m
          [33mclass[39m=[32m"rounded border-gray-300 text-blue-600 focus:ring-blue-500"[39m
          [33mdata-testid[39m=[32m"select-test-image-1"[39m
          [33mtype[39m=[32m"checkbox"[39m
        [36m/>[39m
      [36m</div>[39m
      [36m<div[39m
        [33mclass[39m=[32m"relative aspect-square"[39m
      [36m>[39m
        [36m<img[39m
          [33malt[39m=[32m"Failed image test-image-1"[39m
          [33mclass[39m=[32m"w-full h-full object-cover"[39m
          [33msrc[39m=[32m"local-file:///path/to/test-image.jpg"[39m
        [36m/>[39m
        [36m<div[39m
          [33mclass[39m=[32m"absolute top-2 left-2"[39m
        [36m>[39m
          [36m<span[39m
            [33mclass[39m=[32m"inline-flex items-center gap-1 px-2 py-1 rounded-full text-sm font-medium border bg-red-100 text-red-800 border-red-200"[39m
          [36m>[39m
            [36m<svg[39m
              [33maria-hidden[39m=[32m"true"[39m
              [33mclass[39m=[32m"w-4 h-4"[39m
              [33mfill[39m=[32m"none"[39m
              [33mstroke[39m=[32m"currentColor"[39m
              [33mviewBox[39m=[32m"0 0 24 24"[39m
            [36m>[39m
              [36m<path[39m
                [33md[39m=[32m"M12 9v4m0 4h.01M10.29 3.86L1.82 18a2 2 0 001.71 3h16.94a2 2 0 001.71-3L13.71 3.86a2 2 0 00-3.42 0z"[39m
                [33mstroke-linecap[39m=[32m"round"[39m
                [33mstroke-linejoin[39m=[32m"round"[39m
                [33mstroke-width[39m=[32m"2"[39m
              [36m/>[39m
            [36m</svg>[39m
            [0mQC Failed[0m
          [36m</span>[39m
        [36m</div>[39m
        [36m<div[39m
          [33mclass[39m=[32m"absolute inset-0 bg-black bg-opacity-0 hover:bg-opacity-40 transition-all duration-200 flex items-center justify-center opacity-0 hover:opacity-100"[39m
        [36m>[39m
          [36m<div[39m
            [33mclass[39m=[32m"flex items-center space-x-2"[39m
          [36m>[39m
            [36m<button[39m
              [33maria-label[39m=[32m"View"[39m
              [33mclass[39m=[32m"p-2 bg-gray-600 text-white rounded-full hover:bg-gray-700"[39m
              [33mtitle[39m=[32m"View"[39m
            [36m>[39m
              [36m<svg[39m
                [33mclass[39m=[32m"w-4 h-4"[39m
                [33mfill[39m=[32m"none"[39m
                [33mstroke[39m=[32m"currentColor"[39m
                [33mviewBox[39m=[32m"0 0 24 24"[39m
              [36m>[39m
                [36m<path[39m
                  [33md[39m=[32m"M15 12a3 3 0 11-6 0 3 3 0 016 0z"[39m
                  [33mstroke-linecap[39m=[32m"round"[39m
                  [33mstroke-linejoin[39m=[32m"round"[39m
                  [33mstroke-width[39m=[32m"2"[39m
                [36m/>[39m
                [36m<path[39m
                  [33md[39m=[32m"M2.458 12C3.732 7.943 7.523 5 12 5c4.478 0 8.268 2.943 9.542 7-1.274 4.057-5.064 7-9.542 7-4.477 0-8.268-2.943-9.542-7z"[39m
                  [33mstroke-linecap[39m=[32m"round"[39m
                  [33mstroke-linejoin[39m=[32m"round"[39m
                  [33mstroke-width[39m=[32m"2"[39m
                [36m/>[39m
              [36m</svg>[39m
            [36m</button>[39m
            [36m<button[39m
              [33maria-label[39m=[32m"Approve"[39m
              [33mclass[39m=[32m"p-2 bg-green-600 text-white rounded-full hover:bg-green-700"[39m
              [33mtitle[39m=[32m"Approve"[39m
            [36m>[39m
              [36m<svg[39m
                [33mclass[39m=[32m"w-4 h-4"[39m
                [33mfill[39m=[32m"none"[39m
                [33mstroke[39m=[32m"currentColor"[39m
                [33mviewBox[39m=[32m"0 0 24 24"[39m
              [36m>[39m
                [36m<path[39m
                  [33md[39m=[32m"M5 13l4 4L19 7"[39m
                  [33mstroke-linecap[39m=[32m"round"[39m
                  [33mstroke-linejoin[39m=[32m"round"[39m
                  [33mstroke-width[39m=[32m"2"[39m
                [36m/>[39m
              [36m</svg>[39m
            [36m</button>[39m
            [36m<button[39m
              [33maria-label[39m=[32m"Add to Retry"[39m
              [33mclass[39m=[32m"p-2 bg-blue-600 text-white rounded-full hover:bg-blue-700"[39m
              [33mtitle[39m=[32m"Add to Retry"[39m
            [36m>[39m
              [36m<svg[39m
                [33mclass[39m=[32m"w-4 h-4"[39m
                [33mfill[39m=[32m"none"[39m
                [33mstroke[39m=[32m"currentColor"[39m
                [33mstroke-linecap[39m=[32m"round"[39m
                [33mstroke-linejoin[39m=[32m"round"[39m
                [33mstroke-width[39m=[32m"2"[39m
                [33mviewBox[39m=[32m"0 0 24 24"[39m
              [36m>[39m
                [36m<path[39m
                  [33md[39m=[32m"m15 14 5-5-5-5"[39m
                [36m/>[39m
                [36m<path[39m
                  [33md[39m=[32m"M20 9H9.5A5.5 5.5 0 0 0 4 14.5 5.5 5.5 0 0 0 9.5 20H13"[39m
                [36m/>[39m
              [36m</svg>[39m
            [36m</button>[39m
            [36m<button[39m
              [33maria-label[39m=[32m"Delete"[39m
              [33mclass[39m=[32m"p-2 bg-red-600 text-white rounded-full hover:bg-red-700"[39m
              [33mtitle[39m=[32m"Delete"[39m
            [36m>[39m
              [36m<svg[39m
                [33mclass[39m=[32m"w-4 h-4"[39m
                [33mfill[39m=[32m"none"[39m
                [33mstroke[39m=[32m"currentColor"[39m
                [33mviewBox[39m=[32m"0 0 24 24"[39m
              [36m>[39m
                [36m<path[39m
                  [33md[39m=[32m"M19 7l-.867 12.142A2 2 0 0116.138 21H7.862a2 2 0 01-1.995-1.858L5 7m5 4v6m4-6v6m1-10V4a1 1 0 00-1-1h-4a1 1 0 00-1 1v3M4 7h16"[39m
                  [33mstroke-linecap[39m=[32m"round"[39m
                  [33mstroke-linejoin[39m=[32m"round"[39m
                  [33mstroke-width[39m=[32m"2"[39m
                [36m/>[39m
              [36m</svg>[39m
            [36m</button>[39m
          [36m</div>[39m
        [36m</div>[39m
      [36m</div>[39m
      [36m<div[39m
        [33mclass[39m=[32m"p-3"[39m
      [36m>[39m
        [36m<div[39m
          [33mclass[39m=[32m"text-xs font-medium text-gray-900 truncate"[39m
          [33mtitle[39m=[32m"Mountain Sunset"[39m
        [36m>[39m
          [0mMountain Sunset[0m
        [36m</div>[39m
        [36m<div[39m
          [33mclass[39m=[32m"text-xs text-red-600 mb-2 p-2 bg-red-50 rounded border border-red-200"[39m
        [36m>[39m
          [36m<strong>[39m
            [0mFailure:[0m
          [36m</strong>[39m
          [0m [0m
          [0mPoor image quality - too dark and blurry[0m
        [36m</div>[39m
        [36m<div[39m
          [33mclass[39m=[32m"text-xs text-gray-500 truncate mb-2"[39m
          [33mtitle[39m=[32m"Job exec-123"[39m
        [36m>[39m
          [0mJob exec-123[0m
        [36m</div>[39m
        [36m<div[39m
          [33mclass[39m=[32m"flex items-center justify-between text-xs text-gray-500 mb-3"[39m
        [36m>[39m
          [36m<div[39m
            [33mclass[39m=[32m"flex items-center space-x-2"[39m
          [36m>[39m
            [36m<span[39m
              [33mclass[39m=[32m"font-mono"[39m
              [33mtitle[39m=[32m"Seed: 12345"[39m
            [36m>[39m
              [0m12345[0m
            [36m</span>[39m
          [36m</div>[39m
          [36m<div[39m
            [33mtitle[39m=[32m"1/15/2024"[39m
          [36m>[39m
            [0m1/15/2024[0m
          [36m</div>[39m
        [36m</div>[39m
      [36m</div>[39m
    [36m</div>[39m
  [36m</div>[39m
[36m</body>[39m
   × FailedImageCard > Layout and Styling > displays action buttons in grid layout 13ms
     → Unable to find an element with the text: ✓ Approve. This could be because the text is broken up by multiple elements. In this case, you can provide a function for your text matcher to make your matcher more flexible.

Ignored nodes: comments, script, style
[36m<body>[39m
  [36m<div>[39m
    [36m<div[39m
      [33mclass[39m=[32m"relative bg-white border rounded-lg overflow-hidden transition-colors border-gray-200 hover:border-gray-300 hover:bg-gray-50"[39m
      [33mdata-testid[39m=[32m"failed-image-card-test-image-1"[39m
    [36m>[39m
      [36m<div[39m
        [33mclass[39m=[32m"absolute top-2 right-2 z-10"[39m
      [36m>[39m
        [36m<input[39m
          [33mclass[39m=[32m"rounded border-gray-300 text-blue-600 focus:ring-blue-500"[39m
          [33mdata-testid[39m=[32m"select-test-image-1"[39m
          [33mtype[39m=[32m"checkbox"[39m
        [36m/>[39m
      [36m</div>[39m
      [36m<div[39m
        [33mclass[39m=[32m"relative aspect-square"[39m
      [36m>[39m
        [36m<img[39m
          [33malt[39m=[32m"Failed image test-image-1"[39m
          [33mclass[39m=[32m"w-full h-full object-cover"[39m
          [33msrc[39m=[32m"local-file:///path/to/test-image.jpg"[39m
        [36m/>[39m
        [36m<div[39m
          [33mclass[39m=[32m"absolute top-2 left-2"[39m
        [36m>[39m
          [36m<span[39m
            [33mclass[39m=[32m"inline-flex items-center gap-1 px-2 py-1 rounded-full text-sm font-medium border bg-red-100 text-red-800 border-red-200"[39m
          [36m>[39m
            [36m<svg[39m
              [33maria-hidden[39m=[32m"true"[39m
              [33mclass[39m=[32m"w-4 h-4"[39m
              [33mfill[39m=[32m"none"[39m
              [33mstroke[39m=[32m"currentColor"[39m
              [33mviewBox[39m=[32m"0 0 24 24"[39m
            [36m>[39m
              [36m<path[39m
                [33md[39m=[32m"M12 9v4m0 4h.01M10.29 3.86L1.82 18a2 2 0 001.71 3h16.94a2 2 0 001.71-3L13.71 3.86a2 2 0 00-3.42 0z"[39m
                [33mstroke-linecap[39m=[32m"round"[39m
                [33mstroke-linejoin[39m=[32m"round"[39m
                [33mstroke-width[39m=[32m"2"[39m
              [36m/>[39m
            [36m</svg>[39m
            [0mQC Failed[0m
          [36m</span>[39m
        [36m</div>[39m
        [36m<div[39m
          [33mclass[39m=[32m"absolute inset-0 bg-black bg-opacity-0 hover:bg-opacity-40 transition-all duration-200 flex items-center justify-center opacity-0 hover:opacity-100"[39m
        [36m>[39m
          [36m<div[39m
            [33mclass[39m=[32m"flex items-center space-x-2"[39m
          [36m>[39m
            [36m<button[39m
              [33maria-label[39m=[32m"View"[39m
              [33mclass[39m=[32m"p-2 bg-gray-600 text-white rounded-full hover:bg-gray-700"[39m
              [33mtitle[39m=[32m"View"[39m
            [36m>[39m
              [36m<svg[39m
                [33mclass[39m=[32m"w-4 h-4"[39m
                [33mfill[39m=[32m"none"[39m
                [33mstroke[39m=[32m"currentColor"[39m
                [33mviewBox[39m=[32m"0 0 24 24"[39m
              [36m>[39m
                [36m<path[39m
                  [33md[39m=[32m"M15 12a3 3 0 11-6 0 3 3 0 016 0z"[39m
                  [33mstroke-linecap[39m=[32m"round"[39m
                  [33mstroke-linejoin[39m=[32m"round"[39m
                  [33mstroke-width[39m=[32m"2"[39m
                [36m/>[39m
                [36m<path[39m
                  [33md[39m=[32m"M2.458 12C3.732 7.943 7.523 5 12 5c4.478 0 8.268 2.943 9.542 7-1.274 4.057-5.064 7-9.542 7-4.477 0-8.268-2.943-9.542-7z"[39m
                  [33mstroke-linecap[39m=[32m"round"[39m
                  [33mstroke-linejoin[39m=[32m"round"[39m
                  [33mstroke-width[39m=[32m"2"[39m
                [36m/>[39m
              [36m</svg>[39m
            [36m</button>[39m
            [36m<button[39m
              [33maria-label[39m=[32m"Approve"[39m
              [33mclass[39m=[32m"p-2 bg-green-600 text-white rounded-full hover:bg-green-700"[39m
              [33mtitle[39m=[32m"Approve"[39m
            [36m>[39m
              [36m<svg[39m
                [33mclass[39m=[32m"w-4 h-4"[39m
                [33mfill[39m=[32m"none"[39m
                [33mstroke[39m=[32m"currentColor"[39m
                [33mviewBox[39m=[32m"0 0 24 24"[39m
              [36m>[39m
                [36m<path[39m
                  [33md[39m=[32m"M5 13l4 4L19 7"[39m
                  [33mstroke-linecap[39m=[32m"round"[39m
                  [33mstroke-linejoin[39m=[32m"round"[39m
                  [33mstroke-width[39m=[32m"2"[39m
                [36m/>[39m
              [36m</svg>[39m
            [36m</button>[39m
            [36m<button[39m
              [33maria-label[39m=[32m"Add to Retry"[39m
              [33mclass[39m=[32m"p-2 bg-blue-600 text-white rounded-full hover:bg-blue-700"[39m
              [33mtitle[39m=[32m"Add to Retry"[39m
            [36m>[39m
              [36m<svg[39m
                [33mclass[39m=[32m"w-4 h-4"[39m
                [33mfill[39m=[32m"none"[39m
                [33mstroke[39m=[32m"currentColor"[39m
                [33mstroke-linecap[39m=[32m"round"[39m
                [33mstroke-linejoin[39m=[32m"round"[39m
                [33mstroke-width[39m=[32m"2"[39m
                [33mviewBox[39m=[32m"0 0 24 24"[39m
              [36m>[39m
                [36m<path[39m
                  [33md[39m=[32m"m15 14 5-5-5-5"[39m
                [36m/>[39m
                [36m<path[39m
                  [33md[39m=[32m"M20 9H9.5A5.5 5.5 0 0 0 4 14.5 5.5 5.5 0 0 0 9.5 20H13"[39m
                [36m/>[39m
              [36m</svg>[39m
            [36m</button>[39m
            [36m<button[39m
              [33maria-label[39m=[32m"Delete"[39m
              [33mclass[39m=[32m"p-2 bg-red-600 text-white rounded-full hover:bg-red-700"[39m
              [33mtitle[39m=[32m"Delete"[39m
            [36m>[39m
              [36m<svg[39m
                [33mclass[39m=[32m"w-4 h-4"[39m
                [33mfill[39m=[32m"none"[39m
                [33mstroke[39m=[32m"currentColor"[39m
                [33mviewBox[39m=[32m"0 0 24 24"[39m
              [36m>[39m
                [36m<path[39m
                  [33md[39m=[32m"M19 7l-.867 12.142A2 2 0 0116.138 21H7.862a2 2 0 01-1.995-1.858L5 7m5 4v6m4-6v6m1-10V4a1 1 0 00-1-1h-4a1 1 0 00-1 1v3M4 7h16"[39m
                  [33mstroke-linecap[39m=[32m"round"[39m
                  [33mstroke-linejoin[39m=[32m"round"[39m
                  [33mstroke-width[39m=[32m"2"[39m
                [36m/>[39m
              [36m</svg>[39m
            [36m</button>[39m
          [36m</div>[39m
        [36m</div>[39m
      [36m</div>[39m
      [36m<div[39m
        [33mclass[39m=[32m"p-3"[39m
      [36m>[39m
        [36m<div[39m
          [33mclass[39m=[32m"text-xs font-medium text-gray-900 truncate"[39m
          [33mtitle[39m=[32m"Mountain Sunset"[39m
        [36m>[39m
          [0mMountain Sunset[0m
        [36m</div>[39m
        [36m<div[39m
          [33mclass[39m=[32m"text-xs text-red-600 mb-2 p-2 bg-red-50 rounded border border-red-200"[39m
        [36m>[39m
          [36m<strong>[39m
            [0mFailure:[0m
          [36m</strong>[39m
          [0m [0m
          [0mPoor image quality - too dark and blurry[0m
        [36m</div>[39m
        [36m<div[39m
          [33mclass[39m=[32m"text-xs text-gray-500 truncate mb-2"[39m
          [33mtitle[39m=[32m"Job exec-123"[39m
        [36m>[39m
          [0mJob exec-123[0m
        [36m</div>[39m
        [36m<div[39m
          [33mclass[39m=[32m"flex items-center justify-between text-xs text-gray-500 mb-3"[39m
        [36m>[39m
          [36m<div[39m
            [33mclass[39m=[32m"flex items-center space-x-2"[39m
          [36m>[39m
            [36m<span[39m
              [33mclass[39m=[32m"font-mono"[39m
              [33mtitle[39m=[32m"Seed: 12345"[39m
            [36m>[39m
              [0m12345[0m
            [36m</span>[39m
          [36m</div>[39m
          [36m<div[39m
            [33mtitle[39m=[32m"1/15/2024"[39m
          [36m>[39m
            [0m1/15/2024[0m
          [36m</div>[39m
        [36m</div>[39m
      [36m</div>[39m
    [36m</div>[39m
  [36m</div>[39m
[36m</body>[39m
   ✓ FailedImageCard > Edge Cases > handles image without seed gracefully 6ms
   ✓ FailedImageCard > Edge Cases > handles image without metadata gracefully 14ms
   × FailedImageCard > Edge Cases > handles image without processing settings gracefully 14ms
     → Unable to find an element with the text: A beautiful sunset over mountains with dramatic clouds. This could be because the text is broken up by multiple elements. In this case, you can provide a function for your text matcher to make your matcher more flexible.

Ignored nodes: comments, script, style
[36m<body>[39m
  [36m<div>[39m
    [36m<div[39m
      [33mclass[39m=[32m"relative bg-white border rounded-lg overflow-hidden transition-colors border-gray-200 hover:border-gray-300 hover:bg-gray-50"[39m
      [33mdata-testid[39m=[32m"failed-image-card-test-image-1"[39m
    [36m>[39m
      [36m<div[39m
        [33mclass[39m=[32m"absolute top-2 right-2 z-10"[39m
      [36m>[39m
        [36m<input[39m
          [33mclass[39m=[32m"rounded border-gray-300 text-blue-600 focus:ring-blue-500"[39m
          [33mdata-testid[39m=[32m"select-test-image-1"[39m
          [33mtype[39m=[32m"checkbox"[39m
        [36m/>[39m
      [36m</div>[39m
      [36m<div[39m
        [33mclass[39m=[32m"relative aspect-square"[39m
      [36m>[39m
        [36m<img[39m
          [33malt[39m=[32m"Failed image test-image-1"[39m
          [33mclass[39m=[32m"w-full h-full object-cover"[39m
          [33msrc[39m=[32m"local-file:///path/to/test-image.jpg"[39m
        [36m/>[39m
        [36m<div[39m
          [33mclass[39m=[32m"absolute top-2 left-2"[39m
        [36m>[39m
          [36m<span[39m
            [33mclass[39m=[32m"inline-flex items-center gap-1 px-2 py-1 rounded-full text-sm font-medium border bg-red-100 text-red-800 border-red-200"[39m
          [36m>[39m
            [36m<svg[39m
              [33maria-hidden[39m=[32m"true"[39m
              [33mclass[39m=[32m"w-4 h-4"[39m
              [33mfill[39m=[32m"none"[39m
              [33mstroke[39m=[32m"currentColor"[39m
              [33mviewBox[39m=[32m"0 0 24 24"[39m
            [36m>[39m
              [36m<path[39m
                [33md[39m=[32m"M12 9v4m0 4h.01M10.29 3.86L1.82 18a2 2 0 001.71 3h16.94a2 2 0 001.71-3L13.71 3.86a2 2 0 00-3.42 0z"[39m
                [33mstroke-linecap[39m=[32m"round"[39m
                [33mstroke-linejoin[39m=[32m"round"[39m
                [33mstroke-width[39m=[32m"2"[39m
              [36m/>[39m
            [36m</svg>[39m
            [0mQC Failed[0m
          [36m</span>[39m
        [36m</div>[39m
        [36m<div[39m
          [33mclass[39m=[32m"absolute inset-0 bg-black bg-opacity-0 hover:bg-opacity-40 transition-all duration-200 flex items-center justify-center opacity-0 hover:opacity-100"[39m
        [36m>[39m
          [36m<div[39m
            [33mclass[39m=[32m"flex items-center space-x-2"[39m
          [36m>[39m
            [36m<button[39m
              [33maria-label[39m=[32m"View"[39m
              [33mclass[39m=[32m"p-2 bg-gray-600 text-white rounded-full hover:bg-gray-700"[39m
              [33mtitle[39m=[32m"View"[39m
            [36m>[39m
              [36m<svg[39m
                [33mclass[39m=[32m"w-4 h-4"[39m
                [33mfill[39m=[32m"none"[39m
                [33mstroke[39m=[32m"currentColor"[39m
                [33mviewBox[39m=[32m"0 0 24 24"[39m
              [36m>[39m
                [36m<path[39m
                  [33md[39m=[32m"M15 12a3 3 0 11-6 0 3 3 0 016 0z"[39m
                  [33mstroke-linecap[39m=[32m"round"[39m
                  [33mstroke-linejoin[39m=[32m"round"[39m
                  [33mstroke-width[39m=[32m"2"[39m
                [36m/>[39m
                [36m<path[39m
                  [33md[39m=[32m"M2.458 12C3.732 7.943 7.523 5 12 5c4.478 0 8.268 2.943 9.542 7-1.274 4.057-5.064 7-9.542 7-4.477 0-8.268-2.943-9.542-7z"[39m
                  [33mstroke-linecap[39m=[32m"round"[39m
                  [33mstroke-linejoin[39m=[32m"round"[39m
                  [33mstroke-width[39m=[32m"2"[39m
                [36m/>[39m
              [36m</svg>[39m
            [36m</button>[39m
            [36m<button[39m
              [33maria-label[39m=[32m"Approve"[39m
              [33mclass[39m=[32m"p-2 bg-green-600 text-white rounded-full hover:bg-green-700"[39m
              [33mtitle[39m=[32m"Approve"[39m
            [36m>[39m
              [36m<svg[39m
                [33mclass[39m=[32m"w-4 h-4"[39m
                [33mfill[39m=[32m"none"[39m
                [33mstroke[39m=[32m"currentColor"[39m
                [33mviewBox[39m=[32m"0 0 24 24"[39m
              [36m>[39m
                [36m<path[39m
                  [33md[39m=[32m"M5 13l4 4L19 7"[39m
                  [33mstroke-linecap[39m=[32m"round"[39m
                  [33mstroke-linejoin[39m=[32m"round"[39m
                  [33mstroke-width[39m=[32m"2"[39m
                [36m/>[39m
              [36m</svg>[39m
            [36m</button>[39m
            [36m<button[39m
              [33maria-label[39m=[32m"Add to Retry"[39m
              [33mclass[39m=[32m"p-2 bg-blue-600 text-white rounded-full hover:bg-blue-700"[39m
              [33mtitle[39m=[32m"Add to Retry"[39m
            [36m>[39m
              [36m<svg[39m
                [33mclass[39m=[32m"w-4 h-4"[39m
                [33mfill[39m=[32m"none"[39m
                [33mstroke[39m=[32m"currentColor"[39m
                [33mstroke-linecap[39m=[32m"round"[39m
                [33mstroke-linejoin[39m=[32m"round"[39m
                [33mstroke-width[39m=[32m"2"[39m
                [33mviewBox[39m=[32m"0 0 24 24"[39m
              [36m>[39m
                [36m<path[39m
                  [33md[39m=[32m"m15 14 5-5-5-5"[39m
                [36m/>[39m
                [36m<path[39m
                  [33md[39m=[32m"M20 9H9.5A5.5 5.5 0 0 0 4 14.5 5.5 5.5 0 0 0 9.5 20H13"[39m
                [36m/>[39m
              [36m</svg>[39m
            [36m</button>[39m
            [36m<button[39m
              [33maria-label[39m=[32m"Delete"[39m
              [33mclass[39m=[32m"p-2 bg-red-600 text-white rounded-full hover:bg-red-700"[39m
              [33mtitle[39m=[32m"Delete"[39m
            [36m>[39m
              [36m<svg[39m
                [33mclass[39m=[32m"w-4 h-4"[39m
                [33mfill[39m=[32m"none"[39m
                [33mstroke[39m=[32m"currentColor"[39m
                [33mviewBox[39m=[32m"0 0 24 24"[39m
              [36m>[39m
                [36m<path[39m
                  [33md[39m=[32m"M19 7l-.867 12.142A2 2 0 0116.138 21H7.862a2 2 0 01-1.995-1.858L5 7m5 4v6m4-6v6m1-10V4a1 1 0 00-1-1h-4a1 1 0 00-1 1v3M4 7h16"[39m
                  [33mstroke-linecap[39m=[32m"round"[39m
                  [33mstroke-linejoin[39m=[32m"round"[39m
                  [33mstroke-width[39m=[32m"2"[39m
                [36m/>[39m
              [36m</svg>[39m
            [36m</button>[39m
          [36m</div>[39m
        [36m</div>[39m
      [36m</div>[39m
      [36m<div[39m
        [33mclass[39m=[32m"p-3"[39m
      [36m>[39m
        [36m<div[39m
          [33mclass[39m=[32m"text-xs font-medium text-gray-900 truncate"[39m
          [33mtitle[39m=[32m"Mountain Sunset"[39m
        [36m>[39m
          [0mMountain Sunset[0m
        [36m</div>[39m
        [36m<div[39m
          [33mclass[39m=[32m"text-xs text-red-600 mb-2 p-2 bg-red-50 rounded border border-red-200"[39m
        [36m>[39m
          [36m<strong>[39m
            [0mFailure:[0m
          [36m</strong>[39m
          [0m [0m
          [0mPoor image quality - too dark and blurry[0m
        [36m</div>[39m
        [36m<div[39m
          [33mclass[39m=[32m"text-xs text-gray-500 truncate mb-2"[39m
          [33mtitle[39m=[32m"Job exec-123"[39m
        [36m>[39m
          [0mJob exec-123[0m
        [36m</div>[39m
        [36m<div[39m
          [33mclass[39m=[32m"flex items-center justify-between text-xs text-gray-500 mb-3"[39m
        [36m>[39m
          [36m<div[39m
            [33mclass[39m=[32m"flex items-center space-x-2"[39m
          [36m>[39m
            [36m<span[39m
              [33mclass[39m=[32m"font-mono"[39m
              [33mtitle[39m=[32m"Seed: 12345"[39m
            [36m>[39m
              [0m12345[0m
            [36m</span>[39m
          [36m</div>[39m
          [36m<div[39m
            [33mtitle[39m=[32m"1/15/2024"[39m
          [36m>[39m
            [0m1/15/2024[0m
          [36m</div>[39m
        [36m</div>[39m
      [36m</div>[39m
    [36m</div>[39m
  [36m</div>[39m
[36m</body>[39m
   × FailedImageCard > Edge Cases > handles very long generation prompts 7ms
     → Unable to find an element with the text: /This is a very long generation prompt/. This could be because the text is broken up by multiple elements. In this case, you can provide a function for your text matcher to make your matcher more flexible.

Ignored nodes: comments, script, style
[36m<body>[39m
  [36m<div>[39m
    [36m<div[39m
      [33mclass[39m=[32m"relative bg-white border rounded-lg overflow-hidden transition-colors border-gray-200 hover:border-gray-300 hover:bg-gray-50"[39m
      [33mdata-testid[39m=[32m"failed-image-card-test-image-1"[39m
    [36m>[39m
      [36m<div[39m
        [33mclass[39m=[32m"absolute top-2 right-2 z-10"[39m
      [36m>[39m
        [36m<input[39m
          [33mclass[39m=[32m"rounded border-gray-300 text-blue-600 focus:ring-blue-500"[39m
          [33mdata-testid[39m=[32m"select-test-image-1"[39m
          [33mtype[39m=[32m"checkbox"[39m
        [36m/>[39m
      [36m</div>[39m
      [36m<div[39m
        [33mclass[39m=[32m"relative aspect-square"[39m
      [36m>[39m
        [36m<img[39m
          [33malt[39m=[32m"Failed image test-image-1"[39m
          [33mclass[39m=[32m"w-full h-full object-cover"[39m
          [33msrc[39m=[32m"local-file:///path/to/test-image.jpg"[39m
        [36m/>[39m
        [36m<div[39m
          [33mclass[39m=[32m"absolute top-2 left-2"[39m
        [36m>[39m
          [36m<span[39m
            [33mclass[39m=[32m"inline-flex items-center gap-1 px-2 py-1 rounded-full text-sm font-medium border bg-red-100 text-red-800 border-red-200"[39m
          [36m>[39m
            [36m<svg[39m
              [33maria-hidden[39m=[32m"true"[39m
              [33mclass[39m=[32m"w-4 h-4"[39m
              [33mfill[39m=[32m"none"[39m
              [33mstroke[39m=[32m"currentColor"[39m
              [33mviewBox[39m=[32m"0 0 24 24"[39m
            [36m>[39m
              [36m<path[39m
                [33md[39m=[32m"M12 9v4m0 4h.01M10.29 3.86L1.82 18a2 2 0 001.71 3h16.94a2 2 0 001.71-3L13.71 3.86a2 2 0 00-3.42 0z"[39m
                [33mstroke-linecap[39m=[32m"round"[39m
                [33mstroke-linejoin[39m=[32m"round"[39m
                [33mstroke-width[39m=[32m"2"[39m
              [36m/>[39m
            [36m</svg>[39m
            [0mQC Failed[0m
          [36m</span>[39m
        [36m</div>[39m
        [36m<div[39m
          [33mclass[39m=[32m"absolute inset-0 bg-black bg-opacity-0 hover:bg-opacity-40 transition-all duration-200 flex items-center justify-center opacity-0 hover:opacity-100"[39m
        [36m>[39m
          [36m<div[39m
            [33mclass[39m=[32m"flex items-center space-x-2"[39m
          [36m>[39m
            [36m<button[39m
              [33maria-label[39m=[32m"View"[39m
              [33mclass[39m=[32m"p-2 bg-gray-600 text-white rounded-full hover:bg-gray-700"[39m
              [33mtitle[39m=[32m"View"[39m
            [36m>[39m
              [36m<svg[39m
                [33mclass[39m=[32m"w-4 h-4"[39m
                [33mfill[39m=[32m"none"[39m
                [33mstroke[39m=[32m"currentColor"[39m
                [33mviewBox[39m=[32m"0 0 24 24"[39m
              [36m>[39m
                [36m<path[39m
                  [33md[39m=[32m"M15 12a3 3 0 11-6 0 3 3 0 016 0z"[39m
                  [33mstroke-linecap[39m=[32m"round"[39m
                  [33mstroke-linejoin[39m=[32m"round"[39m
                  [33mstroke-width[39m=[32m"2"[39m
                [36m/>[39m
                [36m<path[39m
                  [33md[39m=[32m"M2.458 12C3.732 7.943 7.523 5 12 5c4.478 0 8.268 2.943 9.542 7-1.274 4.057-5.064 7-9.542 7-4.477 0-8.268-2.943-9.542-7z"[39m
                  [33mstroke-linecap[39m=[32m"round"[39m
                  [33mstroke-linejoin[39m=[32m"round"[39m
                  [33mstroke-width[39m=[32m"2"[39m
                [36m/>[39m
              [36m</svg>[39m
            [36m</button>[39m
            [36m<button[39m
              [33maria-label[39m=[32m"Approve"[39m
              [33mclass[39m=[32m"p-2 bg-green-600 text-white rounded-full hover:bg-green-700"[39m
              [33mtitle[39m=[32m"Approve"[39m
            [36m>[39m
              [36m<svg[39m
                [33mclass[39m=[32m"w-4 h-4"[39m
                [33mfill[39m=[32m"none"[39m
                [33mstroke[39m=[32m"currentColor"[39m
                [33mviewBox[39m=[32m"0 0 24 24"[39m
              [36m>[39m
                [36m<path[39m
                  [33md[39m=[32m"M5 13l4 4L19 7"[39m
                  [33mstroke-linecap[39m=[32m"round"[39m
                  [33mstroke-linejoin[39m=[32m"round"[39m
                  [33mstroke-width[39m=[32m"2"[39m
                [36m/>[39m
              [36m</svg>[39m
            [36m</button>[39m
            [36m<button[39m
              [33maria-label[39m=[32m"Add to Retry"[39m
              [33mclass[39m=[32m"p-2 bg-blue-600 text-white rounded-full hover:bg-blue-700"[39m
              [33mtitle[39m=[32m"Add to Retry"[39m
            [36m>[39m
              [36m<svg[39m
                [33mclass[39m=[32m"w-4 h-4"[39m
                [33mfill[39m=[32m"none"[39m
                [33mstroke[39m=[32m"currentColor"[39m
                [33mstroke-linecap[39m=[32m"round"[39m
                [33mstroke-linejoin[39m=[32m"round"[39m
                [33mstroke-width[39m=[32m"2"[39m
                [33mviewBox[39m=[32m"0 0 24 24"[39m
              [36m>[39m
                [36m<path[39m
                  [33md[39m=[32m"m15 14 5-5-5-5"[39m
                [36m/>[39m
                [36m<path[39m
                  [33md[39m=[32m"M20 9H9.5A5.5 5.5 0 0 0 4 14.5 5.5 5.5 0 0 0 9.5 20H13"[39m
                [36m/>[39m
              [36m</svg>[39m
            [36m</button>[39m
            [36m<button[39m
              [33maria-label[39m=[32m"Delete"[39m
              [33mclass[39m=[32m"p-2 bg-red-600 text-white rounded-full hover:bg-red-700"[39m
              [33mtitle[39m=[32m"Delete"[39m
            [36m>[39m
              [36m<svg[39m
                [33mclass[39m=[32m"w-4 h-4"[39m
                [33mfill[39m=[32m"none"[39m
                [33mstroke[39m=[32m"currentColor"[39m
                [33mviewBox[39m=[32m"0 0 24 24"[39m
              [36m>[39m
                [36m<path[39m
                  [33md[39m=[32m"M19 7l-.867 12.142A2 2 0 0116.138 21H7.862a2 2 0 01-1.995-1.858L5 7m5 4v6m4-6v6m1-10V4a1 1 0 00-1-1h-4a1 1 0 00-1 1v3M4 7h16"[39m
                  [33mstroke-linecap[39m=[32m"round"[39m
                  [33mstroke-linejoin[39m=[32m"round"[39m
                  [33mstroke-width[39m=[32m"2"[39m
                [36m/>[39m
              [36m</svg>[39m
            [36m</button>[39m
          [36m</div>[39m
        [36m</div>[39m
      [36m</div>[39m
      [36m<div[39m
        [33mclass[39m=[32m"p-3"[39m
      [36m>[39m
        [36m<div[39m
          [33mclass[39m=[32m"text-xs font-medium text-gray-900 truncate"[39m
          [33mtitle[39m=[32m"Mountain Sunset"[39m
        [36m>[39m
          [0mMountain Sunset[0m
        [36m</div>[39m
        [36m<div[39m
          [33mclass[39m=[32m"text-xs text-red-600 mb-2 p-2 bg-red-50 rounded border border-red-200"[39m
        [36m>[39m
          [36m<strong>[39m
            [0mFailure:[0m
          [36m</strong>[39m
          [0m [0m
          [0mPoor image quality - too dark and blurry[0m
        [36m</div>[39m
        [36m<div[39m
          [33mclass[39m=[32m"text-xs text-gray-500 truncate mb-2"[39m
          [33mtitle[39m=[32m"Job exec-123"[39m
        [36m>[39m
          [0mJob exec-123[0m
        [36m</div>[39m
        [36m<div[39m
          [33mclass[39m=[32m"flex items-center justify-between text-xs text-gray-500 mb-3"[39m
        [36m>[39m
          [36m<div[39m
            [33mclass[39m=[32m"flex items-center space-x-2"[39m
          [36m>[39m
            [36m<span[39m
              [33mclass[39m=[32m"font-mono"[39m
              [33mtitle[39m=[32m"Seed: 12345"[39m
            [36m>[39m
              [0m12345[0m
            [36m</span>[39m
          [36m</div>[39m
          [36m<div[39m
            [33mtitle[39m=[32m"1/15/2024"[39m
          [36m>[39m
            [0m1/15/2024[0m
          [36m</div>[39m
        [36m</div>[39m
      [36m</div>[39m
    [36m</div>[39m
  [36m</div>[39m
[36m</body>[39m
   ✓ FailedImageCard > Interactive Behavior > maintains selection state during interactions 12ms
   × FailedImageCard > Interactive Behavior > handles rapid button clicks correctly 13ms
     → Unable to find an element with the text: ✓ Approve. This could be because the text is broken up by multiple elements. In this case, you can provide a function for your text matcher to make your matcher more flexible.

Ignored nodes: comments, script, style
[36m<body>[39m
  [36m<div>[39m
    [36m<div[39m
      [33mclass[39m=[32m"relative bg-white border rounded-lg overflow-hidden transition-colors border-gray-200 hover:border-gray-300 hover:bg-gray-50"[39m
      [33mdata-testid[39m=[32m"failed-image-card-test-image-1"[39m
    [36m>[39m
      [36m<div[39m
        [33mclass[39m=[32m"absolute top-2 right-2 z-10"[39m
      [36m>[39m
        [36m<input[39m
          [33mclass[39m=[32m"rounded border-gray-300 text-blue-600 focus:ring-blue-500"[39m
          [33mdata-testid[39m=[32m"select-test-image-1"[39m
          [33mtype[39m=[32m"checkbox"[39m
        [36m/>[39m
      [36m</div>[39m
      [36m<div[39m
        [33mclass[39m=[32m"relative aspect-square"[39m
      [36m>[39m
        [36m<img[39m
          [33malt[39m=[32m"Failed image test-image-1"[39m
          [33mclass[39m=[32m"w-full h-full object-cover"[39m
          [33msrc[39m=[32m"local-file:///path/to/test-image.jpg"[39m
        [36m/>[39m
        [36m<div[39m
          [33mclass[39m=[32m"absolute top-2 left-2"[39m
        [36m>[39m
          [36m<span[39m
            [33mclass[39m=[32m"inline-flex items-center gap-1 px-2 py-1 rounded-full text-sm font-medium border bg-red-100 text-red-800 border-red-200"[39m
          [36m>[39m
            [36m<svg[39m
              [33maria-hidden[39m=[32m"true"[39m
              [33mclass[39m=[32m"w-4 h-4"[39m
              [33mfill[39m=[32m"none"[39m
              [33mstroke[39m=[32m"currentColor"[39m
              [33mviewBox[39m=[32m"0 0 24 24"[39m
            [36m>[39m
              [36m<path[39m
                [33md[39m=[32m"M12 9v4m0 4h.01M10.29 3.86L1.82 18a2 2 0 001.71 3h16.94a2 2 0 001.71-3L13.71 3.86a2 2 0 00-3.42 0z"[39m
                [33mstroke-linecap[39m=[32m"round"[39m
                [33mstroke-linejoin[39m=[32m"round"[39m
                [33mstroke-width[39m=[32m"2"[39m
              [36m/>[39m
            [36m</svg>[39m
            [0mQC Failed[0m
          [36m</span>[39m
        [36m</div>[39m
        [36m<div[39m
          [33mclass[39m=[32m"absolute inset-0 bg-black bg-opacity-0 hover:bg-opacity-40 transition-all duration-200 flex items-center justify-center opacity-0 hover:opacity-100"[39m
        [36m>[39m
          [36m<div[39m
            [33mclass[39m=[32m"flex items-center space-x-2"[39m
          [36m>[39m
            [36m<button[39m
              [33maria-label[39m=[32m"View"[39m
              [33mclass[39m=[32m"p-2 bg-gray-600 text-white rounded-full hover:bg-gray-700"[39m
              [33mtitle[39m=[32m"View"[39m
            [36m>[39m
              [36m<svg[39m
                [33mclass[39m=[32m"w-4 h-4"[39m
                [33mfill[39m=[32m"none"[39m
                [33mstroke[39m=[32m"currentColor"[39m
                [33mviewBox[39m=[32m"0 0 24 24"[39m
              [36m>[39m
                [36m<path[39m
                  [33md[39m=[32m"M15 12a3 3 0 11-6 0 3 3 0 016 0z"[39m
                  [33mstroke-linecap[39m=[32m"round"[39m
                  [33mstroke-linejoin[39m=[32m"round"[39m
                  [33mstroke-width[39m=[32m"2"[39m
                [36m/>[39m
                [36m<path[39m
                  [33md[39m=[32m"M2.458 12C3.732 7.943 7.523 5 12 5c4.478 0 8.268 2.943 9.542 7-1.274 4.057-5.064 7-9.542 7-4.477 0-8.268-2.943-9.542-7z"[39m
                  [33mstroke-linecap[39m=[32m"round"[39m
                  [33mstroke-linejoin[39m=[32m"round"[39m
                  [33mstroke-width[39m=[32m"2"[39m
                [36m/>[39m
              [36m</svg>[39m
            [36m</button>[39m
            [36m<button[39m
              [33maria-label[39m=[32m"Approve"[39m
              [33mclass[39m=[32m"p-2 bg-green-600 text-white rounded-full hover:bg-green-700"[39m
              [33mtitle[39m=[32m"Approve"[39m
            [36m>[39m
              [36m<svg[39m
                [33mclass[39m=[32m"w-4 h-4"[39m
                [33mfill[39m=[32m"none"[39m
                [33mstroke[39m=[32m"currentColor"[39m
                [33mviewBox[39m=[32m"0 0 24 24"[39m
              [36m>[39m
                [36m<path[39m
                  [33md[39m=[32m"M5 13l4 4L19 7"[39m
                  [33mstroke-linecap[39m=[32m"round"[39m
                  [33mstroke-linejoin[39m=[32m"round"[39m
                  [33mstroke-width[39m=[32m"2"[39m
                [36m/>[39m
              [36m</svg>[39m
            [36m</button>[39m
            [36m<button[39m
              [33maria-label[39m=[32m"Add to Retry"[39m
              [33mclass[39m=[32m"p-2 bg-blue-600 text-white rounded-full hover:bg-blue-700"[39m
              [33mtitle[39m=[32m"Add to Retry"[39m
            [36m>[39m
              [36m<svg[39m
                [33mclass[39m=[32m"w-4 h-4"[39m
                [33mfill[39m=[32m"none"[39m
                [33mstroke[39m=[32m"currentColor"[39m
                [33mstroke-linecap[39m=[32m"round"[39m
                [33mstroke-linejoin[39m=[32m"round"[39m
                [33mstroke-width[39m=[32m"2"[39m
                [33mviewBox[39m=[32m"0 0 24 24"[39m
              [36m>[39m
                [36m<path[39m
                  [33md[39m=[32m"m15 14 5-5-5-5"[39m
                [36m/>[39m
                [36m<path[39m
                  [33md[39m=[32m"M20 9H9.5A5.5 5.5 0 0 0 4 14.5 5.5 5.5 0 0 0 9.5 20H13"[39m
                [36m/>[39m
              [36m</svg>[39m
            [36m</button>[39m
            [36m<button[39m
              [33maria-label[39m=[32m"Delete"[39m
              [33mclass[39m=[32m"p-2 bg-red-600 text-white rounded-full hover:bg-red-700"[39m
              [33mtitle[39m=[32m"Delete"[39m
            [36m>[39m
              [36m<svg[39m
                [33mclass[39m=[32m"w-4 h-4"[39m
                [33mfill[39m=[32m"none"[39m
                [33mstroke[39m=[32m"currentColor"[39m
                [33mviewBox[39m=[32m"0 0 24 24"[39m
              [36m>[39m
                [36m<path[39m
                  [33md[39m=[32m"M19 7l-.867 12.142A2 2 0 0116.138 21H7.862a2 2 0 01-1.995-1.858L5 7m5 4v6m4-6v6m1-10V4a1 1 0 00-1-1h-4a1 1 0 00-1 1v3M4 7h16"[39m
                  [33mstroke-linecap[39m=[32m"round"[39m
                  [33mstroke-linejoin[39m=[32m"round"[39m
                  [33mstroke-width[39m=[32m"2"[39m
                [36m/>[39m
              [36m</svg>[39m
            [36m</button>[39m
          [36m</div>[39m
        [36m</div>[39m
      [36m</div>[39m
      [36m<div[39m
        [33mclass[39m=[32m"p-3"[39m
      [36m>[39m
        [36m<div[39m
          [33mclass[39m=[32m"text-xs font-medium text-gray-900 truncate"[39m
          [33mtitle[39m=[32m"Mountain Sunset"[39m
        [36m>[39m
          [0mMountain Sunset[0m
        [36m</div>[39m
        [36m<div[39m
          [33mclass[39m=[32m"text-xs text-red-600 mb-2 p-2 bg-red-50 rounded border border-red-200"[39m
        [36m>[39m
          [36m<strong>[39m
            [0mFailure:[0m
          [36m</strong>[39m
          [0m [0m
          [0mPoor image quality - too dark and blurry[0m
        [36m</div>[39m
        [36m<div[39m
          [33mclass[39m=[32m"text-xs text-gray-500 truncate mb-2"[39m
          [33mtitle[39m=[32m"Job exec-123"[39m
        [36m>[39m
          [0mJob exec-123[0m
        [36m</div>[39m
        [36m<div[39m
          [33mclass[39m=[32m"flex items-center justify-between text-xs text-gray-500 mb-3"[39m
        [36m>[39m
          [36m<div[39m
            [33mclass[39m=[32m"flex items-center space-x-2"[39m
          [36m>[39m
            [36m<span[39m
              [33mclass[39m=[32m"font-mono"[39m
              [33mtitle[39m=[32m"Seed: 12345"[39m
            [36m>[39m
              [0m12345[0m
            [36m</span>[39m
          [36m</div>[39m
          [36m<div[39m
            [33mtitle[39m=[32m"1/15/2024"[39m
          [36m>[39m
            [0m1/15/2024[0m
          [36m</div>[39m
        [36m</div>[39m
      [36m</div>[39m
    [36m</div>[39m
  [36m</div>[39m
[36m</body>[39m
   ✓ FailedImageCard > Performance Considerations > renders efficiently with large datasets 5ms
   × FailedImageCard > Performance Considerations > handles image load events efficiently 8ms
     → Unable to find an element with the alt text: A beautiful sunset over mountains with dramatic clouds

Ignored nodes: comments, script, style
[36m<body>[39m
  [36m<div>[39m
    [36m<div[39m
      [33mclass[39m=[32m"relative bg-white border rounded-lg overflow-hidden transition-colors border-gray-200 hover:border-gray-300 hover:bg-gray-50"[39m
      [33mdata-testid[39m=[32m"failed-image-card-test-image-1"[39m
    [36m>[39m
      [36m<div[39m
        [33mclass[39m=[32m"absolute top-2 right-2 z-10"[39m
      [36m>[39m
        [36m<input[39m
          [33mclass[39m=[32m"rounded border-gray-300 text-blue-600 focus:ring-blue-500"[39m
          [33mdata-testid[39m=[32m"select-test-image-1"[39m
          [33mtype[39m=[32m"checkbox"[39m
        [36m/>[39m
      [36m</div>[39m
      [36m<div[39m
        [33mclass[39m=[32m"relative aspect-square"[39m
      [36m>[39m
        [36m<img[39m
          [33malt[39m=[32m"Failed image test-image-1"[39m
          [33mclass[39m=[32m"w-full h-full object-cover"[39m
          [33msrc[39m=[32m"local-file:///path/to/test-image.jpg"[39m
        [36m/>[39m
        [36m<div[39m
          [33mclass[39m=[32m"absolute top-2 left-2"[39m
        [36m>[39m
          [36m<span[39m
            [33mclass[39m=[32m"inline-flex items-center gap-1 px-2 py-1 rounded-full text-sm font-medium border bg-red-100 text-red-800 border-red-200"[39m
          [36m>[39m
            [36m<svg[39m
              [33maria-hidden[39m=[32m"true"[39m
              [33mclass[39m=[32m"w-4 h-4"[39m
              [33mfill[39m=[32m"none"[39m
              [33mstroke[39m=[32m"currentColor"[39m
              [33mviewBox[39m=[32m"0 0 24 24"[39m
            [36m>[39m
              [36m<path[39m
                [33md[39m=[32m"M12 9v4m0 4h.01M10.29 3.86L1.82 18a2 2 0 001.71 3h16.94a2 2 0 001.71-3L13.71 3.86a2 2 0 00-3.42 0z"[39m
                [33mstroke-linecap[39m=[32m"round"[39m
                [33mstroke-linejoin[39m=[32m"round"[39m
                [33mstroke-width[39m=[32m"2"[39m
              [36m/>[39m
            [36m</svg>[39m
            [0mQC Failed[0m
          [36m</span>[39m
        [36m</div>[39m
        [36m<div[39m
          [33mclass[39m=[32m"absolute inset-0 bg-black bg-opacity-0 hover:bg-opacity-40 transition-all duration-200 flex items-center justify-center opacity-0 hover:opacity-100"[39m
        [36m>[39m
          [36m<div[39m
            [33mclass[39m=[32m"flex items-center space-x-2"[39m
          [36m>[39m
            [36m<button[39m
              [33maria-label[39m=[32m"View"[39m
              [33mclass[39m=[32m"p-2 bg-gray-600 text-white rounded-full hover:bg-gray-700"[39m
              [33mtitle[39m=[32m"View"[39m
            [36m>[39m
              [36m<svg[39m
                [33mclass[39m=[32m"w-4 h-4"[39m
                [33mfill[39m=[32m"none"[39m
                [33mstroke[39m=[32m"currentColor"[39m
                [33mviewBox[39m=[32m"0 0 24 24"[39m
              [36m>[39m
                [36m<path[39m
                  [33md[39m=[32m"M15 12a3 3 0 11-6 0 3 3 0 016 0z"[39m
                  [33mstroke-linecap[39m=[32m"round"[39m
                  [33mstroke-linejoin[39m=[32m"round"[39m
                  [33mstroke-width[39m=[32m"2"[39m
                [36m/>[39m
                [36m<path[39m
                  [33md[39m=[32m"M2.458 12C3.732 7.943 7.523 5 12 5c4.478 0 8.268 2.943 9.542 7-1.274 4.057-5.064 7-9.542 7-4.477 0-8.268-2.943-9.542-7z"[39m
                  [33mstroke-linecap[39m=[32m"round"[39m
                  [33mstroke-linejoin[39m=[32m"round"[39m
                  [33mstroke-width[39m=[32m"2"[39m
                [36m/>[39m
              [36m</svg>[39m
            [36m</button>[39m
            [36m<button[39m
              [33maria-label[39m=[32m"Approve"[39m
              [33mclass[39m=[32m"p-2 bg-green-600 text-white rounded-full hover:bg-green-700"[39m
              [33mtitle[39m=[32m"Approve"[39m
            [36m>[39m
              [36m<svg[39m
                [33mclass[39m=[32m"w-4 h-4"[39m
                [33mfill[39m=[32m"none"[39m
                [33mstroke[39m=[32m"currentColor"[39m
                [33mviewBox[39m=[32m"0 0 24 24"[39m
              [36m>[39m
                [36m<path[39m
                  [33md[39m=[32m"M5 13l4 4L19 7"[39m
                  [33mstroke-linecap[39m=[32m"round"[39m
                  [33mstroke-linejoin[39m=[32m"round"[39m
                  [33mstroke-width[39m=[32m"2"[39m
                [36m/>[39m
              [36m</svg>[39m
            [36m</button>[39m
            [36m<button[39m
              [33maria-label[39m=[32m"Add to Retry"[39m
              [33mclass[39m=[32m"p-2 bg-blue-600 text-white rounded-full hover:bg-blue-700"[39m
              [33mtitle[39m=[32m"Add to Retry"[39m
            [36m>[39m
              [36m<svg[39m
                [33mclass[39m=[32m"w-4 h-4"[39m
                [33mfill[39m=[32m"none"[39m
                [33mstroke[39m=[32m"currentColor"[39m
                [33mstroke-linecap[39m=[32m"round"[39m
                [33mstroke-linejoin[39m=[32m"round"[39m
                [33mstroke-width[39m=[32m"2"[39m
                [33mviewBox[39m=[32m"0 0 24 24"[39m
              [36m>[39m
                [36m<path[39m
                  [33md[39m=[32m"m15 14 5-5-5-5"[39m
                [36m/>[39m
                [36m<path[39m
                  [33md[39m=[32m"M20 9H9.5A5.5 5.5 0 0 0 4 14.5 5.5 5.5 0 0 0 9.5 20H13"[39m
                [36m/>[39m
              [36m</svg>[39m
            [36m</button>[39m
            [36m<button[39m
              [33maria-label[39m=[32m"Delete"[39m
              [33mclass[39m=[32m"p-2 bg-red-600 text-white rounded-full hover:bg-red-700"[39m
              [33mtitle[39m=[32m"Delete"[39m
            [36m>[39m
              [36m<svg[39m
                [33mclass[39m=[32m"w-4 h-4"[39m
                [33mfill[39m=[32m"none"[39m
                [33mstroke[39m=[32m"currentColor"[39m
                [33mviewBox[39m=[32m"0 0 24 24"[39m
              [36m>[39m
                [36m<path[39m
                  [33md[39m=[32m"M19 7l-.867 12.142A2 2 0 0116.138 21H7.862a2 2 0 01-1.995-1.858L5 7m5 4v6m4-6v6m1-10V4a1 1 0 00-1-1h-4a1 1 0 00-1 1v3M4 7h16"[39m
                  [33mstroke-linecap[39m=[32m"round"[39m
                  [33mstroke-linejoin[39m=[32m"round"[39m
                  [33mstroke-width[39m=[32m"2"[39m
                [36m/>[39m
              [36m</svg>[39m
            [36m</button>[39m
          [36m</div>[39m
        [36m</div>[39m
      [36m</div>[39m
      [36m<div[39m
        [33mclass[39m=[32m"p-3"[39m
      [36m>[39m
        [36m<div[39m
          [33mclass[39m=[32m"text-xs font-medium text-gray-900 truncate"[39m
          [33mtitle[39m=[32m"Mountain Sunset"[39m
        [36m>[39m
          [0mMountain Sunset[0m
        [36m</div>[39m
        [36m<div[39m
          [33mclass[39m=[32m"text-xs text-red-600 mb-2 p-2 bg-red-50 rounded border border-red-200"[39m
        [36m>[39m
          [36m<strong>[39m
            [0mFailure:[0m
          [36m</strong>[39m
          [0m [0m
          [0mPoor image quality - too dark and blurry[0m
        [36m</div>[39m
        [36m<div[39m
          [33mclass[39m=[32m"text-xs text-gray-500 truncate mb-2"[39m
          [33mtitle[39m=[32m"Job exec-123"[39m
        [36m>[39m
          [0mJob exec-123[0m
        [36m</div>[39m
        [36m<div[39m
          [33mclass[39m=[32m"flex items-center justify-between text-xs text-gray-500 mb-3"[39m
        [36m>[39m
          [36m<div[39m
            [33mclass[39m=[32m"flex items-center space-x-2"[39m
          [36m>[39m
            [36m<span[39m
              [33mclass[39m=[32m"font-mono"[39m
              [33mtitle[39m=[32m"Seed: 12345"[39m
            [36m>[39m
              [0m12345[0m
            [36m</span>[39m
          [36m</div>[39m
          [36m<div[39m
            [33mtitle[39m=[32m"1/15/2024"[39m
          [36m>[39m
            [0m1/15/2024[0m
          [36m</div>[39m
        [36m</div>[39m
      [36m</div>[39m
    [36m</div>[39m
  [36m</div>[39m
[36m</body>[39m
 ❯ tests/integration/api/FailedImagesReview.IPC.integration.test.ts (5 tests | 2 failed) 1173ms
   ✓ Failed Images Review - IPC Integration > registers IPC handlers for failed images review channels  660ms
   × Failed Images Review - IPC Integration > handles retry batch via IPC with original settings 161ms
     → expected false to be true // Object.is equality
   ✓ Failed Images Review - IPC Integration > rejects retry batch via IPC with original settings if mixed jobs 125ms
   × Failed Images Review - IPC Integration > handles retry batch via IPC with modified settings 115ms
     → expected false to be true // Object.is equality
   ✓ Failed Images Review - IPC Integration > updates QC status via IPC and deletes via IPC 109ms
 ❯ src/renderer/components/Jobs/__tests__/JobTable.test.tsx (23 tests | 3 failed) 963ms
   ✓ JobTable > renders job table with correct headers 197ms
   ✓ JobTable > renders all jobs in the table 30ms
   ✓ JobTable > displays job status badges with correct colors 30ms
   ✓ JobTable > handles job selection correctly 124ms
   ✓ JobTable > handles select all functionality 44ms
   ✓ JobTable > shows indeterminate state when some jobs are selected 48ms
   × JobTable > handles inline editing of job labels 67ms
     → Unable to find an element with the display value: Test Job 1.

Ignored nodes: comments, script, style
[36m<body>[39m
  [36m<div>[39m
    [36m<div[39m
      [33mclass[39m=[32m"bg-white rounded-lg shadow overflow-hidden"[39m
    [36m>[39m
      [36m<div[39m
        [33mclass[39m=[32m"px-6 py-4 border-b border-gray-200"[39m
      [36m>[39m
        [36m<h3[39m
          [33mclass[39m=[32m"text-lg font-medium text-gray-900"[39m
          [33mid[39m=[32m"job-table-title"[39m
        [36m>[39m
          [0mJob Executions[0m
        [36m</h3>[39m
        [36m<p[39m
          [33mclass[39m=[32m"text-sm text-gray-500 mt-1"[39m
        [36m>[39m
          [0mShowing [0m
          [0m3[0m
          [0m of [0m
          [0m3[0m
          [0m jobs on page [0m
          [0m1[0m
          [0m of [0m
          [0m1[0m
        [36m</p>[39m
      [36m</div>[39m
      [36m<div[39m
        [33mclass[39m=[32m"overflow-x-auto"[39m
      [36m>[39m
        [36m<table[39m
          [33maria-describedby[39m=[32m"job-table-description"[39m
          [33maria-labelledby[39m=[32m"job-table-title"[39m
          [33mclass[39m=[32m"min-w-full divide-y divide-gray-200"[39m
          [33mrole[39m=[32m"table"[39m
        [36m>[39m
          [36m<caption[39m
            [33mclass[39m=[32m"sr-only"[39m
            [33mid[39m=[32m"job-table-description"[39m
          [36m>[39m
            [0mTable of job executions with selection, sorting, and inline editing capabilities[0m
          [36m</caption>[39m
          [36m<thead[39m
            [33mclass[39m=[32m"bg-gray-50"[39m
          [36m>[39m
            [36m<tr>[39m
              [36m<th[39m
                [33mclass[39m=[32m"px-6 py-3 text-left text-xs font-medium text-gray-500 uppercase tracking-wider"[39m
                [33mscope[39m=[32m"col"[39m
              [36m>[39m
                [36m<label[39m
                  [33mclass[39m=[32m"flex items-center"[39m
                [36m>[39m
                  [36m<input[39m
                    [33maria-label[39m=[32m"Select all jobs on this page"[39m
                    [33mclass[39m=[32m"rounded border-gray-300 text-blue-600 focus:ring-blue-500"[39m
                    [33mtype[39m=[32m"checkbox"[39m
                  [36m/>[39m
                  [36m<span[39m
                    [33mclass[39m=[32m"sr-only"[39m
                  [36m>[39m
                    [0mSelect all[0m
                  [36m</span>[39m
                [36m</label>[39m
              [36m</th>[39m
              [36m<th[39m
                [33maria-label[39m=[32m"Sort by Label ascending"[39m
                [33maria-sort[39m=[32m"none"[39m
                [33mclass[39m=[32m"px-6 py-3 text-left text-xs font-medium text-gray-500 uppercase tracking-wider cursor-pointer hover:bg-gray-100"[39m
                [33mrole[39m=[32m"button"[39m
                [33mscope[39m=[32m"col"[39m
                [33mtabindex[39m=[32m"0"[39m
              [36m>[39m
                [36m<div[39m
                  [33mclass[39m=[32m"flex items-center space-x-1"[39m
                [36m>[39m
                  [36m<span>[39m
                    [0mLabel[0m
                  [36m</span>[39m
                  [36m<span[39m
                    [33maria-hidden[39m=[32m"true"[39m
                    [33mclass[39m=[32m"text-gray-400"[39m
                  [36m>[39m
                    [0m️[0m
                  [36m</span>[39m
                [36m</div>[39m
              [36m</th>[39m
              [36m<th[39m
                [33maria-label[39m=[32m"Sort by Status ascending"[39m
                [33maria-sort[39m=[32m"none"[39m
                [33mclass[39m=[32m"px-6 py-3 text-left text-xs font-medium text-gray-500 uppercase tracking-wider cursor-pointer hover:bg-gray-100"[39m
                [33mrole[39m=[32m"button"[39m
                [33mscope[39m=[32m"col"[39m
                [33mtabindex[39m=[32m"0"[39m
              [36m>[39m
                [36m<div[39m
                  [33mclass[39m=[32m"flex items-center space-x-1"[39m
                [36m>[39m
                  [36m<span>[39m
                    [0mStatus[0m
                  [36m</span>[39m
                  [36m<span[39m
                    [33maria-hidden[39m=[32m"true"[39m
                    [33mclass[39m=[32m"text-gray-400"[39m
                  [36m>[39m
                    [0m️[0m
                  [36m</span>[39m
                [36m</div>[39m
              [36m</th>[39m
              [36m<th[39m
                [33maria-label[39m=[32m"Sort by Created ascending"[39m
                [33maria-sort[39m=[32m"descending"[39m
                [33mclass[39m=[32m"px-6 py-3 text-left text-xs font-medium text-gray-500 uppercase tracking-wider cursor-pointer hover:bg-gray-100"[39m
                [33mrole[39m=[32m"button"[39m
                [33mscope[39m=[32m"col"[39m
                [33mtabindex[39m=[32m"0"[39m
              [36m>[39m
                [36m<div[39m
                  [33mclass[39m=[32m"flex items-center space-x-1"[39m
                [36m>[39m
                  [36m<span>[39m
                    [0mCreated[0m
                  [36m</span>[39m
                  [36m<span[39m
                    [33maria-hidden[39m=[32m"true"[39m
                    [33mclass[39m=[32m"text-gray-400"[39m
                  [36m>[39m
                    [0m↓[0m
                  [36m</span>[39m
                [36m</div>[39m
              [36m</th>[39m
              [36m<th[39m
                [33maria-label[39m=[32m"Sort by Duration ascending"[39m
                [33maria-sort[39m=[32m"none"[39m
                [33mclass[39m=[32m"px-6 py-3 text-left text-xs font-medium text-gray-500 uppercase tracking-wider cursor-pointer hover:bg-gray-100"[39m
                [33mrole[39m=[32m"button"[39m
                [33mscope[39m=[32m"col"[39m
                [33mtabindex[39m=[32m"0"[39m
              [36m>[39m
                [36m<div[39m
                  [33mclass[39m=[32m"flex items-center space-x-1"[39m
                [36m>[39m
                  [36m<span>[39m
                    [0mDuration[0m
                  [36m</span>[39m
                  [36m<span[39m
                    [33maria-hidden[39m=[32m"true"[39m
                    [33mclass[39m=[32m"text-gray-400"[39m
                  [36m>[39m
                    [0m️[0m
                  [36m</span>[39m
                [36m</div>[39m
              [36m</th>[39m
              [36m<th[39m
                [33maria-label[39m=[32m"Sort by Images ascending"[39m
                [33maria-sort[39m=[32m"none"[39m
                [33mclass[39m=[32m"px-6 py-3 text-left text-xs font-medium text-gray-500 uppercase tracking-wider cursor-pointer hover:bg-gray...
   × JobTable > handles inline editing cancellation 25ms
     → Unable to find an element with the display value: Test Job 1.

Ignored nodes: comments, script, style
[36m<body>[39m
  [36m<div>[39m
    [36m<div[39m
      [33mclass[39m=[32m"bg-white rounded-lg shadow overflow-hidden"[39m
    [36m>[39m
      [36m<div[39m
        [33mclass[39m=[32m"px-6 py-4 border-b border-gray-200"[39m
      [36m>[39m
        [36m<h3[39m
          [33mclass[39m=[32m"text-lg font-medium text-gray-900"[39m
          [33mid[39m=[32m"job-table-title"[39m
        [36m>[39m
          [0mJob Executions[0m
        [36m</h3>[39m
        [36m<p[39m
          [33mclass[39m=[32m"text-sm text-gray-500 mt-1"[39m
        [36m>[39m
          [0mShowing [0m
          [0m3[0m
          [0m of [0m
          [0m3[0m
          [0m jobs on page [0m
          [0m1[0m
          [0m of [0m
          [0m1[0m
        [36m</p>[39m
      [36m</div>[39m
      [36m<div[39m
        [33mclass[39m=[32m"overflow-x-auto"[39m
      [36m>[39m
        [36m<table[39m
          [33maria-describedby[39m=[32m"job-table-description"[39m
          [33maria-labelledby[39m=[32m"job-table-title"[39m
          [33mclass[39m=[32m"min-w-full divide-y divide-gray-200"[39m
          [33mrole[39m=[32m"table"[39m
        [36m>[39m
          [36m<caption[39m
            [33mclass[39m=[32m"sr-only"[39m
            [33mid[39m=[32m"job-table-description"[39m
          [36m>[39m
            [0mTable of job executions with selection, sorting, and inline editing capabilities[0m
          [36m</caption>[39m
          [36m<thead[39m
            [33mclass[39m=[32m"bg-gray-50"[39m
          [36m>[39m
            [36m<tr>[39m
              [36m<th[39m
                [33mclass[39m=[32m"px-6 py-3 text-left text-xs font-medium text-gray-500 uppercase tracking-wider"[39m
                [33mscope[39m=[32m"col"[39m
              [36m>[39m
                [36m<label[39m
                  [33mclass[39m=[32m"flex items-center"[39m
                [36m>[39m
                  [36m<input[39m
                    [33maria-label[39m=[32m"Select all jobs on this page"[39m
                    [33mclass[39m=[32m"rounded border-gray-300 text-blue-600 focus:ring-blue-500"[39m
                    [33mtype[39m=[32m"checkbox"[39m
                  [36m/>[39m
                  [36m<span[39m
                    [33mclass[39m=[32m"sr-only"[39m
                  [36m>[39m
                    [0mSelect all[0m
                  [36m</span>[39m
                [36m</label>[39m
              [36m</th>[39m
              [36m<th[39m
                [33maria-label[39m=[32m"Sort by Label ascending"[39m
                [33maria-sort[39m=[32m"none"[39m
                [33mclass[39m=[32m"px-6 py-3 text-left text-xs font-medium text-gray-500 uppercase tracking-wider cursor-pointer hover:bg-gray-100"[39m
                [33mrole[39m=[32m"button"[39m
                [33mscope[39m=[32m"col"[39m
                [33mtabindex[39m=[32m"0"[39m
              [36m>[39m
                [36m<div[39m
                  [33mclass[39m=[32m"flex items-center space-x-1"[39m
                [36m>[39m
                  [36m<span>[39m
                    [0mLabel[0m
                  [36m</span>[39m
                  [36m<span[39m
                    [33maria-hidden[39m=[32m"true"[39m
                    [33mclass[39m=[32m"text-gray-400"[39m
                  [36m>[39m
                    [0m️[0m
                  [36m</span>[39m
                [36m</div>[39m
              [36m</th>[39m
              [36m<th[39m
                [33maria-label[39m=[32m"Sort by Status ascending"[39m
                [33maria-sort[39m=[32m"none"[39m
                [33mclass[39m=[32m"px-6 py-3 text-left text-xs font-medium text-gray-500 uppercase tracking-wider cursor-pointer hover:bg-gray-100"[39m
                [33mrole[39m=[32m"button"[39m
                [33mscope[39m=[32m"col"[39m
                [33mtabindex[39m=[32m"0"[39m
              [36m>[39m
                [36m<div[39m
                  [33mclass[39m=[32m"flex items-center space-x-1"[39m
                [36m>[39m
                  [36m<span>[39m
                    [0mStatus[0m
                  [36m</span>[39m
                  [36m<span[39m
                    [33maria-hidden[39m=[32m"true"[39m
                    [33mclass[39m=[32m"text-gray-400"[39m
                  [36m>[39m
                    [0m️[0m
                  [36m</span>[39m
                [36m</div>[39m
              [36m</th>[39m
              [36m<th[39m
                [33maria-label[39m=[32m"Sort by Created ascending"[39m
                [33maria-sort[39m=[32m"descending"[39m
                [33mclass[39m=[32m"px-6 py-3 text-left text-xs font-medium text-gray-500 uppercase tracking-wider cursor-pointer hover:bg-gray-100"[39m
                [33mrole[39m=[32m"button"[39m
                [33mscope[39m=[32m"col"[39m
                [33mtabindex[39m=[32m"0"[39m
              [36m>[39m
                [36m<div[39m
                  [33mclass[39m=[32m"flex items-center space-x-1"[39m
                [36m>[39m
                  [36m<span>[39m
                    [0mCreated[0m
                  [36m</span>[39m
                  [36m<span[39m
                    [33maria-hidden[39m=[32m"true"[39m
                    [33mclass[39m=[32m"text-gray-400"[39m
                  [36m>[39m
                    [0m↓[0m
                  [36m</span>[39m
                [36m</div>[39m
              [36m</th>[39m
              [36m<th[39m
                [33maria-label[39m=[32m"Sort by Duration ascending"[39m
                [33maria-sort[39m=[32m"none"[39m
                [33mclass[39m=[32m"px-6 py-3 text-left text-xs font-medium text-gray-500 uppercase tracking-wider cursor-pointer hover:bg-gray-100"[39m
                [33mrole[39m=[32m"button"[39m
                [33mscope[39m=[32m"col"[39m
                [33mtabindex[39m=[32m"0"[39m
              [36m>[39m
                [36m<div[39m
                  [33mclass[39m=[32m"flex items-center space-x-1"[39m
                [36m>[39m
                  [36m<span>[39m
                    [0mDuration[0m
                  [36m</span>[39m
                  [36m<span[39m
                    [33maria-hidden[39m=[32m"true"[39m
                    [33mclass[39m=[32m"text-gray-400"[39m
                  [36m>[39m
                    [0m️[0m
                  [36m</span>[39m
                [36m</div>[39m
              [36m</th>[39m
              [36m<th[39m
                [33maria-label[39m=[32m"Sort by Images ascending"[39m
                [33maria-sort[39m=[32m"none"[39m
                [33mclass[39m=[32m"px-6 py-3 text-left text-xs font-medium text-gray-500 uppercase tracking-wider cursor-pointer hover:bg-gray...
   × JobTable > handles keyboard navigation in inline editing 49ms
     → Unable to find an element with the display value: Test Job 1.

Ignored nodes: comments, script, style
[36m<body>[39m
  [36m<div>[39m
    [36m<div[39m
      [33mclass[39m=[32m"bg-white rounded-lg shadow overflow-hidden"[39m
    [36m>[39m
      [36m<div[39m
        [33mclass[39m=[32m"px-6 py-4 border-b border-gray-200"[39m
      [36m>[39m
        [36m<h3[39m
          [33mclass[39m=[32m"text-lg font-medium text-gray-900"[39m
          [33mid[39m=[32m"job-table-title"[39m
        [36m>[39m
          [0mJob Executions[0m
        [36m</h3>[39m
        [36m<p[39m
          [33mclass[39m=[32m"text-sm text-gray-500 mt-1"[39m
        [36m>[39m
          [0mShowing [0m
          [0m3[0m
          [0m of [0m
          [0m3[0m
          [0m jobs on page [0m
          [0m1[0m
          [0m of [0m
          [0m1[0m
        [36m</p>[39m
      [36m</div>[39m
      [36m<div[39m
        [33mclass[39m=[32m"overflow-x-auto"[39m
      [36m>[39m
        [36m<table[39m
          [33maria-describedby[39m=[32m"job-table-description"[39m
          [33maria-labelledby[39m=[32m"job-table-title"[39m
          [33mclass[39m=[32m"min-w-full divide-y divide-gray-200"[39m
          [33mrole[39m=[32m"table"[39m
        [36m>[39m
          [36m<caption[39m
            [33mclass[39m=[32m"sr-only"[39m
            [33mid[39m=[32m"job-table-description"[39m
          [36m>[39m
            [0mTable of job executions with selection, sorting, and inline editing capabilities[0m
          [36m</caption>[39m
          [36m<thead[39m
            [33mclass[39m=[32m"bg-gray-50"[39m
          [36m>[39m
            [36m<tr>[39m
              [36m<th[39m
                [33mclass[39m=[32m"px-6 py-3 text-left text-xs font-medium text-gray-500 uppercase tracking-wider"[39m
                [33mscope[39m=[32m"col"[39m
              [36m>[39m
                [36m<label[39m
                  [33mclass[39m=[32m"flex items-center"[39m
                [36m>[39m
                  [36m<input[39m
                    [33maria-label[39m=[32m"Select all jobs on this page"[39m
                    [33mclass[39m=[32m"rounded border-gray-300 text-blue-600 focus:ring-blue-500"[39m
                    [33mtype[39m=[32m"checkbox"[39m
                  [36m/>[39m
                  [36m<span[39m
                    [33mclass[39m=[32m"sr-only"[39m
                  [36m>[39m
                    [0mSelect all[0m
                  [36m</span>[39m
                [36m</label>[39m
              [36m</th>[39m
              [36m<th[39m
                [33maria-label[39m=[32m"Sort by Label ascending"[39m
                [33maria-sort[39m=[32m"none"[39m
                [33mclass[39m=[32m"px-6 py-3 text-left text-xs font-medium text-gray-500 uppercase tracking-wider cursor-pointer hover:bg-gray-100"[39m
                [33mrole[39m=[32m"button"[39m
                [33mscope[39m=[32m"col"[39m
                [33mtabindex[39m=[32m"0"[39m
              [36m>[39m
                [36m<div[39m
                  [33mclass[39m=[32m"flex items-center space-x-1"[39m
                [36m>[39m
                  [36m<span>[39m
                    [0mLabel[0m
                  [36m</span>[39m
                  [36m<span[39m
                    [33maria-hidden[39m=[32m"true"[39m
                    [33mclass[39m=[32m"text-gray-400"[39m
                  [36m>[39m
                    [0m️[0m
                  [36m</span>[39m
                [36m</div>[39m
              [36m</th>[39m
              [36m<th[39m
                [33maria-label[39m=[32m"Sort by Status ascending"[39m
                [33maria-sort[39m=[32m"none"[39m
                [33mclass[39m=[32m"px-6 py-3 text-left text-xs font-medium text-gray-500 uppercase tracking-wider cursor-pointer hover:bg-gray-100"[39m
                [33mrole[39m=[32m"button"[39m
                [33mscope[39m=[32m"col"[39m
                [33mtabindex[39m=[32m"0"[39m
              [36m>[39m
                [36m<div[39m
                  [33mclass[39m=[32m"flex items-center space-x-1"[39m
                [36m>[39m
                  [36m<span>[39m
                    [0mStatus[0m
                  [36m</span>[39m
                  [36m<span[39m
                    [33maria-hidden[39m=[32m"true"[39m
                    [33mclass[39m=[32m"text-gray-400"[39m
                  [36m>[39m
                    [0m️[0m
                  [36m</span>[39m
                [36m</div>[39m
              [36m</th>[39m
              [36m<th[39m
                [33maria-label[39m=[32m"Sort by Created ascending"[39m
                [33maria-sort[39m=[32m"descending"[39m
                [33mclass[39m=[32m"px-6 py-3 text-left text-xs font-medium text-gray-500 uppercase tracking-wider cursor-pointer hover:bg-gray-100"[39m
                [33mrole[39m=[32m"button"[39m
                [33mscope[39m=[32m"col"[39m
                [33mtabindex[39m=[32m"0"[39m
              [36m>[39m
                [36m<div[39m
                  [33mclass[39m=[32m"flex items-center space-x-1"[39m
                [36m>[39m
                  [36m<span>[39m
                    [0mCreated[0m
                  [36m</span>[39m
                  [36m<span[39m
                    [33maria-hidden[39m=[32m"true"[39m
                    [33mclass[39m=[32m"text-gray-400"[39m
                  [36m>[39m
                    [0m↓[0m
                  [36m</span>[39m
                [36m</div>[39m
              [36m</th>[39m
              [36m<th[39m
                [33maria-label[39m=[32m"Sort by Duration ascending"[39m
                [33maria-sort[39m=[32m"none"[39m
                [33mclass[39m=[32m"px-6 py-3 text-left text-xs font-medium text-gray-500 uppercase tracking-wider cursor-pointer hover:bg-gray-100"[39m
                [33mrole[39m=[32m"button"[39m
                [33mscope[39m=[32m"col"[39m
                [33mtabindex[39m=[32m"0"[39m
              [36m>[39m
                [36m<div[39m
                  [33mclass[39m=[32m"flex items-center space-x-1"[39m
                [36m>[39m
                  [36m<span>[39m
                    [0mDuration[0m
                  [36m</span>[39m
                  [36m<span[39m
                    [33maria-hidden[39m=[32m"true"[39m
                    [33mclass[39m=[32m"text-gray-400"[39m
                  [36m>[39m
                    [0m️[0m
                  [36m</span>[39m
                [36m</div>[39m
              [36m</th>[39m
              [36m<th[39m
                [33maria-label[39m=[32m"Sort by Images ascending"[39m
                [33maria-sort[39m=[32m"none"[39m
                [33mclass[39m=[32m"px-6 py-3 text-left text-xs font-medium text-gray-500 uppercase tracking-wider cursor-pointer hover:bg-gray...
   ✓ JobTable > handles sorting when clicking column headers 19ms
   ✓ JobTable > toggles sort direction when clicking same column 19ms
   ✓ JobTable > displays sort indicators correctly 20ms
   ✓ JobTable > handles pagination correctly 39ms
   ✓ JobTable > handles page size changes 22ms
   ✓ JobTable > formats dates correctly 25ms
   ✓ JobTable > formats duration correctly 36ms
   ✓ JobTable > displays image count correctly 17ms
   ✓ JobTable > handles empty jobs array 8ms
   ✓ JobTable > applies correct styling for selected jobs 37ms
   ✓ JobTable > handles keyboard navigation for pagination 21ms
   ✓ JobTable > prevents invalid page navigation 20ms
   ✓ JobTable > shows correct pagination info 37ms
   ✓ JobTable > handles large page sizes correctly 23ms
 ❯ src/renderer/components/Dashboard/__tests__/JobHistory.test.tsx (27 tests | 8 failed) 1123ms
   × JobHistory > renders job history with main sections 152ms
     → Unable to find an element with the text: Job History. This could be because the text is broken up by multiple elements. In this case, you can provide a function for your text matcher to make your matcher more flexible.

Ignored nodes: comments, script, style
[36m<body>[39m
  [36m<div>[39m
    [36m<div[39m
      [33mclass[39m=[32m"flex flex-col h-full min-h-0"[39m
    [36m>[39m
      [36m<div[39m
        [33mclass[39m=[32m"flex-1 overflow-y-auto space-y-3 min-h-0"[39m
        [33mrole[39m=[32m"list"[39m
      [36m>[39m
        [36m<div[39m
          [33maria-label[39m=[32m"Test Job 3 - running"[39m
          [33mclass[39m=[32m"bg-white border rounded-lg p-4 cursor-pointer transition-colors border-gray-200 hover:border-gray-300 hover:bg-gray-50"[39m
          [33mrole[39m=[32m"listitem"[39m
          [33mtabindex[39m=[32m"0"[39m
        [36m>[39m
          [36m<div[39m
            [33mclass[39m=[32m"flex items-center justify-between"[39m
          [36m>[39m
            [36m<div[39m
              [33mclass[39m=[32m"flex items-center space-x-3"[39m
            [36m>[39m
              [36m<svg[39m
                [33mclass[39m=[32m"w-5 h-5 text-blue-600 animate-spin"[39m
                [33mfill[39m=[32m"none"[39m
                [33mstroke[39m=[32m"currentColor"[39m
                [33mviewBox[39m=[32m"0 0 24 24"[39m
              [36m>[39m
                [36m<path[39m
                  [33md[39m=[32m"M3 12a9 9 0 0 1 9-9 9.75 9.75 0 0 1 6.74 2.74L21 8"[39m
                [36m/>[39m
                [36m<path[39m
                  [33md[39m=[32m"M21 3v5h-5"[39m
                [36m/>[39m
                [36m<path[39m
                  [33md[39m=[32m"M21 12a9 9 0 0 1-9 9 9.75 9.75 0 0 1-6.74-2.74L3 16"[39m
                [36m/>[39m
                [36m<path[39m
                  [33md[39m=[32m"M8 16H3v5"[39m
                [36m/>[39m
              [36m</svg>[39m
              [36m<div>[39m
                [36m<h3[39m
                  [33mclass[39m=[32m"font-medium text-gray-900"[39m
                [36m>[39m
                  [0mTest Job 3[0m
                [36m</h3>[39m
                [36m<div[39m
                  [33mclass[39m=[32m"text-xs text-gray-500 mb-1"[39m
                [36m>[39m
                  [0mJob ID: [0m
                  [0mjob-3[0m
                [36m</div>[39m
                [36m<div[39m
                  [33mclass[39m=[32m"flex items-center space-x-4 text-sm text-gray-500"[39m
                [36m>[39m
                  [36m<span>[39m
                    [0mJan 1, 2024[0m
                  [36m</span>[39m
                  [36m<span[39m
                    [33mclass[39m=[32m"inline-flex items-center gap-1 px-2 py-1 rounded-full text-sm font-medium border bg-blue-100 text-blue-800 border-blue-200"[39m
                  [36m>[39m
                    [36m<svg[39m
                      [33maria-hidden[39m=[32m"true"[39m
                      [33mclass[39m=[32m"w-4 h-4"[39m
                      [33mfill[39m=[32m"none"[39m
                      [33mstroke[39m=[32m"currentColor"[39m
                      [33mviewBox[39m=[32m"0 0 24 24"[39m
                    [36m>[39m
                      [36m<path[39m
                        [33md[39m=[32m"M3 12a9 9 0 0 1 9-9 9.75 9.75 0 0 1 6.74 2.74L21 8"[39m
                      [36m/>[39m
                      [36m<path[39m
                        [33md[39m=[32m"M21 3v5h-5"[39m
                      [36m/>[39m
                      [36m<path[39m
                        [33md[39m=[32m"M21 12a9 9 0 0 1-9 9 9.75 9.75 0 0 1-6.74-2.74L3 16"[39m
                      [36m/>[39m
                      [36m<path[39m
                        [33md[39m=[32m"M8 16H3v5"[39m
                      [36m/>[39m
                    [36m</svg>[39m
                    [0mProcessing[0m
                  [36m</span>[39m
                [36m</div>[39m
              [36m</div>[39m
            [36m</div>[39m
            [36m<div[39m
              [33mclass[39m=[32m"flex items-center space-x-4 text-sm text-gray-600"[39m
            [36m>[39m
              [36m<div[39m
                [33mclass[39m=[32m"text-center"[39m
              [36m>[39m
                [36m<div[39m
                  [33mclass[39m=[32m"font-medium"[39m
                [36m>[39m
                  [0mRunning[0m
                [36m</div>[39m
                [36m<div[39m
                  [33mclass[39m=[32m"text-xs"[39m
                [36m>[39m
                  [0mProcessing images[0m
                [36m</div>[39m
              [36m</div>[39m
              [36m<div>[39m
                [36m<span[39m
                  [33mclass[39m=[32m"font-medium"[39m
                [36m>[39m
                  [0mImages:[0m
                [36m</span>[39m
                [36m<div>[39m
                  [0m0[0m
                  [0m total ([0m
                  [0m0[0m
                  [0m successful, [0m
                  [0m0[0m
                  [0m failed)[0m
                [36m</div>[39m
              [36m</div>[39m
              [36m<div[39m
                [33mclass[39m=[32m"flex items-center space-x-2"[39m
              [36m>[39m
                [36m<button[39m
                  [33mclass[39m=[32m"p-1 text-gray-400 hover:text-blue-600 transition-colors"[39m
                  [33mtitle[39m=[32m"View job details"[39m
                [36m>[39m
                  [36m<svg[39m
                    [33mclass[39m=[32m"w-4 h-4"[39m
                    [33mfill[39m=[32m"none"[39m
                    [33mstroke[39m=[32m"currentColor"[39m
                    [33mviewBox[39m=[32m"0 0 24 24"[39m
                  [36m>[39m
                    [36m<path[39m
                      [33md[39m=[32m"M15 12a3 3 0 11-6 0 3 3 0 016 0z"[39m
                      [33mstroke-linecap[39m=[32m"round"[39m
                      [33mstroke-linejoin[39m=[32m"round"[39m
                      [33mstroke-width[39m=[32m"2"[39m
                    [36m/>[39m
                    [36m<path[39m
                      [33md[39m=[32m"M2.458 12C3.732 7.943 7.523 5 12 5c4.478 0 8.268 2.943 9.542 7-1.274 4.057-5.064 7-9.542 7-4.477 0-8.268-2.943-9.542-7z"[39m
                      [33mstroke-linecap[39m=[32m"round"[39m
                      [33mstroke-linejoin[39m=[32m"round"[39m
                      [33mstroke-width[39m=[32m"2"[39m
                    [36m/>[39m
                  [36m</svg>[39m
                [36m</button>[39m
                [36m<button[39m
                  [33mclass[39m=[32m"p-1 text-gray-400 hover:text-green-600 transition-colors"[39m
                  [33mtitle[39m=[32m"Export to Excel"[39m
                [36m>[39m
                  [36m<svg[39m
                    [33mclass[39m=[32m"w-4 h-4"[39m
                    [33mfill[39m=[32m"none"[39m
                    [33mstroke[39m=[32m"currentColor"[39m
                    [33mviewBox[39...
   × JobHistory > displays job status correctly 32ms
     → Unable to find an element with the text: completed. This could be because the text is broken up by multiple elements. In this case, you can provide a function for your text matcher to make your matcher more flexible.

Ignored nodes: comments, script, style
[36m<body>[39m
  [36m<div>[39m
    [36m<div[39m
      [33mclass[39m=[32m"flex flex-col h-full min-h-0"[39m
    [36m>[39m
      [36m<div[39m
        [33mclass[39m=[32m"flex-1 overflow-y-auto space-y-3 min-h-0"[39m
        [33mrole[39m=[32m"list"[39m
      [36m>[39m
        [36m<div[39m
          [33maria-label[39m=[32m"Test Job 3 - running"[39m
          [33mclass[39m=[32m"bg-white border rounded-lg p-4 cursor-pointer transition-colors border-gray-200 hover:border-gray-300 hover:bg-gray-50"[39m
          [33mrole[39m=[32m"listitem"[39m
          [33mtabindex[39m=[32m"0"[39m
        [36m>[39m
          [36m<div[39m
            [33mclass[39m=[32m"flex items-center justify-between"[39m
          [36m>[39m
            [36m<div[39m
              [33mclass[39m=[32m"flex items-center space-x-3"[39m
            [36m>[39m
              [36m<svg[39m
                [33mclass[39m=[32m"w-5 h-5 text-blue-600 animate-spin"[39m
                [33mfill[39m=[32m"none"[39m
                [33mstroke[39m=[32m"currentColor"[39m
                [33mviewBox[39m=[32m"0 0 24 24"[39m
              [36m>[39m
                [36m<path[39m
                  [33md[39m=[32m"M3 12a9 9 0 0 1 9-9 9.75 9.75 0 0 1 6.74 2.74L21 8"[39m
                [36m/>[39m
                [36m<path[39m
                  [33md[39m=[32m"M21 3v5h-5"[39m
                [36m/>[39m
                [36m<path[39m
                  [33md[39m=[32m"M21 12a9 9 0 0 1-9 9 9.75 9.75 0 0 1-6.74-2.74L3 16"[39m
                [36m/>[39m
                [36m<path[39m
                  [33md[39m=[32m"M8 16H3v5"[39m
                [36m/>[39m
              [36m</svg>[39m
              [36m<div>[39m
                [36m<h3[39m
                  [33mclass[39m=[32m"font-medium text-gray-900"[39m
                [36m>[39m
                  [0mTest Job 3[0m
                [36m</h3>[39m
                [36m<div[39m
                  [33mclass[39m=[32m"text-xs text-gray-500 mb-1"[39m
                [36m>[39m
                  [0mJob ID: [0m
                  [0mjob-3[0m
                [36m</div>[39m
                [36m<div[39m
                  [33mclass[39m=[32m"flex items-center space-x-4 text-sm text-gray-500"[39m
                [36m>[39m
                  [36m<span>[39m
                    [0mJan 1, 2024[0m
                  [36m</span>[39m
                  [36m<span[39m
                    [33mclass[39m=[32m"inline-flex items-center gap-1 px-2 py-1 rounded-full text-sm font-medium border bg-blue-100 text-blue-800 border-blue-200"[39m
                  [36m>[39m
                    [36m<svg[39m
                      [33maria-hidden[39m=[32m"true"[39m
                      [33mclass[39m=[32m"w-4 h-4"[39m
                      [33mfill[39m=[32m"none"[39m
                      [33mstroke[39m=[32m"currentColor"[39m
                      [33mviewBox[39m=[32m"0 0 24 24"[39m
                    [36m>[39m
                      [36m<path[39m
                        [33md[39m=[32m"M3 12a9 9 0 0 1 9-9 9.75 9.75 0 0 1 6.74 2.74L21 8"[39m
                      [36m/>[39m
                      [36m<path[39m
                        [33md[39m=[32m"M21 3v5h-5"[39m
                      [36m/>[39m
                      [36m<path[39m
                        [33md[39m=[32m"M21 12a9 9 0 0 1-9 9 9.75 9.75 0 0 1-6.74-2.74L3 16"[39m
                      [36m/>[39m
                      [36m<path[39m
                        [33md[39m=[32m"M8 16H3v5"[39m
                      [36m/>[39m
                    [36m</svg>[39m
                    [0mProcessing[0m
                  [36m</span>[39m
                [36m</div>[39m
              [36m</div>[39m
            [36m</div>[39m
            [36m<div[39m
              [33mclass[39m=[32m"flex items-center space-x-4 text-sm text-gray-600"[39m
            [36m>[39m
              [36m<div[39m
                [33mclass[39m=[32m"text-center"[39m
              [36m>[39m
                [36m<div[39m
                  [33mclass[39m=[32m"font-medium"[39m
                [36m>[39m
                  [0mRunning[0m
                [36m</div>[39m
                [36m<div[39m
                  [33mclass[39m=[32m"text-xs"[39m
                [36m>[39m
                  [0mProcessing images[0m
                [36m</div>[39m
              [36m</div>[39m
              [36m<div>[39m
                [36m<span[39m
                  [33mclass[39m=[32m"font-medium"[39m
                [36m>[39m
                  [0mImages:[0m
                [36m</span>[39m
                [36m<div>[39m
                  [0m0[0m
                  [0m total ([0m
                  [0m0[0m
                  [0m successful, [0m
                  [0m0[0m
                  [0m failed)[0m
                [36m</div>[39m
              [36m</div>[39m
              [36m<div[39m
                [33mclass[39m=[32m"flex items-center space-x-2"[39m
              [36m>[39m
                [36m<button[39m
                  [33mclass[39m=[32m"p-1 text-gray-400 hover:text-blue-600 transition-colors"[39m
                  [33mtitle[39m=[32m"View job details"[39m
                [36m>[39m
                  [36m<svg[39m
                    [33mclass[39m=[32m"w-4 h-4"[39m
                    [33mfill[39m=[32m"none"[39m
                    [33mstroke[39m=[32m"currentColor"[39m
                    [33mviewBox[39m=[32m"0 0 24 24"[39m
                  [36m>[39m
                    [36m<path[39m
                      [33md[39m=[32m"M15 12a3 3 0 11-6 0 3 3 0 016 0z"[39m
                      [33mstroke-linecap[39m=[32m"round"[39m
                      [33mstroke-linejoin[39m=[32m"round"[39m
                      [33mstroke-width[39m=[32m"2"[39m
                    [36m/>[39m
                    [36m<path[39m
                      [33md[39m=[32m"M2.458 12C3.732 7.943 7.523 5 12 5c4.478 0 8.268 2.943 9.542 7-1.274 4.057-5.064 7-9.542 7-4.477 0-8.268-2.943-9.542-7z"[39m
                      [33mstroke-linecap[39m=[32m"round"[39m
                      [33mstroke-linejoin[39m=[32m"round"[39m
                      [33mstroke-width[39m=[32m"2"[39m
                    [36m/>[39m
                  [36m</svg>[39m
                [36m</button>[39m
                [36m<button[39m
                  [33mclass[39m=[32m"p-1 text-gray-400 hover:text-green-600 transition-colors"[39m
                  [33mtitle[39m=[32m"Export to Excel"[39m
                [36m>[39m
                  [36m<svg[39m
                    [33mclass[39m=[32m"w-4 h-4"[39m
                    [33mfill[39m=[32m"none"[39m
                    [33mstroke[39m=[32m"currentColor"[39m
                    [33mviewBox[39...
   ✓ JobHistory > displays job statistics 41ms
   ✓ JobHistory > formats dates correctly 30ms
   ✓ JobHistory > formats duration correctly 12ms
   × JobHistory > applies correct status colors 34ms
     → Unable to find an element with the text: completed. This could be because the text is broken up by multiple elements. In this case, you can provide a function for your text matcher to make your matcher more flexible.

Ignored nodes: comments, script, style
[36m<body>[39m
  [36m<div>[39m
    [36m<div[39m
      [33mclass[39m=[32m"flex flex-col h-full min-h-0"[39m
    [36m>[39m
      [36m<div[39m
        [33mclass[39m=[32m"flex-1 overflow-y-auto space-y-3 min-h-0"[39m
        [33mrole[39m=[32m"list"[39m
      [36m>[39m
        [36m<div[39m
          [33maria-label[39m=[32m"Test Job 3 - running"[39m
          [33mclass[39m=[32m"bg-white border rounded-lg p-4 cursor-pointer transition-colors border-gray-200 hover:border-gray-300 hover:bg-gray-50"[39m
          [33mrole[39m=[32m"listitem"[39m
          [33mtabindex[39m=[32m"0"[39m
        [36m>[39m
          [36m<div[39m
            [33mclass[39m=[32m"flex items-center justify-between"[39m
          [36m>[39m
            [36m<div[39m
              [33mclass[39m=[32m"flex items-center space-x-3"[39m
            [36m>[39m
              [36m<svg[39m
                [33mclass[39m=[32m"w-5 h-5 text-blue-600 animate-spin"[39m
                [33mfill[39m=[32m"none"[39m
                [33mstroke[39m=[32m"currentColor"[39m
                [33mviewBox[39m=[32m"0 0 24 24"[39m
              [36m>[39m
                [36m<path[39m
                  [33md[39m=[32m"M3 12a9 9 0 0 1 9-9 9.75 9.75 0 0 1 6.74 2.74L21 8"[39m
                [36m/>[39m
                [36m<path[39m
                  [33md[39m=[32m"M21 3v5h-5"[39m
                [36m/>[39m
                [36m<path[39m
                  [33md[39m=[32m"M21 12a9 9 0 0 1-9 9 9.75 9.75 0 0 1-6.74-2.74L3 16"[39m
                [36m/>[39m
                [36m<path[39m
                  [33md[39m=[32m"M8 16H3v5"[39m
                [36m/>[39m
              [36m</svg>[39m
              [36m<div>[39m
                [36m<h3[39m
                  [33mclass[39m=[32m"font-medium text-gray-900"[39m
                [36m>[39m
                  [0mTest Job 3[0m
                [36m</h3>[39m
                [36m<div[39m
                  [33mclass[39m=[32m"text-xs text-gray-500 mb-1"[39m
                [36m>[39m
                  [0mJob ID: [0m
                  [0mjob-3[0m
                [36m</div>[39m
                [36m<div[39m
                  [33mclass[39m=[32m"flex items-center space-x-4 text-sm text-gray-500"[39m
                [36m>[39m
                  [36m<span>[39m
                    [0mJan 1, 2024[0m
                  [36m</span>[39m
                  [36m<span[39m
                    [33mclass[39m=[32m"inline-flex items-center gap-1 px-2 py-1 rounded-full text-sm font-medium border bg-blue-100 text-blue-800 border-blue-200"[39m
                  [36m>[39m
                    [36m<svg[39m
                      [33maria-hidden[39m=[32m"true"[39m
                      [33mclass[39m=[32m"w-4 h-4"[39m
                      [33mfill[39m=[32m"none"[39m
                      [33mstroke[39m=[32m"currentColor"[39m
                      [33mviewBox[39m=[32m"0 0 24 24"[39m
                    [36m>[39m
                      [36m<path[39m
                        [33md[39m=[32m"M3 12a9 9 0 0 1 9-9 9.75 9.75 0 0 1 6.74 2.74L21 8"[39m
                      [36m/>[39m
                      [36m<path[39m
                        [33md[39m=[32m"M21 3v5h-5"[39m
                      [36m/>[39m
                      [36m<path[39m
                        [33md[39m=[32m"M21 12a9 9 0 0 1-9 9 9.75 9.75 0 0 1-6.74-2.74L3 16"[39m
                      [36m/>[39m
                      [36m<path[39m
                        [33md[39m=[32m"M8 16H3v5"[39m
                      [36m/>[39m
                    [36m</svg>[39m
                    [0mProcessing[0m
                  [36m</span>[39m
                [36m</div>[39m
              [36m</div>[39m
            [36m</div>[39m
            [36m<div[39m
              [33mclass[39m=[32m"flex items-center space-x-4 text-sm text-gray-600"[39m
            [36m>[39m
              [36m<div[39m
                [33mclass[39m=[32m"text-center"[39m
              [36m>[39m
                [36m<div[39m
                  [33mclass[39m=[32m"font-medium"[39m
                [36m>[39m
                  [0mRunning[0m
                [36m</div>[39m
                [36m<div[39m
                  [33mclass[39m=[32m"text-xs"[39m
                [36m>[39m
                  [0mProcessing images[0m
                [36m</div>[39m
              [36m</div>[39m
              [36m<div>[39m
                [36m<span[39m
                  [33mclass[39m=[32m"font-medium"[39m
                [36m>[39m
                  [0mImages:[0m
                [36m</span>[39m
                [36m<div>[39m
                  [0m0[0m
                  [0m total ([0m
                  [0m0[0m
                  [0m successful, [0m
                  [0m0[0m
                  [0m failed)[0m
                [36m</div>[39m
              [36m</div>[39m
              [36m<div[39m
                [33mclass[39m=[32m"flex items-center space-x-2"[39m
              [36m>[39m
                [36m<button[39m
                  [33mclass[39m=[32m"p-1 text-gray-400 hover:text-blue-600 transition-colors"[39m
                  [33mtitle[39m=[32m"View job details"[39m
                [36m>[39m
                  [36m<svg[39m
                    [33mclass[39m=[32m"w-4 h-4"[39m
                    [33mfill[39m=[32m"none"[39m
                    [33mstroke[39m=[32m"currentColor"[39m
                    [33mviewBox[39m=[32m"0 0 24 24"[39m
                  [36m>[39m
                    [36m<path[39m
                      [33md[39m=[32m"M15 12a3 3 0 11-6 0 3 3 0 016 0z"[39m
                      [33mstroke-linecap[39m=[32m"round"[39m
                      [33mstroke-linejoin[39m=[32m"round"[39m
                      [33mstroke-width[39m=[32m"2"[39m
                    [36m/>[39m
                    [36m<path[39m
                      [33md[39m=[32m"M2.458 12C3.732 7.943 7.523 5 12 5c4.478 0 8.268 2.943 9.542 7-1.274 4.057-5.064 7-9.542 7-4.477 0-8.268-2.943-9.542-7z"[39m
                      [33mstroke-linecap[39m=[32m"round"[39m
                      [33mstroke-linejoin[39m=[32m"round"[39m
                      [33mstroke-width[39m=[32m"2"[39m
                    [36m/>[39m
                  [36m</svg>[39m
                [36m</button>[39m
                [36m<button[39m
                  [33mclass[39m=[32m"p-1 text-gray-400 hover:text-green-600 transition-colors"[39m
                  [33mtitle[39m=[32m"Export to Excel"[39m
                [36m>[39m
                  [36m<svg[39m
                    [33mclass[39m=[32m"w-4 h-4"[39m
                    [33mfill[39m=[32m"none"[39m
                    [33mstroke[39m=[32m"currentColor"[39m
                    [33mviewBox[39...
   ✓ JobHistory > displays correct status icons 20ms
   ✓ JobHistory > handles job click 51ms
   ✓ JobHistory > shows context menu on right click 60ms
   ✓ JobHistory > handles context menu actions 53ms
   ✓ JobHistory > handles delete job action 61ms
   ✓ JobHistory > shows confirmation dialog for delete action 53ms
   ✓ JobHistory > handles empty job history 4ms
   ✓ JobHistory > shows loading state 3ms
   × JobHistory > filters jobs by status 28ms
     → Unable to find an element with the display value: All Statuses.

Ignored nodes: comments, script, style
[36m<body>[39m
  [36m<div>[39m
    [36m<div[39m
      [33mclass[39m=[32m"flex flex-col h-full min-h-0"[39m
    [36m>[39m
      [36m<div[39m
        [33mclass[39m=[32m"flex-1 overflow-y-auto space-y-3 min-h-0"[39m
        [33mrole[39m=[32m"list"[39m
      [36m>[39m
        [36m<div[39m
          [33maria-label[39m=[32m"Test Job 3 - running"[39m
          [33mclass[39m=[32m"bg-white border rounded-lg p-4 cursor-pointer transition-colors border-gray-200 hover:border-gray-300 hover:bg-gray-50"[39m
          [33mrole[39m=[32m"listitem"[39m
          [33mtabindex[39m=[32m"0"[39m
        [36m>[39m
          [36m<div[39m
            [33mclass[39m=[32m"flex items-center justify-between"[39m
          [36m>[39m
            [36m<div[39m
              [33mclass[39m=[32m"flex items-center space-x-3"[39m
            [36m>[39m
              [36m<svg[39m
                [33mclass[39m=[32m"w-5 h-5 text-blue-600 animate-spin"[39m
                [33mfill[39m=[32m"none"[39m
                [33mstroke[39m=[32m"currentColor"[39m
                [33mviewBox[39m=[32m"0 0 24 24"[39m
              [36m>[39m
                [36m<path[39m
                  [33md[39m=[32m"M3 12a9 9 0 0 1 9-9 9.75 9.75 0 0 1 6.74 2.74L21 8"[39m
                [36m/>[39m
                [36m<path[39m
                  [33md[39m=[32m"M21 3v5h-5"[39m
                [36m/>[39m
                [36m<path[39m
                  [33md[39m=[32m"M21 12a9 9 0 0 1-9 9 9.75 9.75 0 0 1-6.74-2.74L3 16"[39m
                [36m/>[39m
                [36m<path[39m
                  [33md[39m=[32m"M8 16H3v5"[39m
                [36m/>[39m
              [36m</svg>[39m
              [36m<div>[39m
                [36m<h3[39m
                  [33mclass[39m=[32m"font-medium text-gray-900"[39m
                [36m>[39m
                  [0mTest Job 3[0m
                [36m</h3>[39m
                [36m<div[39m
                  [33mclass[39m=[32m"text-xs text-gray-500 mb-1"[39m
                [36m>[39m
                  [0mJob ID: [0m
                  [0mjob-3[0m
                [36m</div>[39m
                [36m<div[39m
                  [33mclass[39m=[32m"flex items-center space-x-4 text-sm text-gray-500"[39m
                [36m>[39m
                  [36m<span>[39m
                    [0mJan 1, 2024[0m
                  [36m</span>[39m
                  [36m<span[39m
                    [33mclass[39m=[32m"inline-flex items-center gap-1 px-2 py-1 rounded-full text-sm font-medium border bg-blue-100 text-blue-800 border-blue-200"[39m
                  [36m>[39m
                    [36m<svg[39m
                      [33maria-hidden[39m=[32m"true"[39m
                      [33mclass[39m=[32m"w-4 h-4"[39m
                      [33mfill[39m=[32m"none"[39m
                      [33mstroke[39m=[32m"currentColor"[39m
                      [33mviewBox[39m=[32m"0 0 24 24"[39m
                    [36m>[39m
                      [36m<path[39m
                        [33md[39m=[32m"M3 12a9 9 0 0 1 9-9 9.75 9.75 0 0 1 6.74 2.74L21 8"[39m
                      [36m/>[39m
                      [36m<path[39m
                        [33md[39m=[32m"M21 3v5h-5"[39m
                      [36m/>[39m
                      [36m<path[39m
                        [33md[39m=[32m"M21 12a9 9 0 0 1-9 9 9.75 9.75 0 0 1-6.74-2.74L3 16"[39m
                      [36m/>[39m
                      [36m<path[39m
                        [33md[39m=[32m"M8 16H3v5"[39m
                      [36m/>[39m
                    [36m</svg>[39m
                    [0mProcessing[0m
                  [36m</span>[39m
                [36m</div>[39m
              [36m</div>[39m
            [36m</div>[39m
            [36m<div[39m
              [33mclass[39m=[32m"flex items-center space-x-4 text-sm text-gray-600"[39m
            [36m>[39m
              [36m<div[39m
                [33mclass[39m=[32m"text-center"[39m
              [36m>[39m
                [36m<div[39m
                  [33mclass[39m=[32m"font-medium"[39m
                [36m>[39m
                  [0mRunning[0m
                [36m</div>[39m
                [36m<div[39m
                  [33mclass[39m=[32m"text-xs"[39m
                [36m>[39m
                  [0mProcessing images[0m
                [36m</div>[39m
              [36m</div>[39m
              [36m<div>[39m
                [36m<span[39m
                  [33mclass[39m=[32m"font-medium"[39m
                [36m>[39m
                  [0mImages:[0m
                [36m</span>[39m
                [36m<div>[39m
                  [0m0[0m
                  [0m total ([0m
                  [0m0[0m
                  [0m successful, [0m
                  [0m0[0m
                  [0m failed)[0m
                [36m</div>[39m
              [36m</div>[39m
              [36m<div[39m
                [33mclass[39m=[32m"flex items-center space-x-2"[39m
              [36m>[39m
                [36m<button[39m
                  [33mclass[39m=[32m"p-1 text-gray-400 hover:text-blue-600 transition-colors"[39m
                  [33mtitle[39m=[32m"View job details"[39m
                [36m>[39m
                  [36m<svg[39m
                    [33mclass[39m=[32m"w-4 h-4"[39m
                    [33mfill[39m=[32m"none"[39m
                    [33mstroke[39m=[32m"currentColor"[39m
                    [33mviewBox[39m=[32m"0 0 24 24"[39m
                  [36m>[39m
                    [36m<path[39m
                      [33md[39m=[32m"M15 12a3 3 0 11-6 0 3 3 0 016 0z"[39m
                      [33mstroke-linecap[39m=[32m"round"[39m
                      [33mstroke-linejoin[39m=[32m"round"[39m
                      [33mstroke-width[39m=[32m"2"[39m
                    [36m/>[39m
                    [36m<path[39m
                      [33md[39m=[32m"M2.458 12C3.732 7.943 7.523 5 12 5c4.478 0 8.268 2.943 9.542 7-1.274 4.057-5.064 7-9.542 7-4.477 0-8.268-2.943-9.542-7z"[39m
                      [33mstroke-linecap[39m=[32m"round"[39m
                      [33mstroke-linejoin[39m=[32m"round"[39m
                      [33mstroke-width[39m=[32m"2"[39m
                    [36m/>[39m
                  [36m</svg>[39m
                [36m</button>[39m
                [36m<button[39m
                  [33mclass[39m=[32m"p-1 text-gray-400 hover:text-green-600 transition-colors"[39m
                  [33mtitle[39m=[32m"Export to Excel"[39m
                [36m>[39m
                  [36m<svg[39m
                    [33mclass[39m=[32m"w-4 h-4"[39m
                    [33mfill[39m=[32m"none"[39m
                    [33mstroke[39m=[32m"currentColor"[39m
                    [33mviewBox[39...
   × JobHistory > sorts jobs by date 41ms
     → Unable to find an element with the display value: Newest First.

Ignored nodes: comments, script, style
[36m<body>[39m
  [36m<div>[39m
    [36m<div[39m
      [33mclass[39m=[32m"flex flex-col h-full min-h-0"[39m
    [36m>[39m
      [36m<div[39m
        [33mclass[39m=[32m"flex-1 overflow-y-auto space-y-3 min-h-0"[39m
        [33mrole[39m=[32m"list"[39m
      [36m>[39m
        [36m<div[39m
          [33maria-label[39m=[32m"Test Job 3 - running"[39m
          [33mclass[39m=[32m"bg-white border rounded-lg p-4 cursor-pointer transition-colors border-gray-200 hover:border-gray-300 hover:bg-gray-50"[39m
          [33mrole[39m=[32m"listitem"[39m
          [33mtabindex[39m=[32m"0"[39m
        [36m>[39m
          [36m<div[39m
            [33mclass[39m=[32m"flex items-center justify-between"[39m
          [36m>[39m
            [36m<div[39m
              [33mclass[39m=[32m"flex items-center space-x-3"[39m
            [36m>[39m
              [36m<svg[39m
                [33mclass[39m=[32m"w-5 h-5 text-blue-600 animate-spin"[39m
                [33mfill[39m=[32m"none"[39m
                [33mstroke[39m=[32m"currentColor"[39m
                [33mviewBox[39m=[32m"0 0 24 24"[39m
              [36m>[39m
                [36m<path[39m
                  [33md[39m=[32m"M3 12a9 9 0 0 1 9-9 9.75 9.75 0 0 1 6.74 2.74L21 8"[39m
                [36m/>[39m
                [36m<path[39m
                  [33md[39m=[32m"M21 3v5h-5"[39m
                [36m/>[39m
                [36m<path[39m
                  [33md[39m=[32m"M21 12a9 9 0 0 1-9 9 9.75 9.75 0 0 1-6.74-2.74L3 16"[39m
                [36m/>[39m
                [36m<path[39m
                  [33md[39m=[32m"M8 16H3v5"[39m
                [36m/>[39m
              [36m</svg>[39m
              [36m<div>[39m
                [36m<h3[39m
                  [33mclass[39m=[32m"font-medium text-gray-900"[39m
                [36m>[39m
                  [0mTest Job 3[0m
                [36m</h3>[39m
                [36m<div[39m
                  [33mclass[39m=[32m"text-xs text-gray-500 mb-1"[39m
                [36m>[39m
                  [0mJob ID: [0m
                  [0mjob-3[0m
                [36m</div>[39m
                [36m<div[39m
                  [33mclass[39m=[32m"flex items-center space-x-4 text-sm text-gray-500"[39m
                [36m>[39m
                  [36m<span>[39m
                    [0mJan 1, 2024[0m
                  [36m</span>[39m
                  [36m<span[39m
                    [33mclass[39m=[32m"inline-flex items-center gap-1 px-2 py-1 rounded-full text-sm font-medium border bg-blue-100 text-blue-800 border-blue-200"[39m
                  [36m>[39m
                    [36m<svg[39m
                      [33maria-hidden[39m=[32m"true"[39m
                      [33mclass[39m=[32m"w-4 h-4"[39m
                      [33mfill[39m=[32m"none"[39m
                      [33mstroke[39m=[32m"currentColor"[39m
                      [33mviewBox[39m=[32m"0 0 24 24"[39m
                    [36m>[39m
                      [36m<path[39m
                        [33md[39m=[32m"M3 12a9 9 0 0 1 9-9 9.75 9.75 0 0 1 6.74 2.74L21 8"[39m
                      [36m/>[39m
                      [36m<path[39m
                        [33md[39m=[32m"M21 3v5h-5"[39m
                      [36m/>[39m
                      [36m<path[39m
                        [33md[39m=[32m"M21 12a9 9 0 0 1-9 9 9.75 9.75 0 0 1-6.74-2.74L3 16"[39m
                      [36m/>[39m
                      [36m<path[39m
                        [33md[39m=[32m"M8 16H3v5"[39m
                      [36m/>[39m
                    [36m</svg>[39m
                    [0mProcessing[0m
                  [36m</span>[39m
                [36m</div>[39m
              [36m</div>[39m
            [36m</div>[39m
            [36m<div[39m
              [33mclass[39m=[32m"flex items-center space-x-4 text-sm text-gray-600"[39m
            [36m>[39m
              [36m<div[39m
                [33mclass[39m=[32m"text-center"[39m
              [36m>[39m
                [36m<div[39m
                  [33mclass[39m=[32m"font-medium"[39m
                [36m>[39m
                  [0mRunning[0m
                [36m</div>[39m
                [36m<div[39m
                  [33mclass[39m=[32m"text-xs"[39m
                [36m>[39m
                  [0mProcessing images[0m
                [36m</div>[39m
              [36m</div>[39m
              [36m<div>[39m
                [36m<span[39m
                  [33mclass[39m=[32m"font-medium"[39m
                [36m>[39m
                  [0mImages:[0m
                [36m</span>[39m
                [36m<div>[39m
                  [0m0[0m
                  [0m total ([0m
                  [0m0[0m
                  [0m successful, [0m
                  [0m0[0m
                  [0m failed)[0m
                [36m</div>[39m
              [36m</div>[39m
              [36m<div[39m
                [33mclass[39m=[32m"flex items-center space-x-2"[39m
              [36m>[39m
                [36m<button[39m
                  [33mclass[39m=[32m"p-1 text-gray-400 hover:text-blue-600 transition-colors"[39m
                  [33mtitle[39m=[32m"View job details"[39m
                [36m>[39m
                  [36m<svg[39m
                    [33mclass[39m=[32m"w-4 h-4"[39m
                    [33mfill[39m=[32m"none"[39m
                    [33mstroke[39m=[32m"currentColor"[39m
                    [33mviewBox[39m=[32m"0 0 24 24"[39m
                  [36m>[39m
                    [36m<path[39m
                      [33md[39m=[32m"M15 12a3 3 0 11-6 0 3 3 0 016 0z"[39m
                      [33mstroke-linecap[39m=[32m"round"[39m
                      [33mstroke-linejoin[39m=[32m"round"[39m
                      [33mstroke-width[39m=[32m"2"[39m
                    [36m/>[39m
                    [36m<path[39m
                      [33md[39m=[32m"M2.458 12C3.732 7.943 7.523 5 12 5c4.478 0 8.268 2.943 9.542 7-1.274 4.057-5.064 7-9.542 7-4.477 0-8.268-2.943-9.542-7z"[39m
                      [33mstroke-linecap[39m=[32m"round"[39m
                      [33mstroke-linejoin[39m=[32m"round"[39m
                      [33mstroke-width[39m=[32m"2"[39m
                    [36m/>[39m
                  [36m</svg>[39m
                [36m</button>[39m
                [36m<button[39m
                  [33mclass[39m=[32m"p-1 text-gray-400 hover:text-green-600 transition-colors"[39m
                  [33mtitle[39m=[32m"Export to Excel"[39m
                [36m>[39m
                  [36m<svg[39m
                    [33mclass[39m=[32m"w-4 h-4"[39m
                    [33mfill[39m=[32m"none"[39m
                    [33mstroke[39m=[32m"currentColor"[39m
                    [33mviewBox[39...
   ✓ JobHistory > handles keyboard navigation 43ms
   ✓ JobHistory > provides proper ARIA labels 110ms
   ✓ JobHistory > handles jobs with very long names 6ms
   × JobHistory > displays progress for running jobs 25ms
     → Unable to find an element with the text: In Progress. This could be because the text is broken up by multiple elements. In this case, you can provide a function for your text matcher to make your matcher more flexible.

Ignored nodes: comments, script, style
[36m<body>[39m
  [36m<div>[39m
    [36m<div[39m
      [33mclass[39m=[32m"flex flex-col h-full min-h-0"[39m
    [36m>[39m
      [36m<div[39m
        [33mclass[39m=[32m"flex-1 overflow-y-auto space-y-3 min-h-0"[39m
        [33mrole[39m=[32m"list"[39m
      [36m>[39m
        [36m<div[39m
          [33maria-label[39m=[32m"Test Job 3 - running"[39m
          [33mclass[39m=[32m"bg-white border rounded-lg p-4 cursor-pointer transition-colors border-gray-200 hover:border-gray-300 hover:bg-gray-50"[39m
          [33mrole[39m=[32m"listitem"[39m
          [33mtabindex[39m=[32m"0"[39m
        [36m>[39m
          [36m<div[39m
            [33mclass[39m=[32m"flex items-center justify-between"[39m
          [36m>[39m
            [36m<div[39m
              [33mclass[39m=[32m"flex items-center space-x-3"[39m
            [36m>[39m
              [36m<svg[39m
                [33mclass[39m=[32m"w-5 h-5 text-blue-600 animate-spin"[39m
                [33mfill[39m=[32m"none"[39m
                [33mstroke[39m=[32m"currentColor"[39m
                [33mviewBox[39m=[32m"0 0 24 24"[39m
              [36m>[39m
                [36m<path[39m
                  [33md[39m=[32m"M3 12a9 9 0 0 1 9-9 9.75 9.75 0 0 1 6.74 2.74L21 8"[39m
                [36m/>[39m
                [36m<path[39m
                  [33md[39m=[32m"M21 3v5h-5"[39m
                [36m/>[39m
                [36m<path[39m
                  [33md[39m=[32m"M21 12a9 9 0 0 1-9 9 9.75 9.75 0 0 1-6.74-2.74L3 16"[39m
                [36m/>[39m
                [36m<path[39m
                  [33md[39m=[32m"M8 16H3v5"[39m
                [36m/>[39m
              [36m</svg>[39m
              [36m<div>[39m
                [36m<h3[39m
                  [33mclass[39m=[32m"font-medium text-gray-900"[39m
                [36m>[39m
                  [0mTest Job 3[0m
                [36m</h3>[39m
                [36m<div[39m
                  [33mclass[39m=[32m"text-xs text-gray-500 mb-1"[39m
                [36m>[39m
                  [0mJob ID: [0m
                  [0mjob-3[0m
                [36m</div>[39m
                [36m<div[39m
                  [33mclass[39m=[32m"flex items-center space-x-4 text-sm text-gray-500"[39m
                [36m>[39m
                  [36m<span>[39m
                    [0mJan 1, 2024[0m
                  [36m</span>[39m
                  [36m<span[39m
                    [33mclass[39m=[32m"inline-flex items-center gap-1 px-2 py-1 rounded-full text-sm font-medium border bg-blue-100 text-blue-800 border-blue-200"[39m
                  [36m>[39m
                    [36m<svg[39m
                      [33maria-hidden[39m=[32m"true"[39m
                      [33mclass[39m=[32m"w-4 h-4"[39m
                      [33mfill[39m=[32m"none"[39m
                      [33mstroke[39m=[32m"currentColor"[39m
                      [33mviewBox[39m=[32m"0 0 24 24"[39m
                    [36m>[39m
                      [36m<path[39m
                        [33md[39m=[32m"M3 12a9 9 0 0 1 9-9 9.75 9.75 0 0 1 6.74 2.74L21 8"[39m
                      [36m/>[39m
                      [36m<path[39m
                        [33md[39m=[32m"M21 3v5h-5"[39m
                      [36m/>[39m
                      [36m<path[39m
                        [33md[39m=[32m"M21 12a9 9 0 0 1-9 9 9.75 9.75 0 0 1-6.74-2.74L3 16"[39m
                      [36m/>[39m
                      [36m<path[39m
                        [33md[39m=[32m"M8 16H3v5"[39m
                      [36m/>[39m
                    [36m</svg>[39m
                    [0mProcessing[0m
                  [36m</span>[39m
                [36m</div>[39m
              [36m</div>[39m
            [36m</div>[39m
            [36m<div[39m
              [33mclass[39m=[32m"flex items-center space-x-4 text-sm text-gray-600"[39m
            [36m>[39m
              [36m<div[39m
                [33mclass[39m=[32m"text-center"[39m
              [36m>[39m
                [36m<div[39m
                  [33mclass[39m=[32m"font-medium"[39m
                [36m>[39m
                  [0mRunning[0m
                [36m</div>[39m
                [36m<div[39m
                  [33mclass[39m=[32m"text-xs"[39m
                [36m>[39m
                  [0mProcessing images[0m
                [36m</div>[39m
              [36m</div>[39m
              [36m<div>[39m
                [36m<span[39m
                  [33mclass[39m=[32m"font-medium"[39m
                [36m>[39m
                  [0mImages:[0m
                [36m</span>[39m
                [36m<div>[39m
                  [0m0[0m
                  [0m total ([0m
                  [0m0[0m
                  [0m successful, [0m
                  [0m0[0m
                  [0m failed)[0m
                [36m</div>[39m
              [36m</div>[39m
              [36m<div[39m
                [33mclass[39m=[32m"flex items-center space-x-2"[39m
              [36m>[39m
                [36m<button[39m
                  [33mclass[39m=[32m"p-1 text-gray-400 hover:text-blue-600 transition-colors"[39m
                  [33mtitle[39m=[32m"View job details"[39m
                [36m>[39m
                  [36m<svg[39m
                    [33mclass[39m=[32m"w-4 h-4"[39m
                    [33mfill[39m=[32m"none"[39m
                    [33mstroke[39m=[32m"currentColor"[39m
                    [33mviewBox[39m=[32m"0 0 24 24"[39m
                  [36m>[39m
                    [36m<path[39m
                      [33md[39m=[32m"M15 12a3 3 0 11-6 0 3 3 0 016 0z"[39m
                      [33mstroke-linecap[39m=[32m"round"[39m
                      [33mstroke-linejoin[39m=[32m"round"[39m
                      [33mstroke-width[39m=[32m"2"[39m
                    [36m/>[39m
                    [36m<path[39m
                      [33md[39m=[32m"M2.458 12C3.732 7.943 7.523 5 12 5c4.478 0 8.268 2.943 9.542 7-1.274 4.057-5.064 7-9.542 7-4.477 0-8.268-2.943-9.542-7z"[39m
                      [33mstroke-linecap[39m=[32m"round"[39m
                      [33mstroke-linejoin[39m=[32m"round"[39m
                      [33mstroke-width[39m=[32m"2"[39m
                    [36m/>[39m
                  [36m</svg>[39m
                [36m</button>[39m
                [36m<button[39m
                  [33mclass[39m=[32m"p-1 text-gray-400 hover:text-green-600 transition-colors"[39m
                  [33mtitle[39m=[32m"Export to Excel"[39m
                [36m>[39m
                  [36m<svg[39m
                    [33mclass[39m=[32m"w-4 h-4"[39m
                    [33mfill[39m=[32m"none"[39m
                    [33mstroke[39m=[32m"currentColor"[39m
                    [33mviewBox[39...
   ✓ JobHistory > handles jobs with missing statistics 18ms
   × JobHistory > handles jobs with missing end time 21ms
     → Unable to find an element with the text: In Progress. This could be because the text is broken up by multiple elements. In this case, you can provide a function for your text matcher to make your matcher more flexible.

Ignored nodes: comments, script, style
[36m<body>[39m
  [36m<div>[39m
    [36m<div[39m
      [33mclass[39m=[32m"flex flex-col h-full min-h-0"[39m
    [36m>[39m
      [36m<div[39m
        [33mclass[39m=[32m"flex-1 overflow-y-auto space-y-3 min-h-0"[39m
        [33mrole[39m=[32m"list"[39m
      [36m>[39m
        [36m<div[39m
          [33maria-label[39m=[32m"Test Job 1 - completed"[39m
          [33mclass[39m=[32m"bg-white border rounded-lg p-4 cursor-pointer transition-colors border-gray-200 hover:border-gray-300 hover:bg-gray-50"[39m
          [33mrole[39m=[32m"listitem"[39m
          [33mtabindex[39m=[32m"0"[39m
        [36m>[39m
          [36m<div[39m
            [33mclass[39m=[32m"flex items-center justify-between"[39m
          [36m>[39m
            [36m<div[39m
              [33mclass[39m=[32m"flex items-center space-x-3"[39m
            [36m>[39m
              [36m<svg[39m
                [33mclass[39m=[32m"w-5 h-5 text-green-600"[39m
                [33mfill[39m=[32m"none"[39m
                [33mstroke[39m=[32m"currentColor"[39m
                [33mviewBox[39m=[32m"0 0 24 24"[39m
              [36m>[39m
                [36m<path[39m
                  [33md[39m=[32m"M5 13l4 4L19 7"[39m
                  [33mstroke-linecap[39m=[32m"round"[39m
                  [33mstroke-linejoin[39m=[32m"round"[39m
                  [33mstroke-width[39m=[32m"2"[39m
                [36m/>[39m
              [36m</svg>[39m
              [36m<div>[39m
                [36m<h3[39m
                  [33mclass[39m=[32m"font-medium text-gray-900"[39m
                [36m>[39m
                  [0mTest Job 1[0m
                [36m</h3>[39m
                [36m<div[39m
                  [33mclass[39m=[32m"text-xs text-gray-500 mb-1"[39m
                [36m>[39m
                  [0mJob ID: [0m
                  [0mjob-1[0m
                [36m</div>[39m
                [36m<div[39m
                  [33mclass[39m=[32m"flex items-center space-x-4 text-sm text-gray-500"[39m
                [36m>[39m
                  [36m<span>[39m
                    [0mJan 1, 2024[0m
                  [36m</span>[39m
                  [36m<span[39m
                    [33mclass[39m=[32m"inline-flex items-center gap-1 px-2 py-1 rounded-full text-sm font-medium border bg-green-100 text-green-800 border-green-200"[39m
                  [36m>[39m
                    [36m<svg[39m
                      [33maria-hidden[39m=[32m"true"[39m
                      [33mclass[39m=[32m"w-4 h-4"[39m
                      [33mfill[39m=[32m"none"[39m
                      [33mstroke[39m=[32m"currentColor"[39m
                      [33mviewBox[39m=[32m"0 0 24 24"[39m
                    [36m>[39m
                      [36m<path[39m
                        [33md[39m=[32m"M5 13l4 4L19 7"[39m
                        [33mstroke-linecap[39m=[32m"round"[39m
                        [33mstroke-linejoin[39m=[32m"round"[39m
                        [33mstroke-width[39m=[32m"2"[39m
                      [36m/>[39m
                    [36m</svg>[39m
                    [0mCompleted[0m
                  [36m</span>[39m
                [36m</div>[39m
              [36m</div>[39m
            [36m</div>[39m
            [36m<div[39m
              [33mclass[39m=[32m"flex items-center space-x-4 text-sm text-gray-600"[39m
            [36m>[39m
              [36m<div>[39m
                [36m<span[39m
                  [33mclass[39m=[32m"font-medium"[39m
                [36m>[39m
                  [0mImages:[0m
                [36m</span>[39m
                [36m<div>[39m
                  [0m0[0m
                  [0m total ([0m
                  [0m0[0m
                  [0m successful, [0m
                  [0m0[0m
                  [0m failed)[0m
                [36m</div>[39m
              [36m</div>[39m
              [36m<div[39m
                [33mclass[39m=[32m"flex items-center space-x-2"[39m
              [36m>[39m
                [36m<button[39m
                  [33mclass[39m=[32m"p-1 text-gray-400 hover:text-blue-600 transition-colors"[39m
                  [33mtitle[39m=[32m"View job details"[39m
                [36m>[39m
                  [36m<svg[39m
                    [33mclass[39m=[32m"w-4 h-4"[39m
                    [33mfill[39m=[32m"none"[39m
                    [33mstroke[39m=[32m"currentColor"[39m
                    [33mviewBox[39m=[32m"0 0 24 24"[39m
                  [36m>[39m
                    [36m<path[39m
                      [33md[39m=[32m"M15 12a3 3 0 11-6 0 3 3 0 016 0z"[39m
                      [33mstroke-linecap[39m=[32m"round"[39m
                      [33mstroke-linejoin[39m=[32m"round"[39m
                      [33mstroke-width[39m=[32m"2"[39m
                    [36m/>[39m
                    [36m<path[39m
                      [33md[39m=[32m"M2.458 12C3.732 7.943 7.523 5 12 5c4.478 0 8.268 2.943 9.542 7-1.274 4.057-5.064 7-9.542 7-4.477 0-8.268-2.943-9.542-7z"[39m
                      [33mstroke-linecap[39m=[32m"round"[39m
                      [33mstroke-linejoin[39m=[32m"round"[39m
                      [33mstroke-width[39m=[32m"2"[39m
                    [36m/>[39m
                  [36m</svg>[39m
                [36m</button>[39m
                [36m<button[39m
                  [33mclass[39m=[32m"p-1 text-gray-400 hover:text-green-600 transition-colors"[39m
                  [33mtitle[39m=[32m"Export to Excel"[39m
                [36m>[39m
                  [36m<svg[39m
                    [33mclass[39m=[32m"w-4 h-4"[39m
                    [33mfill[39m=[32m"none"[39m
                    [33mstroke[39m=[32m"currentColor"[39m
                    [33mviewBox[39m=[32m"0 0 24 24"[39m
                  [36m>[39m
                    [36m<path[39m
                      [33md[39m=[32m"M12 10v6m0 0l-3-3m3 3l3-3m2 8H7a2 2 0 01-2-2V5a2 2 0 012-2h5.586a1 1 0 01.707.293l5.414 5.414a1 1 0 01.293.707V19a2 2 0 01-2 2z"[39m
                      [33mstroke-linecap[39m=[32m"round"[39m
                      [33mstroke-linejoin[39m=[32m"round"[39m
                      [33mstroke-width[39m=[32m"2"[39m
                    [36m/>[39m
                  [36m</svg>[39m
                [36m</button>[39m
                [36m<button[39m
                  [33mclass[39m=[32m"p-1 text-gray-400 hover:text-blue-600 transition-colors"[39m
                  [33mtitle[39m=[32m"Rerun job"[39m
                [36m>[39m
                  [36m<svg[39m
                    [33mclass[39m=[32m"w-4 h-4"[39m
                    [33mfill[39m=[32m"none"[39m
                    [33mstroke[39m=[32m"currentColor"[39m
                    [33mstroke-width[39m=[32m"2.5"[39m
                    [33mviewBox[39m=[32m"0 0 24 24"[39m
                  [36m>[39m
                    [36m<path[39m
                      [33md[39m=[32m"M3 12a9 9 0 0 1 9-9 9.75 9.75 0 0 1 6.74 2.74L21 8"[39m
                    [36m/>[39m
                    [36m<path[39m
                      [33md[39m=[32m"M21 3v5h-5"[39m
                    [36m/>[39m
                    [36m<path[39m
                      [33md[39m=[32m"M21 12a9 9 0 0 1-9 9 9.75 9.75 0 0 1-6.74-2.74L3 16"[39m
                    [36m/>[39m
                    [36m<path[39m
                      [33md[39m=[32m"M8 16H3v5"[39m
                    [36m/>[39m
                  [36m</svg>[39m
                [36m</button>[39m
                [36m<button[39m
                  [33mclass[39m=[32m"p-1 text-gray-400 hover:text-red-600 transition-colors"[39m
                  [33mtitle[39m=[32m"Delete job"[39m
                [36m>[39m
                  [36m<svg[39m
                    [33mclass[39m=[32m"w-4 h-4"[39m
                    [33mfill[39m=[32m"none"[39m
                    [33mstroke[39m=[32m"currentColor"[39m
                    [33mviewBox[39m=[32m"0 0 24 24"[39m
                  [36m>[39m
                    [36m<path[39m
                      [33md[39m=[32m"M19 7l-.867 12.142A2 2 0 0116.138 21H7.862a2 2 0 01-1.995-1.858L5 7m5 4v6m4-6v6m1-10V4a1 1 0 00-1-1h-4a1 1 0 00-1 1v3M4 7h16"[39m
                      [33mstroke-linecap[39m=[32m"round"[39m
                      [33mstroke-linejoin[39m=[32m"round"[39m
                      [33mstroke-width[39m=[32m"2"[39m
                    [36m/>[39m
                  [36m</svg>[39m
                [36m</button>[39m
              [36m</div>[39m
            [36m</div>[39m
          [36m</div>[39m
        [36m</div>[39m
      [36m</div>[39m
    [36m</div>[39m
  [36m</div>[39m
[36m</body>[39m
   ✓ JobHistory > prevents context menu on running jobs for certain actions 31ms
   × JobHistory > handles rapid job status updates 25ms
     → Unable to find an element with the text: running. This could be because the text is broken up by multiple elements. In this case, you can provide a function for your text matcher to make your matcher more flexible.

Ignored nodes: comments, script, style
[36m<body>[39m
  [36m<div>[39m
    [36m<div[39m
      [33mclass[39m=[32m"flex flex-col h-full min-h-0"[39m
    [36m>[39m
      [36m<div[39m
        [33mclass[39m=[32m"flex-1 overflow-y-auto space-y-3 min-h-0"[39m
        [33mrole[39m=[32m"list"[39m
      [36m>[39m
        [36m<div[39m
          [33maria-label[39m=[32m"Test Job 3 - running"[39m
          [33mclass[39m=[32m"bg-white border rounded-lg p-4 cursor-pointer transition-colors border-gray-200 hover:border-gray-300 hover:bg-gray-50"[39m
          [33mrole[39m=[32m"listitem"[39m
          [33mtabindex[39m=[32m"0"[39m
        [36m>[39m
          [36m<div[39m
            [33mclass[39m=[32m"flex items-center justify-between"[39m
          [36m>[39m
            [36m<div[39m
              [33mclass[39m=[32m"flex items-center space-x-3"[39m
            [36m>[39m
              [36m<svg[39m
                [33mclass[39m=[32m"w-5 h-5 text-blue-600 animate-spin"[39m
                [33mfill[39m=[32m"none"[39m
                [33mstroke[39m=[32m"currentColor"[39m
                [33mviewBox[39m=[32m"0 0 24 24"[39m
              [36m>[39m
                [36m<path[39m
                  [33md[39m=[32m"M3 12a9 9 0 0 1 9-9 9.75 9.75 0 0 1 6.74 2.74L21 8"[39m
                [36m/>[39m
                [36m<path[39m
                  [33md[39m=[32m"M21 3v5h-5"[39m
                [36m/>[39m
                [36m<path[39m
                  [33md[39m=[32m"M21 12a9 9 0 0 1-9 9 9.75 9.75 0 0 1-6.74-2.74L3 16"[39m
                [36m/>[39m
                [36m<path[39m
                  [33md[39m=[32m"M8 16H3v5"[39m
                [36m/>[39m
              [36m</svg>[39m
              [36m<div>[39m
                [36m<h3[39m
                  [33mclass[39m=[32m"font-medium text-gray-900"[39m
                [36m>[39m
                  [0mTest Job 3[0m
                [36m</h3>[39m
                [36m<div[39m
                  [33mclass[39m=[32m"text-xs text-gray-500 mb-1"[39m
                [36m>[39m
                  [0mJob ID: [0m
                  [0mjob-3[0m
                [36m</div>[39m
                [36m<div[39m
                  [33mclass[39m=[32m"flex items-center space-x-4 text-sm text-gray-500"[39m
                [36m>[39m
                  [36m<span>[39m
                    [0mJan 1, 2024[0m
                  [36m</span>[39m
                  [36m<span[39m
                    [33mclass[39m=[32m"inline-flex items-center gap-1 px-2 py-1 rounded-full text-sm font-medium border bg-blue-100 text-blue-800 border-blue-200"[39m
                  [36m>[39m
                    [36m<svg[39m
                      [33maria-hidden[39m=[32m"true"[39m
                      [33mclass[39m=[32m"w-4 h-4"[39m
                      [33mfill[39m=[32m"none"[39m
                      [33mstroke[39m=[32m"currentColor"[39m
                      [33mviewBox[39m=[32m"0 0 24 24"[39m
                    [36m>[39m
                      [36m<path[39m
                        [33md[39m=[32m"M3 12a9 9 0 0 1 9-9 9.75 9.75 0 0 1 6.74 2.74L21 8"[39m
                      [36m/>[39m
                      [36m<path[39m
                        [33md[39m=[32m"M21 3v5h-5"[39m
                      [36m/>[39m
                      [36m<path[39m
                        [33md[39m=[32m"M21 12a9 9 0 0 1-9 9 9.75 9.75 0 0 1-6.74-2.74L3 16"[39m
                      [36m/>[39m
                      [36m<path[39m
                        [33md[39m=[32m"M8 16H3v5"[39m
                      [36m/>[39m
                    [36m</svg>[39m
                    [0mProcessing[0m
                  [36m</span>[39m
                [36m</div>[39m
              [36m</div>[39m
            [36m</div>[39m
            [36m<div[39m
              [33mclass[39m=[32m"flex items-center space-x-4 text-sm text-gray-600"[39m
            [36m>[39m
              [36m<div[39m
                [33mclass[39m=[32m"text-center"[39m
              [36m>[39m
                [36m<div[39m
                  [33mclass[39m=[32m"font-medium"[39m
                [36m>[39m
                  [0mRunning[0m
                [36m</div>[39m
                [36m<div[39m
                  [33mclass[39m=[32m"text-xs"[39m
                [36m>[39m
                  [0mProcessing images[0m
                [36m</div>[39m
              [36m</div>[39m
              [36m<div>[39m
                [36m<span[39m
                  [33mclass[39m=[32m"font-medium"[39m
                [36m>[39m
                  [0mImages:[0m
                [36m</span>[39m
                [36m<div>[39m
                  [0m0[0m
                  [0m total ([0m
                  [0m0[0m
                  [0m successful, [0m
                  [0m0[0m
                  [0m failed)[0m
                [36m</div>[39m
              [36m</div>[39m
              [36m<div[39m
                [33mclass[39m=[32m"flex items-center space-x-2"[39m
              [36m>[39m
                [36m<button[39m
                  [33mclass[39m=[32m"p-1 text-gray-400 hover:text-blue-600 transition-colors"[39m
                  [33mtitle[39m=[32m"View job details"[39m
                [36m>[39m
                  [36m<svg[39m
                    [33mclass[39m=[32m"w-4 h-4"[39m
                    [33mfill[39m=[32m"none"[39m
                    [33mstroke[39m=[32m"currentColor"[39m
                    [33mviewBox[39m=[32m"0 0 24 24"[39m
                  [36m>[39m
                    [36m<path[39m
                      [33md[39m=[32m"M15 12a3 3 0 11-6 0 3 3 0 016 0z"[39m
                      [33mstroke-linecap[39m=[32m"round"[39m
                      [33mstroke-linejoin[39m=[32m"round"[39m
                      [33mstroke-width[39m=[32m"2"[39m
                    [36m/>[39m
                    [36m<path[39m
                      [33md[39m=[32m"M2.458 12C3.732 7.943 7.523 5 12 5c4.478 0 8.268 2.943 9.542 7-1.274 4.057-5.064 7-9.542 7-4.477 0-8.268-2.943-9.542-7z"[39m
                      [33mstroke-linecap[39m=[32m"round"[39m
                      [33mstroke-linejoin[39m=[32m"round"[39m
                      [33mstroke-width[39m=[32m"2"[39m
                    [36m/>[39m
                  [36m</svg>[39m
                [36m</button>[39m
                [36m<button[39m
                  [33mclass[39m=[32m"p-1 text-gray-400 hover:text-green-600 transition-colors"[39m
                  [33mtitle[39m=[32m"Export to Excel"[39m
                [36m>[39m
                  [36m<svg[39m
                    [33mclass[39m=[32m"w-4 h-4"[39m
                    [33mfill[39m=[32m"none"[39m
                    [33mstroke[39m=[32m"currentColor"[39m
                    [33mviewBox[39...
   ✓ JobHistory > maintains scroll position during updates 54ms
   ✓ JobHistory > handles multiple context menus 67ms
   ✓ JobHistory > closes context menu when clicking outside 42ms
 ❯ src/renderer/components/Jobs/__tests__/JobFilters.test.tsx (31 tests | 2 failed) 936ms
   ✓ JobFilters > renders filters component with header 115ms
   ✓ JobFilters > renders search input with placeholder 28ms
   ✓ JobFilters > handles search input changes 42ms
   ✓ JobFilters > handles search on Enter key 20ms
   ✓ JobFilters > shows search help text 18ms
   ✓ JobFilters > renders expand/collapse button 36ms
   ✓ JobFilters > toggles filters section visibility 57ms
   ✓ JobFilters > handles keyboard navigation for expand/collapse 49ms
   ✓ JobFilters > renders status filter with correct options 41ms
   ✓ JobFilters > handles status filter changes 36ms
   ✓ JobFilters > renders date range filter with correct options 59ms
   ✓ JobFilters > handles date range filter changes 19ms
   ✓ JobFilters > renders label filter input 18ms
   ✓ JobFilters > handles label filter changes 19ms
   ✓ JobFilters > renders image count range filters 36ms
   ✓ JobFilters > handles min images filter changes 23ms
   ✓ JobFilters > handles max images filter changes 22ms
   ✓ JobFilters > handles max images filter with empty value 19ms
   ✓ JobFilters > shows help text for filters 19ms
   ✓ JobFilters > renders quick filter pills 23ms
   ✓ JobFilters > handles quick filter clicks 14ms
   ✓ JobFilters > shows active filters count when filters are applied 18ms
   ✓ JobFilters > shows clear all button when filters are active 19ms
   × JobFilters > disables clear all button when no filters are active 34ms
     → expect(element).toBeDisabled()

Received element is not disabled:
  <button
  aria-disabled="false"
  aria-label="Clear all filters and search"
  class="px-4 py-2 text-sm font-medium rounded-md transition-colors bg-gray-200 text-gray-700 hover:bg-gray-300"
/>
   × JobFilters > handles clear all filters 34ms
     → expected "spy" to be called with arguments: [ { status: 'all', …(4) } ]

Received: 

  1st spy call:

  [
    {
      "dateRange": "all",
      "label": "",
-     "maxImages": null,
+     "maxImages": undefined,
      "minImages": 0,
      "status": "all",
    },
  ]


Number of calls: 1

   ✓ JobFilters > renders apply filters button 33ms
   ✓ JobFilters > handles apply filters button click 17ms
   ✓ JobFilters > handles keyboard navigation for quick filters 10ms
   ✓ JobFilters > shows correct filter descriptions 26ms
   ✓ JobFilters > handles edge case with empty search query 9ms
   ✓ JobFilters > handles edge case with null maxImages 20ms
 ❯ src/renderer/components/Dashboard/__tests__/ImageGallery.test.tsx (24 tests | 13 failed) 1053ms
   × ImageGallery > renders image gallery with main sections 173ms
     → Unable to find an element with the text: Generated Images. This could be because the text is broken up by multiple elements. In this case, you can provide a function for your text matcher to make your matcher more flexible.

Ignored nodes: comments, script, style
[36m<body>[39m
  [36m<div>[39m
    [36m<div[39m
      [33mclass[39m=[32m"flex flex-col h-full min-h-0"[39m
    [36m>[39m
      [36m<div[39m
        [33mclass[39m=[32m"flex-1 overflow-y-auto min-h-0"[39m
      [36m>[39m
        [36m<div[39m
          [33mclass[39m=[32m"grid grid-cols-2 md:grid-cols-3 lg:grid-cols-4 xl:grid-cols-6 gap-4 p-4"[39m
        [36m>[39m
          [36m<div[39m
            [33mclass[39m=[32m"relative bg-white border rounded-lg overflow-hidden transition-colors border-gray-200 hover:border-gray-300 hover:bg-gray-50"[39m
          [36m>[39m
            [36m<div[39m
              [33mclass[39m=[32m"absolute top-2 right-2 z-10"[39m
            [36m>[39m
              [36m<input[39m
                [33maria-label[39m=[32m"Select An abstract painting"[39m
                [33mclass[39m=[32m"rounded border-gray-300 text-blue-600 focus:ring-blue-500"[39m
                [33mtype[39m=[32m"checkbox"[39m
              [36m/>[39m
            [36m</div>[39m
            [36m<div[39m
              [33mclass[39m=[32m"relative aspect-square"[39m
            [36m>[39m
              [36m<div[39m
                [33mclass[39m=[32m"absolute top-2 left-2 z-10"[39m
              [36m>[39m
                [36m<span[39m
                  [33mclass[39m=[32m"inline-flex items-center gap-1 px-2 py-1 rounded-full text-sm font-medium border bg-green-100 text-green-800 border-green-200"[39m
                [36m>[39m
                  [36m<svg[39m
                    [33maria-hidden[39m=[32m"true"[39m
                    [33mclass[39m=[32m"w-4 h-4"[39m
                    [33mfill[39m=[32m"none"[39m
                    [33mstroke[39m=[32m"currentColor"[39m
                    [33mviewBox[39m=[32m"0 0 24 24"[39m
                  [36m>[39m
                    [36m<path[39m
                      [33md[39m=[32m"M5 13l4 4L19 7"[39m
                      [33mstroke-linecap[39m=[32m"round"[39m
                      [33mstroke-linejoin[39m=[32m"round"[39m
                      [33mstroke-width[39m=[32m"2"[39m
                    [36m/>[39m
                  [36m</svg>[39m
                  [0mApproved[0m
                [36m</span>[39m
              [36m</div>[39m
              [36m<img[39m
                [33malt[39m=[32m"An abstract painting"[39m
                [33mclass[39m=[32m"w-full h-full object-cover cursor-pointer"[39m
                [33msrc[39m=[32m"local-file:///path/to/image3.png"[39m
              [36m/>[39m
              [36m<div[39m
                [33mclass[39m=[32m"absolute inset-0 bg-black bg-opacity-0 hover:bg-opacity-50 transition-all duration-200 flex items-center justify-center opacity-0 hover:opacity-100"[39m
              [36m>[39m
                [36m<div[39m
                  [33mclass[39m=[32m"flex items-center space-x-2"[39m
                [36m>[39m
                  [36m<button[39m
                    [33maria-label[39m=[32m"View full size"[39m
                    [33mclass[39m=[32m"p-2 bg-blue-600 text-white rounded-full hover:bg-blue-700"[39m
                    [33mtitle[39m=[32m"View full size"[39m
                  [36m>[39m
                    [36m<svg[39m
                      [33mclass[39m=[32m"w-4 h-4"[39m
                      [33mfill[39m=[32m"none"[39m
                      [33mstroke[39m=[32m"currentColor"[39m
                      [33mviewBox[39m=[32m"0 0 24 24"[39m
                    [36m>[39m
                      [36m<path[39m
                        [33md[39m=[32m"M15 12a3 3 0 11-6 0 3 3 0 016 0z"[39m
                        [33mstroke-linecap[39m=[32m"round"[39m
                        [33mstroke-linejoin[39m=[32m"round"[39m
                        [33mstroke-width[39m=[32m"2"[39m
                      [36m/>[39m
                      [36m<path[39m
                        [33md[39m=[32m"M2.458 12C3.732 7.943 7.523 5 12 5c4.478 0 8.268 2.943 9.542 7-1.274 4.057-5.064 7-9.542 7-4.477 0-8.268-2.943-9.542-7z"[39m
                        [33mstroke-linecap[39m=[32m"round"[39m
                        [33mstroke-linejoin[39m=[32m"round"[39m
                        [33mstroke-width[39m=[32m"2"[39m
                      [36m/>[39m
                    [36m</svg>[39m
                  [36m</button>[39m
                  [36m<button[39m
                    [33maria-label[39m=[32m"Delete"[39m
                    [33mclass[39m=[32m"p-2 bg-red-600 text-white rounded-full hover:bg-red-700"[39m
                    [33mtitle[39m=[32m"Delete"[39m
                  [36m>[39m
                    [36m<svg[39m
                      [33mclass[39m=[32m"w-4 h-4"[39m
                      [33mfill[39m=[32m"none"[39m
                      [33mstroke[39m=[32m"currentColor"[39m
                      [33mviewBox[39m=[32m"0 0 24 24"[39m
                    [36m>[39m
                      [36m<path[39m
                        [33md[39m=[32m"M19 7l-.867 12.142A2 2 0 0116.138 21H7.862a2 2 0 01-1.995-1.858L5 7m5 4v6m4-6v6m1-10V4a1 1 0 00-1-1h-4a1 1 0 00-1 1v3M4 7h16"[39m
                        [33mstroke-linecap[39m=[32m"round"[39m
                        [33mstroke-linejoin[39m=[32m"round"[39m
                        [33mstroke-width[39m=[32m"2"[39m
                      [36m/>[39m
                    [36m</svg>[39m
                  [36m</button>[39m
                [36m</div>[39m
              [36m</div>[39m
            [36m</div>[39m
            [36m<div[39m
              [33mclass[39m=[32m"p-3 space-y-2"[39m
            [36m>[39m
              [36m<div>[39m
                [36m<div[39m
                  [33mclass[39m=[32m"text-sm font-medium text-gray-900 line-clamp-2"[39m
                  [33mtitle[39m=[32m"An abstract painting"[39m
                [36m>[39m
                  [0mAn abstract painting[0m
                [36m</div>[39m
                [36m<div[39m
                  [33mclass[39m=[32m"text-xs text-gray-500 truncate mt-1"[39m
                  [33mtitle[39m=[32m"Job job-2"[39m
                [36m>[39m
                  [0mJob job-2[0m
                [36m</div>[39m
              [36m</div>[39m
              [36m<div[39m
                [33mclass[39m=[32m"flex items-center justify-between text-xs text-gray-500 mt-2"[39m
              [36m>[39m
                [36m<div[39m
                  [33mclass[39m=[32m"flex items-center space-x-2"[39m
                [36m/>[39m
                [36m<div[39m
                  [33mtitle[39m=[32m"1/1/2024 12:02:00 PM"[39m
                [36m>[39m
                  [0m1/1/2024[0m
                [36m</div>[39m
              [36m</div>[39m
            [36m</div>[39m
          [36m</div>[39m
          [36m<div[39m
            ...
   ✓ ImageGallery > handles image selection 50ms
   × ImageGallery > handles select all functionality 40ms
     → Unable to find a label with the text of: Select all images

Ignored nodes: comments, script, style
[36m<body>[39m
  [36m<div>[39m
    [36m<div[39m
      [33mclass[39m=[32m"flex flex-col h-full min-h-0"[39m
    [36m>[39m
      [36m<div[39m
        [33mclass[39m=[32m"flex-1 overflow-y-auto min-h-0"[39m
      [36m>[39m
        [36m<div[39m
          [33mclass[39m=[32m"grid grid-cols-2 md:grid-cols-3 lg:grid-cols-4 xl:grid-cols-6 gap-4 p-4"[39m
        [36m>[39m
          [36m<div[39m
            [33mclass[39m=[32m"relative bg-white border rounded-lg overflow-hidden transition-colors border-gray-200 hover:border-gray-300 hover:bg-gray-50"[39m
          [36m>[39m
            [36m<div[39m
              [33mclass[39m=[32m"absolute top-2 right-2 z-10"[39m
            [36m>[39m
              [36m<input[39m
                [33maria-label[39m=[32m"Select An abstract painting"[39m
                [33mclass[39m=[32m"rounded border-gray-300 text-blue-600 focus:ring-blue-500"[39m
                [33mtype[39m=[32m"checkbox"[39m
              [36m/>[39m
            [36m</div>[39m
            [36m<div[39m
              [33mclass[39m=[32m"relative aspect-square"[39m
            [36m>[39m
              [36m<div[39m
                [33mclass[39m=[32m"absolute top-2 left-2 z-10"[39m
              [36m>[39m
                [36m<span[39m
                  [33mclass[39m=[32m"inline-flex items-center gap-1 px-2 py-1 rounded-full text-sm font-medium border bg-green-100 text-green-800 border-green-200"[39m
                [36m>[39m
                  [36m<svg[39m
                    [33maria-hidden[39m=[32m"true"[39m
                    [33mclass[39m=[32m"w-4 h-4"[39m
                    [33mfill[39m=[32m"none"[39m
                    [33mstroke[39m=[32m"currentColor"[39m
                    [33mviewBox[39m=[32m"0 0 24 24"[39m
                  [36m>[39m
                    [36m<path[39m
                      [33md[39m=[32m"M5 13l4 4L19 7"[39m
                      [33mstroke-linecap[39m=[32m"round"[39m
                      [33mstroke-linejoin[39m=[32m"round"[39m
                      [33mstroke-width[39m=[32m"2"[39m
                    [36m/>[39m
                  [36m</svg>[39m
                  [0mApproved[0m
                [36m</span>[39m
              [36m</div>[39m
              [36m<img[39m
                [33malt[39m=[32m"An abstract painting"[39m
                [33mclass[39m=[32m"w-full h-full object-cover cursor-pointer"[39m
                [33msrc[39m=[32m"local-file:///path/to/image3.png"[39m
              [36m/>[39m
              [36m<div[39m
                [33mclass[39m=[32m"absolute inset-0 bg-black bg-opacity-0 hover:bg-opacity-50 transition-all duration-200 flex items-center justify-center opacity-0 hover:opacity-100"[39m
              [36m>[39m
                [36m<div[39m
                  [33mclass[39m=[32m"flex items-center space-x-2"[39m
                [36m>[39m
                  [36m<button[39m
                    [33maria-label[39m=[32m"View full size"[39m
                    [33mclass[39m=[32m"p-2 bg-blue-600 text-white rounded-full hover:bg-blue-700"[39m
                    [33mtitle[39m=[32m"View full size"[39m
                  [36m>[39m
                    [36m<svg[39m
                      [33mclass[39m=[32m"w-4 h-4"[39m
                      [33mfill[39m=[32m"none"[39m
                      [33mstroke[39m=[32m"currentColor"[39m
                      [33mviewBox[39m=[32m"0 0 24 24"[39m
                    [36m>[39m
                      [36m<path[39m
                        [33md[39m=[32m"M15 12a3 3 0 11-6 0 3 3 0 016 0z"[39m
                        [33mstroke-linecap[39m=[32m"round"[39m
                        [33mstroke-linejoin[39m=[32m"round"[39m
                        [33mstroke-width[39m=[32m"2"[39m
                      [36m/>[39m
                      [36m<path[39m
                        [33md[39m=[32m"M2.458 12C3.732 7.943 7.523 5 12 5c4.478 0 8.268 2.943 9.542 7-1.274 4.057-5.064 7-9.542 7-4.477 0-8.268-2.943-9.542-7z"[39m
                        [33mstroke-linecap[39m=[32m"round"[39m
                        [33mstroke-linejoin[39m=[32m"round"[39m
                        [33mstroke-width[39m=[32m"2"[39m
                      [36m/>[39m
                    [36m</svg>[39m
                  [36m</button>[39m
                  [36m<button[39m
                    [33maria-label[39m=[32m"Delete"[39m
                    [33mclass[39m=[32m"p-2 bg-red-600 text-white rounded-full hover:bg-red-700"[39m
                    [33mtitle[39m=[32m"Delete"[39m
                  [36m>[39m
                    [36m<svg[39m
                      [33mclass[39m=[32m"w-4 h-4"[39m
                      [33mfill[39m=[32m"none"[39m
                      [33mstroke[39m=[32m"currentColor"[39m
                      [33mviewBox[39m=[32m"0 0 24 24"[39m
                    [36m>[39m
                      [36m<path[39m
                        [33md[39m=[32m"M19 7l-.867 12.142A2 2 0 0116.138 21H7.862a2 2 0 01-1.995-1.858L5 7m5 4v6m4-6v6m1-10V4a1 1 0 00-1-1h-4a1 1 0 00-1 1v3M4 7h16"[39m
                        [33mstroke-linecap[39m=[32m"round"[39m
                        [33mstroke-linejoin[39m=[32m"round"[39m
                        [33mstroke-width[39m=[32m"2"[39m
                      [36m/>[39m
                    [36m</svg>[39m
                  [36m</button>[39m
                [36m</div>[39m
              [36m</div>[39m
            [36m</div>[39m
            [36m<div[39m
              [33mclass[39m=[32m"p-3 space-y-2"[39m
            [36m>[39m
              [36m<div>[39m
                [36m<div[39m
                  [33mclass[39m=[32m"text-sm font-medium text-gray-900 line-clamp-2"[39m
                  [33mtitle[39m=[32m"An abstract painting"[39m
                [36m>[39m
                  [0mAn abstract painting[0m
                [36m</div>[39m
                [36m<div[39m
                  [33mclass[39m=[32m"text-xs text-gray-500 truncate mt-1"[39m
                  [33mtitle[39m=[32m"Job job-2"[39m
                [36m>[39m
                  [0mJob job-2[0m
                [36m</div>[39m
              [36m</div>[39m
              [36m<div[39m
                [33mclass[39m=[32m"flex items-center justify-between text-xs text-gray-500 mt-2"[39m
              [36m>[39m
                [36m<div[39m
                  [33mclass[39m=[32m"flex items-center space-x-2"[39m
                [36m/>[39m
                [36m<div[39m
                  [33mtitle[39m=[32m"1/1/2024 12:02:00 PM"[39m
                [36m>[39m
                  [0m1/1/2024[0m
                [36m</div>[39m
              [36m</div>[39m
            [36m</div>[39m
          [36m</div>[39m
          [36m<div[39m
            ...
   × ImageGallery > handles bulk actions (delete only) 48ms
     → Unable to find an element with the text: Delete Selected. This could be because the text is broken up by multiple elements. In this case, you can provide a function for your text matcher to make your matcher more flexible.

Ignored nodes: comments, script, style
[36m<body>[39m
  [36m<div>[39m
    [36m<div[39m
      [33mclass[39m=[32m"flex flex-col h-full min-h-0"[39m
    [36m>[39m
      [36m<div[39m
        [33mclass[39m=[32m"flex-1 overflow-y-auto min-h-0"[39m
      [36m>[39m
        [36m<div[39m
          [33mclass[39m=[32m"grid grid-cols-2 md:grid-cols-3 lg:grid-cols-4 xl:grid-cols-6 gap-4 p-4"[39m
        [36m>[39m
          [36m<div[39m
            [33mclass[39m=[32m"relative bg-white border rounded-lg overflow-hidden transition-colors border-gray-200 hover:border-gray-300 hover:bg-gray-50"[39m
          [36m>[39m
            [36m<div[39m
              [33mclass[39m=[32m"absolute top-2 right-2 z-10"[39m
            [36m>[39m
              [36m<input[39m
                [33maria-label[39m=[32m"Select An abstract painting"[39m
                [33mclass[39m=[32m"rounded border-gray-300 text-blue-600 focus:ring-blue-500"[39m
                [33mtype[39m=[32m"checkbox"[39m
              [36m/>[39m
            [36m</div>[39m
            [36m<div[39m
              [33mclass[39m=[32m"relative aspect-square"[39m
            [36m>[39m
              [36m<div[39m
                [33mclass[39m=[32m"absolute top-2 left-2 z-10"[39m
              [36m>[39m
                [36m<span[39m
                  [33mclass[39m=[32m"inline-flex items-center gap-1 px-2 py-1 rounded-full text-sm font-medium border bg-green-100 text-green-800 border-green-200"[39m
                [36m>[39m
                  [36m<svg[39m
                    [33maria-hidden[39m=[32m"true"[39m
                    [33mclass[39m=[32m"w-4 h-4"[39m
                    [33mfill[39m=[32m"none"[39m
                    [33mstroke[39m=[32m"currentColor"[39m
                    [33mviewBox[39m=[32m"0 0 24 24"[39m
                  [36m>[39m
                    [36m<path[39m
                      [33md[39m=[32m"M5 13l4 4L19 7"[39m
                      [33mstroke-linecap[39m=[32m"round"[39m
                      [33mstroke-linejoin[39m=[32m"round"[39m
                      [33mstroke-width[39m=[32m"2"[39m
                    [36m/>[39m
                  [36m</svg>[39m
                  [0mApproved[0m
                [36m</span>[39m
              [36m</div>[39m
              [36m<img[39m
                [33malt[39m=[32m"An abstract painting"[39m
                [33mclass[39m=[32m"w-full h-full object-cover cursor-pointer"[39m
                [33msrc[39m=[32m"local-file:///path/to/image3.png"[39m
              [36m/>[39m
              [36m<div[39m
                [33mclass[39m=[32m"absolute inset-0 bg-black bg-opacity-0 hover:bg-opacity-50 transition-all duration-200 flex items-center justify-center opacity-0 hover:opacity-100"[39m
              [36m>[39m
                [36m<div[39m
                  [33mclass[39m=[32m"flex items-center space-x-2"[39m
                [36m>[39m
                  [36m<button[39m
                    [33maria-label[39m=[32m"View full size"[39m
                    [33mclass[39m=[32m"p-2 bg-blue-600 text-white rounded-full hover:bg-blue-700"[39m
                    [33mtitle[39m=[32m"View full size"[39m
                  [36m>[39m
                    [36m<svg[39m
                      [33mclass[39m=[32m"w-4 h-4"[39m
                      [33mfill[39m=[32m"none"[39m
                      [33mstroke[39m=[32m"currentColor"[39m
                      [33mviewBox[39m=[32m"0 0 24 24"[39m
                    [36m>[39m
                      [36m<path[39m
                        [33md[39m=[32m"M15 12a3 3 0 11-6 0 3 3 0 016 0z"[39m
                        [33mstroke-linecap[39m=[32m"round"[39m
                        [33mstroke-linejoin[39m=[32m"round"[39m
                        [33mstroke-width[39m=[32m"2"[39m
                      [36m/>[39m
                      [36m<path[39m
                        [33md[39m=[32m"M2.458 12C3.732 7.943 7.523 5 12 5c4.478 0 8.268 2.943 9.542 7-1.274 4.057-5.064 7-9.542 7-4.477 0-8.268-2.943-9.542-7z"[39m
                        [33mstroke-linecap[39m=[32m"round"[39m
                        [33mstroke-linejoin[39m=[32m"round"[39m
                        [33mstroke-width[39m=[32m"2"[39m
                      [36m/>[39m
                    [36m</svg>[39m
                  [36m</button>[39m
                  [36m<button[39m
                    [33maria-label[39m=[32m"Delete"[39m
                    [33mclass[39m=[32m"p-2 bg-red-600 text-white rounded-full hover:bg-red-700"[39m
                    [33mtitle[39m=[32m"Delete"[39m
                  [36m>[39m
                    [36m<svg[39m
                      [33mclass[39m=[32m"w-4 h-4"[39m
                      [33mfill[39m=[32m"none"[39m
                      [33mstroke[39m=[32m"currentColor"[39m
                      [33mviewBox[39m=[32m"0 0 24 24"[39m
                    [36m>[39m
                      [36m<path[39m
                        [33md[39m=[32m"M19 7l-.867 12.142A2 2 0 0116.138 21H7.862a2 2 0 01-1.995-1.858L5 7m5 4v6m4-6v6m1-10V4a1 1 0 00-1-1h-4a1 1 0 00-1 1v3M4 7h16"[39m
                        [33mstroke-linecap[39m=[32m"round"[39m
                        [33mstroke-linejoin[39m=[32m"round"[39m
                        [33mstroke-width[39m=[32m"2"[39m
                      [36m/>[39m
                    [36m</svg>[39m
                  [36m</button>[39m
                [36m</div>[39m
              [36m</div>[39m
            [36m</div>[39m
            [36m<div[39m
              [33mclass[39m=[32m"p-3 space-y-2"[39m
            [36m>[39m
              [36m<div>[39m
                [36m<div[39m
                  [33mclass[39m=[32m"text-sm font-medium text-gray-900 line-clamp-2"[39m
                  [33mtitle[39m=[32m"An abstract painting"[39m
                [36m>[39m
                  [0mAn abstract painting[0m
                [36m</div>[39m
                [36m<div[39m
                  [33mclass[39m=[32m"text-xs text-gray-500 truncate mt-1"[39m
                  [33mtitle[39m=[32m"Job job-2"[39m
                [36m>[39m
                  [0mJob job-2[0m
                [36m</div>[39m
              [36m</div>[39m
              [36m<div[39m
                [33mclass[39m=[32m"flex items-center justify-between text-xs text-gray-500 mt-2"[39m
              [36m>[39m
                [36m<div[39m
                  [33mclass[39m=[32m"flex items-center space-x-2"[39m
                [36m/>[39m
                [36m<div[39m
                  [33mtitle[39m=[32m"1/1/2024 12:02:00 PM"[39m
                [36m>[39m
                  [0m1/1/2024[0m
                [36m</div>[39m
              [36m</div>[39m
            [36m</div>[39m
          [36m</div>[39m
          [36m<div[39m
            ...
   × ImageGallery > switches between grid and list view 54ms
     → Unable to find a label with the text of: List view

Ignored nodes: comments, script, style
[36m<body>[39m
  [36m<div>[39m
    [36m<div[39m
      [33mclass[39m=[32m"flex flex-col h-full min-h-0"[39m
    [36m>[39m
      [36m<div[39m
        [33mclass[39m=[32m"flex-1 overflow-y-auto min-h-0"[39m
      [36m>[39m
        [36m<div[39m
          [33mclass[39m=[32m"grid grid-cols-2 md:grid-cols-3 lg:grid-cols-4 xl:grid-cols-6 gap-4 p-4"[39m
        [36m>[39m
          [36m<div[39m
            [33mclass[39m=[32m"relative bg-white border rounded-lg overflow-hidden transition-colors border-gray-200 hover:border-gray-300 hover:bg-gray-50"[39m
          [36m>[39m
            [36m<div[39m
              [33mclass[39m=[32m"absolute top-2 right-2 z-10"[39m
            [36m>[39m
              [36m<input[39m
                [33maria-label[39m=[32m"Select An abstract painting"[39m
                [33mclass[39m=[32m"rounded border-gray-300 text-blue-600 focus:ring-blue-500"[39m
                [33mtype[39m=[32m"checkbox"[39m
              [36m/>[39m
            [36m</div>[39m
            [36m<div[39m
              [33mclass[39m=[32m"relative aspect-square"[39m
            [36m>[39m
              [36m<div[39m
                [33mclass[39m=[32m"absolute top-2 left-2 z-10"[39m
              [36m>[39m
                [36m<span[39m
                  [33mclass[39m=[32m"inline-flex items-center gap-1 px-2 py-1 rounded-full text-sm font-medium border bg-green-100 text-green-800 border-green-200"[39m
                [36m>[39m
                  [36m<svg[39m
                    [33maria-hidden[39m=[32m"true"[39m
                    [33mclass[39m=[32m"w-4 h-4"[39m
                    [33mfill[39m=[32m"none"[39m
                    [33mstroke[39m=[32m"currentColor"[39m
                    [33mviewBox[39m=[32m"0 0 24 24"[39m
                  [36m>[39m
                    [36m<path[39m
                      [33md[39m=[32m"M5 13l4 4L19 7"[39m
                      [33mstroke-linecap[39m=[32m"round"[39m
                      [33mstroke-linejoin[39m=[32m"round"[39m
                      [33mstroke-width[39m=[32m"2"[39m
                    [36m/>[39m
                  [36m</svg>[39m
                  [0mApproved[0m
                [36m</span>[39m
              [36m</div>[39m
              [36m<img[39m
                [33malt[39m=[32m"An abstract painting"[39m
                [33mclass[39m=[32m"w-full h-full object-cover cursor-pointer"[39m
                [33msrc[39m=[32m"local-file:///path/to/image3.png"[39m
              [36m/>[39m
              [36m<div[39m
                [33mclass[39m=[32m"absolute inset-0 bg-black bg-opacity-0 hover:bg-opacity-50 transition-all duration-200 flex items-center justify-center opacity-0 hover:opacity-100"[39m
              [36m>[39m
                [36m<div[39m
                  [33mclass[39m=[32m"flex items-center space-x-2"[39m
                [36m>[39m
                  [36m<button[39m
                    [33maria-label[39m=[32m"View full size"[39m
                    [33mclass[39m=[32m"p-2 bg-blue-600 text-white rounded-full hover:bg-blue-700"[39m
                    [33mtitle[39m=[32m"View full size"[39m
                  [36m>[39m
                    [36m<svg[39m
                      [33mclass[39m=[32m"w-4 h-4"[39m
                      [33mfill[39m=[32m"none"[39m
                      [33mstroke[39m=[32m"currentColor"[39m
                      [33mviewBox[39m=[32m"0 0 24 24"[39m
                    [36m>[39m
                      [36m<path[39m
                        [33md[39m=[32m"M15 12a3 3 0 11-6 0 3 3 0 016 0z"[39m
                        [33mstroke-linecap[39m=[32m"round"[39m
                        [33mstroke-linejoin[39m=[32m"round"[39m
                        [33mstroke-width[39m=[32m"2"[39m
                      [36m/>[39m
                      [36m<path[39m
                        [33md[39m=[32m"M2.458 12C3.732 7.943 7.523 5 12 5c4.478 0 8.268 2.943 9.542 7-1.274 4.057-5.064 7-9.542 7-4.477 0-8.268-2.943-9.542-7z"[39m
                        [33mstroke-linecap[39m=[32m"round"[39m
                        [33mstroke-linejoin[39m=[32m"round"[39m
                        [33mstroke-width[39m=[32m"2"[39m
                      [36m/>[39m
                    [36m</svg>[39m
                  [36m</button>[39m
                  [36m<button[39m
                    [33maria-label[39m=[32m"Delete"[39m
                    [33mclass[39m=[32m"p-2 bg-red-600 text-white rounded-full hover:bg-red-700"[39m
                    [33mtitle[39m=[32m"Delete"[39m
                  [36m>[39m
                    [36m<svg[39m
                      [33mclass[39m=[32m"w-4 h-4"[39m
                      [33mfill[39m=[32m"none"[39m
                      [33mstroke[39m=[32m"currentColor"[39m
                      [33mviewBox[39m=[32m"0 0 24 24"[39m
                    [36m>[39m
                      [36m<path[39m
                        [33md[39m=[32m"M19 7l-.867 12.142A2 2 0 0116.138 21H7.862a2 2 0 01-1.995-1.858L5 7m5 4v6m4-6v6m1-10V4a1 1 0 00-1-1h-4a1 1 0 00-1 1v3M4 7h16"[39m
                        [33mstroke-linecap[39m=[32m"round"[39m
                        [33mstroke-linejoin[39m=[32m"round"[39m
                        [33mstroke-width[39m=[32m"2"[39m
                      [36m/>[39m
                    [36m</svg>[39m
                  [36m</button>[39m
                [36m</div>[39m
              [36m</div>[39m
            [36m</div>[39m
            [36m<div[39m
              [33mclass[39m=[32m"p-3 space-y-2"[39m
            [36m>[39m
              [36m<div>[39m
                [36m<div[39m
                  [33mclass[39m=[32m"text-sm font-medium text-gray-900 line-clamp-2"[39m
                  [33mtitle[39m=[32m"An abstract painting"[39m
                [36m>[39m
                  [0mAn abstract painting[0m
                [36m</div>[39m
                [36m<div[39m
                  [33mclass[39m=[32m"text-xs text-gray-500 truncate mt-1"[39m
                  [33mtitle[39m=[32m"Job job-2"[39m
                [36m>[39m
                  [0mJob job-2[0m
                [36m</div>[39m
              [36m</div>[39m
              [36m<div[39m
                [33mclass[39m=[32m"flex items-center justify-between text-xs text-gray-500 mt-2"[39m
              [36m>[39m
                [36m<div[39m
                  [33mclass[39m=[32m"flex items-center space-x-2"[39m
                [36m/>[39m
                [36m<div[39m
                  [33mtitle[39m=[32m"1/1/2024 12:02:00 PM"[39m
                [36m>[39m
                  [0m1/1/2024[0m
                [36m</div>[39m
              [36m</div>[39m
            [36m</div>[39m
          [36m</div>[39m
          [36m<div[39m
            ...
   ✓ ImageGallery > shows image metadata 20ms
   ✓ ImageGallery > renders creation date info via title attribute 26ms
   ✓ ImageGallery > handles delete image action 29ms
   × ImageGallery > handles empty image gallery 24ms
     → Unable to find an element with the text: No images found matching the current filters.. This could be because the text is broken up by multiple elements. In this case, you can provide a function for your text matcher to make your matcher more flexible.

Ignored nodes: comments, script, style
[36m<body>[39m
  [36m<div>[39m
    [36m<div[39m
      [33mclass[39m=[32m"flex flex-col h-full min-h-0"[39m
    [36m>[39m
      [36m<div[39m
        [33mclass[39m=[32m"flex-1 overflow-y-auto min-h-0"[39m
      [36m>[39m
        [36m<div[39m
          [33maria-live[39m=[32m"polite"[39m
          [33mclass[39m=[32m"text-center py-8 text-gray-500"[39m
        [36m>[39m
          [36m<div>[39m
            [0mNo images match the current filters.[0m
          [36m</div>[39m
        [36m</div>[39m
      [36m</div>[39m
    [36m</div>[39m
  [36m</div>[39m
[36m</body>[39m
   × ImageGallery > disables export when no images 114ms
     → Unable to find an accessible element with the role "button" and name `/Export .*Excel/i`

There are no accessible roles. But there might be some inaccessible roles. If you wish to access them, then set the `hidden` option to `true`. Learn more about this here: https://testing-library.com/docs/dom-testing-library/api-queries#byrole

Ignored nodes: comments, script, style
[36m<body>[39m
  [36m<div>[39m
    [36m<div[39m
      [33mclass[39m=[32m"flex flex-col h-full min-h-0"[39m
    [36m>[39m
      [36m<div[39m
        [33mclass[39m=[32m"flex-1 overflow-y-auto min-h-0"[39m
      [36m>[39m
        [36m<div[39m
          [33maria-live[39m=[32m"polite"[39m
          [33mclass[39m=[32m"text-center py-8 text-gray-500"[39m
        [36m>[39m
          [36m<div>[39m
            [0mNo images match the current filters.[0m
          [36m</div>[39m
        [36m</div>[39m
      [36m</div>[39m
    [36m</div>[39m
  [36m</div>[39m
[36m</body>[39m
   × ImageGallery > displays image count correctly 21ms
     → Unable to find an element with the text: 3 Total Images. This could be because the text is broken up by multiple elements. In this case, you can provide a function for your text matcher to make your matcher more flexible.

Ignored nodes: comments, script, style
[36m<body>[39m
  [36m<div>[39m
    [36m<div[39m
      [33mclass[39m=[32m"flex flex-col h-full min-h-0"[39m
    [36m>[39m
      [36m<div[39m
        [33mclass[39m=[32m"flex-1 overflow-y-auto min-h-0"[39m
      [36m>[39m
        [36m<div[39m
          [33mclass[39m=[32m"grid grid-cols-2 md:grid-cols-3 lg:grid-cols-4 xl:grid-cols-6 gap-4 p-4"[39m
        [36m>[39m
          [36m<div[39m
            [33mclass[39m=[32m"relative bg-white border rounded-lg overflow-hidden transition-colors border-gray-200 hover:border-gray-300 hover:bg-gray-50"[39m
          [36m>[39m
            [36m<div[39m
              [33mclass[39m=[32m"absolute top-2 right-2 z-10"[39m
            [36m>[39m
              [36m<input[39m
                [33maria-label[39m=[32m"Select An abstract painting"[39m
                [33mclass[39m=[32m"rounded border-gray-300 text-blue-600 focus:ring-blue-500"[39m
                [33mtype[39m=[32m"checkbox"[39m
              [36m/>[39m
            [36m</div>[39m
            [36m<div[39m
              [33mclass[39m=[32m"relative aspect-square"[39m
            [36m>[39m
              [36m<div[39m
                [33mclass[39m=[32m"absolute top-2 left-2 z-10"[39m
              [36m>[39m
                [36m<span[39m
                  [33mclass[39m=[32m"inline-flex items-center gap-1 px-2 py-1 rounded-full text-sm font-medium border bg-green-100 text-green-800 border-green-200"[39m
                [36m>[39m
                  [36m<svg[39m
                    [33maria-hidden[39m=[32m"true"[39m
                    [33mclass[39m=[32m"w-4 h-4"[39m
                    [33mfill[39m=[32m"none"[39m
                    [33mstroke[39m=[32m"currentColor"[39m
                    [33mviewBox[39m=[32m"0 0 24 24"[39m
                  [36m>[39m
                    [36m<path[39m
                      [33md[39m=[32m"M5 13l4 4L19 7"[39m
                      [33mstroke-linecap[39m=[32m"round"[39m
                      [33mstroke-linejoin[39m=[32m"round"[39m
                      [33mstroke-width[39m=[32m"2"[39m
                    [36m/>[39m
                  [36m</svg>[39m
                  [0mApproved[0m
                [36m</span>[39m
              [36m</div>[39m
              [36m<img[39m
                [33malt[39m=[32m"An abstract painting"[39m
                [33mclass[39m=[32m"w-full h-full object-cover cursor-pointer"[39m
                [33msrc[39m=[32m"local-file:///path/to/image3.png"[39m
              [36m/>[39m
              [36m<div[39m
                [33mclass[39m=[32m"absolute inset-0 bg-black bg-opacity-0 hover:bg-opacity-50 transition-all duration-200 flex items-center justify-center opacity-0 hover:opacity-100"[39m
              [36m>[39m
                [36m<div[39m
                  [33mclass[39m=[32m"flex items-center space-x-2"[39m
                [36m>[39m
                  [36m<button[39m
                    [33maria-label[39m=[32m"View full size"[39m
                    [33mclass[39m=[32m"p-2 bg-blue-600 text-white rounded-full hover:bg-blue-700"[39m
                    [33mtitle[39m=[32m"View full size"[39m
                  [36m>[39m
                    [36m<svg[39m
                      [33mclass[39m=[32m"w-4 h-4"[39m
                      [33mfill[39m=[32m"none"[39m
                      [33mstroke[39m=[32m"currentColor"[39m
                      [33mviewBox[39m=[32m"0 0 24 24"[39m
                    [36m>[39m
                      [36m<path[39m
                        [33md[39m=[32m"M15 12a3 3 0 11-6 0 3 3 0 016 0z"[39m
                        [33mstroke-linecap[39m=[32m"round"[39m
                        [33mstroke-linejoin[39m=[32m"round"[39m
                        [33mstroke-width[39m=[32m"2"[39m
                      [36m/>[39m
                      [36m<path[39m
                        [33md[39m=[32m"M2.458 12C3.732 7.943 7.523 5 12 5c4.478 0 8.268 2.943 9.542 7-1.274 4.057-5.064 7-9.542 7-4.477 0-8.268-2.943-9.542-7z"[39m
                        [33mstroke-linecap[39m=[32m"round"[39m
                        [33mstroke-linejoin[39m=[32m"round"[39m
                        [33mstroke-width[39m=[32m"2"[39m
                      [36m/>[39m
                    [36m</svg>[39m
                  [36m</button>[39m
                  [36m<button[39m
                    [33maria-label[39m=[32m"Delete"[39m
                    [33mclass[39m=[32m"p-2 bg-red-600 text-white rounded-full hover:bg-red-700"[39m
                    [33mtitle[39m=[32m"Delete"[39m
                  [36m>[39m
                    [36m<svg[39m
                      [33mclass[39m=[32m"w-4 h-4"[39m
                      [33mfill[39m=[32m"none"[39m
                      [33mstroke[39m=[32m"currentColor"[39m
                      [33mviewBox[39m=[32m"0 0 24 24"[39m
                    [36m>[39m
                      [36m<path[39m
                        [33md[39m=[32m"M19 7l-.867 12.142A2 2 0 0116.138 21H7.862a2 2 0 01-1.995-1.858L5 7m5 4v6m4-6v6m1-10V4a1 1 0 00-1-1h-4a1 1 0 00-1 1v3M4 7h16"[39m
                        [33mstroke-linecap[39m=[32m"round"[39m
                        [33mstroke-linejoin[39m=[32m"round"[39m
                        [33mstroke-width[39m=[32m"2"[39m
                      [36m/>[39m
                    [36m</svg>[39m
                  [36m</button>[39m
                [36m</div>[39m
              [36m</div>[39m
            [36m</div>[39m
            [36m<div[39m
              [33mclass[39m=[32m"p-3 space-y-2"[39m
            [36m>[39m
              [36m<div>[39m
                [36m<div[39m
                  [33mclass[39m=[32m"text-sm font-medium text-gray-900 line-clamp-2"[39m
                  [33mtitle[39m=[32m"An abstract painting"[39m
                [36m>[39m
                  [0mAn abstract painting[0m
                [36m</div>[39m
                [36m<div[39m
                  [33mclass[39m=[32m"text-xs text-gray-500 truncate mt-1"[39m
                  [33mtitle[39m=[32m"Job job-2"[39m
                [36m>[39m
                  [0mJob job-2[0m
                [36m</div>[39m
              [36m</div>[39m
              [36m<div[39m
                [33mclass[39m=[32m"flex items-center justify-between text-xs text-gray-500 mt-2"[39m
              [36m>[39m
                [36m<div[39m
                  [33mclass[39m=[32m"flex items-center space-x-2"[39m
                [36m/>[39m
                [36m<div[39m
                  [33mtitle[39m=[32m"1/1/2024 12:02:00 PM"[39m
                [36m>[39m
                  [0m1/1/2024[0m
                [36m</div>[39m
              [36m</div>[39m
            [36m</div>[39m
          [36m</div>[39m
          [36m<div[39m
            ...
   ✓ ImageGallery > handles keyboard navigation 88ms
   ✓ ImageGallery > provides proper ARIA labels 24ms
   ✓ ImageGallery > handles very long filenames 17ms
   × ImageGallery > handles images with missing metadata 17ms
     → Unable to find an element with the text: Generated Images. This could be because the text is broken up by multiple elements. In this case, you can provide a function for your text matcher to make your matcher more flexible.

Ignored nodes: comments, script, style
[36m<body[39m
  [33mstyle[39m=[32m"overflow: unset;"[39m
[36m>[39m
  [36m<div>[39m
    [36m<div[39m
      [33mclass[39m=[32m"flex flex-col h-full min-h-0"[39m
    [36m>[39m
      [36m<div[39m
        [33mclass[39m=[32m"flex-1 overflow-y-auto min-h-0"[39m
      [36m>[39m
        [36m<div[39m
          [33mclass[39m=[32m"grid grid-cols-2 md:grid-cols-3 lg:grid-cols-4 xl:grid-cols-6 gap-4 p-4"[39m
        [36m>[39m
          [36m<div[39m
            [33mclass[39m=[32m"relative bg-white border rounded-lg overflow-hidden transition-colors border-gray-200 hover:border-gray-300 hover:bg-gray-50"[39m
          [36m>[39m
            [36m<div[39m
              [33mclass[39m=[32m"absolute top-2 right-2 z-10"[39m
            [36m>[39m
              [36m<input[39m
                [33maria-label[39m=[32m"Select undefined"[39m
                [33mclass[39m=[32m"rounded border-gray-300 text-blue-600 focus:ring-blue-500"[39m
                [33mtype[39m=[32m"checkbox"[39m
              [36m/>[39m
            [36m</div>[39m
            [36m<div[39m
              [33mclass[39m=[32m"relative aspect-square"[39m
            [36m>[39m
              [36m<div[39m
                [33mclass[39m=[32m"absolute top-2 left-2 z-10"[39m
              [36m>[39m
                [36m<span[39m
                  [33mclass[39m=[32m"inline-flex items-center gap-1 px-2 py-1 rounded-full text-sm font-medium border bg-green-100 text-green-800 border-green-200"[39m
                [36m>[39m
                  [36m<svg[39m
                    [33maria-hidden[39m=[32m"true"[39m
                    [33mclass[39m=[32m"w-4 h-4"[39m
                    [33mfill[39m=[32m"none"[39m
                    [33mstroke[39m=[32m"currentColor"[39m
                    [33mviewBox[39m=[32m"0 0 24 24"[39m
                  [36m>[39m
                    [36m<path[39m
                      [33md[39m=[32m"M5 13l4 4L19 7"[39m
                      [33mstroke-linecap[39m=[32m"round"[39m
                      [33mstroke-linejoin[39m=[32m"round"[39m
                      [33mstroke-width[39m=[32m"2"[39m
                    [36m/>[39m
                  [36m</svg>[39m
                  [0mApproved[0m
                [36m</span>[39m
              [36m</div>[39m
              [36m<img[39m
                [33mclass[39m=[32m"w-full h-full object-cover cursor-pointer"[39m
                [33msrc[39m=[32m"local-file:///path/to/image1.png"[39m
              [36m/>[39m
              [36m<div[39m
                [33mclass[39m=[32m"absolute inset-0 bg-black bg-opacity-0 hover:bg-opacity-50 transition-all duration-200 flex items-center justify-center opacity-0 hover:opacity-100"[39m
              [36m>[39m
                [36m<div[39m
                  [33mclass[39m=[32m"flex items-center space-x-2"[39m
                [36m>[39m
                  [36m<button[39m
                    [33maria-label[39m=[32m"View full size"[39m
                    [33mclass[39m=[32m"p-2 bg-blue-600 text-white rounded-full hover:bg-blue-700"[39m
                    [33mtitle[39m=[32m"View full size"[39m
                  [36m>[39m
                    [36m<svg[39m
                      [33mclass[39m=[32m"w-4 h-4"[39m
                      [33mfill[39m=[32m"none"[39m
                      [33mstroke[39m=[32m"currentColor"[39m
                      [33mviewBox[39m=[32m"0 0 24 24"[39m
                    [36m>[39m
                      [36m<path[39m
                        [33md[39m=[32m"M15 12a3 3 0 11-6 0 3 3 0 016 0z"[39m
                        [33mstroke-linecap[39m=[32m"round"[39m
                        [33mstroke-linejoin[39m=[32m"round"[39m
                        [33mstroke-width[39m=[32m"2"[39m
                      [36m/>[39m
                      [36m<path[39m
                        [33md[39m=[32m"M2.458 12C3.732 7.943 7.523 5 12 5c4.478 0 8.268 2.943 9.542 7-1.274 4.057-5.064 7-9.542 7-4.477 0-8.268-2.943-9.542-7z"[39m
                        [33mstroke-linecap[39m=[32m"round"[39m
                        [33mstroke-linejoin[39m=[32m"round"[39m
                        [33mstroke-width[39m=[32m"2"[39m
                      [36m/>[39m
                    [36m</svg>[39m
                  [36m</button>[39m
                  [36m<button[39m
                    [33maria-label[39m=[32m"Delete"[39m
                    [33mclass[39m=[32m"p-2 bg-red-600 text-white rounded-full hover:bg-red-700"[39m
                    [33mtitle[39m=[32m"Delete"[39m
                  [36m>[39m
                    [36m<svg[39m
                      [33mclass[39m=[32m"w-4 h-4"[39m
                      [33mfill[39m=[32m"none"[39m
                      [33mstroke[39m=[32m"currentColor"[39m
                      [33mviewBox[39m=[32m"0 0 24 24"[39m
                    [36m>[39m
                      [36m<path[39m
                        [33md[39m=[32m"M19 7l-.867 12.142A2 2 0 0116.138 21H7.862a2 2 0 01-1.995-1.858L5 7m5 4v6m4-6v6m1-10V4a1 1 0 00-1-1h-4a1 1 0 00-1 1v3M4 7h16"[39m
                        [33mstroke-linecap[39m=[32m"round"[39m
                        [33mstroke-linejoin[39m=[32m"round"[39m
                        [33mstroke-width[39m=[32m"2"[39m
                      [36m/>[39m
                    [36m</svg>[39m
                  [36m</button>[39m
                [36m</div>[39m
              [36m</div>[39m
            [36m</div>[39m
            [36m<div[39m
              [33mclass[39m=[32m"p-3 space-y-2"[39m
            [36m>[39m
              [36m<div>[39m
                [36m<div[39m
                  [33mclass[39m=[32m"text-sm font-medium text-gray-900 line-clamp-2"[39m
                  [33mtitle[39m=[32m"Untitled"[39m
                [36m>[39m
                  [0mUntitled[0m
                [36m</div>[39m
                [36m<div[39m
                  [33mclass[39m=[32m"text-xs text-gray-500 truncate mt-1"[39m
                  [33mtitle[39m=[32m"Job job-1"[39m
                [36m>[39m
                  [0mJob job-1[0m
                [36m</div>[39m
              [36m</div>[39m
              [36m<div[39m
                [33mclass[39m=[32m"flex items-center justify-between text-xs text-gray-500 mt-2"[39m
              [36m>[39m
                [36m<div[39m
                  [33mclass[39m=[32m"flex items-center space-x-2"[39m
                [36m/>[39m
                [36m<div[39m
                  [33mtitle[39m=[32m"1/1/2024 12:00:00 PM"[39m
                [36m>[39m
                  [0m1/1/2024[0m
                [36m</div>[39m
              [36m</div>[39m
            [36m</div>[39m
          [36m</div>[39m
        [36m</div>[39m
      [36m</div>[39m
    [36m</div>[39m
  [36m</div>[39m
[36m</body>[39m
   ✓ ImageGallery > handles images with missing file path 12ms
   ✓ ImageGallery > prevents bulk actions when no images are selected 18ms
   ✓ ImageGallery > maintains selection state during updates 35ms
   × ImageGallery > handles multiple image selections 39ms
     → Unable to find an element with the text: Delete Selected. This could be because the text is broken up by multiple elements. In this case, you can provide a function for your text matcher to make your matcher more flexible.

Ignored nodes: comments, script, style
[36m<body[39m
  [33mstyle[39m=[32m"overflow: unset;"[39m
[36m>[39m
  [36m<div>[39m
    [36m<div[39m
      [33mclass[39m=[32m"flex flex-col h-full min-h-0"[39m
    [36m>[39m
      [36m<div[39m
        [33mclass[39m=[32m"flex-1 overflow-y-auto min-h-0"[39m
      [36m>[39m
        [36m<div[39m
          [33mclass[39m=[32m"grid grid-cols-2 md:grid-cols-3 lg:grid-cols-4 xl:grid-cols-6 gap-4 p-4"[39m
        [36m>[39m
          [36m<div[39m
            [33mclass[39m=[32m"relative bg-white border rounded-lg overflow-hidden transition-colors border-gray-200 hover:border-gray-300 hover:bg-gray-50"[39m
          [36m>[39m
            [36m<div[39m
              [33mclass[39m=[32m"absolute top-2 right-2 z-10"[39m
            [36m>[39m
              [36m<input[39m
                [33maria-label[39m=[32m"Select An abstract painting"[39m
                [33mclass[39m=[32m"rounded border-gray-300 text-blue-600 focus:ring-blue-500"[39m
                [33mtype[39m=[32m"checkbox"[39m
              [36m/>[39m
            [36m</div>[39m
            [36m<div[39m
              [33mclass[39m=[32m"relative aspect-square"[39m
            [36m>[39m
              [36m<div[39m
                [33mclass[39m=[32m"absolute top-2 left-2 z-10"[39m
              [36m>[39m
                [36m<span[39m
                  [33mclass[39m=[32m"inline-flex items-center gap-1 px-2 py-1 rounded-full text-sm font-medium border bg-green-100 text-green-800 border-green-200"[39m
                [36m>[39m
                  [36m<svg[39m
                    [33maria-hidden[39m=[32m"true"[39m
                    [33mclass[39m=[32m"w-4 h-4"[39m
                    [33mfill[39m=[32m"none"[39m
                    [33mstroke[39m=[32m"currentColor"[39m
                    [33mviewBox[39m=[32m"0 0 24 24"[39m
                  [36m>[39m
                    [36m<path[39m
                      [33md[39m=[32m"M5 13l4 4L19 7"[39m
                      [33mstroke-linecap[39m=[32m"round"[39m
                      [33mstroke-linejoin[39m=[32m"round"[39m
                      [33mstroke-width[39m=[32m"2"[39m
                    [36m/>[39m
                  [36m</svg>[39m
                  [0mApproved[0m
                [36m</span>[39m
              [36m</div>[39m
              [36m<img[39m
                [33malt[39m=[32m"An abstract painting"[39m
                [33mclass[39m=[32m"w-full h-full object-cover cursor-pointer"[39m
                [33msrc[39m=[32m"local-file:///path/to/image3.png"[39m
              [36m/>[39m
              [36m<div[39m
                [33mclass[39m=[32m"absolute inset-0 bg-black bg-opacity-0 hover:bg-opacity-50 transition-all duration-200 flex items-center justify-center opacity-0 hover:opacity-100"[39m
              [36m>[39m
                [36m<div[39m
                  [33mclass[39m=[32m"flex items-center space-x-2"[39m
                [36m>[39m
                  [36m<button[39m
                    [33maria-label[39m=[32m"View full size"[39m
                    [33mclass[39m=[32m"p-2 bg-blue-600 text-white rounded-full hover:bg-blue-700"[39m
                    [33mtitle[39m=[32m"View full size"[39m
                  [36m>[39m
                    [36m<svg[39m
                      [33mclass[39m=[32m"w-4 h-4"[39m
                      [33mfill[39m=[32m"none"[39m
                      [33mstroke[39m=[32m"currentColor"[39m
                      [33mviewBox[39m=[32m"0 0 24 24"[39m
                    [36m>[39m
                      [36m<path[39m
                        [33md[39m=[32m"M15 12a3 3 0 11-6 0 3 3 0 016 0z"[39m
                        [33mstroke-linecap[39m=[32m"round"[39m
                        [33mstroke-linejoin[39m=[32m"round"[39m
                        [33mstroke-width[39m=[32m"2"[39m
                      [36m/>[39m
                      [36m<path[39m
                        [33md[39m=[32m"M2.458 12C3.732 7.943 7.523 5 12 5c4.478 0 8.268 2.943 9.542 7-1.274 4.057-5.064 7-9.542 7-4.477 0-8.268-2.943-9.542-7z"[39m
                        [33mstroke-linecap[39m=[32m"round"[39m
                        [33mstroke-linejoin[39m=[32m"round"[39m
                        [33mstroke-width[39m=[32m"2"[39m
                      [36m/>[39m
                    [36m</svg>[39m
                  [36m</button>[39m
                  [36m<button[39m
                    [33maria-label[39m=[32m"Delete"[39m
                    [33mclass[39m=[32m"p-2 bg-red-600 text-white rounded-full hover:bg-red-700"[39m
                    [33mtitle[39m=[32m"Delete"[39m
                  [36m>[39m
                    [36m<svg[39m
                      [33mclass[39m=[32m"w-4 h-4"[39m
                      [33mfill[39m=[32m"none"[39m
                      [33mstroke[39m=[32m"currentColor"[39m
                      [33mviewBox[39m=[32m"0 0 24 24"[39m
                    [36m>[39m
                      [36m<path[39m
                        [33md[39m=[32m"M19 7l-.867 12.142A2 2 0 0116.138 21H7.862a2 2 0 01-1.995-1.858L5 7m5 4v6m4-6v6m1-10V4a1 1 0 00-1-1h-4a1 1 0 00-1 1v3M4 7h16"[39m
                        [33mstroke-linecap[39m=[32m"round"[39m
                        [33mstroke-linejoin[39m=[32m"round"[39m
                        [33mstroke-width[39m=[32m"2"[39m
                      [36m/>[39m
                    [36m</svg>[39m
                  [36m</button>[39m
                [36m</div>[39m
              [36m</div>[39m
            [36m</div>[39m
            [36m<div[39m
              [33mclass[39m=[32m"p-3 space-y-2"[39m
            [36m>[39m
              [36m<div>[39m
                [36m<div[39m
                  [33mclass[39m=[32m"text-sm font-medium text-gray-900 line-clamp-2"[39m
                  [33mtitle[39m=[32m"An abstract painting"[39m
                [36m>[39m
                  [0mAn abstract painting[0m
                [36m</div>[39m
                [36m<div[39m
                  [33mclass[39m=[32m"text-xs text-gray-500 truncate mt-1"[39m
                  [33mtitle[39m=[32m"Job job-2"[39m
                [36m>[39m
                  [0mJob job-2[0m
                [36m</div>[39m
              [36m</div>[39m
              [36m<div[39m
                [33mclass[39m=[32m"flex items-center justify-between text-xs text-gray-500 mt-2"[39m
              [36m>[39m
                [36m<div[39m
                  [33mclass[39m=[32m"flex items-center space-x-2"[39m
                [36m/>[39m
                [36m<div[39m
                  [33mtitle[39m=[32m"1/1/2024 12:02:00 PM"[39m
                [36m>[39m
                  [0m1/1/2024[0m
                [36m</div>[39m
              [36m</div>[39m
            [36m</div>[39m
       ...
   × ImageGallery > clears selection when filter changes 35ms
     → Unable to find a label with the text of: Job

Ignored nodes: comments, script, style
[36m<body[39m
  [33mstyle[39m=[32m"overflow: unset;"[39m
[36m>[39m
  [36m<div>[39m
    [36m<div[39m
      [33mclass[39m=[32m"flex flex-col h-full min-h-0"[39m
    [36m>[39m
      [36m<div[39m
        [33mclass[39m=[32m"flex-1 overflow-y-auto min-h-0"[39m
      [36m>[39m
        [36m<div[39m
          [33mclass[39m=[32m"grid grid-cols-2 md:grid-cols-3 lg:grid-cols-4 xl:grid-cols-6 gap-4 p-4"[39m
        [36m>[39m
          [36m<div[39m
            [33mclass[39m=[32m"relative bg-white border rounded-lg overflow-hidden transition-colors border-gray-200 hover:border-gray-300 hover:bg-gray-50"[39m
          [36m>[39m
            [36m<div[39m
              [33mclass[39m=[32m"absolute top-2 right-2 z-10"[39m
            [36m>[39m
              [36m<input[39m
                [33maria-label[39m=[32m"Select An abstract painting"[39m
                [33mclass[39m=[32m"rounded border-gray-300 text-blue-600 focus:ring-blue-500"[39m
                [33mtype[39m=[32m"checkbox"[39m
              [36m/>[39m
            [36m</div>[39m
            [36m<div[39m
              [33mclass[39m=[32m"relative aspect-square"[39m
            [36m>[39m
              [36m<div[39m
                [33mclass[39m=[32m"absolute top-2 left-2 z-10"[39m
              [36m>[39m
                [36m<span[39m
                  [33mclass[39m=[32m"inline-flex items-center gap-1 px-2 py-1 rounded-full text-sm font-medium border bg-green-100 text-green-800 border-green-200"[39m
                [36m>[39m
                  [36m<svg[39m
                    [33maria-hidden[39m=[32m"true"[39m
                    [33mclass[39m=[32m"w-4 h-4"[39m
                    [33mfill[39m=[32m"none"[39m
                    [33mstroke[39m=[32m"currentColor"[39m
                    [33mviewBox[39m=[32m"0 0 24 24"[39m
                  [36m>[39m
                    [36m<path[39m
                      [33md[39m=[32m"M5 13l4 4L19 7"[39m
                      [33mstroke-linecap[39m=[32m"round"[39m
                      [33mstroke-linejoin[39m=[32m"round"[39m
                      [33mstroke-width[39m=[32m"2"[39m
                    [36m/>[39m
                  [36m</svg>[39m
                  [0mApproved[0m
                [36m</span>[39m
              [36m</div>[39m
              [36m<img[39m
                [33malt[39m=[32m"An abstract painting"[39m
                [33mclass[39m=[32m"w-full h-full object-cover cursor-pointer"[39m
                [33msrc[39m=[32m"local-file:///path/to/image3.png"[39m
              [36m/>[39m
              [36m<div[39m
                [33mclass[39m=[32m"absolute inset-0 bg-black bg-opacity-0 hover:bg-opacity-50 transition-all duration-200 flex items-center justify-center opacity-0 hover:opacity-100"[39m
              [36m>[39m
                [36m<div[39m
                  [33mclass[39m=[32m"flex items-center space-x-2"[39m
                [36m>[39m
                  [36m<button[39m
                    [33maria-label[39m=[32m"View full size"[39m
                    [33mclass[39m=[32m"p-2 bg-blue-600 text-white rounded-full hover:bg-blue-700"[39m
                    [33mtitle[39m=[32m"View full size"[39m
                  [36m>[39m
                    [36m<svg[39m
                      [33mclass[39m=[32m"w-4 h-4"[39m
                      [33mfill[39m=[32m"none"[39m
                      [33mstroke[39m=[32m"currentColor"[39m
                      [33mviewBox[39m=[32m"0 0 24 24"[39m
                    [36m>[39m
                      [36m<path[39m
                        [33md[39m=[32m"M15 12a3 3 0 11-6 0 3 3 0 016 0z"[39m
                        [33mstroke-linecap[39m=[32m"round"[39m
                        [33mstroke-linejoin[39m=[32m"round"[39m
                        [33mstroke-width[39m=[32m"2"[39m
                      [36m/>[39m
                      [36m<path[39m
                        [33md[39m=[32m"M2.458 12C3.732 7.943 7.523 5 12 5c4.478 0 8.268 2.943 9.542 7-1.274 4.057-5.064 7-9.542 7-4.477 0-8.268-2.943-9.542-7z"[39m
                        [33mstroke-linecap[39m=[32m"round"[39m
                        [33mstroke-linejoin[39m=[32m"round"[39m
                        [33mstroke-width[39m=[32m"2"[39m
                      [36m/>[39m
                    [36m</svg>[39m
                  [36m</button>[39m
                  [36m<button[39m
                    [33maria-label[39m=[32m"Delete"[39m
                    [33mclass[39m=[32m"p-2 bg-red-600 text-white rounded-full hover:bg-red-700"[39m
                    [33mtitle[39m=[32m"Delete"[39m
                  [36m>[39m
                    [36m<svg[39m
                      [33mclass[39m=[32m"w-4 h-4"[39m
                      [33mfill[39m=[32m"none"[39m
                      [33mstroke[39m=[32m"currentColor"[39m
                      [33mviewBox[39m=[32m"0 0 24 24"[39m
                    [36m>[39m
                      [36m<path[39m
                        [33md[39m=[32m"M19 7l-.867 12.142A2 2 0 0116.138 21H7.862a2 2 0 01-1.995-1.858L5 7m5 4v6m4-6v6m1-10V4a1 1 0 00-1-1h-4a1 1 0 00-1 1v3M4 7h16"[39m
                        [33mstroke-linecap[39m=[32m"round"[39m
                        [33mstroke-linejoin[39m=[32m"round"[39m
                        [33mstroke-width[39m=[32m"2"[39m
                      [36m/>[39m
                    [36m</svg>[39m
                  [36m</button>[39m
                [36m</div>[39m
              [36m</div>[39m
            [36m</div>[39m
            [36m<div[39m
              [33mclass[39m=[32m"p-3 space-y-2"[39m
            [36m>[39m
              [36m<div>[39m
                [36m<div[39m
                  [33mclass[39m=[32m"text-sm font-medium text-gray-900 line-clamp-2"[39m
                  [33mtitle[39m=[32m"An abstract painting"[39m
                [36m>[39m
                  [0mAn abstract painting[0m
                [36m</div>[39m
                [36m<div[39m
                  [33mclass[39m=[32m"text-xs text-gray-500 truncate mt-1"[39m
                  [33mtitle[39m=[32m"Job job-2"[39m
                [36m>[39m
                  [0mJob job-2[0m
                [36m</div>[39m
              [36m</div>[39m
              [36m<div[39m
                [33mclass[39m=[32m"flex items-center justify-between text-xs text-gray-500 mt-2"[39m
              [36m>[39m
                [36m<div[39m
                  [33mclass[39m=[32m"flex items-center space-x-2"[39m
                [36m/>[39m
                [36m<div[39m
                  [33mtitle[39m=[32m"1/1/2024 12:02:00 PM"[39m
                [36m>[39m
                  [0m1/1/2024[0m
                [36m</div>[39m
              [36m</div>[39m
            [36m</div>[39m
       ...
   × ImageGallery > handles search functionality 34ms
     → Unable to find an element with the placeholder text of: Search images...

Ignored nodes: comments, script, style
[36m<body[39m
  [33mstyle[39m=[32m"overflow: unset;"[39m
[36m>[39m
  [36m<div>[39m
    [36m<div[39m
      [33mclass[39m=[32m"flex flex-col h-full min-h-0"[39m
    [36m>[39m
      [36m<div[39m
        [33mclass[39m=[32m"flex-1 overflow-y-auto min-h-0"[39m
      [36m>[39m
        [36m<div[39m
          [33mclass[39m=[32m"grid grid-cols-2 md:grid-cols-3 lg:grid-cols-4 xl:grid-cols-6 gap-4 p-4"[39m
        [36m>[39m
          [36m<div[39m
            [33mclass[39m=[32m"relative bg-white border rounded-lg overflow-hidden transition-colors border-gray-200 hover:border-gray-300 hover:bg-gray-50"[39m
          [36m>[39m
            [36m<div[39m
              [33mclass[39m=[32m"absolute top-2 right-2 z-10"[39m
            [36m>[39m
              [36m<input[39m
                [33maria-label[39m=[32m"Select An abstract painting"[39m
                [33mclass[39m=[32m"rounded border-gray-300 text-blue-600 focus:ring-blue-500"[39m
                [33mtype[39m=[32m"checkbox"[39m
              [36m/>[39m
            [36m</div>[39m
            [36m<div[39m
              [33mclass[39m=[32m"relative aspect-square"[39m
            [36m>[39m
              [36m<div[39m
                [33mclass[39m=[32m"absolute top-2 left-2 z-10"[39m
              [36m>[39m
                [36m<span[39m
                  [33mclass[39m=[32m"inline-flex items-center gap-1 px-2 py-1 rounded-full text-sm font-medium border bg-green-100 text-green-800 border-green-200"[39m
                [36m>[39m
                  [36m<svg[39m
                    [33maria-hidden[39m=[32m"true"[39m
                    [33mclass[39m=[32m"w-4 h-4"[39m
                    [33mfill[39m=[32m"none"[39m
                    [33mstroke[39m=[32m"currentColor"[39m
                    [33mviewBox[39m=[32m"0 0 24 24"[39m
                  [36m>[39m
                    [36m<path[39m
                      [33md[39m=[32m"M5 13l4 4L19 7"[39m
                      [33mstroke-linecap[39m=[32m"round"[39m
                      [33mstroke-linejoin[39m=[32m"round"[39m
                      [33mstroke-width[39m=[32m"2"[39m
                    [36m/>[39m
                  [36m</svg>[39m
                  [0mApproved[0m
                [36m</span>[39m
              [36m</div>[39m
              [36m<img[39m
                [33malt[39m=[32m"An abstract painting"[39m
                [33mclass[39m=[32m"w-full h-full object-cover cursor-pointer"[39m
                [33msrc[39m=[32m"local-file:///path/to/image3.png"[39m
              [36m/>[39m
              [36m<div[39m
                [33mclass[39m=[32m"absolute inset-0 bg-black bg-opacity-0 hover:bg-opacity-50 transition-all duration-200 flex items-center justify-center opacity-0 hover:opacity-100"[39m
              [36m>[39m
                [36m<div[39m
                  [33mclass[39m=[32m"flex items-center space-x-2"[39m
                [36m>[39m
                  [36m<button[39m
                    [33maria-label[39m=[32m"View full size"[39m
                    [33mclass[39m=[32m"p-2 bg-blue-600 text-white rounded-full hover:bg-blue-700"[39m
                    [33mtitle[39m=[32m"View full size"[39m
                  [36m>[39m
                    [36m<svg[39m
                      [33mclass[39m=[32m"w-4 h-4"[39m
                      [33mfill[39m=[32m"none"[39m
                      [33mstroke[39m=[32m"currentColor"[39m
                      [33mviewBox[39m=[32m"0 0 24 24"[39m
                    [36m>[39m
                      [36m<path[39m
                        [33md[39m=[32m"M15 12a3 3 0 11-6 0 3 3 0 016 0z"[39m
                        [33mstroke-linecap[39m=[32m"round"[39m
                        [33mstroke-linejoin[39m=[32m"round"[39m
                        [33mstroke-width[39m=[32m"2"[39m
                      [36m/>[39m
                      [36m<path[39m
                        [33md[39m=[32m"M2.458 12C3.732 7.943 7.523 5 12 5c4.478 0 8.268 2.943 9.542 7-1.274 4.057-5.064 7-9.542 7-4.477 0-8.268-2.943-9.542-7z"[39m
                        [33mstroke-linecap[39m=[32m"round"[39m
                        [33mstroke-linejoin[39m=[32m"round"[39m
                        [33mstroke-width[39m=[32m"2"[39m
                      [36m/>[39m
                    [36m</svg>[39m
                  [36m</button>[39m
                  [36m<button[39m
                    [33maria-label[39m=[32m"Delete"[39m
                    [33mclass[39m=[32m"p-2 bg-red-600 text-white rounded-full hover:bg-red-700"[39m
                    [33mtitle[39m=[32m"Delete"[39m
                  [36m>[39m
                    [36m<svg[39m
                      [33mclass[39m=[32m"w-4 h-4"[39m
                      [33mfill[39m=[32m"none"[39m
                      [33mstroke[39m=[32m"currentColor"[39m
                      [33mviewBox[39m=[32m"0 0 24 24"[39m
                    [36m>[39m
                      [36m<path[39m
                        [33md[39m=[32m"M19 7l-.867 12.142A2 2 0 0116.138 21H7.862a2 2 0 01-1.995-1.858L5 7m5 4v6m4-6v6m1-10V4a1 1 0 00-1-1h-4a1 1 0 00-1 1v3M4 7h16"[39m
                        [33mstroke-linecap[39m=[32m"round"[39m
                        [33mstroke-linejoin[39m=[32m"round"[39m
                        [33mstroke-width[39m=[32m"2"[39m
                      [36m/>[39m
                    [36m</svg>[39m
                  [36m</button>[39m
                [36m</div>[39m
              [36m</div>[39m
            [36m</div>[39m
            [36m<div[39m
              [33mclass[39m=[32m"p-3 space-y-2"[39m
            [36m>[39m
              [36m<div>[39m
                [36m<div[39m
                  [33mclass[39m=[32m"text-sm font-medium text-gray-900 line-clamp-2"[39m
                  [33mtitle[39m=[32m"An abstract painting"[39m
                [36m>[39m
                  [0mAn abstract painting[0m
                [36m</div>[39m
                [36m<div[39m
                  [33mclass[39m=[32m"text-xs text-gray-500 truncate mt-1"[39m
                  [33mtitle[39m=[32m"Job job-2"[39m
                [36m>[39m
                  [0mJob job-2[0m
                [36m</div>[39m
              [36m</div>[39m
              [36m<div[39m
                [33mclass[39m=[32m"flex items-center justify-between text-xs text-gray-500 mt-2"[39m
              [36m>[39m
                [36m<div[39m
                  [33mclass[39m=[32m"flex items-center space-x-2"[39m
                [36m/>[39m
                [36m<div[39m
                  [33mtitle[39m=[32m"1/1/2024 12:02:00 PM"[39m
                [36m>[39m
                  [0m1/1/2024[0m
                [36m</div>[39m
              [36m</div>[39m
            [36m</div>[39m
       ...
   × ImageGallery > handles sort functionality 60ms
     → Unable to find an element with the display value: Newest First.

Ignored nodes: comments, script, style
[36m<body[39m
  [33mstyle[39m=[32m"overflow: unset;"[39m
[36m>[39m
  [36m<div>[39m
    [36m<div[39m
      [33mclass[39m=[32m"flex flex-col h-full min-h-0"[39m
    [36m>[39m
      [36m<div[39m
        [33mclass[39m=[32m"flex-1 overflow-y-auto min-h-0"[39m
      [36m>[39m
        [36m<div[39m
          [33mclass[39m=[32m"grid grid-cols-2 md:grid-cols-3 lg:grid-cols-4 xl:grid-cols-6 gap-4 p-4"[39m
        [36m>[39m
          [36m<div[39m
            [33mclass[39m=[32m"relative bg-white border rounded-lg overflow-hidden transition-colors border-gray-200 hover:border-gray-300 hover:bg-gray-50"[39m
          [36m>[39m
            [36m<div[39m
              [33mclass[39m=[32m"absolute top-2 right-2 z-10"[39m
            [36m>[39m
              [36m<input[39m
                [33maria-label[39m=[32m"Select An abstract painting"[39m
                [33mclass[39m=[32m"rounded border-gray-300 text-blue-600 focus:ring-blue-500"[39m
                [33mtype[39m=[32m"checkbox"[39m
              [36m/>[39m
            [36m</div>[39m
            [36m<div[39m
              [33mclass[39m=[32m"relative aspect-square"[39m
            [36m>[39m
              [36m<div[39m
                [33mclass[39m=[32m"absolute top-2 left-2 z-10"[39m
              [36m>[39m
                [36m<span[39m
                  [33mclass[39m=[32m"inline-flex items-center gap-1 px-2 py-1 rounded-full text-sm font-medium border bg-green-100 text-green-800 border-green-200"[39m
                [36m>[39m
                  [36m<svg[39m
                    [33maria-hidden[39m=[32m"true"[39m
                    [33mclass[39m=[32m"w-4 h-4"[39m
                    [33mfill[39m=[32m"none"[39m
                    [33mstroke[39m=[32m"currentColor"[39m
                    [33mviewBox[39m=[32m"0 0 24 24"[39m
                  [36m>[39m
                    [36m<path[39m
                      [33md[39m=[32m"M5 13l4 4L19 7"[39m
                      [33mstroke-linecap[39m=[32m"round"[39m
                      [33mstroke-linejoin[39m=[32m"round"[39m
                      [33mstroke-width[39m=[32m"2"[39m
                    [36m/>[39m
                  [36m</svg>[39m
                  [0mApproved[0m
                [36m</span>[39m
              [36m</div>[39m
              [36m<img[39m
                [33malt[39m=[32m"An abstract painting"[39m
                [33mclass[39m=[32m"w-full h-full object-cover cursor-pointer"[39m
                [33msrc[39m=[32m"local-file:///path/to/image3.png"[39m
              [36m/>[39m
              [36m<div[39m
                [33mclass[39m=[32m"absolute inset-0 bg-black bg-opacity-0 hover:bg-opacity-50 transition-all duration-200 flex items-center justify-center opacity-0 hover:opacity-100"[39m
              [36m>[39m
                [36m<div[39m
                  [33mclass[39m=[32m"flex items-center space-x-2"[39m
                [36m>[39m
                  [36m<button[39m
                    [33maria-label[39m=[32m"View full size"[39m
                    [33mclass[39m=[32m"p-2 bg-blue-600 text-white rounded-full hover:bg-blue-700"[39m
                    [33mtitle[39m=[32m"View full size"[39m
                  [36m>[39m
                    [36m<svg[39m
                      [33mclass[39m=[32m"w-4 h-4"[39m
                      [33mfill[39m=[32m"none"[39m
                      [33mstroke[39m=[32m"currentColor"[39m
                      [33mviewBox[39m=[32m"0 0 24 24"[39m
                    [36m>[39m
                      [36m<path[39m
                        [33md[39m=[32m"M15 12a3 3 0 11-6 0 3 3 0 016 0z"[39m
                        [33mstroke-linecap[39m=[32m"round"[39m
                        [33mstroke-linejoin[39m=[32m"round"[39m
                        [33mstroke-width[39m=[32m"2"[39m
                      [36m/>[39m
                      [36m<path[39m
                        [33md[39m=[32m"M2.458 12C3.732 7.943 7.523 5 12 5c4.478 0 8.268 2.943 9.542 7-1.274 4.057-5.064 7-9.542 7-4.477 0-8.268-2.943-9.542-7z"[39m
                        [33mstroke-linecap[39m=[32m"round"[39m
                        [33mstroke-linejoin[39m=[32m"round"[39m
                        [33mstroke-width[39m=[32m"2"[39m
                      [36m/>[39m
                    [36m</svg>[39m
                  [36m</button>[39m
                  [36m<button[39m
                    [33maria-label[39m=[32m"Delete"[39m
                    [33mclass[39m=[32m"p-2 bg-red-600 text-white rounded-full hover:bg-red-700"[39m
                    [33mtitle[39m=[32m"Delete"[39m
                  [36m>[39m
                    [36m<svg[39m
                      [33mclass[39m=[32m"w-4 h-4"[39m
                      [33mfill[39m=[32m"none"[39m
                      [33mstroke[39m=[32m"currentColor"[39m
                      [33mviewBox[39m=[32m"0 0 24 24"[39m
                    [36m>[39m
                      [36m<path[39m
                        [33md[39m=[32m"M19 7l-.867 12.142A2 2 0 0116.138 21H7.862a2 2 0 01-1.995-1.858L5 7m5 4v6m4-6v6m1-10V4a1 1 0 00-1-1h-4a1 1 0 00-1 1v3M4 7h16"[39m
                        [33mstroke-linecap[39m=[32m"round"[39m
                        [33mstroke-linejoin[39m=[32m"round"[39m
                        [33mstroke-width[39m=[32m"2"[39m
                      [36m/>[39m
                    [36m</svg>[39m
                  [36m</button>[39m
                [36m</div>[39m
              [36m</div>[39m
            [36m</div>[39m
            [36m<div[39m
              [33mclass[39m=[32m"p-3 space-y-2"[39m
            [36m>[39m
              [36m<div>[39m
                [36m<div[39m
                  [33mclass[39m=[32m"text-sm font-medium text-gray-900 line-clamp-2"[39m
                  [33mtitle[39m=[32m"An abstract painting"[39m
                [36m>[39m
                  [0mAn abstract painting[0m
                [36m</div>[39m
                [36m<div[39m
                  [33mclass[39m=[32m"text-xs text-gray-500 truncate mt-1"[39m
                  [33mtitle[39m=[32m"Job job-2"[39m
                [36m>[39m
                  [0mJob job-2[0m
                [36m</div>[39m
              [36m</div>[39m
              [36m<div[39m
                [33mclass[39m=[32m"flex items-center justify-between text-xs text-gray-500 mt-2"[39m
              [36m>[39m
                [36m<div[39m
                  [33mclass[39m=[32m"flex items-center space-x-2"[39m
                [36m/>[39m
                [36m<div[39m
                  [33mtitle[39m=[32m"1/1/2024 12:02:00 PM"[39m
                [36m>[39m
                  [0m1/1/2024[0m
                [36m</div>[39m
              [36m</div>[39m
            [36m</div>[39m
       ...
   × ImageGallery > handles view mode toggle 20ms
     → Unable to find a label with the text of: List view

Ignored nodes: comments, script, style
[36m<body[39m
  [33mstyle[39m=[32m"overflow: unset;"[39m
[36m>[39m
  [36m<div>[39m
    [36m<div[39m
      [33mclass[39m=[32m"flex flex-col h-full min-h-0"[39m
    [36m>[39m
      [36m<div[39m
        [33mclass[39m=[32m"flex-1 overflow-y-auto min-h-0"[39m
      [36m>[39m
        [36m<div[39m
          [33mclass[39m=[32m"grid grid-cols-2 md:grid-cols-3 lg:grid-cols-4 xl:grid-cols-6 gap-4 p-4"[39m
        [36m>[39m
          [36m<div[39m
            [33mclass[39m=[32m"relative bg-white border rounded-lg overflow-hidden transition-colors border-gray-200 hover:border-gray-300 hover:bg-gray-50"[39m
          [36m>[39m
            [36m<div[39m
              [33mclass[39m=[32m"absolute top-2 right-2 z-10"[39m
            [36m>[39m
              [36m<input[39m
                [33maria-label[39m=[32m"Select An abstract painting"[39m
                [33mclass[39m=[32m"rounded border-gray-300 text-blue-600 focus:ring-blue-500"[39m
                [33mtype[39m=[32m"checkbox"[39m
              [36m/>[39m
            [36m</div>[39m
            [36m<div[39m
              [33mclass[39m=[32m"relative aspect-square"[39m
            [36m>[39m
              [36m<div[39m
                [33mclass[39m=[32m"absolute top-2 left-2 z-10"[39m
              [36m>[39m
                [36m<span[39m
                  [33mclass[39m=[32m"inline-flex items-center gap-1 px-2 py-1 rounded-full text-sm font-medium border bg-green-100 text-green-800 border-green-200"[39m
                [36m>[39m
                  [36m<svg[39m
                    [33maria-hidden[39m=[32m"true"[39m
                    [33mclass[39m=[32m"w-4 h-4"[39m
                    [33mfill[39m=[32m"none"[39m
                    [33mstroke[39m=[32m"currentColor"[39m
                    [33mviewBox[39m=[32m"0 0 24 24"[39m
                  [36m>[39m
                    [36m<path[39m
                      [33md[39m=[32m"M5 13l4 4L19 7"[39m
                      [33mstroke-linecap[39m=[32m"round"[39m
                      [33mstroke-linejoin[39m=[32m"round"[39m
                      [33mstroke-width[39m=[32m"2"[39m
                    [36m/>[39m
                  [36m</svg>[39m
                  [0mApproved[0m
                [36m</span>[39m
              [36m</div>[39m
              [36m<img[39m
                [33malt[39m=[32m"An abstract painting"[39m
                [33mclass[39m=[32m"w-full h-full object-cover cursor-pointer"[39m
                [33msrc[39m=[32m"local-file:///path/to/image3.png"[39m
              [36m/>[39m
              [36m<div[39m
                [33mclass[39m=[32m"absolute inset-0 bg-black bg-opacity-0 hover:bg-opacity-50 transition-all duration-200 flex items-center justify-center opacity-0 hover:opacity-100"[39m
              [36m>[39m
                [36m<div[39m
                  [33mclass[39m=[32m"flex items-center space-x-2"[39m
                [36m>[39m
                  [36m<button[39m
                    [33maria-label[39m=[32m"View full size"[39m
                    [33mclass[39m=[32m"p-2 bg-blue-600 text-white rounded-full hover:bg-blue-700"[39m
                    [33mtitle[39m=[32m"View full size"[39m
                  [36m>[39m
                    [36m<svg[39m
                      [33mclass[39m=[32m"w-4 h-4"[39m
                      [33mfill[39m=[32m"none"[39m
                      [33mstroke[39m=[32m"currentColor"[39m
                      [33mviewBox[39m=[32m"0 0 24 24"[39m
                    [36m>[39m
                      [36m<path[39m
                        [33md[39m=[32m"M15 12a3 3 0 11-6 0 3 3 0 016 0z"[39m
                        [33mstroke-linecap[39m=[32m"round"[39m
                        [33mstroke-linejoin[39m=[32m"round"[39m
                        [33mstroke-width[39m=[32m"2"[39m
                      [36m/>[39m
                      [36m<path[39m
                        [33md[39m=[32m"M2.458 12C3.732 7.943 7.523 5 12 5c4.478 0 8.268 2.943 9.542 7-1.274 4.057-5.064 7-9.542 7-4.477 0-8.268-2.943-9.542-7z"[39m
                        [33mstroke-linecap[39m=[32m"round"[39m
                        [33mstroke-linejoin[39m=[32m"round"[39m
                        [33mstroke-width[39m=[32m"2"[39m
                      [36m/>[39m
                    [36m</svg>[39m
                  [36m</button>[39m
                  [36m<button[39m
                    [33maria-label[39m=[32m"Delete"[39m
                    [33mclass[39m=[32m"p-2 bg-red-600 text-white rounded-full hover:bg-red-700"[39m
                    [33mtitle[39m=[32m"Delete"[39m
                  [36m>[39m
                    [36m<svg[39m
                      [33mclass[39m=[32m"w-4 h-4"[39m
                      [33mfill[39m=[32m"none"[39m
                      [33mstroke[39m=[32m"currentColor"[39m
                      [33mviewBox[39m=[32m"0 0 24 24"[39m
                    [36m>[39m
                      [36m<path[39m
                        [33md[39m=[32m"M19 7l-.867 12.142A2 2 0 0116.138 21H7.862a2 2 0 01-1.995-1.858L5 7m5 4v6m4-6v6m1-10V4a1 1 0 00-1-1h-4a1 1 0 00-1 1v3M4 7h16"[39m
                        [33mstroke-linecap[39m=[32m"round"[39m
                        [33mstroke-linejoin[39m=[32m"round"[39m
                        [33mstroke-width[39m=[32m"2"[39m
                      [36m/>[39m
                    [36m</svg>[39m
                  [36m</button>[39m
                [36m</div>[39m
              [36m</div>[39m
            [36m</div>[39m
            [36m<div[39m
              [33mclass[39m=[32m"p-3 space-y-2"[39m
            [36m>[39m
              [36m<div>[39m
                [36m<div[39m
                  [33mclass[39m=[32m"text-sm font-medium text-gray-900 line-clamp-2"[39m
                  [33mtitle[39m=[32m"An abstract painting"[39m
                [36m>[39m
                  [0mAn abstract painting[0m
                [36m</div>[39m
                [36m<div[39m
                  [33mclass[39m=[32m"text-xs text-gray-500 truncate mt-1"[39m
                  [33mtitle[39m=[32m"Job job-2"[39m
                [36m>[39m
                  [0mJob job-2[0m
                [36m</div>[39m
              [36m</div>[39m
              [36m<div[39m
                [33mclass[39m=[32m"flex items-center justify-between text-xs text-gray-500 mt-2"[39m
              [36m>[39m
                [36m<div[39m
                  [33mclass[39m=[32m"flex items-center space-x-2"[39m
                [36m/>[39m
                [36m<div[39m
                  [33mtitle[39m=[32m"1/1/2024 12:02:00 PM"[39m
                [36m>[39m
                  [0m1/1/2024[0m
                [36m</div>[39m
              [36m</div>[39m
            [36m</div>[39m
       ...
   ✓ ImageGallery > handles image preview modal 52ms
 ❯ src/renderer/components/Jobs/__tests__/JobStatistics.test.tsx (23 tests | 3 failed) 931ms
   ✓ JobStatistics > renders statistics component with header 157ms
   ✓ JobStatistics > renders main statistics cards 52ms
   ✓ JobStatistics > renders status breakdown section 50ms
   ✓ JobStatistics > renders performance metrics section 23ms
   ✓ JobStatistics > shows success and failure rate progress bars 42ms
   × JobStatistics > shows quick insights with correct information 47ms
     → Unable to find an element with the text: 15 jobs failed (normalized from ' 15 jobs failed'). This could be because the text is broken up by multiple elements. In this case, you can provide a function for your text matcher to make your matcher more flexible.

Ignored nodes: comments, script, style
[36m<body>[39m
  [36m<div>[39m
    [36m<section[39m
      [33maria-labelledby[39m=[32m"statistics-title"[39m
      [33mclass[39m=[32m"bg-white rounded-lg shadow p-6 mb-6"[39m
      [33mrole[39m=[32m"region"[39m
    [36m>[39m
      [36m<header[39m
        [33mclass[39m=[32m"mb-6"[39m
      [36m>[39m
        [36m<h2[39m
          [33mclass[39m=[32m"text-lg font-medium text-gray-900"[39m
          [33mid[39m=[32m"statistics-title"[39m
        [36m>[39m
          [0mJob Statistics Overview[0m
        [36m</h2>[39m
        [36m<p[39m
          [33mclass[39m=[32m"text-sm text-gray-500 mt-1"[39m
        [36m>[39m
          [0mSummary of job execution status and performance metrics[0m
        [36m</p>[39m
      [36m</header>[39m
      [36m<div[39m
        [33mclass[39m=[32m"grid grid-cols-1 md:grid-cols-2 lg:grid-cols-4 gap-4 mb-6"[39m
      [36m>[39m
        [36m<div[39m
          [33mclass[39m=[32m"bg-gray-50 rounded-lg p-4 border border-gray-200"[39m
        [36m>[39m
          [36m<div[39m
            [33mclass[39m=[32m"flex items-center justify-between"[39m
          [36m>[39m
            [36m<div>[39m
              [36m<p[39m
                [33mclass[39m=[32m"text-sm font-medium text-gray-600"[39m
                [33mid[39m=[32m"total-jobs-label"[39m
              [36m>[39m
                [0mTotal Jobs[0m
              [36m</p>[39m
              [36m<p[39m
                [33maria-labelledby[39m=[32m"total-jobs-label"[39m
                [33mclass[39m=[32m"text-2xl font-bold text-gray-900"[39m
              [36m>[39m
                [0m100[0m
              [36m</p>[39m
            [36m</div>[39m
            [36m<div[39m
              [33mclass[39m=[32m"p-2 bg-gray-100 rounded-lg"[39m
            [36m>[39m
              [36m<svg[39m
                [33maria-hidden[39m=[32m"true"[39m
                [33mclass[39m=[32m"w-6 h-6 text-gray-600"[39m
                [33mfill[39m=[32m"none"[39m
                [33mstroke[39m=[32m"currentColor"[39m
                [33mviewBox[39m=[32m"0 0 24 24"[39m
              [36m>[39m
                [36m<path[39m
                  [33md[39m=[32m"M9 19v-6a2 2 0 00-2-2H5a2 2 0 00-2 2v6a2 2 0 002 2h2a2 2 0 002-2zm0 0V9a2 2 0 012-2h2a2 2 0 012 2v10m-6 0a2 2 0 002 2h2a2 2 0 002-2m0 0V5a2 2 0 012-2h2a2 2 0 012 2v14a2 2 0 01-2 2h-2a2 2 0 01-2-2z"[39m
                  [33mstroke-linecap[39m=[32m"round"[39m
                  [33mstroke-linejoin[39m=[32m"round"[39m
                  [33mstroke-width[39m=[32m"2"[39m
                [36m/>[39m
              [36m</svg>[39m
            [36m</div>[39m
          [36m</div>[39m
        [36m</div>[39m
        [36m<div[39m
          [33mclass[39m=[32m"bg-blue-50 rounded-lg p-4 border border-blue-200"[39m
        [36m>[39m
          [36m<div[39m
            [33mclass[39m=[32m"flex items-center justify-between"[39m
          [36m>[39m
            [36m<div>[39m
              [36m<p[39m
                [33mclass[39m=[32m"text-sm font-medium text-blue-600"[39m
                [33mid[39m=[32m"total-images-label"[39m
              [36m>[39m
                [0mTotal Images[0m
              [36m</p>[39m
              [36m<p[39m
                [33maria-labelledby[39m=[32m"total-images-label"[39m
                [33mclass[39m=[32m"text-2xl font-bold text-blue-900"[39m
              [36m>[39m
                [0m500[0m
              [36m</p>[39m
            [36m</div>[39m
            [36m<div[39m
              [33mclass[39m=[32m"p-2 bg-blue-100 rounded-lg"[39m
            [36m>[39m
              [36m<svg[39m
                [33maria-hidden[39m=[32m"true"[39m
                [33mclass[39m=[32m"w-6 h-6 text-blue-600"[39m
                [33mfill[39m=[32m"none"[39m
                [33mstroke[39m=[32m"currentColor"[39m
                [33mviewBox[39m=[32m"0 0 24 24"[39m
              [36m>[39m
                [36m<path[39m
                  [33md[39m=[32m"M4 16l4.586-4.586a2 2 0 012.828 0L16 16m-2-2l1.586-1.586a2 2 0 012.828 0L20 14m-6-6h.01M6 20h12a2 2 0 002-2V6a2 2 0 00-2-2H6a2 2 0 00-2 2v12a2 2 0 002 2z"[39m
                  [33mstroke-linecap[39m=[32m"round"[39m
                  [33mstroke-linejoin[39m=[32m"round"[39m
                  [33mstroke-width[39m=[32m"2"[39m
                [36m/>[39m
              [36m</svg>[39m
            [36m</div>[39m
          [36m</div>[39m
        [36m</div>[39m
        [36m<div[39m
          [33mclass[39m=[32m"bg-green-50 rounded-lg p-4 border border-green-200"[39m
        [36m>[39m
          [36m<div[39m
            [33mclass[39m=[32m"flex items-center justify-between"[39m
          [36m>[39m
            [36m<div>[39m
              [36m<p[39m
                [33mclass[39m=[32m"text-sm font-medium text-green-600"[39m
                [33mid[39m=[32m"avg-images-label"[39m
              [36m>[39m
                [0mAvg Images/Job[0m
              [36m</p>[39m
              [36m<p[39m
                [33maria-labelledby[39m=[32m"avg-images-label"[39m
                [33mclass[39m=[32m"text-2xl font-bold text-green-900"[39m
              [36m>[39m
                [0m5.0[0m
              [36m</p>[39m
            [36m</div>[39m
            [36m<div[39m
              [33mclass[39m=[32m"p-2 bg-green-100 rounded-lg"[39m
            [36m>[39m
              [36m<svg[39m
                [33maria-hidden[39m=[32m"true"[39m
                [33mclass[39m=[32m"w-6 h-6 text-green-600"[39m
                [33mfill[39m=[32m"none"[39m
                [33mstroke[39m=[32m"currentColor"[39m
                [33mviewBox[39m=[32m"0 0 24 24"[39m
              [36m>[39m
                [36m<path[39m
                  [33md[39m=[32m"M9 7h6m0 10v-3m-3 3h.01M9 17h.01M9 14h.01M12 14h.01M15 11h.01M12 11h.01M9 11h.01M7 21h10a2 2 0 002-2V5a2 2 0 00-2-2H7a2 2 0 00-2 2v14a2 2 0 002 2z"[39m
                  [33mstroke-linecap[39m=[32m"round"[39m
                  [33mstroke-linejoin[39m=[32m"round"[39m
                  [33mstroke-width[39m=[32m"2"[39m
                [36m/>[39m
              [36m</svg>[39m
            [36m</div>[39m
          [36m</div>[39m
        [36m</div>[39m
        [36m<div[39m
          [33mclass[39m=[32m"bg-purple-50 rounded-lg p-4 border border-purple-200"[39m
        [36m>[39m
          [36m<div[39m
            [33mclass[39m=[32m"flex items-center justify-between"[39m
          [36m>[39m
            [36m<div>[39m
              [36m<p[39m
                [33mclass[39m=[32m"text-sm font-medium text-purple-600"[39m
                [33mid[39m=[32m"completion-rate-label"[39m
              [36m>[39m
                [0mCompletion Rate[0m
              [36m</p>[39m
      ...
   ✓ JobStatistics > handles zero jobs case correctly 52ms
   ✓ JobStatistics > handles edge case with only completed jobs 23ms
   × JobStatistics > handles edge case with only failed jobs 33ms
     → Unable to find an element with the text: 20 jobs failed (normalized from ' 20 jobs failed'). This could be because the text is broken up by multiple elements. In this case, you can provide a function for your text matcher to make your matcher more flexible.

Ignored nodes: comments, script, style
[36m<body>[39m
  [36m<div>[39m
    [36m<section[39m
      [33maria-labelledby[39m=[32m"statistics-title"[39m
      [33mclass[39m=[32m"bg-white rounded-lg shadow p-6 mb-6"[39m
      [33mrole[39m=[32m"region"[39m
    [36m>[39m
      [36m<header[39m
        [33mclass[39m=[32m"mb-6"[39m
      [36m>[39m
        [36m<h2[39m
          [33mclass[39m=[32m"text-lg font-medium text-gray-900"[39m
          [33mid[39m=[32m"statistics-title"[39m
        [36m>[39m
          [0mJob Statistics Overview[0m
        [36m</h2>[39m
        [36m<p[39m
          [33mclass[39m=[32m"text-sm text-gray-500 mt-1"[39m
        [36m>[39m
          [0mSummary of job execution status and performance metrics[0m
        [36m</p>[39m
      [36m</header>[39m
      [36m<div[39m
        [33mclass[39m=[32m"grid grid-cols-1 md:grid-cols-2 lg:grid-cols-4 gap-4 mb-6"[39m
      [36m>[39m
        [36m<div[39m
          [33mclass[39m=[32m"bg-gray-50 rounded-lg p-4 border border-gray-200"[39m
        [36m>[39m
          [36m<div[39m
            [33mclass[39m=[32m"flex items-center justify-between"[39m
          [36m>[39m
            [36m<div>[39m
              [36m<p[39m
                [33mclass[39m=[32m"text-sm font-medium text-gray-600"[39m
                [33mid[39m=[32m"total-jobs-label"[39m
              [36m>[39m
                [0mTotal Jobs[0m
              [36m</p>[39m
              [36m<p[39m
                [33maria-labelledby[39m=[32m"total-jobs-label"[39m
                [33mclass[39m=[32m"text-2xl font-bold text-gray-900"[39m
              [36m>[39m
                [0m20[0m
              [36m</p>[39m
            [36m</div>[39m
            [36m<div[39m
              [33mclass[39m=[32m"p-2 bg-gray-100 rounded-lg"[39m
            [36m>[39m
              [36m<svg[39m
                [33maria-hidden[39m=[32m"true"[39m
                [33mclass[39m=[32m"w-6 h-6 text-gray-600"[39m
                [33mfill[39m=[32m"none"[39m
                [33mstroke[39m=[32m"currentColor"[39m
                [33mviewBox[39m=[32m"0 0 24 24"[39m
              [36m>[39m
                [36m<path[39m
                  [33md[39m=[32m"M9 19v-6a2 2 0 00-2-2H5a2 2 0 00-2 2v6a2 2 0 002 2h2a2 2 0 002-2zm0 0V9a2 2 0 012-2h2a2 2 0 012 2v10m-6 0a2 2 0 002 2h2a2 2 0 002-2m0 0V5a2 2 0 012-2h2a2 2 0 012 2v14a2 2 0 01-2 2h-2a2 2 0 01-2-2z"[39m
                  [33mstroke-linecap[39m=[32m"round"[39m
                  [33mstroke-linejoin[39m=[32m"round"[39m
                  [33mstroke-width[39m=[32m"2"[39m
                [36m/>[39m
              [36m</svg>[39m
            [36m</div>[39m
          [36m</div>[39m
        [36m</div>[39m
        [36m<div[39m
          [33mclass[39m=[32m"bg-blue-50 rounded-lg p-4 border border-blue-200"[39m
        [36m>[39m
          [36m<div[39m
            [33mclass[39m=[32m"flex items-center justify-between"[39m
          [36m>[39m
            [36m<div>[39m
              [36m<p[39m
                [33mclass[39m=[32m"text-sm font-medium text-blue-600"[39m
                [33mid[39m=[32m"total-images-label"[39m
              [36m>[39m
                [0mTotal Images[0m
              [36m</p>[39m
              [36m<p[39m
                [33maria-labelledby[39m=[32m"total-images-label"[39m
                [33mclass[39m=[32m"text-2xl font-bold text-blue-900"[39m
              [36m>[39m
                [0m500[0m
              [36m</p>[39m
            [36m</div>[39m
            [36m<div[39m
              [33mclass[39m=[32m"p-2 bg-blue-100 rounded-lg"[39m
            [36m>[39m
              [36m<svg[39m
                [33maria-hidden[39m=[32m"true"[39m
                [33mclass[39m=[32m"w-6 h-6 text-blue-600"[39m
                [33mfill[39m=[32m"none"[39m
                [33mstroke[39m=[32m"currentColor"[39m
                [33mviewBox[39m=[32m"0 0 24 24"[39m
              [36m>[39m
                [36m<path[39m
                  [33md[39m=[32m"M4 16l4.586-4.586a2 2 0 012.828 0L16 16m-2-2l1.586-1.586a2 2 0 012.828 0L20 14m-6-6h.01M6 20h12a2 2 0 002-2V6a2 2 0 00-2-2H6a2 2 0 00-2 2v12a2 2 0 002 2z"[39m
                  [33mstroke-linecap[39m=[32m"round"[39m
                  [33mstroke-linejoin[39m=[32m"round"[39m
                  [33mstroke-width[39m=[32m"2"[39m
                [36m/>[39m
              [36m</svg>[39m
            [36m</div>[39m
          [36m</div>[39m
        [36m</div>[39m
        [36m<div[39m
          [33mclass[39m=[32m"bg-green-50 rounded-lg p-4 border border-green-200"[39m
        [36m>[39m
          [36m<div[39m
            [33mclass[39m=[32m"flex items-center justify-between"[39m
          [36m>[39m
            [36m<div>[39m
              [36m<p[39m
                [33mclass[39m=[32m"text-sm font-medium text-green-600"[39m
                [33mid[39m=[32m"avg-images-label"[39m
              [36m>[39m
                [0mAvg Images/Job[0m
              [36m</p>[39m
              [36m<p[39m
                [33maria-labelledby[39m=[32m"avg-images-label"[39m
                [33mclass[39m=[32m"text-2xl font-bold text-green-900"[39m
              [36m>[39m
                [0m5.0[0m
              [36m</p>[39m
            [36m</div>[39m
            [36m<div[39m
              [33mclass[39m=[32m"p-2 bg-green-100 rounded-lg"[39m
            [36m>[39m
              [36m<svg[39m
                [33maria-hidden[39m=[32m"true"[39m
                [33mclass[39m=[32m"w-6 h-6 text-green-600"[39m
                [33mfill[39m=[32m"none"[39m
                [33mstroke[39m=[32m"currentColor"[39m
                [33mviewBox[39m=[32m"0 0 24 24"[39m
              [36m>[39m
                [36m<path[39m
                  [33md[39m=[32m"M9 7h6m0 10v-3m-3 3h.01M9 17h.01M9 14h.01M12 14h.01M15 11h.01M12 11h.01M9 11h.01M7 21h10a2 2 0 002-2V5a2 2 0 00-2-2H7a2 2 0 00-2 2v14a2 2 0 002 2z"[39m
                  [33mstroke-linecap[39m=[32m"round"[39m
                  [33mstroke-linejoin[39m=[32m"round"[39m
                  [33mstroke-width[39m=[32m"2"[39m
                [36m/>[39m
              [36m</svg>[39m
            [36m</div>[39m
          [36m</div>[39m
        [36m</div>[39m
        [36m<div[39m
          [33mclass[39m=[32m"bg-purple-50 rounded-lg p-4 border border-purple-200"[39m
        [36m>[39m
          [36m<div[39m
            [33mclass[39m=[32m"flex items-center justify-between"[39m
          [36m>[39m
            [36m<div>[39m
              [36m<p[39m
                [33mclass[39m=[32m"text-sm font-medium text-purple-600"[39m
                [33mid[39m=[32m"completion-rate-label"[39m
              [36m>[39m
                [0mCompletion Rate[0m
              [36m</p>[39m
       ...
   ✓ JobStatistics > shows loading state correctly 104ms
   ✓ JobStatistics > applies correct styling for status cards 19ms
   ✓ JobStatistics > applies correct styling for main statistics cards 51ms
   ✓ JobStatistics > formats large numbers correctly 23ms
   ✓ JobStatistics > handles decimal average images per job 20ms
   ✓ JobStatistics > calculates completion rate correctly 17ms
   ✓ JobStatistics > calculates failure rate correctly 19ms
   ✓ JobStatistics > handles edge case with 100% completion rate 17ms
   ✓ JobStatistics > handles edge case with 100% failure rate 34ms
   ✓ JobStatistics > shows correct percentage calculations for status breakdown 28ms
   × JobStatistics > handles single job case correctly 29ms
     → Unable to find an element with the text: Average of 10.0 images per job (normalized from ' Average of 10.0 images per job'). This could be because the text is broken up by multiple elements. In this case, you can provide a function for your text matcher to make your matcher more flexible.

Ignored nodes: comments, script, style
[36m<body>[39m
  [36m<div>[39m
    [36m<section[39m
      [33maria-labelledby[39m=[32m"statistics-title"[39m
      [33mclass[39m=[32m"bg-white rounded-lg shadow p-6 mb-6"[39m
      [33mrole[39m=[32m"region"[39m
    [36m>[39m
      [36m<header[39m
        [33mclass[39m=[32m"mb-6"[39m
      [36m>[39m
        [36m<h2[39m
          [33mclass[39m=[32m"text-lg font-medium text-gray-900"[39m
          [33mid[39m=[32m"statistics-title"[39m
        [36m>[39m
          [0mJob Statistics Overview[0m
        [36m</h2>[39m
        [36m<p[39m
          [33mclass[39m=[32m"text-sm text-gray-500 mt-1"[39m
        [36m>[39m
          [0mSummary of job execution status and performance metrics[0m
        [36m</p>[39m
      [36m</header>[39m
      [36m<div[39m
        [33mclass[39m=[32m"grid grid-cols-1 md:grid-cols-2 lg:grid-cols-4 gap-4 mb-6"[39m
      [36m>[39m
        [36m<div[39m
          [33mclass[39m=[32m"bg-gray-50 rounded-lg p-4 border border-gray-200"[39m
        [36m>[39m
          [36m<div[39m
            [33mclass[39m=[32m"flex items-center justify-between"[39m
          [36m>[39m
            [36m<div>[39m
              [36m<p[39m
                [33mclass[39m=[32m"text-sm font-medium text-gray-600"[39m
                [33mid[39m=[32m"total-jobs-label"[39m
              [36m>[39m
                [0mTotal Jobs[0m
              [36m</p>[39m
              [36m<p[39m
                [33maria-labelledby[39m=[32m"total-jobs-label"[39m
                [33mclass[39m=[32m"text-2xl font-bold text-gray-900"[39m
              [36m>[39m
                [0m1[0m
              [36m</p>[39m
            [36m</div>[39m
            [36m<div[39m
              [33mclass[39m=[32m"p-2 bg-gray-100 rounded-lg"[39m
            [36m>[39m
              [36m<svg[39m
                [33maria-hidden[39m=[32m"true"[39m
                [33mclass[39m=[32m"w-6 h-6 text-gray-600"[39m
                [33mfill[39m=[32m"none"[39m
                [33mstroke[39m=[32m"currentColor"[39m
                [33mviewBox[39m=[32m"0 0 24 24"[39m
              [36m>[39m
                [36m<path[39m
                  [33md[39m=[32m"M9 19v-6a2 2 0 00-2-2H5a2 2 0 00-2 2v6a2 2 0 002 2h2a2 2 0 002-2zm0 0V9a2 2 0 012-2h2a2 2 0 012 2v10m-6 0a2 2 0 002 2h2a2 2 0 002-2m0 0V5a2 2 0 012-2h2a2 2 0 012 2v14a2 2 0 01-2 2h-2a2 2 0 01-2-2z"[39m
                  [33mstroke-linecap[39m=[32m"round"[39m
                  [33mstroke-linejoin[39m=[32m"round"[39m
                  [33mstroke-width[39m=[32m"2"[39m
                [36m/>[39m
              [36m</svg>[39m
            [36m</div>[39m
          [36m</div>[39m
        [36m</div>[39m
        [36m<div[39m
          [33mclass[39m=[32m"bg-blue-50 rounded-lg p-4 border border-blue-200"[39m
        [36m>[39m
          [36m<div[39m
            [33mclass[39m=[32m"flex items-center justify-between"[39m
          [36m>[39m
            [36m<div>[39m
              [36m<p[39m
                [33mclass[39m=[32m"text-sm font-medium text-blue-600"[39m
                [33mid[39m=[32m"total-images-label"[39m
              [36m>[39m
                [0mTotal Images[0m
              [36m</p>[39m
              [36m<p[39m
                [33maria-labelledby[39m=[32m"total-images-label"[39m
                [33mclass[39m=[32m"text-2xl font-bold text-blue-900"[39m
              [36m>[39m
                [0m10[0m
              [36m</p>[39m
            [36m</div>[39m
            [36m<div[39m
              [33mclass[39m=[32m"p-2 bg-blue-100 rounded-lg"[39m
            [36m>[39m
              [36m<svg[39m
                [33maria-hidden[39m=[32m"true"[39m
                [33mclass[39m=[32m"w-6 h-6 text-blue-600"[39m
                [33mfill[39m=[32m"none"[39m
                [33mstroke[39m=[32m"currentColor"[39m
                [33mviewBox[39m=[32m"0 0 24 24"[39m
              [36m>[39m
                [36m<path[39m
                  [33md[39m=[32m"M4 16l4.586-4.586a2 2 0 012.828 0L16 16m-2-2l1.586-1.586a2 2 0 012.828 0L20 14m-6-6h.01M6 20h12a2 2 0 002-2V6a2 2 0 00-2-2H6a2 2 0 00-2 2v12a2 2 0 002 2z"[39m
                  [33mstroke-linecap[39m=[32m"round"[39m
                  [33mstroke-linejoin[39m=[32m"round"[39m
                  [33mstroke-width[39m=[32m"2"[39m
                [36m/>[39m
              [36m</svg>[39m
            [36m</div>[39m
          [36m</div>[39m
        [36m</div>[39m
        [36m<div[39m
          [33mclass[39m=[32m"bg-green-50 rounded-lg p-4 border border-green-200"[39m
        [36m>[39m
          [36m<div[39m
            [33mclass[39m=[32m"flex items-center justify-between"[39m
          [36m>[39m
            [36m<div>[39m
              [36m<p[39m
                [33mclass[39m=[32m"text-sm font-medium text-green-600"[39m
                [33mid[39m=[32m"avg-images-label"[39m
              [36m>[39m
                [0mAvg Images/Job[0m
              [36m</p>[39m
              [36m<p[39m
                [33maria-labelledby[39m=[32m"avg-images-label"[39m
                [33mclass[39m=[32m"text-2xl font-bold text-green-900"[39m
              [36m>[39m
                [0m10.0[0m
              [36m</p>[39m
            [36m</div>[39m
            [36m<div[39m
              [33mclass[39m=[32m"p-2 bg-green-100 rounded-lg"[39m
            [36m>[39m
              [36m<svg[39m
                [33maria-hidden[39m=[32m"true"[39m
                [33mclass[39m=[32m"w-6 h-6 text-green-600"[39m
                [33mfill[39m=[32m"none"[39m
                [33mstroke[39m=[32m"currentColor"[39m
                [33mviewBox[39m=[32m"0 0 24 24"[39m
              [36m>[39m
                [36m<path[39m
                  [33md[39m=[32m"M9 7h6m0 10v-3m-3 3h.01M9 17h.01M9 14h.01M12 14h.01M15 11h.01M12 11h.01M9 11h.01M7 21h10a2 2 0 002-2V5a2 2 0 00-2-2H7a2 2 0 00-2 2v14a2 2 0 002 2z"[39m
                  [33mstroke-linecap[39m=[32m"round"[39m
                  [33mstroke-linejoin[39m=[32m"round"[39m
                  [33mstroke-width[39m=[32m"2"[39m
                [36m/>[39m
              [36m</svg>[39m
            [36m</div>[39m
          [36m</div>[39m
        [36m</div>[39m
        [36m<div[39m
          [33mclass[39m=[32m"bg-purple-50 rounded-lg p-4 border border-purple-200"[39m
        [36m>[39m
          [36m<div[39m
            [33mclass[39m=[32m"flex items-center justify-between"[39m
          [36m>[39m
            [36m<div>[39m
              [36m<p[39m
                [33mclass[39m=[32m"text-sm font-medium text-purple-600"[39m
                [33mid[39m=[32m"completion-rate-label"[39m
              [36m>[39m
                [0mCompletion Rate[0m
              [36m</p>[39m
        ...
   ✓ JobStatistics > applies correct ARIA labels and roles 35ms
   ✓ JobStatistics > handles edge case with very small numbers 22ms
   ✓ JobStatistics > handles edge case with no images 26ms
 ❯ src/renderer/components/Dashboard/__tests__/LogViewer.test.tsx (23 tests | 1 failed) 966ms
   ✓ LogViewer > renders log viewer with main sections 175ms
   ✓ LogViewer > displays logs in standard mode by default 40ms
   ✓ LogViewer > switches to debug mode when debug tab is clicked 53ms
   ✓ LogViewer > filters logs by search term 45ms
   ✓ LogViewer > filters logs by log level 25ms
   ✓ LogViewer > displays correct log level colors 24ms
   ✓ LogViewer > displays correct log level icons 17ms
   ✓ LogViewer > formats timestamps correctly 16ms
   ✓ LogViewer > shows source information 21ms
   × LogViewer > handles empty logs 55ms
     → Unable to find an element with the text: Logs area - scroll when content overflows (normalized from ' Logs area - scroll when content overflows'). This could be because the text is broken up by multiple elements. In this case, you can provide a function for your text matcher to make your matcher more flexible.

Ignored nodes: comments, script, style
[36m<body>[39m
  [36m<div>[39m
    [36m<div[39m
      [33mclass[39m=[32m"bg-white rounded-lg border border-gray-200 flex flex-col"[39m
    [36m>[39m
      [36m<div[39m
        [33mclass[39m=[32m"px-6 py-4 border-b border-gray-200 flex-shrink-0"[39m
      [36m>[39m
        [36m<div[39m
          [33mclass[39m=[32m"flex items-center justify-between mb-3"[39m
        [36m>[39m
          [36m<div[39m
            [33mclass[39m=[32m"flex items-center space-x-4"[39m
          [36m>[39m
            [36m<h3[39m
              [33mclass[39m=[32m"text-lg font-medium text-gray-900"[39m
            [36m>[39m
              [0mLogs[0m
            [36m</h3>[39m
            [36m<div[39m
              [33mclass[39m=[32m"flex items-center space-x-2"[39m
            [36m>[39m
              [36m<span[39m
                [33mclass[39m=[32m"text-sm font-medium text-gray-700"[39m
              [36m>[39m
                [0mMode:[0m
              [36m</span>[39m
              [36m<div[39m
                [33maria-label[39m=[32m"Log viewing mode"[39m
                [33mclass[39m=[32m"flex bg-gray-100 rounded-lg p-1"[39m
                [33mrole[39m=[32m"tablist"[39m
              [36m>[39m
                [36m<button[39m
                  [33maria-label[39m=[32m"Standard log mode"[39m
                  [33maria-selected[39m=[32m"true"[39m
                  [33mclass[39m=[32m"px-3 py-1 text-xs font-medium rounded-md transition-colors bg-white text-gray-900 shadow-sm"[39m
                  [33mrole[39m=[32m"tab"[39m
                [36m>[39m
                  [0mStandard[0m
                [36m</button>[39m
                [36m<button[39m
                  [33maria-label[39m=[32m"Debug log mode"[39m
                  [33maria-selected[39m=[32m"false"[39m
                  [33mclass[39m=[32m"px-3 py-1 text-xs font-medium rounded-md transition-colors text-gray-600 hover:text-gray-900"[39m
                  [33mrole[39m=[32m"tab"[39m
                [36m>[39m
                  [0mDebug[0m
                [36m</button>[39m
              [36m</div>[39m
            [36m</div>[39m
            [36m<div[39m
              [33mclass[39m=[32m"flex items-center gap-2"[39m
            [36m>[39m
              [36m<span[39m
                [33mclass[39m=[32m"text-sm font-medium text-gray-700"[39m
              [36m>[39m
                [0mLevel:[0m
              [36m</span>[39m
              [36m<select[39m
                [33maria-label[39m=[32m"Filter logs by level"[39m
                [33mclass[39m=[32m"ui-select h-8"[39m
              [36m>[39m
                [36m<option[39m
                  [33mvalue[39m=[32m"all"[39m
                [36m>[39m
                  [0mAll Levels[0m
                [36m</option>[39m
                [36m<option[39m
                  [33mvalue[39m=[32m"info"[39m
                [36m>[39m
                  [0mInfo[0m
                [36m</option>[39m
                [36m<option[39m
                  [33mvalue[39m=[32m"warn"[39m
                [36m>[39m
                  [0mWarning[0m
                [36m</option>[39m
                [36m<option[39m
                  [33mvalue[39m=[32m"error"[39m
                [36m>[39m
                  [0mError[0m
                [36m</option>[39m
                [36m<option[39m
                  [33mvalue[39m=[32m"debug"[39m
                [36m>[39m
                  [0mDebug Level[0m
                [36m</option>[39m
              [36m</select>[39m
            [36m</div>[39m
          [36m</div>[39m
          [36m<div[39m
            [33mclass[39m=[32m"flex items-center space-x-2"[39m
          [36m>[39m
            [36m<label[39m
              [33mclass[39m=[32m"flex items-center space-x-2 text-sm text-gray-600"[39m
            [36m>[39m
              [36m<input[39m
                [33maria-label[39m=[32m"Auto-scroll to bottom"[39m
                [33mchecked[39m=[32m""[39m
                [33mclass[39m=[32m"rounded border-gray-300 text-blue-600 focus:ring-blue-500"[39m
                [33mtype[39m=[32m"checkbox"[39m
              [36m/>[39m
              [36m<span>[39m
                [0mAuto-scroll[0m
              [36m</span>[39m
            [36m</label>[39m
            [36m<button[39m
              [33maria-label[39m=[32m"Refresh logs"[39m
              [33mclass[39m=[32m"inline-flex items-center px-3 py-1 border border-gray-300 rounded-md text-xs font-medium text-gray-700 bg-white hover:bg-gray-50 focus:outline-none focus:ring-2 focus:ring-blue-500"[39m
            [36m>[39m
              [36m<span[39m
                [33mclass[39m=[32m"w-3 h-3 mr-1 inline-flex items-center justify-center"[39m
              [36m>[39m
                [36m<svg[39m
                  [33mclass[39m=[32m"w-3 h-3"[39m
                  [33mfill[39m=[32m"none"[39m
                  [33mstroke[39m=[32m"currentColor"[39m
                  [33mstroke-width[39m=[32m"2.5"[39m
                  [33mviewBox[39m=[32m"0 0 24 24"[39m
                [36m>[39m
                  [36m<path[39m
                    [33md[39m=[32m"M3 12a9 9 0 0 1 9-9 9.75 9.75 0 0 1 6.74 2.74L21 8"[39m
                  [36m/>[39m
                  [36m<path[39m
                    [33md[39m=[32m"M21 3v5h-5"[39m
                  [36m/>[39m
                  [36m<path[39m
                    [33md[39m=[32m"M21 12a9 9 0 0 1-9 9 9.75 9.75 0 0 1-6.74-2.74L3 16"[39m
                  [36m/>[39m
                  [36m<path[39m
                    [33md[39m=[32m"M8 16H3v5"[39m
                  [36m/>[39m
                [36m</svg>[39m
              [36m</span>[39m
              [0mRefresh[0m
            [36m</button>[39m
            [36m<button[39m
              [33maria-label[39m=[32m"Export logs"[39m
              [33mclass[39m=[32m"inline-flex items-center px-3 py-1 border border-gray-300 rounded-md text-xs font-medium text-gray-700 bg-white hover:bg-gray-50 focus:outline-none focus:ring-2 focus:ring-blue-500"[39m
            [36m>[39m
              [36m<svg[39m
                [33mclass[39m=[32m"w-3 h-3 mr-1"[39m
                [33mfill[39m=[32m"none"[39m
                [33mstroke[39m=[32m"currentColor"[39m
                [33mviewBox[39m=[32m"0 0 24 24"[39m
              [36m>[39m
                [36m<path[39m
                  [33md[39m=[32m"M12 10v6m0 0l-3-3m3 3l3-3m2 8H7a2 2 0 01-2-2V5a2 2 0 012-2h5.586a1 1 0 01.707.293l5.414 5.414a1 1 0 01.293.707V19a2 2 0 01-2 2z"[39m
                  [33mstroke-linecap[39m=[32m"round"[39m
                  [33mstroke-linejoin[39m=[32m"round"[39m
                  [33mstroke-width[39m=[32m"2"[39m
                [36m/>[39m
              [36m</svg>[39m
              [0mExport[0m
            [36m</button>[39m
          [36m</div>[39m
        [36m</div>[39m
        [36m<div[39m
          [33mclass[39m=[32m"flex items-center space-x-4"[39m
        [36m>[39m
          [36m<div[39m
            [33mclass[39m=[32m"flex-1 max-w-md"[39m
          [36m>[39m
            [36m<div[39m
              [33mclass[39m=[32m"relative"[39m
            [36m>[39m
              [36m<input[39m
                [33maria-label[39m=[32m"Search logs"[39m
                [33mclass[39m=[32m"w-full px-3 py-2 pl-8 text-sm border border-gray-300 rounded-md focus:outline-none focus:ring-2 focus:ring-blue-500"[39m
                [33mid[39m=[32m"log-search"[39m
                [33mplaceholder[39m=[32m"Search logs..."[39m
                [33mtype[39m=[32m"text"[39m
                [33mvalue[39m=[32m""[39m
              [36m/>[39m
              [36m<svg[39m
                [33mclass[39m=[32m"absolute left-2.5 top-2.5 w-4 h-4 text-gray-400"[39m
                [33mfill[39m=[32m"none"[39m
                [33mstroke[39m=[32m"currentColor"[39m
                [33mviewBox[39m=[32m"0 0 24 24"[39m
              [36m>[39m
                [36m<path[39m
                  [33md[39m=[32m"M21 21l-6-6m2-5a7 7 0 11-14 0 7 7 0 0114 0z"[39m
                  [33mstroke-linecap[39m=[32m"round"[39m
                  [33mstroke-linejoin[39m=[32m"round"[39m
                  [33mstroke-width[39m=[32m"2"[39m
                [36m/>[39m
              [36m</svg>[39m
            [36m</div>[39m
          [36m</div>[39m
        [36m</div>[39m
      [36m</div>[39m
      [36m<div[39m
        [33mclass[39m=[32m"px-6 py-4 flex-1 flex flex-col min-h-0"[39m
      [36m>[39m
        [36m<div[39m
          [33maria-label[39m=[32m"Log entries"[39m
          [33mclass[39m=[32m"flex-1 font-mono text-sm bg-gray-50 rounded-lg p-4 min-h-0 logs-scroll border border-gray-200"[39m
          [33mrole[39m=[32m"list"[39m
          [33mstyle[39m=[32m"min-height: 144px; max-height: 320px; overflow-y: auto;"[39m
        [36m>[39m
          [36m<div[39m
            [33mclass[39m=[32m"text-center text-gray-500 py-8"[39m
          [36m>[39m
            [36m<svg[39m
              [33mclass[39m=[32m"mx-auto h-12 w-12 text-gray-400"[39m
              [33mfill[39m=[32m"none"[39m
              [33mstroke[39m=[32m"currentColor"[39m
              [33mviewBox[39m=[32m"0 0 24 24"[39m
            [36m>[39m
              [36m<path[39m
                [33md[39m=[32m"M9 12h6m-6 4h6m2 5H7a2 2 0 01-2-2V5a2 2 0 012-2h5.586a1 1 0 01.707.293l5.414 5.414a1 1 0 01.293.707V19a2 2 0 01-2 2z"[39m
                [33mstroke-linecap[39m=[32m"round"[39m
                [33mstroke-linejoin[39m=[32m"round"[39m
                [33mstroke-width[39m=[32m"2"[39m
              [36m/>[39m
            [36m</svg>[39m
            [36m<h3[39m
              [33mclass[39m=[32m"mt-2 text-sm font-medium text-gray-900"[39m
            [36m>[39m
              [0mNo logs available[0m
            [36m</h3>[39m
            [36m<p[39m
              [33mclass[39m=[32m"mt-1 text-sm text-gray-500"[39m
            [36m>[39m
              [0mLogs will appear here when a job is running or has completed.[0m
            [36m</p>[39m
          [36m</div>[39m
        [36m</div>[39m
        [36m<div[39m
          [33mclass[39m=[32m"mt-3 flex items-center justify-between text-xs text-gray-500 flex-shrink-0"[39m
        [36m>[39m
          [36m<div>[39m
            [0m0 logs[0m
          [36m</div>[39m
          [36m<div />[39m
        [36m</div>[39m
      [36m</div>[39m
    [36m</div>[39m
  [36m</div>[39m
[36m</body>[39m
   ✓ LogViewer > shows loading state 9ms
   ✓ LogViewer > calls onRefresh when refresh button is clicked 22ms
   ✓ LogViewer > exports logs when export button is clicked 23ms
   ✓ LogViewer > switches modes without scroll position issues 126ms
   ✓ LogViewer > scrolls to bottom when new logs arrive 54ms
   ✓ LogViewer > handles case-sensitive search 22ms
   ✓ LogViewer > handles special characters in search 18ms
   ✓ LogViewer > filters by multiple criteria 39ms
   ✓ LogViewer > handles very long log messages 43ms
   ✓ LogViewer > displays log count correctly 20ms
   ✓ LogViewer > handles rapid mode switching 61ms
   ✓ LogViewer > provides proper ARIA labels 36ms
   ✓ LogViewer > handles keyboard navigation 19ms
 ❯ src/renderer/components/Dashboard/__tests__/FailedImagesReviewPanel.test.tsx (35 tests | 35 failed) 805ms
   × FailedImagesReviewPanel > Component Rendering > renders the failed images review panel with header 116ms
     → window.electronAPI.onRetryProgress is not a function
   × FailedImagesReviewPanel > Component Rendering > shows loading state initially 22ms
     → window.electronAPI.onRetryProgress is not a function
   × FailedImagesReviewPanel > Component Rendering > displays failed images count in header 22ms
     → window.electronAPI.onRetryProgress is not a function
   × FailedImagesReviewPanel > Component Rendering > renders back button that calls onBack 23ms
     → window.electronAPI.onRetryProgress is not a function
   × FailedImagesReviewPanel > Filters and Controls > renders job filter dropdown 15ms
     → window.electronAPI.onRetryProgress is not a function
   × FailedImagesReviewPanel > Filters and Controls > renders search input field 23ms
     → window.electronAPI.onRetryProgress is not a function
   × FailedImagesReviewPanel > Filters and Controls > renders sort control dropdown 21ms
     → window.electronAPI.onRetryProgress is not a function
   × FailedImagesReviewPanel > Filters and Controls > renders clear button 11ms
     → window.electronAPI.onRetryProgress is not a function
   × FailedImagesReviewPanel > Filters and Controls > clears all filters when clear button is clicked 25ms
     → window.electronAPI.onRetryProgress is not a function
   × FailedImagesReviewPanel > Image Display > renders failed image cards for each failed image 18ms
     → window.electronAPI.onRetryProgress is not a function
   × FailedImagesReviewPanel > Image Display > shows no images message when no failed images exist 12ms
     → window.electronAPI.onRetryProgress is not a function
   × FailedImagesReviewPanel > Image Display > displays images in grid layout 17ms
     → window.electronAPI.onRetryProgress is not a function
   × FailedImagesReviewPanel > Selection Controls > renders select all checkbox 44ms
     → window.electronAPI.onRetryProgress is not a function
   × FailedImagesReviewPanel > Selection Controls > selects all images when select all is clicked 29ms
     → window.electronAPI.onRetryProgress is not a function
   × FailedImagesReviewPanel > Selection Controls > deselects all images when select all is clicked again 16ms
     → window.electronAPI.onRetryProgress is not a function
   × FailedImagesReviewPanel > Selection Controls > shows bulk action buttons when images are selected 24ms
     → window.electronAPI.onRetryProgress is not a function
   × FailedImagesReviewPanel > Individual Image Actions > handles approve action for individual image 46ms
     → window.electronAPI.onRetryProgress is not a function
   × FailedImagesReviewPanel > Individual Image Actions > handles retry action for individual image 17ms
     → window.electronAPI.onRetryProgress is not a function
   × FailedImagesReviewPanel > Individual Image Actions > handles delete action for individual image 17ms
     → window.electronAPI.onRetryProgress is not a function
   × FailedImagesReviewPanel > Individual Image Actions > handles view action and opens review modal 13ms
     → window.electronAPI.onRetryProgress is not a function
   × FailedImagesReviewPanel > Bulk Actions > handles bulk approve action 32ms
     → window.electronAPI.onRetryProgress is not a function
   × FailedImagesReviewPanel > Bulk Actions > handles bulk delete action 18ms
     → window.electronAPI.onRetryProgress is not a function
   × FailedImagesReviewPanel > Bulk Actions > opens processing settings modal for bulk retry 11ms
     → window.electronAPI.onRetryProgress is not a function
   × FailedImagesReviewPanel > Processing Settings Modal Integration > handles retry with original settings 15ms
     → window.electronAPI.onRetryProgress is not a function
   × FailedImagesReviewPanel > Processing Settings Modal Integration > handles retry with modified settings 16ms
     → window.electronAPI.onRetryProgress is not a function
   × FailedImagesReviewPanel > Error Handling > displays error message when loading fails 14ms
     → window.electronAPI.onRetryProgress is not a function
   × FailedImagesReviewPanel > Error Handling > displays error message when action fails 23ms
     → window.electronAPI.onRetryProgress is not a function
   × FailedImagesReviewPanel > Error Handling > clears error message when error is dismissed 13ms
     → window.electronAPI.onRetryProgress is not a function
   × FailedImagesReviewPanel > Filtering and Sorting > filters images by job execution 18ms
     → window.electronAPI.onRetryProgress is not a function
   × FailedImagesReviewPanel > Filtering and Sorting > filters images by search query 29ms
     → window.electronAPI.onRetryProgress is not a function
   × FailedImagesReviewPanel > Filtering and Sorting > sorts images by creation date 17ms
     → window.electronAPI.onRetryProgress is not a function
   × FailedImagesReviewPanel > Performance and Optimization > loads images on component mount 26ms
     → window.electronAPI.onRetryProgress is not a function
   × FailedImagesReviewPanel > Performance and Optimization > reloads images after successful actions 13ms
     → window.electronAPI.onRetryProgress is not a function
   × FailedImagesReviewPanel > Performance and Optimization > maintains selection state during individual actions 14ms
     → window.electronAPI.onRetryProgress is not a function
   × FailedImagesReviewPanel > Performance and Optimization > clears selection after bulk actions 13ms
     → window.electronAPI.onRetryProgress is not a function
 ❯ src/renderer/components/Dashboard/__tests__/ImageModal.test.tsx (11 tests | 2 failed) 534ms
   × ImageModal > renders modal when open 195ms
     → Unable to find an element with the text: approved. This could be because the text is broken up by multiple elements. In this case, you can provide a function for your text matcher to make your matcher more flexible.

Ignored nodes: comments, script, style
[36m<body[39m
  [33mstyle[39m=[32m"overflow: hidden;"[39m
[36m>[39m
  [36m<div>[39m
    [36m<div[39m
      [33mclass[39m=[32m"fixed inset-0 z-50 overflow-y-auto"[39m
    [36m>[39m
      [36m<div[39m
        [33maria-hidden[39m=[32m"true"[39m
        [33mclass[39m=[32m"fixed inset-0 bg-black bg-opacity-50 transition-opacity"[39m
      [36m/>[39m
      [36m<div[39m
        [33mclass[39m=[32m"flex min-h-full items-center justify-center p-4"[39m
      [36m>[39m
        [36m<div[39m
          [33mclass[39m=[32m"relative bg-white rounded-lg shadow-xl max-w-6xl w-full max-h-[90vh] overflow-hidden"[39m
        [36m>[39m
          [36m<div[39m
            [33mclass[39m=[32m"flex items-center justify-between p-4 border-b border-gray-200"[39m
          [36m>[39m
            [36m<div[39m
              [33mclass[39m=[32m"flex items-center space-x-3"[39m
            [36m>[39m
              [36m<h2[39m
                [33mclass[39m=[32m"text-xl font-semibold text-gray-900"[39m
              [36m>[39m
                [0mImage Details[0m
              [36m</h2>[39m
              [36m<span[39m
                [33mclass[39m=[32m"inline-flex items-center gap-1 px-2 py-1 rounded-full text-sm font-medium border bg-green-100 text-green-800 border-green-200"[39m
              [36m>[39m
                [36m<svg[39m
                  [33maria-hidden[39m=[32m"true"[39m
                  [33mclass[39m=[32m"w-4 h-4"[39m
                  [33mfill[39m=[32m"none"[39m
                  [33mstroke[39m=[32m"currentColor"[39m
                  [33mviewBox[39m=[32m"0 0 24 24"[39m
                [36m>[39m
                  [36m<path[39m
                    [33md[39m=[32m"M5 13l4 4L19 7"[39m
                    [33mstroke-linecap[39m=[32m"round"[39m
                    [33mstroke-linejoin[39m=[32m"round"[39m
                    [33mstroke-width[39m=[32m"2"[39m
                  [36m/>[39m
                [36m</svg>[39m
                [0mApproved[0m
              [36m</span>[39m
            [36m</div>[39m
            [36m<div[39m
              [33mclass[39m=[32m"flex items-center space-x-2"[39m
            [36m>[39m
              [36m<button[39m
                [33maria-label[39m=[32m"Delete image permanently"[39m
                [33mclass[39m=[32m"review-modal-button bg-red-600 text-white hover:bg-red-700"[39m
                [33mtitle[39m=[32m"Delete image permanently"[39m
                [33mtype[39m=[32m"button"[39m
              [36m>[39m
                [36m<svg[39m
                  [33mfill[39m=[32m"none"[39m
                  [33mstroke[39m=[32m"currentColor"[39m
                  [33mviewBox[39m=[32m"0 0 24 24"[39m
                [36m>[39m
                  [36m<path[39m
                    [33md[39m=[32m"M19 7l-.867 12.142A2 2 0 0116.138 21H7.862a2 2 0 01-1.995-1.858L5 7m5 4v6m4-6v6m1-10V4a1 1 0 00-1-1h-4a1 1 0 00-1 1v3M4 7h16"[39m
                    [33mstroke-linecap[39m=[32m"round"[39m
                    [33mstroke-linejoin[39m=[32m"round"[39m
                    [33mstroke-width[39m=[32m"2"[39m
                  [36m/>[39m
                [36m</svg>[39m
                [0mDelete[0m
              [36m</button>[39m
              [36m<button[39m
                [33maria-label[39m=[32m"Image Control Info"[39m
                [33mclass[39m=[32m"px-2 py-1 text-xs bg-white hover:bg-gray-50 border border-gray-200 text-gray-700 rounded"[39m
                [33mtitle[39m=[32m"Image Control Info"[39m
                [33mtype[39m=[32m"button"[39m
              [36m>[39m
                [0mImage Control Info[0m
              [36m</button>[39m
              [36m<div[39m
                [33mclass[39m=[32m"flex items-center space-x-1"[39m
              [36m>[39m
                [36m<button[39m
                  [33maria-label[39m=[32m"Previous image"[39m
                  [33mclass[39m=[32m"p-2 rounded-md transition-colors text-gray-600 hover:text-gray-900 hover:bg-gray-100"[39m
                [36m>[39m
                  [36m<svg[39m
                    [33mclass[39m=[32m"w-5 h-5"[39m
                    [33mfill[39m=[32m"none"[39m
                    [33mstroke[39m=[32m"currentColor"[39m
                    [33mviewBox[39m=[32m"0 0 24 24"[39m
                  [36m>[39m
                    [36m<path[39m
                      [33md[39m=[32m"M15 19l-7-7 7-7"[39m
                      [33mstroke-linecap[39m=[32m"round"[39m
                      [33mstroke-linejoin[39m=[32m"round"[39m
                      [33mstroke-width[39m=[32m"2"[39m
                    [36m/>[39m
                  [36m</svg>[39m
                [36m</button>[39m
                [36m<button[39m
                  [33maria-label[39m=[32m"Next image"[39m
                  [33mclass[39m=[32m"p-2 rounded-md transition-colors text-gray-600 hover:text-gray-900 hover:bg-gray-100"[39m
                [36m>[39m
                  [36m<svg[39m
                    [33mclass[39m=[32m"w-5 h-5"[39m
                    [33mfill[39m=[32m"none"[39m
                    [33mstroke[39m=[32m"currentColor"[39m
                    [33mviewBox[39m=[32m"0 0 24 24"[39m
                  [36m>[39m
                    [36m<path[39m
                      [33md[39m=[32m"M9 5l7 7-7 7"[39m
                      [33mstroke-linecap[39m=[32m"round"[39m
                      [33mstroke-linejoin[39m=[32m"round"[39m
                      [33mstroke-width[39m=[32m"2"[39m
                    [36m/>[39m
                  [36m</svg>[39m
                [36m</button>[39m
              [36m</div>[39m
              [36m<button[39m
                [33maria-label[39m=[32m"Close modal"[39m
                [33mclass[39m=[32m"p-2 text-gray-400 hover:text-gray-600 hover:bg-gray-100 rounded-md transition-colors"[39m
              [36m>[39m
                [36m<svg[39m
                  [33mclass[39m=[32m"w-6 h-6"[39m
                  [33mfill[39m=[32m"none"[39m
                  [33mstroke[39m=[32m"currentColor"[39m
                  [33mviewBox[39m=[32m"0 0 24 24"[39m
                [36m>[39m
                  [36m<path[39m
                    [33md[39m=[32m"M6 18L18 6M6 6l12 12"[39m
                    [33mstroke-linecap[39m=[32m"round"[39m
                    [33mstroke-linejoin[39m=[32m"round"[39m
                    [33mstroke-width[39m=[32m"2"[39m
                  [36m/>[39m
                [36m</svg>[39m
              [36m</button>[39m
            [36m</div>[39m
          [36m</div>[39m
          [36m<div[39m
            [33mclass[39m=[32m"flex flex-row h-[calc(90vh-80px)] overflow-hidden"[39m
          [36m>[39m
            [36m<div[39m
              [33mclass[39m=[32m"relative w-1/2 xl:w-2/3 flex items-center justify-center bg-gray-50 p-4 h-full"[39m
            [36m>[39m
              [36m<div[39m
                [33mclass[39m=[32m"relative w-full h-full overflow-hidden rounded"[39m
              [36m>[39m
                [36m<img[39m
                  [33malt[39m=[32m"Generated image"[39m
                  [33mclass[39m=[32m"cursor-grab"[39m
                  [33msrc[39m=[32m"local-file:///path/to/image.jpg"[39m
                  [33mstyle[39m=[32m"position: absolute; top: 50%; left: 50%; transform: translate(-50%, -50%) translate(0px, 0px) scale(1); transform-origin: center center; transition: transform 80ms ease-out; max-width: 100%; max-height: 100%; user-select: none; pointer-events: auto;"[39m
                [36m/>[39m
              [36m</div>[39m
              [36m<div[39m
                [33mclass[39m=[32m"absolute bottom-4 right-4 flex items-center space-x-2 bg-white/90 border border-gray-200 rounded-md shadow px-2 py-1 z-10"[39m
              [36m>[39m
                [36m<button[39m
                  [33maria-label[39m=[32m"Zoom out"[39m
                  [33mclass[39m=[32m"p-1 text-gray-700 hover:text-gray-900 hover:bg-gray-100 rounded"[39m
                  [33mtitle[39m=[32m"Zoom out"[39m
                [36m>[39m
                  [36m<svg[39m
                    [33mclass[39m=[32m"w-5 h-5"[39m
                    [33mfill[39m=[32m"none"[39m
                    [33mstroke[39m=[32m"currentColor"[39m
                    [33mviewBox[39m=[32m"0 0 24 24"[39m
                  [36m>[39m
                    [36m<path[39m
                      [33md[39m=[32m"M20 12H4"[39m
                      [33mstroke-linecap[39m=[32m"round"[39m
                      [33mstroke-linejoin[39m=[32m"round"[39m
                      [33mstroke-width[39m=[32m"2"[39m
                    [36m/>[39m
                  [36m</svg>[39m
                [36m</button>[39m
                [36m<div[39m
                  [33mclass[39m=[32m"text-xs text-gray-600 w-12 text-center"[39m
                [36m>[39m
                  [0m100[0m
                  [0m%[0m
                [36m</div>[39m
                [36m<button[39m
                  [33maria-label[39m=[32m"Zoom in"[39m
                  [33mclass[39m=[32m"p-1 text-gray-700 hover:text-gray-900 hover:bg-gray-100 rounded"[39m
                  [33mtitle[39m=[32m"Zoom in"[39m
                [36m>[39m
                  [36m<svg[39m
                    [33mclass[39m=[32m"w-5 h-5"[39m
                    [33mfill[39m=[32m"none"[39m
                    [33mstroke[39m=[32m"currentColor"[39m
                    [33mviewBox[39m=[32m"0 0 24 24"[39m
                  [36m>[39m
                    [36m<path[39m
                      [33md[39m=[32m"M12 4v16m8-8H4"[39m
                      [33mstroke-linecap[39m=[32m"round"[39m
                      [33mstroke-linejoin[39m=[32m"round"[39m
                      [33mstroke-width[39m=[32m"2"[39m
                    [36m/>[39m
                  [36m</svg>[39m
                [36m</button>[39m
                [36m<button[39m
                  [33maria-label[39m=[32m"Reset zoom"[39m
                  [33mclass[39m=[32m"p-1 text-gray-700 hover:text-gray-900 hover:bg-gray-100 rounded"[39m
                  [33mtitle[39m=[32m"Reset"[39m
                [36m>[39m
                  [36m<svg[39m
                    [33mclass[39m=[32m"w-5 h-5"[39m
                    [33mfill[39m=[32m"none"[39m
                    [33mstroke[39m=[32m"currentColor"[39m
                    [33mviewBox[39m=[32m"0 0 24 24"[39m
                  [36m>[39m
                    [36m<path[39m
                      [33md[39m=[32m"M4 4v5h.582M20 12A8.001 8.001 0 004.582 9m0 0H9"[39m
                      [33mstroke-linecap[39m=[32m"round"[39m
                      [33mstroke-linejoin[39m=[32m"round"[39m
                      [33mstroke-width[39m=[32m"2"[39m
                    [36m/>[39m
                  [36m</svg>[39m
                [36m</button>[39m
                [36m<button[39m
                  [33maria-label[39m=[32m"Fit to screen"[39m
                  [33mclass[39m=[32m"p-1 text-gray-700 hover:text-gray-900 hover:bg-gray-100 rounded"[39m
                  [33mtitle[39m=[32m"Fit to screen"[39m
                [36m>[39m
                  [36m<svg[39m
                    [33mclass[39m=[32m"w-5 h-5"[39m
                    [33mfill[39m=[32m"none"[39m
                    [33mstroke[39m=[32m"currentColor"[39m
                    [33mviewBox[39m=[32m"0 0 24 24"[39m
                  [36m>[39m
                    [36m<path[39m
                      [33md[39m=[32m"M3 3h7M3 3v7M21 21h-7M21 21v-7"[39m
                      [33mstroke-linecap[39m=[32m"round"[39m
                      [33mstroke-linejoin[39m=[32m"round"[39m
                      [33mstroke-width[39m=[32m"2"[39m
                    [36m/>[39m
                  [36m</svg>[39m
                [36m</button>[39m
              [36m</div>[39m
            [36m</div>[39m
            [36m<div[39m
              [33mclass[39m=[32m"w-1/2 xl:w-96 border-l border-gray-200 flex flex-col h-full overflow-hidden xl:min-w-[384px]"[39m
            [36m>[39m
              [36m<div[39m
                [33mclass[39m=[32m"flex border-b border-gray-200"[39m
              [36m>[39m
                [36m<button[39m
                  [33mclass[39m=[32m"flex-1 px-4 py-3 text-sm font-medium border-b-2 transition-colors border-blue-500 text-blue-600 bg-blue-50"[39m
                [36m>[39m
                  [0mDetails[0m
                [36m</button>[39m
                [36m<button[39m
                  [33mclass[39m=[32m"flex-1 px-4 py-3 text-sm font-medium border-b-2 transition-colors border-transparent text-gray-500 hover:text-gray-700 hover:border-gray-300"[39m
                [36m>[39m
                  [0mAI Metadata[0m
                [36m</button>[39m
                [36m<button[39m
                  [33mclass[39m=[32m"flex-1 px-4 py-3 text-sm font-medium border-b-2 transition-colors border-transparent text-gray-500 hover:text-gray-700 hover:border-gray-300"[39m
                [36m>[39m
                  [0mProcessing[0m
                [36m</button>[39m
              [36m</div>[39m
              [36m<div[39m
                [33mclass[39m=[32m"flex-1 overflow-y-auto overflow-x-hidden p-4"[39m
              [36m>[39m
                [36m<div[39m
                  [33mclass[39m=[32m"space-y-4"[39m
                [36m>[39m
                  [36m<div>[39m
                    [36m<label[39m
                      [33mclass[39m=[32m"block text-sm font-medium text-gray-700 mb-1"[39m
                    [36m>[39m
                      [0mImage ID[0m
                    [36m</label>[39m
                    [36m<p[39m
                      [33mclass[39m=[32m"text-sm text-gray-900 font-mono"[39m
                    [36m>[39m
                      [0mimg-1[0m
                    [36m</p>[39m
                  [36m</div>[39m
                  [36m<div>[39m
                    [36m<label[39m
                      [33mclass[39m=[32m"block text-sm font-medium text-gray-700 mb-1"[39m
                    [36m>[39m
                      [0mJob Execution[0m
                    [36m</label>[39m
                    [36m<p[39m
                      [33mclass[39m=[32m"text-sm text-gray-900 font-mono"[39m
                    [36m>[39m
                      [0mjob-1[0m
                    [36m</p>[39m
                  [36m</div>[39m
                  [36m<div>[39m
                    [36m<label[39m
                      [33mclass[39m=[32m"block text-sm font-medium text-gray-700 mb-1"[39m
                    [36m>[39m
                      [0mGeneration Prompt[0m
                    [36m</label>[39m
                    [36m<p[39m
                      [33mclass[39m=[32m"text-sm text-gray-900 bg-gray-50 p-3 rounded-md border"[39m
                    [36m>[39m
                      [0mA beautiful landscape with mountains[0m
                    [36m</p>[39m
                  [36m</div>[39m
                  [36m<div>[39m
                    [36m<label[39m
                      [33mclass[39m=[32m"block text-sm font-medium text-gray-700 mb-1"[39m
                    [36m>[39m
                      [0mSeed[0m
                    [36m</label>[39m
                    [36m<p[39m
                      [33mclass[39m=[32m"text-sm text-gray-900 font-mono"[39m
                    [36m>[39m
                      [0m12345[0m
                    [36m</p>[39m
                  [36m</div>[39m
                  [36m<div>[39m
                    [36m<label[39m
                      [33mclass[39m=[32m"block text-sm font-medium text-gray-700 mb-1"[39m
                    [36m>[39m
                      [0mQC Status[0m
                    [36m</label>[39m
                    [36m<div[39m
                      [33mclass[39m=[32m"flex flex-wrap items-start gap-2 whitespace-normal"[39m
                    [36m>[39m
                      [36m<span[39m
                        [33mclass[39m=[32m"inline-flex items-center gap-1 px-2 py-1 rounded-full text-sm font-medium border bg-green-100 text-green-800 border-green-200"[39m
                      [36m>[39m
                        [36m<svg[39m
                          [33maria-hidden[39m=[32m"true"[39m
                          [33mclass[39m=[32m"w-4 h-4"[39m
                          [33mfill[39m=[32m"none"[39m
                          [33mstroke[39m=[32m"currentColor"[39m
                          [33mviewBox[39m=[32m"0 0 24 24"[39m
                        [36m>[39m
                          [36m<path[39m
                            [33md[39m=[32m"M5 13l4 4L19 7"[39m
                            [33mstroke-linecap[39m=[32m"round"[39m
                            [33mstroke-linejoin[39m=[32m"round"[39m
                            [33mstroke-width[39m=[32m"2"[39m
                          [36m/>[39m
                        [36m</svg>[39m
                        [0mApproved[0m
                      [36m</span>[39m
                    [36m</div>[39m
                  [36m</div>[39m
                  [36m<div>[39m
                    [36m<label[39m
                      [33mclass[39m=[32m"block text-sm font-medium text-gray-700 mb-1"[39m
                    [36m>[39m
                      [0mCreated[0m
                    [36m</label>[39m
                    [36m<p[39m
                      [33mclass[39m=[32m"text-sm text-gray-900"[39m
                    [36m>[39m
                      [0m1/1/2024, 2:00:00 PM[0m
                    [36m</p>[39m
                  [36m</div>[39m
                  [36m<div>[39m
                    [36m<label[39m
                      [33mclass[39m=[32m"block text-sm font-medium text-gray-700 mb-1"[39m
                    [36m>[39m
                      [0mFile Path[0m
                    [36m</label>[39m
                    [36m<p[39m
                      [33mclass[39m=[32m"text-sm text-gray-900 font-mono break-all"[39m
                    [36m>[39m
                      [0m/path/to/image.jpg[0m
                    [36m</p>[39m
                  [36m</div>[39m
                [36m</div>[39m
              [36m</div>[39m
            [36m</div>[39m
          [36m</div>[39m
        [36m</div>[39m
      [36m</div>[39m
    [36m</div>[39m
  [36m</div>[39m
[36m</body>[39m
   ✓ ImageModal > does not render when closed 4ms
   ✓ ImageModal > calls onClose when close button is clicked 37ms
   ✓ ImageModal > shows navigation buttons when available 28ms
   ✓ ImageModal > calls navigation functions 41ms
   ✓ ImageModal > switches between tabs 59ms
   ✓ ImageModal > displays processing settings correctly 53ms
   ✓ ImageModal > displays AI tags correctly 34ms
   ✓ ImageModal > handles image with missing metadata gracefully 46ms
   ✓ ImageModal > closes modal on Escape key 22ms
   × ImageModal > handles null image gracefully 13ms
     → expect(element).not.toBeInTheDocument()

expected document not to contain element, found <h2
  class="text-xl font-semibold text-gray-900"
>
  Image Details
</h2> instead
 ❯ tests/unit/database/GeneratedImage.test.js (21 tests | 18 failed) 177ms
   × GeneratedImage Model > CRUD Operations > should create a generated image 11ms
     → SQLITE_CONSTRAINT: NOT NULL constraint failed: generated_images.image_mapping_id
   × GeneratedImage Model > CRUD Operations > should retrieve a generated image by id 4ms
     → SQLITE_CONSTRAINT: NOT NULL constraint failed: generated_images.image_mapping_id
   × GeneratedImage Model > CRUD Operations > should update a generated image 8ms
     → SQLITE_CONSTRAINT: NOT NULL constraint failed: generated_images.image_mapping_id
   × GeneratedImage Model > CRUD Operations > should delete a generated image 5ms
     → SQLITE_CONSTRAINT: NOT NULL constraint failed: generated_images.image_mapping_id
   × GeneratedImage Model > Query Operations > should get all generated images 4ms
     → SQLITE_CONSTRAINT: NOT NULL constraint failed: generated_images.image_mapping_id
   × GeneratedImage Model > Query Operations > should get images by execution id 4ms
     → SQLITE_CONSTRAINT: NOT NULL constraint failed: generated_images.image_mapping_id
   × GeneratedImage Model > Query Operations > should get images by QC status 3ms
     → SQLITE_CONSTRAINT: NOT NULL constraint failed: generated_images.image_mapping_id
   × GeneratedImage Model > Query Operations > should get image statistics 4ms
     → SQLITE_CONSTRAINT: NOT NULL constraint failed: generated_images.image_mapping_id
   × GeneratedImage Model > Query Operations > should get image metadata with job status 4ms
     → SQLITE_CONSTRAINT: NOT NULL constraint failed: generated_images.image_mapping_id
   × GeneratedImage Model > QC Status Management > should update QC status 10ms
     → SQLITE_CONSTRAINT: NOT NULL constraint failed: generated_images.image_mapping_id
   × GeneratedImage Model > QC Status Management > should handle QC status transitions 4ms
     → SQLITE_CONSTRAINT: NOT NULL constraint failed: generated_images.image_mapping_id
   × GeneratedImage Model > Metadata and Processing Settings > should handle complex metadata 8ms
     → SQLITE_CONSTRAINT: NOT NULL constraint failed: generated_images.image_mapping_id
   × GeneratedImage Model > Metadata and Processing Settings > should handle null metadata and processing settings 3ms
     → SQLITE_CONSTRAINT: NOT NULL constraint failed: generated_images.image_mapping_id
   × GeneratedImage Model > Metadata and Processing Settings > should handle JSON serialization/deserialization 3ms
     → SQLITE_CONSTRAINT: NOT NULL constraint failed: generated_images.image_mapping_id
   ✓ GeneratedImage Model > Edge Cases and Error Handling > should handle non-existent generated image 19ms
   ✓ GeneratedImage Model > Edge Cases and Error Handling > should handle invalid generated image data 6ms
   × GeneratedImage Model > Edge Cases and Error Handling > should handle cleanup of old images 22ms
     → expected +0 to be 1 // Object.is equality
   ✓ GeneratedImage Model > Edge Cases and Error Handling > should handle database connection errors 1ms
   × GeneratedImage Model > Data Validation > should validate QC status values 10ms
     → SQLITE_CONSTRAINT: NOT NULL constraint failed: generated_images.image_mapping_id
   × GeneratedImage Model > Data Validation > should handle seed values correctly 3ms
     → SQLITE_CONSTRAINT: NOT NULL constraint failed: generated_images.image_mapping_id
   × GeneratedImage Model > Data Validation > should handle long generation prompts 15ms
     → SQLITE_CONSTRAINT: NOT NULL constraint failed: generated_images.image_mapping_id
 ❯ tests/integration/database/JobConfiguration.integration.test.ts (22 tests | 16 failed) 138ms
   × JobConfiguration Database Integration Tests > Model Creation and Validation > creates JobConfiguration model with correct schema 38ms
     → expected "spy" to be called with arguments: [ StringContaining{…}, Any<Function> ]

Number of calls: 0

   × JobConfiguration Database Integration Tests > Model Creation and Validation > validates required fields 10ms
     → expected true to be false // Object.is equality
   × JobConfiguration Database Integration Tests > Model Creation and Validation > validates settings JSON format 6ms
     → expected true to be false // Object.is equality
   × JobConfiguration Database Integration Tests > Settings Persistence and Retrieval > saves settings to database successfully 5ms
     → expected "spy" to be called with arguments: [ StringContaining{…}, …(1) ]

Number of calls: 0

   × JobConfiguration Database Integration Tests > Settings Persistence and Retrieval > retrieves settings from database successfully 8ms
     → expected "spy" to be called with arguments: [ StringContaining{…}, …(1) ]

Number of calls: 0

   × JobConfiguration Database Integration Tests > Settings Persistence and Retrieval > returns default settings when no settings found 8ms
     → expected [ '1:1', '16:9' ] to deeply equal [ '1:1' ]
   × JobConfiguration Database Integration Tests > Settings Persistence and Retrieval > updates existing settings 5ms
     → expected "spy" to be called with arguments: [ StringContaining{…}, …(1) ]

Number of calls: 0

   × JobConfiguration Database Integration Tests > Database Migration and Schema Updates > creates table with correct schema on initialization 1ms
     → expected "spy" to be called with arguments: [ StringContaining{…}, Any<Function> ]

Number of calls: 0

   × JobConfiguration Database Integration Tests > Database Migration and Schema Updates > handles table already exists gracefully 2ms
     → expected "spy" to be called at least once
   ✓ JobConfiguration Database Integration Tests > Database Migration and Schema Updates > adds new columns to existing table 1ms
   ✓ JobConfiguration Database Integration Tests > Error Handling > handles database connection errors 1ms
   × JobConfiguration Database Integration Tests > Error Handling > handles database query errors 6ms
     → expected true to be false // Object.is equality
   × JobConfiguration Database Integration Tests > Error Handling > handles database read errors 3ms
     → expected true to be false // Object.is equality
   × JobConfiguration Database Integration Tests > Error Handling > handles database update errors 8ms
     → expected true to be false // Object.is equality
   × JobConfiguration Database Integration Tests > Data Integrity > ensures settings are stored as JSON string 3ms
     → expected "spy" to be called with arguments: [ Any<String>, [ 'default', …(2) ] ]

Number of calls: 0

   × JobConfiguration Database Integration Tests > Data Integrity > validates settings structure on retrieval 3ms
     → expected true to be false // Object.is equality
   ✓ JobConfiguration Database Integration Tests > Data Integrity > handles large settings objects 4ms
   × JobConfiguration Database Integration Tests > Performance and Optimization > uses indexes for efficient queries 1ms
     → expected "spy" to be called with arguments: [ StringContaining{…}, Any<Function> ]

Number of calls: 0

   × JobConfiguration Database Integration Tests > Performance and Optimization > limits query results for performance 5ms
     → expected [ …(10) ] to deeply equal []
   ✓ JobConfiguration Database Integration Tests > Performance and Optimization > cleans up old settings records 6ms
   ✓ JobConfiguration Database Integration Tests > Concurrency and Transactions > handles concurrent writes gracefully 7ms
   ✓ JobConfiguration Database Integration Tests > Concurrency and Transactions > uses transactions for complex operations 3ms
 ❯ tests/integration/backend/ManualApprove.integration.test.ts (2 tests | 2 failed) 209ms
   × Manual Approve Integration > moves temp image to custom outputDirectory and approves 113ms
     → expected false to be true // Object.is equality
   × Manual Approve Integration > falls back to default toupload path when custom missing 95ms
     → expected false to be true // Object.is equality
 ❯ tests/unit/database/JobExecution.test.js (13 tests | 1 failed) 113ms
   ✓ JobExecution Model > CRUD Operations > should create a job execution 7ms
   ✓ JobExecution Model > CRUD Operations > should retrieve a job execution by id 4ms
   ✓ JobExecution Model > CRUD Operations > should update a job execution 5ms
   ✓ JobExecution Model > CRUD Operations > should delete a job execution 5ms
   ✓ JobExecution Model > Query Operations > should get all job executions 11ms
   × JobExecution Model > Query Operations > should get job history with limit 12ms
     → SQLITE_ERROR: no such table: generated_images
   ✓ JobExecution Model > Query Operations > should get job statistics 21ms
   ✓ JobExecution Model > Edge Cases and Error Handling > should handle non-existent job execution 2ms
   ✓ JobExecution Model > Edge Cases and Error Handling > should handle invalid job execution data 4ms
   ✓ JobExecution Model > Edge Cases and Error Handling > should handle cleanup of old executions 4ms
   ✓ JobExecution Model > Edge Cases and Error Handling > should handle database connection errors 1ms
   ✓ JobExecution Model > Data Validation > should validate job status values 10ms
   ✓ JobExecution Model > Data Validation > should handle date conversions correctly 7ms
 ❯ tests/integration/backend/FailedImagesReview.integration.test.ts (4 tests | 4 failed) 152ms
   × Failed Images Review - BackendAdapter Integration > returns failed images via getImagesByQCStatus 11ms
     → SQLITE_CONSTRAINT: NOT NULL constraint failed: generated_images.image_mapping_id
   × Failed Images Review - BackendAdapter Integration > retryFailedImagesBatch with original settings updates status to retry_pending for same execution 7ms
     → SQLITE_CONSTRAINT: NOT NULL constraint failed: generated_images.image_mapping_id
   × Failed Images Review - BackendAdapter Integration > retryFailedImagesBatch with original settings fails across different executions 11ms
     → SQLITE_CONSTRAINT: NOT NULL constraint failed: generated_images.image_mapping_id
   × Failed Images Review - BackendAdapter Integration > retryFailedImagesBatch with modified settings updates processing settings and status (with clamping) 7ms
     → SQLITE_CONSTRAINT: NOT NULL constraint failed: generated_images.image_mapping_id
 ❯ tests/integration/backend/RetryNormalization.integration.test.ts (1 test | 1 failed) 104ms
   × Retry normalization integration > normalizes stringified processing values before calling processImage 102ms
     → expected 0 to be greater than 0
 ❯ tests/unit/services/JobRunner.rerunFlagClear.test.ts (1 test | 1 failed) 26ms
   × JobRunner rerun leak guard > clears isRerun and persists a new execution when no databaseExecutionId is set 24ms
     → expected "spy" to be called at least once
 ❯ tests/unit/producePictureModule.success.test.ts (1 test | 1 failed) 13ms
   × producePictureModule success path (Runware) > returns processed images when provider returns URLs 12ms
     → Runware API key is missing. Please set it in Settings → API Keys.
 ❯ tests/unit/producePictureModule.helpers.test.ts (3 tests | 3 failed) 11ms
   × producePictureModule helpers > getRunwareDimensionsForGeneration parses valid CSV 7ms
     → getRunwareDimensionsForGeneration is not a function
   × producePictureModule helpers > getRunwareDimensionsForGeneration returns null for invalid entries 1ms
     → getRunwareDimensionsForGeneration is not a function
   × producePictureModule helpers > extractRunwareImageUrls returns valid http(s) URLs 0ms
     → extractRunwareImageUrls is not a function
 ✓ src/renderer/components/Settings/__tests__/SettingsSection.test.tsx (29 tests) 502ms
 ✓ src/renderer/components/Settings/__tests__/SecureInput.test.tsx (22 tests) 989ms
 ✓ src/renderer/components/Settings/__tests__/SettingsPanel.test.tsx (13 tests) 713ms
 ✓ src/renderer/components/Jobs/__tests__/BatchOperationsToolbar.test.tsx (31 tests) 642ms
 ✓ tests/unit/services/RetryExecutor.test.ts (7 tests) 834ms
   ✓ RetryExecutor Critical Regression Tests > Error Handling Regression > should not crash when methods are called with invalid data  629ms
 ✓ src/renderer/components/Settings/__tests__/ApiKeysSection.test.tsx (10 tests) 395ms
 ✓ tests/integration/backend/SettingsLabel.integration.test.ts (1 test) 231ms
 ✓ src/renderer/components/Settings/__tests__/FileSelector.test.tsx (17 tests) 388ms
 ✓ tests/integration/backend/RetryFunctionality.integration.test.ts (4 tests) 497ms
   ✓ Retry Functionality Integration Smoke Tests > should be able to import modules  493ms
 ✓ tests/integration/settings/BackendAdapter-SettingsUI.integration.test.ts (4 tests) 671ms
 ❯ src/renderer/components/Dashboard/__tests__/DashboardPanel.test.tsx (18 tests | 14 failed) 14107ms
   × DashboardPanel > renders dashboard with main sections 236ms
     → Unable to find an element with the text: Dashboard. This could be because the text is broken up by multiple elements. In this case, you can provide a function for your text matcher to make your matcher more flexible.

Ignored nodes: comments, script, style
[36m<body>[39m
  [36m<div>[39m
    [36m<div[39m
      [33mclass[39m=[32m"dashboard-panel min-h-screen bg-gray-50"[39m
    [36m>[39m
      [36m<div[39m
        [33mclass[39m=[32m"bg-white border-b border-gray-200 py-3 md:py-4 flex items-center px-6 relative"[39m
      [36m>[39m
        [36m<div[39m
          [33mclass[39m=[32m"flex items-center justify-between w-full flex-wrap gap-y-2"[39m
        [36m>[39m
          [36m<div[39m
            [33mclass[39m=[32m"flex items-center space-x-3"[39m
          [36m>[39m
            [36m<div[39m
              [33mclass[39m=[32m"relative"[39m
            [36m>[39m
              [36m<button[39m
                [33maria-label[39m=[32m"Open menu"[39m
                [33mclass[39m=[32m"p-2 rounded-md hover:bg-gray-100 text-gray-700 focus:outline-none focus:ring-2 focus:ring-blue-500"[39m
                [33mtitle[39m=[32m"Menu"[39m
              [36m>[39m
                [36m<svg[39m
                  [33mclass[39m=[32m"w-5 h-5"[39m
                  [33mfill[39m=[32m"none"[39m
                  [33mstroke[39m=[32m"currentColor"[39m
                  [33mviewBox[39m=[32m"0 0 24 24"[39m
                [36m>[39m
                  [36m<path[39m
                    [33md[39m=[32m"M4 6h16M4 12h16M4 18h16"[39m
                    [33mstroke-linecap[39m=[32m"round"[39m
                    [33mstroke-linejoin[39m=[32m"round"[39m
                    [33mstroke-width[39m=[32m"2"[39m
                  [36m/>[39m
                [36m</svg>[39m
              [36m</button>[39m
            [36m</div>[39m
            [36m<div[39m
              [33mclass[39m=[32m"flex items-center space-x-3"[39m
            [36m>[39m
              [36m<button[39m
                [33maria-label[39m=[32m"Start job"[39m
                [33mclass[39m=[32m"inline-flex items-center px-4 py-2 border border-transparent text-sm font-medium rounded-md shadow-sm focus:outline-none focus:ring-2 focus:ring-offset-2 transition-colors bg-blue-600 hover:bg-blue-700 focus:ring-blue-500 text-white"[39m
              [36m>[39m
                [36m<svg[39m
                  [33mclass[39m=[32m"-ml-1 mr-2 h-4 w-4"[39m
                  [33mfill[39m=[32m"none"[39m
                  [33mstroke[39m=[32m"currentColor"[39m
                  [33mviewBox[39m=[32m"0 0 24 24"[39m
                [36m>[39m
                  [36m<path[39m
                    [33md[39m=[32m"M14.828 14.828a4 4 0 01-5.656 0M9 10h1m4 0h1m-6 4h.01M21 12a9 9 0 11-18 0 9 9 0 0118 0z"[39m
                    [33mstroke-linecap[39m=[32m"round"[39m
                    [33mstroke-linejoin[39m=[32m"round"[39m
                    [33mstroke-width[39m=[32m"2"[39m
                  [36m/>[39m
                [36m</svg>[39m
                [0mStart Job[0m
              [36m</button>[39m
              [36m<button[39m
                [33maria-label[39m=[32m"Stop job"[39m
                [33mclass[39m=[32m"inline-flex items-center px-4 py-2 border border-transparent text-sm font-medium rounded-md shadow-sm focus:outline-none focus:ring-2 focus:ring-offset-2 transition-colors bg-gray-300 text-gray-500 cursor-not-allowed"[39m
                [33mdisabled[39m=[32m""[39m
              [36m>[39m
                [36m<svg[39m
                  [33mclass[39m=[32m"-ml-1 mr-2 h-4 w-4"[39m
                  [33mfill[39m=[32m"none"[39m
                  [33mstroke[39m=[32m"currentColor"[39m
                  [33mviewBox[39m=[32m"0 0 24 24"[39m
                [36m>[39m
                  [36m<path[39m
                    [33md[39m=[32m"M21 12a9 9 0 11-18 0 9 9 0 0118 0z M9 10a1 1 0 011-1h4a1 1 0 011 1v4a1 1 0 01-1 1h-4a1 1 0 01-1-1v-4z"[39m
                    [33mstroke-linecap[39m=[32m"round"[39m
                    [33mstroke-linejoin[39m=[32m"round"[39m
                    [33mstroke-width[39m=[32m"2"[39m
                  [36m/>[39m
                [36m</svg>[39m
                [0mStop Job[0m
              [36m</button>[39m
              [36m<button[39m
                [33maria-label[39m=[32m"Refresh data"[39m
                [33mclass[39m=[32m"inline-flex items-center px-3 py-2 border border-gray-300 text-sm font-medium rounded-md shadow-sm focus:outline-none focus:ring-2 focus:ring-offset-2 transition-colors bg-white hover:bg-gray-50 focus:ring-blue-500 text-gray-700 border-gray-300"[39m
                [33mtitle[39m=[32m"Refresh job history and statistics"[39m
              [36m>[39m
                [36m<svg[39m
                  [33mclass[39m=[32m"-ml-1 mr-2 h-4 w-4"[39m
                  [33mfill[39m=[32m"none"[39m
                  [33mstroke[39m=[32m"currentColor"[39m
                  [33mviewBox[39m=[32m"0 0 24 24"[39m
                [36m>[39m
                  [36m<path[39m
                    [33md[39m=[32m"M3 12a9 9 0 0 1 9-9 9.75 9.75 0 0 1 6.74 2.74L21 8"[39m
                  [36m/>[39m
                  [36m<path[39m
                    [33md[39m=[32m"M21 3v5h-5"[39m
                  [36m/>[39m
                  [36m<path[39m
                    [33md[39m=[32m"M21 12a9 9 0 0 1-9 9 9.75 9.75 0 0 1-6.74-2.74L3 16"[39m
                  [36m/>[39m
                  [36m<path[39m
                    [33md[39m=[32m"M8 16H3v5"[39m
                  [36m/>[39m
                [36m</svg>[39m
                [0mRefresh[0m
              [36m</button>[39m
              [36m<div[39m
                [33mclass[39m=[32m"flex items-center space-x-2"[39m
              [36m>[39m
                [36m<div[39m
                  [33mclass[39m=[32m"w-2 h-2 rounded-full bg-gray-400"[39m
                [36m/>[39m
                [36m<span[39m
                  [33mclass[39m=[32m"text-sm bg-green-100 text-green-800 px-2 py-1 rounded-full"[39m
                [36m>[39m
                  [0mReady[0m
                [36m</span>[39m
              [36m</div>[39m
            [36m</div>[39m
            [36m<button[39m
              [33mclass[39m=[32m"inline-flex items-center px-4 py-2 border border-transparent text-sm font-medium rounded-md shadow-sm focus:outline-none focus:ring-2 focus:ring-offset-2 transition-colors bg-red-600 hover:bg-red-700 focus:ring-red-500 text-white disabled:opacity-50 disabled:cursor-not-allowed"[39m
              [33mtitle[39m=[32m"Force stop all processes"[39m
            [36m>[39m
              [36m<svg[39m
                [33mclass[39m=[32m"-ml-1 mr-2 h-4 w-4"[39m
                [33mfill[39m=[32m"none"[39m
                [33mstroke[39m=[32m"currentColor"[39m
                [33mviewBox[39m=[32m"0 0 24 24"[39m
              [36m>[39m
                [36m<path[39m
                  [33md[39m=[32m"M12 9v2m0 4h.01m-6.938 4h13.856c1.54 0 2.502-1.667 1.732...
   ✓ DashboardPanel > displays job status indicator 58ms
   × DashboardPanel > shows single job constraint message when job is running 1058ms
     → Unable to find an element with the text: /Only one job can run at a time/. This could be because the text is broken up by multiple elements. In this case, you can provide a function for your text matcher to make your matcher more flexible.

Ignored nodes: comments, script, style
[36m<body>[39m
  [36m<div>[39m
    [36m<div[39m
      [33mclass[39m=[32m"dashboard-panel min-h-screen bg-gray-50"[39m
    [36m>[39m
      [36m<div[39m
        [33mclass[39m=[32m"bg-white border-b border-gray-200 py-3 md:py-4 flex items-center px-6 relative"[39m
      [36m>[39m
        [36m<div[39m
          [33mclass[39m=[32m"flex items-center justify-between w-full flex-wrap gap-y-2"[39m
        [36m>[39m
          [36m<div[39m
            [33mclass[39m=[32m"flex items-center space-x-3"[39m
          [36m>[39m
            [36m<div[39m
              [33mclass[39m=[32m"relative"[39m
            [36m>[39m
              [36m<button[39m
                [33maria-label[39m=[32m"Open menu"[39m
                [33mclass[39m=[32m"p-2 rounded-md hover:bg-gray-100 text-gray-700 focus:outline-none focus:ring-2 focus:ring-blue-500"[39m
                [33mtitle[39m=[32m"Menu"[39m
              [36m>[39m
                [36m<svg[39m
                  [33mclass[39m=[32m"w-5 h-5"[39m
                  [33mfill[39m=[32m"none"[39m
                  [33mstroke[39m=[32m"currentColor"[39m
                  [33mviewBox[39m=[32m"0 0 24 24"[39m
                [36m>[39m
                  [36m<path[39m
                    [33md[39m=[32m"M4 6h16M4 12h16M4 18h16"[39m
                    [33mstroke-linecap[39m=[32m"round"[39m
                    [33mstroke-linejoin[39m=[32m"round"[39m
                    [33mstroke-width[39m=[32m"2"[39m
                  [36m/>[39m
                [36m</svg>[39m
              [36m</button>[39m
            [36m</div>[39m
            [36m<div[39m
              [33mclass[39m=[32m"flex items-center space-x-3"[39m
            [36m>[39m
              [36m<button[39m
                [33maria-label[39m=[32m"Start job"[39m
                [33mclass[39m=[32m"inline-flex items-center px-4 py-2 border border-transparent text-sm font-medium rounded-md shadow-sm focus:outline-none focus:ring-2 focus:ring-offset-2 transition-colors bg-blue-600 hover:bg-blue-700 focus:ring-blue-500 text-white"[39m
              [36m>[39m
                [36m<svg[39m
                  [33mclass[39m=[32m"-ml-1 mr-2 h-4 w-4"[39m
                  [33mfill[39m=[32m"none"[39m
                  [33mstroke[39m=[32m"currentColor"[39m
                  [33mviewBox[39m=[32m"0 0 24 24"[39m
                [36m>[39m
                  [36m<path[39m
                    [33md[39m=[32m"M14.828 14.828a4 4 0 01-5.656 0M9 10h1m4 0h1m-6 4h.01M21 12a9 9 0 11-18 0 9 9 0 0118 0z"[39m
                    [33mstroke-linecap[39m=[32m"round"[39m
                    [33mstroke-linejoin[39m=[32m"round"[39m
                    [33mstroke-width[39m=[32m"2"[39m
                  [36m/>[39m
                [36m</svg>[39m
                [0mStart Job[0m
              [36m</button>[39m
              [36m<button[39m
                [33maria-label[39m=[32m"Stop job"[39m
                [33mclass[39m=[32m"inline-flex items-center px-4 py-2 border border-transparent text-sm font-medium rounded-md shadow-sm focus:outline-none focus:ring-2 focus:ring-offset-2 transition-colors bg-gray-300 text-gray-500 cursor-not-allowed"[39m
                [33mdisabled[39m=[32m""[39m
              [36m>[39m
                [36m<svg[39m
                  [33mclass[39m=[32m"-ml-1 mr-2 h-4 w-4"[39m
                  [33mfill[39m=[32m"none"[39m
                  [33mstroke[39m=[32m"currentColor"[39m
                  [33mviewBox[39m=[32m"0 0 24 24"[39m
                [36m>[39m
                  [36m<path[39m
                    [33md[39m=[32m"M21 12a9 9 0 11-18 0 9 9 0 0118 0z M9 10a1 1 0 011-1h4a1 1 0 011 1v4a1 1 0 01-1 1h-4a1 1 0 01-1-1v-4z"[39m
                    [33mstroke-linecap[39m=[32m"round"[39m
                    [33mstroke-linejoin[39m=[32m"round"[39m
                    [33mstroke-width[39m=[32m"2"[39m
                  [36m/>[39m
                [36m</svg>[39m
                [0mStop Job[0m
              [36m</button>[39m
              [36m<button[39m
                [33maria-label[39m=[32m"Refresh data"[39m
                [33mclass[39m=[32m"inline-flex items-center px-3 py-2 border border-gray-300 text-sm font-medium rounded-md shadow-sm focus:outline-none focus:ring-2 focus:ring-offset-2 transition-colors bg-white hover:bg-gray-50 focus:ring-blue-500 text-gray-700 border-gray-300"[39m
                [33mtitle[39m=[32m"Refresh job history and statistics"[39m
              [36m>[39m
                [36m<svg[39m
                  [33mclass[39m=[32m"-ml-1 mr-2 h-4 w-4"[39m
                  [33mfill[39m=[32m"none"[39m
                  [33mstroke[39m=[32m"currentColor"[39m
                  [33mviewBox[39m=[32m"0 0 24 24"[39m
                [36m>[39m
                  [36m<path[39m
                    [33md[39m=[32m"M3 12a9 9 0 0 1 9-9 9.75 9.75 0 0 1 6.74 2.74L21 8"[39m
                  [36m/>[39m
                  [36m<path[39m
                    [33md[39m=[32m"M21 3v5h-5"[39m
                  [36m/>[39m
                  [36m<path[39m
                    [33md[39m=[32m"M21 12a9 9 0 0 1-9 9 9.75 9.75 0 0 1-6.74-2.74L3 16"[39m
                  [36m/>[39m
                  [36m<path[39m
                    [33md[39m=[32m"M8 16H3v5"[39m
                  [36m/>[39m
                [36m</svg>[39m
                [0mRefresh[0m
              [36m</button>[39m
              [36m<div[39m
                [33mclass[39m=[32m"flex items-center space-x-2"[39m
              [36m>[39m
                [36m<div[39m
                  [33mclass[39m=[32m"w-2 h-2 rounded-full bg-gray-400"[39m
                [36m/>[39m
                [36m<span[39m
                  [33mclass[39m=[32m"text-sm bg-green-100 text-green-800 px-2 py-1 rounded-full"[39m
                [36m>[39m
                  [0mReady[0m
                [36m</span>[39m
              [36m</div>[39m
            [36m</div>[39m
            [36m<button[39m
              [33mclass[39m=[32m"inline-flex items-center px-4 py-2 border border-transparent text-sm font-medium rounded-md shadow-sm focus:outline-none focus:ring-2 focus:ring-offset-2 transition-colors bg-red-600 hover:bg-red-700 focus:ring-red-500 text-white disabled:opacity-50 disabled:cursor-not-allowed"[39m
              [33mtitle[39m=[32m"Force stop all processes"[39m
            [36m>[39m
              [36m<svg[39m
                [33mclass[39m=[32m"-ml-1 mr-2 h-4 w-4"[39m
                [33mfill[39m=[32m"none"[39m
                [33mstroke[39m=[32m"currentColor"[39m
                [33mviewBox[39m=[32m"0 0 24 24"[39m
              [36m>[39m
                [36m<path[39m
                  [33md[39m=[32m"M12 9v2m0 4h.01m-6.938 4h13.856c1.54 0 2.502-1.667 1.732...

Ignored nodes: comments, script, style
[36m<html>[39m
  [36m<head />[39m
  [36m<body>[39m
    [36m<div>[39m
      [36m<div[39m
        [33mclass[39m=[32m"dashboard-panel min-h-screen bg-gray-50"[39m
      [36m>[39m
        [36m<div[39m
          [33mclass[39m=[32m"bg-white border-b border-gray-200 py-3 md:py-4 flex items-center px-6 relative"[39m
        [36m>[39m
          [36m<div[39m
            [33mclass[39m=[32m"flex items-center justify-between w-full flex-wrap gap-y-2"[39m
          [36m>[39m
            [36m<div[39m
              [33mclass[39m=[32m"flex items-center space-x-3"[39m
            [36m>[39m
              [36m<div[39m
                [33mclass[39m=[32m"relative"[39m
              [36m>[39m
                [36m<button[39m
                  [33maria-label[39m=[32m"Open menu"[39m
                  [33mclass[39m=[32m"p-2 rounded-md hover:bg-gray-100 text-gray-700 focus:outline-none focus:ring-2 focus:ring-blue-500"[39m
                  [33mtitle[39m=[32m"Menu"[39m
                [36m>[39m
                  [36m<svg[39m
                    [33mclass[39m=[32m"w-5 h-5"[39m
                    [33mfill[39m=[32m"none"[39m
                    [33mstroke[39m=[32m"currentColor"[39m
                    [33mviewBox[39m=[32m"0 0 24 24"[39m
                  [36m>[39m
                    [36m<path[39m
                      [33md[39m=[32m"M4 6h16M4 12h16M4 18h16"[39m
                      [33mstroke-linecap[39m=[32m"round"[39m
                      [33mstroke-linejoin[39m=[32m"round"[39m
                      [33mstroke-width[39m=[32m"2"[39m
                    [36m/>[39m
                  [36m</svg>[39m
                [36m</button>[39m
              [36m</div>[39m
              [36m<div[39m
                [33mclass[39m=[32m"flex items-center space-x-3"[39m
              [36m>[39m
                [36m<button[39m
                  [33maria-label[39m=[32m"Start job"[39m
                  [33mclass[39m=[32m"inline-flex items-center px-4 py-2 border border-transparent text-sm font-medium rounded-md shadow-sm focus:outline-none focus:ring-2 focus:ring-offset-2 transition-colors bg-blue-600 hover:bg-blue-700 focus:ring-blue-500 text-white"[39m
                [36m>[39m
                  [36m<svg[39m
                    [33mclass[39m=[32m"-ml-1 mr-2 h-4 w-4"[39m
                    [33mfill[39m=[32m"none"[39m
                    [33mstroke[39m=[32m"currentColor"[39m
                    [33mviewBox[39m=[32m"0 0 24 24"[39m
                  [36m>[39m
                    [36m<path[39m
                      [33md[39m=[32m"M14.828 14.828a4 4 0 01-5.656 0M9 10h1m4 0h1m-6 4h.01M21 12a9 9 0 11-18 0 9 9 0 0118 0z"[39m
                      [33mstroke-linecap[39m=[32m"round"[39m
                      [33mstroke-linejoin[39m=[32m"round"[39m
                      [33mstroke-width[39m=[32m"2"[39m
                    [36m/>[39m
                  [36m</svg>[39m
                  [0mStart Job[0m
                [36m</button>[39m
                [36m<button[39m
                  [33maria-label[39m=[32m"Stop job"[39m
                  [33mclass[39m=[32m"inline-flex items-center px-4 py-2 border border-transparent text-sm font-medium rounded-md shadow-sm focus:outline-none focus:ring-2 focus:ring-offset-2 transition-colors bg-gray-300 text-gray-500 cursor-not-allowed"[39m
                  [33mdisabled[39m=[32m""[39m
                [36m>[39m
                  [36m<svg[39m
                    [33mclass[39m=[32m"-ml-1 mr-2 h-4 w-4"[39m
                    [33mfill[39m=[32m"none"[39m
                    [33mstroke[39m=[32m"currentColor"[39m
                    [33mviewBox[39m=[32m"0 0 24 24"[39m
                  [36m>[39m
                    [36m<path[39m
                      [33md[39m=[32m"M21 12a9 9 0 11-18 0 9 9 0 0118 0z M9 10a1 1 0 011-1h4a1 1 0 011 1v4a1 1 0 01-1 1h-4a1 1 0 01-1-1v-4z"[39m
                      [33mstroke-linecap[39m=[32m"round"[39m
                      [33mstroke-linejoin[39m=[32m"round"[39m
                      [33mstroke-width[39m=[32m"2"[39m
                    [36m/>[39m
                  [36m</svg>[39m
                  [0mStop Job[0m
                [36m</button>[39m
                [36m<button[39m
                  [33maria-label[39m=[32m"Refresh data"[39m
                  [33mclass[39m=[32m"inline-flex items-center px-3 py-2 border border-gray-300 text-sm font-medium rounded-md shadow-sm focus:outline-none focus:ring-2 focus:ring-offset-2 transition-colors bg-white hover:bg-gray-50 focus:ring-blue-500 text-gray-700 border-gray-300"[39m
                  [33mtitle[39m=[32m"Refresh job history and statistics"[39m
                [36m>[39m
                  [36m<svg[39m
                    [33mclass[39m=[32m"-ml-1 mr-2 h-4 w-4"[39m
                    [33mfill[39m=[32m"none"[39m
                    [33mstroke[39m=[32m"currentColor"[39m
                    [33mviewBox[39m=[32m"0 0 24 24"[39m
                  [36m>[39m
                    [36m<path[39m
                      [33md[39m=[32m"M3 12a9 9 0 0 1 9-9 9.75 9.75 0 0 1 6.74 2.74L21 8"[39m
                    [36m/>[39m
                    [36m<path[39m
                      [33md[39m=[32m"M21 3v5h-5"[39m
                    [36m/>[39m
                    [36m<path[39m
                      [33md[39m=[32m"M21 12a9 9 0 0 1-9 9 9.75 9.75 0 0 1-6.74-2.74L3 16"[39m
                    [36m/>[39m
                    [36m<path[39m
                      [33md[39m=[32m"M8 16H3v5"[39m
                    [36m/>[39m
                  [36m</svg>[39m
                  [0mRefresh[0m
                [36m</button>[39m
                [36m<div[39m
                  [33mclass[39m=[32m"flex items-center space-x-2"[39m
                [36m>[39m
                  [36m<div[39m
                    [33mclass[39m=[32m"w-2 h-2 rounded-full bg-gray-400"[39m
                  [36m/>[39m
                  [36m<span[39m
                    [33mclass[39m=[32m"text-sm bg-green-100 text-green-800 px-2 py-1 rounded-full"[39m
                  [36m>[39m
                    [0mReady[0m
                  [36m</span>[39m
                [36m</div>[39m
              [36m</div>[39m
              [36m<button[39m
                [33mclass[39m=[32m"inline-flex items-center px-4 py-2 border border-transparent text-sm font-medium rounded-md shadow-sm focus:outline-none focus:ring-2 focus:ring-offset-2 transition-colors bg-red-600 hover:bg-red-700 focus:ring-red-500 text-white disabled:opacity-50 disabled:cursor-not-allowed"[39m
                [33mtitle[39m=[32m"Force stop all processes"[39m
              [36m>[39m
                [36m<svg[39m
                  [33mclass[39m=[32m"-ml-1 mr-2 h-4 w-4"[39m
                  [33mfil...
   × DashboardPanel > handles job start action 1053ms
     → Unable to find an element with the text: Dashboard. This could be because the text is broken up by multiple elements. In this case, you can provide a function for your text matcher to make your matcher more flexible.

Ignored nodes: comments, script, style
[36m<body>[39m
  [36m<div>[39m
    [36m<div[39m
      [33mclass[39m=[32m"dashboard-panel min-h-screen bg-gray-50"[39m
    [36m>[39m
      [36m<div[39m
        [33mclass[39m=[32m"bg-white border-b border-gray-200 py-3 md:py-4 flex items-center px-6 relative"[39m
      [36m>[39m
        [36m<div[39m
          [33mclass[39m=[32m"flex items-center justify-between w-full flex-wrap gap-y-2"[39m
        [36m>[39m
          [36m<div[39m
            [33mclass[39m=[32m"flex items-center space-x-3"[39m
          [36m>[39m
            [36m<div[39m
              [33mclass[39m=[32m"relative"[39m
            [36m>[39m
              [36m<button[39m
                [33maria-label[39m=[32m"Open menu"[39m
                [33mclass[39m=[32m"p-2 rounded-md hover:bg-gray-100 text-gray-700 focus:outline-none focus:ring-2 focus:ring-blue-500"[39m
                [33mtitle[39m=[32m"Menu"[39m
              [36m>[39m
                [36m<svg[39m
                  [33mclass[39m=[32m"w-5 h-5"[39m
                  [33mfill[39m=[32m"none"[39m
                  [33mstroke[39m=[32m"currentColor"[39m
                  [33mviewBox[39m=[32m"0 0 24 24"[39m
                [36m>[39m
                  [36m<path[39m
                    [33md[39m=[32m"M4 6h16M4 12h16M4 18h16"[39m
                    [33mstroke-linecap[39m=[32m"round"[39m
                    [33mstroke-linejoin[39m=[32m"round"[39m
                    [33mstroke-width[39m=[32m"2"[39m
                  [36m/>[39m
                [36m</svg>[39m
              [36m</button>[39m
            [36m</div>[39m
            [36m<div[39m
              [33mclass[39m=[32m"flex items-center space-x-3"[39m
            [36m>[39m
              [36m<button[39m
                [33maria-label[39m=[32m"Start job"[39m
                [33mclass[39m=[32m"inline-flex items-center px-4 py-2 border border-transparent text-sm font-medium rounded-md shadow-sm focus:outline-none focus:ring-2 focus:ring-offset-2 transition-colors bg-blue-600 hover:bg-blue-700 focus:ring-blue-500 text-white"[39m
              [36m>[39m
                [36m<svg[39m
                  [33mclass[39m=[32m"-ml-1 mr-2 h-4 w-4"[39m
                  [33mfill[39m=[32m"none"[39m
                  [33mstroke[39m=[32m"currentColor"[39m
                  [33mviewBox[39m=[32m"0 0 24 24"[39m
                [36m>[39m
                  [36m<path[39m
                    [33md[39m=[32m"M14.828 14.828a4 4 0 01-5.656 0M9 10h1m4 0h1m-6 4h.01M21 12a9 9 0 11-18 0 9 9 0 0118 0z"[39m
                    [33mstroke-linecap[39m=[32m"round"[39m
                    [33mstroke-linejoin[39m=[32m"round"[39m
                    [33mstroke-width[39m=[32m"2"[39m
                  [36m/>[39m
                [36m</svg>[39m
                [0mStart Job[0m
              [36m</button>[39m
              [36m<button[39m
                [33maria-label[39m=[32m"Stop job"[39m
                [33mclass[39m=[32m"inline-flex items-center px-4 py-2 border border-transparent text-sm font-medium rounded-md shadow-sm focus:outline-none focus:ring-2 focus:ring-offset-2 transition-colors bg-gray-300 text-gray-500 cursor-not-allowed"[39m
                [33mdisabled[39m=[32m""[39m
              [36m>[39m
                [36m<svg[39m
                  [33mclass[39m=[32m"-ml-1 mr-2 h-4 w-4"[39m
                  [33mfill[39m=[32m"none"[39m
                  [33mstroke[39m=[32m"currentColor"[39m
                  [33mviewBox[39m=[32m"0 0 24 24"[39m
                [36m>[39m
                  [36m<path[39m
                    [33md[39m=[32m"M21 12a9 9 0 11-18 0 9 9 0 0118 0z M9 10a1 1 0 011-1h4a1 1 0 011 1v4a1 1 0 01-1 1h-4a1 1 0 01-1-1v-4z"[39m
                    [33mstroke-linecap[39m=[32m"round"[39m
                    [33mstroke-linejoin[39m=[32m"round"[39m
                    [33mstroke-width[39m=[32m"2"[39m
                  [36m/>[39m
                [36m</svg>[39m
                [0mStop Job[0m
              [36m</button>[39m
              [36m<button[39m
                [33maria-label[39m=[32m"Refresh data"[39m
                [33mclass[39m=[32m"inline-flex items-center px-3 py-2 border border-gray-300 text-sm font-medium rounded-md shadow-sm focus:outline-none focus:ring-2 focus:ring-offset-2 transition-colors bg-white hover:bg-gray-50 focus:ring-blue-500 text-gray-700 border-gray-300"[39m
                [33mtitle[39m=[32m"Refresh job history and statistics"[39m
              [36m>[39m
                [36m<svg[39m
                  [33mclass[39m=[32m"-ml-1 mr-2 h-4 w-4"[39m
                  [33mfill[39m=[32m"none"[39m
                  [33mstroke[39m=[32m"currentColor"[39m
                  [33mviewBox[39m=[32m"0 0 24 24"[39m
                [36m>[39m
                  [36m<path[39m
                    [33md[39m=[32m"M3 12a9 9 0 0 1 9-9 9.75 9.75 0 0 1 6.74 2.74L21 8"[39m
                  [36m/>[39m
                  [36m<path[39m
                    [33md[39m=[32m"M21 3v5h-5"[39m
                  [36m/>[39m
                  [36m<path[39m
                    [33md[39m=[32m"M21 12a9 9 0 0 1-9 9 9.75 9.75 0 0 1-6.74-2.74L3 16"[39m
                  [36m/>[39m
                  [36m<path[39m
                    [33md[39m=[32m"M8 16H3v5"[39m
                  [36m/>[39m
                [36m</svg>[39m
                [0mRefresh[0m
              [36m</button>[39m
              [36m<div[39m
                [33mclass[39m=[32m"flex items-center space-x-2"[39m
              [36m>[39m
                [36m<div[39m
                  [33mclass[39m=[32m"w-2 h-2 rounded-full bg-gray-400"[39m
                [36m/>[39m
                [36m<span[39m
                  [33mclass[39m=[32m"text-sm bg-green-100 text-green-800 px-2 py-1 rounded-full"[39m
                [36m>[39m
                  [0mReady[0m
                [36m</span>[39m
              [36m</div>[39m
            [36m</div>[39m
            [36m<button[39m
              [33mclass[39m=[32m"inline-flex items-center px-4 py-2 border border-transparent text-sm font-medium rounded-md shadow-sm focus:outline-none focus:ring-2 focus:ring-offset-2 transition-colors bg-red-600 hover:bg-red-700 focus:ring-red-500 text-white disabled:opacity-50 disabled:cursor-not-allowed"[39m
              [33mtitle[39m=[32m"Force stop all processes"[39m
            [36m>[39m
              [36m<svg[39m
                [33mclass[39m=[32m"-ml-1 mr-2 h-4 w-4"[39m
                [33mfill[39m=[32m"none"[39m
                [33mstroke[39m=[32m"currentColor"[39m
                [33mviewBox[39m=[32m"0 0 24 24"[39m
              [36m>[39m
                [36m<path[39m
                  [33md[39m=[32m"M12 9v2m0 4h.01m-6.938 4h13.856c1.54 0 2.502-1.667 1.732...

Ignored nodes: comments, script, style
[36m<html>[39m
  [36m<head />[39m
  [36m<body>[39m
    [36m<div>[39m
      [36m<div[39m
        [33mclass[39m=[32m"dashboard-panel min-h-screen bg-gray-50"[39m
      [36m>[39m
        [36m<div[39m
          [33mclass[39m=[32m"bg-white border-b border-gray-200 py-3 md:py-4 flex items-center px-6 relative"[39m
        [36m>[39m
          [36m<div[39m
            [33mclass[39m=[32m"flex items-center justify-between w-full flex-wrap gap-y-2"[39m
          [36m>[39m
            [36m<div[39m
              [33mclass[39m=[32m"flex items-center space-x-3"[39m
            [36m>[39m
              [36m<div[39m
                [33mclass[39m=[32m"relative"[39m
              [36m>[39m
                [36m<button[39m
                  [33maria-label[39m=[32m"Open menu"[39m
                  [33mclass[39m=[32m"p-2 rounded-md hover:bg-gray-100 text-gray-700 focus:outline-none focus:ring-2 focus:ring-blue-500"[39m
                  [33mtitle[39m=[32m"Menu"[39m
                [36m>[39m
                  [36m<svg[39m
                    [33mclass[39m=[32m"w-5 h-5"[39m
                    [33mfill[39m=[32m"none"[39m
                    [33mstroke[39m=[32m"currentColor"[39m
                    [33mviewBox[39m=[32m"0 0 24 24"[39m
                  [36m>[39m
                    [36m<path[39m
                      [33md[39m=[32m"M4 6h16M4 12h16M4 18h16"[39m
                      [33mstroke-linecap[39m=[32m"round"[39m
                      [33mstroke-linejoin[39m=[32m"round"[39m
                      [33mstroke-width[39m=[32m"2"[39m
                    [36m/>[39m
                  [36m</svg>[39m
                [36m</button>[39m
              [36m</div>[39m
              [36m<div[39m
                [33mclass[39m=[32m"flex items-center space-x-3"[39m
              [36m>[39m
                [36m<button[39m
                  [33maria-label[39m=[32m"Start job"[39m
                  [33mclass[39m=[32m"inline-flex items-center px-4 py-2 border border-transparent text-sm font-medium rounded-md shadow-sm focus:outline-none focus:ring-2 focus:ring-offset-2 transition-colors bg-blue-600 hover:bg-blue-700 focus:ring-blue-500 text-white"[39m
                [36m>[39m
                  [36m<svg[39m
                    [33mclass[39m=[32m"-ml-1 mr-2 h-4 w-4"[39m
                    [33mfill[39m=[32m"none"[39m
                    [33mstroke[39m=[32m"currentColor"[39m
                    [33mviewBox[39m=[32m"0 0 24 24"[39m
                  [36m>[39m
                    [36m<path[39m
                      [33md[39m=[32m"M14.828 14.828a4 4 0 01-5.656 0M9 10h1m4 0h1m-6 4h.01M21 12a9 9 0 11-18 0 9 9 0 0118 0z"[39m
                      [33mstroke-linecap[39m=[32m"round"[39m
                      [33mstroke-linejoin[39m=[32m"round"[39m
                      [33mstroke-width[39m=[32m"2"[39m
                    [36m/>[39m
                  [36m</svg>[39m
                  [0mStart Job[0m
                [36m</button>[39m
                [36m<button[39m
                  [33maria-label[39m=[32m"Stop job"[39m
                  [33mclass[39m=[32m"inline-flex items-center px-4 py-2 border border-transparent text-sm font-medium rounded-md shadow-sm focus:outline-none focus:ring-2 focus:ring-offset-2 transition-colors bg-gray-300 text-gray-500 cursor-not-allowed"[39m
                  [33mdisabled[39m=[32m""[39m
                [36m>[39m
                  [36m<svg[39m
                    [33mclass[39m=[32m"-ml-1 mr-2 h-4 w-4"[39m
                    [33mfill[39m=[32m"none"[39m
                    [33mstroke[39m=[32m"currentColor"[39m
                    [33mviewBox[39m=[32m"0 0 24 24"[39m
                  [36m>[39m
                    [36m<path[39m
                      [33md[39m=[32m"M21 12a9 9 0 11-18 0 9 9 0 0118 0z M9 10a1 1 0 011-1h4a1 1 0 011 1v4a1 1 0 01-1 1h-4a1 1 0 01-1-1v-4z"[39m
                      [33mstroke-linecap[39m=[32m"round"[39m
                      [33mstroke-linejoin[39m=[32m"round"[39m
                      [33mstroke-width[39m=[32m"2"[39m
                    [36m/>[39m
                  [36m</svg>[39m
                  [0mStop Job[0m
                [36m</button>[39m
                [36m<button[39m
                  [33maria-label[39m=[32m"Refresh data"[39m
                  [33mclass[39m=[32m"inline-flex items-center px-3 py-2 border border-gray-300 text-sm font-medium rounded-md shadow-sm focus:outline-none focus:ring-2 focus:ring-offset-2 transition-colors bg-white hover:bg-gray-50 focus:ring-blue-500 text-gray-700 border-gray-300"[39m
                  [33mtitle[39m=[32m"Refresh job history and statistics"[39m
                [36m>[39m
                  [36m<svg[39m
                    [33mclass[39m=[32m"-ml-1 mr-2 h-4 w-4"[39m
                    [33mfill[39m=[32m"none"[39m
                    [33mstroke[39m=[32m"currentColor"[39m
                    [33mviewBox[39m=[32m"0 0 24 24"[39m
                  [36m>[39m
                    [36m<path[39m
                      [33md[39m=[32m"M3 12a9 9 0 0 1 9-9 9.75 9.75 0 0 1 6.74 2.74L21 8"[39m
                    [36m/>[39m
                    [36m<path[39m
                      [33md[39m=[32m"M21 3v5h-5"[39m
                    [36m/>[39m
                    [36m<path[39m
                      [33md[39m=[32m"M21 12a9 9 0 0 1-9 9 9.75 9.75 0 0 1-6.74-2.74L3 16"[39m
                    [36m/>[39m
                    [36m<path[39m
                      [33md[39m=[32m"M8 16H3v5"[39m
                    [36m/>[39m
                  [36m</svg>[39m
                  [0mRefresh[0m
                [36m</button>[39m
                [36m<div[39m
                  [33mclass[39m=[32m"flex items-center space-x-2"[39m
                [36m>[39m
                  [36m<div[39m
                    [33mclass[39m=[32m"w-2 h-2 rounded-full bg-gray-400"[39m
                  [36m/>[39m
                  [36m<span[39m
                    [33mclass[39m=[32m"text-sm bg-green-100 text-green-800 px-2 py-1 rounded-full"[39m
                  [36m>[39m
                    [0mReady[0m
                  [36m</span>[39m
                [36m</div>[39m
              [36m</div>[39m
              [36m<button[39m
                [33mclass[39m=[32m"inline-flex items-center px-4 py-2 border border-transparent text-sm font-medium rounded-md shadow-sm focus:outline-none focus:ring-2 focus:ring-offset-2 transition-colors bg-red-600 hover:bg-red-700 focus:ring-red-500 text-white disabled:opacity-50 disabled:cursor-not-allowed"[39m
                [33mtitle[39m=[32m"Force stop all processes"[39m
              [36m>[39m
                [36m<svg[39m
                  [33mclass[39m=[32m"-ml-1 mr-2 h-4 w-4"[39m
                  [33mfil...
   × DashboardPanel > handles job stop action 1070ms
     → expected "spy" to be called at least once

Ignored nodes: comments, script, style
[36m<html>[39m
  [36m<head />[39m
  [36m<body>[39m
    [36m<div>[39m
      [36m<div[39m
        [33mclass[39m=[32m"dashboard-panel min-h-screen bg-gray-50"[39m
      [36m>[39m
        [36m<div[39m
          [33mclass[39m=[32m"bg-white border-b border-gray-200 py-3 md:py-4 flex items-center px-6 relative"[39m
        [36m>[39m
          [36m<div[39m
            [33mclass[39m=[32m"flex items-center justify-between w-full flex-wrap gap-y-2"[39m
          [36m>[39m
            [36m<div[39m
              [33mclass[39m=[32m"flex items-center space-x-3"[39m
            [36m>[39m
              [36m<div[39m
                [33mclass[39m=[32m"relative"[39m
              [36m>[39m
                [36m<button[39m
                  [33maria-label[39m=[32m"Open menu"[39m
                  [33mclass[39m=[32m"p-2 rounded-md hover:bg-gray-100 text-gray-700 focus:outline-none focus:ring-2 focus:ring-blue-500"[39m
                  [33mtitle[39m=[32m"Menu"[39m
                [36m>[39m
                  [36m<svg[39m
                    [33mclass[39m=[32m"w-5 h-5"[39m
                    [33mfill[39m=[32m"none"[39m
                    [33mstroke[39m=[32m"currentColor"[39m
                    [33mviewBox[39m=[32m"0 0 24 24"[39m
                  [36m>[39m
                    [36m<path[39m
                      [33md[39m=[32m"M4 6h16M4 12h16M4 18h16"[39m
                      [33mstroke-linecap[39m=[32m"round"[39m
                      [33mstroke-linejoin[39m=[32m"round"[39m
                      [33mstroke-width[39m=[32m"2"[39m
                    [36m/>[39m
                  [36m</svg>[39m
                [36m</button>[39m
              [36m</div>[39m
              [36m<div[39m
                [33mclass[39m=[32m"flex items-center space-x-3"[39m
              [36m>[39m
                [36m<button[39m
                  [33maria-label[39m=[32m"Start job"[39m
                  [33mclass[39m=[32m"inline-flex items-center px-4 py-2 border border-transparent text-sm font-medium rounded-md shadow-sm focus:outline-none focus:ring-2 focus:ring-offset-2 transition-colors bg-blue-600 hover:bg-blue-700 focus:ring-blue-500 text-white"[39m
                [36m>[39m
                  [36m<svg[39m
                    [33mclass[39m=[32m"-ml-1 mr-2 h-4 w-4"[39m
                    [33mfill[39m=[32m"none"[39m
                    [33mstroke[39m=[32m"currentColor"[39m
                    [33mviewBox[39m=[32m"0 0 24 24"[39m
                  [36m>[39m
                    [36m<path[39m
                      [33md[39m=[32m"M14.828 14.828a4 4 0 01-5.656 0M9 10h1m4 0h1m-6 4h.01M21 12a9 9 0 11-18 0 9 9 0 0118 0z"[39m
                      [33mstroke-linecap[39m=[32m"round"[39m
                      [33mstroke-linejoin[39m=[32m"round"[39m
                      [33mstroke-width[39m=[32m"2"[39m
                    [36m/>[39m
                  [36m</svg>[39m
                  [0mStart Job[0m
                [36m</button>[39m
                [36m<button[39m
                  [33maria-label[39m=[32m"Stop job"[39m
                  [33mclass[39m=[32m"inline-flex items-center px-4 py-2 border border-transparent text-sm font-medium rounded-md shadow-sm focus:outline-none focus:ring-2 focus:ring-offset-2 transition-colors bg-gray-300 text-gray-500 cursor-not-allowed"[39m
                  [33mdisabled[39m=[32m""[39m
                [36m>[39m
                  [36m<svg[39m
                    [33mclass[39m=[32m"-ml-1 mr-2 h-4 w-4"[39m
                    [33mfill[39m=[32m"none"[39m
                    [33mstroke[39m=[32m"currentColor"[39m
                    [33mviewBox[39m=[32m"0 0 24 24"[39m
                  [36m>[39m
                    [36m<path[39m
                      [33md[39m=[32m"M21 12a9 9 0 11-18 0 9 9 0 0118 0z M9 10a1 1 0 011-1h4a1 1 0 011 1v4a1 1 0 01-1 1h-4a1 1 0 01-1-1v-4z"[39m
                      [33mstroke-linecap[39m=[32m"round"[39m
                      [33mstroke-linejoin[39m=[32m"round"[39m
                      [33mstroke-width[39m=[32m"2"[39m
                    [36m/>[39m
                  [36m</svg>[39m
                  [0mStop Job[0m
                [36m</button>[39m
                [36m<button[39m
                  [33maria-label[39m=[32m"Refresh data"[39m
                  [33mclass[39m=[32m"inline-flex items-center px-3 py-2 border border-gray-300 text-sm font-medium rounded-md shadow-sm focus:outline-none focus:ring-2 focus:ring-offset-2 transition-colors bg-white hover:bg-gray-50 focus:ring-blue-500 text-gray-700 border-gray-300"[39m
                  [33mtitle[39m=[32m"Refresh job history and statistics"[39m
                [36m>[39m
                  [36m<svg[39m
                    [33mclass[39m=[32m"-ml-1 mr-2 h-4 w-4"[39m
                    [33mfill[39m=[32m"none"[39m
                    [33mstroke[39m=[32m"currentColor"[39m
                    [33mviewBox[39m=[32m"0 0 24 24"[39m
                  [36m>[39m
                    [36m<path[39m
                      [33md[39m=[32m"M3 12a9 9 0 0 1 9-9 9.75 9.75 0 0 1 6.74 2.74L21 8"[39m
                    [36m/>[39m
                    [36m<path[39m
                      [33md[39m=[32m"M21 3v5h-5"[39m
                    [36m/>[39m
                    [36m<path[39m
                      [33md[39m=[32m"M21 12a9 9 0 0 1-9 9 9.75 9.75 0 0 1-6.74-2.74L3 16"[39m
                    [36m/>[39m
                    [36m<path[39m
                      [33md[39m=[32m"M8 16H3v5"[39m
                    [36m/>[39m
                  [36m</svg>[39m
                  [0mRefresh[0m
                [36m</button>[39m
                [36m<div[39m
                  [33mclass[39m=[32m"flex items-center space-x-2"[39m
                [36m>[39m
                  [36m<div[39m
                    [33mclass[39m=[32m"w-2 h-2 rounded-full bg-gray-400"[39m
                  [36m/>[39m
                  [36m<span[39m
                    [33mclass[39m=[32m"text-sm bg-green-100 text-green-800 px-2 py-1 rounded-full"[39m
                  [36m>[39m
                    [0mReady[0m
                  [36m</span>[39m
                [36m</div>[39m
              [36m</div>[39m
              [36m<button[39m
                [33mclass[39m=[32m"inline-flex items-center px-4 py-2 border border-transparent text-sm font-medium rounded-md shadow-sm focus:outline-none focus:ring-2 focus:ring-offset-2 transition-colors bg-red-600 hover:bg-red-700 focus:ring-red-500 text-white disabled:opacity-50 disabled:cursor-not-allowed"[39m
                [33mtitle[39m=[32m"Force stop all processes"[39m
              [36m>[39m
                [36m<svg[39m
                  [33mclass[39m=[32m"-ml-1 mr-2 h-4 w-4"[39m
                  [33mfil...
   × DashboardPanel > handles force stop action 1044ms
     → Unable to find an element with the text: Dashboard. This could be because the text is broken up by multiple elements. In this case, you can provide a function for your text matcher to make your matcher more flexible.

Ignored nodes: comments, script, style
[36m<body>[39m
  [36m<div>[39m
    [36m<div[39m
      [33mclass[39m=[32m"dashboard-panel min-h-screen bg-gray-50"[39m
    [36m>[39m
      [36m<div[39m
        [33mclass[39m=[32m"bg-white border-b border-gray-200 py-3 md:py-4 flex items-center px-6 relative"[39m
      [36m>[39m
        [36m<div[39m
          [33mclass[39m=[32m"flex items-center justify-between w-full flex-wrap gap-y-2"[39m
        [36m>[39m
          [36m<div[39m
            [33mclass[39m=[32m"flex items-center space-x-3"[39m
          [36m>[39m
            [36m<div[39m
              [33mclass[39m=[32m"relative"[39m
            [36m>[39m
              [36m<button[39m
                [33maria-label[39m=[32m"Open menu"[39m
                [33mclass[39m=[32m"p-2 rounded-md hover:bg-gray-100 text-gray-700 focus:outline-none focus:ring-2 focus:ring-blue-500"[39m
                [33mtitle[39m=[32m"Menu"[39m
              [36m>[39m
                [36m<svg[39m
                  [33mclass[39m=[32m"w-5 h-5"[39m
                  [33mfill[39m=[32m"none"[39m
                  [33mstroke[39m=[32m"currentColor"[39m
                  [33mviewBox[39m=[32m"0 0 24 24"[39m
                [36m>[39m
                  [36m<path[39m
                    [33md[39m=[32m"M4 6h16M4 12h16M4 18h16"[39m
                    [33mstroke-linecap[39m=[32m"round"[39m
                    [33mstroke-linejoin[39m=[32m"round"[39m
                    [33mstroke-width[39m=[32m"2"[39m
                  [36m/>[39m
                [36m</svg>[39m
              [36m</button>[39m
            [36m</div>[39m
            [36m<div[39m
              [33mclass[39m=[32m"flex items-center space-x-3"[39m
            [36m>[39m
              [36m<button[39m
                [33maria-label[39m=[32m"Start job"[39m
                [33mclass[39m=[32m"inline-flex items-center px-4 py-2 border border-transparent text-sm font-medium rounded-md shadow-sm focus:outline-none focus:ring-2 focus:ring-offset-2 transition-colors bg-blue-600 hover:bg-blue-700 focus:ring-blue-500 text-white"[39m
              [36m>[39m
                [36m<svg[39m
                  [33mclass[39m=[32m"-ml-1 mr-2 h-4 w-4"[39m
                  [33mfill[39m=[32m"none"[39m
                  [33mstroke[39m=[32m"currentColor"[39m
                  [33mviewBox[39m=[32m"0 0 24 24"[39m
                [36m>[39m
                  [36m<path[39m
                    [33md[39m=[32m"M14.828 14.828a4 4 0 01-5.656 0M9 10h1m4 0h1m-6 4h.01M21 12a9 9 0 11-18 0 9 9 0 0118 0z"[39m
                    [33mstroke-linecap[39m=[32m"round"[39m
                    [33mstroke-linejoin[39m=[32m"round"[39m
                    [33mstroke-width[39m=[32m"2"[39m
                  [36m/>[39m
                [36m</svg>[39m
                [0mStart Job[0m
              [36m</button>[39m
              [36m<button[39m
                [33maria-label[39m=[32m"Stop job"[39m
                [33mclass[39m=[32m"inline-flex items-center px-4 py-2 border border-transparent text-sm font-medium rounded-md shadow-sm focus:outline-none focus:ring-2 focus:ring-offset-2 transition-colors bg-gray-300 text-gray-500 cursor-not-allowed"[39m
                [33mdisabled[39m=[32m""[39m
              [36m>[39m
                [36m<svg[39m
                  [33mclass[39m=[32m"-ml-1 mr-2 h-4 w-4"[39m
                  [33mfill[39m=[32m"none"[39m
                  [33mstroke[39m=[32m"currentColor"[39m
                  [33mviewBox[39m=[32m"0 0 24 24"[39m
                [36m>[39m
                  [36m<path[39m
                    [33md[39m=[32m"M21 12a9 9 0 11-18 0 9 9 0 0118 0z M9 10a1 1 0 011-1h4a1 1 0 011 1v4a1 1 0 01-1 1h-4a1 1 0 01-1-1v-4z"[39m
                    [33mstroke-linecap[39m=[32m"round"[39m
                    [33mstroke-linejoin[39m=[32m"round"[39m
                    [33mstroke-width[39m=[32m"2"[39m
                  [36m/>[39m
                [36m</svg>[39m
                [0mStop Job[0m
              [36m</button>[39m
              [36m<button[39m
                [33maria-label[39m=[32m"Refresh data"[39m
                [33mclass[39m=[32m"inline-flex items-center px-3 py-2 border border-gray-300 text-sm font-medium rounded-md shadow-sm focus:outline-none focus:ring-2 focus:ring-offset-2 transition-colors bg-white hover:bg-gray-50 focus:ring-blue-500 text-gray-700 border-gray-300"[39m
                [33mtitle[39m=[32m"Refresh job history and statistics"[39m
              [36m>[39m
                [36m<svg[39m
                  [33mclass[39m=[32m"-ml-1 mr-2 h-4 w-4"[39m
                  [33mfill[39m=[32m"none"[39m
                  [33mstroke[39m=[32m"currentColor"[39m
                  [33mviewBox[39m=[32m"0 0 24 24"[39m
                [36m>[39m
                  [36m<path[39m
                    [33md[39m=[32m"M3 12a9 9 0 0 1 9-9 9.75 9.75 0 0 1 6.74 2.74L21 8"[39m
                  [36m/>[39m
                  [36m<path[39m
                    [33md[39m=[32m"M21 3v5h-5"[39m
                  [36m/>[39m
                  [36m<path[39m
                    [33md[39m=[32m"M21 12a9 9 0 0 1-9 9 9.75 9.75 0 0 1-6.74-2.74L3 16"[39m
                  [36m/>[39m
                  [36m<path[39m
                    [33md[39m=[32m"M8 16H3v5"[39m
                  [36m/>[39m
                [36m</svg>[39m
                [0mRefresh[0m
              [36m</button>[39m
              [36m<div[39m
                [33mclass[39m=[32m"flex items-center space-x-2"[39m
              [36m>[39m
                [36m<div[39m
                  [33mclass[39m=[32m"w-2 h-2 rounded-full bg-gray-400"[39m
                [36m/>[39m
                [36m<span[39m
                  [33mclass[39m=[32m"text-sm bg-green-100 text-green-800 px-2 py-1 rounded-full"[39m
                [36m>[39m
                  [0mReady[0m
                [36m</span>[39m
              [36m</div>[39m
            [36m</div>[39m
            [36m<button[39m
              [33mclass[39m=[32m"inline-flex items-center px-4 py-2 border border-transparent text-sm font-medium rounded-md shadow-sm focus:outline-none focus:ring-2 focus:ring-offset-2 transition-colors bg-red-600 hover:bg-red-700 focus:ring-red-500 text-white disabled:opacity-50 disabled:cursor-not-allowed"[39m
              [33mtitle[39m=[32m"Force stop all processes"[39m
            [36m>[39m
              [36m<svg[39m
                [33mclass[39m=[32m"-ml-1 mr-2 h-4 w-4"[39m
                [33mfill[39m=[32m"none"[39m
                [33mstroke[39m=[32m"currentColor"[39m
                [33mviewBox[39m=[32m"0 0 24 24"[39m
              [36m>[39m
                [36m<path[39m
                  [33md[39m=[32m"M12 9v2m0 4h.01m-6.938 4h13.856c1.54 0 2.502-1.667 1.732...

Ignored nodes: comments, script, style
[36m<html>[39m
  [36m<head />[39m
  [36m<body>[39m
    [36m<div>[39m
      [36m<div[39m
        [33mclass[39m=[32m"dashboard-panel min-h-screen bg-gray-50"[39m
      [36m>[39m
        [36m<div[39m
          [33mclass[39m=[32m"bg-white border-b border-gray-200 py-3 md:py-4 flex items-center px-6 relative"[39m
        [36m>[39m
          [36m<div[39m
            [33mclass[39m=[32m"flex items-center justify-between w-full flex-wrap gap-y-2"[39m
          [36m>[39m
            [36m<div[39m
              [33mclass[39m=[32m"flex items-center space-x-3"[39m
            [36m>[39m
              [36m<div[39m
                [33mclass[39m=[32m"relative"[39m
              [36m>[39m
                [36m<button[39m
                  [33maria-label[39m=[32m"Open menu"[39m
                  [33mclass[39m=[32m"p-2 rounded-md hover:bg-gray-100 text-gray-700 focus:outline-none focus:ring-2 focus:ring-blue-500"[39m
                  [33mtitle[39m=[32m"Menu"[39m
                [36m>[39m
                  [36m<svg[39m
                    [33mclass[39m=[32m"w-5 h-5"[39m
                    [33mfill[39m=[32m"none"[39m
                    [33mstroke[39m=[32m"currentColor"[39m
                    [33mviewBox[39m=[32m"0 0 24 24"[39m
                  [36m>[39m
                    [36m<path[39m
                      [33md[39m=[32m"M4 6h16M4 12h16M4 18h16"[39m
                      [33mstroke-linecap[39m=[32m"round"[39m
                      [33mstroke-linejoin[39m=[32m"round"[39m
                      [33mstroke-width[39m=[32m"2"[39m
                    [36m/>[39m
                  [36m</svg>[39m
                [36m</button>[39m
              [36m</div>[39m
              [36m<div[39m
                [33mclass[39m=[32m"flex items-center space-x-3"[39m
              [36m>[39m
                [36m<button[39m
                  [33maria-label[39m=[32m"Start job"[39m
                  [33mclass[39m=[32m"inline-flex items-center px-4 py-2 border border-transparent text-sm font-medium rounded-md shadow-sm focus:outline-none focus:ring-2 focus:ring-offset-2 transition-colors bg-blue-600 hover:bg-blue-700 focus:ring-blue-500 text-white"[39m
                [36m>[39m
                  [36m<svg[39m
                    [33mclass[39m=[32m"-ml-1 mr-2 h-4 w-4"[39m
                    [33mfill[39m=[32m"none"[39m
                    [33mstroke[39m=[32m"currentColor"[39m
                    [33mviewBox[39m=[32m"0 0 24 24"[39m
                  [36m>[39m
                    [36m<path[39m
                      [33md[39m=[32m"M14.828 14.828a4 4 0 01-5.656 0M9 10h1m4 0h1m-6 4h.01M21 12a9 9 0 11-18 0 9 9 0 0118 0z"[39m
                      [33mstroke-linecap[39m=[32m"round"[39m
                      [33mstroke-linejoin[39m=[32m"round"[39m
                      [33mstroke-width[39m=[32m"2"[39m
                    [36m/>[39m
                  [36m</svg>[39m
                  [0mStart Job[0m
                [36m</button>[39m
                [36m<button[39m
                  [33maria-label[39m=[32m"Stop job"[39m
                  [33mclass[39m=[32m"inline-flex items-center px-4 py-2 border border-transparent text-sm font-medium rounded-md shadow-sm focus:outline-none focus:ring-2 focus:ring-offset-2 transition-colors bg-gray-300 text-gray-500 cursor-not-allowed"[39m
                  [33mdisabled[39m=[32m""[39m
                [36m>[39m
                  [36m<svg[39m
                    [33mclass[39m=[32m"-ml-1 mr-2 h-4 w-4"[39m
                    [33mfill[39m=[32m"none"[39m
                    [33mstroke[39m=[32m"currentColor"[39m
                    [33mviewBox[39m=[32m"0 0 24 24"[39m
                  [36m>[39m
                    [36m<path[39m
                      [33md[39m=[32m"M21 12a9 9 0 11-18 0 9 9 0 0118 0z M9 10a1 1 0 011-1h4a1 1 0 011 1v4a1 1 0 01-1 1h-4a1 1 0 01-1-1v-4z"[39m
                      [33mstroke-linecap[39m=[32m"round"[39m
                      [33mstroke-linejoin[39m=[32m"round"[39m
                      [33mstroke-width[39m=[32m"2"[39m
                    [36m/>[39m
                  [36m</svg>[39m
                  [0mStop Job[0m
                [36m</button>[39m
                [36m<button[39m
                  [33maria-label[39m=[32m"Refresh data"[39m
                  [33mclass[39m=[32m"inline-flex items-center px-3 py-2 border border-gray-300 text-sm font-medium rounded-md shadow-sm focus:outline-none focus:ring-2 focus:ring-offset-2 transition-colors bg-white hover:bg-gray-50 focus:ring-blue-500 text-gray-700 border-gray-300"[39m
                  [33mtitle[39m=[32m"Refresh job history and statistics"[39m
                [36m>[39m
                  [36m<svg[39m
                    [33mclass[39m=[32m"-ml-1 mr-2 h-4 w-4"[39m
                    [33mfill[39m=[32m"none"[39m
                    [33mstroke[39m=[32m"currentColor"[39m
                    [33mviewBox[39m=[32m"0 0 24 24"[39m
                  [36m>[39m
                    [36m<path[39m
                      [33md[39m=[32m"M3 12a9 9 0 0 1 9-9 9.75 9.75 0 0 1 6.74 2.74L21 8"[39m
                    [36m/>[39m
                    [36m<path[39m
                      [33md[39m=[32m"M21 3v5h-5"[39m
                    [36m/>[39m
                    [36m<path[39m
                      [33md[39m=[32m"M21 12a9 9 0 0 1-9 9 9.75 9.75 0 0 1-6.74-2.74L3 16"[39m
                    [36m/>[39m
                    [36m<path[39m
                      [33md[39m=[32m"M8 16H3v5"[39m
                    [36m/>[39m
                  [36m</svg>[39m
                  [0mRefresh[0m
                [36m</button>[39m
                [36m<div[39m
                  [33mclass[39m=[32m"flex items-center space-x-2"[39m
                [36m>[39m
                  [36m<div[39m
                    [33mclass[39m=[32m"w-2 h-2 rounded-full bg-gray-400"[39m
                  [36m/>[39m
                  [36m<span[39m
                    [33mclass[39m=[32m"text-sm bg-green-100 text-green-800 px-2 py-1 rounded-full"[39m
                  [36m>[39m
                    [0mReady[0m
                  [36m</span>[39m
                [36m</div>[39m
              [36m</div>[39m
              [36m<button[39m
                [33mclass[39m=[32m"inline-flex items-center px-4 py-2 border border-transparent text-sm font-medium rounded-md shadow-sm focus:outline-none focus:ring-2 focus:ring-offset-2 transition-colors bg-red-600 hover:bg-red-700 focus:ring-red-500 text-white disabled:opacity-50 disabled:cursor-not-allowed"[39m
                [33mtitle[39m=[32m"Force stop all processes"[39m
              [36m>[39m
                [36m<svg[39m
                  [33mclass[39m=[32m"-ml-1 mr-2 h-4 w-4"[39m
                  [33mfil...
   × DashboardPanel > displays job history 1053ms
     → Unable to find an element with the text: Test Job 1. This could be because the text is broken up by multiple elements. In this case, you can provide a function for your text matcher to make your matcher more flexible.

Ignored nodes: comments, script, style
[36m<body>[39m
  [36m<div>[39m
    [36m<div[39m
      [33mclass[39m=[32m"dashboard-panel min-h-screen bg-gray-50"[39m
    [36m>[39m
      [36m<div[39m
        [33mclass[39m=[32m"bg-white border-b border-gray-200 py-3 md:py-4 flex items-center px-6 relative"[39m
      [36m>[39m
        [36m<div[39m
          [33mclass[39m=[32m"flex items-center justify-between w-full flex-wrap gap-y-2"[39m
        [36m>[39m
          [36m<div[39m
            [33mclass[39m=[32m"flex items-center space-x-3"[39m
          [36m>[39m
            [36m<div[39m
              [33mclass[39m=[32m"relative"[39m
            [36m>[39m
              [36m<button[39m
                [33maria-label[39m=[32m"Open menu"[39m
                [33mclass[39m=[32m"p-2 rounded-md hover:bg-gray-100 text-gray-700 focus:outline-none focus:ring-2 focus:ring-blue-500"[39m
                [33mtitle[39m=[32m"Menu"[39m
              [36m>[39m
                [36m<svg[39m
                  [33mclass[39m=[32m"w-5 h-5"[39m
                  [33mfill[39m=[32m"none"[39m
                  [33mstroke[39m=[32m"currentColor"[39m
                  [33mviewBox[39m=[32m"0 0 24 24"[39m
                [36m>[39m
                  [36m<path[39m
                    [33md[39m=[32m"M4 6h16M4 12h16M4 18h16"[39m
                    [33mstroke-linecap[39m=[32m"round"[39m
                    [33mstroke-linejoin[39m=[32m"round"[39m
                    [33mstroke-width[39m=[32m"2"[39m
                  [36m/>[39m
                [36m</svg>[39m
              [36m</button>[39m
            [36m</div>[39m
            [36m<div[39m
              [33mclass[39m=[32m"flex items-center space-x-3"[39m
            [36m>[39m
              [36m<button[39m
                [33maria-label[39m=[32m"Start job"[39m
                [33mclass[39m=[32m"inline-flex items-center px-4 py-2 border border-transparent text-sm font-medium rounded-md shadow-sm focus:outline-none focus:ring-2 focus:ring-offset-2 transition-colors bg-blue-600 hover:bg-blue-700 focus:ring-blue-500 text-white"[39m
              [36m>[39m
                [36m<svg[39m
                  [33mclass[39m=[32m"-ml-1 mr-2 h-4 w-4"[39m
                  [33mfill[39m=[32m"none"[39m
                  [33mstroke[39m=[32m"currentColor"[39m
                  [33mviewBox[39m=[32m"0 0 24 24"[39m
                [36m>[39m
                  [36m<path[39m
                    [33md[39m=[32m"M14.828 14.828a4 4 0 01-5.656 0M9 10h1m4 0h1m-6 4h.01M21 12a9 9 0 11-18 0 9 9 0 0118 0z"[39m
                    [33mstroke-linecap[39m=[32m"round"[39m
                    [33mstroke-linejoin[39m=[32m"round"[39m
                    [33mstroke-width[39m=[32m"2"[39m
                  [36m/>[39m
                [36m</svg>[39m
                [0mStart Job[0m
              [36m</button>[39m
              [36m<button[39m
                [33maria-label[39m=[32m"Stop job"[39m
                [33mclass[39m=[32m"inline-flex items-center px-4 py-2 border border-transparent text-sm font-medium rounded-md shadow-sm focus:outline-none focus:ring-2 focus:ring-offset-2 transition-colors bg-gray-300 text-gray-500 cursor-not-allowed"[39m
                [33mdisabled[39m=[32m""[39m
              [36m>[39m
                [36m<svg[39m
                  [33mclass[39m=[32m"-ml-1 mr-2 h-4 w-4"[39m
                  [33mfill[39m=[32m"none"[39m
                  [33mstroke[39m=[32m"currentColor"[39m
                  [33mviewBox[39m=[32m"0 0 24 24"[39m
                [36m>[39m
                  [36m<path[39m
                    [33md[39m=[32m"M21 12a9 9 0 11-18 0 9 9 0 0118 0z M9 10a1 1 0 011-1h4a1 1 0 011 1v4a1 1 0 01-1 1h-4a1 1 0 01-1-1v-4z"[39m
                    [33mstroke-linecap[39m=[32m"round"[39m
                    [33mstroke-linejoin[39m=[32m"round"[39m
                    [33mstroke-width[39m=[32m"2"[39m
                  [36m/>[39m
                [36m</svg>[39m
                [0mStop Job[0m
              [36m</button>[39m
              [36m<button[39m
                [33maria-label[39m=[32m"Refresh data"[39m
                [33mclass[39m=[32m"inline-flex items-center px-3 py-2 border border-gray-300 text-sm font-medium rounded-md shadow-sm focus:outline-none focus:ring-2 focus:ring-offset-2 transition-colors bg-white hover:bg-gray-50 focus:ring-blue-500 text-gray-700 border-gray-300"[39m
                [33mtitle[39m=[32m"Refresh job history and statistics"[39m
              [36m>[39m
                [36m<svg[39m
                  [33mclass[39m=[32m"-ml-1 mr-2 h-4 w-4"[39m
                  [33mfill[39m=[32m"none"[39m
                  [33mstroke[39m=[32m"currentColor"[39m
                  [33mviewBox[39m=[32m"0 0 24 24"[39m
                [36m>[39m
                  [36m<path[39m
                    [33md[39m=[32m"M3 12a9 9 0 0 1 9-9 9.75 9.75 0 0 1 6.74 2.74L21 8"[39m
                  [36m/>[39m
                  [36m<path[39m
                    [33md[39m=[32m"M21 3v5h-5"[39m
                  [36m/>[39m
                  [36m<path[39m
                    [33md[39m=[32m"M21 12a9 9 0 0 1-9 9 9.75 9.75 0 0 1-6.74-2.74L3 16"[39m
                  [36m/>[39m
                  [36m<path[39m
                    [33md[39m=[32m"M8 16H3v5"[39m
                  [36m/>[39m
                [36m</svg>[39m
                [0mRefresh[0m
              [36m</button>[39m
              [36m<div[39m
                [33mclass[39m=[32m"flex items-center space-x-2"[39m
              [36m>[39m
                [36m<div[39m
                  [33mclass[39m=[32m"w-2 h-2 rounded-full bg-gray-400"[39m
                [36m/>[39m
                [36m<span[39m
                  [33mclass[39m=[32m"text-sm bg-green-100 text-green-800 px-2 py-1 rounded-full"[39m
                [36m>[39m
                  [0mReady[0m
                [36m</span>[39m
              [36m</div>[39m
            [36m</div>[39m
            [36m<button[39m
              [33mclass[39m=[32m"inline-flex items-center px-4 py-2 border border-transparent text-sm font-medium rounded-md shadow-sm focus:outline-none focus:ring-2 focus:ring-offset-2 transition-colors bg-red-600 hover:bg-red-700 focus:ring-red-500 text-white disabled:opacity-50 disabled:cursor-not-allowed"[39m
              [33mtitle[39m=[32m"Force stop all processes"[39m
            [36m>[39m
              [36m<svg[39m
                [33mclass[39m=[32m"-ml-1 mr-2 h-4 w-4"[39m
                [33mfill[39m=[32m"none"[39m
                [33mstroke[39m=[32m"currentColor"[39m
                [33mviewBox[39m=[32m"0 0 24 24"[39m
              [36m>[39m
                [36m<path[39m
                  [33md[39m=[32m"M12 9v2m0 4h.01m-6.938 4h13.856c1.54 0 2.502-1.667 1.732...

Ignored nodes: comments, script, style
[36m<html>[39m
  [36m<head />[39m
  [36m<body>[39m
    [36m<div>[39m
      [36m<div[39m
        [33mclass[39m=[32m"dashboard-panel min-h-screen bg-gray-50"[39m
      [36m>[39m
        [36m<div[39m
          [33mclass[39m=[32m"bg-white border-b border-gray-200 py-3 md:py-4 flex items-center px-6 relative"[39m
        [36m>[39m
          [36m<div[39m
            [33mclass[39m=[32m"flex items-center justify-between w-full flex-wrap gap-y-2"[39m
          [36m>[39m
            [36m<div[39m
              [33mclass[39m=[32m"flex items-center space-x-3"[39m
            [36m>[39m
              [36m<div[39m
                [33mclass[39m=[32m"relative"[39m
              [36m>[39m
                [36m<button[39m
                  [33maria-label[39m=[32m"Open menu"[39m
                  [33mclass[39m=[32m"p-2 rounded-md hover:bg-gray-100 text-gray-700 focus:outline-none focus:ring-2 focus:ring-blue-500"[39m
                  [33mtitle[39m=[32m"Menu"[39m
                [36m>[39m
                  [36m<svg[39m
                    [33mclass[39m=[32m"w-5 h-5"[39m
                    [33mfill[39m=[32m"none"[39m
                    [33mstroke[39m=[32m"currentColor"[39m
                    [33mviewBox[39m=[32m"0 0 24 24"[39m
                  [36m>[39m
                    [36m<path[39m
                      [33md[39m=[32m"M4 6h16M4 12h16M4 18h16"[39m
                      [33mstroke-linecap[39m=[32m"round"[39m
                      [33mstroke-linejoin[39m=[32m"round"[39m
                      [33mstroke-width[39m=[32m"2"[39m
                    [36m/>[39m
                  [36m</svg>[39m
                [36m</button>[39m
              [36m</div>[39m
              [36m<div[39m
                [33mclass[39m=[32m"flex items-center space-x-3"[39m
              [36m>[39m
                [36m<button[39m
                  [33maria-label[39m=[32m"Start job"[39m
                  [33mclass[39m=[32m"inline-flex items-center px-4 py-2 border border-transparent text-sm font-medium rounded-md shadow-sm focus:outline-none focus:ring-2 focus:ring-offset-2 transition-colors bg-blue-600 hover:bg-blue-700 focus:ring-blue-500 text-white"[39m
                [36m>[39m
                  [36m<svg[39m
                    [33mclass[39m=[32m"-ml-1 mr-2 h-4 w-4"[39m
                    [33mfill[39m=[32m"none"[39m
                    [33mstroke[39m=[32m"currentColor"[39m
                    [33mviewBox[39m=[32m"0 0 24 24"[39m
                  [36m>[39m
                    [36m<path[39m
                      [33md[39m=[32m"M14.828 14.828a4 4 0 01-5.656 0M9 10h1m4 0h1m-6 4h.01M21 12a9 9 0 11-18 0 9 9 0 0118 0z"[39m
                      [33mstroke-linecap[39m=[32m"round"[39m
                      [33mstroke-linejoin[39m=[32m"round"[39m
                      [33mstroke-width[39m=[32m"2"[39m
                    [36m/>[39m
                  [36m</svg>[39m
                  [0mStart Job[0m
                [36m</button>[39m
                [36m<button[39m
                  [33maria-label[39m=[32m"Stop job"[39m
                  [33mclass[39m=[32m"inline-flex items-center px-4 py-2 border border-transparent text-sm font-medium rounded-md shadow-sm focus:outline-none focus:ring-2 focus:ring-offset-2 transition-colors bg-gray-300 text-gray-500 cursor-not-allowed"[39m
                  [33mdisabled[39m=[32m""[39m
                [36m>[39m
                  [36m<svg[39m
                    [33mclass[39m=[32m"-ml-1 mr-2 h-4 w-4"[39m
                    [33mfill[39m=[32m"none"[39m
                    [33mstroke[39m=[32m"currentColor"[39m
                    [33mviewBox[39m=[32m"0 0 24 24"[39m
                  [36m>[39m
                    [36m<path[39m
                      [33md[39m=[32m"M21 12a9 9 0 11-18 0 9 9 0 0118 0z M9 10a1 1 0 011-1h4a1 1 0 011 1v4a1 1 0 01-1 1h-4a1 1 0 01-1-1v-4z"[39m
                      [33mstroke-linecap[39m=[32m"round"[39m
                      [33mstroke-linejoin[39m=[32m"round"[39m
                      [33mstroke-width[39m=[32m"2"[39m
                    [36m/>[39m
                  [36m</svg>[39m
                  [0mStop Job[0m
                [36m</button>[39m
                [36m<button[39m
                  [33maria-label[39m=[32m"Refresh data"[39m
                  [33mclass[39m=[32m"inline-flex items-center px-3 py-2 border border-gray-300 text-sm font-medium rounded-md shadow-sm focus:outline-none focus:ring-2 focus:ring-offset-2 transition-colors bg-white hover:bg-gray-50 focus:ring-blue-500 text-gray-700 border-gray-300"[39m
                  [33mtitle[39m=[32m"Refresh job history and statistics"[39m
                [36m>[39m
                  [36m<svg[39m
                    [33mclass[39m=[32m"-ml-1 mr-2 h-4 w-4"[39m
                    [33mfill[39m=[32m"none"[39m
                    [33mstroke[39m=[32m"currentColor"[39m
                    [33mviewBox[39m=[32m"0 0 24 24"[39m
                  [36m>[39m
                    [36m<path[39m
                      [33md[39m=[32m"M3 12a9 9 0 0 1 9-9 9.75 9.75 0 0 1 6.74 2.74L21 8"[39m
                    [36m/>[39m
                    [36m<path[39m
                      [33md[39m=[32m"M21 3v5h-5"[39m
                    [36m/>[39m
                    [36m<path[39m
                      [33md[39m=[32m"M21 12a9 9 0 0 1-9 9 9.75 9.75 0 0 1-6.74-2.74L3 16"[39m
                    [36m/>[39m
                    [36m<path[39m
                      [33md[39m=[32m"M8 16H3v5"[39m
                    [36m/>[39m
                  [36m</svg>[39m
                  [0mRefresh[0m
                [36m</button>[39m
                [36m<div[39m
                  [33mclass[39m=[32m"flex items-center space-x-2"[39m
                [36m>[39m
                  [36m<div[39m
                    [33mclass[39m=[32m"w-2 h-2 rounded-full bg-gray-400"[39m
                  [36m/>[39m
                  [36m<span[39m
                    [33mclass[39m=[32m"text-sm bg-green-100 text-green-800 px-2 py-1 rounded-full"[39m
                  [36m>[39m
                    [0mReady[0m
                  [36m</span>[39m
                [36m</div>[39m
              [36m</div>[39m
              [36m<button[39m
                [33mclass[39m=[32m"inline-flex items-center px-4 py-2 border border-transparent text-sm font-medium rounded-md shadow-sm focus:outline-none focus:ring-2 focus:ring-offset-2 transition-colors bg-red-600 hover:bg-red-700 focus:ring-red-500 text-white disabled:opacity-50 disabled:cursor-not-allowed"[39m
                [33mtitle[39m=[32m"Force stop all processes"[39m
              [36m>[39m
                [36m<svg[39m
                  [33mclass[39m=[32m"-ml-1 mr-2 h-4 w-4"[39m
                  [33mfil...
   × DashboardPanel > displays statistics 1052ms
     → Unable to find an element with the text: 10. This could be because the text is broken up by multiple elements. In this case, you can provide a function for your text matcher to make your matcher more flexible.

Ignored nodes: comments, script, style
[36m<body>[39m
  [36m<div>[39m
    [36m<div[39m
      [33mclass[39m=[32m"dashboard-panel min-h-screen bg-gray-50"[39m
    [36m>[39m
      [36m<div[39m
        [33mclass[39m=[32m"bg-white border-b border-gray-200 py-3 md:py-4 flex items-center px-6 relative"[39m
      [36m>[39m
        [36m<div[39m
          [33mclass[39m=[32m"flex items-center justify-between w-full flex-wrap gap-y-2"[39m
        [36m>[39m
          [36m<div[39m
            [33mclass[39m=[32m"flex items-center space-x-3"[39m
          [36m>[39m
            [36m<div[39m
              [33mclass[39m=[32m"relative"[39m
            [36m>[39m
              [36m<button[39m
                [33maria-label[39m=[32m"Open menu"[39m
                [33mclass[39m=[32m"p-2 rounded-md hover:bg-gray-100 text-gray-700 focus:outline-none focus:ring-2 focus:ring-blue-500"[39m
                [33mtitle[39m=[32m"Menu"[39m
              [36m>[39m
                [36m<svg[39m
                  [33mclass[39m=[32m"w-5 h-5"[39m
                  [33mfill[39m=[32m"none"[39m
                  [33mstroke[39m=[32m"currentColor"[39m
                  [33mviewBox[39m=[32m"0 0 24 24"[39m
                [36m>[39m
                  [36m<path[39m
                    [33md[39m=[32m"M4 6h16M4 12h16M4 18h16"[39m
                    [33mstroke-linecap[39m=[32m"round"[39m
                    [33mstroke-linejoin[39m=[32m"round"[39m
                    [33mstroke-width[39m=[32m"2"[39m
                  [36m/>[39m
                [36m</svg>[39m
              [36m</button>[39m
            [36m</div>[39m
            [36m<div[39m
              [33mclass[39m=[32m"flex items-center space-x-3"[39m
            [36m>[39m
              [36m<button[39m
                [33maria-label[39m=[32m"Start job"[39m
                [33mclass[39m=[32m"inline-flex items-center px-4 py-2 border border-transparent text-sm font-medium rounded-md shadow-sm focus:outline-none focus:ring-2 focus:ring-offset-2 transition-colors bg-blue-600 hover:bg-blue-700 focus:ring-blue-500 text-white"[39m
              [36m>[39m
                [36m<svg[39m
                  [33mclass[39m=[32m"-ml-1 mr-2 h-4 w-4"[39m
                  [33mfill[39m=[32m"none"[39m
                  [33mstroke[39m=[32m"currentColor"[39m
                  [33mviewBox[39m=[32m"0 0 24 24"[39m
                [36m>[39m
                  [36m<path[39m
                    [33md[39m=[32m"M14.828 14.828a4 4 0 01-5.656 0M9 10h1m4 0h1m-6 4h.01M21 12a9 9 0 11-18 0 9 9 0 0118 0z"[39m
                    [33mstroke-linecap[39m=[32m"round"[39m
                    [33mstroke-linejoin[39m=[32m"round"[39m
                    [33mstroke-width[39m=[32m"2"[39m
                  [36m/>[39m
                [36m</svg>[39m
                [0mStart Job[0m
              [36m</button>[39m
              [36m<button[39m
                [33maria-label[39m=[32m"Stop job"[39m
                [33mclass[39m=[32m"inline-flex items-center px-4 py-2 border border-transparent text-sm font-medium rounded-md shadow-sm focus:outline-none focus:ring-2 focus:ring-offset-2 transition-colors bg-gray-300 text-gray-500 cursor-not-allowed"[39m
                [33mdisabled[39m=[32m""[39m
              [36m>[39m
                [36m<svg[39m
                  [33mclass[39m=[32m"-ml-1 mr-2 h-4 w-4"[39m
                  [33mfill[39m=[32m"none"[39m
                  [33mstroke[39m=[32m"currentColor"[39m
                  [33mviewBox[39m=[32m"0 0 24 24"[39m
                [36m>[39m
                  [36m<path[39m
                    [33md[39m=[32m"M21 12a9 9 0 11-18 0 9 9 0 0118 0z M9 10a1 1 0 011-1h4a1 1 0 011 1v4a1 1 0 01-1 1h-4a1 1 0 01-1-1v-4z"[39m
                    [33mstroke-linecap[39m=[32m"round"[39m
                    [33mstroke-linejoin[39m=[32m"round"[39m
                    [33mstroke-width[39m=[32m"2"[39m
                  [36m/>[39m
                [36m</svg>[39m
                [0mStop Job[0m
              [36m</button>[39m
              [36m<button[39m
                [33maria-label[39m=[32m"Refresh data"[39m
                [33mclass[39m=[32m"inline-flex items-center px-3 py-2 border border-gray-300 text-sm font-medium rounded-md shadow-sm focus:outline-none focus:ring-2 focus:ring-offset-2 transition-colors bg-white hover:bg-gray-50 focus:ring-blue-500 text-gray-700 border-gray-300"[39m
                [33mtitle[39m=[32m"Refresh job history and statistics"[39m
              [36m>[39m
                [36m<svg[39m
                  [33mclass[39m=[32m"-ml-1 mr-2 h-4 w-4"[39m
                  [33mfill[39m=[32m"none"[39m
                  [33mstroke[39m=[32m"currentColor"[39m
                  [33mviewBox[39m=[32m"0 0 24 24"[39m
                [36m>[39m
                  [36m<path[39m
                    [33md[39m=[32m"M3 12a9 9 0 0 1 9-9 9.75 9.75 0 0 1 6.74 2.74L21 8"[39m
                  [36m/>[39m
                  [36m<path[39m
                    [33md[39m=[32m"M21 3v5h-5"[39m
                  [36m/>[39m
                  [36m<path[39m
                    [33md[39m=[32m"M21 12a9 9 0 0 1-9 9 9.75 9.75 0 0 1-6.74-2.74L3 16"[39m
                  [36m/>[39m
                  [36m<path[39m
                    [33md[39m=[32m"M8 16H3v5"[39m
                  [36m/>[39m
                [36m</svg>[39m
                [0mRefresh[0m
              [36m</button>[39m
              [36m<div[39m
                [33mclass[39m=[32m"flex items-center space-x-2"[39m
              [36m>[39m
                [36m<div[39m
                  [33mclass[39m=[32m"w-2 h-2 rounded-full bg-gray-400"[39m
                [36m/>[39m
                [36m<span[39m
                  [33mclass[39m=[32m"text-sm bg-green-100 text-green-800 px-2 py-1 rounded-full"[39m
                [36m>[39m
                  [0mReady[0m
                [36m</span>[39m
              [36m</div>[39m
            [36m</div>[39m
            [36m<button[39m
              [33mclass[39m=[32m"inline-flex items-center px-4 py-2 border border-transparent text-sm font-medium rounded-md shadow-sm focus:outline-none focus:ring-2 focus:ring-offset-2 transition-colors bg-red-600 hover:bg-red-700 focus:ring-red-500 text-white disabled:opacity-50 disabled:cursor-not-allowed"[39m
              [33mtitle[39m=[32m"Force stop all processes"[39m
            [36m>[39m
              [36m<svg[39m
                [33mclass[39m=[32m"-ml-1 mr-2 h-4 w-4"[39m
                [33mfill[39m=[32m"none"[39m
                [33mstroke[39m=[32m"currentColor"[39m
                [33mviewBox[39m=[32m"0 0 24 24"[39m
              [36m>[39m
                [36m<path[39m
                  [33md[39m=[32m"M12 9v2m0 4h.01m-6.938 4h13.856c1.54 0 2.502-1.667 1.732...

Ignored nodes: comments, script, style
[36m<html>[39m
  [36m<head />[39m
  [36m<body>[39m
    [36m<div>[39m
      [36m<div[39m
        [33mclass[39m=[32m"dashboard-panel min-h-screen bg-gray-50"[39m
      [36m>[39m
        [36m<div[39m
          [33mclass[39m=[32m"bg-white border-b border-gray-200 py-3 md:py-4 flex items-center px-6 relative"[39m
        [36m>[39m
          [36m<div[39m
            [33mclass[39m=[32m"flex items-center justify-between w-full flex-wrap gap-y-2"[39m
          [36m>[39m
            [36m<div[39m
              [33mclass[39m=[32m"flex items-center space-x-3"[39m
            [36m>[39m
              [36m<div[39m
                [33mclass[39m=[32m"relative"[39m
              [36m>[39m
                [36m<button[39m
                  [33maria-label[39m=[32m"Open menu"[39m
                  [33mclass[39m=[32m"p-2 rounded-md hover:bg-gray-100 text-gray-700 focus:outline-none focus:ring-2 focus:ring-blue-500"[39m
                  [33mtitle[39m=[32m"Menu"[39m
                [36m>[39m
                  [36m<svg[39m
                    [33mclass[39m=[32m"w-5 h-5"[39m
                    [33mfill[39m=[32m"none"[39m
                    [33mstroke[39m=[32m"currentColor"[39m
                    [33mviewBox[39m=[32m"0 0 24 24"[39m
                  [36m>[39m
                    [36m<path[39m
                      [33md[39m=[32m"M4 6h16M4 12h16M4 18h16"[39m
                      [33mstroke-linecap[39m=[32m"round"[39m
                      [33mstroke-linejoin[39m=[32m"round"[39m
                      [33mstroke-width[39m=[32m"2"[39m
                    [36m/>[39m
                  [36m</svg>[39m
                [36m</button>[39m
              [36m</div>[39m
              [36m<div[39m
                [33mclass[39m=[32m"flex items-center space-x-3"[39m
              [36m>[39m
                [36m<button[39m
                  [33maria-label[39m=[32m"Start job"[39m
                  [33mclass[39m=[32m"inline-flex items-center px-4 py-2 border border-transparent text-sm font-medium rounded-md shadow-sm focus:outline-none focus:ring-2 focus:ring-offset-2 transition-colors bg-blue-600 hover:bg-blue-700 focus:ring-blue-500 text-white"[39m
                [36m>[39m
                  [36m<svg[39m
                    [33mclass[39m=[32m"-ml-1 mr-2 h-4 w-4"[39m
                    [33mfill[39m=[32m"none"[39m
                    [33mstroke[39m=[32m"currentColor"[39m
                    [33mviewBox[39m=[32m"0 0 24 24"[39m
                  [36m>[39m
                    [36m<path[39m
                      [33md[39m=[32m"M14.828 14.828a4 4 0 01-5.656 0M9 10h1m4 0h1m-6 4h.01M21 12a9 9 0 11-18 0 9 9 0 0118 0z"[39m
                      [33mstroke-linecap[39m=[32m"round"[39m
                      [33mstroke-linejoin[39m=[32m"round"[39m
                      [33mstroke-width[39m=[32m"2"[39m
                    [36m/>[39m
                  [36m</svg>[39m
                  [0mStart Job[0m
                [36m</button>[39m
                [36m<button[39m
                  [33maria-label[39m=[32m"Stop job"[39m
                  [33mclass[39m=[32m"inline-flex items-center px-4 py-2 border border-transparent text-sm font-medium rounded-md shadow-sm focus:outline-none focus:ring-2 focus:ring-offset-2 transition-colors bg-gray-300 text-gray-500 cursor-not-allowed"[39m
                  [33mdisabled[39m=[32m""[39m
                [36m>[39m
                  [36m<svg[39m
                    [33mclass[39m=[32m"-ml-1 mr-2 h-4 w-4"[39m
                    [33mfill[39m=[32m"none"[39m
                    [33mstroke[39m=[32m"currentColor"[39m
                    [33mviewBox[39m=[32m"0 0 24 24"[39m
                  [36m>[39m
                    [36m<path[39m
                      [33md[39m=[32m"M21 12a9 9 0 11-18 0 9 9 0 0118 0z M9 10a1 1 0 011-1h4a1 1 0 011 1v4a1 1 0 01-1 1h-4a1 1 0 01-1-1v-4z"[39m
                      [33mstroke-linecap[39m=[32m"round"[39m
                      [33mstroke-linejoin[39m=[32m"round"[39m
                      [33mstroke-width[39m=[32m"2"[39m
                    [36m/>[39m
                  [36m</svg>[39m
                  [0mStop Job[0m
                [36m</button>[39m
                [36m<button[39m
                  [33maria-label[39m=[32m"Refresh data"[39m
                  [33mclass[39m=[32m"inline-flex items-center px-3 py-2 border border-gray-300 text-sm font-medium rounded-md shadow-sm focus:outline-none focus:ring-2 focus:ring-offset-2 transition-colors bg-white hover:bg-gray-50 focus:ring-blue-500 text-gray-700 border-gray-300"[39m
                  [33mtitle[39m=[32m"Refresh job history and statistics"[39m
                [36m>[39m
                  [36m<svg[39m
                    [33mclass[39m=[32m"-ml-1 mr-2 h-4 w-4"[39m
                    [33mfill[39m=[32m"none"[39m
                    [33mstroke[39m=[32m"currentColor"[39m
                    [33mviewBox[39m=[32m"0 0 24 24"[39m
                  [36m>[39m
                    [36m<path[39m
                      [33md[39m=[32m"M3 12a9 9 0 0 1 9-9 9.75 9.75 0 0 1 6.74 2.74L21 8"[39m
                    [36m/>[39m
                    [36m<path[39m
                      [33md[39m=[32m"M21 3v5h-5"[39m
                    [36m/>[39m
                    [36m<path[39m
                      [33md[39m=[32m"M21 12a9 9 0 0 1-9 9 9.75 9.75 0 0 1-6.74-2.74L3 16"[39m
                    [36m/>[39m
                    [36m<path[39m
                      [33md[39m=[32m"M8 16H3v5"[39m
                    [36m/>[39m
                  [36m</svg>[39m
                  [0mRefresh[0m
                [36m</button>[39m
                [36m<div[39m
                  [33mclass[39m=[32m"flex items-center space-x-2"[39m
                [36m>[39m
                  [36m<div[39m
                    [33mclass[39m=[32m"w-2 h-2 rounded-full bg-gray-400"[39m
                  [36m/>[39m
                  [36m<span[39m
                    [33mclass[39m=[32m"text-sm bg-green-100 text-green-800 px-2 py-1 rounded-full"[39m
                  [36m>[39m
                    [0mReady[0m
                  [36m</span>[39m
                [36m</div>[39m
              [36m</div>[39m
              [36m<button[39m
                [33mclass[39m=[32m"inline-flex items-center px-4 py-2 border border-transparent text-sm font-medium rounded-md shadow-sm focus:outline-none focus:ring-2 focus:ring-offset-2 transition-colors bg-red-600 hover:bg-red-700 focus:ring-red-500 text-white disabled:opacity-50 disabled:cursor-not-allowed"[39m
                [33mtitle[39m=[32m"Force stop all processes"[39m
              [36m>[39m
                [36m<svg[39m
                  [33mclass[39m=[32m"-ml-1 mr-2 h-4 w-4"[39m
                  [33mfil...
   × DashboardPanel > displays generated images 1053ms
     → Unable to find an element with the text: test-image-1.png. This could be because the text is broken up by multiple elements. In this case, you can provide a function for your text matcher to make your matcher more flexible.

Ignored nodes: comments, script, style
[36m<body>[39m
  [36m<div>[39m
    [36m<div[39m
      [33mclass[39m=[32m"dashboard-panel min-h-screen bg-gray-50"[39m
    [36m>[39m
      [36m<div[39m
        [33mclass[39m=[32m"bg-white border-b border-gray-200 py-3 md:py-4 flex items-center px-6 relative"[39m
      [36m>[39m
        [36m<div[39m
          [33mclass[39m=[32m"flex items-center justify-between w-full flex-wrap gap-y-2"[39m
        [36m>[39m
          [36m<div[39m
            [33mclass[39m=[32m"flex items-center space-x-3"[39m
          [36m>[39m
            [36m<div[39m
              [33mclass[39m=[32m"relative"[39m
            [36m>[39m
              [36m<button[39m
                [33maria-label[39m=[32m"Open menu"[39m
                [33mclass[39m=[32m"p-2 rounded-md hover:bg-gray-100 text-gray-700 focus:outline-none focus:ring-2 focus:ring-blue-500"[39m
                [33mtitle[39m=[32m"Menu"[39m
              [36m>[39m
                [36m<svg[39m
                  [33mclass[39m=[32m"w-5 h-5"[39m
                  [33mfill[39m=[32m"none"[39m
                  [33mstroke[39m=[32m"currentColor"[39m
                  [33mviewBox[39m=[32m"0 0 24 24"[39m
                [36m>[39m
                  [36m<path[39m
                    [33md[39m=[32m"M4 6h16M4 12h16M4 18h16"[39m
                    [33mstroke-linecap[39m=[32m"round"[39m
                    [33mstroke-linejoin[39m=[32m"round"[39m
                    [33mstroke-width[39m=[32m"2"[39m
                  [36m/>[39m
                [36m</svg>[39m
              [36m</button>[39m
            [36m</div>[39m
            [36m<div[39m
              [33mclass[39m=[32m"flex items-center space-x-3"[39m
            [36m>[39m
              [36m<button[39m
                [33maria-label[39m=[32m"Start job"[39m
                [33mclass[39m=[32m"inline-flex items-center px-4 py-2 border border-transparent text-sm font-medium rounded-md shadow-sm focus:outline-none focus:ring-2 focus:ring-offset-2 transition-colors bg-blue-600 hover:bg-blue-700 focus:ring-blue-500 text-white"[39m
              [36m>[39m
                [36m<svg[39m
                  [33mclass[39m=[32m"-ml-1 mr-2 h-4 w-4"[39m
                  [33mfill[39m=[32m"none"[39m
                  [33mstroke[39m=[32m"currentColor"[39m
                  [33mviewBox[39m=[32m"0 0 24 24"[39m
                [36m>[39m
                  [36m<path[39m
                    [33md[39m=[32m"M14.828 14.828a4 4 0 01-5.656 0M9 10h1m4 0h1m-6 4h.01M21 12a9 9 0 11-18 0 9 9 0 0118 0z"[39m
                    [33mstroke-linecap[39m=[32m"round"[39m
                    [33mstroke-linejoin[39m=[32m"round"[39m
                    [33mstroke-width[39m=[32m"2"[39m
                  [36m/>[39m
                [36m</svg>[39m
                [0mStart Job[0m
              [36m</button>[39m
              [36m<button[39m
                [33maria-label[39m=[32m"Stop job"[39m
                [33mclass[39m=[32m"inline-flex items-center px-4 py-2 border border-transparent text-sm font-medium rounded-md shadow-sm focus:outline-none focus:ring-2 focus:ring-offset-2 transition-colors bg-gray-300 text-gray-500 cursor-not-allowed"[39m
                [33mdisabled[39m=[32m""[39m
              [36m>[39m
                [36m<svg[39m
                  [33mclass[39m=[32m"-ml-1 mr-2 h-4 w-4"[39m
                  [33mfill[39m=[32m"none"[39m
                  [33mstroke[39m=[32m"currentColor"[39m
                  [33mviewBox[39m=[32m"0 0 24 24"[39m
                [36m>[39m
                  [36m<path[39m
                    [33md[39m=[32m"M21 12a9 9 0 11-18 0 9 9 0 0118 0z M9 10a1 1 0 011-1h4a1 1 0 011 1v4a1 1 0 01-1 1h-4a1 1 0 01-1-1v-4z"[39m
                    [33mstroke-linecap[39m=[32m"round"[39m
                    [33mstroke-linejoin[39m=[32m"round"[39m
                    [33mstroke-width[39m=[32m"2"[39m
                  [36m/>[39m
                [36m</svg>[39m
                [0mStop Job[0m
              [36m</button>[39m
              [36m<button[39m
                [33maria-label[39m=[32m"Refresh data"[39m
                [33mclass[39m=[32m"inline-flex items-center px-3 py-2 border border-gray-300 text-sm font-medium rounded-md shadow-sm focus:outline-none focus:ring-2 focus:ring-offset-2 transition-colors bg-white hover:bg-gray-50 focus:ring-blue-500 text-gray-700 border-gray-300"[39m
                [33mtitle[39m=[32m"Refresh job history and statistics"[39m
              [36m>[39m
                [36m<svg[39m
                  [33mclass[39m=[32m"-ml-1 mr-2 h-4 w-4"[39m
                  [33mfill[39m=[32m"none"[39m
                  [33mstroke[39m=[32m"currentColor"[39m
                  [33mviewBox[39m=[32m"0 0 24 24"[39m
                [36m>[39m
                  [36m<path[39m
                    [33md[39m=[32m"M3 12a9 9 0 0 1 9-9 9.75 9.75 0 0 1 6.74 2.74L21 8"[39m
                  [36m/>[39m
                  [36m<path[39m
                    [33md[39m=[32m"M21 3v5h-5"[39m
                  [36m/>[39m
                  [36m<path[39m
                    [33md[39m=[32m"M21 12a9 9 0 0 1-9 9 9.75 9.75 0 0 1-6.74-2.74L3 16"[39m
                  [36m/>[39m
                  [36m<path[39m
                    [33md[39m=[32m"M8 16H3v5"[39m
                  [36m/>[39m
                [36m</svg>[39m
                [0mRefresh[0m
              [36m</button>[39m
              [36m<div[39m
                [33mclass[39m=[32m"flex items-center space-x-2"[39m
              [36m>[39m
                [36m<div[39m
                  [33mclass[39m=[32m"w-2 h-2 rounded-full bg-gray-400"[39m
                [36m/>[39m
                [36m<span[39m
                  [33mclass[39m=[32m"text-sm bg-green-100 text-green-800 px-2 py-1 rounded-full"[39m
                [36m>[39m
                  [0mReady[0m
                [36m</span>[39m
              [36m</div>[39m
            [36m</div>[39m
            [36m<button[39m
              [33mclass[39m=[32m"inline-flex items-center px-4 py-2 border border-transparent text-sm font-medium rounded-md shadow-sm focus:outline-none focus:ring-2 focus:ring-offset-2 transition-colors bg-red-600 hover:bg-red-700 focus:ring-red-500 text-white disabled:opacity-50 disabled:cursor-not-allowed"[39m
              [33mtitle[39m=[32m"Force stop all processes"[39m
            [36m>[39m
              [36m<svg[39m
                [33mclass[39m=[32m"-ml-1 mr-2 h-4 w-4"[39m
                [33mfill[39m=[32m"none"[39m
                [33mstroke[39m=[32m"currentColor"[39m
                [33mviewBox[39m=[32m"0 0 24 24"[39m
              [36m>[39m
                [36m<path[39m
                  [33md[39m=[32m"M12 9v2m0 4h.01m-6.938 4h13.856c1.54 0 2.502-1.667 1.732...

Ignored nodes: comments, script, style
[36m<html>[39m
  [36m<head />[39m
  [36m<body>[39m
    [36m<div>[39m
      [36m<div[39m
        [33mclass[39m=[32m"dashboard-panel min-h-screen bg-gray-50"[39m
      [36m>[39m
        [36m<div[39m
          [33mclass[39m=[32m"bg-white border-b border-gray-200 py-3 md:py-4 flex items-center px-6 relative"[39m
        [36m>[39m
          [36m<div[39m
            [33mclass[39m=[32m"flex items-center justify-between w-full flex-wrap gap-y-2"[39m
          [36m>[39m
            [36m<div[39m
              [33mclass[39m=[32m"flex items-center space-x-3"[39m
            [36m>[39m
              [36m<div[39m
                [33mclass[39m=[32m"relative"[39m
              [36m>[39m
                [36m<button[39m
                  [33maria-label[39m=[32m"Open menu"[39m
                  [33mclass[39m=[32m"p-2 rounded-md hover:bg-gray-100 text-gray-700 focus:outline-none focus:ring-2 focus:ring-blue-500"[39m
                  [33mtitle[39m=[32m"Menu"[39m
                [36m>[39m
                  [36m<svg[39m
                    [33mclass[39m=[32m"w-5 h-5"[39m
                    [33mfill[39m=[32m"none"[39m
                    [33mstroke[39m=[32m"currentColor"[39m
                    [33mviewBox[39m=[32m"0 0 24 24"[39m
                  [36m>[39m
                    [36m<path[39m
                      [33md[39m=[32m"M4 6h16M4 12h16M4 18h16"[39m
                      [33mstroke-linecap[39m=[32m"round"[39m
                      [33mstroke-linejoin[39m=[32m"round"[39m
                      [33mstroke-width[39m=[32m"2"[39m
                    [36m/>[39m
                  [36m</svg>[39m
                [36m</button>[39m
              [36m</div>[39m
              [36m<div[39m
                [33mclass[39m=[32m"flex items-center space-x-3"[39m
              [36m>[39m
                [36m<button[39m
                  [33maria-label[39m=[32m"Start job"[39m
                  [33mclass[39m=[32m"inline-flex items-center px-4 py-2 border border-transparent text-sm font-medium rounded-md shadow-sm focus:outline-none focus:ring-2 focus:ring-offset-2 transition-colors bg-blue-600 hover:bg-blue-700 focus:ring-blue-500 text-white"[39m
                [36m>[39m
                  [36m<svg[39m
                    [33mclass[39m=[32m"-ml-1 mr-2 h-4 w-4"[39m
                    [33mfill[39m=[32m"none"[39m
                    [33mstroke[39m=[32m"currentColor"[39m
                    [33mviewBox[39m=[32m"0 0 24 24"[39m
                  [36m>[39m
                    [36m<path[39m
                      [33md[39m=[32m"M14.828 14.828a4 4 0 01-5.656 0M9 10h1m4 0h1m-6 4h.01M21 12a9 9 0 11-18 0 9 9 0 0118 0z"[39m
                      [33mstroke-linecap[39m=[32m"round"[39m
                      [33mstroke-linejoin[39m=[32m"round"[39m
                      [33mstroke-width[39m=[32m"2"[39m
                    [36m/>[39m
                  [36m</svg>[39m
                  [0mStart Job[0m
                [36m</button>[39m
                [36m<button[39m
                  [33maria-label[39m=[32m"Stop job"[39m
                  [33mclass[39m=[32m"inline-flex items-center px-4 py-2 border border-transparent text-sm font-medium rounded-md shadow-sm focus:outline-none focus:ring-2 focus:ring-offset-2 transition-colors bg-gray-300 text-gray-500 cursor-not-allowed"[39m
                  [33mdisabled[39m=[32m""[39m
                [36m>[39m
                  [36m<svg[39m
                    [33mclass[39m=[32m"-ml-1 mr-2 h-4 w-4"[39m
                    [33mfill[39m=[32m"none"[39m
                    [33mstroke[39m=[32m"currentColor"[39m
                    [33mviewBox[39m=[32m"0 0 24 24"[39m
                  [36m>[39m
                    [36m<path[39m
                      [33md[39m=[32m"M21 12a9 9 0 11-18 0 9 9 0 0118 0z M9 10a1 1 0 011-1h4a1 1 0 011 1v4a1 1 0 01-1 1h-4a1 1 0 01-1-1v-4z"[39m
                      [33mstroke-linecap[39m=[32m"round"[39m
                      [33mstroke-linejoin[39m=[32m"round"[39m
                      [33mstroke-width[39m=[32m"2"[39m
                    [36m/>[39m
                  [36m</svg>[39m
                  [0mStop Job[0m
                [36m</button>[39m
                [36m<button[39m
                  [33maria-label[39m=[32m"Refresh data"[39m
                  [33mclass[39m=[32m"inline-flex items-center px-3 py-2 border border-gray-300 text-sm font-medium rounded-md shadow-sm focus:outline-none focus:ring-2 focus:ring-offset-2 transition-colors bg-white hover:bg-gray-50 focus:ring-blue-500 text-gray-700 border-gray-300"[39m
                  [33mtitle[39m=[32m"Refresh job history and statistics"[39m
                [36m>[39m
                  [36m<svg[39m
                    [33mclass[39m=[32m"-ml-1 mr-2 h-4 w-4"[39m
                    [33mfill[39m=[32m"none"[39m
                    [33mstroke[39m=[32m"currentColor"[39m
                    [33mviewBox[39m=[32m"0 0 24 24"[39m
                  [36m>[39m
                    [36m<path[39m
                      [33md[39m=[32m"M3 12a9 9 0 0 1 9-9 9.75 9.75 0 0 1 6.74 2.74L21 8"[39m
                    [36m/>[39m
                    [36m<path[39m
                      [33md[39m=[32m"M21 3v5h-5"[39m
                    [36m/>[39m
                    [36m<path[39m
                      [33md[39m=[32m"M21 12a9 9 0 0 1-9 9 9.75 9.75 0 0 1-6.74-2.74L3 16"[39m
                    [36m/>[39m
                    [36m<path[39m
                      [33md[39m=[32m"M8 16H3v5"[39m
                    [36m/>[39m
                  [36m</svg>[39m
                  [0mRefresh[0m
                [36m</button>[39m
                [36m<div[39m
                  [33mclass[39m=[32m"flex items-center space-x-2"[39m
                [36m>[39m
                  [36m<div[39m
                    [33mclass[39m=[32m"w-2 h-2 rounded-full bg-gray-400"[39m
                  [36m/>[39m
                  [36m<span[39m
                    [33mclass[39m=[32m"text-sm bg-green-100 text-green-800 px-2 py-1 rounded-full"[39m
                  [36m>[39m
                    [0mReady[0m
                  [36m</span>[39m
                [36m</div>[39m
              [36m</div>[39m
              [36m<button[39m
                [33mclass[39m=[32m"inline-flex items-center px-4 py-2 border border-transparent text-sm font-medium rounded-md shadow-sm focus:outline-none focus:ring-2 focus:ring-offset-2 transition-colors bg-red-600 hover:bg-red-700 focus:ring-red-500 text-white disabled:opacity-50 disabled:cursor-not-allowed"[39m
                [33mtitle[39m=[32m"Force stop all processes"[39m
              [36m>[39m
                [36m<svg[39m
                  [33mclass[39m=[32m"-ml-1 mr-2 h-4 w-4"[39m
                  [33mfil...
   × DashboardPanel > handles job action - delete 1046ms
     → Unable to find an element with the text: Test Job. This could be because the text is broken up by multiple elements. In this case, you can provide a function for your text matcher to make your matcher more flexible.

Ignored nodes: comments, script, style
[36m<body>[39m
  [36m<div>[39m
    [36m<div[39m
      [33mclass[39m=[32m"dashboard-panel min-h-screen bg-gray-50"[39m
    [36m>[39m
      [36m<div[39m
        [33mclass[39m=[32m"bg-white border-b border-gray-200 py-3 md:py-4 flex items-center px-6 relative"[39m
      [36m>[39m
        [36m<div[39m
          [33mclass[39m=[32m"flex items-center justify-between w-full flex-wrap gap-y-2"[39m
        [36m>[39m
          [36m<div[39m
            [33mclass[39m=[32m"flex items-center space-x-3"[39m
          [36m>[39m
            [36m<div[39m
              [33mclass[39m=[32m"relative"[39m
            [36m>[39m
              [36m<button[39m
                [33maria-label[39m=[32m"Open menu"[39m
                [33mclass[39m=[32m"p-2 rounded-md hover:bg-gray-100 text-gray-700 focus:outline-none focus:ring-2 focus:ring-blue-500"[39m
                [33mtitle[39m=[32m"Menu"[39m
              [36m>[39m
                [36m<svg[39m
                  [33mclass[39m=[32m"w-5 h-5"[39m
                  [33mfill[39m=[32m"none"[39m
                  [33mstroke[39m=[32m"currentColor"[39m
                  [33mviewBox[39m=[32m"0 0 24 24"[39m
                [36m>[39m
                  [36m<path[39m
                    [33md[39m=[32m"M4 6h16M4 12h16M4 18h16"[39m
                    [33mstroke-linecap[39m=[32m"round"[39m
                    [33mstroke-linejoin[39m=[32m"round"[39m
                    [33mstroke-width[39m=[32m"2"[39m
                  [36m/>[39m
                [36m</svg>[39m
              [36m</button>[39m
            [36m</div>[39m
            [36m<div[39m
              [33mclass[39m=[32m"flex items-center space-x-3"[39m
            [36m>[39m
              [36m<button[39m
                [33maria-label[39m=[32m"Start job"[39m
                [33mclass[39m=[32m"inline-flex items-center px-4 py-2 border border-transparent text-sm font-medium rounded-md shadow-sm focus:outline-none focus:ring-2 focus:ring-offset-2 transition-colors bg-blue-600 hover:bg-blue-700 focus:ring-blue-500 text-white"[39m
              [36m>[39m
                [36m<svg[39m
                  [33mclass[39m=[32m"-ml-1 mr-2 h-4 w-4"[39m
                  [33mfill[39m=[32m"none"[39m
                  [33mstroke[39m=[32m"currentColor"[39m
                  [33mviewBox[39m=[32m"0 0 24 24"[39m
                [36m>[39m
                  [36m<path[39m
                    [33md[39m=[32m"M14.828 14.828a4 4 0 01-5.656 0M9 10h1m4 0h1m-6 4h.01M21 12a9 9 0 11-18 0 9 9 0 0118 0z"[39m
                    [33mstroke-linecap[39m=[32m"round"[39m
                    [33mstroke-linejoin[39m=[32m"round"[39m
                    [33mstroke-width[39m=[32m"2"[39m
                  [36m/>[39m
                [36m</svg>[39m
                [0mStart Job[0m
              [36m</button>[39m
              [36m<button[39m
                [33maria-label[39m=[32m"Stop job"[39m
                [33mclass[39m=[32m"inline-flex items-center px-4 py-2 border border-transparent text-sm font-medium rounded-md shadow-sm focus:outline-none focus:ring-2 focus:ring-offset-2 transition-colors bg-gray-300 text-gray-500 cursor-not-allowed"[39m
                [33mdisabled[39m=[32m""[39m
              [36m>[39m
                [36m<svg[39m
                  [33mclass[39m=[32m"-ml-1 mr-2 h-4 w-4"[39m
                  [33mfill[39m=[32m"none"[39m
                  [33mstroke[39m=[32m"currentColor"[39m
                  [33mviewBox[39m=[32m"0 0 24 24"[39m
                [36m>[39m
                  [36m<path[39m
                    [33md[39m=[32m"M21 12a9 9 0 11-18 0 9 9 0 0118 0z M9 10a1 1 0 011-1h4a1 1 0 011 1v4a1 1 0 01-1 1h-4a1 1 0 01-1-1v-4z"[39m
                    [33mstroke-linecap[39m=[32m"round"[39m
                    [33mstroke-linejoin[39m=[32m"round"[39m
                    [33mstroke-width[39m=[32m"2"[39m
                  [36m/>[39m
                [36m</svg>[39m
                [0mStop Job[0m
              [36m</button>[39m
              [36m<button[39m
                [33maria-label[39m=[32m"Refresh data"[39m
                [33mclass[39m=[32m"inline-flex items-center px-3 py-2 border border-gray-300 text-sm font-medium rounded-md shadow-sm focus:outline-none focus:ring-2 focus:ring-offset-2 transition-colors bg-white hover:bg-gray-50 focus:ring-blue-500 text-gray-700 border-gray-300"[39m
                [33mtitle[39m=[32m"Refresh job history and statistics"[39m
              [36m>[39m
                [36m<svg[39m
                  [33mclass[39m=[32m"-ml-1 mr-2 h-4 w-4"[39m
                  [33mfill[39m=[32m"none"[39m
                  [33mstroke[39m=[32m"currentColor"[39m
                  [33mviewBox[39m=[32m"0 0 24 24"[39m
                [36m>[39m
                  [36m<path[39m
                    [33md[39m=[32m"M3 12a9 9 0 0 1 9-9 9.75 9.75 0 0 1 6.74 2.74L21 8"[39m
                  [36m/>[39m
                  [36m<path[39m
                    [33md[39m=[32m"M21 3v5h-5"[39m
                  [36m/>[39m
                  [36m<path[39m
                    [33md[39m=[32m"M21 12a9 9 0 0 1-9 9 9.75 9.75 0 0 1-6.74-2.74L3 16"[39m
                  [36m/>[39m
                  [36m<path[39m
                    [33md[39m=[32m"M8 16H3v5"[39m
                  [36m/>[39m
                [36m</svg>[39m
                [0mRefresh[0m
              [36m</button>[39m
              [36m<div[39m
                [33mclass[39m=[32m"flex items-center space-x-2"[39m
              [36m>[39m
                [36m<div[39m
                  [33mclass[39m=[32m"w-2 h-2 rounded-full bg-gray-400"[39m
                [36m/>[39m
                [36m<span[39m
                  [33mclass[39m=[32m"text-sm bg-green-100 text-green-800 px-2 py-1 rounded-full"[39m
                [36m>[39m
                  [0mReady[0m
                [36m</span>[39m
              [36m</div>[39m
            [36m</div>[39m
            [36m<button[39m
              [33mclass[39m=[32m"inline-flex items-center px-4 py-2 border border-transparent text-sm font-medium rounded-md shadow-sm focus:outline-none focus:ring-2 focus:ring-offset-2 transition-colors bg-red-600 hover:bg-red-700 focus:ring-red-500 text-white disabled:opacity-50 disabled:cursor-not-allowed"[39m
              [33mtitle[39m=[32m"Force stop all processes"[39m
            [36m>[39m
              [36m<svg[39m
                [33mclass[39m=[32m"-ml-1 mr-2 h-4 w-4"[39m
                [33mfill[39m=[32m"none"[39m
                [33mstroke[39m=[32m"currentColor"[39m
                [33mviewBox[39m=[32m"0 0 24 24"[39m
              [36m>[39m
                [36m<path[39m
                  [33md[39m=[32m"M12 9v2m0 4h.01m-6.938 4h13.856c1.54 0 2.502-1.667 1.732...

Ignored nodes: comments, script, style
[36m<html>[39m
  [36m<head />[39m
  [36m<body>[39m
    [36m<div>[39m
      [36m<div[39m
        [33mclass[39m=[32m"dashboard-panel min-h-screen bg-gray-50"[39m
      [36m>[39m
        [36m<div[39m
          [33mclass[39m=[32m"bg-white border-b border-gray-200 py-3 md:py-4 flex items-center px-6 relative"[39m
        [36m>[39m
          [36m<div[39m
            [33mclass[39m=[32m"flex items-center justify-between w-full flex-wrap gap-y-2"[39m
          [36m>[39m
            [36m<div[39m
              [33mclass[39m=[32m"flex items-center space-x-3"[39m
            [36m>[39m
              [36m<div[39m
                [33mclass[39m=[32m"relative"[39m
              [36m>[39m
                [36m<button[39m
                  [33maria-label[39m=[32m"Open menu"[39m
                  [33mclass[39m=[32m"p-2 rounded-md hover:bg-gray-100 text-gray-700 focus:outline-none focus:ring-2 focus:ring-blue-500"[39m
                  [33mtitle[39m=[32m"Menu"[39m
                [36m>[39m
                  [36m<svg[39m
                    [33mclass[39m=[32m"w-5 h-5"[39m
                    [33mfill[39m=[32m"none"[39m
                    [33mstroke[39m=[32m"currentColor"[39m
                    [33mviewBox[39m=[32m"0 0 24 24"[39m
                  [36m>[39m
                    [36m<path[39m
                      [33md[39m=[32m"M4 6h16M4 12h16M4 18h16"[39m
                      [33mstroke-linecap[39m=[32m"round"[39m
                      [33mstroke-linejoin[39m=[32m"round"[39m
                      [33mstroke-width[39m=[32m"2"[39m
                    [36m/>[39m
                  [36m</svg>[39m
                [36m</button>[39m
              [36m</div>[39m
              [36m<div[39m
                [33mclass[39m=[32m"flex items-center space-x-3"[39m
              [36m>[39m
                [36m<button[39m
                  [33maria-label[39m=[32m"Start job"[39m
                  [33mclass[39m=[32m"inline-flex items-center px-4 py-2 border border-transparent text-sm font-medium rounded-md shadow-sm focus:outline-none focus:ring-2 focus:ring-offset-2 transition-colors bg-blue-600 hover:bg-blue-700 focus:ring-blue-500 text-white"[39m
                [36m>[39m
                  [36m<svg[39m
                    [33mclass[39m=[32m"-ml-1 mr-2 h-4 w-4"[39m
                    [33mfill[39m=[32m"none"[39m
                    [33mstroke[39m=[32m"currentColor"[39m
                    [33mviewBox[39m=[32m"0 0 24 24"[39m
                  [36m>[39m
                    [36m<path[39m
                      [33md[39m=[32m"M14.828 14.828a4 4 0 01-5.656 0M9 10h1m4 0h1m-6 4h.01M21 12a9 9 0 11-18 0 9 9 0 0118 0z"[39m
                      [33mstroke-linecap[39m=[32m"round"[39m
                      [33mstroke-linejoin[39m=[32m"round"[39m
                      [33mstroke-width[39m=[32m"2"[39m
                    [36m/>[39m
                  [36m</svg>[39m
                  [0mStart Job[0m
                [36m</button>[39m
                [36m<button[39m
                  [33maria-label[39m=[32m"Stop job"[39m
                  [33mclass[39m=[32m"inline-flex items-center px-4 py-2 border border-transparent text-sm font-medium rounded-md shadow-sm focus:outline-none focus:ring-2 focus:ring-offset-2 transition-colors bg-gray-300 text-gray-500 cursor-not-allowed"[39m
                  [33mdisabled[39m=[32m""[39m
                [36m>[39m
                  [36m<svg[39m
                    [33mclass[39m=[32m"-ml-1 mr-2 h-4 w-4"[39m
                    [33mfill[39m=[32m"none"[39m
                    [33mstroke[39m=[32m"currentColor"[39m
                    [33mviewBox[39m=[32m"0 0 24 24"[39m
                  [36m>[39m
                    [36m<path[39m
                      [33md[39m=[32m"M21 12a9 9 0 11-18 0 9 9 0 0118 0z M9 10a1 1 0 011-1h4a1 1 0 011 1v4a1 1 0 01-1 1h-4a1 1 0 01-1-1v-4z"[39m
                      [33mstroke-linecap[39m=[32m"round"[39m
                      [33mstroke-linejoin[39m=[32m"round"[39m
                      [33mstroke-width[39m=[32m"2"[39m
                    [36m/>[39m
                  [36m</svg>[39m
                  [0mStop Job[0m
                [36m</button>[39m
                [36m<button[39m
                  [33maria-label[39m=[32m"Refresh data"[39m
                  [33mclass[39m=[32m"inline-flex items-center px-3 py-2 border border-gray-300 text-sm font-medium rounded-md shadow-sm focus:outline-none focus:ring-2 focus:ring-offset-2 transition-colors bg-white hover:bg-gray-50 focus:ring-blue-500 text-gray-700 border-gray-300"[39m
                  [33mtitle[39m=[32m"Refresh job history and statistics"[39m
                [36m>[39m
                  [36m<svg[39m
                    [33mclass[39m=[32m"-ml-1 mr-2 h-4 w-4"[39m
                    [33mfill[39m=[32m"none"[39m
                    [33mstroke[39m=[32m"currentColor"[39m
                    [33mviewBox[39m=[32m"0 0 24 24"[39m
                  [36m>[39m
                    [36m<path[39m
                      [33md[39m=[32m"M3 12a9 9 0 0 1 9-9 9.75 9.75 0 0 1 6.74 2.74L21 8"[39m
                    [36m/>[39m
                    [36m<path[39m
                      [33md[39m=[32m"M21 3v5h-5"[39m
                    [36m/>[39m
                    [36m<path[39m
                      [33md[39m=[32m"M21 12a9 9 0 0 1-9 9 9.75 9.75 0 0 1-6.74-2.74L3 16"[39m
                    [36m/>[39m
                    [36m<path[39m
                      [33md[39m=[32m"M8 16H3v5"[39m
                    [36m/>[39m
                  [36m</svg>[39m
                  [0mRefresh[0m
                [36m</button>[39m
                [36m<div[39m
                  [33mclass[39m=[32m"flex items-center space-x-2"[39m
                [36m>[39m
                  [36m<div[39m
                    [33mclass[39m=[32m"w-2 h-2 rounded-full bg-gray-400"[39m
                  [36m/>[39m
                  [36m<span[39m
                    [33mclass[39m=[32m"text-sm bg-green-100 text-green-800 px-2 py-1 rounded-full"[39m
                  [36m>[39m
                    [0mReady[0m
                  [36m</span>[39m
                [36m</div>[39m
              [36m</div>[39m
              [36m<button[39m
                [33mclass[39m=[32m"inline-flex items-center px-4 py-2 border border-transparent text-sm font-medium rounded-md shadow-sm focus:outline-none focus:ring-2 focus:ring-offset-2 transition-colors bg-red-600 hover:bg-red-700 focus:ring-red-500 text-white disabled:opacity-50 disabled:cursor-not-allowed"[39m
                [33mtitle[39m=[32m"Force stop all processes"[39m
              [36m>[39m
                [36m<svg[39m
                  [33mclass[39m=[32m"-ml-1 mr-2 h-4 w-4"[39m
                  [33mfil...
   × DashboardPanel > handles image action - update QC status 1044ms
     → Unable to find an element with the text: test-image.png. This could be because the text is broken up by multiple elements. In this case, you can provide a function for your text matcher to make your matcher more flexible.

Ignored nodes: comments, script, style
[36m<body>[39m
  [36m<div>[39m
    [36m<div[39m
      [33mclass[39m=[32m"dashboard-panel min-h-screen bg-gray-50"[39m
    [36m>[39m
      [36m<div[39m
        [33mclass[39m=[32m"bg-white border-b border-gray-200 py-3 md:py-4 flex items-center px-6 relative"[39m
      [36m>[39m
        [36m<div[39m
          [33mclass[39m=[32m"flex items-center justify-between w-full flex-wrap gap-y-2"[39m
        [36m>[39m
          [36m<div[39m
            [33mclass[39m=[32m"flex items-center space-x-3"[39m
          [36m>[39m
            [36m<div[39m
              [33mclass[39m=[32m"relative"[39m
            [36m>[39m
              [36m<button[39m
                [33maria-label[39m=[32m"Open menu"[39m
                [33mclass[39m=[32m"p-2 rounded-md hover:bg-gray-100 text-gray-700 focus:outline-none focus:ring-2 focus:ring-blue-500"[39m
                [33mtitle[39m=[32m"Menu"[39m
              [36m>[39m
                [36m<svg[39m
                  [33mclass[39m=[32m"w-5 h-5"[39m
                  [33mfill[39m=[32m"none"[39m
                  [33mstroke[39m=[32m"currentColor"[39m
                  [33mviewBox[39m=[32m"0 0 24 24"[39m
                [36m>[39m
                  [36m<path[39m
                    [33md[39m=[32m"M4 6h16M4 12h16M4 18h16"[39m
                    [33mstroke-linecap[39m=[32m"round"[39m
                    [33mstroke-linejoin[39m=[32m"round"[39m
                    [33mstroke-width[39m=[32m"2"[39m
                  [36m/>[39m
                [36m</svg>[39m
              [36m</button>[39m
            [36m</div>[39m
            [36m<div[39m
              [33mclass[39m=[32m"flex items-center space-x-3"[39m
            [36m>[39m
              [36m<button[39m
                [33maria-label[39m=[32m"Start job"[39m
                [33mclass[39m=[32m"inline-flex items-center px-4 py-2 border border-transparent text-sm font-medium rounded-md shadow-sm focus:outline-none focus:ring-2 focus:ring-offset-2 transition-colors bg-blue-600 hover:bg-blue-700 focus:ring-blue-500 text-white"[39m
              [36m>[39m
                [36m<svg[39m
                  [33mclass[39m=[32m"-ml-1 mr-2 h-4 w-4"[39m
                  [33mfill[39m=[32m"none"[39m
                  [33mstroke[39m=[32m"currentColor"[39m
                  [33mviewBox[39m=[32m"0 0 24 24"[39m
                [36m>[39m
                  [36m<path[39m
                    [33md[39m=[32m"M14.828 14.828a4 4 0 01-5.656 0M9 10h1m4 0h1m-6 4h.01M21 12a9 9 0 11-18 0 9 9 0 0118 0z"[39m
                    [33mstroke-linecap[39m=[32m"round"[39m
                    [33mstroke-linejoin[39m=[32m"round"[39m
                    [33mstroke-width[39m=[32m"2"[39m
                  [36m/>[39m
                [36m</svg>[39m
                [0mStart Job[0m
              [36m</button>[39m
              [36m<button[39m
                [33maria-label[39m=[32m"Stop job"[39m
                [33mclass[39m=[32m"inline-flex items-center px-4 py-2 border border-transparent text-sm font-medium rounded-md shadow-sm focus:outline-none focus:ring-2 focus:ring-offset-2 transition-colors bg-gray-300 text-gray-500 cursor-not-allowed"[39m
                [33mdisabled[39m=[32m""[39m
              [36m>[39m
                [36m<svg[39m
                  [33mclass[39m=[32m"-ml-1 mr-2 h-4 w-4"[39m
                  [33mfill[39m=[32m"none"[39m
                  [33mstroke[39m=[32m"currentColor"[39m
                  [33mviewBox[39m=[32m"0 0 24 24"[39m
                [36m>[39m
                  [36m<path[39m
                    [33md[39m=[32m"M21 12a9 9 0 11-18 0 9 9 0 0118 0z M9 10a1 1 0 011-1h4a1 1 0 011 1v4a1 1 0 01-1 1h-4a1 1 0 01-1-1v-4z"[39m
                    [33mstroke-linecap[39m=[32m"round"[39m
                    [33mstroke-linejoin[39m=[32m"round"[39m
                    [33mstroke-width[39m=[32m"2"[39m
                  [36m/>[39m
                [36m</svg>[39m
                [0mStop Job[0m
              [36m</button>[39m
              [36m<button[39m
                [33maria-label[39m=[32m"Refresh data"[39m
                [33mclass[39m=[32m"inline-flex items-center px-3 py-2 border border-gray-300 text-sm font-medium rounded-md shadow-sm focus:outline-none focus:ring-2 focus:ring-offset-2 transition-colors bg-white hover:bg-gray-50 focus:ring-blue-500 text-gray-700 border-gray-300"[39m
                [33mtitle[39m=[32m"Refresh job history and statistics"[39m
              [36m>[39m
                [36m<svg[39m
                  [33mclass[39m=[32m"-ml-1 mr-2 h-4 w-4"[39m
                  [33mfill[39m=[32m"none"[39m
                  [33mstroke[39m=[32m"currentColor"[39m
                  [33mviewBox[39m=[32m"0 0 24 24"[39m
                [36m>[39m
                  [36m<path[39m
                    [33md[39m=[32m"M3 12a9 9 0 0 1 9-9 9.75 9.75 0 0 1 6.74 2.74L21 8"[39m
                  [36m/>[39m
                  [36m<path[39m
                    [33md[39m=[32m"M21 3v5h-5"[39m
                  [36m/>[39m
                  [36m<path[39m
                    [33md[39m=[32m"M21 12a9 9 0 0 1-9 9 9.75 9.75 0 0 1-6.74-2.74L3 16"[39m
                  [36m/>[39m
                  [36m<path[39m
                    [33md[39m=[32m"M8 16H3v5"[39m
                  [36m/>[39m
                [36m</svg>[39m
                [0mRefresh[0m
              [36m</button>[39m
              [36m<div[39m
                [33mclass[39m=[32m"flex items-center space-x-2"[39m
              [36m>[39m
                [36m<div[39m
                  [33mclass[39m=[32m"w-2 h-2 rounded-full bg-gray-400"[39m
                [36m/>[39m
                [36m<span[39m
                  [33mclass[39m=[32m"text-sm bg-green-100 text-green-800 px-2 py-1 rounded-full"[39m
                [36m>[39m
                  [0mReady[0m
                [36m</span>[39m
              [36m</div>[39m
            [36m</div>[39m
            [36m<button[39m
              [33mclass[39m=[32m"inline-flex items-center px-4 py-2 border border-transparent text-sm font-medium rounded-md shadow-sm focus:outline-none focus:ring-2 focus:ring-offset-2 transition-colors bg-red-600 hover:bg-red-700 focus:ring-red-500 text-white disabled:opacity-50 disabled:cursor-not-allowed"[39m
              [33mtitle[39m=[32m"Force stop all processes"[39m
            [36m>[39m
              [36m<svg[39m
                [33mclass[39m=[32m"-ml-1 mr-2 h-4 w-4"[39m
                [33mfill[39m=[32m"none"[39m
                [33mstroke[39m=[32m"currentColor"[39m
                [33mviewBox[39m=[32m"0 0 24 24"[39m
              [36m>[39m
                [36m<path[39m
                  [33md[39m=[32m"M12 9v2m0 4h.01m-6.938 4h13.856c1.54 0 2.502-1.667 1.732...

Ignored nodes: comments, script, style
[36m<html>[39m
  [36m<head />[39m
  [36m<body>[39m
    [36m<div>[39m
      [36m<div[39m
        [33mclass[39m=[32m"dashboard-panel min-h-screen bg-gray-50"[39m
      [36m>[39m
        [36m<div[39m
          [33mclass[39m=[32m"bg-white border-b border-gray-200 py-3 md:py-4 flex items-center px-6 relative"[39m
        [36m>[39m
          [36m<div[39m
            [33mclass[39m=[32m"flex items-center justify-between w-full flex-wrap gap-y-2"[39m
          [36m>[39m
            [36m<div[39m
              [33mclass[39m=[32m"flex items-center space-x-3"[39m
            [36m>[39m
              [36m<div[39m
                [33mclass[39m=[32m"relative"[39m
              [36m>[39m
                [36m<button[39m
                  [33maria-label[39m=[32m"Open menu"[39m
                  [33mclass[39m=[32m"p-2 rounded-md hover:bg-gray-100 text-gray-700 focus:outline-none focus:ring-2 focus:ring-blue-500"[39m
                  [33mtitle[39m=[32m"Menu"[39m
                [36m>[39m
                  [36m<svg[39m
                    [33mclass[39m=[32m"w-5 h-5"[39m
                    [33mfill[39m=[32m"none"[39m
                    [33mstroke[39m=[32m"currentColor"[39m
                    [33mviewBox[39m=[32m"0 0 24 24"[39m
                  [36m>[39m
                    [36m<path[39m
                      [33md[39m=[32m"M4 6h16M4 12h16M4 18h16"[39m
                      [33mstroke-linecap[39m=[32m"round"[39m
                      [33mstroke-linejoin[39m=[32m"round"[39m
                      [33mstroke-width[39m=[32m"2"[39m
                    [36m/>[39m
                  [36m</svg>[39m
                [36m</button>[39m
              [36m</div>[39m
              [36m<div[39m
                [33mclass[39m=[32m"flex items-center space-x-3"[39m
              [36m>[39m
                [36m<button[39m
                  [33maria-label[39m=[32m"Start job"[39m
                  [33mclass[39m=[32m"inline-flex items-center px-4 py-2 border border-transparent text-sm font-medium rounded-md shadow-sm focus:outline-none focus:ring-2 focus:ring-offset-2 transition-colors bg-blue-600 hover:bg-blue-700 focus:ring-blue-500 text-white"[39m
                [36m>[39m
                  [36m<svg[39m
                    [33mclass[39m=[32m"-ml-1 mr-2 h-4 w-4"[39m
                    [33mfill[39m=[32m"none"[39m
                    [33mstroke[39m=[32m"currentColor"[39m
                    [33mviewBox[39m=[32m"0 0 24 24"[39m
                  [36m>[39m
                    [36m<path[39m
                      [33md[39m=[32m"M14.828 14.828a4 4 0 01-5.656 0M9 10h1m4 0h1m-6 4h.01M21 12a9 9 0 11-18 0 9 9 0 0118 0z"[39m
                      [33mstroke-linecap[39m=[32m"round"[39m
                      [33mstroke-linejoin[39m=[32m"round"[39m
                      [33mstroke-width[39m=[32m"2"[39m
                    [36m/>[39m
                  [36m</svg>[39m
                  [0mStart Job[0m
                [36m</button>[39m
                [36m<button[39m
                  [33maria-label[39m=[32m"Stop job"[39m
                  [33mclass[39m=[32m"inline-flex items-center px-4 py-2 border border-transparent text-sm font-medium rounded-md shadow-sm focus:outline-none focus:ring-2 focus:ring-offset-2 transition-colors bg-gray-300 text-gray-500 cursor-not-allowed"[39m
                  [33mdisabled[39m=[32m""[39m
                [36m>[39m
                  [36m<svg[39m
                    [33mclass[39m=[32m"-ml-1 mr-2 h-4 w-4"[39m
                    [33mfill[39m=[32m"none"[39m
                    [33mstroke[39m=[32m"currentColor"[39m
                    [33mviewBox[39m=[32m"0 0 24 24"[39m
                  [36m>[39m
                    [36m<path[39m
                      [33md[39m=[32m"M21 12a9 9 0 11-18 0 9 9 0 0118 0z M9 10a1 1 0 011-1h4a1 1 0 011 1v4a1 1 0 01-1 1h-4a1 1 0 01-1-1v-4z"[39m
                      [33mstroke-linecap[39m=[32m"round"[39m
                      [33mstroke-linejoin[39m=[32m"round"[39m
                      [33mstroke-width[39m=[32m"2"[39m
                    [36m/>[39m
                  [36m</svg>[39m
                  [0mStop Job[0m
                [36m</button>[39m
                [36m<button[39m
                  [33maria-label[39m=[32m"Refresh data"[39m
                  [33mclass[39m=[32m"inline-flex items-center px-3 py-2 border border-gray-300 text-sm font-medium rounded-md shadow-sm focus:outline-none focus:ring-2 focus:ring-offset-2 transition-colors bg-white hover:bg-gray-50 focus:ring-blue-500 text-gray-700 border-gray-300"[39m
                  [33mtitle[39m=[32m"Refresh job history and statistics"[39m
                [36m>[39m
                  [36m<svg[39m
                    [33mclass[39m=[32m"-ml-1 mr-2 h-4 w-4"[39m
                    [33mfill[39m=[32m"none"[39m
                    [33mstroke[39m=[32m"currentColor"[39m
                    [33mviewBox[39m=[32m"0 0 24 24"[39m
                  [36m>[39m
                    [36m<path[39m
                      [33md[39m=[32m"M3 12a9 9 0 0 1 9-9 9.75 9.75 0 0 1 6.74 2.74L21 8"[39m
                    [36m/>[39m
                    [36m<path[39m
                      [33md[39m=[32m"M21 3v5h-5"[39m
                    [36m/>[39m
                    [36m<path[39m
                      [33md[39m=[32m"M21 12a9 9 0 0 1-9 9 9.75 9.75 0 0 1-6.74-2.74L3 16"[39m
                    [36m/>[39m
                    [36m<path[39m
                      [33md[39m=[32m"M8 16H3v5"[39m
                    [36m/>[39m
                  [36m</svg>[39m
                  [0mRefresh[0m
                [36m</button>[39m
                [36m<div[39m
                  [33mclass[39m=[32m"flex items-center space-x-2"[39m
                [36m>[39m
                  [36m<div[39m
                    [33mclass[39m=[32m"w-2 h-2 rounded-full bg-gray-400"[39m
                  [36m/>[39m
                  [36m<span[39m
                    [33mclass[39m=[32m"text-sm bg-green-100 text-green-800 px-2 py-1 rounded-full"[39m
                  [36m>[39m
                    [0mReady[0m
                  [36m</span>[39m
                [36m</div>[39m
              [36m</div>[39m
              [36m<button[39m
                [33mclass[39m=[32m"inline-flex items-center px-4 py-2 border border-transparent text-sm font-medium rounded-md shadow-sm focus:outline-none focus:ring-2 focus:ring-offset-2 transition-colors bg-red-600 hover:bg-red-700 focus:ring-red-500 text-white disabled:opacity-50 disabled:cursor-not-allowed"[39m
                [33mtitle[39m=[32m"Force stop all processes"[39m
              [36m>[39m
                [36m<svg[39m
                  [33mclass[39m=[32m"-ml-1 mr-2 h-4 w-4"[39m
                  [33mfil...
   ✓ DashboardPanel > displays error messages 41ms
   × DashboardPanel > handles loading states 44ms
     → Unable to find an element with the text: /Loading job history/. This could be because the text is broken up by multiple elements. In this case, you can provide a function for your text matcher to make your matcher more flexible.

Ignored nodes: comments, script, style
[36m<body>[39m
  [36m<div>[39m
    [36m<div[39m
      [33mclass[39m=[32m"dashboard-panel min-h-screen bg-gray-50"[39m
    [36m>[39m
      [36m<div[39m
        [33mclass[39m=[32m"bg-white border-b border-gray-200 py-3 md:py-4 flex items-center px-6 relative"[39m
      [36m>[39m
        [36m<div[39m
          [33mclass[39m=[32m"flex items-center justify-between w-full flex-wrap gap-y-2"[39m
        [36m>[39m
          [36m<div[39m
            [33mclass[39m=[32m"flex items-center space-x-3"[39m
          [36m>[39m
            [36m<div[39m
              [33mclass[39m=[32m"relative"[39m
            [36m>[39m
              [36m<button[39m
                [33maria-label[39m=[32m"Open menu"[39m
                [33mclass[39m=[32m"p-2 rounded-md hover:bg-gray-100 text-gray-700 focus:outline-none focus:ring-2 focus:ring-blue-500"[39m
                [33mtitle[39m=[32m"Menu"[39m
              [36m>[39m
                [36m<svg[39m
                  [33mclass[39m=[32m"w-5 h-5"[39m
                  [33mfill[39m=[32m"none"[39m
                  [33mstroke[39m=[32m"currentColor"[39m
                  [33mviewBox[39m=[32m"0 0 24 24"[39m
                [36m>[39m
                  [36m<path[39m
                    [33md[39m=[32m"M4 6h16M4 12h16M4 18h16"[39m
                    [33mstroke-linecap[39m=[32m"round"[39m
                    [33mstroke-linejoin[39m=[32m"round"[39m
                    [33mstroke-width[39m=[32m"2"[39m
                  [36m/>[39m
                [36m</svg>[39m
              [36m</button>[39m
            [36m</div>[39m
            [36m<div[39m
              [33mclass[39m=[32m"flex items-center space-x-3"[39m
            [36m>[39m
              [36m<button[39m
                [33maria-label[39m=[32m"Start job"[39m
                [33mclass[39m=[32m"inline-flex items-center px-4 py-2 border border-transparent text-sm font-medium rounded-md shadow-sm focus:outline-none focus:ring-2 focus:ring-offset-2 transition-colors bg-blue-600 hover:bg-blue-700 focus:ring-blue-500 text-white"[39m
              [36m>[39m
                [36m<svg[39m
                  [33mclass[39m=[32m"-ml-1 mr-2 h-4 w-4"[39m
                  [33mfill[39m=[32m"none"[39m
                  [33mstroke[39m=[32m"currentColor"[39m
                  [33mviewBox[39m=[32m"0 0 24 24"[39m
                [36m>[39m
                  [36m<path[39m
                    [33md[39m=[32m"M14.828 14.828a4 4 0 01-5.656 0M9 10h1m4 0h1m-6 4h.01M21 12a9 9 0 11-18 0 9 9 0 0118 0z"[39m
                    [33mstroke-linecap[39m=[32m"round"[39m
                    [33mstroke-linejoin[39m=[32m"round"[39m
                    [33mstroke-width[39m=[32m"2"[39m
                  [36m/>[39m
                [36m</svg>[39m
                [0mStart Job[0m
              [36m</button>[39m
              [36m<button[39m
                [33maria-label[39m=[32m"Stop job"[39m
                [33mclass[39m=[32m"inline-flex items-center px-4 py-2 border border-transparent text-sm font-medium rounded-md shadow-sm focus:outline-none focus:ring-2 focus:ring-offset-2 transition-colors bg-gray-300 text-gray-500 cursor-not-allowed"[39m
                [33mdisabled[39m=[32m""[39m
              [36m>[39m
                [36m<svg[39m
                  [33mclass[39m=[32m"-ml-1 mr-2 h-4 w-4"[39m
                  [33mfill[39m=[32m"none"[39m
                  [33mstroke[39m=[32m"currentColor"[39m
                  [33mviewBox[39m=[32m"0 0 24 24"[39m
                [36m>[39m
                  [36m<path[39m
                    [33md[39m=[32m"M21 12a9 9 0 11-18 0 9 9 0 0118 0z M9 10a1 1 0 011-1h4a1 1 0 011 1v4a1 1 0 01-1 1h-4a1 1 0 01-1-1v-4z"[39m
                    [33mstroke-linecap[39m=[32m"round"[39m
                    [33mstroke-linejoin[39m=[32m"round"[39m
                    [33mstroke-width[39m=[32m"2"[39m
                  [36m/>[39m
                [36m</svg>[39m
                [0mStop Job[0m
              [36m</button>[39m
              [36m<button[39m
                [33maria-label[39m=[32m"Refresh data"[39m
                [33mclass[39m=[32m"inline-flex items-center px-3 py-2 border border-gray-300 text-sm font-medium rounded-md shadow-sm focus:outline-none focus:ring-2 focus:ring-offset-2 transition-colors bg-white hover:bg-gray-50 focus:ring-blue-500 text-gray-700 border-gray-300"[39m
                [33mtitle[39m=[32m"Refresh job history and statistics"[39m
              [36m>[39m
                [36m<svg[39m
                  [33mclass[39m=[32m"-ml-1 mr-2 h-4 w-4"[39m
                  [33mfill[39m=[32m"none"[39m
                  [33mstroke[39m=[32m"currentColor"[39m
                  [33mviewBox[39m=[32m"0 0 24 24"[39m
                [36m>[39m
                  [36m<path[39m
                    [33md[39m=[32m"M3 12a9 9 0 0 1 9-9 9.75 9.75 0 0 1 6.74 2.74L21 8"[39m
                  [36m/>[39m
                  [36m<path[39m
                    [33md[39m=[32m"M21 3v5h-5"[39m
                  [36m/>[39m
                  [36m<path[39m
                    [33md[39m=[32m"M21 12a9 9 0 0 1-9 9 9.75 9.75 0 0 1-6.74-2.74L3 16"[39m
                  [36m/>[39m
                  [36m<path[39m
                    [33md[39m=[32m"M8 16H3v5"[39m
                  [36m/>[39m
                [36m</svg>[39m
                [0mRefresh[0m
              [36m</button>[39m
              [36m<div[39m
                [33mclass[39m=[32m"flex items-center space-x-2"[39m
              [36m>[39m
                [36m<div[39m
                  [33mclass[39m=[32m"w-2 h-2 rounded-full bg-gray-400"[39m
                [36m/>[39m
                [36m<span[39m
                  [33mclass[39m=[32m"text-sm bg-green-100 text-green-800 px-2 py-1 rounded-full"[39m
                [36m>[39m
                  [0mReady[0m
                [36m</span>[39m
              [36m</div>[39m
            [36m</div>[39m
            [36m<button[39m
              [33mclass[39m=[32m"inline-flex items-center px-4 py-2 border border-transparent text-sm font-medium rounded-md shadow-sm focus:outline-none focus:ring-2 focus:ring-offset-2 transition-colors bg-red-600 hover:bg-red-700 focus:ring-red-500 text-white disabled:opacity-50 disabled:cursor-not-allowed"[39m
              [33mtitle[39m=[32m"Force stop all processes"[39m
            [36m>[39m
              [36m<svg[39m
                [33mclass[39m=[32m"-ml-1 mr-2 h-4 w-4"[39m
                [33mfill[39m=[32m"none"[39m
                [33mstroke[39m=[32m"currentColor"[39m
                [33mviewBox[39m=[32m"0 0 24 24"[39m
              [36m>[39m
                [36m<path[39m
                  [33md[39m=[32m"M12 9v2m0 4h.01m-6.938 4h13.856c1.54 0 2.502-1.667 1.732...
   × DashboardPanel > polls for job status updates 2061ms
     → expected "spy" to be called 1 times, but got 0 times

Ignored nodes: comments, script, style
[36m<html>[39m
  [36m<head />[39m
  [36m<body>[39m
    [36m<div>[39m
      [36m<div[39m
        [33mclass[39m=[32m"dashboard-panel min-h-screen bg-gray-50"[39m
      [36m>[39m
        [36m<div[39m
          [33mclass[39m=[32m"bg-white border-b border-gray-200 py-3 md:py-4 flex items-center px-6 relative"[39m
        [36m>[39m
          [36m<div[39m
            [33mclass[39m=[32m"flex items-center justify-between w-full flex-wrap gap-y-2"[39m
          [36m>[39m
            [36m<div[39m
              [33mclass[39m=[32m"flex items-center space-x-3"[39m
            [36m>[39m
              [36m<div[39m
                [33mclass[39m=[32m"relative"[39m
              [36m>[39m
                [36m<button[39m
                  [33maria-label[39m=[32m"Open menu"[39m
                  [33mclass[39m=[32m"p-2 rounded-md hover:bg-gray-100 text-gray-700 focus:outline-none focus:ring-2 focus:ring-blue-500"[39m
                  [33mtitle[39m=[32m"Menu"[39m
                [36m>[39m
                  [36m<svg[39m
                    [33mclass[39m=[32m"w-5 h-5"[39m
                    [33mfill[39m=[32m"none"[39m
                    [33mstroke[39m=[32m"currentColor"[39m
                    [33mviewBox[39m=[32m"0 0 24 24"[39m
                  [36m>[39m
                    [36m<path[39m
                      [33md[39m=[32m"M4 6h16M4 12h16M4 18h16"[39m
                      [33mstroke-linecap[39m=[32m"round"[39m
                      [33mstroke-linejoin[39m=[32m"round"[39m
                      [33mstroke-width[39m=[32m"2"[39m
                    [36m/>[39m
                  [36m</svg>[39m
                [36m</button>[39m
              [36m</div>[39m
              [36m<div[39m
                [33mclass[39m=[32m"flex items-center space-x-3"[39m
              [36m>[39m
                [36m<button[39m
                  [33maria-label[39m=[32m"Start job"[39m
                  [33mclass[39m=[32m"inline-flex items-center px-4 py-2 border border-transparent text-sm font-medium rounded-md shadow-sm focus:outline-none focus:ring-2 focus:ring-offset-2 transition-colors bg-blue-600 hover:bg-blue-700 focus:ring-blue-500 text-white"[39m
                [36m>[39m
                  [36m<svg[39m
                    [33mclass[39m=[32m"-ml-1 mr-2 h-4 w-4"[39m
                    [33mfill[39m=[32m"none"[39m
                    [33mstroke[39m=[32m"currentColor"[39m
                    [33mviewBox[39m=[32m"0 0 24 24"[39m
                  [36m>[39m
                    [36m<path[39m
                      [33md[39m=[32m"M14.828 14.828a4 4 0 01-5.656 0M9 10h1m4 0h1m-6 4h.01M21 12a9 9 0 11-18 0 9 9 0 0118 0z"[39m
                      [33mstroke-linecap[39m=[32m"round"[39m
                      [33mstroke-linejoin[39m=[32m"round"[39m
                      [33mstroke-width[39m=[32m"2"[39m
                    [36m/>[39m
                  [36m</svg>[39m
                  [0mStart Job[0m
                [36m</button>[39m
                [36m<button[39m
                  [33maria-label[39m=[32m"Stop job"[39m
                  [33mclass[39m=[32m"inline-flex items-center px-4 py-2 border border-transparent text-sm font-medium rounded-md shadow-sm focus:outline-none focus:ring-2 focus:ring-offset-2 transition-colors bg-gray-300 text-gray-500 cursor-not-allowed"[39m
                  [33mdisabled[39m=[32m""[39m
                [36m>[39m
                  [36m<svg[39m
                    [33mclass[39m=[32m"-ml-1 mr-2 h-4 w-4"[39m
                    [33mfill[39m=[32m"none"[39m
                    [33mstroke[39m=[32m"currentColor"[39m
                    [33mviewBox[39m=[32m"0 0 24 24"[39m
                  [36m>[39m
                    [36m<path[39m
                      [33md[39m=[32m"M21 12a9 9 0 11-18 0 9 9 0 0118 0z M9 10a1 1 0 011-1h4a1 1 0 011 1v4a1 1 0 01-1 1h-4a1 1 0 01-1-1v-4z"[39m
                      [33mstroke-linecap[39m=[32m"round"[39m
                      [33mstroke-linejoin[39m=[32m"round"[39m
                      [33mstroke-width[39m=[32m"2"[39m
                    [36m/>[39m
                  [36m</svg>[39m
                  [0mStop Job[0m
                [36m</button>[39m
                [36m<button[39m
                  [33maria-label[39m=[32m"Refresh data"[39m
                  [33mclass[39m=[32m"inline-flex items-center px-3 py-2 border border-gray-300 text-sm font-medium rounded-md shadow-sm focus:outline-none focus:ring-2 focus:ring-offset-2 transition-colors bg-white hover:bg-gray-50 focus:ring-blue-500 text-gray-700 border-gray-300"[39m
                  [33mtitle[39m=[32m"Refresh job history and statistics"[39m
                [36m>[39m
                  [36m<svg[39m
                    [33mclass[39m=[32m"-ml-1 mr-2 h-4 w-4"[39m
                    [33mfill[39m=[32m"none"[39m
                    [33mstroke[39m=[32m"currentColor"[39m
                    [33mviewBox[39m=[32m"0 0 24 24"[39m
                  [36m>[39m
                    [36m<path[39m
                      [33md[39m=[32m"M3 12a9 9 0 0 1 9-9 9.75 9.75 0 0 1 6.74 2.74L21 8"[39m
                    [36m/>[39m
                    [36m<path[39m
                      [33md[39m=[32m"M21 3v5h-5"[39m
                    [36m/>[39m
                    [36m<path[39m
                      [33md[39m=[32m"M21 12a9 9 0 0 1-9 9 9.75 9.75 0 0 1-6.74-2.74L3 16"[39m
                    [36m/>[39m
                    [36m<path[39m
                      [33md[39m=[32m"M8 16H3v5"[39m
                    [36m/>[39m
                  [36m</svg>[39m
                  [0mRefresh[0m
                [36m</button>[39m
                [36m<div[39m
                  [33mclass[39m=[32m"flex items-center space-x-2"[39m
                [36m>[39m
                  [36m<div[39m
                    [33mclass[39m=[32m"w-2 h-2 rounded-full bg-gray-400"[39m
                  [36m/>[39m
                  [36m<span[39m
                    [33mclass[39m=[32m"text-sm bg-green-100 text-green-800 px-2 py-1 rounded-full"[39m
                  [36m>[39m
                    [0mReady[0m
                  [36m</span>[39m
                [36m</div>[39m
              [36m</div>[39m
              [36m<button[39m
                [33mclass[39m=[32m"inline-flex items-center px-4 py-2 border border-transparent text-sm font-medium rounded-md shadow-sm focus:outline-none focus:ring-2 focus:ring-offset-2 transition-colors bg-red-600 hover:bg-red-700 focus:ring-red-500 text-white disabled:opacity-50 disabled:cursor-not-allowed"[39m
                [33mtitle[39m=[32m"Force stop all processes"[39m
              [36m>[39m
                [36m<svg[39m
                  [33mclass[39m=[32m"-ml-1 mr-2 h-4 w-4"[39m
                  [33mfil...
   × DashboardPanel > loads logs when job is running 1041ms
     → expected "spy" to be called with arguments: [ 'standard' ]

Number of calls: 0


Ignored nodes: comments, script, style
[36m<html>[39m
  [36m<head />[39m
  [36m<body>[39m
    [36m<div>[39m
      [36m<div[39m
        [33mclass[39m=[32m"dashboard-panel min-h-screen bg-gray-50"[39m
      [36m>[39m
        [36m<div[39m
          [33mclass[39m=[32m"bg-white border-b border-gray-200 py-3 md:py-4 flex items-center px-6 relative"[39m
        [36m>[39m
          [36m<div[39m
            [33mclass[39m=[32m"flex items-center justify-between w-full flex-wrap gap-y-2"[39m
          [36m>[39m
            [36m<div[39m
              [33mclass[39m=[32m"flex items-center space-x-3"[39m
            [36m>[39m
              [36m<div[39m
                [33mclass[39m=[32m"relative"[39m
              [36m>[39m
                [36m<button[39m
                  [33maria-label[39m=[32m"Open menu"[39m
                  [33mclass[39m=[32m"p-2 rounded-md hover:bg-gray-100 text-gray-700 focus:outline-none focus:ring-2 focus:ring-blue-500"[39m
                  [33mtitle[39m=[32m"Menu"[39m
                [36m>[39m
                  [36m<svg[39m
                    [33mclass[39m=[32m"w-5 h-5"[39m
                    [33mfill[39m=[32m"none"[39m
                    [33mstroke[39m=[32m"currentColor"[39m
                    [33mviewBox[39m=[32m"0 0 24 24"[39m
                  [36m>[39m
                    [36m<path[39m
                      [33md[39m=[32m"M4 6h16M4 12h16M4 18h16"[39m
                      [33mstroke-linecap[39m=[32m"round"[39m
                      [33mstroke-linejoin[39m=[32m"round"[39m
                      [33mstroke-width[39m=[32m"2"[39m
                    [36m/>[39m
                  [36m</svg>[39m
                [36m</button>[39m
              [36m</div>[39m
              [36m<div[39m
                [33mclass[39m=[32m"flex items-center space-x-3"[39m
              [36m>[39m
                [36m<button[39m
                  [33maria-label[39m=[32m"Start job"[39m
                  [33mclass[39m=[32m"inline-flex items-center px-4 py-2 border border-transparent text-sm font-medium rounded-md shadow-sm focus:outline-none focus:ring-2 focus:ring-offset-2 transition-colors bg-blue-600 hover:bg-blue-700 focus:ring-blue-500 text-white"[39m
                [36m>[39m
                  [36m<svg[39m
                    [33mclass[39m=[32m"-ml-1 mr-2 h-4 w-4"[39m
                    [33mfill[39m=[32m"none"[39m
                    [33mstroke[39m=[32m"currentColor"[39m
                    [33mviewBox[39m=[32m"0 0 24 24"[39m
                  [36m>[39m
                    [36m<path[39m
                      [33md[39m=[32m"M14.828 14.828a4 4 0 01-5.656 0M9 10h1m4 0h1m-6 4h.01M21 12a9 9 0 11-18 0 9 9 0 0118 0z"[39m
                      [33mstroke-linecap[39m=[32m"round"[39m
                      [33mstroke-linejoin[39m=[32m"round"[39m
                      [33mstroke-width[39m=[32m"2"[39m
                    [36m/>[39m
                  [36m</svg>[39m
                  [0mStart Job[0m
                [36m</button>[39m
                [36m<button[39m
                  [33maria-label[39m=[32m"Stop job"[39m
                  [33mclass[39m=[32m"inline-flex items-center px-4 py-2 border border-transparent text-sm font-medium rounded-md shadow-sm focus:outline-none focus:ring-2 focus:ring-offset-2 transition-colors bg-gray-300 text-gray-500 cursor-not-allowed"[39m
                  [33mdisabled[39m=[32m""[39m
                [36m>[39m
                  [36m<svg[39m
                    [33mclass[39m=[32m"-ml-1 mr-2 h-4 w-4"[39m
                    [33mfill[39m=[32m"none"[39m
                    [33mstroke[39m=[32m"currentColor"[39m
                    [33mviewBox[39m=[32m"0 0 24 24"[39m
                  [36m>[39m
                    [36m<path[39m
                      [33md[39m=[32m"M21 12a9 9 0 11-18 0 9 9 0 0118 0z M9 10a1 1 0 011-1h4a1 1 0 011 1v4a1 1 0 01-1 1h-4a1 1 0 01-1-1v-4z"[39m
                      [33mstroke-linecap[39m=[32m"round"[39m
                      [33mstroke-linejoin[39m=[32m"round"[39m
                      [33mstroke-width[39m=[32m"2"[39m
                    [36m/>[39m
                  [36m</svg>[39m
                  [0mStop Job[0m
                [36m</button>[39m
                [36m<button[39m
                  [33maria-label[39m=[32m"Refresh data"[39m
                  [33mclass[39m=[32m"inline-flex items-center px-3 py-2 border border-gray-300 text-sm font-medium rounded-md shadow-sm focus:outline-none focus:ring-2 focus:ring-offset-2 transition-colors bg-white hover:bg-gray-50 focus:ring-blue-500 text-gray-700 border-gray-300"[39m
                  [33mtitle[39m=[32m"Refresh job history and statistics"[39m
                [36m>[39m
                  [36m<svg[39m
                    [33mclass[39m=[32m"-ml-1 mr-2 h-4 w-4"[39m
                    [33mfill[39m=[32m"none"[39m
                    [33mstroke[39m=[32m"currentColor"[39m
                    [33mviewBox[39m=[32m"0 0 24 24"[39m
                  [36m>[39m
                    [36m<path[39m
                      [33md[39m=[32m"M3 12a9 9 0 0 1 9-9 9.75 9.75 0 0 1 6.74 2.74L21 8"[39m
                    [36m/>[39m
                    [36m<path[39m
                      [33md[39m=[32m"M21 3v5h-5"[39m
                    [36m/>[39m
                    [36m<path[39m
                      [33md[39m=[32m"M21 12a9 9 0 0 1-9 9 9.75 9.75 0 0 1-6.74-2.74L3 16"[39m
                    [36m/>[39m
                    [36m<path[39m
                      [33md[39m=[32m"M8 16H3v5"[39m
                    [36m/>[39m
                  [36m</svg>[39m
                  [0mRefresh[0m
                [36m</button>[39m
                [36m<div[39m
                  [33mclass[39m=[32m"flex items-center space-x-2"[39m
                [36m>[39m
                  [36m<div[39m
                    [33mclass[39m=[32m"w-2 h-2 rounded-full bg-gray-400"[39m
                  [36m/>[39m
                  [36m<span[39m
                    [33mclass[39m=[32m"text-sm bg-green-100 text-green-800 px-2 py-1 rounded-full"[39m
                  [36m>[39m
                    [0mReady[0m
                  [36m</span>[39m
                [36m</div>[39m
              [36m</div>[39m
              [36m<button[39m
                [33mclass[39m=[32m"inline-flex items-center px-4 py-2 border border-transparent text-sm font-medium rounded-md shadow-sm focus:outline-none focus:ring-2 focus:ring-offset-2 transition-colors bg-red-600 hover:bg-red-700 focus:ring-red-500 text-white disabled:opacity-50 disabled:cursor-not-allowed"[39m
                [33mtitle[39m=[32m"Force stop all processes"[39m
              [36m>[39m
                [36m<svg[39m
                  [33mclass[39m=[32m"-ml-1 mr-2 h-4 w-4"[39m
                  [33mfil...
   ✓ DashboardPanel > handles back navigation when onBack prop is provided 41ms
   × DashboardPanel > navigates to Single Job View when job view action is triggered 1066ms
     → Unable to find an element with the text: Test Job. This could be because the text is broken up by multiple elements. In this case, you can provide a function for your text matcher to make your matcher more flexible.

Ignored nodes: comments, script, style
[36m<body>[39m
  [36m<div>[39m
    [36m<div[39m
      [33mclass[39m=[32m"dashboard-panel min-h-screen bg-gray-50"[39m
    [36m>[39m
      [36m<div[39m
        [33mclass[39m=[32m"bg-white border-b border-gray-200 py-3 md:py-4 flex items-center px-6 relative"[39m
      [36m>[39m
        [36m<div[39m
          [33mclass[39m=[32m"flex items-center justify-between w-full flex-wrap gap-y-2"[39m
        [36m>[39m
          [36m<div[39m
            [33mclass[39m=[32m"flex items-center space-x-3"[39m
          [36m>[39m
            [36m<div[39m
              [33mclass[39m=[32m"relative"[39m
            [36m>[39m
              [36m<button[39m
                [33maria-label[39m=[32m"Open menu"[39m
                [33mclass[39m=[32m"p-2 rounded-md hover:bg-gray-100 text-gray-700 focus:outline-none focus:ring-2 focus:ring-blue-500"[39m
                [33mtitle[39m=[32m"Menu"[39m
              [36m>[39m
                [36m<svg[39m
                  [33mclass[39m=[32m"w-5 h-5"[39m
                  [33mfill[39m=[32m"none"[39m
                  [33mstroke[39m=[32m"currentColor"[39m
                  [33mviewBox[39m=[32m"0 0 24 24"[39m
                [36m>[39m
                  [36m<path[39m
                    [33md[39m=[32m"M4 6h16M4 12h16M4 18h16"[39m
                    [33mstroke-linecap[39m=[32m"round"[39m
                    [33mstroke-linejoin[39m=[32m"round"[39m
                    [33mstroke-width[39m=[32m"2"[39m
                  [36m/>[39m
                [36m</svg>[39m
              [36m</button>[39m
            [36m</div>[39m
            [36m<div[39m
              [33mclass[39m=[32m"flex items-center space-x-3"[39m
            [36m>[39m
              [36m<button[39m
                [33maria-label[39m=[32m"Start job"[39m
                [33mclass[39m=[32m"inline-flex items-center px-4 py-2 border border-transparent text-sm font-medium rounded-md shadow-sm focus:outline-none focus:ring-2 focus:ring-offset-2 transition-colors bg-blue-600 hover:bg-blue-700 focus:ring-blue-500 text-white"[39m
              [36m>[39m
                [36m<svg[39m
                  [33mclass[39m=[32m"-ml-1 mr-2 h-4 w-4"[39m
                  [33mfill[39m=[32m"none"[39m
                  [33mstroke[39m=[32m"currentColor"[39m
                  [33mviewBox[39m=[32m"0 0 24 24"[39m
                [36m>[39m
                  [36m<path[39m
                    [33md[39m=[32m"M14.828 14.828a4 4 0 01-5.656 0M9 10h1m4 0h1m-6 4h.01M21 12a9 9 0 11-18 0 9 9 0 0118 0z"[39m
                    [33mstroke-linecap[39m=[32m"round"[39m
                    [33mstroke-linejoin[39m=[32m"round"[39m
                    [33mstroke-width[39m=[32m"2"[39m
                  [36m/>[39m
                [36m</svg>[39m
                [0mStart Job[0m
              [36m</button>[39m
              [36m<button[39m
                [33maria-label[39m=[32m"Stop job"[39m
                [33mclass[39m=[32m"inline-flex items-center px-4 py-2 border border-transparent text-sm font-medium rounded-md shadow-sm focus:outline-none focus:ring-2 focus:ring-offset-2 transition-colors bg-gray-300 text-gray-500 cursor-not-allowed"[39m
                [33mdisabled[39m=[32m""[39m
              [36m>[39m
                [36m<svg[39m
                  [33mclass[39m=[32m"-ml-1 mr-2 h-4 w-4"[39m
                  [33mfill[39m=[32m"none"[39m
                  [33mstroke[39m=[32m"currentColor"[39m
                  [33mviewBox[39m=[32m"0 0 24 24"[39m
                [36m>[39m
                  [36m<path[39m
                    [33md[39m=[32m"M21 12a9 9 0 11-18 0 9 9 0 0118 0z M9 10a1 1 0 011-1h4a1 1 0 011 1v4a1 1 0 01-1 1h-4a1 1 0 01-1-1v-4z"[39m
                    [33mstroke-linecap[39m=[32m"round"[39m
                    [33mstroke-linejoin[39m=[32m"round"[39m
                    [33mstroke-width[39m=[32m"2"[39m
                  [36m/>[39m
                [36m</svg>[39m
                [0mStop Job[0m
              [36m</button>[39m
              [36m<button[39m
                [33maria-label[39m=[32m"Refresh data"[39m
                [33mclass[39m=[32m"inline-flex items-center px-3 py-2 border border-gray-300 text-sm font-medium rounded-md shadow-sm focus:outline-none focus:ring-2 focus:ring-offset-2 transition-colors bg-white hover:bg-gray-50 focus:ring-blue-500 text-gray-700 border-gray-300"[39m
                [33mtitle[39m=[32m"Refresh job history and statistics"[39m
              [36m>[39m
                [36m<svg[39m
                  [33mclass[39m=[32m"-ml-1 mr-2 h-4 w-4"[39m
                  [33mfill[39m=[32m"none"[39m
                  [33mstroke[39m=[32m"currentColor"[39m
                  [33mviewBox[39m=[32m"0 0 24 24"[39m
                [36m>[39m
                  [36m<path[39m
                    [33md[39m=[32m"M3 12a9 9 0 0 1 9-9 9.75 9.75 0 0 1 6.74 2.74L21 8"[39m
                  [36m/>[39m
                  [36m<path[39m
                    [33md[39m=[32m"M21 3v5h-5"[39m
                  [36m/>[39m
                  [36m<path[39m
                    [33md[39m=[32m"M21 12a9 9 0 0 1-9 9 9.75 9.75 0 0 1-6.74-2.74L3 16"[39m
                  [36m/>[39m
                  [36m<path[39m
                    [33md[39m=[32m"M8 16H3v5"[39m
                  [36m/>[39m
                [36m</svg>[39m
                [0mRefresh[0m
              [36m</button>[39m
              [36m<div[39m
                [33mclass[39m=[32m"flex items-center space-x-2"[39m
              [36m>[39m
                [36m<div[39m
                  [33mclass[39m=[32m"w-2 h-2 rounded-full bg-gray-400"[39m
                [36m/>[39m
                [36m<span[39m
                  [33mclass[39m=[32m"text-sm bg-green-100 text-green-800 px-2 py-1 rounded-full"[39m
                [36m>[39m
                  [0mReady[0m
                [36m</span>[39m
              [36m</div>[39m
            [36m</div>[39m
            [36m<button[39m
              [33mclass[39m=[32m"inline-flex items-center px-4 py-2 border border-transparent text-sm font-medium rounded-md shadow-sm focus:outline-none focus:ring-2 focus:ring-offset-2 transition-colors bg-red-600 hover:bg-red-700 focus:ring-red-500 text-white disabled:opacity-50 disabled:cursor-not-allowed"[39m
              [33mtitle[39m=[32m"Force stop all processes"[39m
            [36m>[39m
              [36m<svg[39m
                [33mclass[39m=[32m"-ml-1 mr-2 h-4 w-4"[39m
                [33mfill[39m=[32m"none"[39m
                [33mstroke[39m=[32m"currentColor"[39m
                [33mviewBox[39m=[32m"0 0 24 24"[39m
              [36m>[39m
                [36m<path[39m
                  [33md[39m=[32m"M12 9v2m0 4h.01m-6.938 4h13.856c1.54 0 2.502-1.667 1.732...

Ignored nodes: comments, script, style
[36m<html>[39m
  [36m<head />[39m
  [36m<body>[39m
    [36m<div>[39m
      [36m<div[39m
        [33mclass[39m=[32m"dashboard-panel min-h-screen bg-gray-50"[39m
      [36m>[39m
        [36m<div[39m
          [33mclass[39m=[32m"bg-white border-b border-gray-200 py-3 md:py-4 flex items-center px-6 relative"[39m
        [36m>[39m
          [36m<div[39m
            [33mclass[39m=[32m"flex items-center justify-between w-full flex-wrap gap-y-2"[39m
          [36m>[39m
            [36m<div[39m
              [33mclass[39m=[32m"flex items-center space-x-3"[39m
            [36m>[39m
              [36m<div[39m
                [33mclass[39m=[32m"relative"[39m
              [36m>[39m
                [36m<button[39m
                  [33maria-label[39m=[32m"Open menu"[39m
                  [33mclass[39m=[32m"p-2 rounded-md hover:bg-gray-100 text-gray-700 focus:outline-none focus:ring-2 focus:ring-blue-500"[39m
                  [33mtitle[39m=[32m"Menu"[39m
                [36m>[39m
                  [36m<svg[39m
                    [33mclass[39m=[32m"w-5 h-5"[39m
                    [33mfill[39m=[32m"none"[39m
                    [33mstroke[39m=[32m"currentColor"[39m
                    [33mviewBox[39m=[32m"0 0 24 24"[39m
                  [36m>[39m
                    [36m<path[39m
                      [33md[39m=[32m"M4 6h16M4 12h16M4 18h16"[39m
                      [33mstroke-linecap[39m=[32m"round"[39m
                      [33mstroke-linejoin[39m=[32m"round"[39m
                      [33mstroke-width[39m=[32m"2"[39m
                    [36m/>[39m
                  [36m</svg>[39m
                [36m</button>[39m
              [36m</div>[39m
              [36m<div[39m
                [33mclass[39m=[32m"flex items-center space-x-3"[39m
              [36m>[39m
                [36m<button[39m
                  [33maria-label[39m=[32m"Start job"[39m
                  [33mclass[39m=[32m"inline-flex items-center px-4 py-2 border border-transparent text-sm font-medium rounded-md shadow-sm focus:outline-none focus:ring-2 focus:ring-offset-2 transition-colors bg-blue-600 hover:bg-blue-700 focus:ring-blue-500 text-white"[39m
                [36m>[39m
                  [36m<svg[39m
                    [33mclass[39m=[32m"-ml-1 mr-2 h-4 w-4"[39m
                    [33mfill[39m=[32m"none"[39m
                    [33mstroke[39m=[32m"currentColor"[39m
                    [33mviewBox[39m=[32m"0 0 24 24"[39m
                  [36m>[39m
                    [36m<path[39m
                      [33md[39m=[32m"M14.828 14.828a4 4 0 01-5.656 0M9 10h1m4 0h1m-6 4h.01M21 12a9 9 0 11-18 0 9 9 0 0118 0z"[39m
                      [33mstroke-linecap[39m=[32m"round"[39m
                      [33mstroke-linejoin[39m=[32m"round"[39m
                      [33mstroke-width[39m=[32m"2"[39m
                    [36m/>[39m
                  [36m</svg>[39m
                  [0mStart Job[0m
                [36m</button>[39m
                [36m<button[39m
                  [33maria-label[39m=[32m"Stop job"[39m
                  [33mclass[39m=[32m"inline-flex items-center px-4 py-2 border border-transparent text-sm font-medium rounded-md shadow-sm focus:outline-none focus:ring-2 focus:ring-offset-2 transition-colors bg-gray-300 text-gray-500 cursor-not-allowed"[39m
                  [33mdisabled[39m=[32m""[39m
                [36m>[39m
                  [36m<svg[39m
                    [33mclass[39m=[32m"-ml-1 mr-2 h-4 w-4"[39m
                    [33mfill[39m=[32m"none"[39m
                    [33mstroke[39m=[32m"currentColor"[39m
                    [33mviewBox[39m=[32m"0 0 24 24"[39m
                  [36m>[39m
                    [36m<path[39m
                      [33md[39m=[32m"M21 12a9 9 0 11-18 0 9 9 0 0118 0z M9 10a1 1 0 011-1h4a1 1 0 011 1v4a1 1 0 01-1 1h-4a1 1 0 01-1-1v-4z"[39m
                      [33mstroke-linecap[39m=[32m"round"[39m
                      [33mstroke-linejoin[39m=[32m"round"[39m
                      [33mstroke-width[39m=[32m"2"[39m
                    [36m/>[39m
                  [36m</svg>[39m
                  [0mStop Job[0m
                [36m</button>[39m
                [36m<button[39m
                  [33maria-label[39m=[32m"Refresh data"[39m
                  [33mclass[39m=[32m"inline-flex items-center px-3 py-2 border border-gray-300 text-sm font-medium rounded-md shadow-sm focus:outline-none focus:ring-2 focus:ring-offset-2 transition-colors bg-white hover:bg-gray-50 focus:ring-blue-500 text-gray-700 border-gray-300"[39m
                  [33mtitle[39m=[32m"Refresh job history and statistics"[39m
                [36m>[39m
                  [36m<svg[39m
                    [33mclass[39m=[32m"-ml-1 mr-2 h-4 w-4"[39m
                    [33mfill[39m=[32m"none"[39m
                    [33mstroke[39m=[32m"currentColor"[39m
                    [33mviewBox[39m=[32m"0 0 24 24"[39m
                  [36m>[39m
                    [36m<path[39m
                      [33md[39m=[32m"M3 12a9 9 0 0 1 9-9 9.75 9.75 0 0 1 6.74 2.74L21 8"[39m
                    [36m/>[39m
                    [36m<path[39m
                      [33md[39m=[32m"M21 3v5h-5"[39m
                    [36m/>[39m
                    [36m<path[39m
                      [33md[39m=[32m"M21 12a9 9 0 0 1-9 9 9.75 9.75 0 0 1-6.74-2.74L3 16"[39m
                    [36m/>[39m
                    [36m<path[39m
                      [33md[39m=[32m"M8 16H3v5"[39m
                    [36m/>[39m
                  [36m</svg>[39m
                  [0mRefresh[0m
                [36m</button>[39m
                [36m<div[39m
                  [33mclass[39m=[32m"flex items-center space-x-2"[39m
                [36m>[39m
                  [36m<div[39m
                    [33mclass[39m=[32m"w-2 h-2 rounded-full bg-gray-400"[39m
                  [36m/>[39m
                  [36m<span[39m
                    [33mclass[39m=[32m"text-sm bg-green-100 text-green-800 px-2 py-1 rounded-full"[39m
                  [36m>[39m
                    [0mReady[0m
                  [36m</span>[39m
                [36m</div>[39m
              [36m</div>[39m
              [36m<button[39m
                [33mclass[39m=[32m"inline-flex items-center px-4 py-2 border border-transparent text-sm font-medium rounded-md shadow-sm focus:outline-none focus:ring-2 focus:ring-offset-2 transition-colors bg-red-600 hover:bg-red-700 focus:ring-red-500 text-white disabled:opacity-50 disabled:cursor-not-allowed"[39m
                [33mtitle[39m=[32m"Force stop all processes"[39m
              [36m>[39m
                [36m<svg[39m
                  [33mclass[39m=[32m"-ml-1 mr-2 h-4 w-4"[39m
                  [33mfil...
   ✓ DashboardPanel > does not show back button when onBack prop is not provided 42ms
 ✓ src/renderer/components/Settings/__tests__/CostIndicator.test.tsx (24 tests) 414ms
 ✓ tests/integration/backend/ExportJobExcel.integration.test.ts (1 test) 427ms
   ✓ Job Export to Excel - Integration > creates an Excel file at a custom path using label-first filename and overwrite policy  426ms
 ✓ tests/integration/backend/ExportExcel.integration.test.ts (1 test) 426ms
   ✓ Export to Excel - Regression > excludes API keys and includes labeled settings in Job Summary  424ms
 ✓ tests/integration/backend/ExportZip.integration.test.ts (3 tests) 571ms
 ✓ src/renderer/components/Dashboard/__tests__/ForceStopButton.test.tsx (26 tests) 534ms
 ✓ src/renderer/components/Dashboard/__tests__/QuickActions.test.tsx (23 tests) 419ms
 ✓ src/renderer/components/Dashboard/__tests__/ProgressIndicator.test.tsx (19 tests) 343ms
 ✓ src/renderer/components/Jobs/__tests__/SingleJobView.delete-refresh.test.tsx (1 test) 368ms
   ✓ SingleJobView - Delete refresh (focused) > deletes immediately and closes the confirmation modal  365ms
 ✓ src/renderer/components/Jobs/__tests__/SingleJobView.retryControls.persistence.test.tsx (1 test) 379ms
   ✓ SingleJobView - retry controls in edit modal persist > updates job configuration with retry attempts/backoff  376ms
 ✓ tests/unit/frontend/components/App.test.tsx (20 tests) 369ms
 ✓ src/renderer/components/Jobs/__tests__/SingleJobView.settings-save.test.tsx (1 test) 473ms
   ✓ SingleJobView - Settings Save (focused) > saves parameter fields; file paths are read-only and unchanged  471ms
 ✓ tests/unit/backend/adapter/backendAdapterSecurity.test.js (4 tests) 437ms
 ✓ src/renderer/components/Settings/__tests__/RetryControls.persistence.test.tsx (1 test) 348ms
   ✓ SettingsPanel - retry controls persistence > saves generation retry attempts/backoff in payload  345ms
 ✓ src/renderer/components/Dashboard/__tests__/JobControls.test.tsx (19 tests) 256ms
 ✓ src/renderer/components/Settings/__tests__/Parameters.behavior.test.tsx (2 tests) 387ms
 ✓ src/renderer/components/Settings/__tests__/Toggle.test.tsx (9 tests) 284ms
 ✓ tests/integration/backend/JobLabelPropagation.integration.test.ts (1 test) 186ms
 ✓ tests/integration/backend/BulkExportJobs.integration.test.ts (1 test) 349ms
   ✓ Bulk Export Jobs - Integration > creates a ZIP at a custom path and appends number when duplicate exists  347ms
 ✓ tests/integration/backend/RerunLabelPersistence.integration.test.ts (1 test) 193ms
 ✓ src/renderer/components/Jobs/__tests__/SingleJobView.statistics.test.tsx (1 test) 279ms
 ✓ src/renderer/components/Settings/__tests__/FilePathsSection.test.tsx (6 tests) 162ms
 ✓ tests/unit/ui/DashboardFiltersLabelFormatting.test.tsx (1 test) 150ms
 ✓ tests/integration/backend/RenameUpdatesConfiguration.integration.test.ts (1 test) 171ms
 ✓ tests/integration/performance/app-performance.integration.test.tsx (34 tests) 205ms
 ✓ tests/unit/ui/JobHistoryLabelFormatting.test.tsx (2 tests) 148ms
 ✓ tests/integration/backend/FallbackLabelUnification.integration.test.ts (1 test) 269ms
 ✓ tests/integration/backend/LabelNoOverwriteOnCompletion.integration.test.ts (1 test) 192ms
 ✓ src/renderer/components/Jobs/__tests__/JobLabelDisplay.test.tsx (1 test) 201ms
 ✓ tests/integration/backend/NewJobExecutionIsolation.integration.test.ts (1 test) 278ms
 ✓ tests/unit/frontend/components/main.test.tsx (12 tests) 95ms
 ✓ tests/unit/ui/FailedImagesReviewFiltersLabelFormatting.test.tsx (1 test) 149ms
 ✓ tests/integration/platform/electron-main.platform.test.ts (9 tests) 25ms
 ✓ tests/integration/security/ipc-security.integration.test.ts (9 tests) 34ms
 ✓ tests/integration/api/ipc-preload.integration.test.ts (6 tests) 66ms
 ✓ tests/unit/logic/jobManagement.logic.test.ts (36 tests) 27ms
 ✓ tests/integration/api/ipc-main-process.integration.test.ts (4 tests) 17ms
 ✓ tests/unit/frontend/components/index.css.test.ts (12 tests) 16ms
 ✓ tests/unit/frontend/typescript-validation.test.ts (31 tests) 23ms
 ✓ tests/integration/development/vite-dev-server.integration.test.ts (22 tests) 12ms
 ✓ tests/unit/utils/processing.normalizer.test.ts (9 tests) 20ms
 ✓ tests/unit/backend/simplePathResolution.test.js (5 tests) 10ms
 ✓ tests/integration/development/npm-scripts.integration.test.ts (16 tests) 11ms
 ✓ tests/unit/services/JobRunner.parameterRegeneration.test.ts (1 test) 17ms
 ✓ tests/unit/backend/pathNormalization.test.js (5 tests) 6ms
 ✓ tests/unit/services/JobRunner.generationRetry.test.ts (1 test) 7ms
 ❯ src/renderer/components/Jobs/__tests__/SingleJobView.test.tsx (36 tests | 33 failed) 28150ms
   ✓ SingleJobView > Rendering > renders loading state initially 148ms
   × SingleJobView > Rendering > renders job details after loading 189ms
     → Unable to find an element with the text: /Job ID: 1 • Created:/. This could be because the text is broken up by multiple elements. In this case, you can provide a function for your text matcher to make your matcher more flexible.

Ignored nodes: comments, script, style
[36m<body>[39m
  [36m<div>[39m
    [36m<div[39m
      [33mclass[39m=[32m"single-job-view"[39m
    [36m>[39m
      [36m<header[39m
        [33mclass[39m=[32m"job-header"[39m
      [36m>[39m
        [36m<div[39m
          [33mclass[39m=[32m"header-content"[39m
        [36m>[39m
          [36m<div[39m
            [33mclass[39m=[32m"header-left"[39m
          [36m>[39m
            [36m<button[39m
              [33maria-label[39m=[32m"Go back to job list"[39m
              [33mclass[39m=[32m"back-button"[39m
            [36m>[39m
              [36m<svg[39m
                [33mclass[39m=[32m"w-6 h-6"[39m
                [33mfill[39m=[32m"none"[39m
                [33mstroke[39m=[32m"currentColor"[39m
                [33mviewBox[39m=[32m"0 0 24 24"[39m
              [36m>[39m
                [36m<path[39m
                  [33md[39m=[32m"M10 19l-7-7m0 0l7-7m-7 7h18"[39m
                  [33mstroke-linecap[39m=[32m"round"[39m
                  [33mstroke-linejoin[39m=[32m"round"[39m
                  [33mstroke-width[39m=[32m"2"[39m
                [36m/>[39m
              [36m</svg>[39m
            [36m</button>[39m
            [36m<h1[39m
              [33mclass[39m=[32m"job-title-main"[39m
            [36m>[39m
              [0mJob #[0m
              [0m1[0m
            [36m</h1>[39m
          [36m</div>[39m
        [36m</div>[39m
        [36m<div[39m
          [33mclass[39m=[32m"job-title-section"[39m
        [36m>[39m
          [36m<div[39m
            [33mclass[39m=[32m"job-title-static"[39m
          [36m>[39m
            [36m<span[39m
              [33mclass[39m=[32m"job-title-text"[39m
            [36m>[39m
              [0mTest Job[0m
            [36m</span>[39m
          [36m</div>[39m
        [36m</div>[39m
      [36m</header>[39m
      [36m<div[39m
        [33mclass[39m=[32m"tab-navigation"[39m
      [36m>[39m
        [36m<button[39m
          [33mclass[39m=[32m"tab-button active"[39m
          [33mdata-tab[39m=[32m"overview"[39m
        [36m>[39m
          [0mOverview[0m
        [36m</button>[39m
        [36m<button[39m
          [33mclass[39m=[32m"tab-button "[39m
          [33mdata-tab[39m=[32m"images"[39m
        [36m>[39m
          [0mImages[0m
        [36m</button>[39m
      [36m</div>[39m
      [36m<main[39m
        [33mclass[39m=[32m"tab-content-container"[39m
      [36m>[39m
        [36m<div[39m
          [33mclass[39m=[32m"tab-content active"[39m
          [33mid[39m=[32m"overview"[39m
        [36m>[39m
          [36m<div[39m
            [33mclass[39m=[32m"overview-content"[39m
          [36m>[39m
            [36m<div[39m
              [33mclass[39m=[32m"info-grid"[39m
            [36m>[39m
              [36m<div[39m
                [33mclass[39m=[32m"info-card"[39m
              [36m>[39m
                [36m<div[39m
                  [33mclass[39m=[32m"info-label"[39m
                [36m>[39m
                  [0mJob ID[0m
                [36m</div>[39m
                [36m<div[39m
                  [33mclass[39m=[32m"info-value"[39m
                [36m>[39m
                  [0mJOB-[0m
                  [0m1[0m
                [36m</div>[39m
              [36m</div>[39m
              [36m<div[39m
                [33mclass[39m=[32m"info-card"[39m
              [36m>[39m
                [36m<div[39m
                  [33mclass[39m=[32m"info-label"[39m
                [36m>[39m
                  [0mStatus[0m
                [36m</div>[39m
                [36m<div[39m
                  [33mclass[39m=[32m"info-value"[39m
                [36m>[39m
                  [36m<span[39m
                    [33mclass[39m=[32m"inline-flex items-center gap-1 px-2 py-1 rounded-full text-sm font-medium border bg-green-100 text-green-800 border-green-200"[39m
                  [36m>[39m
                    [36m<svg[39m
                      [33maria-hidden[39m=[32m"true"[39m
                      [33mclass[39m=[32m"w-4 h-4"[39m
                      [33mfill[39m=[32m"none"[39m
                      [33mstroke[39m=[32m"currentColor"[39m
                      [33mviewBox[39m=[32m"0 0 24 24"[39m
                    [36m>[39m
                      [36m<path[39m
                        [33md[39m=[32m"M5 13l4 4L19 7"[39m
                        [33mstroke-linecap[39m=[32m"round"[39m
                        [33mstroke-linejoin[39m=[32m"round"[39m
                        [33mstroke-width[39m=[32m"2"[39m
                      [36m/>[39m
                    [36m</svg>[39m
                    [0mCompleted[0m
                  [36m</span>[39m
                [36m</div>[39m
              [36m</div>[39m
              [36m<div[39m
                [33mclass[39m=[32m"info-card"[39m
              [36m>[39m
                [36m<div[39m
                  [33mclass[39m=[32m"info-label"[39m
                [36m>[39m
                  [0mStart Time[0m
                [36m</div>[39m
                [36m<div[39m
                  [33mclass[39m=[32m"info-value"[39m
                [36m>[39m
                  [0m1/1/2024, 12:00:00 PM[0m
                [36m</div>[39m
              [36m</div>[39m
              [36m<div[39m
                [33mclass[39m=[32m"info-card"[39m
              [36m>[39m
                [36m<div[39m
                  [33mclass[39m=[32m"info-label"[39m
                [36m>[39m
                  [0mDuration[0m
                [36m</div>[39m
                [36m<div[39m
                  [33mclass[39m=[32m"info-value"[39m
                [36m>[39m
                  [0m5m[0m
                [36m</div>[39m
              [36m</div>[39m
              [36m<div[39m
                [33mclass[39m=[32m"info-card"[39m
              [36m>[39m
                [36m<div[39m
                  [33mclass[39m=[32m"info-label"[39m
                [36m>[39m
                  [0mSuccess Rate[0m
                [36m</div>[39m
                [36m<div[39m
                  [33mclass[39m=[32m"info-value"[39m
                [36m>[39m
                  [0mN/A[0m
                [36m</div>[39m
              [36m</div>[39m
            [36m</div>[39m
            [36m<h2[39m
              [33mclass[39m=[32m"section-title"[39m
            [36m>[39m
              [0mGenerated Images Summary[0m
            [36m</h2>[39m
            [36m<div[39m
              [33mclass[39m=[32m"stats-grid"[39m
            [36m>[39m
              [36m<div[39m
                [33mclass[39m=[32m"stats-card"[39m
              [36m>[39m
                [36m<div[39m
                  [33mclass[39m=[32m"stats-label"[39m
                [36m>[39m
   ...
   × SingleJobView > Rendering > renders action buttons in header 535ms
     → Unable to find an accessible element with the role "button" and name "Export job and images"

Here are the accessible roles:

  banner:

  Name "":
  [36m<header[39m
    [33mclass[39m=[32m"job-header"[39m
  [36m/>[39m

  --------------------------------------------------
  button:

  Name "Go back to job list":
  [36m<button[39m
    [33maria-label[39m=[32m"Go back to job list"[39m
    [33mclass[39m=[32m"back-button"[39m
  [36m/>[39m

  Name "Overview":
  [36m<button[39m
    [33mclass[39m=[32m"tab-button active"[39m
    [33mdata-tab[39m=[32m"overview"[39m
  [36m/>[39m

  Name "Images":
  [36m<button[39m
    [33mclass[39m=[32m"tab-button "[39m
    [33mdata-tab[39m=[32m"images"[39m
  [36m/>[39m

  Name "Refresh":
  [36m<button[39m
    [33mclass[39m=[32m"refresh-button"[39m
    [33mtitle[39m=[32m"Refresh job data"[39m
  [36m/>[39m

  Name "Edit":
  [36m<button[39m
    [33mclass[39m=[32m"edit-button"[39m
    [33mtitle[39m=[32m"Edit job settings"[39m
  [36m/>[39m

  Name "Grid View":
  [36m<button[39m
    [33mclass[39m=[32m"view-toggle active"[39m
    [33mtitle[39m=[32m"Grid View"[39m
  [36m/>[39m

  Name "List View":
  [36m<button[39m
    [33mclass[39m=[32m"view-toggle "[39m
    [33mtitle[39m=[32m"List View"[39m
  [36m/>[39m

  Name "Rerun Job":
  [36m<button[39m
    [33mclass[39m=[32m"btn-rerun"[39m
  [36m/>[39m

  Name "Export Job":
  [36m<button[39m
    [33mclass[39m=[32m"btn-export"[39m
  [36m/>[39m

  Name "Delete Job":
  [36m<button[39m
    [33mclass[39m=[32m"btn-delete"[39m
  [36m/>[39m

  --------------------------------------------------
  heading:

  Name "Job #1":
  [36m<h1[39m
    [33mclass[39m=[32m"job-title-main"[39m
  [36m/>[39m

  Name "Generated Images Summary":
  [36m<h2[39m
    [33mclass[39m=[32m"section-title"[39m
  [36m/>[39m

  Name "Settings":
  [36m<h2[39m
    [33mclass[39m=[32m"section-title"[39m
  [36m/>[39m

  Name "Model Configuration":
  [36m<h3 />[39m

  Name "Image Settings":
  [36m<h3 />[39m

  Name "Processing Options":
  [36m<h3 />[39m

  --------------------------------------------------
  main:

  Name "":
  [36m<main[39m
    [33mclass[39m=[32m"tab-content-container"[39m
  [36m/>[39m

  --------------------------------------------------
  combobox:

  Name "":
  [36m<select[39m
    [33mclass[39m=[32m"filter-select"[39m
  [36m/>[39m

  --------------------------------------------------
  option:

  Name "All":
  [36m<option[39m
    [33mvalue[39m=[32m"all"[39m
  [36m/>[39m

  Name "Approved":
  [36m<option[39m
    [33mvalue[39m=[32m"approved"[39m
  [36m/>[39m

  Name "Failed (All)":
  [36m<option[39m
    [33mvalue[39m=[32m"failed_all"[39m
  [36m/>[39m

  Name "Failed – QC":
  [36m<option[39m
    [33mvalue[39m=[32m"failed_qc"[39m
  [36m/>[39m

  Name "Failed – Technical":
  [36m<option[39m
    [33mvalue[39m=[32m"failed_tech"[39m
  [36m/>[39m

  --------------------------------------------------
  img:

  Name "Generated image 1":
  [36m<img[39m
    [33malt[39m=[32m"Generated image 1"[39m
    [33mclass[39m=[32m"w-full h-full object-cover"[39m
    [33msrc[39m=[32m"local-file:///path/to/image1.jpg"[39m
  [36m/>[39m

  Name "Generated image 2":
  [36m<img[39m
    [33malt[39m=[32m"Generated image 2"[39m
    [33mclass[39m=[32m"w-full h-full object-cover"[39m
    [33msrc[39m=[32m"local-file:///path/to/image2.jpg"[39m
  [36m/>[39m

  --------------------------------------------------
  contentinfo:

  Name "":
  [36m<footer[39m
    [33mclass[39m=[32m"job-footer"[39m
  [36m/>[39m

  --------------------------------------------------

Ignored nodes: comments, script, style
[36m<body>[39m
  [36m<div>[39m
    [36m<div[39m
      [33mclass[39m=[32m"single-job-view"[39m
    [36m>[39m
      [36m<header[39m
        [33mclass[39m=[32m"job-header"[39m
      [36m>[39m
        [36m<div[39m
          [33mclass[39m=[32m"header-content"[39m
        [36m>[39m
          [36m<div[39m
            [33mclass[39m=[32m"header-left"[39m
          [36m>[39m
            [36m<button[39m
              [33maria-label[39m=[32m"Go back to job list"[39m
              [33mclass[39m=[32m"back-button"[39m
            [36m>[39m
              [36m<svg[39m
                [33mclass[39m=[32m"w-6 h-6"[39m
                [33mfill[39m=[32m"none"[39m
                [33mstroke[39m=[32m"currentColor"[39m
                [33mviewBox[39m=[32m"0 0 24 24"[39m
              [36m>[39m
                [36m<path[39m
                  [33md[39m=[32m"M10 19l-7-7m0 0l7-7m-7 7h18"[39m
                  [33mstroke-linecap[39m=[32m"round"[39m
                  [33mstroke-linejoin[39m=[32m"round"[39m
                  [33mstroke-width[39m=[32m"2"[39m
                [36m/>[39m
              [36m</svg>[39m
            [36m</button>[39m
            [36m<h1[39m
              [33mclass[39m=[32m"job-title-main"[39m
            [36m>[39m
              [0mJob #[0m
              [0m1[0m
            [36m</h1>[39m
          [36m</div>[39m
        [36m</div>[39m
        [36m<div[39m
          [33mclass[39m=[32m"job-title-section"[39m
        [36m>[39m
          [36m<div[39m
            [33mclass[39m=[32m"job-title-static"[39m
          [36m>[39m
            [36m<span[39m
              [33mclass[39m=[32m"job-title-text"[39m
            [36m>[39m
              [0mTest Job[0m
            [36m</span>[39m
          [36m</div>[39m
        [36m</div>[39m
      [36m</header>[39m
      [36m<div[39m
        [33mclass[39m=[32m"tab-navigation"[39m
      [36m>[39m
        [36m<button[39m
          [33mclass[39m=[32m"tab-button active"[39m
          [33mdata-tab[39m=[32m"overview"[39m
        [36m>[39m
          [0mOverview[0m
        [36m</button>[39m
        [36m<button[39m
          [33mclass[39m=[32m"tab-button "[39m
          [33mdata-tab[39m=[32m"images"[39m
        [36m>[39m
          [0mImages[0m
        [36m</button>[39m
      [36m</div>[39m
      [36m<main[39m
        [33mclass[39m=[32m"tab-content-container"[39m
      [36m>[39m
        [36m<div[39m
          [33mclass[39m=[32m"tab-content active"[39m
          [33mid[39m=[32m"overview"[39m
        [36m>[39m
          [36m<div[39m
            [33mclass[39m=[32m"overview-content"[39m
          [36m>[39m
            [36m<div[39m
              [33mclass[39m=[32m"info-grid"[39m
            [36m>[39m
              [36m<div[39m
                [33mclass[39m=[32m"info-card"[39m
              [36m>[39m
                [36m<div[39m
                  [33mclass[39m=[32m"info-label"[39m
                [36m>[39m
                  [0mJob ID[0m
                [36m</div>[39m
                [36m<div[39m
                  [33mclass[39m=[32m"info-value"[39m
                [36m>[39m
                  [0mJOB-[0m
                  [0m1[0m
                [36m</div>[39m
              [36m</div>[39m
              [36m<div[39m
                [33mclass[39m=[32m"info-card"[39m
              [36m>[39m
                [36m<div[39m
                  [33mclass[39m=[32m"info-label"[39m
                [36m>[39m
                  [0mStatus[0m
                [36m</div>[39m
                [36m<div[39m
                  [33mclass[39m=[32m"info-value"[39m
                [36m>[39m
                  [36m<span[39m
                    [33mclass[39m=[32m"inline-flex items-center gap-1 px-2 py-1 rounded-full text-sm font-medium border bg-green-100 text-green-800 border-green-200"[39m
                  [36m>[39m
                    [36m<svg[39m
                      [33maria-hidden[39m=[32m"true"[39m
                      [33mclass[39m=[32m"w-4 h-4"[39m
                      [33mfill[39m=[32m"none"[39m
                      [33mstroke[39m=[32m"currentColor"[39m
                      [33mviewBox[39m=[32m"0 0 24 24"[39m
                    [36m>[39m
                      [36m<path[39m
                        [33md[39m=[32m"M5 13l4 4L19 7"[39m
                        [33mstroke-linecap[39m=[32m"round"[39m
                        [33mstroke-linejoin[39m=[32m"round"[39m
                        [33mstroke-width[39m=[32m"2"[39m
                      [36m/>[39m
                    [36m</svg>[39m
                    [0mCompleted[0m
                  [36m</span>[39m
                [36m</div>[39m
              [36m</div>[39m
              [36m<div[39m
                [33mclass[39m=[32m"info-card"[39m
              [36m>[39m
                [36m<div[39m
                  [33mclass[39m=[32m"info-label"[39m
                [36m>[39m
                  [0mStart Time[0m
                [36m</div>[39m
                [36m<div[39m
                  [33mclass[39m=[32m"info-value"[39m
                [36m>[39m
                  [0m1/1/2024, 12:00:00 PM[0m
                [36m</div>[39m
              [36m</div>[39m
              [36m<div[39m
                [33mclass[39m=[32m"info-card"[39m
              [36m>[39m
                [36m<div[39m
                  [33mclass[39m=[32m"info-label"[39m
                [36m>[39m
                  [0mDuration[0m
                [36m</div>[39m
                [36m<div[39m
                  [33mclass[39m=[32m"info-value"[39m
                [36m>[39m
                  [0m5m[0m
                [36m</div>[39m
              [36m</div>[39m
              [36m<div[39m
                [33mclass[39m=[32m"info-card"[39m
              [36m>[39m
                [36m<div[39m
                  [33mclass[39m=[32m"info-label"[39m
                [36m>[39m
                  [0mSuccess Rate[0m
                [36m</div>[39m
                [36m<div[39m
                  [33mclass[39m=[32m"info-value"[39m
                [36m>[39m
                  [0mN/A[0m
                [36m</div>[39m
              [36m</div>[39m
            [36m</div>[39m
            [36m<h2[39m
              [33mclass[39m=[32m"section-title"[39m
            [36m>[39m
              [0mGenerated Images Summary[0m
            [36m</h2>[39m
            [36m<div[39m
              [33mclass[39m=[32m"stats-grid"[39m
            [36m>[39m
              [36m<div[39m
                [33mclass[39m=[32m"stats-card"[39m
              [36m>[39m
                [36m<div[39m
                  [33mclass[39m=[32m"stats-label"[39m
                [36m>[39m
   ...
   × SingleJobView > Rendering > renders tab navigation 399ms
     → Unable to find an accessible element with the role "tab" and name "Overview"

Here are the accessible roles:

  banner:

  Name "":
  [36m<header[39m
    [33mclass[39m=[32m"job-header"[39m
  [36m/>[39m

  --------------------------------------------------
  button:

  Name "Go back to job list":
  [36m<button[39m
    [33maria-label[39m=[32m"Go back to job list"[39m
    [33mclass[39m=[32m"back-button"[39m
  [36m/>[39m

  Name "Overview":
  [36m<button[39m
    [33mclass[39m=[32m"tab-button active"[39m
    [33mdata-tab[39m=[32m"overview"[39m
  [36m/>[39m

  Name "Images":
  [36m<button[39m
    [33mclass[39m=[32m"tab-button "[39m
    [33mdata-tab[39m=[32m"images"[39m
  [36m/>[39m

  Name "Refresh":
  [36m<button[39m
    [33mclass[39m=[32m"refresh-button"[39m
    [33mtitle[39m=[32m"Refresh job data"[39m
  [36m/>[39m

  Name "Edit":
  [36m<button[39m
    [33mclass[39m=[32m"edit-button"[39m
    [33mtitle[39m=[32m"Edit job settings"[39m
  [36m/>[39m

  Name "Grid View":
  [36m<button[39m
    [33mclass[39m=[32m"view-toggle active"[39m
    [33mtitle[39m=[32m"Grid View"[39m
  [36m/>[39m

  Name "List View":
  [36m<button[39m
    [33mclass[39m=[32m"view-toggle "[39m
    [33mtitle[39m=[32m"List View"[39m
  [36m/>[39m

  Name "Rerun Job":
  [36m<button[39m
    [33mclass[39m=[32m"btn-rerun"[39m
  [36m/>[39m

  Name "Export Job":
  [36m<button[39m
    [33mclass[39m=[32m"btn-export"[39m
  [36m/>[39m

  Name "Delete Job":
  [36m<button[39m
    [33mclass[39m=[32m"btn-delete"[39m
  [36m/>[39m

  --------------------------------------------------
  heading:

  Name "Job #1":
  [36m<h1[39m
    [33mclass[39m=[32m"job-title-main"[39m
  [36m/>[39m

  Name "Generated Images Summary":
  [36m<h2[39m
    [33mclass[39m=[32m"section-title"[39m
  [36m/>[39m

  Name "Settings":
  [36m<h2[39m
    [33mclass[39m=[32m"section-title"[39m
  [36m/>[39m

  Name "Model Configuration":
  [36m<h3 />[39m

  Name "Image Settings":
  [36m<h3 />[39m

  Name "Processing Options":
  [36m<h3 />[39m

  --------------------------------------------------
  main:

  Name "":
  [36m<main[39m
    [33mclass[39m=[32m"tab-content-container"[39m
  [36m/>[39m

  --------------------------------------------------
  combobox:

  Name "":
  [36m<select[39m
    [33mclass[39m=[32m"filter-select"[39m
  [36m/>[39m

  --------------------------------------------------
  option:

  Name "All":
  [36m<option[39m
    [33mvalue[39m=[32m"all"[39m
  [36m/>[39m

  Name "Approved":
  [36m<option[39m
    [33mvalue[39m=[32m"approved"[39m
  [36m/>[39m

  Name "Failed (All)":
  [36m<option[39m
    [33mvalue[39m=[32m"failed_all"[39m
  [36m/>[39m

  Name "Failed – QC":
  [36m<option[39m
    [33mvalue[39m=[32m"failed_qc"[39m
  [36m/>[39m

  Name "Failed – Technical":
  [36m<option[39m
    [33mvalue[39m=[32m"failed_tech"[39m
  [36m/>[39m

  --------------------------------------------------
  img:

  Name "Generated image 1":
  [36m<img[39m
    [33malt[39m=[32m"Generated image 1"[39m
    [33mclass[39m=[32m"w-full h-full object-cover"[39m
    [33msrc[39m=[32m"local-file:///path/to/image1.jpg"[39m
  [36m/>[39m

  Name "Generated image 2":
  [36m<img[39m
    [33malt[39m=[32m"Generated image 2"[39m
    [33mclass[39m=[32m"w-full h-full object-cover"[39m
    [33msrc[39m=[32m"local-file:///path/to/image2.jpg"[39m
  [36m/>[39m

  --------------------------------------------------
  contentinfo:

  Name "":
  [36m<footer[39m
    [33mclass[39m=[32m"job-footer"[39m
  [36m/>[39m

  --------------------------------------------------

Ignored nodes: comments, script, style
[36m<body>[39m
  [36m<div>[39m
    [36m<div[39m
      [33mclass[39m=[32m"single-job-view"[39m
    [36m>[39m
      [36m<header[39m
        [33mclass[39m=[32m"job-header"[39m
      [36m>[39m
        [36m<div[39m
          [33mclass[39m=[32m"header-content"[39m
        [36m>[39m
          [36m<div[39m
            [33mclass[39m=[32m"header-left"[39m
          [36m>[39m
            [36m<button[39m
              [33maria-label[39m=[32m"Go back to job list"[39m
              [33mclass[39m=[32m"back-button"[39m
            [36m>[39m
              [36m<svg[39m
                [33mclass[39m=[32m"w-6 h-6"[39m
                [33mfill[39m=[32m"none"[39m
                [33mstroke[39m=[32m"currentColor"[39m
                [33mviewBox[39m=[32m"0 0 24 24"[39m
              [36m>[39m
                [36m<path[39m
                  [33md[39m=[32m"M10 19l-7-7m0 0l7-7m-7 7h18"[39m
                  [33mstroke-linecap[39m=[32m"round"[39m
                  [33mstroke-linejoin[39m=[32m"round"[39m
                  [33mstroke-width[39m=[32m"2"[39m
                [36m/>[39m
              [36m</svg>[39m
            [36m</button>[39m
            [36m<h1[39m
              [33mclass[39m=[32m"job-title-main"[39m
            [36m>[39m
              [0mJob #[0m
              [0m1[0m
            [36m</h1>[39m
          [36m</div>[39m
        [36m</div>[39m
        [36m<div[39m
          [33mclass[39m=[32m"job-title-section"[39m
        [36m>[39m
          [36m<div[39m
            [33mclass[39m=[32m"job-title-static"[39m
          [36m>[39m
            [36m<span[39m
              [33mclass[39m=[32m"job-title-text"[39m
            [36m>[39m
              [0mTest Job[0m
            [36m</span>[39m
          [36m</div>[39m
        [36m</div>[39m
      [36m</header>[39m
      [36m<div[39m
        [33mclass[39m=[32m"tab-navigation"[39m
      [36m>[39m
        [36m<button[39m
          [33mclass[39m=[32m"tab-button active"[39m
          [33mdata-tab[39m=[32m"overview"[39m
        [36m>[39m
          [0mOverview[0m
        [36m</button>[39m
        [36m<button[39m
          [33mclass[39m=[32m"tab-button "[39m
          [33mdata-tab[39m=[32m"images"[39m
        [36m>[39m
          [0mImages[0m
        [36m</button>[39m
      [36m</div>[39m
      [36m<main[39m
        [33mclass[39m=[32m"tab-content-container"[39m
      [36m>[39m
        [36m<div[39m
          [33mclass[39m=[32m"tab-content active"[39m
          [33mid[39m=[32m"overview"[39m
        [36m>[39m
          [36m<div[39m
            [33mclass[39m=[32m"overview-content"[39m
          [36m>[39m
            [36m<div[39m
              [33mclass[39m=[32m"info-grid"[39m
            [36m>[39m
              [36m<div[39m
                [33mclass[39m=[32m"info-card"[39m
              [36m>[39m
                [36m<div[39m
                  [33mclass[39m=[32m"info-label"[39m
                [36m>[39m
                  [0mJob ID[0m
                [36m</div>[39m
                [36m<div[39m
                  [33mclass[39m=[32m"info-value"[39m
                [36m>[39m
                  [0mJOB-[0m
                  [0m1[0m
                [36m</div>[39m
              [36m</div>[39m
              [36m<div[39m
                [33mclass[39m=[32m"info-card"[39m
              [36m>[39m
                [36m<div[39m
                  [33mclass[39m=[32m"info-label"[39m
                [36m>[39m
                  [0mStatus[0m
                [36m</div>[39m
                [36m<div[39m
                  [33mclass[39m=[32m"info-value"[39m
                [36m>[39m
                  [36m<span[39m
                    [33mclass[39m=[32m"inline-flex items-center gap-1 px-2 py-1 rounded-full text-sm font-medium border bg-green-100 text-green-800 border-green-200"[39m
                  [36m>[39m
                    [36m<svg[39m
                      [33maria-hidden[39m=[32m"true"[39m
                      [33mclass[39m=[32m"w-4 h-4"[39m
                      [33mfill[39m=[32m"none"[39m
                      [33mstroke[39m=[32m"currentColor"[39m
                      [33mviewBox[39m=[32m"0 0 24 24"[39m
                    [36m>[39m
                      [36m<path[39m
                        [33md[39m=[32m"M5 13l4 4L19 7"[39m
                        [33mstroke-linecap[39m=[32m"round"[39m
                        [33mstroke-linejoin[39m=[32m"round"[39m
                        [33mstroke-width[39m=[32m"2"[39m
                      [36m/>[39m
                    [36m</svg>[39m
                    [0mCompleted[0m
                  [36m</span>[39m
                [36m</div>[39m
              [36m</div>[39m
              [36m<div[39m
                [33mclass[39m=[32m"info-card"[39m
              [36m>[39m
                [36m<div[39m
                  [33mclass[39m=[32m"info-label"[39m
                [36m>[39m
                  [0mStart Time[0m
                [36m</div>[39m
                [36m<div[39m
                  [33mclass[39m=[32m"info-value"[39m
                [36m>[39m
                  [0m1/1/2024, 12:00:00 PM[0m
                [36m</div>[39m
              [36m</div>[39m
              [36m<div[39m
                [33mclass[39m=[32m"info-card"[39m
              [36m>[39m
                [36m<div[39m
                  [33mclass[39m=[32m"info-label"[39m
                [36m>[39m
                  [0mDuration[0m
                [36m</div>[39m
                [36m<div[39m
                  [33mclass[39m=[32m"info-value"[39m
                [36m>[39m
                  [0m5m[0m
                [36m</div>[39m
              [36m</div>[39m
              [36m<div[39m
                [33mclass[39m=[32m"info-card"[39m
              [36m>[39m
                [36m<div[39m
                  [33mclass[39m=[32m"info-label"[39m
                [36m>[39m
                  [0mSuccess Rate[0m
                [36m</div>[39m
                [36m<div[39m
                  [33mclass[39m=[32m"info-value"[39m
                [36m>[39m
                  [0mN/A[0m
                [36m</div>[39m
              [36m</div>[39m
            [36m</div>[39m
            [36m<h2[39m
              [33mclass[39m=[32m"section-title"[39m
            [36m>[39m
              [0mGenerated Images Summary[0m
            [36m</h2>[39m
            [36m<div[39m
              [33mclass[39m=[32m"stats-grid"[39m
            [36m>[39m
              [36m<div[39m
                [33mclass[39m=[32m"stats-card"[39m
              [36m>[39m
                [36m<div[39m
                  [33mclass[39m=[32m"stats-label"[39m
                [36m>[39m
   ...
   × SingleJobView > Rendering > shows overview tab by default 56ms
     → Unable to find an element with the text: Job Overview. This could be because the text is broken up by multiple elements. In this case, you can provide a function for your text matcher to make your matcher more flexible.

Ignored nodes: comments, script, style
[36m<body>[39m
  [36m<div>[39m
    [36m<div[39m
      [33mclass[39m=[32m"single-job-view"[39m
    [36m>[39m
      [36m<header[39m
        [33mclass[39m=[32m"job-header"[39m
      [36m>[39m
        [36m<div[39m
          [33mclass[39m=[32m"header-content"[39m
        [36m>[39m
          [36m<div[39m
            [33mclass[39m=[32m"header-left"[39m
          [36m>[39m
            [36m<button[39m
              [33maria-label[39m=[32m"Go back to job list"[39m
              [33mclass[39m=[32m"back-button"[39m
            [36m>[39m
              [36m<svg[39m
                [33mclass[39m=[32m"w-6 h-6"[39m
                [33mfill[39m=[32m"none"[39m
                [33mstroke[39m=[32m"currentColor"[39m
                [33mviewBox[39m=[32m"0 0 24 24"[39m
              [36m>[39m
                [36m<path[39m
                  [33md[39m=[32m"M10 19l-7-7m0 0l7-7m-7 7h18"[39m
                  [33mstroke-linecap[39m=[32m"round"[39m
                  [33mstroke-linejoin[39m=[32m"round"[39m
                  [33mstroke-width[39m=[32m"2"[39m
                [36m/>[39m
              [36m</svg>[39m
            [36m</button>[39m
            [36m<h1[39m
              [33mclass[39m=[32m"job-title-main"[39m
            [36m>[39m
              [0mJob #[0m
              [0m1[0m
            [36m</h1>[39m
          [36m</div>[39m
        [36m</div>[39m
        [36m<div[39m
          [33mclass[39m=[32m"job-title-section"[39m
        [36m>[39m
          [36m<div[39m
            [33mclass[39m=[32m"job-title-static"[39m
          [36m>[39m
            [36m<span[39m
              [33mclass[39m=[32m"job-title-text"[39m
            [36m>[39m
              [0mTest Job[0m
            [36m</span>[39m
          [36m</div>[39m
        [36m</div>[39m
      [36m</header>[39m
      [36m<div[39m
        [33mclass[39m=[32m"tab-navigation"[39m
      [36m>[39m
        [36m<button[39m
          [33mclass[39m=[32m"tab-button active"[39m
          [33mdata-tab[39m=[32m"overview"[39m
        [36m>[39m
          [0mOverview[0m
        [36m</button>[39m
        [36m<button[39m
          [33mclass[39m=[32m"tab-button "[39m
          [33mdata-tab[39m=[32m"images"[39m
        [36m>[39m
          [0mImages[0m
        [36m</button>[39m
      [36m</div>[39m
      [36m<main[39m
        [33mclass[39m=[32m"tab-content-container"[39m
      [36m>[39m
        [36m<div[39m
          [33mclass[39m=[32m"tab-content active"[39m
          [33mid[39m=[32m"overview"[39m
        [36m>[39m
          [36m<div[39m
            [33mclass[39m=[32m"overview-content"[39m
          [36m>[39m
            [36m<div[39m
              [33mclass[39m=[32m"info-grid"[39m
            [36m>[39m
              [36m<div[39m
                [33mclass[39m=[32m"info-card"[39m
              [36m>[39m
                [36m<div[39m
                  [33mclass[39m=[32m"info-label"[39m
                [36m>[39m
                  [0mJob ID[0m
                [36m</div>[39m
                [36m<div[39m
                  [33mclass[39m=[32m"info-value"[39m
                [36m>[39m
                  [0mJOB-[0m
                  [0m1[0m
                [36m</div>[39m
              [36m</div>[39m
              [36m<div[39m
                [33mclass[39m=[32m"info-card"[39m
              [36m>[39m
                [36m<div[39m
                  [33mclass[39m=[32m"info-label"[39m
                [36m>[39m
                  [0mStatus[0m
                [36m</div>[39m
                [36m<div[39m
                  [33mclass[39m=[32m"info-value"[39m
                [36m>[39m
                  [36m<span[39m
                    [33mclass[39m=[32m"inline-flex items-center gap-1 px-2 py-1 rounded-full text-sm font-medium border bg-green-100 text-green-800 border-green-200"[39m
                  [36m>[39m
                    [36m<svg[39m
                      [33maria-hidden[39m=[32m"true"[39m
                      [33mclass[39m=[32m"w-4 h-4"[39m
                      [33mfill[39m=[32m"none"[39m
                      [33mstroke[39m=[32m"currentColor"[39m
                      [33mviewBox[39m=[32m"0 0 24 24"[39m
                    [36m>[39m
                      [36m<path[39m
                        [33md[39m=[32m"M5 13l4 4L19 7"[39m
                        [33mstroke-linecap[39m=[32m"round"[39m
                        [33mstroke-linejoin[39m=[32m"round"[39m
                        [33mstroke-width[39m=[32m"2"[39m
                      [36m/>[39m
                    [36m</svg>[39m
                    [0mCompleted[0m
                  [36m</span>[39m
                [36m</div>[39m
              [36m</div>[39m
              [36m<div[39m
                [33mclass[39m=[32m"info-card"[39m
              [36m>[39m
                [36m<div[39m
                  [33mclass[39m=[32m"info-label"[39m
                [36m>[39m
                  [0mStart Time[0m
                [36m</div>[39m
                [36m<div[39m
                  [33mclass[39m=[32m"info-value"[39m
                [36m>[39m
                  [0m1/1/2024, 12:00:00 PM[0m
                [36m</div>[39m
              [36m</div>[39m
              [36m<div[39m
                [33mclass[39m=[32m"info-card"[39m
              [36m>[39m
                [36m<div[39m
                  [33mclass[39m=[32m"info-label"[39m
                [36m>[39m
                  [0mDuration[0m
                [36m</div>[39m
                [36m<div[39m
                  [33mclass[39m=[32m"info-value"[39m
                [36m>[39m
                  [0m5m[0m
                [36m</div>[39m
              [36m</div>[39m
              [36m<div[39m
                [33mclass[39m=[32m"info-card"[39m
              [36m>[39m
                [36m<div[39m
                  [33mclass[39m=[32m"info-label"[39m
                [36m>[39m
                  [0mSuccess Rate[0m
                [36m</div>[39m
                [36m<div[39m
                  [33mclass[39m=[32m"info-value"[39m
                [36m>[39m
                  [0mN/A[0m
                [36m</div>[39m
              [36m</div>[39m
            [36m</div>[39m
            [36m<h2[39m
              [33mclass[39m=[32m"section-title"[39m
            [36m>[39m
              [0mGenerated Images Summary[0m
            [36m</h2>[39m
            [36m<div[39m
              [33mclass[39m=[32m"stats-grid"[39m
            [36m>[39m
              [36m<div[39m
                [33mclass[39m=[32m"stats-card"[39m
              [36m>[39m
                [36m<div[39m
                  [33mclass[39m=[32m"stats-label"[39m
                [36m>[39m
   ...
   × SingleJobView > Job Information Display > displays job information correctly in overview 1026ms
     → Unable to find role="heading" and name "Test Job"

Ignored nodes: comments, script, style
[36m<body>[39m
  [36m<div>[39m
    [36m<div[39m
      [33mclass[39m=[32m"single-job-view"[39m
    [36m>[39m
      [36m<header[39m
        [33mclass[39m=[32m"job-header"[39m
      [36m>[39m
        [36m<div[39m
          [33mclass[39m=[32m"header-content"[39m
        [36m>[39m
          [36m<div[39m
            [33mclass[39m=[32m"header-left"[39m
          [36m>[39m
            [36m<button[39m
              [33maria-label[39m=[32m"Go back to job list"[39m
              [33mclass[39m=[32m"back-button"[39m
            [36m>[39m
              [36m<svg[39m
                [33mclass[39m=[32m"w-6 h-6"[39m
                [33mfill[39m=[32m"none"[39m
                [33mstroke[39m=[32m"currentColor"[39m
                [33mviewBox[39m=[32m"0 0 24 24"[39m
              [36m>[39m
                [36m<path[39m
                  [33md[39m=[32m"M10 19l-7-7m0 0l7-7m-7 7h18"[39m
                  [33mstroke-linecap[39m=[32m"round"[39m
                  [33mstroke-linejoin[39m=[32m"round"[39m
                  [33mstroke-width[39m=[32m"2"[39m
                [36m/>[39m
              [36m</svg>[39m
            [36m</button>[39m
            [36m<h1[39m
              [33mclass[39m=[32m"job-title-main"[39m
            [36m>[39m
              [0mJob #[0m
              [0m1[0m
            [36m</h1>[39m
          [36m</div>[39m
        [36m</div>[39m
        [36m<div[39m
          [33mclass[39m=[32m"job-title-section"[39m
        [36m>[39m
          [36m<div[39m
            [33mclass[39m=[32m"job-title-static"[39m
          [36m>[39m
            [36m<span[39m
              [33mclass[39m=[32m"job-title-text"[39m
            [36m>[39m
              [0mTest Job[0m
            [36m</span>[39m
          [36m</div>[39m
        [36m</div>[39m
      [36m</header>[39m
      [36m<div[39m
        [33mclass[39m=[32m"tab-navigation"[39m
      [36m>[39m
        [36m<button[39m
          [33mclass[39m=[32m"tab-button active"[39m
          [33mdata-tab[39m=[32m"overview"[39m
        [36m>[39m
          [0mOverview[0m
        [36m</button>[39m
        [36m<button[39m
          [33mclass[39m=[32m"tab-button "[39m
          [33mdata-tab[39m=[32m"images"[39m
        [36m>[39m
          [0mImages[0m
        [36m</button>[39m
      [36m</div>[39m
      [36m<main[39m
        [33mclass[39m=[32m"tab-content-container"[39m
      [36m>[39m
        [36m<div[39m
          [33mclass[39m=[32m"tab-content active"[39m
          [33mid[39m=[32m"overview"[39m
        [36m>[39m
          [36m<div[39m
            [33mclass[39m=[32m"overview-content"[39m
          [36m>[39m
            [36m<div[39m
              [33mclass[39m=[32m"info-grid"[39m
            [36m>[39m
              [36m<div[39m
                [33mclass[39m=[32m"info-card"[39m
              [36m>[39m
                [36m<div[39m
                  [33mclass[39m=[32m"info-label"[39m
                [36m>[39m
                  [0mJob ID[0m
                [36m</div>[39m
                [36m<div[39m
                  [33mclass[39m=[32m"info-value"[39m
                [36m>[39m
                  [0mJOB-[0m
                  [0m1[0m
                [36m</div>[39m
              [36m</div>[39m
              [36m<div[39m
                [33mclass[39m=[32m"info-card"[39m
              [36m>[39m
                [36m<div[39m
                  [33mclass[39m=[32m"info-label"[39m
                [36m>[39m
                  [0mStatus[0m
                [36m</div>[39m
                [36m<div[39m
                  [33mclass[39m=[32m"info-value"[39m
                [36m>[39m
                  [36m<span[39m
                    [33mclass[39m=[32m"inline-flex items-center gap-1 px-2 py-1 rounded-full text-sm font-medium border bg-green-100 text-green-800 border-green-200"[39m
                  [36m>[39m
                    [36m<svg[39m
                      [33maria-hidden[39m=[32m"true"[39m
                      [33mclass[39m=[32m"w-4 h-4"[39m
                      [33mfill[39m=[32m"none"[39m
                      [33mstroke[39m=[32m"currentColor"[39m
                      [33mviewBox[39m=[32m"0 0 24 24"[39m
                    [36m>[39m
                      [36m<path[39m
                        [33md[39m=[32m"M5 13l4 4L19 7"[39m
                        [33mstroke-linecap[39m=[32m"round"[39m
                        [33mstroke-linejoin[39m=[32m"round"[39m
                        [33mstroke-width[39m=[32m"2"[39m
                      [36m/>[39m
                    [36m</svg>[39m
                    [0mCompleted[0m
                  [36m</span>[39m
                [36m</div>[39m
              [36m</div>[39m
              [36m<div[39m
                [33mclass[39m=[32m"info-card"[39m
              [36m>[39m
                [36m<div[39m
                  [33mclass[39m=[32m"info-label"[39m
                [36m>[39m
                  [0mStart Time[0m
                [36m</div>[39m
                [36m<div[39m
                  [33mclass[39m=[32m"info-value"[39m
                [36m>[39m
                  [0m1/1/2024, 12:00:00 PM[0m
                [36m</div>[39m
              [36m</div>[39m
              [36m<div[39m
                [33mclass[39m=[32m"info-card"[39m
              [36m>[39m
                [36m<div[39m
                  [33mclass[39m=[32m"info-label"[39m
                [36m>[39m
                  [0mDuration[0m
                [36m</div>[39m
                [36m<div[39m
                  [33mclass[39m=[32m"info-value"[39m
                [36m>[39m
                  [0m5m[0m
                [36m</div>[39m
              [36m</div>[39m
              [36m<div[39m
                [33mclass[39m=[32m"info-card"[39m
              [36m>[39m
                [36m<div[39m
                  [33mclass[39m=[32m"info-label"[39m
                [36m>[39m
                  [0mSuccess Rate[0m
                [36m</div>[39m
                [36m<div[39m
                  [33mclass[39m=[32m"info-value"[39m
                [36m>[39m
                  [0mN/A[0m
                [36m</div>[39m
              [36m</div>[39m
            [36m</div>[39m
            [36m<h2[39m
              [33mclass[39m=[32m"section-title"[39m
            [36m>[39m
              [0mGenerated Images Summary[0m
            [36m</h2>[39m
            [36m<div[39m
              [33mclass[39m=[32m"stats-grid"[39m
            [36m>[39m
              [36m<div[39m
                [33mclass[39m=[32m"stats-card"[39m
              [36m>[39m
                [36m<div[39m
                  [33mclass[39m=[32m"stats-label"[39m
                [36m>[39m
   ...

Ignored nodes: comments, script, style
[36m<html>[39m
  [36m<head />[39m
  [36m<body>[39m
    [36m<div>[39m
      [36m<div[39m
        [33mclass[39m=[32m"single-job-view"[39m
      [36m>[39m
        [36m<header[39m
          [33mclass[39m=[32m"job-header"[39m
        [36m>[39m
          [36m<div[39m
            [33mclass[39m=[32m"header-content"[39m
          [36m>[39m
            [36m<div[39m
              [33mclass[39m=[32m"header-left"[39m
            [36m>[39m
              [36m<button[39m
                [33maria-label[39m=[32m"Go back to job list"[39m
                [33mclass[39m=[32m"back-button"[39m
              [36m>[39m
                [36m<svg[39m
                  [33mclass[39m=[32m"w-6 h-6"[39m
                  [33mfill[39m=[32m"none"[39m
                  [33mstroke[39m=[32m"currentColor"[39m
                  [33mviewBox[39m=[32m"0 0 24 24"[39m
                [36m>[39m
                  [36m<path[39m
                    [33md[39m=[32m"M10 19l-7-7m0 0l7-7m-7 7h18"[39m
                    [33mstroke-linecap[39m=[32m"round"[39m
                    [33mstroke-linejoin[39m=[32m"round"[39m
                    [33mstroke-width[39m=[32m"2"[39m
                  [36m/>[39m
                [36m</svg>[39m
              [36m</button>[39m
              [36m<h1[39m
                [33mclass[39m=[32m"job-title-main"[39m
              [36m>[39m
                [0mJob #[0m
                [0m1[0m
              [36m</h1>[39m
            [36m</div>[39m
          [36m</div>[39m
          [36m<div[39m
            [33mclass[39m=[32m"job-title-section"[39m
          [36m>[39m
            [36m<div[39m
              [33mclass[39m=[32m"job-title-static"[39m
            [36m>[39m
              [36m<span[39m
                [33mclass[39m=[32m"job-title-text"[39m
              [36m>[39m
                [0mTest Job[0m
              [36m</span>[39m
            [36m</div>[39m
          [36m</div>[39m
        [36m</header>[39m
        [36m<div[39m
          [33mclass[39m=[32m"tab-navigation"[39m
        [36m>[39m
          [36m<button[39m
            [33mclass[39m=[32m"tab-button active"[39m
            [33mdata-tab[39m=[32m"overview"[39m
          [36m>[39m
            [0mOverview[0m
          [36m</button>[39m
          [36m<button[39m
            [33mclass[39m=[32m"tab-button "[39m
            [33mdata-tab[39m=[32m"images"[39m
          [36m>[39m
            [0mImages[0m
          [36m</button>[39m
        [36m</div>[39m
        [36m<main[39m
          [33mclass[39m=[32m"tab-content-container"[39m
        [36m>[39m
          [36m<div[39m
            [33mclass[39m=[32m"tab-content active"[39m
            [33mid[39m=[32m"overview"[39m
          [36m>[39m
            [36m<div[39m
              [33mclass[39m=[32m"overview-content"[39m
            [36m>[39m
              [36m<div[39m
                [33mclass[39m=[32m"info-grid"[39m
              [36m>[39m
                [36m<div[39m
                  [33mclass[39m=[32m"info-card"[39m
                [36m>[39m
                  [36m<div[39m
                    [33mclass[39m=[32m"info-label"[39m
                  [36m>[39m
                    [0mJob ID[0m
                  [36m</div>[39m
                  [36m<div[39m
                    [33mclass[39m=[32m"info-value"[39m
                  [36m>[39m
                    [0mJOB-[0m
                    [0m1[0m
                  [36m</div>[39m
                [36m</div>[39m
                [36m<div[39m
                  [33mclass[39m=[32m"info-card"[39m
                [36m>[39m
                  [36m<div[39m
                    [33mclass[39m=[32m"info-label"[39m
                  [36m>[39m
                    [0mStatus[0m
                  [36m</div>[39m
                  [36m<div[39m
                    [33mclass[39m=[32m"info-value"[39m
                  [36m>[39m
                    [36m<span[39m
                      [33mclass[39m=[32m"inline-flex items-center gap-1 px-2 py-1 rounded-full text-sm font-medium border bg-green-100 text-green-800 border-green-200"[39m
                    [36m>[39m
                      [36m<svg[39m
                        [33maria-hidden[39m=[32m"true"[39m
                        [33mclass[39m=[32m"w-4 h-4"[39m
                        [33mfill[39m=[32m"none"[39m
                        [33mstroke[39m=[32m"currentColor"[39m
                        [33mviewBox[39m=[32m"0 0 24 24"[39m
                      [36m>[39m
                        [36m<path[39m
                          [33md[39m=[32m"M5 13l4 4L19 7"[39m
                          [33mstroke-linecap[39m=[32m"round"[39m
                          [33mstroke-linejoin[39m=[32m"round"[39m
                          [33mstroke-width[39m=[32m"2"[39m
                        [36m/>[39m
                      [36m</svg>[39m
                      [0mCompleted[0m
                    [36m</span>[39m
                  [36m</div>[39m
                [36m</div>[39m
                [36m<div[39m
                  [33mclass[39m=[32m"info-card"[39m
                [36m>[39m
                  [36m<div[39m
                    [33mclass[39m=[32m"info-label"[39m
                  [36m>[39m
                    [0mStart Time[0m
                  [36m</div>[39m
                  [36m<div[39m
                    [33mclass[39m=[32m"info-value"[39m
                  [36m>[39m
                    [0m1/1/2024, 12:00:00 PM[0m
                  [36m</div>[39m
                [36m</div>[39m
                [36m<div[39m
                  [33mclass[39m=[32m"info-card"[39m
                [36m>[39m
                  [36m<div[39m
                    [33mclass[39m=[32m"info-label"[39m
                  [36m>[39m
                    [0mDuration[0m
                  [36m</div>[39m
                  [36m<div[39m
                    [33mclass[39m=[32m"info-value"[39m
                  [36m>[39m
                    [0m5m[0m
                  [36m</div>[39m
                [36m</div>[39m
                [36m<div[39m
                  [33mclass[39m=[32m"info-card"[39m
                [36m>[39m
                  [36m<div[39m
                    [33mclass[39m=[32m"info-label"[39m
                  [36m>[39m
                    [0mSuccess Rate[0m
                  [36m</div>[39m
                  [36m<div[39m
                    [33mclass[39m=[32m"info-value"[39m
                  [36m>[39m
                    [0mN/A[0m
                  [36m</div>[39m
                [36m</div>[39m
              [36m</div>[39m
              [36m<h2[39m
                [33mclass[39m=[32m"section-title"[39m
              [36m>[39m
                [0...
   × SingleJobView > Job Information Display > displays timing information correctly 1012ms
     → Unable to find role="heading" and name "Test Job"

Ignored nodes: comments, script, style
[36m<body>[39m
  [36m<div>[39m
    [36m<div[39m
      [33mclass[39m=[32m"single-job-view"[39m
    [36m>[39m
      [36m<header[39m
        [33mclass[39m=[32m"job-header"[39m
      [36m>[39m
        [36m<div[39m
          [33mclass[39m=[32m"header-content"[39m
        [36m>[39m
          [36m<div[39m
            [33mclass[39m=[32m"header-left"[39m
          [36m>[39m
            [36m<button[39m
              [33maria-label[39m=[32m"Go back to job list"[39m
              [33mclass[39m=[32m"back-button"[39m
            [36m>[39m
              [36m<svg[39m
                [33mclass[39m=[32m"w-6 h-6"[39m
                [33mfill[39m=[32m"none"[39m
                [33mstroke[39m=[32m"currentColor"[39m
                [33mviewBox[39m=[32m"0 0 24 24"[39m
              [36m>[39m
                [36m<path[39m
                  [33md[39m=[32m"M10 19l-7-7m0 0l7-7m-7 7h18"[39m
                  [33mstroke-linecap[39m=[32m"round"[39m
                  [33mstroke-linejoin[39m=[32m"round"[39m
                  [33mstroke-width[39m=[32m"2"[39m
                [36m/>[39m
              [36m</svg>[39m
            [36m</button>[39m
            [36m<h1[39m
              [33mclass[39m=[32m"job-title-main"[39m
            [36m>[39m
              [0mJob #[0m
              [0m1[0m
            [36m</h1>[39m
          [36m</div>[39m
        [36m</div>[39m
        [36m<div[39m
          [33mclass[39m=[32m"job-title-section"[39m
        [36m>[39m
          [36m<div[39m
            [33mclass[39m=[32m"job-title-static"[39m
          [36m>[39m
            [36m<span[39m
              [33mclass[39m=[32m"job-title-text"[39m
            [36m>[39m
              [0mTest Job[0m
            [36m</span>[39m
          [36m</div>[39m
        [36m</div>[39m
      [36m</header>[39m
      [36m<div[39m
        [33mclass[39m=[32m"tab-navigation"[39m
      [36m>[39m
        [36m<button[39m
          [33mclass[39m=[32m"tab-button active"[39m
          [33mdata-tab[39m=[32m"overview"[39m
        [36m>[39m
          [0mOverview[0m
        [36m</button>[39m
        [36m<button[39m
          [33mclass[39m=[32m"tab-button "[39m
          [33mdata-tab[39m=[32m"images"[39m
        [36m>[39m
          [0mImages[0m
        [36m</button>[39m
      [36m</div>[39m
      [36m<main[39m
        [33mclass[39m=[32m"tab-content-container"[39m
      [36m>[39m
        [36m<div[39m
          [33mclass[39m=[32m"tab-content active"[39m
          [33mid[39m=[32m"overview"[39m
        [36m>[39m
          [36m<div[39m
            [33mclass[39m=[32m"overview-content"[39m
          [36m>[39m
            [36m<div[39m
              [33mclass[39m=[32m"info-grid"[39m
            [36m>[39m
              [36m<div[39m
                [33mclass[39m=[32m"info-card"[39m
              [36m>[39m
                [36m<div[39m
                  [33mclass[39m=[32m"info-label"[39m
                [36m>[39m
                  [0mJob ID[0m
                [36m</div>[39m
                [36m<div[39m
                  [33mclass[39m=[32m"info-value"[39m
                [36m>[39m
                  [0mJOB-[0m
                  [0m1[0m
                [36m</div>[39m
              [36m</div>[39m
              [36m<div[39m
                [33mclass[39m=[32m"info-card"[39m
              [36m>[39m
                [36m<div[39m
                  [33mclass[39m=[32m"info-label"[39m
                [36m>[39m
                  [0mStatus[0m
                [36m</div>[39m
                [36m<div[39m
                  [33mclass[39m=[32m"info-value"[39m
                [36m>[39m
                  [36m<span[39m
                    [33mclass[39m=[32m"inline-flex items-center gap-1 px-2 py-1 rounded-full text-sm font-medium border bg-green-100 text-green-800 border-green-200"[39m
                  [36m>[39m
                    [36m<svg[39m
                      [33maria-hidden[39m=[32m"true"[39m
                      [33mclass[39m=[32m"w-4 h-4"[39m
                      [33mfill[39m=[32m"none"[39m
                      [33mstroke[39m=[32m"currentColor"[39m
                      [33mviewBox[39m=[32m"0 0 24 24"[39m
                    [36m>[39m
                      [36m<path[39m
                        [33md[39m=[32m"M5 13l4 4L19 7"[39m
                        [33mstroke-linecap[39m=[32m"round"[39m
                        [33mstroke-linejoin[39m=[32m"round"[39m
                        [33mstroke-width[39m=[32m"2"[39m
                      [36m/>[39m
                    [36m</svg>[39m
                    [0mCompleted[0m
                  [36m</span>[39m
                [36m</div>[39m
              [36m</div>[39m
              [36m<div[39m
                [33mclass[39m=[32m"info-card"[39m
              [36m>[39m
                [36m<div[39m
                  [33mclass[39m=[32m"info-label"[39m
                [36m>[39m
                  [0mStart Time[0m
                [36m</div>[39m
                [36m<div[39m
                  [33mclass[39m=[32m"info-value"[39m
                [36m>[39m
                  [0m1/1/2024, 12:00:00 PM[0m
                [36m</div>[39m
              [36m</div>[39m
              [36m<div[39m
                [33mclass[39m=[32m"info-card"[39m
              [36m>[39m
                [36m<div[39m
                  [33mclass[39m=[32m"info-label"[39m
                [36m>[39m
                  [0mDuration[0m
                [36m</div>[39m
                [36m<div[39m
                  [33mclass[39m=[32m"info-value"[39m
                [36m>[39m
                  [0m5m[0m
                [36m</div>[39m
              [36m</div>[39m
              [36m<div[39m
                [33mclass[39m=[32m"info-card"[39m
              [36m>[39m
                [36m<div[39m
                  [33mclass[39m=[32m"info-label"[39m
                [36m>[39m
                  [0mSuccess Rate[0m
                [36m</div>[39m
                [36m<div[39m
                  [33mclass[39m=[32m"info-value"[39m
                [36m>[39m
                  [0mN/A[0m
                [36m</div>[39m
              [36m</div>[39m
            [36m</div>[39m
            [36m<h2[39m
              [33mclass[39m=[32m"section-title"[39m
            [36m>[39m
              [0mGenerated Images Summary[0m
            [36m</h2>[39m
            [36m<div[39m
              [33mclass[39m=[32m"stats-grid"[39m
            [36m>[39m
              [36m<div[39m
                [33mclass[39m=[32m"stats-card"[39m
              [36m>[39m
                [36m<div[39m
                  [33mclass[39m=[32m"stats-label"[39m
                [36m>[39m
   ...

Ignored nodes: comments, script, style
[36m<html>[39m
  [36m<head />[39m
  [36m<body>[39m
    [36m<div>[39m
      [36m<div[39m
        [33mclass[39m=[32m"single-job-view"[39m
      [36m>[39m
        [36m<header[39m
          [33mclass[39m=[32m"job-header"[39m
        [36m>[39m
          [36m<div[39m
            [33mclass[39m=[32m"header-content"[39m
          [36m>[39m
            [36m<div[39m
              [33mclass[39m=[32m"header-left"[39m
            [36m>[39m
              [36m<button[39m
                [33maria-label[39m=[32m"Go back to job list"[39m
                [33mclass[39m=[32m"back-button"[39m
              [36m>[39m
                [36m<svg[39m
                  [33mclass[39m=[32m"w-6 h-6"[39m
                  [33mfill[39m=[32m"none"[39m
                  [33mstroke[39m=[32m"currentColor"[39m
                  [33mviewBox[39m=[32m"0 0 24 24"[39m
                [36m>[39m
                  [36m<path[39m
                    [33md[39m=[32m"M10 19l-7-7m0 0l7-7m-7 7h18"[39m
                    [33mstroke-linecap[39m=[32m"round"[39m
                    [33mstroke-linejoin[39m=[32m"round"[39m
                    [33mstroke-width[39m=[32m"2"[39m
                  [36m/>[39m
                [36m</svg>[39m
              [36m</button>[39m
              [36m<h1[39m
                [33mclass[39m=[32m"job-title-main"[39m
              [36m>[39m
                [0mJob #[0m
                [0m1[0m
              [36m</h1>[39m
            [36m</div>[39m
          [36m</div>[39m
          [36m<div[39m
            [33mclass[39m=[32m"job-title-section"[39m
          [36m>[39m
            [36m<div[39m
              [33mclass[39m=[32m"job-title-static"[39m
            [36m>[39m
              [36m<span[39m
                [33mclass[39m=[32m"job-title-text"[39m
              [36m>[39m
                [0mTest Job[0m
              [36m</span>[39m
            [36m</div>[39m
          [36m</div>[39m
        [36m</header>[39m
        [36m<div[39m
          [33mclass[39m=[32m"tab-navigation"[39m
        [36m>[39m
          [36m<button[39m
            [33mclass[39m=[32m"tab-button active"[39m
            [33mdata-tab[39m=[32m"overview"[39m
          [36m>[39m
            [0mOverview[0m
          [36m</button>[39m
          [36m<button[39m
            [33mclass[39m=[32m"tab-button "[39m
            [33mdata-tab[39m=[32m"images"[39m
          [36m>[39m
            [0mImages[0m
          [36m</button>[39m
        [36m</div>[39m
        [36m<main[39m
          [33mclass[39m=[32m"tab-content-container"[39m
        [36m>[39m
          [36m<div[39m
            [33mclass[39m=[32m"tab-content active"[39m
            [33mid[39m=[32m"overview"[39m
          [36m>[39m
            [36m<div[39m
              [33mclass[39m=[32m"overview-content"[39m
            [36m>[39m
              [36m<div[39m
                [33mclass[39m=[32m"info-grid"[39m
              [36m>[39m
                [36m<div[39m
                  [33mclass[39m=[32m"info-card"[39m
                [36m>[39m
                  [36m<div[39m
                    [33mclass[39m=[32m"info-label"[39m
                  [36m>[39m
                    [0mJob ID[0m
                  [36m</div>[39m
                  [36m<div[39m
                    [33mclass[39m=[32m"info-value"[39m
                  [36m>[39m
                    [0mJOB-[0m
                    [0m1[0m
                  [36m</div>[39m
                [36m</div>[39m
                [36m<div[39m
                  [33mclass[39m=[32m"info-card"[39m
                [36m>[39m
                  [36m<div[39m
                    [33mclass[39m=[32m"info-label"[39m
                  [36m>[39m
                    [0mStatus[0m
                  [36m</div>[39m
                  [36m<div[39m
                    [33mclass[39m=[32m"info-value"[39m
                  [36m>[39m
                    [36m<span[39m
                      [33mclass[39m=[32m"inline-flex items-center gap-1 px-2 py-1 rounded-full text-sm font-medium border bg-green-100 text-green-800 border-green-200"[39m
                    [36m>[39m
                      [36m<svg[39m
                        [33maria-hidden[39m=[32m"true"[39m
                        [33mclass[39m=[32m"w-4 h-4"[39m
                        [33mfill[39m=[32m"none"[39m
                        [33mstroke[39m=[32m"currentColor"[39m
                        [33mviewBox[39m=[32m"0 0 24 24"[39m
                      [36m>[39m
                        [36m<path[39m
                          [33md[39m=[32m"M5 13l4 4L19 7"[39m
                          [33mstroke-linecap[39m=[32m"round"[39m
                          [33mstroke-linejoin[39m=[32m"round"[39m
                          [33mstroke-width[39m=[32m"2"[39m
                        [36m/>[39m
                      [36m</svg>[39m
                      [0mCompleted[0m
                    [36m</span>[39m
                  [36m</div>[39m
                [36m</div>[39m
                [36m<div[39m
                  [33mclass[39m=[32m"info-card"[39m
                [36m>[39m
                  [36m<div[39m
                    [33mclass[39m=[32m"info-label"[39m
                  [36m>[39m
                    [0mStart Time[0m
                  [36m</div>[39m
                  [36m<div[39m
                    [33mclass[39m=[32m"info-value"[39m
                  [36m>[39m
                    [0m1/1/2024, 12:00:00 PM[0m
                  [36m</div>[39m
                [36m</div>[39m
                [36m<div[39m
                  [33mclass[39m=[32m"info-card"[39m
                [36m>[39m
                  [36m<div[39m
                    [33mclass[39m=[32m"info-label"[39m
                  [36m>[39m
                    [0mDuration[0m
                  [36m</div>[39m
                  [36m<div[39m
                    [33mclass[39m=[32m"info-value"[39m
                  [36m>[39m
                    [0m5m[0m
                  [36m</div>[39m
                [36m</div>[39m
                [36m<div[39m
                  [33mclass[39m=[32m"info-card"[39m
                [36m>[39m
                  [36m<div[39m
                    [33mclass[39m=[32m"info-label"[39m
                  [36m>[39m
                    [0mSuccess Rate[0m
                  [36m</div>[39m
                  [36m<div[39m
                    [33mclass[39m=[32m"info-value"[39m
                  [36m>[39m
                    [0mN/A[0m
                  [36m</div>[39m
                [36m</div>[39m
              [36m</div>[39m
              [36m<h2[39m
                [33mclass[39m=[32m"section-title"[39m
              [36m>[39m
                [0...
   × SingleJobView > Job Information Display > displays image statistics correctly 1014ms
     → Unable to find role="heading" and name "Test Job"

Ignored nodes: comments, script, style
[36m<body>[39m
  [36m<div>[39m
    [36m<div[39m
      [33mclass[39m=[32m"single-job-view"[39m
    [36m>[39m
      [36m<header[39m
        [33mclass[39m=[32m"job-header"[39m
      [36m>[39m
        [36m<div[39m
          [33mclass[39m=[32m"header-content"[39m
        [36m>[39m
          [36m<div[39m
            [33mclass[39m=[32m"header-left"[39m
          [36m>[39m
            [36m<button[39m
              [33maria-label[39m=[32m"Go back to job list"[39m
              [33mclass[39m=[32m"back-button"[39m
            [36m>[39m
              [36m<svg[39m
                [33mclass[39m=[32m"w-6 h-6"[39m
                [33mfill[39m=[32m"none"[39m
                [33mstroke[39m=[32m"currentColor"[39m
                [33mviewBox[39m=[32m"0 0 24 24"[39m
              [36m>[39m
                [36m<path[39m
                  [33md[39m=[32m"M10 19l-7-7m0 0l7-7m-7 7h18"[39m
                  [33mstroke-linecap[39m=[32m"round"[39m
                  [33mstroke-linejoin[39m=[32m"round"[39m
                  [33mstroke-width[39m=[32m"2"[39m
                [36m/>[39m
              [36m</svg>[39m
            [36m</button>[39m
            [36m<h1[39m
              [33mclass[39m=[32m"job-title-main"[39m
            [36m>[39m
              [0mJob #[0m
              [0m1[0m
            [36m</h1>[39m
          [36m</div>[39m
        [36m</div>[39m
        [36m<div[39m
          [33mclass[39m=[32m"job-title-section"[39m
        [36m>[39m
          [36m<div[39m
            [33mclass[39m=[32m"job-title-static"[39m
          [36m>[39m
            [36m<span[39m
              [33mclass[39m=[32m"job-title-text"[39m
            [36m>[39m
              [0mTest Job[0m
            [36m</span>[39m
          [36m</div>[39m
        [36m</div>[39m
      [36m</header>[39m
      [36m<div[39m
        [33mclass[39m=[32m"tab-navigation"[39m
      [36m>[39m
        [36m<button[39m
          [33mclass[39m=[32m"tab-button active"[39m
          [33mdata-tab[39m=[32m"overview"[39m
        [36m>[39m
          [0mOverview[0m
        [36m</button>[39m
        [36m<button[39m
          [33mclass[39m=[32m"tab-button "[39m
          [33mdata-tab[39m=[32m"images"[39m
        [36m>[39m
          [0mImages[0m
        [36m</button>[39m
      [36m</div>[39m
      [36m<main[39m
        [33mclass[39m=[32m"tab-content-container"[39m
      [36m>[39m
        [36m<div[39m
          [33mclass[39m=[32m"tab-content active"[39m
          [33mid[39m=[32m"overview"[39m
        [36m>[39m
          [36m<div[39m
            [33mclass[39m=[32m"overview-content"[39m
          [36m>[39m
            [36m<div[39m
              [33mclass[39m=[32m"info-grid"[39m
            [36m>[39m
              [36m<div[39m
                [33mclass[39m=[32m"info-card"[39m
              [36m>[39m
                [36m<div[39m
                  [33mclass[39m=[32m"info-label"[39m
                [36m>[39m
                  [0mJob ID[0m
                [36m</div>[39m
                [36m<div[39m
                  [33mclass[39m=[32m"info-value"[39m
                [36m>[39m
                  [0mJOB-[0m
                  [0m1[0m
                [36m</div>[39m
              [36m</div>[39m
              [36m<div[39m
                [33mclass[39m=[32m"info-card"[39m
              [36m>[39m
                [36m<div[39m
                  [33mclass[39m=[32m"info-label"[39m
                [36m>[39m
                  [0mStatus[0m
                [36m</div>[39m
                [36m<div[39m
                  [33mclass[39m=[32m"info-value"[39m
                [36m>[39m
                  [36m<span[39m
                    [33mclass[39m=[32m"inline-flex items-center gap-1 px-2 py-1 rounded-full text-sm font-medium border bg-green-100 text-green-800 border-green-200"[39m
                  [36m>[39m
                    [36m<svg[39m
                      [33maria-hidden[39m=[32m"true"[39m
                      [33mclass[39m=[32m"w-4 h-4"[39m
                      [33mfill[39m=[32m"none"[39m
                      [33mstroke[39m=[32m"currentColor"[39m
                      [33mviewBox[39m=[32m"0 0 24 24"[39m
                    [36m>[39m
                      [36m<path[39m
                        [33md[39m=[32m"M5 13l4 4L19 7"[39m
                        [33mstroke-linecap[39m=[32m"round"[39m
                        [33mstroke-linejoin[39m=[32m"round"[39m
                        [33mstroke-width[39m=[32m"2"[39m
                      [36m/>[39m
                    [36m</svg>[39m
                    [0mCompleted[0m
                  [36m</span>[39m
                [36m</div>[39m
              [36m</div>[39m
              [36m<div[39m
                [33mclass[39m=[32m"info-card"[39m
              [36m>[39m
                [36m<div[39m
                  [33mclass[39m=[32m"info-label"[39m
                [36m>[39m
                  [0mStart Time[0m
                [36m</div>[39m
                [36m<div[39m
                  [33mclass[39m=[32m"info-value"[39m
                [36m>[39m
                  [0m1/1/2024, 12:00:00 PM[0m
                [36m</div>[39m
              [36m</div>[39m
              [36m<div[39m
                [33mclass[39m=[32m"info-card"[39m
              [36m>[39m
                [36m<div[39m
                  [33mclass[39m=[32m"info-label"[39m
                [36m>[39m
                  [0mDuration[0m
                [36m</div>[39m
                [36m<div[39m
                  [33mclass[39m=[32m"info-value"[39m
                [36m>[39m
                  [0m5m[0m
                [36m</div>[39m
              [36m</div>[39m
              [36m<div[39m
                [33mclass[39m=[32m"info-card"[39m
              [36m>[39m
                [36m<div[39m
                  [33mclass[39m=[32m"info-label"[39m
                [36m>[39m
                  [0mSuccess Rate[0m
                [36m</div>[39m
                [36m<div[39m
                  [33mclass[39m=[32m"info-value"[39m
                [36m>[39m
                  [0mN/A[0m
                [36m</div>[39m
              [36m</div>[39m
            [36m</div>[39m
            [36m<h2[39m
              [33mclass[39m=[32m"section-title"[39m
            [36m>[39m
              [0mGenerated Images Summary[0m
            [36m</h2>[39m
            [36m<div[39m
              [33mclass[39m=[32m"stats-grid"[39m
            [36m>[39m
              [36m<div[39m
                [33mclass[39m=[32m"stats-card"[39m
              [36m>[39m
                [36m<div[39m
                  [33mclass[39m=[32m"stats-label"[39m
                [36m>[39m
   ...

Ignored nodes: comments, script, style
[36m<html>[39m
  [36m<head />[39m
  [36m<body>[39m
    [36m<div>[39m
      [36m<div[39m
        [33mclass[39m=[32m"single-job-view"[39m
      [36m>[39m
        [36m<header[39m
          [33mclass[39m=[32m"job-header"[39m
        [36m>[39m
          [36m<div[39m
            [33mclass[39m=[32m"header-content"[39m
          [36m>[39m
            [36m<div[39m
              [33mclass[39m=[32m"header-left"[39m
            [36m>[39m
              [36m<button[39m
                [33maria-label[39m=[32m"Go back to job list"[39m
                [33mclass[39m=[32m"back-button"[39m
              [36m>[39m
                [36m<svg[39m
                  [33mclass[39m=[32m"w-6 h-6"[39m
                  [33mfill[39m=[32m"none"[39m
                  [33mstroke[39m=[32m"currentColor"[39m
                  [33mviewBox[39m=[32m"0 0 24 24"[39m
                [36m>[39m
                  [36m<path[39m
                    [33md[39m=[32m"M10 19l-7-7m0 0l7-7m-7 7h18"[39m
                    [33mstroke-linecap[39m=[32m"round"[39m
                    [33mstroke-linejoin[39m=[32m"round"[39m
                    [33mstroke-width[39m=[32m"2"[39m
                  [36m/>[39m
                [36m</svg>[39m
              [36m</button>[39m
              [36m<h1[39m
                [33mclass[39m=[32m"job-title-main"[39m
              [36m>[39m
                [0mJob #[0m
                [0m1[0m
              [36m</h1>[39m
            [36m</div>[39m
          [36m</div>[39m
          [36m<div[39m
            [33mclass[39m=[32m"job-title-section"[39m
          [36m>[39m
            [36m<div[39m
              [33mclass[39m=[32m"job-title-static"[39m
            [36m>[39m
              [36m<span[39m
                [33mclass[39m=[32m"job-title-text"[39m
              [36m>[39m
                [0mTest Job[0m
              [36m</span>[39m
            [36m</div>[39m
          [36m</div>[39m
        [36m</header>[39m
        [36m<div[39m
          [33mclass[39m=[32m"tab-navigation"[39m
        [36m>[39m
          [36m<button[39m
            [33mclass[39m=[32m"tab-button active"[39m
            [33mdata-tab[39m=[32m"overview"[39m
          [36m>[39m
            [0mOverview[0m
          [36m</button>[39m
          [36m<button[39m
            [33mclass[39m=[32m"tab-button "[39m
            [33mdata-tab[39m=[32m"images"[39m
          [36m>[39m
            [0mImages[0m
          [36m</button>[39m
        [36m</div>[39m
        [36m<main[39m
          [33mclass[39m=[32m"tab-content-container"[39m
        [36m>[39m
          [36m<div[39m
            [33mclass[39m=[32m"tab-content active"[39m
            [33mid[39m=[32m"overview"[39m
          [36m>[39m
            [36m<div[39m
              [33mclass[39m=[32m"overview-content"[39m
            [36m>[39m
              [36m<div[39m
                [33mclass[39m=[32m"info-grid"[39m
              [36m>[39m
                [36m<div[39m
                  [33mclass[39m=[32m"info-card"[39m
                [36m>[39m
                  [36m<div[39m
                    [33mclass[39m=[32m"info-label"[39m
                  [36m>[39m
                    [0mJob ID[0m
                  [36m</div>[39m
                  [36m<div[39m
                    [33mclass[39m=[32m"info-value"[39m
                  [36m>[39m
                    [0mJOB-[0m
                    [0m1[0m
                  [36m</div>[39m
                [36m</div>[39m
                [36m<div[39m
                  [33mclass[39m=[32m"info-card"[39m
                [36m>[39m
                  [36m<div[39m
                    [33mclass[39m=[32m"info-label"[39m
                  [36m>[39m
                    [0mStatus[0m
                  [36m</div>[39m
                  [36m<div[39m
                    [33mclass[39m=[32m"info-value"[39m
                  [36m>[39m
                    [36m<span[39m
                      [33mclass[39m=[32m"inline-flex items-center gap-1 px-2 py-1 rounded-full text-sm font-medium border bg-green-100 text-green-800 border-green-200"[39m
                    [36m>[39m
                      [36m<svg[39m
                        [33maria-hidden[39m=[32m"true"[39m
                        [33mclass[39m=[32m"w-4 h-4"[39m
                        [33mfill[39m=[32m"none"[39m
                        [33mstroke[39m=[32m"currentColor"[39m
                        [33mviewBox[39m=[32m"0 0 24 24"[39m
                      [36m>[39m
                        [36m<path[39m
                          [33md[39m=[32m"M5 13l4 4L19 7"[39m
                          [33mstroke-linecap[39m=[32m"round"[39m
                          [33mstroke-linejoin[39m=[32m"round"[39m
                          [33mstroke-width[39m=[32m"2"[39m
                        [36m/>[39m
                      [36m</svg>[39m
                      [0mCompleted[0m
                    [36m</span>[39m
                  [36m</div>[39m
                [36m</div>[39m
                [36m<div[39m
                  [33mclass[39m=[32m"info-card"[39m
                [36m>[39m
                  [36m<div[39m
                    [33mclass[39m=[32m"info-label"[39m
                  [36m>[39m
                    [0mStart Time[0m
                  [36m</div>[39m
                  [36m<div[39m
                    [33mclass[39m=[32m"info-value"[39m
                  [36m>[39m
                    [0m1/1/2024, 12:00:00 PM[0m
                  [36m</div>[39m
                [36m</div>[39m
                [36m<div[39m
                  [33mclass[39m=[32m"info-card"[39m
                [36m>[39m
                  [36m<div[39m
                    [33mclass[39m=[32m"info-label"[39m
                  [36m>[39m
                    [0mDuration[0m
                  [36m</div>[39m
                  [36m<div[39m
                    [33mclass[39m=[32m"info-value"[39m
                  [36m>[39m
                    [0m5m[0m
                  [36m</div>[39m
                [36m</div>[39m
                [36m<div[39m
                  [33mclass[39m=[32m"info-card"[39m
                [36m>[39m
                  [36m<div[39m
                    [33mclass[39m=[32m"info-label"[39m
                  [36m>[39m
                    [0mSuccess Rate[0m
                  [36m</div>[39m
                  [36m<div[39m
                    [33mclass[39m=[32m"info-value"[39m
                  [36m>[39m
                    [0mN/A[0m
                  [36m</div>[39m
                [36m</div>[39m
              [36m</div>[39m
              [36m<h2[39m
                [33mclass[39m=[32m"section-title"[39m
              [36m>[39m
                [0...
   × SingleJobView > Tab Navigation > switches to images tab when clicked 1014ms
     → Unable to find role="heading" and name "Test Job"

Ignored nodes: comments, script, style
[36m<body>[39m
  [36m<div>[39m
    [36m<div[39m
      [33mclass[39m=[32m"single-job-view"[39m
    [36m>[39m
      [36m<header[39m
        [33mclass[39m=[32m"job-header"[39m
      [36m>[39m
        [36m<div[39m
          [33mclass[39m=[32m"header-content"[39m
        [36m>[39m
          [36m<div[39m
            [33mclass[39m=[32m"header-left"[39m
          [36m>[39m
            [36m<button[39m
              [33maria-label[39m=[32m"Go back to job list"[39m
              [33mclass[39m=[32m"back-button"[39m
            [36m>[39m
              [36m<svg[39m
                [33mclass[39m=[32m"w-6 h-6"[39m
                [33mfill[39m=[32m"none"[39m
                [33mstroke[39m=[32m"currentColor"[39m
                [33mviewBox[39m=[32m"0 0 24 24"[39m
              [36m>[39m
                [36m<path[39m
                  [33md[39m=[32m"M10 19l-7-7m0 0l7-7m-7 7h18"[39m
                  [33mstroke-linecap[39m=[32m"round"[39m
                  [33mstroke-linejoin[39m=[32m"round"[39m
                  [33mstroke-width[39m=[32m"2"[39m
                [36m/>[39m
              [36m</svg>[39m
            [36m</button>[39m
            [36m<h1[39m
              [33mclass[39m=[32m"job-title-main"[39m
            [36m>[39m
              [0mJob #[0m
              [0m1[0m
            [36m</h1>[39m
          [36m</div>[39m
        [36m</div>[39m
        [36m<div[39m
          [33mclass[39m=[32m"job-title-section"[39m
        [36m>[39m
          [36m<div[39m
            [33mclass[39m=[32m"job-title-static"[39m
          [36m>[39m
            [36m<span[39m
              [33mclass[39m=[32m"job-title-text"[39m
            [36m>[39m
              [0mTest Job[0m
            [36m</span>[39m
          [36m</div>[39m
        [36m</div>[39m
      [36m</header>[39m
      [36m<div[39m
        [33mclass[39m=[32m"tab-navigation"[39m
      [36m>[39m
        [36m<button[39m
          [33mclass[39m=[32m"tab-button active"[39m
          [33mdata-tab[39m=[32m"overview"[39m
        [36m>[39m
          [0mOverview[0m
        [36m</button>[39m
        [36m<button[39m
          [33mclass[39m=[32m"tab-button "[39m
          [33mdata-tab[39m=[32m"images"[39m
        [36m>[39m
          [0mImages[0m
        [36m</button>[39m
      [36m</div>[39m
      [36m<main[39m
        [33mclass[39m=[32m"tab-content-container"[39m
      [36m>[39m
        [36m<div[39m
          [33mclass[39m=[32m"tab-content active"[39m
          [33mid[39m=[32m"overview"[39m
        [36m>[39m
          [36m<div[39m
            [33mclass[39m=[32m"overview-content"[39m
          [36m>[39m
            [36m<div[39m
              [33mclass[39m=[32m"info-grid"[39m
            [36m>[39m
              [36m<div[39m
                [33mclass[39m=[32m"info-card"[39m
              [36m>[39m
                [36m<div[39m
                  [33mclass[39m=[32m"info-label"[39m
                [36m>[39m
                  [0mJob ID[0m
                [36m</div>[39m
                [36m<div[39m
                  [33mclass[39m=[32m"info-value"[39m
                [36m>[39m
                  [0mJOB-[0m
                  [0m1[0m
                [36m</div>[39m
              [36m</div>[39m
              [36m<div[39m
                [33mclass[39m=[32m"info-card"[39m
              [36m>[39m
                [36m<div[39m
                  [33mclass[39m=[32m"info-label"[39m
                [36m>[39m
                  [0mStatus[0m
                [36m</div>[39m
                [36m<div[39m
                  [33mclass[39m=[32m"info-value"[39m
                [36m>[39m
                  [36m<span[39m
                    [33mclass[39m=[32m"inline-flex items-center gap-1 px-2 py-1 rounded-full text-sm font-medium border bg-green-100 text-green-800 border-green-200"[39m
                  [36m>[39m
                    [36m<svg[39m
                      [33maria-hidden[39m=[32m"true"[39m
                      [33mclass[39m=[32m"w-4 h-4"[39m
                      [33mfill[39m=[32m"none"[39m
                      [33mstroke[39m=[32m"currentColor"[39m
                      [33mviewBox[39m=[32m"0 0 24 24"[39m
                    [36m>[39m
                      [36m<path[39m
                        [33md[39m=[32m"M5 13l4 4L19 7"[39m
                        [33mstroke-linecap[39m=[32m"round"[39m
                        [33mstroke-linejoin[39m=[32m"round"[39m
                        [33mstroke-width[39m=[32m"2"[39m
                      [36m/>[39m
                    [36m</svg>[39m
                    [0mCompleted[0m
                  [36m</span>[39m
                [36m</div>[39m
              [36m</div>[39m
              [36m<div[39m
                [33mclass[39m=[32m"info-card"[39m
              [36m>[39m
                [36m<div[39m
                  [33mclass[39m=[32m"info-label"[39m
                [36m>[39m
                  [0mStart Time[0m
                [36m</div>[39m
                [36m<div[39m
                  [33mclass[39m=[32m"info-value"[39m
                [36m>[39m
                  [0m1/1/2024, 12:00:00 PM[0m
                [36m</div>[39m
              [36m</div>[39m
              [36m<div[39m
                [33mclass[39m=[32m"info-card"[39m
              [36m>[39m
                [36m<div[39m
                  [33mclass[39m=[32m"info-label"[39m
                [36m>[39m
                  [0mDuration[0m
                [36m</div>[39m
                [36m<div[39m
                  [33mclass[39m=[32m"info-value"[39m
                [36m>[39m
                  [0m5m[0m
                [36m</div>[39m
              [36m</div>[39m
              [36m<div[39m
                [33mclass[39m=[32m"info-card"[39m
              [36m>[39m
                [36m<div[39m
                  [33mclass[39m=[32m"info-label"[39m
                [36m>[39m
                  [0mSuccess Rate[0m
                [36m</div>[39m
                [36m<div[39m
                  [33mclass[39m=[32m"info-value"[39m
                [36m>[39m
                  [0mN/A[0m
                [36m</div>[39m
              [36m</div>[39m
            [36m</div>[39m
            [36m<h2[39m
              [33mclass[39m=[32m"section-title"[39m
            [36m>[39m
              [0mGenerated Images Summary[0m
            [36m</h2>[39m
            [36m<div[39m
              [33mclass[39m=[32m"stats-grid"[39m
            [36m>[39m
              [36m<div[39m
                [33mclass[39m=[32m"stats-card"[39m
              [36m>[39m
                [36m<div[39m
                  [33mclass[39m=[32m"stats-label"[39m
                [36m>[39m
   ...

Ignored nodes: comments, script, style
[36m<html>[39m
  [36m<head />[39m
  [36m<body>[39m
    [36m<div>[39m
      [36m<div[39m
        [33mclass[39m=[32m"single-job-view"[39m
      [36m>[39m
        [36m<header[39m
          [33mclass[39m=[32m"job-header"[39m
        [36m>[39m
          [36m<div[39m
            [33mclass[39m=[32m"header-content"[39m
          [36m>[39m
            [36m<div[39m
              [33mclass[39m=[32m"header-left"[39m
            [36m>[39m
              [36m<button[39m
                [33maria-label[39m=[32m"Go back to job list"[39m
                [33mclass[39m=[32m"back-button"[39m
              [36m>[39m
                [36m<svg[39m
                  [33mclass[39m=[32m"w-6 h-6"[39m
                  [33mfill[39m=[32m"none"[39m
                  [33mstroke[39m=[32m"currentColor"[39m
                  [33mviewBox[39m=[32m"0 0 24 24"[39m
                [36m>[39m
                  [36m<path[39m
                    [33md[39m=[32m"M10 19l-7-7m0 0l7-7m-7 7h18"[39m
                    [33mstroke-linecap[39m=[32m"round"[39m
                    [33mstroke-linejoin[39m=[32m"round"[39m
                    [33mstroke-width[39m=[32m"2"[39m
                  [36m/>[39m
                [36m</svg>[39m
              [36m</button>[39m
              [36m<h1[39m
                [33mclass[39m=[32m"job-title-main"[39m
              [36m>[39m
                [0mJob #[0m
                [0m1[0m
              [36m</h1>[39m
            [36m</div>[39m
          [36m</div>[39m
          [36m<div[39m
            [33mclass[39m=[32m"job-title-section"[39m
          [36m>[39m
            [36m<div[39m
              [33mclass[39m=[32m"job-title-static"[39m
            [36m>[39m
              [36m<span[39m
                [33mclass[39m=[32m"job-title-text"[39m
              [36m>[39m
                [0mTest Job[0m
              [36m</span>[39m
            [36m</div>[39m
          [36m</div>[39m
        [36m</header>[39m
        [36m<div[39m
          [33mclass[39m=[32m"tab-navigation"[39m
        [36m>[39m
          [36m<button[39m
            [33mclass[39m=[32m"tab-button active"[39m
            [33mdata-tab[39m=[32m"overview"[39m
          [36m>[39m
            [0mOverview[0m
          [36m</button>[39m
          [36m<button[39m
            [33mclass[39m=[32m"tab-button "[39m
            [33mdata-tab[39m=[32m"images"[39m
          [36m>[39m
            [0mImages[0m
          [36m</button>[39m
        [36m</div>[39m
        [36m<main[39m
          [33mclass[39m=[32m"tab-content-container"[39m
        [36m>[39m
          [36m<div[39m
            [33mclass[39m=[32m"tab-content active"[39m
            [33mid[39m=[32m"overview"[39m
          [36m>[39m
            [36m<div[39m
              [33mclass[39m=[32m"overview-content"[39m
            [36m>[39m
              [36m<div[39m
                [33mclass[39m=[32m"info-grid"[39m
              [36m>[39m
                [36m<div[39m
                  [33mclass[39m=[32m"info-card"[39m
                [36m>[39m
                  [36m<div[39m
                    [33mclass[39m=[32m"info-label"[39m
                  [36m>[39m
                    [0mJob ID[0m
                  [36m</div>[39m
                  [36m<div[39m
                    [33mclass[39m=[32m"info-value"[39m
                  [36m>[39m
                    [0mJOB-[0m
                    [0m1[0m
                  [36m</div>[39m
                [36m</div>[39m
                [36m<div[39m
                  [33mclass[39m=[32m"info-card"[39m
                [36m>[39m
                  [36m<div[39m
                    [33mclass[39m=[32m"info-label"[39m
                  [36m>[39m
                    [0mStatus[0m
                  [36m</div>[39m
                  [36m<div[39m
                    [33mclass[39m=[32m"info-value"[39m
                  [36m>[39m
                    [36m<span[39m
                      [33mclass[39m=[32m"inline-flex items-center gap-1 px-2 py-1 rounded-full text-sm font-medium border bg-green-100 text-green-800 border-green-200"[39m
                    [36m>[39m
                      [36m<svg[39m
                        [33maria-hidden[39m=[32m"true"[39m
                        [33mclass[39m=[32m"w-4 h-4"[39m
                        [33mfill[39m=[32m"none"[39m
                        [33mstroke[39m=[32m"currentColor"[39m
                        [33mviewBox[39m=[32m"0 0 24 24"[39m
                      [36m>[39m
                        [36m<path[39m
                          [33md[39m=[32m"M5 13l4 4L19 7"[39m
                          [33mstroke-linecap[39m=[32m"round"[39m
                          [33mstroke-linejoin[39m=[32m"round"[39m
                          [33mstroke-width[39m=[32m"2"[39m
                        [36m/>[39m
                      [36m</svg>[39m
                      [0mCompleted[0m
                    [36m</span>[39m
                  [36m</div>[39m
                [36m</div>[39m
                [36m<div[39m
                  [33mclass[39m=[32m"info-card"[39m
                [36m>[39m
                  [36m<div[39m
                    [33mclass[39m=[32m"info-label"[39m
                  [36m>[39m
                    [0mStart Time[0m
                  [36m</div>[39m
                  [36m<div[39m
                    [33mclass[39m=[32m"info-value"[39m
                  [36m>[39m
                    [0m1/1/2024, 12:00:00 PM[0m
                  [36m</div>[39m
                [36m</div>[39m
                [36m<div[39m
                  [33mclass[39m=[32m"info-card"[39m
                [36m>[39m
                  [36m<div[39m
                    [33mclass[39m=[32m"info-label"[39m
                  [36m>[39m
                    [0mDuration[0m
                  [36m</div>[39m
                  [36m<div[39m
                    [33mclass[39m=[32m"info-value"[39m
                  [36m>[39m
                    [0m5m[0m
                  [36m</div>[39m
                [36m</div>[39m
                [36m<div[39m
                  [33mclass[39m=[32m"info-card"[39m
                [36m>[39m
                  [36m<div[39m
                    [33mclass[39m=[32m"info-label"[39m
                  [36m>[39m
                    [0mSuccess Rate[0m
                  [36m</div>[39m
                  [36m<div[39m
                    [33mclass[39m=[32m"info-value"[39m
                  [36m>[39m
                    [0mN/A[0m
                  [36m</div>[39m
                [36m</div>[39m
              [36m</div>[39m
              [36m<h2[39m
                [33mclass[39m=[32m"section-title"[39m
              [36m>[39m
                [0...
   × SingleJobView > Tab Navigation > switches to logs tab when clicked 311ms
     → Unable to find an accessible element with the role "button" and name "Logs"

Here are the accessible roles:

  banner:

  Name "":
  [36m<header[39m
    [33mclass[39m=[32m"job-header"[39m
  [36m/>[39m

  --------------------------------------------------
  button:

  Name "Go back to job list":
  [36m<button[39m
    [33maria-label[39m=[32m"Go back to job list"[39m
    [33mclass[39m=[32m"back-button"[39m
  [36m/>[39m

  Name "Overview":
  [36m<button[39m
    [33mclass[39m=[32m"tab-button active"[39m
    [33mdata-tab[39m=[32m"overview"[39m
  [36m/>[39m

  Name "Images":
  [36m<button[39m
    [33mclass[39m=[32m"tab-button "[39m
    [33mdata-tab[39m=[32m"images"[39m
  [36m/>[39m

  Name "Refresh":
  [36m<button[39m
    [33mclass[39m=[32m"refresh-button"[39m
    [33mtitle[39m=[32m"Refresh job data"[39m
  [36m/>[39m

  Name "Edit":
  [36m<button[39m
    [33mclass[39m=[32m"edit-button"[39m
    [33mtitle[39m=[32m"Edit job settings"[39m
  [36m/>[39m

  Name "Grid View":
  [36m<button[39m
    [33mclass[39m=[32m"view-toggle active"[39m
    [33mtitle[39m=[32m"Grid View"[39m
  [36m/>[39m

  Name "List View":
  [36m<button[39m
    [33mclass[39m=[32m"view-toggle "[39m
    [33mtitle[39m=[32m"List View"[39m
  [36m/>[39m

  Name "Rerun Job":
  [36m<button[39m
    [33mclass[39m=[32m"btn-rerun"[39m
  [36m/>[39m

  Name "Export Job":
  [36m<button[39m
    [33mclass[39m=[32m"btn-export"[39m
  [36m/>[39m

  Name "Delete Job":
  [36m<button[39m
    [33mclass[39m=[32m"btn-delete"[39m
  [36m/>[39m

  --------------------------------------------------
  heading:

  Name "Job #1":
  [36m<h1[39m
    [33mclass[39m=[32m"job-title-main"[39m
  [36m/>[39m

  Name "Generated Images Summary":
  [36m<h2[39m
    [33mclass[39m=[32m"section-title"[39m
  [36m/>[39m

  Name "Settings":
  [36m<h2[39m
    [33mclass[39m=[32m"section-title"[39m
  [36m/>[39m

  Name "Model Configuration":
  [36m<h3 />[39m

  Name "Image Settings":
  [36m<h3 />[39m

  Name "Processing Options":
  [36m<h3 />[39m

  --------------------------------------------------
  main:

  Name "":
  [36m<main[39m
    [33mclass[39m=[32m"tab-content-container"[39m
  [36m/>[39m

  --------------------------------------------------
  combobox:

  Name "":
  [36m<select[39m
    [33mclass[39m=[32m"filter-select"[39m
  [36m/>[39m

  --------------------------------------------------
  option:

  Name "All":
  [36m<option[39m
    [33mvalue[39m=[32m"all"[39m
  [36m/>[39m

  Name "Approved":
  [36m<option[39m
    [33mvalue[39m=[32m"approved"[39m
  [36m/>[39m

  Name "Failed (All)":
  [36m<option[39m
    [33mvalue[39m=[32m"failed_all"[39m
  [36m/>[39m

  Name "Failed – QC":
  [36m<option[39m
    [33mvalue[39m=[32m"failed_qc"[39m
  [36m/>[39m

  Name "Failed – Technical":
  [36m<option[39m
    [33mvalue[39m=[32m"failed_tech"[39m
  [36m/>[39m

  --------------------------------------------------
  img:

  Name "Generated image 1":
  [36m<img[39m
    [33malt[39m=[32m"Generated image 1"[39m
    [33mclass[39m=[32m"w-full h-full object-cover"[39m
    [33msrc[39m=[32m"local-file:///path/to/image1.jpg"[39m
  [36m/>[39m

  Name "Generated image 2":
  [36m<img[39m
    [33malt[39m=[32m"Generated image 2"[39m
    [33mclass[39m=[32m"w-full h-full object-cover"[39m
    [33msrc[39m=[32m"local-file:///path/to/image2.jpg"[39m
  [36m/>[39m

  --------------------------------------------------
  contentinfo:

  Name "":
  [36m<footer[39m
    [33mclass[39m=[32m"job-footer"[39m
  [36m/>[39m

  --------------------------------------------------

Ignored nodes: comments, script, style
[36m<body>[39m
  [36m<div>[39m
    [36m<div[39m
      [33mclass[39m=[32m"single-job-view"[39m
    [36m>[39m
      [36m<header[39m
        [33mclass[39m=[32m"job-header"[39m
      [36m>[39m
        [36m<div[39m
          [33mclass[39m=[32m"header-content"[39m
        [36m>[39m
          [36m<div[39m
            [33mclass[39m=[32m"header-left"[39m
          [36m>[39m
            [36m<button[39m
              [33maria-label[39m=[32m"Go back to job list"[39m
              [33mclass[39m=[32m"back-button"[39m
            [36m>[39m
              [36m<svg[39m
                [33mclass[39m=[32m"w-6 h-6"[39m
                [33mfill[39m=[32m"none"[39m
                [33mstroke[39m=[32m"currentColor"[39m
                [33mviewBox[39m=[32m"0 0 24 24"[39m
              [36m>[39m
                [36m<path[39m
                  [33md[39m=[32m"M10 19l-7-7m0 0l7-7m-7 7h18"[39m
                  [33mstroke-linecap[39m=[32m"round"[39m
                  [33mstroke-linejoin[39m=[32m"round"[39m
                  [33mstroke-width[39m=[32m"2"[39m
                [36m/>[39m
              [36m</svg>[39m
            [36m</button>[39m
            [36m<h1[39m
              [33mclass[39m=[32m"job-title-main"[39m
            [36m>[39m
              [0mJob #[0m
              [0m1[0m
            [36m</h1>[39m
          [36m</div>[39m
        [36m</div>[39m
        [36m<div[39m
          [33mclass[39m=[32m"job-title-section"[39m
        [36m>[39m
          [36m<div[39m
            [33mclass[39m=[32m"job-title-static"[39m
          [36m>[39m
            [36m<span[39m
              [33mclass[39m=[32m"job-title-text"[39m
            [36m>[39m
              [0mTest Job[0m
            [36m</span>[39m
          [36m</div>[39m
        [36m</div>[39m
      [36m</header>[39m
      [36m<div[39m
        [33mclass[39m=[32m"tab-navigation"[39m
      [36m>[39m
        [36m<button[39m
          [33mclass[39m=[32m"tab-button active"[39m
          [33mdata-tab[39m=[32m"overview"[39m
        [36m>[39m
          [0mOverview[0m
        [36m</button>[39m
        [36m<button[39m
          [33mclass[39m=[32m"tab-button "[39m
          [33mdata-tab[39m=[32m"images"[39m
        [36m>[39m
          [0mImages[0m
        [36m</button>[39m
      [36m</div>[39m
      [36m<main[39m
        [33mclass[39m=[32m"tab-content-container"[39m
      [36m>[39m
        [36m<div[39m
          [33mclass[39m=[32m"tab-content active"[39m
          [33mid[39m=[32m"overview"[39m
        [36m>[39m
          [36m<div[39m
            [33mclass[39m=[32m"overview-content"[39m
          [36m>[39m
            [36m<div[39m
              [33mclass[39m=[32m"info-grid"[39m
            [36m>[39m
              [36m<div[39m
                [33mclass[39m=[32m"info-card"[39m
              [36m>[39m
                [36m<div[39m
                  [33mclass[39m=[32m"info-label"[39m
                [36m>[39m
                  [0mJob ID[0m
                [36m</div>[39m
                [36m<div[39m
                  [33mclass[39m=[32m"info-value"[39m
                [36m>[39m
                  [0mJOB-[0m
                  [0m1[0m
                [36m</div>[39m
              [36m</div>[39m
              [36m<div[39m
                [33mclass[39m=[32m"info-card"[39m
              [36m>[39m
                [36m<div[39m
                  [33mclass[39m=[32m"info-label"[39m
                [36m>[39m
                  [0mStatus[0m
                [36m</div>[39m
                [36m<div[39m
                  [33mclass[39m=[32m"info-value"[39m
                [36m>[39m
                  [36m<span[39m
                    [33mclass[39m=[32m"inline-flex items-center gap-1 px-2 py-1 rounded-full text-sm font-medium border bg-green-100 text-green-800 border-green-200"[39m
                  [36m>[39m
                    [36m<svg[39m
                      [33maria-hidden[39m=[32m"true"[39m
                      [33mclass[39m=[32m"w-4 h-4"[39m
                      [33mfill[39m=[32m"none"[39m
                      [33mstroke[39m=[32m"currentColor"[39m
                      [33mviewBox[39m=[32m"0 0 24 24"[39m
                    [36m>[39m
                      [36m<path[39m
                        [33md[39m=[32m"M5 13l4 4L19 7"[39m
                        [33mstroke-linecap[39m=[32m"round"[39m
                        [33mstroke-linejoin[39m=[32m"round"[39m
                        [33mstroke-width[39m=[32m"2"[39m
                      [36m/>[39m
                    [36m</svg>[39m
                    [0mCompleted[0m
                  [36m</span>[39m
                [36m</div>[39m
              [36m</div>[39m
              [36m<div[39m
                [33mclass[39m=[32m"info-card"[39m
              [36m>[39m
                [36m<div[39m
                  [33mclass[39m=[32m"info-label"[39m
                [36m>[39m
                  [0mStart Time[0m
                [36m</div>[39m
                [36m<div[39m
                  [33mclass[39m=[32m"info-value"[39m
                [36m>[39m
                  [0m1/1/2024, 12:00:00 PM[0m
                [36m</div>[39m
              [36m</div>[39m
              [36m<div[39m
                [33mclass[39m=[32m"info-card"[39m
              [36m>[39m
                [36m<div[39m
                  [33mclass[39m=[32m"info-label"[39m
                [36m>[39m
                  [0mDuration[0m
                [36m</div>[39m
                [36m<div[39m
                  [33mclass[39m=[32m"info-value"[39m
                [36m>[39m
                  [0m5m[0m
                [36m</div>[39m
              [36m</div>[39m
              [36m<div[39m
                [33mclass[39m=[32m"info-card"[39m
              [36m>[39m
                [36m<div[39m
                  [33mclass[39m=[32m"info-label"[39m
                [36m>[39m
                  [0mSuccess Rate[0m
                [36m</div>[39m
                [36m<div[39m
                  [33mclass[39m=[32m"info-value"[39m
                [36m>[39m
                  [0mN/A[0m
                [36m</div>[39m
              [36m</div>[39m
            [36m</div>[39m
            [36m<h2[39m
              [33mclass[39m=[32m"section-title"[39m
            [36m>[39m
              [0mGenerated Images Summary[0m
            [36m</h2>[39m
            [36m<div[39m
              [33mclass[39m=[32m"stats-grid"[39m
            [36m>[39m
              [36m<div[39m
                [33mclass[39m=[32m"stats-card"[39m
              [36m>[39m
                [36m<div[39m
                  [33mclass[39m=[32m"stats-label"[39m
                [36m>[39m
   ...
   × SingleJobView > Tab Navigation > handles tab navigation with keyboard 1011ms
     → Unable to find role="heading" and name "Test Job"

Ignored nodes: comments, script, style
[36m<body>[39m
  [36m<div>[39m
    [36m<div[39m
      [33mclass[39m=[32m"single-job-view"[39m
    [36m>[39m
      [36m<header[39m
        [33mclass[39m=[32m"job-header"[39m
      [36m>[39m
        [36m<div[39m
          [33mclass[39m=[32m"header-content"[39m
        [36m>[39m
          [36m<div[39m
            [33mclass[39m=[32m"header-left"[39m
          [36m>[39m
            [36m<button[39m
              [33maria-label[39m=[32m"Go back to job list"[39m
              [33mclass[39m=[32m"back-button"[39m
            [36m>[39m
              [36m<svg[39m
                [33mclass[39m=[32m"w-6 h-6"[39m
                [33mfill[39m=[32m"none"[39m
                [33mstroke[39m=[32m"currentColor"[39m
                [33mviewBox[39m=[32m"0 0 24 24"[39m
              [36m>[39m
                [36m<path[39m
                  [33md[39m=[32m"M10 19l-7-7m0 0l7-7m-7 7h18"[39m
                  [33mstroke-linecap[39m=[32m"round"[39m
                  [33mstroke-linejoin[39m=[32m"round"[39m
                  [33mstroke-width[39m=[32m"2"[39m
                [36m/>[39m
              [36m</svg>[39m
            [36m</button>[39m
            [36m<h1[39m
              [33mclass[39m=[32m"job-title-main"[39m
            [36m>[39m
              [0mJob #[0m
              [0m1[0m
            [36m</h1>[39m
          [36m</div>[39m
        [36m</div>[39m
        [36m<div[39m
          [33mclass[39m=[32m"job-title-section"[39m
        [36m>[39m
          [36m<div[39m
            [33mclass[39m=[32m"job-title-static"[39m
          [36m>[39m
            [36m<span[39m
              [33mclass[39m=[32m"job-title-text"[39m
            [36m>[39m
              [0mTest Job[0m
            [36m</span>[39m
          [36m</div>[39m
        [36m</div>[39m
      [36m</header>[39m
      [36m<div[39m
        [33mclass[39m=[32m"tab-navigation"[39m
      [36m>[39m
        [36m<button[39m
          [33mclass[39m=[32m"tab-button active"[39m
          [33mdata-tab[39m=[32m"overview"[39m
        [36m>[39m
          [0mOverview[0m
        [36m</button>[39m
        [36m<button[39m
          [33mclass[39m=[32m"tab-button "[39m
          [33mdata-tab[39m=[32m"images"[39m
        [36m>[39m
          [0mImages[0m
        [36m</button>[39m
      [36m</div>[39m
      [36m<main[39m
        [33mclass[39m=[32m"tab-content-container"[39m
      [36m>[39m
        [36m<div[39m
          [33mclass[39m=[32m"tab-content active"[39m
          [33mid[39m=[32m"overview"[39m
        [36m>[39m
          [36m<div[39m
            [33mclass[39m=[32m"overview-content"[39m
          [36m>[39m
            [36m<div[39m
              [33mclass[39m=[32m"info-grid"[39m
            [36m>[39m
              [36m<div[39m
                [33mclass[39m=[32m"info-card"[39m
              [36m>[39m
                [36m<div[39m
                  [33mclass[39m=[32m"info-label"[39m
                [36m>[39m
                  [0mJob ID[0m
                [36m</div>[39m
                [36m<div[39m
                  [33mclass[39m=[32m"info-value"[39m
                [36m>[39m
                  [0mJOB-[0m
                  [0m1[0m
                [36m</div>[39m
              [36m</div>[39m
              [36m<div[39m
                [33mclass[39m=[32m"info-card"[39m
              [36m>[39m
                [36m<div[39m
                  [33mclass[39m=[32m"info-label"[39m
                [36m>[39m
                  [0mStatus[0m
                [36m</div>[39m
                [36m<div[39m
                  [33mclass[39m=[32m"info-value"[39m
                [36m>[39m
                  [36m<span[39m
                    [33mclass[39m=[32m"inline-flex items-center gap-1 px-2 py-1 rounded-full text-sm font-medium border bg-green-100 text-green-800 border-green-200"[39m
                  [36m>[39m
                    [36m<svg[39m
                      [33maria-hidden[39m=[32m"true"[39m
                      [33mclass[39m=[32m"w-4 h-4"[39m
                      [33mfill[39m=[32m"none"[39m
                      [33mstroke[39m=[32m"currentColor"[39m
                      [33mviewBox[39m=[32m"0 0 24 24"[39m
                    [36m>[39m
                      [36m<path[39m
                        [33md[39m=[32m"M5 13l4 4L19 7"[39m
                        [33mstroke-linecap[39m=[32m"round"[39m
                        [33mstroke-linejoin[39m=[32m"round"[39m
                        [33mstroke-width[39m=[32m"2"[39m
                      [36m/>[39m
                    [36m</svg>[39m
                    [0mCompleted[0m
                  [36m</span>[39m
                [36m</div>[39m
              [36m</div>[39m
              [36m<div[39m
                [33mclass[39m=[32m"info-card"[39m
              [36m>[39m
                [36m<div[39m
                  [33mclass[39m=[32m"info-label"[39m
                [36m>[39m
                  [0mStart Time[0m
                [36m</div>[39m
                [36m<div[39m
                  [33mclass[39m=[32m"info-value"[39m
                [36m>[39m
                  [0m1/1/2024, 12:00:00 PM[0m
                [36m</div>[39m
              [36m</div>[39m
              [36m<div[39m
                [33mclass[39m=[32m"info-card"[39m
              [36m>[39m
                [36m<div[39m
                  [33mclass[39m=[32m"info-label"[39m
                [36m>[39m
                  [0mDuration[0m
                [36m</div>[39m
                [36m<div[39m
                  [33mclass[39m=[32m"info-value"[39m
                [36m>[39m
                  [0m5m[0m
                [36m</div>[39m
              [36m</div>[39m
              [36m<div[39m
                [33mclass[39m=[32m"info-card"[39m
              [36m>[39m
                [36m<div[39m
                  [33mclass[39m=[32m"info-label"[39m
                [36m>[39m
                  [0mSuccess Rate[0m
                [36m</div>[39m
                [36m<div[39m
                  [33mclass[39m=[32m"info-value"[39m
                [36m>[39m
                  [0mN/A[0m
                [36m</div>[39m
              [36m</div>[39m
            [36m</div>[39m
            [36m<h2[39m
              [33mclass[39m=[32m"section-title"[39m
            [36m>[39m
              [0mGenerated Images Summary[0m
            [36m</h2>[39m
            [36m<div[39m
              [33mclass[39m=[32m"stats-grid"[39m
            [36m>[39m
              [36m<div[39m
                [33mclass[39m=[32m"stats-card"[39m
              [36m>[39m
                [36m<div[39m
                  [33mclass[39m=[32m"stats-label"[39m
                [36m>[39m
   ...

Ignored nodes: comments, script, style
[36m<html>[39m
  [36m<head />[39m
  [36m<body>[39m
    [36m<div>[39m
      [36m<div[39m
        [33mclass[39m=[32m"single-job-view"[39m
      [36m>[39m
        [36m<header[39m
          [33mclass[39m=[32m"job-header"[39m
        [36m>[39m
          [36m<div[39m
            [33mclass[39m=[32m"header-content"[39m
          [36m>[39m
            [36m<div[39m
              [33mclass[39m=[32m"header-left"[39m
            [36m>[39m
              [36m<button[39m
                [33maria-label[39m=[32m"Go back to job list"[39m
                [33mclass[39m=[32m"back-button"[39m
              [36m>[39m
                [36m<svg[39m
                  [33mclass[39m=[32m"w-6 h-6"[39m
                  [33mfill[39m=[32m"none"[39m
                  [33mstroke[39m=[32m"currentColor"[39m
                  [33mviewBox[39m=[32m"0 0 24 24"[39m
                [36m>[39m
                  [36m<path[39m
                    [33md[39m=[32m"M10 19l-7-7m0 0l7-7m-7 7h18"[39m
                    [33mstroke-linecap[39m=[32m"round"[39m
                    [33mstroke-linejoin[39m=[32m"round"[39m
                    [33mstroke-width[39m=[32m"2"[39m
                  [36m/>[39m
                [36m</svg>[39m
              [36m</button>[39m
              [36m<h1[39m
                [33mclass[39m=[32m"job-title-main"[39m
              [36m>[39m
                [0mJob #[0m
                [0m1[0m
              [36m</h1>[39m
            [36m</div>[39m
          [36m</div>[39m
          [36m<div[39m
            [33mclass[39m=[32m"job-title-section"[39m
          [36m>[39m
            [36m<div[39m
              [33mclass[39m=[32m"job-title-static"[39m
            [36m>[39m
              [36m<span[39m
                [33mclass[39m=[32m"job-title-text"[39m
              [36m>[39m
                [0mTest Job[0m
              [36m</span>[39m
            [36m</div>[39m
          [36m</div>[39m
        [36m</header>[39m
        [36m<div[39m
          [33mclass[39m=[32m"tab-navigation"[39m
        [36m>[39m
          [36m<button[39m
            [33mclass[39m=[32m"tab-button active"[39m
            [33mdata-tab[39m=[32m"overview"[39m
          [36m>[39m
            [0mOverview[0m
          [36m</button>[39m
          [36m<button[39m
            [33mclass[39m=[32m"tab-button "[39m
            [33mdata-tab[39m=[32m"images"[39m
          [36m>[39m
            [0mImages[0m
          [36m</button>[39m
        [36m</div>[39m
        [36m<main[39m
          [33mclass[39m=[32m"tab-content-container"[39m
        [36m>[39m
          [36m<div[39m
            [33mclass[39m=[32m"tab-content active"[39m
            [33mid[39m=[32m"overview"[39m
          [36m>[39m
            [36m<div[39m
              [33mclass[39m=[32m"overview-content"[39m
            [36m>[39m
              [36m<div[39m
                [33mclass[39m=[32m"info-grid"[39m
              [36m>[39m
                [36m<div[39m
                  [33mclass[39m=[32m"info-card"[39m
                [36m>[39m
                  [36m<div[39m
                    [33mclass[39m=[32m"info-label"[39m
                  [36m>[39m
                    [0mJob ID[0m
                  [36m</div>[39m
                  [36m<div[39m
                    [33mclass[39m=[32m"info-value"[39m
                  [36m>[39m
                    [0mJOB-[0m
                    [0m1[0m
                  [36m</div>[39m
                [36m</div>[39m
                [36m<div[39m
                  [33mclass[39m=[32m"info-card"[39m
                [36m>[39m
                  [36m<div[39m
                    [33mclass[39m=[32m"info-label"[39m
                  [36m>[39m
                    [0mStatus[0m
                  [36m</div>[39m
                  [36m<div[39m
                    [33mclass[39m=[32m"info-value"[39m
                  [36m>[39m
                    [36m<span[39m
                      [33mclass[39m=[32m"inline-flex items-center gap-1 px-2 py-1 rounded-full text-sm font-medium border bg-green-100 text-green-800 border-green-200"[39m
                    [36m>[39m
                      [36m<svg[39m
                        [33maria-hidden[39m=[32m"true"[39m
                        [33mclass[39m=[32m"w-4 h-4"[39m
                        [33mfill[39m=[32m"none"[39m
                        [33mstroke[39m=[32m"currentColor"[39m
                        [33mviewBox[39m=[32m"0 0 24 24"[39m
                      [36m>[39m
                        [36m<path[39m
                          [33md[39m=[32m"M5 13l4 4L19 7"[39m
                          [33mstroke-linecap[39m=[32m"round"[39m
                          [33mstroke-linejoin[39m=[32m"round"[39m
                          [33mstroke-width[39m=[32m"2"[39m
                        [36m/>[39m
                      [36m</svg>[39m
                      [0mCompleted[0m
                    [36m</span>[39m
                  [36m</div>[39m
                [36m</div>[39m
                [36m<div[39m
                  [33mclass[39m=[32m"info-card"[39m
                [36m>[39m
                  [36m<div[39m
                    [33mclass[39m=[32m"info-label"[39m
                  [36m>[39m
                    [0mStart Time[0m
                  [36m</div>[39m
                  [36m<div[39m
                    [33mclass[39m=[32m"info-value"[39m
                  [36m>[39m
                    [0m1/1/2024, 12:00:00 PM[0m
                  [36m</div>[39m
                [36m</div>[39m
                [36m<div[39m
                  [33mclass[39m=[32m"info-card"[39m
                [36m>[39m
                  [36m<div[39m
                    [33mclass[39m=[32m"info-label"[39m
                  [36m>[39m
                    [0mDuration[0m
                  [36m</div>[39m
                  [36m<div[39m
                    [33mclass[39m=[32m"info-value"[39m
                  [36m>[39m
                    [0m5m[0m
                  [36m</div>[39m
                [36m</div>[39m
                [36m<div[39m
                  [33mclass[39m=[32m"info-card"[39m
                [36m>[39m
                  [36m<div[39m
                    [33mclass[39m=[32m"info-label"[39m
                  [36m>[39m
                    [0mSuccess Rate[0m
                  [36m</div>[39m
                  [36m<div[39m
                    [33mclass[39m=[32m"info-value"[39m
                  [36m>[39m
                    [0mN/A[0m
                  [36m</div>[39m
                [36m</div>[39m
              [36m</div>[39m
              [36m<h2[39m
                [33mclass[39m=[32m"section-title"[39m
              [36m>[39m
                [0...
   × SingleJobView > Action Buttons > handles back button click 1011ms
     → Unable to find role="heading" and name "Test Job"

Ignored nodes: comments, script, style
[36m<body>[39m
  [36m<div>[39m
    [36m<div[39m
      [33mclass[39m=[32m"single-job-view"[39m
    [36m>[39m
      [36m<header[39m
        [33mclass[39m=[32m"job-header"[39m
      [36m>[39m
        [36m<div[39m
          [33mclass[39m=[32m"header-content"[39m
        [36m>[39m
          [36m<div[39m
            [33mclass[39m=[32m"header-left"[39m
          [36m>[39m
            [36m<button[39m
              [33maria-label[39m=[32m"Go back to job list"[39m
              [33mclass[39m=[32m"back-button"[39m
            [36m>[39m
              [36m<svg[39m
                [33mclass[39m=[32m"w-6 h-6"[39m
                [33mfill[39m=[32m"none"[39m
                [33mstroke[39m=[32m"currentColor"[39m
                [33mviewBox[39m=[32m"0 0 24 24"[39m
              [36m>[39m
                [36m<path[39m
                  [33md[39m=[32m"M10 19l-7-7m0 0l7-7m-7 7h18"[39m
                  [33mstroke-linecap[39m=[32m"round"[39m
                  [33mstroke-linejoin[39m=[32m"round"[39m
                  [33mstroke-width[39m=[32m"2"[39m
                [36m/>[39m
              [36m</svg>[39m
            [36m</button>[39m
            [36m<h1[39m
              [33mclass[39m=[32m"job-title-main"[39m
            [36m>[39m
              [0mJob #[0m
              [0m1[0m
            [36m</h1>[39m
          [36m</div>[39m
        [36m</div>[39m
        [36m<div[39m
          [33mclass[39m=[32m"job-title-section"[39m
        [36m>[39m
          [36m<div[39m
            [33mclass[39m=[32m"job-title-static"[39m
          [36m>[39m
            [36m<span[39m
              [33mclass[39m=[32m"job-title-text"[39m
            [36m>[39m
              [0mTest Job[0m
            [36m</span>[39m
          [36m</div>[39m
        [36m</div>[39m
      [36m</header>[39m
      [36m<div[39m
        [33mclass[39m=[32m"tab-navigation"[39m
      [36m>[39m
        [36m<button[39m
          [33mclass[39m=[32m"tab-button active"[39m
          [33mdata-tab[39m=[32m"overview"[39m
        [36m>[39m
          [0mOverview[0m
        [36m</button>[39m
        [36m<button[39m
          [33mclass[39m=[32m"tab-button "[39m
          [33mdata-tab[39m=[32m"images"[39m
        [36m>[39m
          [0mImages[0m
        [36m</button>[39m
      [36m</div>[39m
      [36m<main[39m
        [33mclass[39m=[32m"tab-content-container"[39m
      [36m>[39m
        [36m<div[39m
          [33mclass[39m=[32m"tab-content active"[39m
          [33mid[39m=[32m"overview"[39m
        [36m>[39m
          [36m<div[39m
            [33mclass[39m=[32m"overview-content"[39m
          [36m>[39m
            [36m<div[39m
              [33mclass[39m=[32m"info-grid"[39m
            [36m>[39m
              [36m<div[39m
                [33mclass[39m=[32m"info-card"[39m
              [36m>[39m
                [36m<div[39m
                  [33mclass[39m=[32m"info-label"[39m
                [36m>[39m
                  [0mJob ID[0m
                [36m</div>[39m
                [36m<div[39m
                  [33mclass[39m=[32m"info-value"[39m
                [36m>[39m
                  [0mJOB-[0m
                  [0m1[0m
                [36m</div>[39m
              [36m</div>[39m
              [36m<div[39m
                [33mclass[39m=[32m"info-card"[39m
              [36m>[39m
                [36m<div[39m
                  [33mclass[39m=[32m"info-label"[39m
                [36m>[39m
                  [0mStatus[0m
                [36m</div>[39m
                [36m<div[39m
                  [33mclass[39m=[32m"info-value"[39m
                [36m>[39m
                  [36m<span[39m
                    [33mclass[39m=[32m"inline-flex items-center gap-1 px-2 py-1 rounded-full text-sm font-medium border bg-green-100 text-green-800 border-green-200"[39m
                  [36m>[39m
                    [36m<svg[39m
                      [33maria-hidden[39m=[32m"true"[39m
                      [33mclass[39m=[32m"w-4 h-4"[39m
                      [33mfill[39m=[32m"none"[39m
                      [33mstroke[39m=[32m"currentColor"[39m
                      [33mviewBox[39m=[32m"0 0 24 24"[39m
                    [36m>[39m
                      [36m<path[39m
                        [33md[39m=[32m"M5 13l4 4L19 7"[39m
                        [33mstroke-linecap[39m=[32m"round"[39m
                        [33mstroke-linejoin[39m=[32m"round"[39m
                        [33mstroke-width[39m=[32m"2"[39m
                      [36m/>[39m
                    [36m</svg>[39m
                    [0mCompleted[0m
                  [36m</span>[39m
                [36m</div>[39m
              [36m</div>[39m
              [36m<div[39m
                [33mclass[39m=[32m"info-card"[39m
              [36m>[39m
                [36m<div[39m
                  [33mclass[39m=[32m"info-label"[39m
                [36m>[39m
                  [0mStart Time[0m
                [36m</div>[39m
                [36m<div[39m
                  [33mclass[39m=[32m"info-value"[39m
                [36m>[39m
                  [0m1/1/2024, 12:00:00 PM[0m
                [36m</div>[39m
              [36m</div>[39m
              [36m<div[39m
                [33mclass[39m=[32m"info-card"[39m
              [36m>[39m
                [36m<div[39m
                  [33mclass[39m=[32m"info-label"[39m
                [36m>[39m
                  [0mDuration[0m
                [36m</div>[39m
                [36m<div[39m
                  [33mclass[39m=[32m"info-value"[39m
                [36m>[39m
                  [0m5m[0m
                [36m</div>[39m
              [36m</div>[39m
              [36m<div[39m
                [33mclass[39m=[32m"info-card"[39m
              [36m>[39m
                [36m<div[39m
                  [33mclass[39m=[32m"info-label"[39m
                [36m>[39m
                  [0mSuccess Rate[0m
                [36m</div>[39m
                [36m<div[39m
                  [33mclass[39m=[32m"info-value"[39m
                [36m>[39m
                  [0mN/A[0m
                [36m</div>[39m
              [36m</div>[39m
            [36m</div>[39m
            [36m<h2[39m
              [33mclass[39m=[32m"section-title"[39m
            [36m>[39m
              [0mGenerated Images Summary[0m
            [36m</h2>[39m
            [36m<div[39m
              [33mclass[39m=[32m"stats-grid"[39m
            [36m>[39m
              [36m<div[39m
                [33mclass[39m=[32m"stats-card"[39m
              [36m>[39m
                [36m<div[39m
                  [33mclass[39m=[32m"stats-label"[39m
                [36m>[39m
   ...

Ignored nodes: comments, script, style
[36m<html>[39m
  [36m<head />[39m
  [36m<body>[39m
    [36m<div>[39m
      [36m<div[39m
        [33mclass[39m=[32m"single-job-view"[39m
      [36m>[39m
        [36m<header[39m
          [33mclass[39m=[32m"job-header"[39m
        [36m>[39m
          [36m<div[39m
            [33mclass[39m=[32m"header-content"[39m
          [36m>[39m
            [36m<div[39m
              [33mclass[39m=[32m"header-left"[39m
            [36m>[39m
              [36m<button[39m
                [33maria-label[39m=[32m"Go back to job list"[39m
                [33mclass[39m=[32m"back-button"[39m
              [36m>[39m
                [36m<svg[39m
                  [33mclass[39m=[32m"w-6 h-6"[39m
                  [33mfill[39m=[32m"none"[39m
                  [33mstroke[39m=[32m"currentColor"[39m
                  [33mviewBox[39m=[32m"0 0 24 24"[39m
                [36m>[39m
                  [36m<path[39m
                    [33md[39m=[32m"M10 19l-7-7m0 0l7-7m-7 7h18"[39m
                    [33mstroke-linecap[39m=[32m"round"[39m
                    [33mstroke-linejoin[39m=[32m"round"[39m
                    [33mstroke-width[39m=[32m"2"[39m
                  [36m/>[39m
                [36m</svg>[39m
              [36m</button>[39m
              [36m<h1[39m
                [33mclass[39m=[32m"job-title-main"[39m
              [36m>[39m
                [0mJob #[0m
                [0m1[0m
              [36m</h1>[39m
            [36m</div>[39m
          [36m</div>[39m
          [36m<div[39m
            [33mclass[39m=[32m"job-title-section"[39m
          [36m>[39m
            [36m<div[39m
              [33mclass[39m=[32m"job-title-static"[39m
            [36m>[39m
              [36m<span[39m
                [33mclass[39m=[32m"job-title-text"[39m
              [36m>[39m
                [0mTest Job[0m
              [36m</span>[39m
            [36m</div>[39m
          [36m</div>[39m
        [36m</header>[39m
        [36m<div[39m
          [33mclass[39m=[32m"tab-navigation"[39m
        [36m>[39m
          [36m<button[39m
            [33mclass[39m=[32m"tab-button active"[39m
            [33mdata-tab[39m=[32m"overview"[39m
          [36m>[39m
            [0mOverview[0m
          [36m</button>[39m
          [36m<button[39m
            [33mclass[39m=[32m"tab-button "[39m
            [33mdata-tab[39m=[32m"images"[39m
          [36m>[39m
            [0mImages[0m
          [36m</button>[39m
        [36m</div>[39m
        [36m<main[39m
          [33mclass[39m=[32m"tab-content-container"[39m
        [36m>[39m
          [36m<div[39m
            [33mclass[39m=[32m"tab-content active"[39m
            [33mid[39m=[32m"overview"[39m
          [36m>[39m
            [36m<div[39m
              [33mclass[39m=[32m"overview-content"[39m
            [36m>[39m
              [36m<div[39m
                [33mclass[39m=[32m"info-grid"[39m
              [36m>[39m
                [36m<div[39m
                  [33mclass[39m=[32m"info-card"[39m
                [36m>[39m
                  [36m<div[39m
                    [33mclass[39m=[32m"info-label"[39m
                  [36m>[39m
                    [0mJob ID[0m
                  [36m</div>[39m
                  [36m<div[39m
                    [33mclass[39m=[32m"info-value"[39m
                  [36m>[39m
                    [0mJOB-[0m
                    [0m1[0m
                  [36m</div>[39m
                [36m</div>[39m
                [36m<div[39m
                  [33mclass[39m=[32m"info-card"[39m
                [36m>[39m
                  [36m<div[39m
                    [33mclass[39m=[32m"info-label"[39m
                  [36m>[39m
                    [0mStatus[0m
                  [36m</div>[39m
                  [36m<div[39m
                    [33mclass[39m=[32m"info-value"[39m
                  [36m>[39m
                    [36m<span[39m
                      [33mclass[39m=[32m"inline-flex items-center gap-1 px-2 py-1 rounded-full text-sm font-medium border bg-green-100 text-green-800 border-green-200"[39m
                    [36m>[39m
                      [36m<svg[39m
                        [33maria-hidden[39m=[32m"true"[39m
                        [33mclass[39m=[32m"w-4 h-4"[39m
                        [33mfill[39m=[32m"none"[39m
                        [33mstroke[39m=[32m"currentColor"[39m
                        [33mviewBox[39m=[32m"0 0 24 24"[39m
                      [36m>[39m
                        [36m<path[39m
                          [33md[39m=[32m"M5 13l4 4L19 7"[39m
                          [33mstroke-linecap[39m=[32m"round"[39m
                          [33mstroke-linejoin[39m=[32m"round"[39m
                          [33mstroke-width[39m=[32m"2"[39m
                        [36m/>[39m
                      [36m</svg>[39m
                      [0mCompleted[0m
                    [36m</span>[39m
                  [36m</div>[39m
                [36m</div>[39m
                [36m<div[39m
                  [33mclass[39m=[32m"info-card"[39m
                [36m>[39m
                  [36m<div[39m
                    [33mclass[39m=[32m"info-label"[39m
                  [36m>[39m
                    [0mStart Time[0m
                  [36m</div>[39m
                  [36m<div[39m
                    [33mclass[39m=[32m"info-value"[39m
                  [36m>[39m
                    [0m1/1/2024, 12:00:00 PM[0m
                  [36m</div>[39m
                [36m</div>[39m
                [36m<div[39m
                  [33mclass[39m=[32m"info-card"[39m
                [36m>[39m
                  [36m<div[39m
                    [33mclass[39m=[32m"info-label"[39m
                  [36m>[39m
                    [0mDuration[0m
                  [36m</div>[39m
                  [36m<div[39m
                    [33mclass[39m=[32m"info-value"[39m
                  [36m>[39m
                    [0m5m[0m
                  [36m</div>[39m
                [36m</div>[39m
                [36m<div[39m
                  [33mclass[39m=[32m"info-card"[39m
                [36m>[39m
                  [36m<div[39m
                    [33mclass[39m=[32m"info-label"[39m
                  [36m>[39m
                    [0mSuccess Rate[0m
                  [36m</div>[39m
                  [36m<div[39m
                    [33mclass[39m=[32m"info-value"[39m
                  [36m>[39m
                    [0mN/A[0m
                  [36m</div>[39m
                [36m</div>[39m
              [36m</div>[39m
              [36m<h2[39m
                [33mclass[39m=[32m"section-title"[39m
              [36m>[39m
                [0...
   × SingleJobView > Action Buttons > handles back button keyboard navigation 1013ms
     → Unable to find role="heading" and name "Test Job"

Ignored nodes: comments, script, style
[36m<body>[39m
  [36m<div>[39m
    [36m<div[39m
      [33mclass[39m=[32m"single-job-view"[39m
    [36m>[39m
      [36m<header[39m
        [33mclass[39m=[32m"job-header"[39m
      [36m>[39m
        [36m<div[39m
          [33mclass[39m=[32m"header-content"[39m
        [36m>[39m
          [36m<div[39m
            [33mclass[39m=[32m"header-left"[39m
          [36m>[39m
            [36m<button[39m
              [33maria-label[39m=[32m"Go back to job list"[39m
              [33mclass[39m=[32m"back-button"[39m
            [36m>[39m
              [36m<svg[39m
                [33mclass[39m=[32m"w-6 h-6"[39m
                [33mfill[39m=[32m"none"[39m
                [33mstroke[39m=[32m"currentColor"[39m
                [33mviewBox[39m=[32m"0 0 24 24"[39m
              [36m>[39m
                [36m<path[39m
                  [33md[39m=[32m"M10 19l-7-7m0 0l7-7m-7 7h18"[39m
                  [33mstroke-linecap[39m=[32m"round"[39m
                  [33mstroke-linejoin[39m=[32m"round"[39m
                  [33mstroke-width[39m=[32m"2"[39m
                [36m/>[39m
              [36m</svg>[39m
            [36m</button>[39m
            [36m<h1[39m
              [33mclass[39m=[32m"job-title-main"[39m
            [36m>[39m
              [0mJob #[0m
              [0m1[0m
            [36m</h1>[39m
          [36m</div>[39m
        [36m</div>[39m
        [36m<div[39m
          [33mclass[39m=[32m"job-title-section"[39m
        [36m>[39m
          [36m<div[39m
            [33mclass[39m=[32m"job-title-static"[39m
          [36m>[39m
            [36m<span[39m
              [33mclass[39m=[32m"job-title-text"[39m
            [36m>[39m
              [0mTest Job[0m
            [36m</span>[39m
          [36m</div>[39m
        [36m</div>[39m
      [36m</header>[39m
      [36m<div[39m
        [33mclass[39m=[32m"tab-navigation"[39m
      [36m>[39m
        [36m<button[39m
          [33mclass[39m=[32m"tab-button active"[39m
          [33mdata-tab[39m=[32m"overview"[39m
        [36m>[39m
          [0mOverview[0m
        [36m</button>[39m
        [36m<button[39m
          [33mclass[39m=[32m"tab-button "[39m
          [33mdata-tab[39m=[32m"images"[39m
        [36m>[39m
          [0mImages[0m
        [36m</button>[39m
      [36m</div>[39m
      [36m<main[39m
        [33mclass[39m=[32m"tab-content-container"[39m
      [36m>[39m
        [36m<div[39m
          [33mclass[39m=[32m"tab-content active"[39m
          [33mid[39m=[32m"overview"[39m
        [36m>[39m
          [36m<div[39m
            [33mclass[39m=[32m"overview-content"[39m
          [36m>[39m
            [36m<div[39m
              [33mclass[39m=[32m"info-grid"[39m
            [36m>[39m
              [36m<div[39m
                [33mclass[39m=[32m"info-card"[39m
              [36m>[39m
                [36m<div[39m
                  [33mclass[39m=[32m"info-label"[39m
                [36m>[39m
                  [0mJob ID[0m
                [36m</div>[39m
                [36m<div[39m
                  [33mclass[39m=[32m"info-value"[39m
                [36m>[39m
                  [0mJOB-[0m
                  [0m1[0m
                [36m</div>[39m
              [36m</div>[39m
              [36m<div[39m
                [33mclass[39m=[32m"info-card"[39m
              [36m>[39m
                [36m<div[39m
                  [33mclass[39m=[32m"info-label"[39m
                [36m>[39m
                  [0mStatus[0m
                [36m</div>[39m
                [36m<div[39m
                  [33mclass[39m=[32m"info-value"[39m
                [36m>[39m
                  [36m<span[39m
                    [33mclass[39m=[32m"inline-flex items-center gap-1 px-2 py-1 rounded-full text-sm font-medium border bg-green-100 text-green-800 border-green-200"[39m
                  [36m>[39m
                    [36m<svg[39m
                      [33maria-hidden[39m=[32m"true"[39m
                      [33mclass[39m=[32m"w-4 h-4"[39m
                      [33mfill[39m=[32m"none"[39m
                      [33mstroke[39m=[32m"currentColor"[39m
                      [33mviewBox[39m=[32m"0 0 24 24"[39m
                    [36m>[39m
                      [36m<path[39m
                        [33md[39m=[32m"M5 13l4 4L19 7"[39m
                        [33mstroke-linecap[39m=[32m"round"[39m
                        [33mstroke-linejoin[39m=[32m"round"[39m
                        [33mstroke-width[39m=[32m"2"[39m
                      [36m/>[39m
                    [36m</svg>[39m
                    [0mCompleted[0m
                  [36m</span>[39m
                [36m</div>[39m
              [36m</div>[39m
              [36m<div[39m
                [33mclass[39m=[32m"info-card"[39m
              [36m>[39m
                [36m<div[39m
                  [33mclass[39m=[32m"info-label"[39m
                [36m>[39m
                  [0mStart Time[0m
                [36m</div>[39m
                [36m<div[39m
                  [33mclass[39m=[32m"info-value"[39m
                [36m>[39m
                  [0m1/1/2024, 12:00:00 PM[0m
                [36m</div>[39m
              [36m</div>[39m
              [36m<div[39m
                [33mclass[39m=[32m"info-card"[39m
              [36m>[39m
                [36m<div[39m
                  [33mclass[39m=[32m"info-label"[39m
                [36m>[39m
                  [0mDuration[0m
                [36m</div>[39m
                [36m<div[39m
                  [33mclass[39m=[32m"info-value"[39m
                [36m>[39m
                  [0m5m[0m
                [36m</div>[39m
              [36m</div>[39m
              [36m<div[39m
                [33mclass[39m=[32m"info-card"[39m
              [36m>[39m
                [36m<div[39m
                  [33mclass[39m=[32m"info-label"[39m
                [36m>[39m
                  [0mSuccess Rate[0m
                [36m</div>[39m
                [36m<div[39m
                  [33mclass[39m=[32m"info-value"[39m
                [36m>[39m
                  [0mN/A[0m
                [36m</div>[39m
              [36m</div>[39m
            [36m</div>[39m
            [36m<h2[39m
              [33mclass[39m=[32m"section-title"[39m
            [36m>[39m
              [0mGenerated Images Summary[0m
            [36m</h2>[39m
            [36m<div[39m
              [33mclass[39m=[32m"stats-grid"[39m
            [36m>[39m
              [36m<div[39m
                [33mclass[39m=[32m"stats-card"[39m
              [36m>[39m
                [36m<div[39m
                  [33mclass[39m=[32m"stats-label"[39m
                [36m>[39m
   ...

Ignored nodes: comments, script, style
[36m<html>[39m
  [36m<head />[39m
  [36m<body>[39m
    [36m<div>[39m
      [36m<div[39m
        [33mclass[39m=[32m"single-job-view"[39m
      [36m>[39m
        [36m<header[39m
          [33mclass[39m=[32m"job-header"[39m
        [36m>[39m
          [36m<div[39m
            [33mclass[39m=[32m"header-content"[39m
          [36m>[39m
            [36m<div[39m
              [33mclass[39m=[32m"header-left"[39m
            [36m>[39m
              [36m<button[39m
                [33maria-label[39m=[32m"Go back to job list"[39m
                [33mclass[39m=[32m"back-button"[39m
              [36m>[39m
                [36m<svg[39m
                  [33mclass[39m=[32m"w-6 h-6"[39m
                  [33mfill[39m=[32m"none"[39m
                  [33mstroke[39m=[32m"currentColor"[39m
                  [33mviewBox[39m=[32m"0 0 24 24"[39m
                [36m>[39m
                  [36m<path[39m
                    [33md[39m=[32m"M10 19l-7-7m0 0l7-7m-7 7h18"[39m
                    [33mstroke-linecap[39m=[32m"round"[39m
                    [33mstroke-linejoin[39m=[32m"round"[39m
                    [33mstroke-width[39m=[32m"2"[39m
                  [36m/>[39m
                [36m</svg>[39m
              [36m</button>[39m
              [36m<h1[39m
                [33mclass[39m=[32m"job-title-main"[39m
              [36m>[39m
                [0mJob #[0m
                [0m1[0m
              [36m</h1>[39m
            [36m</div>[39m
          [36m</div>[39m
          [36m<div[39m
            [33mclass[39m=[32m"job-title-section"[39m
          [36m>[39m
            [36m<div[39m
              [33mclass[39m=[32m"job-title-static"[39m
            [36m>[39m
              [36m<span[39m
                [33mclass[39m=[32m"job-title-text"[39m
              [36m>[39m
                [0mTest Job[0m
              [36m</span>[39m
            [36m</div>[39m
          [36m</div>[39m
        [36m</header>[39m
        [36m<div[39m
          [33mclass[39m=[32m"tab-navigation"[39m
        [36m>[39m
          [36m<button[39m
            [33mclass[39m=[32m"tab-button active"[39m
            [33mdata-tab[39m=[32m"overview"[39m
          [36m>[39m
            [0mOverview[0m
          [36m</button>[39m
          [36m<button[39m
            [33mclass[39m=[32m"tab-button "[39m
            [33mdata-tab[39m=[32m"images"[39m
          [36m>[39m
            [0mImages[0m
          [36m</button>[39m
        [36m</div>[39m
        [36m<main[39m
          [33mclass[39m=[32m"tab-content-container"[39m
        [36m>[39m
          [36m<div[39m
            [33mclass[39m=[32m"tab-content active"[39m
            [33mid[39m=[32m"overview"[39m
          [36m>[39m
            [36m<div[39m
              [33mclass[39m=[32m"overview-content"[39m
            [36m>[39m
              [36m<div[39m
                [33mclass[39m=[32m"info-grid"[39m
              [36m>[39m
                [36m<div[39m
                  [33mclass[39m=[32m"info-card"[39m
                [36m>[39m
                  [36m<div[39m
                    [33mclass[39m=[32m"info-label"[39m
                  [36m>[39m
                    [0mJob ID[0m
                  [36m</div>[39m
                  [36m<div[39m
                    [33mclass[39m=[32m"info-value"[39m
                  [36m>[39m
                    [0mJOB-[0m
                    [0m1[0m
                  [36m</div>[39m
                [36m</div>[39m
                [36m<div[39m
                  [33mclass[39m=[32m"info-card"[39m
                [36m>[39m
                  [36m<div[39m
                    [33mclass[39m=[32m"info-label"[39m
                  [36m>[39m
                    [0mStatus[0m
                  [36m</div>[39m
                  [36m<div[39m
                    [33mclass[39m=[32m"info-value"[39m
                  [36m>[39m
                    [36m<span[39m
                      [33mclass[39m=[32m"inline-flex items-center gap-1 px-2 py-1 rounded-full text-sm font-medium border bg-green-100 text-green-800 border-green-200"[39m
                    [36m>[39m
                      [36m<svg[39m
                        [33maria-hidden[39m=[32m"true"[39m
                        [33mclass[39m=[32m"w-4 h-4"[39m
                        [33mfill[39m=[32m"none"[39m
                        [33mstroke[39m=[32m"currentColor"[39m
                        [33mviewBox[39m=[32m"0 0 24 24"[39m
                      [36m>[39m
                        [36m<path[39m
                          [33md[39m=[32m"M5 13l4 4L19 7"[39m
                          [33mstroke-linecap[39m=[32m"round"[39m
                          [33mstroke-linejoin[39m=[32m"round"[39m
                          [33mstroke-width[39m=[32m"2"[39m
                        [36m/>[39m
                      [36m</svg>[39m
                      [0mCompleted[0m
                    [36m</span>[39m
                  [36m</div>[39m
                [36m</div>[39m
                [36m<div[39m
                  [33mclass[39m=[32m"info-card"[39m
                [36m>[39m
                  [36m<div[39m
                    [33mclass[39m=[32m"info-label"[39m
                  [36m>[39m
                    [0mStart Time[0m
                  [36m</div>[39m
                  [36m<div[39m
                    [33mclass[39m=[32m"info-value"[39m
                  [36m>[39m
                    [0m1/1/2024, 12:00:00 PM[0m
                  [36m</div>[39m
                [36m</div>[39m
                [36m<div[39m
                  [33mclass[39m=[32m"info-card"[39m
                [36m>[39m
                  [36m<div[39m
                    [33mclass[39m=[32m"info-label"[39m
                  [36m>[39m
                    [0mDuration[0m
                  [36m</div>[39m
                  [36m<div[39m
                    [33mclass[39m=[32m"info-value"[39m
                  [36m>[39m
                    [0m5m[0m
                  [36m</div>[39m
                [36m</div>[39m
                [36m<div[39m
                  [33mclass[39m=[32m"info-card"[39m
                [36m>[39m
                  [36m<div[39m
                    [33mclass[39m=[32m"info-label"[39m
                  [36m>[39m
                    [0mSuccess Rate[0m
                  [36m</div>[39m
                  [36m<div[39m
                    [33mclass[39m=[32m"info-value"[39m
                  [36m>[39m
                    [0mN/A[0m
                  [36m</div>[39m
                [36m</div>[39m
              [36m</div>[39m
              [36m<h2[39m
                [33mclass[39m=[32m"section-title"[39m
              [36m>[39m
                [0...
   × SingleJobView > Action Buttons > handles export button click 1014ms
     → Unable to find role="heading" and name "Test Job"

Ignored nodes: comments, script, style
[36m<body>[39m
  [36m<div>[39m
    [36m<div[39m
      [33mclass[39m=[32m"single-job-view"[39m
    [36m>[39m
      [36m<header[39m
        [33mclass[39m=[32m"job-header"[39m
      [36m>[39m
        [36m<div[39m
          [33mclass[39m=[32m"header-content"[39m
        [36m>[39m
          [36m<div[39m
            [33mclass[39m=[32m"header-left"[39m
          [36m>[39m
            [36m<button[39m
              [33maria-label[39m=[32m"Go back to job list"[39m
              [33mclass[39m=[32m"back-button"[39m
            [36m>[39m
              [36m<svg[39m
                [33mclass[39m=[32m"w-6 h-6"[39m
                [33mfill[39m=[32m"none"[39m
                [33mstroke[39m=[32m"currentColor"[39m
                [33mviewBox[39m=[32m"0 0 24 24"[39m
              [36m>[39m
                [36m<path[39m
                  [33md[39m=[32m"M10 19l-7-7m0 0l7-7m-7 7h18"[39m
                  [33mstroke-linecap[39m=[32m"round"[39m
                  [33mstroke-linejoin[39m=[32m"round"[39m
                  [33mstroke-width[39m=[32m"2"[39m
                [36m/>[39m
              [36m</svg>[39m
            [36m</button>[39m
            [36m<h1[39m
              [33mclass[39m=[32m"job-title-main"[39m
            [36m>[39m
              [0mJob #[0m
              [0m1[0m
            [36m</h1>[39m
          [36m</div>[39m
        [36m</div>[39m
        [36m<div[39m
          [33mclass[39m=[32m"job-title-section"[39m
        [36m>[39m
          [36m<div[39m
            [33mclass[39m=[32m"job-title-static"[39m
          [36m>[39m
            [36m<span[39m
              [33mclass[39m=[32m"job-title-text"[39m
            [36m>[39m
              [0mTest Job[0m
            [36m</span>[39m
          [36m</div>[39m
        [36m</div>[39m
      [36m</header>[39m
      [36m<div[39m
        [33mclass[39m=[32m"tab-navigation"[39m
      [36m>[39m
        [36m<button[39m
          [33mclass[39m=[32m"tab-button active"[39m
          [33mdata-tab[39m=[32m"overview"[39m
        [36m>[39m
          [0mOverview[0m
        [36m</button>[39m
        [36m<button[39m
          [33mclass[39m=[32m"tab-button "[39m
          [33mdata-tab[39m=[32m"images"[39m
        [36m>[39m
          [0mImages[0m
        [36m</button>[39m
      [36m</div>[39m
      [36m<main[39m
        [33mclass[39m=[32m"tab-content-container"[39m
      [36m>[39m
        [36m<div[39m
          [33mclass[39m=[32m"tab-content active"[39m
          [33mid[39m=[32m"overview"[39m
        [36m>[39m
          [36m<div[39m
            [33mclass[39m=[32m"overview-content"[39m
          [36m>[39m
            [36m<div[39m
              [33mclass[39m=[32m"info-grid"[39m
            [36m>[39m
              [36m<div[39m
                [33mclass[39m=[32m"info-card"[39m
              [36m>[39m
                [36m<div[39m
                  [33mclass[39m=[32m"info-label"[39m
                [36m>[39m
                  [0mJob ID[0m
                [36m</div>[39m
                [36m<div[39m
                  [33mclass[39m=[32m"info-value"[39m
                [36m>[39m
                  [0mJOB-[0m
                  [0m1[0m
                [36m</div>[39m
              [36m</div>[39m
              [36m<div[39m
                [33mclass[39m=[32m"info-card"[39m
              [36m>[39m
                [36m<div[39m
                  [33mclass[39m=[32m"info-label"[39m
                [36m>[39m
                  [0mStatus[0m
                [36m</div>[39m
                [36m<div[39m
                  [33mclass[39m=[32m"info-value"[39m
                [36m>[39m
                  [36m<span[39m
                    [33mclass[39m=[32m"inline-flex items-center gap-1 px-2 py-1 rounded-full text-sm font-medium border bg-green-100 text-green-800 border-green-200"[39m
                  [36m>[39m
                    [36m<svg[39m
                      [33maria-hidden[39m=[32m"true"[39m
                      [33mclass[39m=[32m"w-4 h-4"[39m
                      [33mfill[39m=[32m"none"[39m
                      [33mstroke[39m=[32m"currentColor"[39m
                      [33mviewBox[39m=[32m"0 0 24 24"[39m
                    [36m>[39m
                      [36m<path[39m
                        [33md[39m=[32m"M5 13l4 4L19 7"[39m
                        [33mstroke-linecap[39m=[32m"round"[39m
                        [33mstroke-linejoin[39m=[32m"round"[39m
                        [33mstroke-width[39m=[32m"2"[39m
                      [36m/>[39m
                    [36m</svg>[39m
                    [0mCompleted[0m
                  [36m</span>[39m
                [36m</div>[39m
              [36m</div>[39m
              [36m<div[39m
                [33mclass[39m=[32m"info-card"[39m
              [36m>[39m
                [36m<div[39m
                  [33mclass[39m=[32m"info-label"[39m
                [36m>[39m
                  [0mStart Time[0m
                [36m</div>[39m
                [36m<div[39m
                  [33mclass[39m=[32m"info-value"[39m
                [36m>[39m
                  [0m1/1/2024, 12:00:00 PM[0m
                [36m</div>[39m
              [36m</div>[39m
              [36m<div[39m
                [33mclass[39m=[32m"info-card"[39m
              [36m>[39m
                [36m<div[39m
                  [33mclass[39m=[32m"info-label"[39m
                [36m>[39m
                  [0mDuration[0m
                [36m</div>[39m
                [36m<div[39m
                  [33mclass[39m=[32m"info-value"[39m
                [36m>[39m
                  [0m5m[0m
                [36m</div>[39m
              [36m</div>[39m
              [36m<div[39m
                [33mclass[39m=[32m"info-card"[39m
              [36m>[39m
                [36m<div[39m
                  [33mclass[39m=[32m"info-label"[39m
                [36m>[39m
                  [0mSuccess Rate[0m
                [36m</div>[39m
                [36m<div[39m
                  [33mclass[39m=[32m"info-value"[39m
                [36m>[39m
                  [0mN/A[0m
                [36m</div>[39m
              [36m</div>[39m
            [36m</div>[39m
            [36m<h2[39m
              [33mclass[39m=[32m"section-title"[39m
            [36m>[39m
              [0mGenerated Images Summary[0m
            [36m</h2>[39m
            [36m<div[39m
              [33mclass[39m=[32m"stats-grid"[39m
            [36m>[39m
              [36m<div[39m
                [33mclass[39m=[32m"stats-card"[39m
              [36m>[39m
                [36m<div[39m
                  [33mclass[39m=[32m"stats-label"[39m
                [36m>[39m
   ...

Ignored nodes: comments, script, style
[36m<html>[39m
  [36m<head />[39m
  [36m<body>[39m
    [36m<div>[39m
      [36m<div[39m
        [33mclass[39m=[32m"single-job-view"[39m
      [36m>[39m
        [36m<header[39m
          [33mclass[39m=[32m"job-header"[39m
        [36m>[39m
          [36m<div[39m
            [33mclass[39m=[32m"header-content"[39m
          [36m>[39m
            [36m<div[39m
              [33mclass[39m=[32m"header-left"[39m
            [36m>[39m
              [36m<button[39m
                [33maria-label[39m=[32m"Go back to job list"[39m
                [33mclass[39m=[32m"back-button"[39m
              [36m>[39m
                [36m<svg[39m
                  [33mclass[39m=[32m"w-6 h-6"[39m
                  [33mfill[39m=[32m"none"[39m
                  [33mstroke[39m=[32m"currentColor"[39m
                  [33mviewBox[39m=[32m"0 0 24 24"[39m
                [36m>[39m
                  [36m<path[39m
                    [33md[39m=[32m"M10 19l-7-7m0 0l7-7m-7 7h18"[39m
                    [33mstroke-linecap[39m=[32m"round"[39m
                    [33mstroke-linejoin[39m=[32m"round"[39m
                    [33mstroke-width[39m=[32m"2"[39m
                  [36m/>[39m
                [36m</svg>[39m
              [36m</button>[39m
              [36m<h1[39m
                [33mclass[39m=[32m"job-title-main"[39m
              [36m>[39m
                [0mJob #[0m
                [0m1[0m
              [36m</h1>[39m
            [36m</div>[39m
          [36m</div>[39m
          [36m<div[39m
            [33mclass[39m=[32m"job-title-section"[39m
          [36m>[39m
            [36m<div[39m
              [33mclass[39m=[32m"job-title-static"[39m
            [36m>[39m
              [36m<span[39m
                [33mclass[39m=[32m"job-title-text"[39m
              [36m>[39m
                [0mTest Job[0m
              [36m</span>[39m
            [36m</div>[39m
          [36m</div>[39m
        [36m</header>[39m
        [36m<div[39m
          [33mclass[39m=[32m"tab-navigation"[39m
        [36m>[39m
          [36m<button[39m
            [33mclass[39m=[32m"tab-button active"[39m
            [33mdata-tab[39m=[32m"overview"[39m
          [36m>[39m
            [0mOverview[0m
          [36m</button>[39m
          [36m<button[39m
            [33mclass[39m=[32m"tab-button "[39m
            [33mdata-tab[39m=[32m"images"[39m
          [36m>[39m
            [0mImages[0m
          [36m</button>[39m
        [36m</div>[39m
        [36m<main[39m
          [33mclass[39m=[32m"tab-content-container"[39m
        [36m>[39m
          [36m<div[39m
            [33mclass[39m=[32m"tab-content active"[39m
            [33mid[39m=[32m"overview"[39m
          [36m>[39m
            [36m<div[39m
              [33mclass[39m=[32m"overview-content"[39m
            [36m>[39m
              [36m<div[39m
                [33mclass[39m=[32m"info-grid"[39m
              [36m>[39m
                [36m<div[39m
                  [33mclass[39m=[32m"info-card"[39m
                [36m>[39m
                  [36m<div[39m
                    [33mclass[39m=[32m"info-label"[39m
                  [36m>[39m
                    [0mJob ID[0m
                  [36m</div>[39m
                  [36m<div[39m
                    [33mclass[39m=[32m"info-value"[39m
                  [36m>[39m
                    [0mJOB-[0m
                    [0m1[0m
                  [36m</div>[39m
                [36m</div>[39m
                [36m<div[39m
                  [33mclass[39m=[32m"info-card"[39m
                [36m>[39m
                  [36m<div[39m
                    [33mclass[39m=[32m"info-label"[39m
                  [36m>[39m
                    [0mStatus[0m
                  [36m</div>[39m
                  [36m<div[39m
                    [33mclass[39m=[32m"info-value"[39m
                  [36m>[39m
                    [36m<span[39m
                      [33mclass[39m=[32m"inline-flex items-center gap-1 px-2 py-1 rounded-full text-sm font-medium border bg-green-100 text-green-800 border-green-200"[39m
                    [36m>[39m
                      [36m<svg[39m
                        [33maria-hidden[39m=[32m"true"[39m
                        [33mclass[39m=[32m"w-4 h-4"[39m
                        [33mfill[39m=[32m"none"[39m
                        [33mstroke[39m=[32m"currentColor"[39m
                        [33mviewBox[39m=[32m"0 0 24 24"[39m
                      [36m>[39m
                        [36m<path[39m
                          [33md[39m=[32m"M5 13l4 4L19 7"[39m
                          [33mstroke-linecap[39m=[32m"round"[39m
                          [33mstroke-linejoin[39m=[32m"round"[39m
                          [33mstroke-width[39m=[32m"2"[39m
                        [36m/>[39m
                      [36m</svg>[39m
                      [0mCompleted[0m
                    [36m</span>[39m
                  [36m</div>[39m
                [36m</div>[39m
                [36m<div[39m
                  [33mclass[39m=[32m"info-card"[39m
                [36m>[39m
                  [36m<div[39m
                    [33mclass[39m=[32m"info-label"[39m
                  [36m>[39m
                    [0mStart Time[0m
                  [36m</div>[39m
                  [36m<div[39m
                    [33mclass[39m=[32m"info-value"[39m
                  [36m>[39m
                    [0m1/1/2024, 12:00:00 PM[0m
                  [36m</div>[39m
                [36m</div>[39m
                [36m<div[39m
                  [33mclass[39m=[32m"info-card"[39m
                [36m>[39m
                  [36m<div[39m
                    [33mclass[39m=[32m"info-label"[39m
                  [36m>[39m
                    [0mDuration[0m
                  [36m</div>[39m
                  [36m<div[39m
                    [33mclass[39m=[32m"info-value"[39m
                  [36m>[39m
                    [0m5m[0m
                  [36m</div>[39m
                [36m</div>[39m
                [36m<div[39m
                  [33mclass[39m=[32m"info-card"[39m
                [36m>[39m
                  [36m<div[39m
                    [33mclass[39m=[32m"info-label"[39m
                  [36m>[39m
                    [0mSuccess Rate[0m
                  [36m</div>[39m
                  [36m<div[39m
                    [33mclass[39m=[32m"info-value"[39m
                  [36m>[39m
                    [0mN/A[0m
                  [36m</div>[39m
                [36m</div>[39m
              [36m</div>[39m
              [36m<h2[39m
                [33mclass[39m=[32m"section-title"[39m
              [36m>[39m
                [0...
   × SingleJobView > Action Buttons > handles rerun button click 1011ms
     → Unable to find role="heading" and name "Test Job"

Ignored nodes: comments, script, style
[36m<body>[39m
  [36m<div>[39m
    [36m<div[39m
      [33mclass[39m=[32m"single-job-view"[39m
    [36m>[39m
      [36m<header[39m
        [33mclass[39m=[32m"job-header"[39m
      [36m>[39m
        [36m<div[39m
          [33mclass[39m=[32m"header-content"[39m
        [36m>[39m
          [36m<div[39m
            [33mclass[39m=[32m"header-left"[39m
          [36m>[39m
            [36m<button[39m
              [33maria-label[39m=[32m"Go back to job list"[39m
              [33mclass[39m=[32m"back-button"[39m
            [36m>[39m
              [36m<svg[39m
                [33mclass[39m=[32m"w-6 h-6"[39m
                [33mfill[39m=[32m"none"[39m
                [33mstroke[39m=[32m"currentColor"[39m
                [33mviewBox[39m=[32m"0 0 24 24"[39m
              [36m>[39m
                [36m<path[39m
                  [33md[39m=[32m"M10 19l-7-7m0 0l7-7m-7 7h18"[39m
                  [33mstroke-linecap[39m=[32m"round"[39m
                  [33mstroke-linejoin[39m=[32m"round"[39m
                  [33mstroke-width[39m=[32m"2"[39m
                [36m/>[39m
              [36m</svg>[39m
            [36m</button>[39m
            [36m<h1[39m
              [33mclass[39m=[32m"job-title-main"[39m
            [36m>[39m
              [0mJob #[0m
              [0m1[0m
            [36m</h1>[39m
          [36m</div>[39m
        [36m</div>[39m
        [36m<div[39m
          [33mclass[39m=[32m"job-title-section"[39m
        [36m>[39m
          [36m<div[39m
            [33mclass[39m=[32m"job-title-static"[39m
          [36m>[39m
            [36m<span[39m
              [33mclass[39m=[32m"job-title-text"[39m
            [36m>[39m
              [0mTest Job[0m
            [36m</span>[39m
          [36m</div>[39m
        [36m</div>[39m
      [36m</header>[39m
      [36m<div[39m
        [33mclass[39m=[32m"tab-navigation"[39m
      [36m>[39m
        [36m<button[39m
          [33mclass[39m=[32m"tab-button active"[39m
          [33mdata-tab[39m=[32m"overview"[39m
        [36m>[39m
          [0mOverview[0m
        [36m</button>[39m
        [36m<button[39m
          [33mclass[39m=[32m"tab-button "[39m
          [33mdata-tab[39m=[32m"images"[39m
        [36m>[39m
          [0mImages[0m
        [36m</button>[39m
      [36m</div>[39m
      [36m<main[39m
        [33mclass[39m=[32m"tab-content-container"[39m
      [36m>[39m
        [36m<div[39m
          [33mclass[39m=[32m"tab-content active"[39m
          [33mid[39m=[32m"overview"[39m
        [36m>[39m
          [36m<div[39m
            [33mclass[39m=[32m"overview-content"[39m
          [36m>[39m
            [36m<div[39m
              [33mclass[39m=[32m"info-grid"[39m
            [36m>[39m
              [36m<div[39m
                [33mclass[39m=[32m"info-card"[39m
              [36m>[39m
                [36m<div[39m
                  [33mclass[39m=[32m"info-label"[39m
                [36m>[39m
                  [0mJob ID[0m
                [36m</div>[39m
                [36m<div[39m
                  [33mclass[39m=[32m"info-value"[39m
                [36m>[39m
                  [0mJOB-[0m
                  [0m1[0m
                [36m</div>[39m
              [36m</div>[39m
              [36m<div[39m
                [33mclass[39m=[32m"info-card"[39m
              [36m>[39m
                [36m<div[39m
                  [33mclass[39m=[32m"info-label"[39m
                [36m>[39m
                  [0mStatus[0m
                [36m</div>[39m
                [36m<div[39m
                  [33mclass[39m=[32m"info-value"[39m
                [36m>[39m
                  [36m<span[39m
                    [33mclass[39m=[32m"inline-flex items-center gap-1 px-2 py-1 rounded-full text-sm font-medium border bg-green-100 text-green-800 border-green-200"[39m
                  [36m>[39m
                    [36m<svg[39m
                      [33maria-hidden[39m=[32m"true"[39m
                      [33mclass[39m=[32m"w-4 h-4"[39m
                      [33mfill[39m=[32m"none"[39m
                      [33mstroke[39m=[32m"currentColor"[39m
                      [33mviewBox[39m=[32m"0 0 24 24"[39m
                    [36m>[39m
                      [36m<path[39m
                        [33md[39m=[32m"M5 13l4 4L19 7"[39m
                        [33mstroke-linecap[39m=[32m"round"[39m
                        [33mstroke-linejoin[39m=[32m"round"[39m
                        [33mstroke-width[39m=[32m"2"[39m
                      [36m/>[39m
                    [36m</svg>[39m
                    [0mCompleted[0m
                  [36m</span>[39m
                [36m</div>[39m
              [36m</div>[39m
              [36m<div[39m
                [33mclass[39m=[32m"info-card"[39m
              [36m>[39m
                [36m<div[39m
                  [33mclass[39m=[32m"info-label"[39m
                [36m>[39m
                  [0mStart Time[0m
                [36m</div>[39m
                [36m<div[39m
                  [33mclass[39m=[32m"info-value"[39m
                [36m>[39m
                  [0m1/1/2024, 12:00:00 PM[0m
                [36m</div>[39m
              [36m</div>[39m
              [36m<div[39m
                [33mclass[39m=[32m"info-card"[39m
              [36m>[39m
                [36m<div[39m
                  [33mclass[39m=[32m"info-label"[39m
                [36m>[39m
                  [0mDuration[0m
                [36m</div>[39m
                [36m<div[39m
                  [33mclass[39m=[32m"info-value"[39m
                [36m>[39m
                  [0m5m[0m
                [36m</div>[39m
              [36m</div>[39m
              [36m<div[39m
                [33mclass[39m=[32m"info-card"[39m
              [36m>[39m
                [36m<div[39m
                  [33mclass[39m=[32m"info-label"[39m
                [36m>[39m
                  [0mSuccess Rate[0m
                [36m</div>[39m
                [36m<div[39m
                  [33mclass[39m=[32m"info-value"[39m
                [36m>[39m
                  [0mN/A[0m
                [36m</div>[39m
              [36m</div>[39m
            [36m</div>[39m
            [36m<h2[39m
              [33mclass[39m=[32m"section-title"[39m
            [36m>[39m
              [0mGenerated Images Summary[0m
            [36m</h2>[39m
            [36m<div[39m
              [33mclass[39m=[32m"stats-grid"[39m
            [36m>[39m
              [36m<div[39m
                [33mclass[39m=[32m"stats-card"[39m
              [36m>[39m
                [36m<div[39m
                  [33mclass[39m=[32m"stats-label"[39m
                [36m>[39m
   ...

Ignored nodes: comments, script, style
[36m<html>[39m
  [36m<head />[39m
  [36m<body>[39m
    [36m<div>[39m
      [36m<div[39m
        [33mclass[39m=[32m"single-job-view"[39m
      [36m>[39m
        [36m<header[39m
          [33mclass[39m=[32m"job-header"[39m
        [36m>[39m
          [36m<div[39m
            [33mclass[39m=[32m"header-content"[39m
          [36m>[39m
            [36m<div[39m
              [33mclass[39m=[32m"header-left"[39m
            [36m>[39m
              [36m<button[39m
                [33maria-label[39m=[32m"Go back to job list"[39m
                [33mclass[39m=[32m"back-button"[39m
              [36m>[39m
                [36m<svg[39m
                  [33mclass[39m=[32m"w-6 h-6"[39m
                  [33mfill[39m=[32m"none"[39m
                  [33mstroke[39m=[32m"currentColor"[39m
                  [33mviewBox[39m=[32m"0 0 24 24"[39m
                [36m>[39m
                  [36m<path[39m
                    [33md[39m=[32m"M10 19l-7-7m0 0l7-7m-7 7h18"[39m
                    [33mstroke-linecap[39m=[32m"round"[39m
                    [33mstroke-linejoin[39m=[32m"round"[39m
                    [33mstroke-width[39m=[32m"2"[39m
                  [36m/>[39m
                [36m</svg>[39m
              [36m</button>[39m
              [36m<h1[39m
                [33mclass[39m=[32m"job-title-main"[39m
              [36m>[39m
                [0mJob #[0m
                [0m1[0m
              [36m</h1>[39m
            [36m</div>[39m
          [36m</div>[39m
          [36m<div[39m
            [33mclass[39m=[32m"job-title-section"[39m
          [36m>[39m
            [36m<div[39m
              [33mclass[39m=[32m"job-title-static"[39m
            [36m>[39m
              [36m<span[39m
                [33mclass[39m=[32m"job-title-text"[39m
              [36m>[39m
                [0mTest Job[0m
              [36m</span>[39m
            [36m</div>[39m
          [36m</div>[39m
        [36m</header>[39m
        [36m<div[39m
          [33mclass[39m=[32m"tab-navigation"[39m
        [36m>[39m
          [36m<button[39m
            [33mclass[39m=[32m"tab-button active"[39m
            [33mdata-tab[39m=[32m"overview"[39m
          [36m>[39m
            [0mOverview[0m
          [36m</button>[39m
          [36m<button[39m
            [33mclass[39m=[32m"tab-button "[39m
            [33mdata-tab[39m=[32m"images"[39m
          [36m>[39m
            [0mImages[0m
          [36m</button>[39m
        [36m</div>[39m
        [36m<main[39m
          [33mclass[39m=[32m"tab-content-container"[39m
        [36m>[39m
          [36m<div[39m
            [33mclass[39m=[32m"tab-content active"[39m
            [33mid[39m=[32m"overview"[39m
          [36m>[39m
            [36m<div[39m
              [33mclass[39m=[32m"overview-content"[39m
            [36m>[39m
              [36m<div[39m
                [33mclass[39m=[32m"info-grid"[39m
              [36m>[39m
                [36m<div[39m
                  [33mclass[39m=[32m"info-card"[39m
                [36m>[39m
                  [36m<div[39m
                    [33mclass[39m=[32m"info-label"[39m
                  [36m>[39m
                    [0mJob ID[0m
                  [36m</div>[39m
                  [36m<div[39m
                    [33mclass[39m=[32m"info-value"[39m
                  [36m>[39m
                    [0mJOB-[0m
                    [0m1[0m
                  [36m</div>[39m
                [36m</div>[39m
                [36m<div[39m
                  [33mclass[39m=[32m"info-card"[39m
                [36m>[39m
                  [36m<div[39m
                    [33mclass[39m=[32m"info-label"[39m
                  [36m>[39m
                    [0mStatus[0m
                  [36m</div>[39m
                  [36m<div[39m
                    [33mclass[39m=[32m"info-value"[39m
                  [36m>[39m
                    [36m<span[39m
                      [33mclass[39m=[32m"inline-flex items-center gap-1 px-2 py-1 rounded-full text-sm font-medium border bg-green-100 text-green-800 border-green-200"[39m
                    [36m>[39m
                      [36m<svg[39m
                        [33maria-hidden[39m=[32m"true"[39m
                        [33mclass[39m=[32m"w-4 h-4"[39m
                        [33mfill[39m=[32m"none"[39m
                        [33mstroke[39m=[32m"currentColor"[39m
                        [33mviewBox[39m=[32m"0 0 24 24"[39m
                      [36m>[39m
                        [36m<path[39m
                          [33md[39m=[32m"M5 13l4 4L19 7"[39m
                          [33mstroke-linecap[39m=[32m"round"[39m
                          [33mstroke-linejoin[39m=[32m"round"[39m
                          [33mstroke-width[39m=[32m"2"[39m
                        [36m/>[39m
                      [36m</svg>[39m
                      [0mCompleted[0m
                    [36m</span>[39m
                  [36m</div>[39m
                [36m</div>[39m
                [36m<div[39m
                  [33mclass[39m=[32m"info-card"[39m
                [36m>[39m
                  [36m<div[39m
                    [33mclass[39m=[32m"info-label"[39m
                  [36m>[39m
                    [0mStart Time[0m
                  [36m</div>[39m
                  [36m<div[39m
                    [33mclass[39m=[32m"info-value"[39m
                  [36m>[39m
                    [0m1/1/2024, 12:00:00 PM[0m
                  [36m</div>[39m
                [36m</div>[39m
                [36m<div[39m
                  [33mclass[39m=[32m"info-card"[39m
                [36m>[39m
                  [36m<div[39m
                    [33mclass[39m=[32m"info-label"[39m
                  [36m>[39m
                    [0mDuration[0m
                  [36m</div>[39m
                  [36m<div[39m
                    [33mclass[39m=[32m"info-value"[39m
                  [36m>[39m
                    [0m5m[0m
                  [36m</div>[39m
                [36m</div>[39m
                [36m<div[39m
                  [33mclass[39m=[32m"info-card"[39m
                [36m>[39m
                  [36m<div[39m
                    [33mclass[39m=[32m"info-label"[39m
                  [36m>[39m
                    [0mSuccess Rate[0m
                  [36m</div>[39m
                  [36m<div[39m
                    [33mclass[39m=[32m"info-value"[39m
                  [36m>[39m
                    [0mN/A[0m
                  [36m</div>[39m
                [36m</div>[39m
              [36m</div>[39m
              [36m<h2[39m
                [33mclass[39m=[32m"section-title"[39m
              [36m>[39m
                [0...
   × SingleJobView > Action Buttons > handles delete button click 1012ms
     → Unable to find role="heading" and name "Test Job"

Ignored nodes: comments, script, style
[36m<body>[39m
  [36m<div>[39m
    [36m<div[39m
      [33mclass[39m=[32m"single-job-view"[39m
    [36m>[39m
      [36m<header[39m
        [33mclass[39m=[32m"job-header"[39m
      [36m>[39m
        [36m<div[39m
          [33mclass[39m=[32m"header-content"[39m
        [36m>[39m
          [36m<div[39m
            [33mclass[39m=[32m"header-left"[39m
          [36m>[39m
            [36m<button[39m
              [33maria-label[39m=[32m"Go back to job list"[39m
              [33mclass[39m=[32m"back-button"[39m
            [36m>[39m
              [36m<svg[39m
                [33mclass[39m=[32m"w-6 h-6"[39m
                [33mfill[39m=[32m"none"[39m
                [33mstroke[39m=[32m"currentColor"[39m
                [33mviewBox[39m=[32m"0 0 24 24"[39m
              [36m>[39m
                [36m<path[39m
                  [33md[39m=[32m"M10 19l-7-7m0 0l7-7m-7 7h18"[39m
                  [33mstroke-linecap[39m=[32m"round"[39m
                  [33mstroke-linejoin[39m=[32m"round"[39m
                  [33mstroke-width[39m=[32m"2"[39m
                [36m/>[39m
              [36m</svg>[39m
            [36m</button>[39m
            [36m<h1[39m
              [33mclass[39m=[32m"job-title-main"[39m
            [36m>[39m
              [0mJob #[0m
              [0m1[0m
            [36m</h1>[39m
          [36m</div>[39m
        [36m</div>[39m
        [36m<div[39m
          [33mclass[39m=[32m"job-title-section"[39m
        [36m>[39m
          [36m<div[39m
            [33mclass[39m=[32m"job-title-static"[39m
          [36m>[39m
            [36m<span[39m
              [33mclass[39m=[32m"job-title-text"[39m
            [36m>[39m
              [0mTest Job[0m
            [36m</span>[39m
          [36m</div>[39m
        [36m</div>[39m
      [36m</header>[39m
      [36m<div[39m
        [33mclass[39m=[32m"tab-navigation"[39m
      [36m>[39m
        [36m<button[39m
          [33mclass[39m=[32m"tab-button active"[39m
          [33mdata-tab[39m=[32m"overview"[39m
        [36m>[39m
          [0mOverview[0m
        [36m</button>[39m
        [36m<button[39m
          [33mclass[39m=[32m"tab-button "[39m
          [33mdata-tab[39m=[32m"images"[39m
        [36m>[39m
          [0mImages[0m
        [36m</button>[39m
      [36m</div>[39m
      [36m<main[39m
        [33mclass[39m=[32m"tab-content-container"[39m
      [36m>[39m
        [36m<div[39m
          [33mclass[39m=[32m"tab-content active"[39m
          [33mid[39m=[32m"overview"[39m
        [36m>[39m
          [36m<div[39m
            [33mclass[39m=[32m"overview-content"[39m
          [36m>[39m
            [36m<div[39m
              [33mclass[39m=[32m"info-grid"[39m
            [36m>[39m
              [36m<div[39m
                [33mclass[39m=[32m"info-card"[39m
              [36m>[39m
                [36m<div[39m
                  [33mclass[39m=[32m"info-label"[39m
                [36m>[39m
                  [0mJob ID[0m
                [36m</div>[39m
                [36m<div[39m
                  [33mclass[39m=[32m"info-value"[39m
                [36m>[39m
                  [0mJOB-[0m
                  [0m1[0m
                [36m</div>[39m
              [36m</div>[39m
              [36m<div[39m
                [33mclass[39m=[32m"info-card"[39m
              [36m>[39m
                [36m<div[39m
                  [33mclass[39m=[32m"info-label"[39m
                [36m>[39m
                  [0mStatus[0m
                [36m</div>[39m
                [36m<div[39m
                  [33mclass[39m=[32m"info-value"[39m
                [36m>[39m
                  [36m<span[39m
                    [33mclass[39m=[32m"inline-flex items-center gap-1 px-2 py-1 rounded-full text-sm font-medium border bg-green-100 text-green-800 border-green-200"[39m
                  [36m>[39m
                    [36m<svg[39m
                      [33maria-hidden[39m=[32m"true"[39m
                      [33mclass[39m=[32m"w-4 h-4"[39m
                      [33mfill[39m=[32m"none"[39m
                      [33mstroke[39m=[32m"currentColor"[39m
                      [33mviewBox[39m=[32m"0 0 24 24"[39m
                    [36m>[39m
                      [36m<path[39m
                        [33md[39m=[32m"M5 13l4 4L19 7"[39m
                        [33mstroke-linecap[39m=[32m"round"[39m
                        [33mstroke-linejoin[39m=[32m"round"[39m
                        [33mstroke-width[39m=[32m"2"[39m
                      [36m/>[39m
                    [36m</svg>[39m
                    [0mCompleted[0m
                  [36m</span>[39m
                [36m</div>[39m
              [36m</div>[39m
              [36m<div[39m
                [33mclass[39m=[32m"info-card"[39m
              [36m>[39m
                [36m<div[39m
                  [33mclass[39m=[32m"info-label"[39m
                [36m>[39m
                  [0mStart Time[0m
                [36m</div>[39m
                [36m<div[39m
                  [33mclass[39m=[32m"info-value"[39m
                [36m>[39m
                  [0m1/1/2024, 12:00:00 PM[0m
                [36m</div>[39m
              [36m</div>[39m
              [36m<div[39m
                [33mclass[39m=[32m"info-card"[39m
              [36m>[39m
                [36m<div[39m
                  [33mclass[39m=[32m"info-label"[39m
                [36m>[39m
                  [0mDuration[0m
                [36m</div>[39m
                [36m<div[39m
                  [33mclass[39m=[32m"info-value"[39m
                [36m>[39m
                  [0m5m[0m
                [36m</div>[39m
              [36m</div>[39m
              [36m<div[39m
                [33mclass[39m=[32m"info-card"[39m
              [36m>[39m
                [36m<div[39m
                  [33mclass[39m=[32m"info-label"[39m
                [36m>[39m
                  [0mSuccess Rate[0m
                [36m</div>[39m
                [36m<div[39m
                  [33mclass[39m=[32m"info-value"[39m
                [36m>[39m
                  [0mN/A[0m
                [36m</div>[39m
              [36m</div>[39m
            [36m</div>[39m
            [36m<h2[39m
              [33mclass[39m=[32m"section-title"[39m
            [36m>[39m
              [0mGenerated Images Summary[0m
            [36m</h2>[39m
            [36m<div[39m
              [33mclass[39m=[32m"stats-grid"[39m
            [36m>[39m
              [36m<div[39m
                [33mclass[39m=[32m"stats-card"[39m
              [36m>[39m
                [36m<div[39m
                  [33mclass[39m=[32m"stats-label"[39m
                [36m>[39m
   ...

Ignored nodes: comments, script, style
[36m<html>[39m
  [36m<head />[39m
  [36m<body>[39m
    [36m<div>[39m
      [36m<div[39m
        [33mclass[39m=[32m"single-job-view"[39m
      [36m>[39m
        [36m<header[39m
          [33mclass[39m=[32m"job-header"[39m
        [36m>[39m
          [36m<div[39m
            [33mclass[39m=[32m"header-content"[39m
          [36m>[39m
            [36m<div[39m
              [33mclass[39m=[32m"header-left"[39m
            [36m>[39m
              [36m<button[39m
                [33maria-label[39m=[32m"Go back to job list"[39m
                [33mclass[39m=[32m"back-button"[39m
              [36m>[39m
                [36m<svg[39m
                  [33mclass[39m=[32m"w-6 h-6"[39m
                  [33mfill[39m=[32m"none"[39m
                  [33mstroke[39m=[32m"currentColor"[39m
                  [33mviewBox[39m=[32m"0 0 24 24"[39m
                [36m>[39m
                  [36m<path[39m
                    [33md[39m=[32m"M10 19l-7-7m0 0l7-7m-7 7h18"[39m
                    [33mstroke-linecap[39m=[32m"round"[39m
                    [33mstroke-linejoin[39m=[32m"round"[39m
                    [33mstroke-width[39m=[32m"2"[39m
                  [36m/>[39m
                [36m</svg>[39m
              [36m</button>[39m
              [36m<h1[39m
                [33mclass[39m=[32m"job-title-main"[39m
              [36m>[39m
                [0mJob #[0m
                [0m1[0m
              [36m</h1>[39m
            [36m</div>[39m
          [36m</div>[39m
          [36m<div[39m
            [33mclass[39m=[32m"job-title-section"[39m
          [36m>[39m
            [36m<div[39m
              [33mclass[39m=[32m"job-title-static"[39m
            [36m>[39m
              [36m<span[39m
                [33mclass[39m=[32m"job-title-text"[39m
              [36m>[39m
                [0mTest Job[0m
              [36m</span>[39m
            [36m</div>[39m
          [36m</div>[39m
        [36m</header>[39m
        [36m<div[39m
          [33mclass[39m=[32m"tab-navigation"[39m
        [36m>[39m
          [36m<button[39m
            [33mclass[39m=[32m"tab-button active"[39m
            [33mdata-tab[39m=[32m"overview"[39m
          [36m>[39m
            [0mOverview[0m
          [36m</button>[39m
          [36m<button[39m
            [33mclass[39m=[32m"tab-button "[39m
            [33mdata-tab[39m=[32m"images"[39m
          [36m>[39m
            [0mImages[0m
          [36m</button>[39m
        [36m</div>[39m
        [36m<main[39m
          [33mclass[39m=[32m"tab-content-container"[39m
        [36m>[39m
          [36m<div[39m
            [33mclass[39m=[32m"tab-content active"[39m
            [33mid[39m=[32m"overview"[39m
          [36m>[39m
            [36m<div[39m
              [33mclass[39m=[32m"overview-content"[39m
            [36m>[39m
              [36m<div[39m
                [33mclass[39m=[32m"info-grid"[39m
              [36m>[39m
                [36m<div[39m
                  [33mclass[39m=[32m"info-card"[39m
                [36m>[39m
                  [36m<div[39m
                    [33mclass[39m=[32m"info-label"[39m
                  [36m>[39m
                    [0mJob ID[0m
                  [36m</div>[39m
                  [36m<div[39m
                    [33mclass[39m=[32m"info-value"[39m
                  [36m>[39m
                    [0mJOB-[0m
                    [0m1[0m
                  [36m</div>[39m
                [36m</div>[39m
                [36m<div[39m
                  [33mclass[39m=[32m"info-card"[39m
                [36m>[39m
                  [36m<div[39m
                    [33mclass[39m=[32m"info-label"[39m
                  [36m>[39m
                    [0mStatus[0m
                  [36m</div>[39m
                  [36m<div[39m
                    [33mclass[39m=[32m"info-value"[39m
                  [36m>[39m
                    [36m<span[39m
                      [33mclass[39m=[32m"inline-flex items-center gap-1 px-2 py-1 rounded-full text-sm font-medium border bg-green-100 text-green-800 border-green-200"[39m
                    [36m>[39m
                      [36m<svg[39m
                        [33maria-hidden[39m=[32m"true"[39m
                        [33mclass[39m=[32m"w-4 h-4"[39m
                        [33mfill[39m=[32m"none"[39m
                        [33mstroke[39m=[32m"currentColor"[39m
                        [33mviewBox[39m=[32m"0 0 24 24"[39m
                      [36m>[39m
                        [36m<path[39m
                          [33md[39m=[32m"M5 13l4 4L19 7"[39m
                          [33mstroke-linecap[39m=[32m"round"[39m
                          [33mstroke-linejoin[39m=[32m"round"[39m
                          [33mstroke-width[39m=[32m"2"[39m
                        [36m/>[39m
                      [36m</svg>[39m
                      [0mCompleted[0m
                    [36m</span>[39m
                  [36m</div>[39m
                [36m</div>[39m
                [36m<div[39m
                  [33mclass[39m=[32m"info-card"[39m
                [36m>[39m
                  [36m<div[39m
                    [33mclass[39m=[32m"info-label"[39m
                  [36m>[39m
                    [0mStart Time[0m
                  [36m</div>[39m
                  [36m<div[39m
                    [33mclass[39m=[32m"info-value"[39m
                  [36m>[39m
                    [0m1/1/2024, 12:00:00 PM[0m
                  [36m</div>[39m
                [36m</div>[39m
                [36m<div[39m
                  [33mclass[39m=[32m"info-card"[39m
                [36m>[39m
                  [36m<div[39m
                    [33mclass[39m=[32m"info-label"[39m
                  [36m>[39m
                    [0mDuration[0m
                  [36m</div>[39m
                  [36m<div[39m
                    [33mclass[39m=[32m"info-value"[39m
                  [36m>[39m
                    [0m5m[0m
                  [36m</div>[39m
                [36m</div>[39m
                [36m<div[39m
                  [33mclass[39m=[32m"info-card"[39m
                [36m>[39m
                  [36m<div[39m
                    [33mclass[39m=[32m"info-label"[39m
                  [36m>[39m
                    [0mSuccess Rate[0m
                  [36m</div>[39m
                  [36m<div[39m
                    [33mclass[39m=[32m"info-value"[39m
                  [36m>[39m
                    [0mN/A[0m
                  [36m</div>[39m
                [36m</div>[39m
              [36m</div>[39m
              [36m<h2[39m
                [33mclass[39m=[32m"section-title"[39m
              [36m>[39m
                [0...
   × SingleJobView > Action Buttons > handles delete button keyboard navigation 1011ms
     → Unable to find role="heading" and name "Test Job"

Ignored nodes: comments, script, style
[36m<body>[39m
  [36m<div>[39m
    [36m<div[39m
      [33mclass[39m=[32m"single-job-view"[39m
    [36m>[39m
      [36m<header[39m
        [33mclass[39m=[32m"job-header"[39m
      [36m>[39m
        [36m<div[39m
          [33mclass[39m=[32m"header-content"[39m
        [36m>[39m
          [36m<div[39m
            [33mclass[39m=[32m"header-left"[39m
          [36m>[39m
            [36m<button[39m
              [33maria-label[39m=[32m"Go back to job list"[39m
              [33mclass[39m=[32m"back-button"[39m
            [36m>[39m
              [36m<svg[39m
                [33mclass[39m=[32m"w-6 h-6"[39m
                [33mfill[39m=[32m"none"[39m
                [33mstroke[39m=[32m"currentColor"[39m
                [33mviewBox[39m=[32m"0 0 24 24"[39m
              [36m>[39m
                [36m<path[39m
                  [33md[39m=[32m"M10 19l-7-7m0 0l7-7m-7 7h18"[39m
                  [33mstroke-linecap[39m=[32m"round"[39m
                  [33mstroke-linejoin[39m=[32m"round"[39m
                  [33mstroke-width[39m=[32m"2"[39m
                [36m/>[39m
              [36m</svg>[39m
            [36m</button>[39m
            [36m<h1[39m
              [33mclass[39m=[32m"job-title-main"[39m
            [36m>[39m
              [0mJob #[0m
              [0m1[0m
            [36m</h1>[39m
          [36m</div>[39m
        [36m</div>[39m
        [36m<div[39m
          [33mclass[39m=[32m"job-title-section"[39m
        [36m>[39m
          [36m<div[39m
            [33mclass[39m=[32m"job-title-static"[39m
          [36m>[39m
            [36m<span[39m
              [33mclass[39m=[32m"job-title-text"[39m
            [36m>[39m
              [0mTest Job[0m
            [36m</span>[39m
          [36m</div>[39m
        [36m</div>[39m
      [36m</header>[39m
      [36m<div[39m
        [33mclass[39m=[32m"tab-navigation"[39m
      [36m>[39m
        [36m<button[39m
          [33mclass[39m=[32m"tab-button active"[39m
          [33mdata-tab[39m=[32m"overview"[39m
        [36m>[39m
          [0mOverview[0m
        [36m</button>[39m
        [36m<button[39m
          [33mclass[39m=[32m"tab-button "[39m
          [33mdata-tab[39m=[32m"images"[39m
        [36m>[39m
          [0mImages[0m
        [36m</button>[39m
      [36m</div>[39m
      [36m<main[39m
        [33mclass[39m=[32m"tab-content-container"[39m
      [36m>[39m
        [36m<div[39m
          [33mclass[39m=[32m"tab-content active"[39m
          [33mid[39m=[32m"overview"[39m
        [36m>[39m
          [36m<div[39m
            [33mclass[39m=[32m"overview-content"[39m
          [36m>[39m
            [36m<div[39m
              [33mclass[39m=[32m"info-grid"[39m
            [36m>[39m
              [36m<div[39m
                [33mclass[39m=[32m"info-card"[39m
              [36m>[39m
                [36m<div[39m
                  [33mclass[39m=[32m"info-label"[39m
                [36m>[39m
                  [0mJob ID[0m
                [36m</div>[39m
                [36m<div[39m
                  [33mclass[39m=[32m"info-value"[39m
                [36m>[39m
                  [0mJOB-[0m
                  [0m1[0m
                [36m</div>[39m
              [36m</div>[39m
              [36m<div[39m
                [33mclass[39m=[32m"info-card"[39m
              [36m>[39m
                [36m<div[39m
                  [33mclass[39m=[32m"info-label"[39m
                [36m>[39m
                  [0mStatus[0m
                [36m</div>[39m
                [36m<div[39m
                  [33mclass[39m=[32m"info-value"[39m
                [36m>[39m
                  [36m<span[39m
                    [33mclass[39m=[32m"inline-flex items-center gap-1 px-2 py-1 rounded-full text-sm font-medium border bg-green-100 text-green-800 border-green-200"[39m
                  [36m>[39m
                    [36m<svg[39m
                      [33maria-hidden[39m=[32m"true"[39m
                      [33mclass[39m=[32m"w-4 h-4"[39m
                      [33mfill[39m=[32m"none"[39m
                      [33mstroke[39m=[32m"currentColor"[39m
                      [33mviewBox[39m=[32m"0 0 24 24"[39m
                    [36m>[39m
                      [36m<path[39m
                        [33md[39m=[32m"M5 13l4 4L19 7"[39m
                        [33mstroke-linecap[39m=[32m"round"[39m
                        [33mstroke-linejoin[39m=[32m"round"[39m
                        [33mstroke-width[39m=[32m"2"[39m
                      [36m/>[39m
                    [36m</svg>[39m
                    [0mCompleted[0m
                  [36m</span>[39m
                [36m</div>[39m
              [36m</div>[39m
              [36m<div[39m
                [33mclass[39m=[32m"info-card"[39m
              [36m>[39m
                [36m<div[39m
                  [33mclass[39m=[32m"info-label"[39m
                [36m>[39m
                  [0mStart Time[0m
                [36m</div>[39m
                [36m<div[39m
                  [33mclass[39m=[32m"info-value"[39m
                [36m>[39m
                  [0m1/1/2024, 12:00:00 PM[0m
                [36m</div>[39m
              [36m</div>[39m
              [36m<div[39m
                [33mclass[39m=[32m"info-card"[39m
              [36m>[39m
                [36m<div[39m
                  [33mclass[39m=[32m"info-label"[39m
                [36m>[39m
                  [0mDuration[0m
                [36m</div>[39m
                [36m<div[39m
                  [33mclass[39m=[32m"info-value"[39m
                [36m>[39m
                  [0m5m[0m
                [36m</div>[39m
              [36m</div>[39m
              [36m<div[39m
                [33mclass[39m=[32m"info-card"[39m
              [36m>[39m
                [36m<div[39m
                  [33mclass[39m=[32m"info-label"[39m
                [36m>[39m
                  [0mSuccess Rate[0m
                [36m</div>[39m
                [36m<div[39m
                  [33mclass[39m=[32m"info-value"[39m
                [36m>[39m
                  [0mN/A[0m
                [36m</div>[39m
              [36m</div>[39m
            [36m</div>[39m
            [36m<h2[39m
              [33mclass[39m=[32m"section-title"[39m
            [36m>[39m
              [0mGenerated Images Summary[0m
            [36m</h2>[39m
            [36m<div[39m
              [33mclass[39m=[32m"stats-grid"[39m
            [36m>[39m
              [36m<div[39m
                [33mclass[39m=[32m"stats-card"[39m
              [36m>[39m
                [36m<div[39m
                  [33mclass[39m=[32m"stats-label"[39m
                [36m>[39m
   ...

Ignored nodes: comments, script, style
[36m<html>[39m
  [36m<head />[39m
  [36m<body>[39m
    [36m<div>[39m
      [36m<div[39m
        [33mclass[39m=[32m"single-job-view"[39m
      [36m>[39m
        [36m<header[39m
          [33mclass[39m=[32m"job-header"[39m
        [36m>[39m
          [36m<div[39m
            [33mclass[39m=[32m"header-content"[39m
          [36m>[39m
            [36m<div[39m
              [33mclass[39m=[32m"header-left"[39m
            [36m>[39m
              [36m<button[39m
                [33maria-label[39m=[32m"Go back to job list"[39m
                [33mclass[39m=[32m"back-button"[39m
              [36m>[39m
                [36m<svg[39m
                  [33mclass[39m=[32m"w-6 h-6"[39m
                  [33mfill[39m=[32m"none"[39m
                  [33mstroke[39m=[32m"currentColor"[39m
                  [33mviewBox[39m=[32m"0 0 24 24"[39m
                [36m>[39m
                  [36m<path[39m
                    [33md[39m=[32m"M10 19l-7-7m0 0l7-7m-7 7h18"[39m
                    [33mstroke-linecap[39m=[32m"round"[39m
                    [33mstroke-linejoin[39m=[32m"round"[39m
                    [33mstroke-width[39m=[32m"2"[39m
                  [36m/>[39m
                [36m</svg>[39m
              [36m</button>[39m
              [36m<h1[39m
                [33mclass[39m=[32m"job-title-main"[39m
              [36m>[39m
                [0mJob #[0m
                [0m1[0m
              [36m</h1>[39m
            [36m</div>[39m
          [36m</div>[39m
          [36m<div[39m
            [33mclass[39m=[32m"job-title-section"[39m
          [36m>[39m
            [36m<div[39m
              [33mclass[39m=[32m"job-title-static"[39m
            [36m>[39m
              [36m<span[39m
                [33mclass[39m=[32m"job-title-text"[39m
              [36m>[39m
                [0mTest Job[0m
              [36m</span>[39m
            [36m</div>[39m
          [36m</div>[39m
        [36m</header>[39m
        [36m<div[39m
          [33mclass[39m=[32m"tab-navigation"[39m
        [36m>[39m
          [36m<button[39m
            [33mclass[39m=[32m"tab-button active"[39m
            [33mdata-tab[39m=[32m"overview"[39m
          [36m>[39m
            [0mOverview[0m
          [36m</button>[39m
          [36m<button[39m
            [33mclass[39m=[32m"tab-button "[39m
            [33mdata-tab[39m=[32m"images"[39m
          [36m>[39m
            [0mImages[0m
          [36m</button>[39m
        [36m</div>[39m
        [36m<main[39m
          [33mclass[39m=[32m"tab-content-container"[39m
        [36m>[39m
          [36m<div[39m
            [33mclass[39m=[32m"tab-content active"[39m
            [33mid[39m=[32m"overview"[39m
          [36m>[39m
            [36m<div[39m
              [33mclass[39m=[32m"overview-content"[39m
            [36m>[39m
              [36m<div[39m
                [33mclass[39m=[32m"info-grid"[39m
              [36m>[39m
                [36m<div[39m
                  [33mclass[39m=[32m"info-card"[39m
                [36m>[39m
                  [36m<div[39m
                    [33mclass[39m=[32m"info-label"[39m
                  [36m>[39m
                    [0mJob ID[0m
                  [36m</div>[39m
                  [36m<div[39m
                    [33mclass[39m=[32m"info-value"[39m
                  [36m>[39m
                    [0mJOB-[0m
                    [0m1[0m
                  [36m</div>[39m
                [36m</div>[39m
                [36m<div[39m
                  [33mclass[39m=[32m"info-card"[39m
                [36m>[39m
                  [36m<div[39m
                    [33mclass[39m=[32m"info-label"[39m
                  [36m>[39m
                    [0mStatus[0m
                  [36m</div>[39m
                  [36m<div[39m
                    [33mclass[39m=[32m"info-value"[39m
                  [36m>[39m
                    [36m<span[39m
                      [33mclass[39m=[32m"inline-flex items-center gap-1 px-2 py-1 rounded-full text-sm font-medium border bg-green-100 text-green-800 border-green-200"[39m
                    [36m>[39m
                      [36m<svg[39m
                        [33maria-hidden[39m=[32m"true"[39m
                        [33mclass[39m=[32m"w-4 h-4"[39m
                        [33mfill[39m=[32m"none"[39m
                        [33mstroke[39m=[32m"currentColor"[39m
                        [33mviewBox[39m=[32m"0 0 24 24"[39m
                      [36m>[39m
                        [36m<path[39m
                          [33md[39m=[32m"M5 13l4 4L19 7"[39m
                          [33mstroke-linecap[39m=[32m"round"[39m
                          [33mstroke-linejoin[39m=[32m"round"[39m
                          [33mstroke-width[39m=[32m"2"[39m
                        [36m/>[39m
                      [36m</svg>[39m
                      [0mCompleted[0m
                    [36m</span>[39m
                  [36m</div>[39m
                [36m</div>[39m
                [36m<div[39m
                  [33mclass[39m=[32m"info-card"[39m
                [36m>[39m
                  [36m<div[39m
                    [33mclass[39m=[32m"info-label"[39m
                  [36m>[39m
                    [0mStart Time[0m
                  [36m</div>[39m
                  [36m<div[39m
                    [33mclass[39m=[32m"info-value"[39m
                  [36m>[39m
                    [0m1/1/2024, 12:00:00 PM[0m
                  [36m</div>[39m
                [36m</div>[39m
                [36m<div[39m
                  [33mclass[39m=[32m"info-card"[39m
                [36m>[39m
                  [36m<div[39m
                    [33mclass[39m=[32m"info-label"[39m
                  [36m>[39m
                    [0mDuration[0m
                  [36m</div>[39m
                  [36m<div[39m
                    [33mclass[39m=[32m"info-value"[39m
                  [36m>[39m
                    [0m5m[0m
                  [36m</div>[39m
                [36m</div>[39m
                [36m<div[39m
                  [33mclass[39m=[32m"info-card"[39m
                [36m>[39m
                  [36m<div[39m
                    [33mclass[39m=[32m"info-label"[39m
                  [36m>[39m
                    [0mSuccess Rate[0m
                  [36m</div>[39m
                  [36m<div[39m
                    [33mclass[39m=[32m"info-value"[39m
                  [36m>[39m
                    [0mN/A[0m
                  [36m</div>[39m
                [36m</div>[39m
              [36m</div>[39m
              [36m<h2[39m
                [33mclass[39m=[32m"section-title"[39m
              [36m>[39m
                [0...
   × SingleJobView > Delete Confirmation > shows delete confirmation dialog 1010ms
     → Unable to find role="heading" and name "Test Job"

Ignored nodes: comments, script, style
[36m<body>[39m
  [36m<div>[39m
    [36m<div[39m
      [33mclass[39m=[32m"single-job-view"[39m
    [36m>[39m
      [36m<header[39m
        [33mclass[39m=[32m"job-header"[39m
      [36m>[39m
        [36m<div[39m
          [33mclass[39m=[32m"header-content"[39m
        [36m>[39m
          [36m<div[39m
            [33mclass[39m=[32m"header-left"[39m
          [36m>[39m
            [36m<button[39m
              [33maria-label[39m=[32m"Go back to job list"[39m
              [33mclass[39m=[32m"back-button"[39m
            [36m>[39m
              [36m<svg[39m
                [33mclass[39m=[32m"w-6 h-6"[39m
                [33mfill[39m=[32m"none"[39m
                [33mstroke[39m=[32m"currentColor"[39m
                [33mviewBox[39m=[32m"0 0 24 24"[39m
              [36m>[39m
                [36m<path[39m
                  [33md[39m=[32m"M10 19l-7-7m0 0l7-7m-7 7h18"[39m
                  [33mstroke-linecap[39m=[32m"round"[39m
                  [33mstroke-linejoin[39m=[32m"round"[39m
                  [33mstroke-width[39m=[32m"2"[39m
                [36m/>[39m
              [36m</svg>[39m
            [36m</button>[39m
            [36m<h1[39m
              [33mclass[39m=[32m"job-title-main"[39m
            [36m>[39m
              [0mJob #[0m
              [0m1[0m
            [36m</h1>[39m
          [36m</div>[39m
        [36m</div>[39m
        [36m<div[39m
          [33mclass[39m=[32m"job-title-section"[39m
        [36m>[39m
          [36m<div[39m
            [33mclass[39m=[32m"job-title-static"[39m
          [36m>[39m
            [36m<span[39m
              [33mclass[39m=[32m"job-title-text"[39m
            [36m>[39m
              [0mTest Job[0m
            [36m</span>[39m
          [36m</div>[39m
        [36m</div>[39m
      [36m</header>[39m
      [36m<div[39m
        [33mclass[39m=[32m"tab-navigation"[39m
      [36m>[39m
        [36m<button[39m
          [33mclass[39m=[32m"tab-button active"[39m
          [33mdata-tab[39m=[32m"overview"[39m
        [36m>[39m
          [0mOverview[0m
        [36m</button>[39m
        [36m<button[39m
          [33mclass[39m=[32m"tab-button "[39m
          [33mdata-tab[39m=[32m"images"[39m
        [36m>[39m
          [0mImages[0m
        [36m</button>[39m
      [36m</div>[39m
      [36m<main[39m
        [33mclass[39m=[32m"tab-content-container"[39m
      [36m>[39m
        [36m<div[39m
          [33mclass[39m=[32m"tab-content active"[39m
          [33mid[39m=[32m"overview"[39m
        [36m>[39m
          [36m<div[39m
            [33mclass[39m=[32m"overview-content"[39m
          [36m>[39m
            [36m<div[39m
              [33mclass[39m=[32m"info-grid"[39m
            [36m>[39m
              [36m<div[39m
                [33mclass[39m=[32m"info-card"[39m
              [36m>[39m
                [36m<div[39m
                  [33mclass[39m=[32m"info-label"[39m
                [36m>[39m
                  [0mJob ID[0m
                [36m</div>[39m
                [36m<div[39m
                  [33mclass[39m=[32m"info-value"[39m
                [36m>[39m
                  [0mJOB-[0m
                  [0m1[0m
                [36m</div>[39m
              [36m</div>[39m
              [36m<div[39m
                [33mclass[39m=[32m"info-card"[39m
              [36m>[39m
                [36m<div[39m
                  [33mclass[39m=[32m"info-label"[39m
                [36m>[39m
                  [0mStatus[0m
                [36m</div>[39m
                [36m<div[39m
                  [33mclass[39m=[32m"info-value"[39m
                [36m>[39m
                  [36m<span[39m
                    [33mclass[39m=[32m"inline-flex items-center gap-1 px-2 py-1 rounded-full text-sm font-medium border bg-green-100 text-green-800 border-green-200"[39m
                  [36m>[39m
                    [36m<svg[39m
                      [33maria-hidden[39m=[32m"true"[39m
                      [33mclass[39m=[32m"w-4 h-4"[39m
                      [33mfill[39m=[32m"none"[39m
                      [33mstroke[39m=[32m"currentColor"[39m
                      [33mviewBox[39m=[32m"0 0 24 24"[39m
                    [36m>[39m
                      [36m<path[39m
                        [33md[39m=[32m"M5 13l4 4L19 7"[39m
                        [33mstroke-linecap[39m=[32m"round"[39m
                        [33mstroke-linejoin[39m=[32m"round"[39m
                        [33mstroke-width[39m=[32m"2"[39m
                      [36m/>[39m
                    [36m</svg>[39m
                    [0mCompleted[0m
                  [36m</span>[39m
                [36m</div>[39m
              [36m</div>[39m
              [36m<div[39m
                [33mclass[39m=[32m"info-card"[39m
              [36m>[39m
                [36m<div[39m
                  [33mclass[39m=[32m"info-label"[39m
                [36m>[39m
                  [0mStart Time[0m
                [36m</div>[39m
                [36m<div[39m
                  [33mclass[39m=[32m"info-value"[39m
                [36m>[39m
                  [0m1/1/2024, 12:00:00 PM[0m
                [36m</div>[39m
              [36m</div>[39m
              [36m<div[39m
                [33mclass[39m=[32m"info-card"[39m
              [36m>[39m
                [36m<div[39m
                  [33mclass[39m=[32m"info-label"[39m
                [36m>[39m
                  [0mDuration[0m
                [36m</div>[39m
                [36m<div[39m
                  [33mclass[39m=[32m"info-value"[39m
                [36m>[39m
                  [0m5m[0m
                [36m</div>[39m
              [36m</div>[39m
              [36m<div[39m
                [33mclass[39m=[32m"info-card"[39m
              [36m>[39m
                [36m<div[39m
                  [33mclass[39m=[32m"info-label"[39m
                [36m>[39m
                  [0mSuccess Rate[0m
                [36m</div>[39m
                [36m<div[39m
                  [33mclass[39m=[32m"info-value"[39m
                [36m>[39m
                  [0mN/A[0m
                [36m</div>[39m
              [36m</div>[39m
            [36m</div>[39m
            [36m<h2[39m
              [33mclass[39m=[32m"section-title"[39m
            [36m>[39m
              [0mGenerated Images Summary[0m
            [36m</h2>[39m
            [36m<div[39m
              [33mclass[39m=[32m"stats-grid"[39m
            [36m>[39m
              [36m<div[39m
                [33mclass[39m=[32m"stats-card"[39m
              [36m>[39m
                [36m<div[39m
                  [33mclass[39m=[32m"stats-label"[39m
                [36m>[39m
   ...

Ignored nodes: comments, script, style
[36m<html>[39m
  [36m<head />[39m
  [36m<body>[39m
    [36m<div>[39m
      [36m<div[39m
        [33mclass[39m=[32m"single-job-view"[39m
      [36m>[39m
        [36m<header[39m
          [33mclass[39m=[32m"job-header"[39m
        [36m>[39m
          [36m<div[39m
            [33mclass[39m=[32m"header-content"[39m
          [36m>[39m
            [36m<div[39m
              [33mclass[39m=[32m"header-left"[39m
            [36m>[39m
              [36m<button[39m
                [33maria-label[39m=[32m"Go back to job list"[39m
                [33mclass[39m=[32m"back-button"[39m
              [36m>[39m
                [36m<svg[39m
                  [33mclass[39m=[32m"w-6 h-6"[39m
                  [33mfill[39m=[32m"none"[39m
                  [33mstroke[39m=[32m"currentColor"[39m
                  [33mviewBox[39m=[32m"0 0 24 24"[39m
                [36m>[39m
                  [36m<path[39m
                    [33md[39m=[32m"M10 19l-7-7m0 0l7-7m-7 7h18"[39m
                    [33mstroke-linecap[39m=[32m"round"[39m
                    [33mstroke-linejoin[39m=[32m"round"[39m
                    [33mstroke-width[39m=[32m"2"[39m
                  [36m/>[39m
                [36m</svg>[39m
              [36m</button>[39m
              [36m<h1[39m
                [33mclass[39m=[32m"job-title-main"[39m
              [36m>[39m
                [0mJob #[0m
                [0m1[0m
              [36m</h1>[39m
            [36m</div>[39m
          [36m</div>[39m
          [36m<div[39m
            [33mclass[39m=[32m"job-title-section"[39m
          [36m>[39m
            [36m<div[39m
              [33mclass[39m=[32m"job-title-static"[39m
            [36m>[39m
              [36m<span[39m
                [33mclass[39m=[32m"job-title-text"[39m
              [36m>[39m
                [0mTest Job[0m
              [36m</span>[39m
            [36m</div>[39m
          [36m</div>[39m
        [36m</header>[39m
        [36m<div[39m
          [33mclass[39m=[32m"tab-navigation"[39m
        [36m>[39m
          [36m<button[39m
            [33mclass[39m=[32m"tab-button active"[39m
            [33mdata-tab[39m=[32m"overview"[39m
          [36m>[39m
            [0mOverview[0m
          [36m</button>[39m
          [36m<button[39m
            [33mclass[39m=[32m"tab-button "[39m
            [33mdata-tab[39m=[32m"images"[39m
          [36m>[39m
            [0mImages[0m
          [36m</button>[39m
        [36m</div>[39m
        [36m<main[39m
          [33mclass[39m=[32m"tab-content-container"[39m
        [36m>[39m
          [36m<div[39m
            [33mclass[39m=[32m"tab-content active"[39m
            [33mid[39m=[32m"overview"[39m
          [36m>[39m
            [36m<div[39m
              [33mclass[39m=[32m"overview-content"[39m
            [36m>[39m
              [36m<div[39m
                [33mclass[39m=[32m"info-grid"[39m
              [36m>[39m
                [36m<div[39m
                  [33mclass[39m=[32m"info-card"[39m
                [36m>[39m
                  [36m<div[39m
                    [33mclass[39m=[32m"info-label"[39m
                  [36m>[39m
                    [0mJob ID[0m
                  [36m</div>[39m
                  [36m<div[39m
                    [33mclass[39m=[32m"info-value"[39m
                  [36m>[39m
                    [0mJOB-[0m
                    [0m1[0m
                  [36m</div>[39m
                [36m</div>[39m
                [36m<div[39m
                  [33mclass[39m=[32m"info-card"[39m
                [36m>[39m
                  [36m<div[39m
                    [33mclass[39m=[32m"info-label"[39m
                  [36m>[39m
                    [0mStatus[0m
                  [36m</div>[39m
                  [36m<div[39m
                    [33mclass[39m=[32m"info-value"[39m
                  [36m>[39m
                    [36m<span[39m
                      [33mclass[39m=[32m"inline-flex items-center gap-1 px-2 py-1 rounded-full text-sm font-medium border bg-green-100 text-green-800 border-green-200"[39m
                    [36m>[39m
                      [36m<svg[39m
                        [33maria-hidden[39m=[32m"true"[39m
                        [33mclass[39m=[32m"w-4 h-4"[39m
                        [33mfill[39m=[32m"none"[39m
                        [33mstroke[39m=[32m"currentColor"[39m
                        [33mviewBox[39m=[32m"0 0 24 24"[39m
                      [36m>[39m
                        [36m<path[39m
                          [33md[39m=[32m"M5 13l4 4L19 7"[39m
                          [33mstroke-linecap[39m=[32m"round"[39m
                          [33mstroke-linejoin[39m=[32m"round"[39m
                          [33mstroke-width[39m=[32m"2"[39m
                        [36m/>[39m
                      [36m</svg>[39m
                      [0mCompleted[0m
                    [36m</span>[39m
                  [36m</div>[39m
                [36m</div>[39m
                [36m<div[39m
                  [33mclass[39m=[32m"info-card"[39m
                [36m>[39m
                  [36m<div[39m
                    [33mclass[39m=[32m"info-label"[39m
                  [36m>[39m
                    [0mStart Time[0m
                  [36m</div>[39m
                  [36m<div[39m
                    [33mclass[39m=[32m"info-value"[39m
                  [36m>[39m
                    [0m1/1/2024, 12:00:00 PM[0m
                  [36m</div>[39m
                [36m</div>[39m
                [36m<div[39m
                  [33mclass[39m=[32m"info-card"[39m
                [36m>[39m
                  [36m<div[39m
                    [33mclass[39m=[32m"info-label"[39m
                  [36m>[39m
                    [0mDuration[0m
                  [36m</div>[39m
                  [36m<div[39m
                    [33mclass[39m=[32m"info-value"[39m
                  [36m>[39m
                    [0m5m[0m
                  [36m</div>[39m
                [36m</div>[39m
                [36m<div[39m
                  [33mclass[39m=[32m"info-card"[39m
                [36m>[39m
                  [36m<div[39m
                    [33mclass[39m=[32m"info-label"[39m
                  [36m>[39m
                    [0mSuccess Rate[0m
                  [36m</div>[39m
                  [36m<div[39m
                    [33mclass[39m=[32m"info-value"[39m
                  [36m>[39m
                    [0mN/A[0m
                  [36m</div>[39m
                [36m</div>[39m
              [36m</div>[39m
              [36m<h2[39m
                [33mclass[39m=[32m"section-title"[39m
              [36m>[39m
                [0...
   × SingleJobView > Delete Confirmation > handles delete confirmation 1012ms
     → Unable to find role="heading" and name "Test Job"

Ignored nodes: comments, script, style
[36m<body>[39m
  [36m<div>[39m
    [36m<div[39m
      [33mclass[39m=[32m"single-job-view"[39m
    [36m>[39m
      [36m<header[39m
        [33mclass[39m=[32m"job-header"[39m
      [36m>[39m
        [36m<div[39m
          [33mclass[39m=[32m"header-content"[39m
        [36m>[39m
          [36m<div[39m
            [33mclass[39m=[32m"header-left"[39m
          [36m>[39m
            [36m<button[39m
              [33maria-label[39m=[32m"Go back to job list"[39m
              [33mclass[39m=[32m"back-button"[39m
            [36m>[39m
              [36m<svg[39m
                [33mclass[39m=[32m"w-6 h-6"[39m
                [33mfill[39m=[32m"none"[39m
                [33mstroke[39m=[32m"currentColor"[39m
                [33mviewBox[39m=[32m"0 0 24 24"[39m
              [36m>[39m
                [36m<path[39m
                  [33md[39m=[32m"M10 19l-7-7m0 0l7-7m-7 7h18"[39m
                  [33mstroke-linecap[39m=[32m"round"[39m
                  [33mstroke-linejoin[39m=[32m"round"[39m
                  [33mstroke-width[39m=[32m"2"[39m
                [36m/>[39m
              [36m</svg>[39m
            [36m</button>[39m
            [36m<h1[39m
              [33mclass[39m=[32m"job-title-main"[39m
            [36m>[39m
              [0mJob #[0m
              [0m1[0m
            [36m</h1>[39m
          [36m</div>[39m
        [36m</div>[39m
        [36m<div[39m
          [33mclass[39m=[32m"job-title-section"[39m
        [36m>[39m
          [36m<div[39m
            [33mclass[39m=[32m"job-title-static"[39m
          [36m>[39m
            [36m<span[39m
              [33mclass[39m=[32m"job-title-text"[39m
            [36m>[39m
              [0mTest Job[0m
            [36m</span>[39m
          [36m</div>[39m
        [36m</div>[39m
      [36m</header>[39m
      [36m<div[39m
        [33mclass[39m=[32m"tab-navigation"[39m
      [36m>[39m
        [36m<button[39m
          [33mclass[39m=[32m"tab-button active"[39m
          [33mdata-tab[39m=[32m"overview"[39m
        [36m>[39m
          [0mOverview[0m
        [36m</button>[39m
        [36m<button[39m
          [33mclass[39m=[32m"tab-button "[39m
          [33mdata-tab[39m=[32m"images"[39m
        [36m>[39m
          [0mImages[0m
        [36m</button>[39m
      [36m</div>[39m
      [36m<main[39m
        [33mclass[39m=[32m"tab-content-container"[39m
      [36m>[39m
        [36m<div[39m
          [33mclass[39m=[32m"tab-content active"[39m
          [33mid[39m=[32m"overview"[39m
        [36m>[39m
          [36m<div[39m
            [33mclass[39m=[32m"overview-content"[39m
          [36m>[39m
            [36m<div[39m
              [33mclass[39m=[32m"info-grid"[39m
            [36m>[39m
              [36m<div[39m
                [33mclass[39m=[32m"info-card"[39m
              [36m>[39m
                [36m<div[39m
                  [33mclass[39m=[32m"info-label"[39m
                [36m>[39m
                  [0mJob ID[0m
                [36m</div>[39m
                [36m<div[39m
                  [33mclass[39m=[32m"info-value"[39m
                [36m>[39m
                  [0mJOB-[0m
                  [0m1[0m
                [36m</div>[39m
              [36m</div>[39m
              [36m<div[39m
                [33mclass[39m=[32m"info-card"[39m
              [36m>[39m
                [36m<div[39m
                  [33mclass[39m=[32m"info-label"[39m
                [36m>[39m
                  [0mStatus[0m
                [36m</div>[39m
                [36m<div[39m
                  [33mclass[39m=[32m"info-value"[39m
                [36m>[39m
                  [36m<span[39m
                    [33mclass[39m=[32m"inline-flex items-center gap-1 px-2 py-1 rounded-full text-sm font-medium border bg-green-100 text-green-800 border-green-200"[39m
                  [36m>[39m
                    [36m<svg[39m
                      [33maria-hidden[39m=[32m"true"[39m
                      [33mclass[39m=[32m"w-4 h-4"[39m
                      [33mfill[39m=[32m"none"[39m
                      [33mstroke[39m=[32m"currentColor"[39m
                      [33mviewBox[39m=[32m"0 0 24 24"[39m
                    [36m>[39m
                      [36m<path[39m
                        [33md[39m=[32m"M5 13l4 4L19 7"[39m
                        [33mstroke-linecap[39m=[32m"round"[39m
                        [33mstroke-linejoin[39m=[32m"round"[39m
                        [33mstroke-width[39m=[32m"2"[39m
                      [36m/>[39m
                    [36m</svg>[39m
                    [0mCompleted[0m
                  [36m</span>[39m
                [36m</div>[39m
              [36m</div>[39m
              [36m<div[39m
                [33mclass[39m=[32m"info-card"[39m
              [36m>[39m
                [36m<div[39m
                  [33mclass[39m=[32m"info-label"[39m
                [36m>[39m
                  [0mStart Time[0m
                [36m</div>[39m
                [36m<div[39m
                  [33mclass[39m=[32m"info-value"[39m
                [36m>[39m
                  [0m1/1/2024, 12:00:00 PM[0m
                [36m</div>[39m
              [36m</div>[39m
              [36m<div[39m
                [33mclass[39m=[32m"info-card"[39m
              [36m>[39m
                [36m<div[39m
                  [33mclass[39m=[32m"info-label"[39m
                [36m>[39m
                  [0mDuration[0m
                [36m</div>[39m
                [36m<div[39m
                  [33mclass[39m=[32m"info-value"[39m
                [36m>[39m
                  [0m5m[0m
                [36m</div>[39m
              [36m</div>[39m
              [36m<div[39m
                [33mclass[39m=[32m"info-card"[39m
              [36m>[39m
                [36m<div[39m
                  [33mclass[39m=[32m"info-label"[39m
                [36m>[39m
                  [0mSuccess Rate[0m
                [36m</div>[39m
                [36m<div[39m
                  [33mclass[39m=[32m"info-value"[39m
                [36m>[39m
                  [0mN/A[0m
                [36m</div>[39m
              [36m</div>[39m
            [36m</div>[39m
            [36m<h2[39m
              [33mclass[39m=[32m"section-title"[39m
            [36m>[39m
              [0mGenerated Images Summary[0m
            [36m</h2>[39m
            [36m<div[39m
              [33mclass[39m=[32m"stats-grid"[39m
            [36m>[39m
              [36m<div[39m
                [33mclass[39m=[32m"stats-card"[39m
              [36m>[39m
                [36m<div[39m
                  [33mclass[39m=[32m"stats-label"[39m
                [36m>[39m
   ...

Ignored nodes: comments, script, style
[36m<html>[39m
  [36m<head />[39m
  [36m<body>[39m
    [36m<div>[39m
      [36m<div[39m
        [33mclass[39m=[32m"single-job-view"[39m
      [36m>[39m
        [36m<header[39m
          [33mclass[39m=[32m"job-header"[39m
        [36m>[39m
          [36m<div[39m
            [33mclass[39m=[32m"header-content"[39m
          [36m>[39m
            [36m<div[39m
              [33mclass[39m=[32m"header-left"[39m
            [36m>[39m
              [36m<button[39m
                [33maria-label[39m=[32m"Go back to job list"[39m
                [33mclass[39m=[32m"back-button"[39m
              [36m>[39m
                [36m<svg[39m
                  [33mclass[39m=[32m"w-6 h-6"[39m
                  [33mfill[39m=[32m"none"[39m
                  [33mstroke[39m=[32m"currentColor"[39m
                  [33mviewBox[39m=[32m"0 0 24 24"[39m
                [36m>[39m
                  [36m<path[39m
                    [33md[39m=[32m"M10 19l-7-7m0 0l7-7m-7 7h18"[39m
                    [33mstroke-linecap[39m=[32m"round"[39m
                    [33mstroke-linejoin[39m=[32m"round"[39m
                    [33mstroke-width[39m=[32m"2"[39m
                  [36m/>[39m
                [36m</svg>[39m
              [36m</button>[39m
              [36m<h1[39m
                [33mclass[39m=[32m"job-title-main"[39m
              [36m>[39m
                [0mJob #[0m
                [0m1[0m
              [36m</h1>[39m
            [36m</div>[39m
          [36m</div>[39m
          [36m<div[39m
            [33mclass[39m=[32m"job-title-section"[39m
          [36m>[39m
            [36m<div[39m
              [33mclass[39m=[32m"job-title-static"[39m
            [36m>[39m
              [36m<span[39m
                [33mclass[39m=[32m"job-title-text"[39m
              [36m>[39m
                [0mTest Job[0m
              [36m</span>[39m
            [36m</div>[39m
          [36m</div>[39m
        [36m</header>[39m
        [36m<div[39m
          [33mclass[39m=[32m"tab-navigation"[39m
        [36m>[39m
          [36m<button[39m
            [33mclass[39m=[32m"tab-button active"[39m
            [33mdata-tab[39m=[32m"overview"[39m
          [36m>[39m
            [0mOverview[0m
          [36m</button>[39m
          [36m<button[39m
            [33mclass[39m=[32m"tab-button "[39m
            [33mdata-tab[39m=[32m"images"[39m
          [36m>[39m
            [0mImages[0m
          [36m</button>[39m
        [36m</div>[39m
        [36m<main[39m
          [33mclass[39m=[32m"tab-content-container"[39m
        [36m>[39m
          [36m<div[39m
            [33mclass[39m=[32m"tab-content active"[39m
            [33mid[39m=[32m"overview"[39m
          [36m>[39m
            [36m<div[39m
              [33mclass[39m=[32m"overview-content"[39m
            [36m>[39m
              [36m<div[39m
                [33mclass[39m=[32m"info-grid"[39m
              [36m>[39m
                [36m<div[39m
                  [33mclass[39m=[32m"info-card"[39m
                [36m>[39m
                  [36m<div[39m
                    [33mclass[39m=[32m"info-label"[39m
                  [36m>[39m
                    [0mJob ID[0m
                  [36m</div>[39m
                  [36m<div[39m
                    [33mclass[39m=[32m"info-value"[39m
                  [36m>[39m
                    [0mJOB-[0m
                    [0m1[0m
                  [36m</div>[39m
                [36m</div>[39m
                [36m<div[39m
                  [33mclass[39m=[32m"info-card"[39m
                [36m>[39m
                  [36m<div[39m
                    [33mclass[39m=[32m"info-label"[39m
                  [36m>[39m
                    [0mStatus[0m
                  [36m</div>[39m
                  [36m<div[39m
                    [33mclass[39m=[32m"info-value"[39m
                  [36m>[39m
                    [36m<span[39m
                      [33mclass[39m=[32m"inline-flex items-center gap-1 px-2 py-1 rounded-full text-sm font-medium border bg-green-100 text-green-800 border-green-200"[39m
                    [36m>[39m
                      [36m<svg[39m
                        [33maria-hidden[39m=[32m"true"[39m
                        [33mclass[39m=[32m"w-4 h-4"[39m
                        [33mfill[39m=[32m"none"[39m
                        [33mstroke[39m=[32m"currentColor"[39m
                        [33mviewBox[39m=[32m"0 0 24 24"[39m
                      [36m>[39m
                        [36m<path[39m
                          [33md[39m=[32m"M5 13l4 4L19 7"[39m
                          [33mstroke-linecap[39m=[32m"round"[39m
                          [33mstroke-linejoin[39m=[32m"round"[39m
                          [33mstroke-width[39m=[32m"2"[39m
                        [36m/>[39m
                      [36m</svg>[39m
                      [0mCompleted[0m
                    [36m</span>[39m
                  [36m</div>[39m
                [36m</div>[39m
                [36m<div[39m
                  [33mclass[39m=[32m"info-card"[39m
                [36m>[39m
                  [36m<div[39m
                    [33mclass[39m=[32m"info-label"[39m
                  [36m>[39m
                    [0mStart Time[0m
                  [36m</div>[39m
                  [36m<div[39m
                    [33mclass[39m=[32m"info-value"[39m
                  [36m>[39m
                    [0m1/1/2024, 12:00:00 PM[0m
                  [36m</div>[39m
                [36m</div>[39m
                [36m<div[39m
                  [33mclass[39m=[32m"info-card"[39m
                [36m>[39m
                  [36m<div[39m
                    [33mclass[39m=[32m"info-label"[39m
                  [36m>[39m
                    [0mDuration[0m
                  [36m</div>[39m
                  [36m<div[39m
                    [33mclass[39m=[32m"info-value"[39m
                  [36m>[39m
                    [0m5m[0m
                  [36m</div>[39m
                [36m</div>[39m
                [36m<div[39m
                  [33mclass[39m=[32m"info-card"[39m
                [36m>[39m
                  [36m<div[39m
                    [33mclass[39m=[32m"info-label"[39m
                  [36m>[39m
                    [0mSuccess Rate[0m
                  [36m</div>[39m
                  [36m<div[39m
                    [33mclass[39m=[32m"info-value"[39m
                  [36m>[39m
                    [0mN/A[0m
                  [36m</div>[39m
                [36m</div>[39m
              [36m</div>[39m
              [36m<h2[39m
                [33mclass[39m=[32m"section-title"[39m
              [36m>[39m
                [0...
   × SingleJobView > Delete Confirmation > handles delete cancellation 1011ms
     → Unable to find role="heading" and name "Test Job"

Ignored nodes: comments, script, style
[36m<body>[39m
  [36m<div>[39m
    [36m<div[39m
      [33mclass[39m=[32m"single-job-view"[39m
    [36m>[39m
      [36m<header[39m
        [33mclass[39m=[32m"job-header"[39m
      [36m>[39m
        [36m<div[39m
          [33mclass[39m=[32m"header-content"[39m
        [36m>[39m
          [36m<div[39m
            [33mclass[39m=[32m"header-left"[39m
          [36m>[39m
            [36m<button[39m
              [33maria-label[39m=[32m"Go back to job list"[39m
              [33mclass[39m=[32m"back-button"[39m
            [36m>[39m
              [36m<svg[39m
                [33mclass[39m=[32m"w-6 h-6"[39m
                [33mfill[39m=[32m"none"[39m
                [33mstroke[39m=[32m"currentColor"[39m
                [33mviewBox[39m=[32m"0 0 24 24"[39m
              [36m>[39m
                [36m<path[39m
                  [33md[39m=[32m"M10 19l-7-7m0 0l7-7m-7 7h18"[39m
                  [33mstroke-linecap[39m=[32m"round"[39m
                  [33mstroke-linejoin[39m=[32m"round"[39m
                  [33mstroke-width[39m=[32m"2"[39m
                [36m/>[39m
              [36m</svg>[39m
            [36m</button>[39m
            [36m<h1[39m
              [33mclass[39m=[32m"job-title-main"[39m
            [36m>[39m
              [0mJob #[0m
              [0m1[0m
            [36m</h1>[39m
          [36m</div>[39m
        [36m</div>[39m
        [36m<div[39m
          [33mclass[39m=[32m"job-title-section"[39m
        [36m>[39m
          [36m<div[39m
            [33mclass[39m=[32m"job-title-static"[39m
          [36m>[39m
            [36m<span[39m
              [33mclass[39m=[32m"job-title-text"[39m
            [36m>[39m
              [0mTest Job[0m
            [36m</span>[39m
          [36m</div>[39m
        [36m</div>[39m
      [36m</header>[39m
      [36m<div[39m
        [33mclass[39m=[32m"tab-navigation"[39m
      [36m>[39m
        [36m<button[39m
          [33mclass[39m=[32m"tab-button active"[39m
          [33mdata-tab[39m=[32m"overview"[39m
        [36m>[39m
          [0mOverview[0m
        [36m</button>[39m
        [36m<button[39m
          [33mclass[39m=[32m"tab-button "[39m
          [33mdata-tab[39m=[32m"images"[39m
        [36m>[39m
          [0mImages[0m
        [36m</button>[39m
      [36m</div>[39m
      [36m<main[39m
        [33mclass[39m=[32m"tab-content-container"[39m
      [36m>[39m
        [36m<div[39m
          [33mclass[39m=[32m"tab-content active"[39m
          [33mid[39m=[32m"overview"[39m
        [36m>[39m
          [36m<div[39m
            [33mclass[39m=[32m"overview-content"[39m
          [36m>[39m
            [36m<div[39m
              [33mclass[39m=[32m"info-grid"[39m
            [36m>[39m
              [36m<div[39m
                [33mclass[39m=[32m"info-card"[39m
              [36m>[39m
                [36m<div[39m
                  [33mclass[39m=[32m"info-label"[39m
                [36m>[39m
                  [0mJob ID[0m
                [36m</div>[39m
                [36m<div[39m
                  [33mclass[39m=[32m"info-value"[39m
                [36m>[39m
                  [0mJOB-[0m
                  [0m1[0m
                [36m</div>[39m
              [36m</div>[39m
              [36m<div[39m
                [33mclass[39m=[32m"info-card"[39m
              [36m>[39m
                [36m<div[39m
                  [33mclass[39m=[32m"info-label"[39m
                [36m>[39m
                  [0mStatus[0m
                [36m</div>[39m
                [36m<div[39m
                  [33mclass[39m=[32m"info-value"[39m
                [36m>[39m
                  [36m<span[39m
                    [33mclass[39m=[32m"inline-flex items-center gap-1 px-2 py-1 rounded-full text-sm font-medium border bg-green-100 text-green-800 border-green-200"[39m
                  [36m>[39m
                    [36m<svg[39m
                      [33maria-hidden[39m=[32m"true"[39m
                      [33mclass[39m=[32m"w-4 h-4"[39m
                      [33mfill[39m=[32m"none"[39m
                      [33mstroke[39m=[32m"currentColor"[39m
                      [33mviewBox[39m=[32m"0 0 24 24"[39m
                    [36m>[39m
                      [36m<path[39m
                        [33md[39m=[32m"M5 13l4 4L19 7"[39m
                        [33mstroke-linecap[39m=[32m"round"[39m
                        [33mstroke-linejoin[39m=[32m"round"[39m
                        [33mstroke-width[39m=[32m"2"[39m
                      [36m/>[39m
                    [36m</svg>[39m
                    [0mCompleted[0m
                  [36m</span>[39m
                [36m</div>[39m
              [36m</div>[39m
              [36m<div[39m
                [33mclass[39m=[32m"info-card"[39m
              [36m>[39m
                [36m<div[39m
                  [33mclass[39m=[32m"info-label"[39m
                [36m>[39m
                  [0mStart Time[0m
                [36m</div>[39m
                [36m<div[39m
                  [33mclass[39m=[32m"info-value"[39m
                [36m>[39m
                  [0m1/1/2024, 12:00:00 PM[0m
                [36m</div>[39m
              [36m</div>[39m
              [36m<div[39m
                [33mclass[39m=[32m"info-card"[39m
              [36m>[39m
                [36m<div[39m
                  [33mclass[39m=[32m"info-label"[39m
                [36m>[39m
                  [0mDuration[0m
                [36m</div>[39m
                [36m<div[39m
                  [33mclass[39m=[32m"info-value"[39m
                [36m>[39m
                  [0m5m[0m
                [36m</div>[39m
              [36m</div>[39m
              [36m<div[39m
                [33mclass[39m=[32m"info-card"[39m
              [36m>[39m
                [36m<div[39m
                  [33mclass[39m=[32m"info-label"[39m
                [36m>[39m
                  [0mSuccess Rate[0m
                [36m</div>[39m
                [36m<div[39m
                  [33mclass[39m=[32m"info-value"[39m
                [36m>[39m
                  [0mN/A[0m
                [36m</div>[39m
              [36m</div>[39m
            [36m</div>[39m
            [36m<h2[39m
              [33mclass[39m=[32m"section-title"[39m
            [36m>[39m
              [0mGenerated Images Summary[0m
            [36m</h2>[39m
            [36m<div[39m
              [33mclass[39m=[32m"stats-grid"[39m
            [36m>[39m
              [36m<div[39m
                [33mclass[39m=[32m"stats-card"[39m
              [36m>[39m
                [36m<div[39m
                  [33mclass[39m=[32m"stats-label"[39m
                [36m>[39m
   ...

Ignored nodes: comments, script, style
[36m<html>[39m
  [36m<head />[39m
  [36m<body>[39m
    [36m<div>[39m
      [36m<div[39m
        [33mclass[39m=[32m"single-job-view"[39m
      [36m>[39m
        [36m<header[39m
          [33mclass[39m=[32m"job-header"[39m
        [36m>[39m
          [36m<div[39m
            [33mclass[39m=[32m"header-content"[39m
          [36m>[39m
            [36m<div[39m
              [33mclass[39m=[32m"header-left"[39m
            [36m>[39m
              [36m<button[39m
                [33maria-label[39m=[32m"Go back to job list"[39m
                [33mclass[39m=[32m"back-button"[39m
              [36m>[39m
                [36m<svg[39m
                  [33mclass[39m=[32m"w-6 h-6"[39m
                  [33mfill[39m=[32m"none"[39m
                  [33mstroke[39m=[32m"currentColor"[39m
                  [33mviewBox[39m=[32m"0 0 24 24"[39m
                [36m>[39m
                  [36m<path[39m
                    [33md[39m=[32m"M10 19l-7-7m0 0l7-7m-7 7h18"[39m
                    [33mstroke-linecap[39m=[32m"round"[39m
                    [33mstroke-linejoin[39m=[32m"round"[39m
                    [33mstroke-width[39m=[32m"2"[39m
                  [36m/>[39m
                [36m</svg>[39m
              [36m</button>[39m
              [36m<h1[39m
                [33mclass[39m=[32m"job-title-main"[39m
              [36m>[39m
                [0mJob #[0m
                [0m1[0m
              [36m</h1>[39m
            [36m</div>[39m
          [36m</div>[39m
          [36m<div[39m
            [33mclass[39m=[32m"job-title-section"[39m
          [36m>[39m
            [36m<div[39m
              [33mclass[39m=[32m"job-title-static"[39m
            [36m>[39m
              [36m<span[39m
                [33mclass[39m=[32m"job-title-text"[39m
              [36m>[39m
                [0mTest Job[0m
              [36m</span>[39m
            [36m</div>[39m
          [36m</div>[39m
        [36m</header>[39m
        [36m<div[39m
          [33mclass[39m=[32m"tab-navigation"[39m
        [36m>[39m
          [36m<button[39m
            [33mclass[39m=[32m"tab-button active"[39m
            [33mdata-tab[39m=[32m"overview"[39m
          [36m>[39m
            [0mOverview[0m
          [36m</button>[39m
          [36m<button[39m
            [33mclass[39m=[32m"tab-button "[39m
            [33mdata-tab[39m=[32m"images"[39m
          [36m>[39m
            [0mImages[0m
          [36m</button>[39m
        [36m</div>[39m
        [36m<main[39m
          [33mclass[39m=[32m"tab-content-container"[39m
        [36m>[39m
          [36m<div[39m
            [33mclass[39m=[32m"tab-content active"[39m
            [33mid[39m=[32m"overview"[39m
          [36m>[39m
            [36m<div[39m
              [33mclass[39m=[32m"overview-content"[39m
            [36m>[39m
              [36m<div[39m
                [33mclass[39m=[32m"info-grid"[39m
              [36m>[39m
                [36m<div[39m
                  [33mclass[39m=[32m"info-card"[39m
                [36m>[39m
                  [36m<div[39m
                    [33mclass[39m=[32m"info-label"[39m
                  [36m>[39m
                    [0mJob ID[0m
                  [36m</div>[39m
                  [36m<div[39m
                    [33mclass[39m=[32m"info-value"[39m
                  [36m>[39m
                    [0mJOB-[0m
                    [0m1[0m
                  [36m</div>[39m
                [36m</div>[39m
                [36m<div[39m
                  [33mclass[39m=[32m"info-card"[39m
                [36m>[39m
                  [36m<div[39m
                    [33mclass[39m=[32m"info-label"[39m
                  [36m>[39m
                    [0mStatus[0m
                  [36m</div>[39m
                  [36m<div[39m
                    [33mclass[39m=[32m"info-value"[39m
                  [36m>[39m
                    [36m<span[39m
                      [33mclass[39m=[32m"inline-flex items-center gap-1 px-2 py-1 rounded-full text-sm font-medium border bg-green-100 text-green-800 border-green-200"[39m
                    [36m>[39m
                      [36m<svg[39m
                        [33maria-hidden[39m=[32m"true"[39m
                        [33mclass[39m=[32m"w-4 h-4"[39m
                        [33mfill[39m=[32m"none"[39m
                        [33mstroke[39m=[32m"currentColor"[39m
                        [33mviewBox[39m=[32m"0 0 24 24"[39m
                      [36m>[39m
                        [36m<path[39m
                          [33md[39m=[32m"M5 13l4 4L19 7"[39m
                          [33mstroke-linecap[39m=[32m"round"[39m
                          [33mstroke-linejoin[39m=[32m"round"[39m
                          [33mstroke-width[39m=[32m"2"[39m
                        [36m/>[39m
                      [36m</svg>[39m
                      [0mCompleted[0m
                    [36m</span>[39m
                  [36m</div>[39m
                [36m</div>[39m
                [36m<div[39m
                  [33mclass[39m=[32m"info-card"[39m
                [36m>[39m
                  [36m<div[39m
                    [33mclass[39m=[32m"info-label"[39m
                  [36m>[39m
                    [0mStart Time[0m
                  [36m</div>[39m
                  [36m<div[39m
                    [33mclass[39m=[32m"info-value"[39m
                  [36m>[39m
                    [0m1/1/2024, 12:00:00 PM[0m
                  [36m</div>[39m
                [36m</div>[39m
                [36m<div[39m
                  [33mclass[39m=[32m"info-card"[39m
                [36m>[39m
                  [36m<div[39m
                    [33mclass[39m=[32m"info-label"[39m
                  [36m>[39m
                    [0mDuration[0m
                  [36m</div>[39m
                  [36m<div[39m
                    [33mclass[39m=[32m"info-value"[39m
                  [36m>[39m
                    [0m5m[0m
                  [36m</div>[39m
                [36m</div>[39m
                [36m<div[39m
                  [33mclass[39m=[32m"info-card"[39m
                [36m>[39m
                  [36m<div[39m
                    [33mclass[39m=[32m"info-label"[39m
                  [36m>[39m
                    [0mSuccess Rate[0m
                  [36m</div>[39m
                  [36m<div[39m
                    [33mclass[39m=[32m"info-value"[39m
                  [36m>[39m
                    [0mN/A[0m
                  [36m</div>[39m
                [36m</div>[39m
              [36m</div>[39m
              [36m<h2[39m
                [33mclass[39m=[32m"section-title"[39m
              [36m>[39m
                [0...
   × SingleJobView > Delete Confirmation > handles delete confirmation keyboard navigation 1011ms
     → Unable to find role="heading" and name "Test Job"

Ignored nodes: comments, script, style
[36m<body>[39m
  [36m<div>[39m
    [36m<div[39m
      [33mclass[39m=[32m"single-job-view"[39m
    [36m>[39m
      [36m<header[39m
        [33mclass[39m=[32m"job-header"[39m
      [36m>[39m
        [36m<div[39m
          [33mclass[39m=[32m"header-content"[39m
        [36m>[39m
          [36m<div[39m
            [33mclass[39m=[32m"header-left"[39m
          [36m>[39m
            [36m<button[39m
              [33maria-label[39m=[32m"Go back to job list"[39m
              [33mclass[39m=[32m"back-button"[39m
            [36m>[39m
              [36m<svg[39m
                [33mclass[39m=[32m"w-6 h-6"[39m
                [33mfill[39m=[32m"none"[39m
                [33mstroke[39m=[32m"currentColor"[39m
                [33mviewBox[39m=[32m"0 0 24 24"[39m
              [36m>[39m
                [36m<path[39m
                  [33md[39m=[32m"M10 19l-7-7m0 0l7-7m-7 7h18"[39m
                  [33mstroke-linecap[39m=[32m"round"[39m
                  [33mstroke-linejoin[39m=[32m"round"[39m
                  [33mstroke-width[39m=[32m"2"[39m
                [36m/>[39m
              [36m</svg>[39m
            [36m</button>[39m
            [36m<h1[39m
              [33mclass[39m=[32m"job-title-main"[39m
            [36m>[39m
              [0mJob #[0m
              [0m1[0m
            [36m</h1>[39m
          [36m</div>[39m
        [36m</div>[39m
        [36m<div[39m
          [33mclass[39m=[32m"job-title-section"[39m
        [36m>[39m
          [36m<div[39m
            [33mclass[39m=[32m"job-title-static"[39m
          [36m>[39m
            [36m<span[39m
              [33mclass[39m=[32m"job-title-text"[39m
            [36m>[39m
              [0mTest Job[0m
            [36m</span>[39m
          [36m</div>[39m
        [36m</div>[39m
      [36m</header>[39m
      [36m<div[39m
        [33mclass[39m=[32m"tab-navigation"[39m
      [36m>[39m
        [36m<button[39m
          [33mclass[39m=[32m"tab-button active"[39m
          [33mdata-tab[39m=[32m"overview"[39m
        [36m>[39m
          [0mOverview[0m
        [36m</button>[39m
        [36m<button[39m
          [33mclass[39m=[32m"tab-button "[39m
          [33mdata-tab[39m=[32m"images"[39m
        [36m>[39m
          [0mImages[0m
        [36m</button>[39m
      [36m</div>[39m
      [36m<main[39m
        [33mclass[39m=[32m"tab-content-container"[39m
      [36m>[39m
        [36m<div[39m
          [33mclass[39m=[32m"tab-content active"[39m
          [33mid[39m=[32m"overview"[39m
        [36m>[39m
          [36m<div[39m
            [33mclass[39m=[32m"overview-content"[39m
          [36m>[39m
            [36m<div[39m
              [33mclass[39m=[32m"info-grid"[39m
            [36m>[39m
              [36m<div[39m
                [33mclass[39m=[32m"info-card"[39m
              [36m>[39m
                [36m<div[39m
                  [33mclass[39m=[32m"info-label"[39m
                [36m>[39m
                  [0mJob ID[0m
                [36m</div>[39m
                [36m<div[39m
                  [33mclass[39m=[32m"info-value"[39m
                [36m>[39m
                  [0mJOB-[0m
                  [0m1[0m
                [36m</div>[39m
              [36m</div>[39m
              [36m<div[39m
                [33mclass[39m=[32m"info-card"[39m
              [36m>[39m
                [36m<div[39m
                  [33mclass[39m=[32m"info-label"[39m
                [36m>[39m
                  [0mStatus[0m
                [36m</div>[39m
                [36m<div[39m
                  [33mclass[39m=[32m"info-value"[39m
                [36m>[39m
                  [36m<span[39m
                    [33mclass[39m=[32m"inline-flex items-center gap-1 px-2 py-1 rounded-full text-sm font-medium border bg-green-100 text-green-800 border-green-200"[39m
                  [36m>[39m
                    [36m<svg[39m
                      [33maria-hidden[39m=[32m"true"[39m
                      [33mclass[39m=[32m"w-4 h-4"[39m
                      [33mfill[39m=[32m"none"[39m
                      [33mstroke[39m=[32m"currentColor"[39m
                      [33mviewBox[39m=[32m"0 0 24 24"[39m
                    [36m>[39m
                      [36m<path[39m
                        [33md[39m=[32m"M5 13l4 4L19 7"[39m
                        [33mstroke-linecap[39m=[32m"round"[39m
                        [33mstroke-linejoin[39m=[32m"round"[39m
                        [33mstroke-width[39m=[32m"2"[39m
                      [36m/>[39m
                    [36m</svg>[39m
                    [0mCompleted[0m
                  [36m</span>[39m
                [36m</div>[39m
              [36m</div>[39m
              [36m<div[39m
                [33mclass[39m=[32m"info-card"[39m
              [36m>[39m
                [36m<div[39m
                  [33mclass[39m=[32m"info-label"[39m
                [36m>[39m
                  [0mStart Time[0m
                [36m</div>[39m
                [36m<div[39m
                  [33mclass[39m=[32m"info-value"[39m
                [36m>[39m
                  [0m1/1/2024, 12:00:00 PM[0m
                [36m</div>[39m
              [36m</div>[39m
              [36m<div[39m
                [33mclass[39m=[32m"info-card"[39m
              [36m>[39m
                [36m<div[39m
                  [33mclass[39m=[32m"info-label"[39m
                [36m>[39m
                  [0mDuration[0m
                [36m</div>[39m
                [36m<div[39m
                  [33mclass[39m=[32m"info-value"[39m
                [36m>[39m
                  [0m5m[0m
                [36m</div>[39m
              [36m</div>[39m
              [36m<div[39m
                [33mclass[39m=[32m"info-card"[39m
              [36m>[39m
                [36m<div[39m
                  [33mclass[39m=[32m"info-label"[39m
                [36m>[39m
                  [0mSuccess Rate[0m
                [36m</div>[39m
                [36m<div[39m
                  [33mclass[39m=[32m"info-value"[39m
                [36m>[39m
                  [0mN/A[0m
                [36m</div>[39m
              [36m</div>[39m
            [36m</div>[39m
            [36m<h2[39m
              [33mclass[39m=[32m"section-title"[39m
            [36m>[39m
              [0mGenerated Images Summary[0m
            [36m</h2>[39m
            [36m<div[39m
              [33mclass[39m=[32m"stats-grid"[39m
            [36m>[39m
              [36m<div[39m
                [33mclass[39m=[32m"stats-card"[39m
              [36m>[39m
                [36m<div[39m
                  [33mclass[39m=[32m"stats-label"[39m
                [36m>[39m
   ...

Ignored nodes: comments, script, style
[36m<html>[39m
  [36m<head />[39m
  [36m<body>[39m
    [36m<div>[39m
      [36m<div[39m
        [33mclass[39m=[32m"single-job-view"[39m
      [36m>[39m
        [36m<header[39m
          [33mclass[39m=[32m"job-header"[39m
        [36m>[39m
          [36m<div[39m
            [33mclass[39m=[32m"header-content"[39m
          [36m>[39m
            [36m<div[39m
              [33mclass[39m=[32m"header-left"[39m
            [36m>[39m
              [36m<button[39m
                [33maria-label[39m=[32m"Go back to job list"[39m
                [33mclass[39m=[32m"back-button"[39m
              [36m>[39m
                [36m<svg[39m
                  [33mclass[39m=[32m"w-6 h-6"[39m
                  [33mfill[39m=[32m"none"[39m
                  [33mstroke[39m=[32m"currentColor"[39m
                  [33mviewBox[39m=[32m"0 0 24 24"[39m
                [36m>[39m
                  [36m<path[39m
                    [33md[39m=[32m"M10 19l-7-7m0 0l7-7m-7 7h18"[39m
                    [33mstroke-linecap[39m=[32m"round"[39m
                    [33mstroke-linejoin[39m=[32m"round"[39m
                    [33mstroke-width[39m=[32m"2"[39m
                  [36m/>[39m
                [36m</svg>[39m
              [36m</button>[39m
              [36m<h1[39m
                [33mclass[39m=[32m"job-title-main"[39m
              [36m>[39m
                [0mJob #[0m
                [0m1[0m
              [36m</h1>[39m
            [36m</div>[39m
          [36m</div>[39m
          [36m<div[39m
            [33mclass[39m=[32m"job-title-section"[39m
          [36m>[39m
            [36m<div[39m
              [33mclass[39m=[32m"job-title-static"[39m
            [36m>[39m
              [36m<span[39m
                [33mclass[39m=[32m"job-title-text"[39m
              [36m>[39m
                [0mTest Job[0m
              [36m</span>[39m
            [36m</div>[39m
          [36m</div>[39m
        [36m</header>[39m
        [36m<div[39m
          [33mclass[39m=[32m"tab-navigation"[39m
        [36m>[39m
          [36m<button[39m
            [33mclass[39m=[32m"tab-button active"[39m
            [33mdata-tab[39m=[32m"overview"[39m
          [36m>[39m
            [0mOverview[0m
          [36m</button>[39m
          [36m<button[39m
            [33mclass[39m=[32m"tab-button "[39m
            [33mdata-tab[39m=[32m"images"[39m
          [36m>[39m
            [0mImages[0m
          [36m</button>[39m
        [36m</div>[39m
        [36m<main[39m
          [33mclass[39m=[32m"tab-content-container"[39m
        [36m>[39m
          [36m<div[39m
            [33mclass[39m=[32m"tab-content active"[39m
            [33mid[39m=[32m"overview"[39m
          [36m>[39m
            [36m<div[39m
              [33mclass[39m=[32m"overview-content"[39m
            [36m>[39m
              [36m<div[39m
                [33mclass[39m=[32m"info-grid"[39m
              [36m>[39m
                [36m<div[39m
                  [33mclass[39m=[32m"info-card"[39m
                [36m>[39m
                  [36m<div[39m
                    [33mclass[39m=[32m"info-label"[39m
                  [36m>[39m
                    [0mJob ID[0m
                  [36m</div>[39m
                  [36m<div[39m
                    [33mclass[39m=[32m"info-value"[39m
                  [36m>[39m
                    [0mJOB-[0m
                    [0m1[0m
                  [36m</div>[39m
                [36m</div>[39m
                [36m<div[39m
                  [33mclass[39m=[32m"info-card"[39m
                [36m>[39m
                  [36m<div[39m
                    [33mclass[39m=[32m"info-label"[39m
                  [36m>[39m
                    [0mStatus[0m
                  [36m</div>[39m
                  [36m<div[39m
                    [33mclass[39m=[32m"info-value"[39m
                  [36m>[39m
                    [36m<span[39m
                      [33mclass[39m=[32m"inline-flex items-center gap-1 px-2 py-1 rounded-full text-sm font-medium border bg-green-100 text-green-800 border-green-200"[39m
                    [36m>[39m
                      [36m<svg[39m
                        [33maria-hidden[39m=[32m"true"[39m
                        [33mclass[39m=[32m"w-4 h-4"[39m
                        [33mfill[39m=[32m"none"[39m
                        [33mstroke[39m=[32m"currentColor"[39m
                        [33mviewBox[39m=[32m"0 0 24 24"[39m
                      [36m>[39m
                        [36m<path[39m
                          [33md[39m=[32m"M5 13l4 4L19 7"[39m
                          [33mstroke-linecap[39m=[32m"round"[39m
                          [33mstroke-linejoin[39m=[32m"round"[39m
                          [33mstroke-width[39m=[32m"2"[39m
                        [36m/>[39m
                      [36m</svg>[39m
                      [0mCompleted[0m
                    [36m</span>[39m
                  [36m</div>[39m
                [36m</div>[39m
                [36m<div[39m
                  [33mclass[39m=[32m"info-card"[39m
                [36m>[39m
                  [36m<div[39m
                    [33mclass[39m=[32m"info-label"[39m
                  [36m>[39m
                    [0mStart Time[0m
                  [36m</div>[39m
                  [36m<div[39m
                    [33mclass[39m=[32m"info-value"[39m
                  [36m>[39m
                    [0m1/1/2024, 12:00:00 PM[0m
                  [36m</div>[39m
                [36m</div>[39m
                [36m<div[39m
                  [33mclass[39m=[32m"info-card"[39m
                [36m>[39m
                  [36m<div[39m
                    [33mclass[39m=[32m"info-label"[39m
                  [36m>[39m
                    [0mDuration[0m
                  [36m</div>[39m
                  [36m<div[39m
                    [33mclass[39m=[32m"info-value"[39m
                  [36m>[39m
                    [0m5m[0m
                  [36m</div>[39m
                [36m</div>[39m
                [36m<div[39m
                  [33mclass[39m=[32m"info-card"[39m
                [36m>[39m
                  [36m<div[39m
                    [33mclass[39m=[32m"info-label"[39m
                  [36m>[39m
                    [0mSuccess Rate[0m
                  [36m</div>[39m
                  [36m<div[39m
                    [33mclass[39m=[32m"info-value"[39m
                  [36m>[39m
                    [0mN/A[0m
                  [36m</div>[39m
                [36m</div>[39m
              [36m</div>[39m
              [36m<h2[39m
                [33mclass[39m=[32m"section-title"[39m
              [36m>[39m
                [0...
   × SingleJobView > Delete Confirmation > handles delete cancellation keyboard navigation 1014ms
     → Unable to find role="heading" and name "Test Job"

Ignored nodes: comments, script, style
[36m<body>[39m
  [36m<div>[39m
    [36m<div[39m
      [33mclass[39m=[32m"single-job-view"[39m
    [36m>[39m
      [36m<header[39m
        [33mclass[39m=[32m"job-header"[39m
      [36m>[39m
        [36m<div[39m
          [33mclass[39m=[32m"header-content"[39m
        [36m>[39m
          [36m<div[39m
            [33mclass[39m=[32m"header-left"[39m
          [36m>[39m
            [36m<button[39m
              [33maria-label[39m=[32m"Go back to job list"[39m
              [33mclass[39m=[32m"back-button"[39m
            [36m>[39m
              [36m<svg[39m
                [33mclass[39m=[32m"w-6 h-6"[39m
                [33mfill[39m=[32m"none"[39m
                [33mstroke[39m=[32m"currentColor"[39m
                [33mviewBox[39m=[32m"0 0 24 24"[39m
              [36m>[39m
                [36m<path[39m
                  [33md[39m=[32m"M10 19l-7-7m0 0l7-7m-7 7h18"[39m
                  [33mstroke-linecap[39m=[32m"round"[39m
                  [33mstroke-linejoin[39m=[32m"round"[39m
                  [33mstroke-width[39m=[32m"2"[39m
                [36m/>[39m
              [36m</svg>[39m
            [36m</button>[39m
            [36m<h1[39m
              [33mclass[39m=[32m"job-title-main"[39m
            [36m>[39m
              [0mJob #[0m
              [0m1[0m
            [36m</h1>[39m
          [36m</div>[39m
        [36m</div>[39m
        [36m<div[39m
          [33mclass[39m=[32m"job-title-section"[39m
        [36m>[39m
          [36m<div[39m
            [33mclass[39m=[32m"job-title-static"[39m
          [36m>[39m
            [36m<span[39m
              [33mclass[39m=[32m"job-title-text"[39m
            [36m>[39m
              [0mTest Job[0m
            [36m</span>[39m
          [36m</div>[39m
        [36m</div>[39m
      [36m</header>[39m
      [36m<div[39m
        [33mclass[39m=[32m"tab-navigation"[39m
      [36m>[39m
        [36m<button[39m
          [33mclass[39m=[32m"tab-button active"[39m
          [33mdata-tab[39m=[32m"overview"[39m
        [36m>[39m
          [0mOverview[0m
        [36m</button>[39m
        [36m<button[39m
          [33mclass[39m=[32m"tab-button "[39m
          [33mdata-tab[39m=[32m"images"[39m
        [36m>[39m
          [0mImages[0m
        [36m</button>[39m
      [36m</div>[39m
      [36m<main[39m
        [33mclass[39m=[32m"tab-content-container"[39m
      [36m>[39m
        [36m<div[39m
          [33mclass[39m=[32m"tab-content active"[39m
          [33mid[39m=[32m"overview"[39m
        [36m>[39m
          [36m<div[39m
            [33mclass[39m=[32m"overview-content"[39m
          [36m>[39m
            [36m<div[39m
              [33mclass[39m=[32m"info-grid"[39m
            [36m>[39m
              [36m<div[39m
                [33mclass[39m=[32m"info-card"[39m
              [36m>[39m
                [36m<div[39m
                  [33mclass[39m=[32m"info-label"[39m
                [36m>[39m
                  [0mJob ID[0m
                [36m</div>[39m
                [36m<div[39m
                  [33mclass[39m=[32m"info-value"[39m
                [36m>[39m
                  [0mJOB-[0m
                  [0m1[0m
                [36m</div>[39m
              [36m</div>[39m
              [36m<div[39m
                [33mclass[39m=[32m"info-card"[39m
              [36m>[39m
                [36m<div[39m
                  [33mclass[39m=[32m"info-label"[39m
                [36m>[39m
                  [0mStatus[0m
                [36m</div>[39m
                [36m<div[39m
                  [33mclass[39m=[32m"info-value"[39m
                [36m>[39m
                  [36m<span[39m
                    [33mclass[39m=[32m"inline-flex items-center gap-1 px-2 py-1 rounded-full text-sm font-medium border bg-green-100 text-green-800 border-green-200"[39m
                  [36m>[39m
                    [36m<svg[39m
                      [33maria-hidden[39m=[32m"true"[39m
                      [33mclass[39m=[32m"w-4 h-4"[39m
                      [33mfill[39m=[32m"none"[39m
                      [33mstroke[39m=[32m"currentColor"[39m
                      [33mviewBox[39m=[32m"0 0 24 24"[39m
                    [36m>[39m
                      [36m<path[39m
                        [33md[39m=[32m"M5 13l4 4L19 7"[39m
                        [33mstroke-linecap[39m=[32m"round"[39m
                        [33mstroke-linejoin[39m=[32m"round"[39m
                        [33mstroke-width[39m=[32m"2"[39m
                      [36m/>[39m
                    [36m</svg>[39m
                    [0mCompleted[0m
                  [36m</span>[39m
                [36m</div>[39m
              [36m</div>[39m
              [36m<div[39m
                [33mclass[39m=[32m"info-card"[39m
              [36m>[39m
                [36m<div[39m
                  [33mclass[39m=[32m"info-label"[39m
                [36m>[39m
                  [0mStart Time[0m
                [36m</div>[39m
                [36m<div[39m
                  [33mclass[39m=[32m"info-value"[39m
                [36m>[39m
                  [0m1/1/2024, 12:00:00 PM[0m
                [36m</div>[39m
              [36m</div>[39m
              [36m<div[39m
                [33mclass[39m=[32m"info-card"[39m
              [36m>[39m
                [36m<div[39m
                  [33mclass[39m=[32m"info-label"[39m
                [36m>[39m
                  [0mDuration[0m
                [36m</div>[39m
                [36m<div[39m
                  [33mclass[39m=[32m"info-value"[39m
                [36m>[39m
                  [0m5m[0m
                [36m</div>[39m
              [36m</div>[39m
              [36m<div[39m
                [33mclass[39m=[32m"info-card"[39m
              [36m>[39m
                [36m<div[39m
                  [33mclass[39m=[32m"info-label"[39m
                [36m>[39m
                  [0mSuccess Rate[0m
                [36m</div>[39m
                [36m<div[39m
                  [33mclass[39m=[32m"info-value"[39m
                [36m>[39m
                  [0mN/A[0m
                [36m</div>[39m
              [36m</div>[39m
            [36m</div>[39m
            [36m<h2[39m
              [33mclass[39m=[32m"section-title"[39m
            [36m>[39m
              [0mGenerated Images Summary[0m
            [36m</h2>[39m
            [36m<div[39m
              [33mclass[39m=[32m"stats-grid"[39m
            [36m>[39m
              [36m<div[39m
                [33mclass[39m=[32m"stats-card"[39m
              [36m>[39m
                [36m<div[39m
                  [33mclass[39m=[32m"stats-label"[39m
                [36m>[39m
   ...

Ignored nodes: comments, script, style
[36m<html>[39m
  [36m<head />[39m
  [36m<body>[39m
    [36m<div>[39m
      [36m<div[39m
        [33mclass[39m=[32m"single-job-view"[39m
      [36m>[39m
        [36m<header[39m
          [33mclass[39m=[32m"job-header"[39m
        [36m>[39m
          [36m<div[39m
            [33mclass[39m=[32m"header-content"[39m
          [36m>[39m
            [36m<div[39m
              [33mclass[39m=[32m"header-left"[39m
            [36m>[39m
              [36m<button[39m
                [33maria-label[39m=[32m"Go back to job list"[39m
                [33mclass[39m=[32m"back-button"[39m
              [36m>[39m
                [36m<svg[39m
                  [33mclass[39m=[32m"w-6 h-6"[39m
                  [33mfill[39m=[32m"none"[39m
                  [33mstroke[39m=[32m"currentColor"[39m
                  [33mviewBox[39m=[32m"0 0 24 24"[39m
                [36m>[39m
                  [36m<path[39m
                    [33md[39m=[32m"M10 19l-7-7m0 0l7-7m-7 7h18"[39m
                    [33mstroke-linecap[39m=[32m"round"[39m
                    [33mstroke-linejoin[39m=[32m"round"[39m
                    [33mstroke-width[39m=[32m"2"[39m
                  [36m/>[39m
                [36m</svg>[39m
              [36m</button>[39m
              [36m<h1[39m
                [33mclass[39m=[32m"job-title-main"[39m
              [36m>[39m
                [0mJob #[0m
                [0m1[0m
              [36m</h1>[39m
            [36m</div>[39m
          [36m</div>[39m
          [36m<div[39m
            [33mclass[39m=[32m"job-title-section"[39m
          [36m>[39m
            [36m<div[39m
              [33mclass[39m=[32m"job-title-static"[39m
            [36m>[39m
              [36m<span[39m
                [33mclass[39m=[32m"job-title-text"[39m
              [36m>[39m
                [0mTest Job[0m
              [36m</span>[39m
            [36m</div>[39m
          [36m</div>[39m
        [36m</header>[39m
        [36m<div[39m
          [33mclass[39m=[32m"tab-navigation"[39m
        [36m>[39m
          [36m<button[39m
            [33mclass[39m=[32m"tab-button active"[39m
            [33mdata-tab[39m=[32m"overview"[39m
          [36m>[39m
            [0mOverview[0m
          [36m</button>[39m
          [36m<button[39m
            [33mclass[39m=[32m"tab-button "[39m
            [33mdata-tab[39m=[32m"images"[39m
          [36m>[39m
            [0mImages[0m
          [36m</button>[39m
        [36m</div>[39m
        [36m<main[39m
          [33mclass[39m=[32m"tab-content-container"[39m
        [36m>[39m
          [36m<div[39m
            [33mclass[39m=[32m"tab-content active"[39m
            [33mid[39m=[32m"overview"[39m
          [36m>[39m
            [36m<div[39m
              [33mclass[39m=[32m"overview-content"[39m
            [36m>[39m
              [36m<div[39m
                [33mclass[39m=[32m"info-grid"[39m
              [36m>[39m
                [36m<div[39m
                  [33mclass[39m=[32m"info-card"[39m
                [36m>[39m
                  [36m<div[39m
                    [33mclass[39m=[32m"info-label"[39m
                  [36m>[39m
                    [0mJob ID[0m
                  [36m</div>[39m
                  [36m<div[39m
                    [33mclass[39m=[32m"info-value"[39m
                  [36m>[39m
                    [0mJOB-[0m
                    [0m1[0m
                  [36m</div>[39m
                [36m</div>[39m
                [36m<div[39m
                  [33mclass[39m=[32m"info-card"[39m
                [36m>[39m
                  [36m<div[39m
                    [33mclass[39m=[32m"info-label"[39m
                  [36m>[39m
                    [0mStatus[0m
                  [36m</div>[39m
                  [36m<div[39m
                    [33mclass[39m=[32m"info-value"[39m
                  [36m>[39m
                    [36m<span[39m
                      [33mclass[39m=[32m"inline-flex items-center gap-1 px-2 py-1 rounded-full text-sm font-medium border bg-green-100 text-green-800 border-green-200"[39m
                    [36m>[39m
                      [36m<svg[39m
                        [33maria-hidden[39m=[32m"true"[39m
                        [33mclass[39m=[32m"w-4 h-4"[39m
                        [33mfill[39m=[32m"none"[39m
                        [33mstroke[39m=[32m"currentColor"[39m
                        [33mviewBox[39m=[32m"0 0 24 24"[39m
                      [36m>[39m
                        [36m<path[39m
                          [33md[39m=[32m"M5 13l4 4L19 7"[39m
                          [33mstroke-linecap[39m=[32m"round"[39m
                          [33mstroke-linejoin[39m=[32m"round"[39m
                          [33mstroke-width[39m=[32m"2"[39m
                        [36m/>[39m
                      [36m</svg>[39m
                      [0mCompleted[0m
                    [36m</span>[39m
                  [36m</div>[39m
                [36m</div>[39m
                [36m<div[39m
                  [33mclass[39m=[32m"info-card"[39m
                [36m>[39m
                  [36m<div[39m
                    [33mclass[39m=[32m"info-label"[39m
                  [36m>[39m
                    [0mStart Time[0m
                  [36m</div>[39m
                  [36m<div[39m
                    [33mclass[39m=[32m"info-value"[39m
                  [36m>[39m
                    [0m1/1/2024, 12:00:00 PM[0m
                  [36m</div>[39m
                [36m</div>[39m
                [36m<div[39m
                  [33mclass[39m=[32m"info-card"[39m
                [36m>[39m
                  [36m<div[39m
                    [33mclass[39m=[32m"info-label"[39m
                  [36m>[39m
                    [0mDuration[0m
                  [36m</div>[39m
                  [36m<div[39m
                    [33mclass[39m=[32m"info-value"[39m
                  [36m>[39m
                    [0m5m[0m
                  [36m</div>[39m
                [36m</div>[39m
                [36m<div[39m
                  [33mclass[39m=[32m"info-card"[39m
                [36m>[39m
                  [36m<div[39m
                    [33mclass[39m=[32m"info-label"[39m
                  [36m>[39m
                    [0mSuccess Rate[0m
                  [36m</div>[39m
                  [36m<div[39m
                    [33mclass[39m=[32m"info-value"[39m
                  [36m>[39m
                    [0mN/A[0m
                  [36m</div>[39m
                [36m</div>[39m
              [36m</div>[39m
              [36m<h2[39m
                [33mclass[39m=[32m"section-title"[39m
              [36m>[39m
                [0...
   × SingleJobView > Images Tab > displays images correctly in images tab 1069ms
     → Unable to find role="heading" and name "Test Job"

Ignored nodes: comments, script, style
[36m<body>[39m
  [36m<div>[39m
    [36m<div[39m
      [33mclass[39m=[32m"single-job-view"[39m
    [36m>[39m
      [36m<header[39m
        [33mclass[39m=[32m"job-header"[39m
      [36m>[39m
        [36m<div[39m
          [33mclass[39m=[32m"header-content"[39m
        [36m>[39m
          [36m<div[39m
            [33mclass[39m=[32m"header-left"[39m
          [36m>[39m
            [36m<button[39m
              [33maria-label[39m=[32m"Go back to job list"[39m
              [33mclass[39m=[32m"back-button"[39m
            [36m>[39m
              [36m<svg[39m
                [33mclass[39m=[32m"w-6 h-6"[39m
                [33mfill[39m=[32m"none"[39m
                [33mstroke[39m=[32m"currentColor"[39m
                [33mviewBox[39m=[32m"0 0 24 24"[39m
              [36m>[39m
                [36m<path[39m
                  [33md[39m=[32m"M10 19l-7-7m0 0l7-7m-7 7h18"[39m
                  [33mstroke-linecap[39m=[32m"round"[39m
                  [33mstroke-linejoin[39m=[32m"round"[39m
                  [33mstroke-width[39m=[32m"2"[39m
                [36m/>[39m
              [36m</svg>[39m
            [36m</button>[39m
            [36m<h1[39m
              [33mclass[39m=[32m"job-title-main"[39m
            [36m>[39m
              [0mJob #[0m
              [0m1[0m
            [36m</h1>[39m
          [36m</div>[39m
        [36m</div>[39m
        [36m<div[39m
          [33mclass[39m=[32m"job-title-section"[39m
        [36m>[39m
          [36m<div[39m
            [33mclass[39m=[32m"job-title-static"[39m
          [36m>[39m
            [36m<span[39m
              [33mclass[39m=[32m"job-title-text"[39m
            [36m>[39m
              [0mTest Job[0m
            [36m</span>[39m
          [36m</div>[39m
        [36m</div>[39m
      [36m</header>[39m
      [36m<div[39m
        [33mclass[39m=[32m"tab-navigation"[39m
      [36m>[39m
        [36m<button[39m
          [33mclass[39m=[32m"tab-button active"[39m
          [33mdata-tab[39m=[32m"overview"[39m
        [36m>[39m
          [0mOverview[0m
        [36m</button>[39m
        [36m<button[39m
          [33mclass[39m=[32m"tab-button "[39m
          [33mdata-tab[39m=[32m"images"[39m
        [36m>[39m
          [0mImages[0m
        [36m</button>[39m
      [36m</div>[39m
      [36m<main[39m
        [33mclass[39m=[32m"tab-content-container"[39m
      [36m>[39m
        [36m<div[39m
          [33mclass[39m=[32m"tab-content active"[39m
          [33mid[39m=[32m"overview"[39m
        [36m>[39m
          [36m<div[39m
            [33mclass[39m=[32m"overview-content"[39m
          [36m>[39m
            [36m<div[39m
              [33mclass[39m=[32m"info-grid"[39m
            [36m>[39m
              [36m<div[39m
                [33mclass[39m=[32m"info-card"[39m
              [36m>[39m
                [36m<div[39m
                  [33mclass[39m=[32m"info-label"[39m
                [36m>[39m
                  [0mJob ID[0m
                [36m</div>[39m
                [36m<div[39m
                  [33mclass[39m=[32m"info-value"[39m
                [36m>[39m
                  [0mJOB-[0m
                  [0m1[0m
                [36m</div>[39m
              [36m</div>[39m
              [36m<div[39m
                [33mclass[39m=[32m"info-card"[39m
              [36m>[39m
                [36m<div[39m
                  [33mclass[39m=[32m"info-label"[39m
                [36m>[39m
                  [0mStatus[0m
                [36m</div>[39m
                [36m<div[39m
                  [33mclass[39m=[32m"info-value"[39m
                [36m>[39m
                  [36m<span[39m
                    [33mclass[39m=[32m"inline-flex items-center gap-1 px-2 py-1 rounded-full text-sm font-medium border bg-green-100 text-green-800 border-green-200"[39m
                  [36m>[39m
                    [36m<svg[39m
                      [33maria-hidden[39m=[32m"true"[39m
                      [33mclass[39m=[32m"w-4 h-4"[39m
                      [33mfill[39m=[32m"none"[39m
                      [33mstroke[39m=[32m"currentColor"[39m
                      [33mviewBox[39m=[32m"0 0 24 24"[39m
                    [36m>[39m
                      [36m<path[39m
                        [33md[39m=[32m"M5 13l4 4L19 7"[39m
                        [33mstroke-linecap[39m=[32m"round"[39m
                        [33mstroke-linejoin[39m=[32m"round"[39m
                        [33mstroke-width[39m=[32m"2"[39m
                      [36m/>[39m
                    [36m</svg>[39m
                    [0mCompleted[0m
                  [36m</span>[39m
                [36m</div>[39m
              [36m</div>[39m
              [36m<div[39m
                [33mclass[39m=[32m"info-card"[39m
              [36m>[39m
                [36m<div[39m
                  [33mclass[39m=[32m"info-label"[39m
                [36m>[39m
                  [0mStart Time[0m
                [36m</div>[39m
                [36m<div[39m
                  [33mclass[39m=[32m"info-value"[39m
                [36m>[39m
                  [0m1/1/2024, 12:00:00 PM[0m
                [36m</div>[39m
              [36m</div>[39m
              [36m<div[39m
                [33mclass[39m=[32m"info-card"[39m
              [36m>[39m
                [36m<div[39m
                  [33mclass[39m=[32m"info-label"[39m
                [36m>[39m
                  [0mDuration[0m
                [36m</div>[39m
                [36m<div[39m
                  [33mclass[39m=[32m"info-value"[39m
                [36m>[39m
                  [0m5m[0m
                [36m</div>[39m
              [36m</div>[39m
              [36m<div[39m
                [33mclass[39m=[32m"info-card"[39m
              [36m>[39m
                [36m<div[39m
                  [33mclass[39m=[32m"info-label"[39m
                [36m>[39m
                  [0mSuccess Rate[0m
                [36m</div>[39m
                [36m<div[39m
                  [33mclass[39m=[32m"info-value"[39m
                [36m>[39m
                  [0mN/A[0m
                [36m</div>[39m
              [36m</div>[39m
            [36m</div>[39m
            [36m<h2[39m
              [33mclass[39m=[32m"section-title"[39m
            [36m>[39m
              [0mGenerated Images Summary[0m
            [36m</h2>[39m
            [36m<div[39m
              [33mclass[39m=[32m"stats-grid"[39m
            [36m>[39m
              [36m<div[39m
                [33mclass[39m=[32m"stats-card"[39m
              [36m>[39m
                [36m<div[39m
                  [33mclass[39m=[32m"stats-label"[39m
                [36m>[39m
   ...

Ignored nodes: comments, script, style
[36m<html>[39m
  [36m<head />[39m
  [36m<body>[39m
    [36m<div>[39m
      [36m<div[39m
        [33mclass[39m=[32m"single-job-view"[39m
      [36m>[39m
        [36m<header[39m
          [33mclass[39m=[32m"job-header"[39m
        [36m>[39m
          [36m<div[39m
            [33mclass[39m=[32m"header-content"[39m
          [36m>[39m
            [36m<div[39m
              [33mclass[39m=[32m"header-left"[39m
            [36m>[39m
              [36m<button[39m
                [33maria-label[39m=[32m"Go back to job list"[39m
                [33mclass[39m=[32m"back-button"[39m
              [36m>[39m
                [36m<svg[39m
                  [33mclass[39m=[32m"w-6 h-6"[39m
                  [33mfill[39m=[32m"none"[39m
                  [33mstroke[39m=[32m"currentColor"[39m
                  [33mviewBox[39m=[32m"0 0 24 24"[39m
                [36m>[39m
                  [36m<path[39m
                    [33md[39m=[32m"M10 19l-7-7m0 0l7-7m-7 7h18"[39m
                    [33mstroke-linecap[39m=[32m"round"[39m
                    [33mstroke-linejoin[39m=[32m"round"[39m
                    [33mstroke-width[39m=[32m"2"[39m
                  [36m/>[39m
                [36m</svg>[39m
              [36m</button>[39m
              [36m<h1[39m
                [33mclass[39m=[32m"job-title-main"[39m
              [36m>[39m
                [0mJob #[0m
                [0m1[0m
              [36m</h1>[39m
            [36m</div>[39m
          [36m</div>[39m
          [36m<div[39m
            [33mclass[39m=[32m"job-title-section"[39m
          [36m>[39m
            [36m<div[39m
              [33mclass[39m=[32m"job-title-static"[39m
            [36m>[39m
              [36m<span[39m
                [33mclass[39m=[32m"job-title-text"[39m
              [36m>[39m
                [0mTest Job[0m
              [36m</span>[39m
            [36m</div>[39m
          [36m</div>[39m
        [36m</header>[39m
        [36m<div[39m
          [33mclass[39m=[32m"tab-navigation"[39m
        [36m>[39m
          [36m<button[39m
            [33mclass[39m=[32m"tab-button active"[39m
            [33mdata-tab[39m=[32m"overview"[39m
          [36m>[39m
            [0mOverview[0m
          [36m</button>[39m
          [36m<button[39m
            [33mclass[39m=[32m"tab-button "[39m
            [33mdata-tab[39m=[32m"images"[39m
          [36m>[39m
            [0mImages[0m
          [36m</button>[39m
        [36m</div>[39m
        [36m<main[39m
          [33mclass[39m=[32m"tab-content-container"[39m
        [36m>[39m
          [36m<div[39m
            [33mclass[39m=[32m"tab-content active"[39m
            [33mid[39m=[32m"overview"[39m
          [36m>[39m
            [36m<div[39m
              [33mclass[39m=[32m"overview-content"[39m
            [36m>[39m
              [36m<div[39m
                [33mclass[39m=[32m"info-grid"[39m
              [36m>[39m
                [36m<div[39m
                  [33mclass[39m=[32m"info-card"[39m
                [36m>[39m
                  [36m<div[39m
                    [33mclass[39m=[32m"info-label"[39m
                  [36m>[39m
                    [0mJob ID[0m
                  [36m</div>[39m
                  [36m<div[39m
                    [33mclass[39m=[32m"info-value"[39m
                  [36m>[39m
                    [0mJOB-[0m
                    [0m1[0m
                  [36m</div>[39m
                [36m</div>[39m
                [36m<div[39m
                  [33mclass[39m=[32m"info-card"[39m
                [36m>[39m
                  [36m<div[39m
                    [33mclass[39m=[32m"info-label"[39m
                  [36m>[39m
                    [0mStatus[0m
                  [36m</div>[39m
                  [36m<div[39m
                    [33mclass[39m=[32m"info-value"[39m
                  [36m>[39m
                    [36m<span[39m
                      [33mclass[39m=[32m"inline-flex items-center gap-1 px-2 py-1 rounded-full text-sm font-medium border bg-green-100 text-green-800 border-green-200"[39m
                    [36m>[39m
                      [36m<svg[39m
                        [33maria-hidden[39m=[32m"true"[39m
                        [33mclass[39m=[32m"w-4 h-4"[39m
                        [33mfill[39m=[32m"none"[39m
                        [33mstroke[39m=[32m"currentColor"[39m
                        [33mviewBox[39m=[32m"0 0 24 24"[39m
                      [36m>[39m
                        [36m<path[39m
                          [33md[39m=[32m"M5 13l4 4L19 7"[39m
                          [33mstroke-linecap[39m=[32m"round"[39m
                          [33mstroke-linejoin[39m=[32m"round"[39m
                          [33mstroke-width[39m=[32m"2"[39m
                        [36m/>[39m
                      [36m</svg>[39m
                      [0mCompleted[0m
                    [36m</span>[39m
                  [36m</div>[39m
                [36m</div>[39m
                [36m<div[39m
                  [33mclass[39m=[32m"info-card"[39m
                [36m>[39m
                  [36m<div[39m
                    [33mclass[39m=[32m"info-label"[39m
                  [36m>[39m
                    [0mStart Time[0m
                  [36m</div>[39m
                  [36m<div[39m
                    [33mclass[39m=[32m"info-value"[39m
                  [36m>[39m
                    [0m1/1/2024, 12:00:00 PM[0m
                  [36m</div>[39m
                [36m</div>[39m
                [36m<div[39m
                  [33mclass[39m=[32m"info-card"[39m
                [36m>[39m
                  [36m<div[39m
                    [33mclass[39m=[32m"info-label"[39m
                  [36m>[39m
                    [0mDuration[0m
                  [36m</div>[39m
                  [36m<div[39m
                    [33mclass[39m=[32m"info-value"[39m
                  [36m>[39m
                    [0m5m[0m
                  [36m</div>[39m
                [36m</div>[39m
                [36m<div[39m
                  [33mclass[39m=[32m"info-card"[39m
                [36m>[39m
                  [36m<div[39m
                    [33mclass[39m=[32m"info-label"[39m
                  [36m>[39m
                    [0mSuccess Rate[0m
                  [36m</div>[39m
                  [36m<div[39m
                    [33mclass[39m=[32m"info-value"[39m
                  [36m>[39m
                    [0mN/A[0m
                  [36m</div>[39m
                [36m</div>[39m
              [36m</div>[39m
              [36m<h2[39m
                [33mclass[39m=[32m"section-title"[39m
              [36m>[39m
                [0...
   × SingleJobView > Logs Tab > displays logs correctly in logs tab 1011ms
     → Unable to find role="heading" and name "Test Job"

Ignored nodes: comments, script, style
[36m<body>[39m
  [36m<div>[39m
    [36m<div[39m
      [33mclass[39m=[32m"single-job-view"[39m
    [36m>[39m
      [36m<header[39m
        [33mclass[39m=[32m"job-header"[39m
      [36m>[39m
        [36m<div[39m
          [33mclass[39m=[32m"header-content"[39m
        [36m>[39m
          [36m<div[39m
            [33mclass[39m=[32m"header-left"[39m
          [36m>[39m
            [36m<button[39m
              [33maria-label[39m=[32m"Go back to job list"[39m
              [33mclass[39m=[32m"back-button"[39m
            [36m>[39m
              [36m<svg[39m
                [33mclass[39m=[32m"w-6 h-6"[39m
                [33mfill[39m=[32m"none"[39m
                [33mstroke[39m=[32m"currentColor"[39m
                [33mviewBox[39m=[32m"0 0 24 24"[39m
              [36m>[39m
                [36m<path[39m
                  [33md[39m=[32m"M10 19l-7-7m0 0l7-7m-7 7h18"[39m
                  [33mstroke-linecap[39m=[32m"round"[39m
                  [33mstroke-linejoin[39m=[32m"round"[39m
                  [33mstroke-width[39m=[32m"2"[39m
                [36m/>[39m
              [36m</svg>[39m
            [36m</button>[39m
            [36m<h1[39m
              [33mclass[39m=[32m"job-title-main"[39m
            [36m>[39m
              [0mJob #[0m
              [0m1[0m
            [36m</h1>[39m
          [36m</div>[39m
        [36m</div>[39m
        [36m<div[39m
          [33mclass[39m=[32m"job-title-section"[39m
        [36m>[39m
          [36m<div[39m
            [33mclass[39m=[32m"job-title-static"[39m
          [36m>[39m
            [36m<span[39m
              [33mclass[39m=[32m"job-title-text"[39m
            [36m>[39m
              [0mTest Job[0m
            [36m</span>[39m
          [36m</div>[39m
        [36m</div>[39m
      [36m</header>[39m
      [36m<div[39m
        [33mclass[39m=[32m"tab-navigation"[39m
      [36m>[39m
        [36m<button[39m
          [33mclass[39m=[32m"tab-button active"[39m
          [33mdata-tab[39m=[32m"overview"[39m
        [36m>[39m
          [0mOverview[0m
        [36m</button>[39m
        [36m<button[39m
          [33mclass[39m=[32m"tab-button "[39m
          [33mdata-tab[39m=[32m"images"[39m
        [36m>[39m
          [0mImages[0m
        [36m</button>[39m
      [36m</div>[39m
      [36m<main[39m
        [33mclass[39m=[32m"tab-content-container"[39m
      [36m>[39m
        [36m<div[39m
          [33mclass[39m=[32m"tab-content active"[39m
          [33mid[39m=[32m"overview"[39m
        [36m>[39m
          [36m<div[39m
            [33mclass[39m=[32m"overview-content"[39m
          [36m>[39m
            [36m<div[39m
              [33mclass[39m=[32m"info-grid"[39m
            [36m>[39m
              [36m<div[39m
                [33mclass[39m=[32m"info-card"[39m
              [36m>[39m
                [36m<div[39m
                  [33mclass[39m=[32m"info-label"[39m
                [36m>[39m
                  [0mJob ID[0m
                [36m</div>[39m
                [36m<div[39m
                  [33mclass[39m=[32m"info-value"[39m
                [36m>[39m
                  [0mJOB-[0m
                  [0m1[0m
                [36m</div>[39m
              [36m</div>[39m
              [36m<div[39m
                [33mclass[39m=[32m"info-card"[39m
              [36m>[39m
                [36m<div[39m
                  [33mclass[39m=[32m"info-label"[39m
                [36m>[39m
                  [0mStatus[0m
                [36m</div>[39m
                [36m<div[39m
                  [33mclass[39m=[32m"info-value"[39m
                [36m>[39m
                  [36m<span[39m
                    [33mclass[39m=[32m"inline-flex items-center gap-1 px-2 py-1 rounded-full text-sm font-medium border bg-green-100 text-green-800 border-green-200"[39m
                  [36m>[39m
                    [36m<svg[39m
                      [33maria-hidden[39m=[32m"true"[39m
                      [33mclass[39m=[32m"w-4 h-4"[39m
                      [33mfill[39m=[32m"none"[39m
                      [33mstroke[39m=[32m"currentColor"[39m
                      [33mviewBox[39m=[32m"0 0 24 24"[39m
                    [36m>[39m
                      [36m<path[39m
                        [33md[39m=[32m"M5 13l4 4L19 7"[39m
                        [33mstroke-linecap[39m=[32m"round"[39m
                        [33mstroke-linejoin[39m=[32m"round"[39m
                        [33mstroke-width[39m=[32m"2"[39m
                      [36m/>[39m
                    [36m</svg>[39m
                    [0mCompleted[0m
                  [36m</span>[39m
                [36m</div>[39m
              [36m</div>[39m
              [36m<div[39m
                [33mclass[39m=[32m"info-card"[39m
              [36m>[39m
                [36m<div[39m
                  [33mclass[39m=[32m"info-label"[39m
                [36m>[39m
                  [0mStart Time[0m
                [36m</div>[39m
                [36m<div[39m
                  [33mclass[39m=[32m"info-value"[39m
                [36m>[39m
                  [0m1/1/2024, 12:00:00 PM[0m
                [36m</div>[39m
              [36m</div>[39m
              [36m<div[39m
                [33mclass[39m=[32m"info-card"[39m
              [36m>[39m
                [36m<div[39m
                  [33mclass[39m=[32m"info-label"[39m
                [36m>[39m
                  [0mDuration[0m
                [36m</div>[39m
                [36m<div[39m
                  [33mclass[39m=[32m"info-value"[39m
                [36m>[39m
                  [0m5m[0m
                [36m</div>[39m
              [36m</div>[39m
              [36m<div[39m
                [33mclass[39m=[32m"info-card"[39m
              [36m>[39m
                [36m<div[39m
                  [33mclass[39m=[32m"info-label"[39m
                [36m>[39m
                  [0mSuccess Rate[0m
                [36m</div>[39m
                [36m<div[39m
                  [33mclass[39m=[32m"info-value"[39m
                [36m>[39m
                  [0mN/A[0m
                [36m</div>[39m
              [36m</div>[39m
            [36m</div>[39m
            [36m<h2[39m
              [33mclass[39m=[32m"section-title"[39m
            [36m>[39m
              [0mGenerated Images Summary[0m
            [36m</h2>[39m
            [36m<div[39m
              [33mclass[39m=[32m"stats-grid"[39m
            [36m>[39m
              [36m<div[39m
                [33mclass[39m=[32m"stats-card"[39m
              [36m>[39m
                [36m<div[39m
                  [33mclass[39m=[32m"stats-label"[39m
                [36m>[39m
   ...

Ignored nodes: comments, script, style
[36m<html>[39m
  [36m<head />[39m
  [36m<body>[39m
    [36m<div>[39m
      [36m<div[39m
        [33mclass[39m=[32m"single-job-view"[39m
      [36m>[39m
        [36m<header[39m
          [33mclass[39m=[32m"job-header"[39m
        [36m>[39m
          [36m<div[39m
            [33mclass[39m=[32m"header-content"[39m
          [36m>[39m
            [36m<div[39m
              [33mclass[39m=[32m"header-left"[39m
            [36m>[39m
              [36m<button[39m
                [33maria-label[39m=[32m"Go back to job list"[39m
                [33mclass[39m=[32m"back-button"[39m
              [36m>[39m
                [36m<svg[39m
                  [33mclass[39m=[32m"w-6 h-6"[39m
                  [33mfill[39m=[32m"none"[39m
                  [33mstroke[39m=[32m"currentColor"[39m
                  [33mviewBox[39m=[32m"0 0 24 24"[39m
                [36m>[39m
                  [36m<path[39m
                    [33md[39m=[32m"M10 19l-7-7m0 0l7-7m-7 7h18"[39m
                    [33mstroke-linecap[39m=[32m"round"[39m
                    [33mstroke-linejoin[39m=[32m"round"[39m
                    [33mstroke-width[39m=[32m"2"[39m
                  [36m/>[39m
                [36m</svg>[39m
              [36m</button>[39m
              [36m<h1[39m
                [33mclass[39m=[32m"job-title-main"[39m
              [36m>[39m
                [0mJob #[0m
                [0m1[0m
              [36m</h1>[39m
            [36m</div>[39m
          [36m</div>[39m
          [36m<div[39m
            [33mclass[39m=[32m"job-title-section"[39m
          [36m>[39m
            [36m<div[39m
              [33mclass[39m=[32m"job-title-static"[39m
            [36m>[39m
              [36m<span[39m
                [33mclass[39m=[32m"job-title-text"[39m
              [36m>[39m
                [0mTest Job[0m
              [36m</span>[39m
            [36m</div>[39m
          [36m</div>[39m
        [36m</header>[39m
        [36m<div[39m
          [33mclass[39m=[32m"tab-navigation"[39m
        [36m>[39m
          [36m<button[39m
            [33mclass[39m=[32m"tab-button active"[39m
            [33mdata-tab[39m=[32m"overview"[39m
          [36m>[39m
            [0mOverview[0m
          [36m</button>[39m
          [36m<button[39m
            [33mclass[39m=[32m"tab-button "[39m
            [33mdata-tab[39m=[32m"images"[39m
          [36m>[39m
            [0mImages[0m
          [36m</button>[39m
        [36m</div>[39m
        [36m<main[39m
          [33mclass[39m=[32m"tab-content-container"[39m
        [36m>[39m
          [36m<div[39m
            [33mclass[39m=[32m"tab-content active"[39m
            [33mid[39m=[32m"overview"[39m
          [36m>[39m
            [36m<div[39m
              [33mclass[39m=[32m"overview-content"[39m
            [36m>[39m
              [36m<div[39m
                [33mclass[39m=[32m"info-grid"[39m
              [36m>[39m
                [36m<div[39m
                  [33mclass[39m=[32m"info-card"[39m
                [36m>[39m
                  [36m<div[39m
                    [33mclass[39m=[32m"info-label"[39m
                  [36m>[39m
                    [0mJob ID[0m
                  [36m</div>[39m
                  [36m<div[39m
                    [33mclass[39m=[32m"info-value"[39m
                  [36m>[39m
                    [0mJOB-[0m
                    [0m1[0m
                  [36m</div>[39m
                [36m</div>[39m
                [36m<div[39m
                  [33mclass[39m=[32m"info-card"[39m
                [36m>[39m
                  [36m<div[39m
                    [33mclass[39m=[32m"info-label"[39m
                  [36m>[39m
                    [0mStatus[0m
                  [36m</div>[39m
                  [36m<div[39m
                    [33mclass[39m=[32m"info-value"[39m
                  [36m>[39m
                    [36m<span[39m
                      [33mclass[39m=[32m"inline-flex items-center gap-1 px-2 py-1 rounded-full text-sm font-medium border bg-green-100 text-green-800 border-green-200"[39m
                    [36m>[39m
                      [36m<svg[39m
                        [33maria-hidden[39m=[32m"true"[39m
                        [33mclass[39m=[32m"w-4 h-4"[39m
                        [33mfill[39m=[32m"none"[39m
                        [33mstroke[39m=[32m"currentColor"[39m
                        [33mviewBox[39m=[32m"0 0 24 24"[39m
                      [36m>[39m
                        [36m<path[39m
                          [33md[39m=[32m"M5 13l4 4L19 7"[39m
                          [33mstroke-linecap[39m=[32m"round"[39m
                          [33mstroke-linejoin[39m=[32m"round"[39m
                          [33mstroke-width[39m=[32m"2"[39m
                        [36m/>[39m
                      [36m</svg>[39m
                      [0mCompleted[0m
                    [36m</span>[39m
                  [36m</div>[39m
                [36m</div>[39m
                [36m<div[39m
                  [33mclass[39m=[32m"info-card"[39m
                [36m>[39m
                  [36m<div[39m
                    [33mclass[39m=[32m"info-label"[39m
                  [36m>[39m
                    [0mStart Time[0m
                  [36m</div>[39m
                  [36m<div[39m
                    [33mclass[39m=[32m"info-value"[39m
                  [36m>[39m
                    [0m1/1/2024, 12:00:00 PM[0m
                  [36m</div>[39m
                [36m</div>[39m
                [36m<div[39m
                  [33mclass[39m=[32m"info-card"[39m
                [36m>[39m
                  [36m<div[39m
                    [33mclass[39m=[32m"info-label"[39m
                  [36m>[39m
                    [0mDuration[0m
                  [36m</div>[39m
                  [36m<div[39m
                    [33mclass[39m=[32m"info-value"[39m
                  [36m>[39m
                    [0m5m[0m
                  [36m</div>[39m
                [36m</div>[39m
                [36m<div[39m
                  [33mclass[39m=[32m"info-card"[39m
                [36m>[39m
                  [36m<div[39m
                    [33mclass[39m=[32m"info-label"[39m
                  [36m>[39m
                    [0mSuccess Rate[0m
                  [36m</div>[39m
                  [36m<div[39m
                    [33mclass[39m=[32m"info-value"[39m
                  [36m>[39m
                    [0mN/A[0m
                  [36m</div>[39m
                [36m</div>[39m
              [36m</div>[39m
              [36m<h2[39m
                [33mclass[39m=[32m"section-title"[39m
              [36m>[39m
                [0...
   × SingleJobView > Edge Cases > handles job without label 1006ms
     → Unable to find an element with the text: /Job\s*#\s*1/. This could be because the text is broken up by multiple elements. In this case, you can provide a function for your text matcher to make your matcher more flexible.

Ignored nodes: comments, script, style
[36m<body>[39m
  [36m<div>[39m
    [36m<div[39m
      [33maria-label[39m=[32m"Job error"[39m
      [33mclass[39m=[32m"single-job-view"[39m
      [33mrole[39m=[32m"main"[39m
    [36m>[39m
      [36m<div[39m
        [33mclass[39m=[32m"error-container"[39m
      [36m>[39m
        [36m<div[39m
          [33mclass[39m=[32m"error-icon"[39m
        [36m>[39m
          [36m<svg[39m
            [33mclass[39m=[32m"w-8 h-8 text-red-500"[39m
            [33mfill[39m=[32m"none"[39m
            [33mstroke[39m=[32m"currentColor"[39m
            [33mviewBox[39m=[32m"0 0 24 24"[39m
          [36m>[39m
            [36m<path[39m
              [33md[39m=[32m"M12 9v2m0 4h.01m-6.938 4h13.856c1.54 0 2.502-1.667 1.732-2.5L13.732 4c-.77-.833-1.964-.833-2.732 0L3.732 16.5c-.77.833.192 2.5 1.732 2.5z"[39m
              [33mstroke-linecap[39m=[32m"round"[39m
              [33mstroke-linejoin[39m=[32m"round"[39m
              [33mstroke-width[39m=[32m"2"[39m
            [36m/>[39m
          [36m</svg>[39m
        [36m</div>[39m
        [36m<h3>[39m
          [0mError Loading Job[0m
        [36m</h3>[39m
        [36m<p>[39m
          [0mFailed to load job data[0m
        [36m</p>[39m
        [36m<button[39m
          [33mclass[39m=[32m"btn-primary"[39m
        [36m>[39m
          [0mGo Back[0m
        [36m</button>[39m
      [36m</div>[39m
    [36m</div>[39m
  [36m</div>[39m
[36m</body>[39m

Ignored nodes: comments, script, style
[36m<html>[39m
  [36m<head />[39m
  [36m<body>[39m
    [36m<div>[39m
      [36m<div[39m
        [33maria-label[39m=[32m"Job error"[39m
        [33mclass[39m=[32m"single-job-view"[39m
        [33mrole[39m=[32m"main"[39m
      [36m>[39m
        [36m<div[39m
          [33mclass[39m=[32m"error-container"[39m
        [36m>[39m
          [36m<div[39m
            [33mclass[39m=[32m"error-icon"[39m
          [36m>[39m
            [36m<svg[39m
              [33mclass[39m=[32m"w-8 h-8 text-red-500"[39m
              [33mfill[39m=[32m"none"[39m
              [33mstroke[39m=[32m"currentColor"[39m
              [33mviewBox[39m=[32m"0 0 24 24"[39m
            [36m>[39m
              [36m<path[39m
                [33md[39m=[32m"M12 9v2m0 4h.01m-6.938 4h13.856c1.54 0 2.502-1.667 1.732-2.5L13.732 4c-.77-.833-1.964-.833-2.732 0L3.732 16.5c-.77.833.192 2.5 1.732 2.5z"[39m
                [33mstroke-linecap[39m=[32m"round"[39m
                [33mstroke-linejoin[39m=[32m"round"[39m
                [33mstroke-width[39m=[32m"2"[39m
              [36m/>[39m
            [36m</svg>[39m
          [36m</div>[39m
          [36m<h3>[39m
            [0mError Loading Job[0m
          [36m</h3>[39m
          [36m<p>[39m
            [0mFailed to load job data[0m
          [36m</p>[39m
          [36m<button[39m
            [33mclass[39m=[32m"btn-primary"[39m
          [36m>[39m
            [0mGo Back[0m
          [36m</button>[39m
        [36m</div>[39m
      [36m</div>[39m
    [36m</div>[39m
  [36m</body>[39m
[36m</html>[39m
   × SingleJobView > Edge Cases > handles job without completedAt 1004ms
     → Unable to find an element with the text: Test Job. This could be because the text is broken up by multiple elements. In this case, you can provide a function for your text matcher to make your matcher more flexible.

Ignored nodes: comments, script, style
[36m<body>[39m
  [36m<div>[39m
    [36m<div[39m
      [33maria-label[39m=[32m"Job error"[39m
      [33mclass[39m=[32m"single-job-view"[39m
      [33mrole[39m=[32m"main"[39m
    [36m>[39m
      [36m<div[39m
        [33mclass[39m=[32m"error-container"[39m
      [36m>[39m
        [36m<div[39m
          [33mclass[39m=[32m"error-icon"[39m
        [36m>[39m
          [36m<svg[39m
            [33mclass[39m=[32m"w-8 h-8 text-red-500"[39m
            [33mfill[39m=[32m"none"[39m
            [33mstroke[39m=[32m"currentColor"[39m
            [33mviewBox[39m=[32m"0 0 24 24"[39m
          [36m>[39m
            [36m<path[39m
              [33md[39m=[32m"M12 9v2m0 4h.01m-6.938 4h13.856c1.54 0 2.502-1.667 1.732-2.5L13.732 4c-.77-.833-1.964-.833-2.732 0L3.732 16.5c-.77.833.192 2.5 1.732 2.5z"[39m
              [33mstroke-linecap[39m=[32m"round"[39m
              [33mstroke-linejoin[39m=[32m"round"[39m
              [33mstroke-width[39m=[32m"2"[39m
            [36m/>[39m
          [36m</svg>[39m
        [36m</div>[39m
        [36m<h3>[39m
          [0mError Loading Job[0m
        [36m</h3>[39m
        [36m<p>[39m
          [0mFailed to load job data[0m
        [36m</p>[39m
        [36m<button[39m
          [33mclass[39m=[32m"btn-primary"[39m
        [36m>[39m
          [0mGo Back[0m
        [36m</button>[39m
      [36m</div>[39m
    [36m</div>[39m
  [36m</div>[39m
[36m</body>[39m

Ignored nodes: comments, script, style
[36m<html>[39m
  [36m<head />[39m
  [36m<body>[39m
    [36m<div>[39m
      [36m<div[39m
        [33maria-label[39m=[32m"Job error"[39m
        [33mclass[39m=[32m"single-job-view"[39m
        [33mrole[39m=[32m"main"[39m
      [36m>[39m
        [36m<div[39m
          [33mclass[39m=[32m"error-container"[39m
        [36m>[39m
          [36m<div[39m
            [33mclass[39m=[32m"error-icon"[39m
          [36m>[39m
            [36m<svg[39m
              [33mclass[39m=[32m"w-8 h-8 text-red-500"[39m
              [33mfill[39m=[32m"none"[39m
              [33mstroke[39m=[32m"currentColor"[39m
              [33mviewBox[39m=[32m"0 0 24 24"[39m
            [36m>[39m
              [36m<path[39m
                [33md[39m=[32m"M12 9v2m0 4h.01m-6.938 4h13.856c1.54 0 2.502-1.667 1.732-2.5L13.732 4c-.77-.833-1.964-.833-2.732 0L3.732 16.5c-.77.833.192 2.5 1.732 2.5z"[39m
                [33mstroke-linecap[39m=[32m"round"[39m
                [33mstroke-linejoin[39m=[32m"round"[39m
                [33mstroke-width[39m=[32m"2"[39m
              [36m/>[39m
            [36m</svg>[39m
          [36m</div>[39m
          [36m<h3>[39m
            [0mError Loading Job[0m
          [36m</h3>[39m
          [36m<p>[39m
            [0mFailed to load job data[0m
          [36m</p>[39m
          [36m<button[39m
            [33mclass[39m=[32m"btn-primary"[39m
          [36m>[39m
            [0mGo Back[0m
          [36m</button>[39m
        [36m</div>[39m
      [36m</div>[39m
    [36m</div>[39m
  [36m</body>[39m
[36m</html>[39m
   × SingleJobView > Edge Cases > handles job without startedAt 1004ms
     → Unable to find an element with the text: Test Job. This could be because the text is broken up by multiple elements. In this case, you can provide a function for your text matcher to make your matcher more flexible.

Ignored nodes: comments, script, style
[36m<body>[39m
  [36m<div>[39m
    [36m<div[39m
      [33maria-label[39m=[32m"Job error"[39m
      [33mclass[39m=[32m"single-job-view"[39m
      [33mrole[39m=[32m"main"[39m
    [36m>[39m
      [36m<div[39m
        [33mclass[39m=[32m"error-container"[39m
      [36m>[39m
        [36m<div[39m
          [33mclass[39m=[32m"error-icon"[39m
        [36m>[39m
          [36m<svg[39m
            [33mclass[39m=[32m"w-8 h-8 text-red-500"[39m
            [33mfill[39m=[32m"none"[39m
            [33mstroke[39m=[32m"currentColor"[39m
            [33mviewBox[39m=[32m"0 0 24 24"[39m
          [36m>[39m
            [36m<path[39m
              [33md[39m=[32m"M12 9v2m0 4h.01m-6.938 4h13.856c1.54 0 2.502-1.667 1.732-2.5L13.732 4c-.77-.833-1.964-.833-2.732 0L3.732 16.5c-.77.833.192 2.5 1.732 2.5z"[39m
              [33mstroke-linecap[39m=[32m"round"[39m
              [33mstroke-linejoin[39m=[32m"round"[39m
              [33mstroke-width[39m=[32m"2"[39m
            [36m/>[39m
          [36m</svg>[39m
        [36m</div>[39m
        [36m<h3>[39m
          [0mError Loading Job[0m
        [36m</h3>[39m
        [36m<p>[39m
          [0mFailed to load job data[0m
        [36m</p>[39m
        [36m<button[39m
          [33mclass[39m=[32m"btn-primary"[39m
        [36m>[39m
          [0mGo Back[0m
        [36m</button>[39m
      [36m</div>[39m
    [36m</div>[39m
  [36m</div>[39m
[36m</body>[39m

Ignored nodes: comments, script, style
[36m<html>[39m
  [36m<head />[39m
  [36m<body>[39m
    [36m<div>[39m
      [36m<div[39m
        [33maria-label[39m=[32m"Job error"[39m
        [33mclass[39m=[32m"single-job-view"[39m
        [33mrole[39m=[32m"main"[39m
      [36m>[39m
        [36m<div[39m
          [33mclass[39m=[32m"error-container"[39m
        [36m>[39m
          [36m<div[39m
            [33mclass[39m=[32m"error-icon"[39m
          [36m>[39m
            [36m<svg[39m
              [33mclass[39m=[32m"w-8 h-8 text-red-500"[39m
              [33mfill[39m=[32m"none"[39m
              [33mstroke[39m=[32m"currentColor"[39m
              [33mviewBox[39m=[32m"0 0 24 24"[39m
            [36m>[39m
              [36m<path[39m
                [33md[39m=[32m"M12 9v2m0 4h.01m-6.938 4h13.856c1.54 0 2.502-1.667 1.732-2.5L13.732 4c-.77-.833-1.964-.833-2.732 0L3.732 16.5c-.77.833.192 2.5 1.732 2.5z"[39m
                [33mstroke-linecap[39m=[32m"round"[39m
                [33mstroke-linejoin[39m=[32m"round"[39m
                [33mstroke-width[39m=[32m"2"[39m
              [36m/>[39m
            [36m</svg>[39m
          [36m</div>[39m
          [36m<h3>[39m
            [0mError Loading Job[0m
          [36m</h3>[39m
          [36m<p>[39m
            [0mFailed to load job data[0m
          [36m</p>[39m
          [36m<button[39m
            [33mclass[39m=[32m"btn-primary"[39m
          [36m>[39m
            [0mGo Back[0m
          [36m</button>[39m
        [36m</div>[39m
      [36m</div>[39m
    [36m</div>[39m
  [36m</body>[39m
[36m</html>[39m
   × SingleJobView > Edge Cases > handles empty images array 96ms
     → Unable to find an element with the text: No images generated. This could be because the text is broken up by multiple elements. In this case, you can provide a function for your text matcher to make your matcher more flexible.

Ignored nodes: comments, script, style
[36m<body>[39m
  [36m<div>[39m
    [36m<div[39m
      [33mclass[39m=[32m"single-job-view"[39m
    [36m>[39m
      [36m<header[39m
        [33mclass[39m=[32m"job-header"[39m
      [36m>[39m
        [36m<div[39m
          [33mclass[39m=[32m"header-content"[39m
        [36m>[39m
          [36m<div[39m
            [33mclass[39m=[32m"header-left"[39m
          [36m>[39m
            [36m<button[39m
              [33maria-label[39m=[32m"Go back to job list"[39m
              [33mclass[39m=[32m"back-button"[39m
            [36m>[39m
              [36m<svg[39m
                [33mclass[39m=[32m"w-6 h-6"[39m
                [33mfill[39m=[32m"none"[39m
                [33mstroke[39m=[32m"currentColor"[39m
                [33mviewBox[39m=[32m"0 0 24 24"[39m
              [36m>[39m
                [36m<path[39m
                  [33md[39m=[32m"M10 19l-7-7m0 0l7-7m-7 7h18"[39m
                  [33mstroke-linecap[39m=[32m"round"[39m
                  [33mstroke-linejoin[39m=[32m"round"[39m
                  [33mstroke-width[39m=[32m"2"[39m
                [36m/>[39m
              [36m</svg>[39m
            [36m</button>[39m
            [36m<h1[39m
              [33mclass[39m=[32m"job-title-main"[39m
            [36m>[39m
              [0mJob #[0m
              [0m1[0m
            [36m</h1>[39m
          [36m</div>[39m
        [36m</div>[39m
        [36m<div[39m
          [33mclass[39m=[32m"job-title-section"[39m
        [36m>[39m
          [36m<div[39m
            [33mclass[39m=[32m"job-title-static"[39m
          [36m>[39m
            [36m<span[39m
              [33mclass[39m=[32m"job-title-text"[39m
            [36m>[39m
              [0mTest Job[0m
            [36m</span>[39m
          [36m</div>[39m
        [36m</div>[39m
      [36m</header>[39m
      [36m<div[39m
        [33mclass[39m=[32m"tab-navigation"[39m
      [36m>[39m
        [36m<button[39m
          [33mclass[39m=[32m"tab-button "[39m
          [33mdata-tab[39m=[32m"overview"[39m
        [36m>[39m
          [0mOverview[0m
        [36m</button>[39m
        [36m<button[39m
          [33mclass[39m=[32m"tab-button active"[39m
          [33mdata-tab[39m=[32m"images"[39m
        [36m>[39m
          [0mImages[0m
        [36m</button>[39m
      [36m</div>[39m
      [36m<main[39m
        [33mclass[39m=[32m"tab-content-container"[39m
      [36m>[39m
        [36m<div[39m
          [33mclass[39m=[32m"tab-content "[39m
          [33mid[39m=[32m"overview"[39m
        [36m>[39m
          [36m<div[39m
            [33mclass[39m=[32m"overview-content"[39m
          [36m>[39m
            [36m<div[39m
              [33mclass[39m=[32m"info-grid"[39m
            [36m>[39m
              [36m<div[39m
                [33mclass[39m=[32m"info-card"[39m
              [36m>[39m
                [36m<div[39m
                  [33mclass[39m=[32m"info-label"[39m
                [36m>[39m
                  [0mJob ID[0m
                [36m</div>[39m
                [36m<div[39m
                  [33mclass[39m=[32m"info-value"[39m
                [36m>[39m
                  [0mJOB-[0m
                  [0m1[0m
                [36m</div>[39m
              [36m</div>[39m
              [36m<div[39m
                [33mclass[39m=[32m"info-card"[39m
              [36m>[39m
                [36m<div[39m
                  [33mclass[39m=[32m"info-label"[39m
                [36m>[39m
                  [0mStatus[0m
                [36m</div>[39m
                [36m<div[39m
                  [33mclass[39m=[32m"info-value"[39m
                [36m>[39m
                  [36m<span[39m
                    [33mclass[39m=[32m"inline-flex items-center gap-1 px-2 py-1 rounded-full text-sm font-medium border bg-green-100 text-green-800 border-green-200"[39m
                  [36m>[39m
                    [36m<svg[39m
                      [33maria-hidden[39m=[32m"true"[39m
                      [33mclass[39m=[32m"w-4 h-4"[39m
                      [33mfill[39m=[32m"none"[39m
                      [33mstroke[39m=[32m"currentColor"[39m
                      [33mviewBox[39m=[32m"0 0 24 24"[39m
                    [36m>[39m
                      [36m<path[39m
                        [33md[39m=[32m"M5 13l4 4L19 7"[39m
                        [33mstroke-linecap[39m=[32m"round"[39m
                        [33mstroke-linejoin[39m=[32m"round"[39m
                        [33mstroke-width[39m=[32m"2"[39m
                      [36m/>[39m
                    [36m</svg>[39m
                    [0mCompleted[0m
                  [36m</span>[39m
                [36m</div>[39m
              [36m</div>[39m
              [36m<div[39m
                [33mclass[39m=[32m"info-card"[39m
              [36m>[39m
                [36m<div[39m
                  [33mclass[39m=[32m"info-label"[39m
                [36m>[39m
                  [0mStart Time[0m
                [36m</div>[39m
                [36m<div[39m
                  [33mclass[39m=[32m"info-value"[39m
                [36m>[39m
                  [0m1/1/2024, 12:00:00 PM[0m
                [36m</div>[39m
              [36m</div>[39m
              [36m<div[39m
                [33mclass[39m=[32m"info-card"[39m
              [36m>[39m
                [36m<div[39m
                  [33mclass[39m=[32m"info-label"[39m
                [36m>[39m
                  [0mDuration[0m
                [36m</div>[39m
                [36m<div[39m
                  [33mclass[39m=[32m"info-value"[39m
                [36m>[39m
                  [0m5m[0m
                [36m</div>[39m
              [36m</div>[39m
              [36m<div[39m
                [33mclass[39m=[32m"info-card"[39m
              [36m>[39m
                [36m<div[39m
                  [33mclass[39m=[32m"info-label"[39m
                [36m>[39m
                  [0mSuccess Rate[0m
                [36m</div>[39m
                [36m<div[39m
                  [33mclass[39m=[32m"info-value"[39m
                [36m>[39m
                  [0mN/A[0m
                [36m</div>[39m
              [36m</div>[39m
            [36m</div>[39m
            [36m<h2[39m
              [33mclass[39m=[32m"section-title"[39m
            [36m>[39m
              [0mGenerated Images Summary[0m
            [36m</h2>[39m
            [36m<div[39m
              [33mclass[39m=[32m"stats-grid"[39m
            [36m>[39m
              [36m<div[39m
                [33mclass[39m=[32m"stats-card"[39m
              [36m>[39m
                [36m<div[39m
                  [33mclass[39m=[32m"stats-label"[39m
                [36m>[39m
                  [0mTotal Images[0m
                [36m</div>[39m
                [36m<div[39m
                  [33mclass[39m=[32m"stats-value"[39m
                [36m>[39m
                  [0m0[0m
                [36m</div>[39m
              [36m</div>[39m
              [36m<div[39m
                [33mclass[39m=[32m"stats-card"[39m
              [36m>[39m
                [36m<div[39m
                  [33mclass[39m=[32m"stats-label"[39m
                [36m>[39m
                  [0mSuccessful[0m
                [36m</div>[39m
                [36m<div[39m
                  [33mclass[39m=[32m"stats-value success"[39m
                [36m>[39m
                  [0m0[0m
                [36m</div>[39m
              [36m</div>[39m
              [36m<div[39m
                [33mclass[39m=[32m"stats-card"[39m
              [36m>[39m
                [36m<div[39m
                  [33mclass[39m=[32m"stats-label"[39m
                [36m>[39m
                  [0mFailed[0m
                [36m</div>[39m
                [36m<div[39m
                  [33mclass[39m=[32m"stats-value failed"[39m
                [36m>[39m
                  [0m0[0m
                [36m</div>[39m
                [36m<div[39m
                  [33mclass[39m=[32m"stats-note"[39m
                [36m>[39m
                  [0mGeneration failed[0m
                [36m</div>[39m
              [36m</div>[39m
            [36m</div>[39m
            [36m<div[39m
              [33mclass[39m=[32m"settings-section"[39m
            [36m>[39m
              [36m<div[39m
                [33mclass[39m=[32m"settings-header"[39m
              [36m>[39m
                [36m<h2[39m
                  [33mclass[39m=[32m"section-title"[39m
                [36m>[39m
                  [0mSettings[0m
                [36m</h2>[39m
                [36m<div[39m
                  [33mclass[39m=[32m"settings-actions"[39m
                [36m>[39m
                  [36m<button[39m
                    [33mclass[39m=[32m"refresh-button"[39m
                    [33mtitle[39m=[32m"Refresh job data"[39m
                  [36m>[39m
                    [36m<svg[39m
                      [33mclass[39m=[32m"w-4 h-4 mr-1"[39m
                      [33mfill[39m=[32m"none"[39m
                      [33mstroke[39m=[32m"currentColor"[39m
                      [33mviewBox[39m=[32m"0 0 24 24"[39m
                    [36m>[39m
                      [36m<path[39m
                        [33md[39m=[32m"M3 12a9 9 0 0 1 9-9 9.75 9.75 0 0 1 6.74 2.74L21 8"[39m
                        [33mstroke-width[39m=[32m"2.5"[39m
                      [36m/>[39m
                      [36m<path[39m
                        [33md[39m=[32m"M21 3v5h-5"[39m
                        [33mstroke-width[39m=[32m"2.5"[39m
                      [36m/>[39m
                      [36m<path[39m
                        [33md[39m=[32m"M21 12a9 9 0 0 1-9 9 9.75 9.75 0 0 1-6.74-2.74L3 16"[39m
                        [33mstroke-width[39m=[32m"2.5"[39m
                      [36m/>[39m
                      [36m<path[39m
                        [33md[39m=[32m"M8 16H3v5"[39m
                        [33mstroke-width[39m=[32m"2.5"[39m
                      [36m/>[39m
                    [36m</svg>[39m
                    [0mRefresh[0m
                  [36m</button>[39m
                  [36m<button[39m
                    [33mclass[39m=[32m"edit-button"[39m
                    [33mtitle[39m=[32m"Edit job settings"[39m
                  [36m>[39m
                    [0mEdit[0m
                  [36m</button>[39m
                [36m</div>[39m
              [36m</div>[39m
              [36m<div[39m
                [33mclass[39m=[32m"settings-content"[39m
              [36m>[39m
                [36m<div[39m
                  [33mclass[39m=[32m"setting-group"[39m
                [36m>[39m
                  [36m<h3>[39m
                    [0mModel Configuration[0m
                  [36m</h3>[39m
                  [36m<div[39m
                    [33mclass[39m=[32m"setting-details"[39m
                  [36m>[39m
                    [36m<div>[39m
                      [0m• Provider: Runware[0m
                    [36m</div>[39m
                    [36m<div>[39m
                      [0m• Runware Model: [0m
                      [0mNot specified[0m
                    [36m</div>[39m
                    [36m<div>[39m
                      [0m• Generations: [0m
                      [0mNot specified[0m
                    [36m</div>[39m
                    [36m<div>[39m
                      [0m• Variations: [0m
                      [0mNot specified[0m
                    [36m</div>[39m
                    [36m<div>[39m
                      [0m• LoRA Models: [0m
                      [0mNo[0m
                    [36m</div>[39m
                    [36m<div>[39m
                      [0m• LoRA list: [0m
                      [0mNot Applied as LoRA Models disabled[0m
                    [36m</div>[39m
                  [36m</div>[39m
                [36m</div>[39m
                [36m<div[39m
                  [33mclass[39m=[32m"setting-group"[39m
                [36m>[39m
                  [36m<h3>[39m
                    [0mImage Settings[0m
                  [36m</h3>[39m
                  [36m<div[39m
                    [33mclass[39m=[32m"setting-details"[39m
                  [36m>[39m
                    [36m<div>[39m
                      [0m• Dimensions: [0m
                      [0mNot specified[0m
                    [36m</div>[39m
                    [36m<div>[39m
                      [0m• Format: [0m
                      [0mNOT SPECIFIED[0m
                    [36m</div>[39m
                  [36m</div>[39m
                [36m</div>[39m
                [36m<div[39m
                  [33mclass[39m=[32m"setting-group"[39m
                [36m>[39m
                  [36m<h3>[39m
                    [0mProcessing Options[0m
                  [36m</h3>[39m
                  [36m<div[39m
                    [33mclass[39m=[32m"setting-details"[39m
                  [36m>[39m
                    [36m<div>[39m
                      [0m• Remove Background: [0m
                      [0mNo[0m
                    [36m</div>[39m
                    [36m<div>[39m
                      [0m• Remove.bg Size: [0m
                      [0mNot applied (Remove Background OFF)[0m
                    [36m</div>[39m
                    [36m<div>[39m
                      [0m• Image Enhancement: [0m
                      [0mNo[0m
                    [36m</div>[39m
                    [36m<div>[39m
                      [0m• Sharpening: [0m
                      [0mNot applied (Image Enhancement OFF)[0m
                    [36m</div>[39m
                    [36m<div>[39m
                      [0m• Saturation: [0m
                      [0mNot applied (Image Enhancement OFF)[0m
                    [36m</div>[39m
                    [36m<div>[39m
                      [0m• Image Convert: [0m
                      [0mNo[0m
                    [36m</div>[39m
                    [36m<div>[39m
                      [0m• Convert Format: [0m
                      [0mNot applied (Image Convert OFF)[0m
                    [36m</div>[39m
                    [36m<div>[39m
                      [0m• Trim Transparent: [0m
                      [0mNot applied (Remove Background OFF)[0m
                    [36m</div>[39m
                    [36m<div>[39m
                      [0m• JPG Background Colour: [0m
                      [0mNot applied (Remove Background, Image Convert are set to OFF and Convert Format is not JPG)[0m
                    [36m</div>[39m
                    [36m<div>[39m
                      [0m• Quality Check: [0m
                      [0mNo[0m
                    [36m</div>[39m
                    [36m<div>[39m
                      [0m• Metadata Generation: [0m
                      [0mNo[0m
                    [36m</div>[39m
                  [36m</div>[39m
                [36m</div>[39m
              [36m</div>[39m
            [36m</div>[39m
          [36m</div>[39m
        [36m</div>[39m
        [36m<div[39m
          [33mclass[39m=[32m"tab-content active"[39m
          [33mid[39m=[32m"images"[39m
        [36m>[39m
          [36m<div[39m
            [33mclass[39m=[32m"images-content"[39m
          [36m>[39m
            [36m<div[39m
              [33mclass[39m=[32m"images-controls"[39m
            [36m>[39m
              [36m<div[39m
                [33mclass[39m=[32m"filter-controls"[39m
              [36m>[39m
                [36m<select[39m
                  [33mclass[39m=[32m"filter-select"[39m
                [36m>[39m
                  [36m<option[39m
                    [33mvalue[39m=[32m"all"[39m
                  [36m>[39m
                    [0mAll[0m
                  [36m</option>[39m
                  [36m<option[39m
                    [33mvalue[39m=[32m"approved"[39m
                  [36m>[39m
                    [0mApproved[0m
                  [36m</option>[39m
                  [36m<option[39m
                    [33mvalue[39m=[32m"failed_all"[39m
                  [36m>[39m
                    [0mFailed (All)[0m
                  [36m</option>[39m
                  [36m<option[39m
                    [33mvalue[39m=[32m"failed_qc"[39m
                  [36m>[39m
                    [0mFailed – QC[0m
                  [36m</option>[39m
                  [36m<option[39m
                    [33mvalue[39m=[32m"failed_tech"[39m
                  [36m>[39m
                    [0mFailed – Technical[0m
                  [36m</option>[39m
                [36m</select>[39m
              [36m</div>[39m
              [36m<div[39m
                [33mclass[39m=[32m"view-controls"[39m
              [36m>[39m
                [36m<button[39m
                  [33mclass[39m=[32m"view-toggle active"[39m
                  [33mtitle[39m=[32m"Grid View"[39m
                [36m>[39m
                  [36m<svg[39m
                    [33mclass[39m=[32m"w-5 h-5"[39m
                    [33mfill[39m=[32m"none"[39m
                    [33mstroke[39m=[32m"currentColor"[39m
                    [33mviewBox[39m=[32m"0 0 24 24"[39m
                  [36m>[39m
                    [36m<path[39m
                      [33md[39m=[32m"M4 6a2 2 0 012-2h2a2 2 0 012 2v2a2 2 0 01-2 2H6a2 2 0 01-2-2V6zM14 6a2 2 0 012-2h2a2 2 0 012 2v2a2 2 0 01-2 2h-2a2 2 0 01-2-2V6zM4 16a2 2 0 012-2h2a2 2 0 012 2v2a2 2 0 01-2 2H6a2 2 0 01-2-2v-2zM14 16a2 2 0 012-2h2a2 2 0 012 2v2a2 2 0 01-2 2h-2a2 2 0 01-2-2v-2z"[39m
                      [33mstroke-linecap[39m=[32m"round"[39m
                      [33mstroke-linejoin[39m=[32m"round"[39m
                      [33mstroke-width[39m=[32m"2"[39m
                    [36m/>[39m
                  [36m</svg>[39m
                [36m</button>[39m
                [36m<button[39m
                  [33mclass[39m=[32m"view-toggle "[39m
                  [33mtitle[39m=[32m"List View"[39m
                [36m>[39m
                  [36m<svg[39m
                    [33mclass[39m=[32m"w-5 h-5"[39m
                    [33mfill[39m=[32m"none"[39m
                    [33mstroke[39m=[32m"currentColor"[39m
                    [33mviewBox[39m=[32m"0 0 24 24"[39m
                  [36m>[39m
                    [36m<path[39m
                      [33md[39m=[32m"M4 6h16M4 10h16M4 14h16M4 18h16"[39m
                      [33mstroke-linecap[39m=[32m"round"[39m
                      [33mstroke-linejoin[39m=[32m"round"[39m
                      [33mstroke-width[39m=[32m"2"[39m
                    [36m/>[39m
                  [36m</svg>[39m
                [36m</button>[39m
              [36m</div>[39m
            [36m</div>[39m
            [36m<div[39m
              [33mclass[39m=[32m"images-scroll-area"[39m
            [36m>[39m
              [36m<div[39m
                [33mclass[39m=[32m"image-grid"[39m
              [36m>[39m
                [36m<div[39m
                  [33mclass[39m=[32m"no-images"[39m
                [36m>[39m
                  [36m<p>[39m
                    [0mNo images found with current filter.[0m
                  [36m</p>[39m
                [36m</div>[39m
              [36m</div>[39m
            [36m</div>[39m
          [36m</div>[39m
        [36m</div>[39m
      [36m</main>[39m
      [36m<footer[39m
        [33mclass[39m=[32m"job-footer"[39m
      [36m>[39m
        [36m<div[39m
          [33mclass[39m=[32m"footer-actions"[39m
        [36m>[39m
          [36m<button[39m
            [33mclass[39m=[32m"btn-rerun"[39m
          [36m>[39m
            [36m<svg[39m
              [33mclass[39m=[32m"w-4 h-4 mr-2"[39m
              [33mfill[39m=[32m"none"[39m
              [33mstroke[39m=[32m"currentColor"[39m
              [33mviewBox[39m=[32m"0 0 24 24"[39m
            [36m>[39m
              [36m<path[39m
                [33md[39m=[32m"M3 12a9 9 0 0 1 9-9 9.75 9.75 0 0 1 6.74 2.74L21 8"[39m
                [33mstroke-width[39m=[32m"2.5"[39m
              [36m/>[39m
              [36m<path[39m
                [33md[39m=[32m"M21 3v5h-5"[39m
                [33mstroke-width[39m=[32m"2.5"[39m
              [36m/>[39m
              [36m<path[39m
                [33md[39m=[32m"M21 12a9 9 0 0 1-9 9 9.75 9.75 0 0 1-6.74-2.74L3 16"[39m
                [33mstroke-width[39m=[32m"2.5"[39m
              [36m/>[39m
              [36m<path[39m
                [33md[39m=[32m"M8 16H3v5"[39m
                [33mstroke-width[39m=[32m"2.5"[39m
              [36m/>[39m
            [36m</svg>[39m
            [0mRerun Job[0m
          [36m</button>[39m
          [36m<button[39m
            [33mclass[39m=[32m"btn-export"[39m
          [36m>[39m
            [36m<svg[39m
              [33mclass[39m=[32m"w-4 h-4 mr-2"[39m
              [33mfill[39m=[32m"none"[39m
              [33mstroke[39m=[32m"currentColor"[39m
              [33mviewBox[39m=[32m"0 0 24 24"[39m
            [36m>[39m
              [36m<path[39m
                [33md[39m=[32m"M12 10v6m0 0l-3-3m3 3l3-3m2 8H7a2 2 0 01-2-2V5a2 2 0 012-2h5.586a1 1 0 01.707.293l5.414 5.414a1 1 0 01.293.707V19a2 2 0 01-2 2z"[39m
                [33mstroke-linecap[39m=[32m"round"[39m
                [33mstroke-linejoin[39m=[32m"round"[39m
                [33mstroke-width[39m=[32m"2"[39m
              [36m/>[39m
            [36m</svg>[39m
            [0mExport Job[0m
          [36m</button>[39m
          [36m<button[39m
            [33mclass[39m=[32m"btn-delete"[39m
          [36m>[39m
            [36m<svg[39m
              [33mclass[39m=[32m"w-4 h-4 mr-2"[39m
              [33mfill[39m=[32m"none"[39m
              [33mstroke[39m=[32m"currentColor"[39m
              [33mviewBox[39m=[32m"0 0 24 24"[39m
            [36m>[39m
              [36m<path[39m
                [33md[39m=[32m"M19 7l-.867 12.142A2 2 0 0116.138 21H7.862a2 2 0 01-1.995-1.858L5 7m5 4v6m4-6v6m1-10V4a1 1 0 00-1-1h-4a1 1 0 00-1 1v3M4 7h16"[39m
                [33mstroke-linecap[39m=[32m"round"[39m
                [33mstroke-linejoin[39m=[32m"round"[39m
                [33mstroke-width[39m=[32m"2"[39m
              [36m/>[39m
            [36m</svg>[39m
            [0mDelete Job[0m
          [36m</button>[39m
        [36m</div>[39m
      [36m</footer>[39m
    [36m</div>[39m
  [36m</div>[39m
[36m</body>[39m
   ✓ SingleJobView > Error Handling > handles API error for job loading 18ms
   × SingleJobView > Error Handling > handles API error for images loading 1014ms
     → Unable to find an element with the text: No images generated. This could be because the text is broken up by multiple elements. In this case, you can provide a function for your text matcher to make your matcher more flexible.

Ignored nodes: comments, script, style
[36m<body>[39m
  [36m<div>[39m
    [36m<div[39m
      [33mclass[39m=[32m"single-job-view"[39m
    [36m>[39m
      [36m<header[39m
        [33mclass[39m=[32m"job-header"[39m
      [36m>[39m
        [36m<div[39m
          [33mclass[39m=[32m"header-content"[39m
        [36m>[39m
          [36m<div[39m
            [33mclass[39m=[32m"header-left"[39m
          [36m>[39m
            [36m<button[39m
              [33maria-label[39m=[32m"Go back to job list"[39m
              [33mclass[39m=[32m"back-button"[39m
            [36m>[39m
              [36m<svg[39m
                [33mclass[39m=[32m"w-6 h-6"[39m
                [33mfill[39m=[32m"none"[39m
                [33mstroke[39m=[32m"currentColor"[39m
                [33mviewBox[39m=[32m"0 0 24 24"[39m
              [36m>[39m
                [36m<path[39m
                  [33md[39m=[32m"M10 19l-7-7m0 0l7-7m-7 7h18"[39m
                  [33mstroke-linecap[39m=[32m"round"[39m
                  [33mstroke-linejoin[39m=[32m"round"[39m
                  [33mstroke-width[39m=[32m"2"[39m
                [36m/>[39m
              [36m</svg>[39m
            [36m</button>[39m
            [36m<h1[39m
              [33mclass[39m=[32m"job-title-main"[39m
            [36m>[39m
              [0mJob #[0m
              [0m1[0m
            [36m</h1>[39m
          [36m</div>[39m
        [36m</div>[39m
        [36m<div[39m
          [33mclass[39m=[32m"job-title-section"[39m
        [36m>[39m
          [36m<div[39m
            [33mclass[39m=[32m"job-title-static"[39m
          [36m>[39m
            [36m<span[39m
              [33mclass[39m=[32m"job-title-text"[39m
            [36m>[39m
              [0mTest Job[0m
            [36m</span>[39m
          [36m</div>[39m
        [36m</div>[39m
      [36m</header>[39m
      [36m<div[39m
        [33mclass[39m=[32m"tab-navigation"[39m
      [36m>[39m
        [36m<button[39m
          [33mclass[39m=[32m"tab-button "[39m
          [33mdata-tab[39m=[32m"overview"[39m
        [36m>[39m
          [0mOverview[0m
        [36m</button>[39m
        [36m<button[39m
          [33mclass[39m=[32m"tab-button active"[39m
          [33mdata-tab[39m=[32m"images"[39m
        [36m>[39m
          [0mImages[0m
        [36m</button>[39m
      [36m</div>[39m
      [36m<main[39m
        [33mclass[39m=[32m"tab-content-container"[39m
      [36m>[39m
        [36m<div[39m
          [33mclass[39m=[32m"tab-content "[39m
          [33mid[39m=[32m"overview"[39m
        [36m>[39m
          [36m<div[39m
            [33mclass[39m=[32m"overview-content"[39m
          [36m>[39m
            [36m<div[39m
              [33mclass[39m=[32m"info-grid"[39m
            [36m>[39m
              [36m<div[39m
                [33mclass[39m=[32m"info-card"[39m
              [36m>[39m
                [36m<div[39m
                  [33mclass[39m=[32m"info-label"[39m
                [36m>[39m
                  [0mJob ID[0m
                [36m</div>[39m
                [36m<div[39m
                  [33mclass[39m=[32m"info-value"[39m
                [36m>[39m
                  [0mJOB-[0m
                  [0m1[0m
                [36m</div>[39m
              [36m</div>[39m
              [36m<div[39m
                [33mclass[39m=[32m"info-card"[39m
              [36m>[39m
                [36m<div[39m
                  [33mclass[39m=[32m"info-label"[39m
                [36m>[39m
                  [0mStatus[0m
                [36m</div>[39m
                [36m<div[39m
                  [33mclass[39m=[32m"info-value"[39m
                [36m>[39m
                  [36m<span[39m
                    [33mclass[39m=[32m"inline-flex items-center gap-1 px-2 py-1 rounded-full text-sm font-medium border bg-green-100 text-green-800 border-green-200"[39m
                  [36m>[39m
                    [36m<svg[39m
                      [33maria-hidden[39m=[32m"true"[39m
                      [33mclass[39m=[32m"w-4 h-4"[39m
                      [33mfill[39m=[32m"none"[39m
                      [33mstroke[39m=[32m"currentColor"[39m
                      [33mviewBox[39m=[32m"0 0 24 24"[39m
                    [36m>[39m
                      [36m<path[39m
                        [33md[39m=[32m"M5 13l4 4L19 7"[39m
                        [33mstroke-linecap[39m=[32m"round"[39m
                        [33mstroke-linejoin[39m=[32m"round"[39m
                        [33mstroke-width[39m=[32m"2"[39m
                      [36m/>[39m
                    [36m</svg>[39m
                    [0mCompleted[0m
                  [36m</span>[39m
                [36m</div>[39m
              [36m</div>[39m
              [36m<div[39m
                [33mclass[39m=[32m"info-card"[39m
              [36m>[39m
                [36m<div[39m
                  [33mclass[39m=[32m"info-label"[39m
                [36m>[39m
                  [0mStart Time[0m
                [36m</div>[39m
                [36m<div[39m
                  [33mclass[39m=[32m"info-value"[39m
                [36m>[39m
                  [0m1/1/2024, 12:00:00 PM[0m
                [36m</div>[39m
              [36m</div>[39m
              [36m<div[39m
                [33mclass[39m=[32m"info-card"[39m
              [36m>[39m
                [36m<div[39m
                  [33mclass[39m=[32m"info-label"[39m
                [36m>[39m
                  [0mDuration[0m
                [36m</div>[39m
                [36m<div[39m
                  [33mclass[39m=[32m"info-value"[39m
                [36m>[39m
                  [0m5m[0m
                [36m</div>[39m
              [36m</div>[39m
              [36m<div[39m
                [33mclass[39m=[32m"info-card"[39m
              [36m>[39m
                [36m<div[39m
                  [33mclass[39m=[32m"info-label"[39m
                [36m>[39m
                  [0mSuccess Rate[0m
                [36m</div>[39m
                [36m<div[39m
                  [33mclass[39m=[32m"info-value"[39m
                [36m>[39m
                  [0mN/A[0m
                [36m</div>[39m
              [36m</div>[39m
            [36m</div>[39m
            [36m<h2[39m
              [33mclass[39m=[32m"section-title"[39m
            [36m>[39m
              [0mGenerated Images Summary[0m
            [36m</h2>[39m
            [36m<div[39m
              [33mclass[39m=[32m"stats-grid"[39m
            [36m>[39m
              [36m<div[39m
                [33mclass[39m=[32m"stats-card"[39m
              [36m>[39m
                [36m<div[39m
                  [33mclass[39m=[32m"stats-label"[39m
                [36m>[39m
                  [0mTotal Images[0m
                [36m</div>[39m
                [36m<div[39m
                  [33mclass[39m=[32m"stats-value"[39m
                [36m>[39m
                  [0m0[0m
                [36m</div>[39m
              [36m</div>[39m
              [36m<div[39m
                [33mclass[39m=[32m"stats-card"[39m
              [36m>[39m
                [36m<div[39m
                  [33mclass[39m=[32m"stats-label"[39m
                [36m>[39m
                  [0mSuccessful[0m
                [36m</div>[39m
                [36m<div[39m
                  [33mclass[39m=[32m"stats-value success"[39m
                [36m>[39m
                  [0m0[0m
                [36m</div>[39m
              [36m</div>[39m
              [36m<div[39m
                [33mclass[39m=[32m"stats-card"[39m
              [36m>[39m
                [36m<div[39m
                  [33mclass[39m=[32m"stats-label"[39m
                [36m>[39m
                  [0mFailed[0m
                [36m</div>[39m
                [36m<div[39m
                  [33mclass[39m=[32m"stats-value failed"[39m
                [36m>[39m
                  [0m0[0m
                [36m</div>[39m
                [36m<div[39m
                  [33mclass[39m=[32m"stats-note"[39m
                [36m>[39m
                  [0mGeneration failed[0m
                [36m</div>[39m
              [36m</div>[39m
            [36m</div>[39m
            [36m<div[39m
              [33mclass[39m=[32m"settings-section"[39m
            [36m>[39m
              [36m<div[39m
                [33mclass[39m=[32m"settings-header"[39m
              [36m>[39m
                [36m<h2[39m
                  [33mclass[39m=[32m"section-title"[39m
                [36m>[39m
                  [0mSettings[0m
                [36m</h2>[39m
                [36m<div[39m
                  [33mclass[39m=[32m"settings-actions"[39m
                [36m>[39m
                  [36m<button[39m
                    [33mclass[39m=[32m"refresh-button"[39m
                    [33mtitle[39m=[32m"Refresh job data"[39m
                  [36m>[39m
                    [36m<svg[39m
                      [33mclass[39m=[32m"w-4 h-4 mr-1"[39m
                      [33mfill[39m=[32m"none"[39m
                      [33mstroke[39m=[32m"currentColor"[39m
                      [33mviewBox[39m=[32m"0 0 24 24"[39m
                    [36m>[39m
                      [36m<path[39m
                        [33md[39m=[32m"M3 12a9 9 0 0 1 9-9 9.75 9.75 0 0 1 6.74 2.74L21 8"[39m
                        [33mstroke-width[39m=[32m"2.5"[39m
                      [36m/>[39m
                      [36m<path[39m
                        [33md[39m=[32m"M21 3v5h-5"[39m
                        [33mstroke-width[39m=[32m"2.5"[39m
                      [36m/>[39m
                      [36m<path[39m
                        [33md[39m=[32m"M21 12a9 9 0 0 1-9 9 9.75 9.75 0 0 1-6.74-2.74L3 16"[39m
                        [33mstroke-width[39m=[32m"2.5"[39m
                      [36m/>[39m
                      [36m<path[39m
                        [33md[39m=[32m"M8 16H3v5"[39m
                        [33mstroke-width[39m=[32m"2.5"[39m
                      [36m/>[39m
                    [36m</svg>[39m
                    [0mRefresh[0m
                  [36m</button>[39m
                  [36m<button[39m
                    [33mclass[39m=[32m"edit-button"[39m
                    [33mtitle[39m=[32m"Edit job settings"[39m
                  [36m>[39m
                    [0mEdit[0m
                  [36m</button>[39m
                [36m</div>[39m
              [36m</div>[39m
              [36m<div[39m
                [33mclass[39m=[32m"settings-content"[39m
              [36m>[39m
                [36m<div[39m
                  [33mclass[39m=[32m"setting-group"[39m
                [36m>[39m
                  [36m<h3>[39m
                    [0mModel Configuration[0m
                  [36m</h3>[39m
                  [36m<div[39m
                    [33mclass[39m=[32m"setting-details"[39m
                  [36m>[39m
                    [36m<div>[39m
                      [0m• Provider: Runware[0m
                    [36m</div>[39m
                    [36m<div>[39m
                      [0m• Runware Model: [0m
                      [0mNot specified[0m
                    [36m</div>[39m
                    [36m<div>[39m
                      [0m• Generations: [0m
                      [0mNot specified[0m
                    [36m</div>[39m
                    [36m<div>[39m
                      [0m• Variations: [0m
                      [0mNot specified[0m
                    [36m</div>[39m
                    [36m<div>[39m
                      [0m• LoRA Models: [0m
                      [0mNo[0m
                    [36m</div>[39m
                    [36m<div>[39m
                      [0m• LoRA list: [0m
                      [0mNot Applied as LoRA Models disabled[0m
                    [36m</div>[39m
                  [36m</div>[39m
                [36m</div>[39m
                [36m<div[39m
                  [33mclass[39m=[32m"setting-group"[39m
                [36m>[39m
                  [36m<h3>[39m
                    [0mImage Settings[0m
                  [36m</h3>[39m
                  [36m<div[39m
                    [33mclass[39m=[32m"setting-details"[39m
                  [36m>[39m
                    [36m<div>[39m
                      [0m• Dimensions: [0m
                      [0mNot specified[0m
                    [36m</div>[39m
                    [36m<div>[39m
                      [0m• Format: [0m
                      [0mNOT SPECIFIED[0m
                    [36m</div>[39m
                  [36m</div>[39m
                [36m</div>[39m
                [36m<div[39m
                  [33mclass[39m=[32m"setting-group"[39m
                [36m>[39m
                  [36m<h3>[39m
                    [0mProcessing Options[0m
                  [36m</h3>[39m
                  [36m<div[39m
                    [33mclass[39m=[32m"setting-details"[39m
                  [36m>[39m
                    [36m<div>[39m
                      [0m• Remove Background: [0m
                      [0mNo[0m
                    [36m</div>[39m
                    [36m<div>[39m
                      [0m• Remove.bg Size: [0m
                      [0mNot applied (Remove Background OFF)[0m
                    [36m</div>[39m
                    [36m<div>[39m
                      [0m• Image Enhancement: [0m
                      [0mNo[0m
                    [36m</div>[39m
                    [36m<div>[39m
                      [0m• Sharpening: [0m
                      [0mNot applied (Image Enhancement OFF)[0m
                    [36m</div>[39m
                    [36m<div>[39m
                      [0m• Saturation: [0m
                      [0mNot applied (Image Enhancement OFF)[0m
                    [36m</div>[39m
                    [36m<div>[39m
                      [0m• Image Convert: [0m
                      [0mNo[0m
                    [36m</div>[39m
                    [36m<div>[39m
                      [0m• Convert Format: [0m
                      [0mNot applied (Image Convert OFF)[0m
                    [36m</div>[39m
                    [36m<div>[39m
                      [0m• Trim Transparent: [0m
                      [0mNot applied (Remove Background OFF)[0m
                    [36m</div>[39m
                    [36m<div>[39m
                      [0m• JPG Background Colour: [0m
                      [0mNot applied (Remove Background, Image Convert are set to OFF and Convert Format is not JPG)[0m
                    [36m</div>[39m
                    [36m<div>[39m
                      [0m• Quality Check: [0m
                      [0mNo[0m
                    [36m</div>[39m
                    [36m<div>[39m
                      [0m• Metadata Generation: [0m
                      [0mNo[0m
                    [36m</div>[39m
                  [36m</div>[39m
                [36m</div>[39m
              [36m</div>[39m
            [36m</div>[39m
          [36m</div>[39m
        [36m</div>[39m
        [36m<div[39m
          [33mclass[39m=[32m"tab-content active"[39m
          [33mid[39m=[32m"images"[39m
        [36m>[39m
          [36m<div[39m
            [33mclass[39m=[32m"images-content"[39m
          [36m>[39m
            [36m<div[39m
              [33mclass[39m=[32m"images-controls"[39m
            [36m>[39m
              [36m<div[39m
                [33mclass[39m=[32m"filter-controls"[39m
              [36m>[39m
                [36m<select[39m
                  [33mclass[39m=[32m"filter-select"[39m
                [36m>[39m
                  [36m<option[39m
                    [33mvalue[39m=[32m"all"[39m
                  [36m>[39m
                    [0mAll[0m
                  [36m</option>[39m
                  [36m<option[39m
                    [33mvalue[39m=[32m"approved"[39m
                  [36m>[39m
                    [0mApproved[0m
                  [36m</option>[39m
                  [36m<option[39m
                    [33mvalue[39m=[32m"failed_all"[39m
                  [36m>[39m
                    [0mFailed (All)[0m
                  [36m</option>[39m
                  [36m<option[39m
                    [33mvalue[39m=[32m"failed_qc"[39m
                  [36m>[39m
                    [0mFailed – QC[0m
                  [36m</option>[39m
                  [36m<option[39m
                    [33mvalue[39m=[32m"failed_tech"[39m
                  [36m>[39m
                    [0mFailed – Technical[0m
                  [36m</option>[39m
                [36m</select>[39m
              [36m</div>[39m
              [36m<div[39m
                [33mclass[39m=[32m"view-controls"[39m
              [36m>[39m
                [36m<button[39m
                  [33mclass[39m=[32m"view-toggle active"[39m
                  [33mtitle[39m=[32m"Grid View"[39m
                [36m>[39m
                  [36m<svg[39m
                    [33mclass[39m=[32m"w-5 h-5"[39m
                    [33mfill[39m=[32m"none"[39m
                    [33mstroke[39m=[32m"currentColor"[39m
                    [33mviewBox[39m=[32m"0 0 24 24"[39m
                  [36m>[39m
                    [36m<path[39m
                      [33md[39m=[32m"M4 6a2 2 0 012-2h2a2 2 0 012 2v2a2 2 0 01-2 2H6a2 2 0 01-2-2V6zM14 6a2 2 0 012-2h2a2 2 0 012 2v2a2 2 0 01-2 2h-2a2 2 0 01-2-2V6zM4 16a2 2 0 012-2h2a2 2 0 012 2v2a2 2 0 01-2 2H6a2 2 0 01-2-2v-2zM14 16a2 2 0 012-2h2a2 2 0 012 2v2a2 2 0 01-2 2h-2a2 2 0 01-2-2v-2z"[39m
                      [33mstroke-linecap[39m=[32m"round"[39m
                      [33mstroke-linejoin[39m=[32m"round"[39m
                      [33mstroke-width[39m=[32m"2"[39m
                    [36m/>[39m
                  [36m</svg>[39m
                [36m</button>[39m
                [36m<button[39m
                  [33mclass[39m=[32m"view-toggle "[39m
                  [33mtitle[39m=[32m"List View"[39m
                [36m>[39m
                  [36m<svg[39m
                    [33mclass[39m=[32m"w-5 h-5"[39m
                    [33mfill[39m=[32m"none"[39m
                    [33mstroke[39m=[32m"currentColor"[39m
                    [33mviewBox[39m=[32m"0 0 24 24"[39m
                  [36m>[39m
                    [36m<path[39m
                      [33md[39m=[32m"M4 6h16M4 10h16M4 14h16M4 18h16"[39m
                      [33mstroke-linecap[39m=[32m"round"[39m
                      [33mstroke-linejoin[39m=[32m"round"[39m
                      [33mstroke-width[39m=[32m"2"[39m
                    [36m/>[39m
                  [36m</svg>[39m
                [36m</button>[39m
              [36m</div>[39m
            [36m</div>[39m
            [36m<div[39m
              [33mclass[39m=[32m"images-scroll-area"[39m
            [36m>[39m
              [36m<div[39m
                [33mclass[39m=[32m"image-grid"[39m
              [36m>[39m
                [36m<div[39m
                  [33mclass[39m=[32m"no-images"[39m
                [36m>[39m
                  [36m<p>[39m
                    [0mNo images found with current filter.[0m
                  [36m</p>[39m
                [36m</div>[39m
              [36m</div>[39m
            [36m</div>[39m
          [36m</div>[39m
        [36m</div>[39m
      [36m</main>[39m
      [36m<footer[39m
        [33mclass[39m=[32m"job-footer"[39m
      [36m>[39m
        [36m<div[39m
          [33mclass[39m=[32m"footer-actions"[39m
        [36m>[39m
          [36m<button[39m
            [33mclass[39m=[32m"btn-rerun"[39m
          [36m>[39m
            [36m<svg[39m
              [33mclass[39m=[32m"w-4 h-4 mr-2"[39m
              [33mfill[39m=[32m"none"[39m
              [33mstroke[39m=[32m"currentColor"[39m
              [33mviewBox[39m=[32m"0 0 24 24"[39m
            [36m>[39m
              [36m<path[39m
                [33md[39m=[32m"M3 12a9 9 0 0 1 9-9 9.75 9.75 0 0 1 6.74 2.74L21 8"[39m
                [33mstroke-width[39m=[32m"2.5"[39m
              [36m/>[39m
              [36m<path[39m
                [33md[39m=[32m"M21 3v5h-5"[39m
                [33mstroke-width[39m=[32m"2.5"[39m
              [36m/>[39m
              [36m<path[39m
                [33md[39m=[32m"M21 12a9 9 0 0 1-9 9 9.75 9.75 0 0 1-6.74-2.74L3 16"[39m
                [33mstroke-width[39m=[32m"2.5"[39m
              [36m/>[39m
              [36m<path[39m
                [33md[39m=[32m"M8 16H3v5"[39m
                [33mstroke-width[39m=[32m"2.5"[39m
              [36m/>[39m
            [36m</svg>[39m
            [0mRerun Job[0m
          [36m</button>[39m
          [36m<button[39m
            [33mclass[39m=[32m"btn-export"[39m
          [36m>[39m
            [36m<svg[39m
              [33mclass[39m=[32m"w-4 h-4 mr-2"[39m
              [33mfill[39m=[32m"none"[39m
              [33mstroke[39m=[32m"currentColor"[39m
              [33mviewBox[39m=[32m"0 0 24 24"[39m
            [36m>[39m
              [36m<path[39m
                [33md[39m=[32m"M12 10v6m0 0l-3-3m3 3l3-3m2 8H7a2 2 0 01-2-2V5a2 2 0 012-2h5.586a1 1 0 01.707.293l5.414 5.414a1 1 0 01.293.707V19a2 2 0 01-2 2z"[39m
                [33mstroke-linecap[39m=[32m"round"[39m
                [33mstroke-linejoin[39m=[32m"round"[39m
                [33mstroke-width[39m=[32m"2"[39m
              [36m/>[39m
            [36m</svg>[39m
            [0mExport Job[0m
          [36m</button>[39m
          [36m<button[39m
            [33mclass[39m=[32m"btn-delete"[39m
          [36m>[39m
            [36m<svg[39m
              [33mclass[39m=[32m"w-4 h-4 mr-2"[39m
              [33mfill[39m=[32m"none"[39m
              [33mstroke[39m=[32m"currentColor"[39m
              [33mviewBox[39m=[32m"0 0 24 24"[39m
            [36m>[39m
              [36m<path[39m
                [33md[39m=[32m"M19 7l-.867 12.142A2 2 0 0116.138 21H7.862a2 2 0 01-1.995-1.858L5 7m5 4v6m4-6v6m1-10V4a1 1 0 00-1-1h-4a1 1 0 00-1 1v3M4 7h16"[39m
                [33mstroke-linecap[39m=[32m"round"[39m
                [33mstroke-linejoin[39m=[32m"round"[39m
                [33mstroke-width[39m=[32m"2"[39m
              [36m/>[39m
            [36m</svg>[39m
            [0mDelete Job[0m
          [36m</button>[39m
        [36m</div>[39m
      [36m</footer>[39m
    [36m</div>[39m
  [36m</div>[39m
[36m</body>[39m

Ignored nodes: comments, script, style
[36m<html>[39m
  [36m<head />[39m
  [36m<body>[39m
    [36m<div>[39m
      [36m<div[39m
        [33mclass[39m=[32m"single-job-view"[39m
      [36m>[39m
        [36m<header[39m
          [33mclass[39m=[32m"job-header"[39m
        [36m>[39m
          [36m<div[39m
            [33mclass[39m=[32m"header-content"[39m
          [36m>[39m
            [36m<div[39m
              [33mclass[39m=[32m"header-left"[39m
            [36m>[39m
              [36m<button[39m
                [33maria-label[39m=[32m"Go back to job list"[39m
                [33mclass[39m=[32m"back-button"[39m
              [36m>[39m
                [36m<svg[39m
                  [33mclass[39m=[32m"w-6 h-6"[39m
                  [33mfill[39m=[32m"none"[39m
                  [33mstroke[39m=[32m"currentColor"[39m
                  [33mviewBox[39m=[32m"0 0 24 24"[39m
                [36m>[39m
                  [36m<path[39m
                    [33md[39m=[32m"M10 19l-7-7m0 0l7-7m-7 7h18"[39m
                    [33mstroke-linecap[39m=[32m"round"[39m
                    [33mstroke-linejoin[39m=[32m"round"[39m
                    [33mstroke-width[39m=[32m"2"[39m
                  [36m/>[39m
                [36m</svg>[39m
              [36m</button>[39m
              [36m<h1[39m
                [33mclass[39m=[32m"job-title-main"[39m
              [36m>[39m
                [0mJob #[0m
                [0m1[0m
              [36m</h1>[39m
            [36m</div>[39m
          [36m</div>[39m
          [36m<div[39m
            [33mclass[39m=[32m"job-title-section"[39m
          [36m>[39m
            [36m<div[39m
              [33mclass[39m=[32m"job-title-static"[39m
            [36m>[39m
              [36m<span[39m
                [33mclass[39m=[32m"job-title-text"[39m
              [36m>[39m
                [0mTest Job[0m
              [36m</span>[39m
            [36m</div>[39m
          [36m</div>[39m
        [36m</header>[39m
        [36m<div[39m
          [33mclass[39m=[32m"tab-navigation"[39m
        [36m>[39m
          [36m<button[39m
            [33mclass[39m=[32m"tab-button "[39m
            [33mdata-tab[39m=[32m"overview"[39m
          [36m>[39m
            [0mOverview[0m
          [36m</button>[39m
          [36m<button[39m
            [33mclass[39m=[32m"tab-button active"[39m
            [33mdata-tab[39m=[32m"images"[39m
          [36m>[39m
            [0mImages[0m
          [36m</button>[39m
        [36m</div>[39m
        [36m<main[39m
          [33mclass[39m=[32m"tab-content-container"[39m
        [36m>[39m
          [36m<div[39m
            [33mclass[39m=[32m"tab-content "[39m
            [33mid[39m=[32m"overview"[39m
          [36m>[39m
            [36m<div[39m
              [33mclass[39m=[32m"overview-content"[39m
            [36m>[39m
              [36m<div[39m
                [33mclass[39m=[32m"info-grid"[39m
              [36m>[39m
                [36m<div[39m
                  [33mclass[39m=[32m"info-card"[39m
                [36m>[39m
                  [36m<div[39m
                    [33mclass[39m=[32m"info-label"[39m
                  [36m>[39m
                    [0mJob ID[0m
                  [36m</div>[39m
                  [36m<div[39m
                    [33mclass[39m=[32m"info-value"[39m
                  [36m>[39m
                    [0mJOB-[0m
                    [0m1[0m
                  [36m</div>[39m
                [36m</div>[39m
                [36m<div[39m
                  [33mclass[39m=[32m"info-card"[39m
                [36m>[39m
                  [36m<div[39m
                    [33mclass[39m=[32m"info-label"[39m
                  [36m>[39m
                    [0mStatus[0m
                  [36m</div>[39m
                  [36m<div[39m
                    [33mclass[39m=[32m"info-value"[39m
                  [36m>[39m
                    [36m<span[39m
                      [33mclass[39m=[32m"inline-flex items-center gap-1 px-2 py-1 rounded-full text-sm font-medium border bg-green-100 text-green-800 border-green-200"[39m
                    [36m>[39m
                      [36m<svg[39m
                        [33maria-hidden[39m=[32m"true"[39m
                        [33mclass[39m=[32m"w-4 h-4"[39m
                        [33mfill[39m=[32m"none"[39m
                        [33mstroke[39m=[32m"currentColor"[39m
                        [33mviewBox[39m=[32m"0 0 24 24"[39m
                      [36m>[39m
                        [36m<path[39m
                          [33md[39m=[32m"M5 13l4 4L19 7"[39m
                          [33mstroke-linecap[39m=[32m"round"[39m
                          [33mstroke-linejoin[39m=[32m"round"[39m
                          [33mstroke-width[39m=[32m"2"[39m
                        [36m/>[39m
                      [36m</svg>[39m
                      [0mCompleted[0m
                    [36m</span>[39m
                  [36m</div>[39m
                [36m</div>[39m
                [36m<div[39m
                  [33mclass[39m=[32m"info-card"[39m
                [36m>[39m
                  [36m<div[39m
                    [33mclass[39m=[32m"info-label"[39m
                  [36m>[39m
                    [0mStart Time[0m
                  [36m</div>[39m
                  [36m<div[39m
                    [33mclass[39m=[32m"info-value"[39m
                  [36m>[39m
                    [0m1/1/2024, 12:00:00 PM[0m
                  [36m</div>[39m
                [36m</div>[39m
                [36m<div[39m
                  [33mclass[39m=[32m"info-card"[39m
                [36m>[39m
                  [36m<div[39m
                    [33mclass[39m=[32m"info-label"[39m
                  [36m>[39m
                    [0mDuration[0m
                  [36m</div>[39m
                  [36m<div[39m
                    [33mclass[39m=[32m"info-value"[39m
                  [36m>[39m
                    [0m5m[0m
                  [36m</div>[39m
                [36m</div>[39m
                [36m<div[39m
                  [33mclass[39m=[32m"info-card"[39m
                [36m>[39m
                  [36m<div[39m
                    [33mclass[39m=[32m"info-label"[39m
                  [36m>[39m
                    [0mSuccess Rate[0m
                  [36m</div>[39m
                  [36m<div[39m
                    [33mclass[39m=[32m"info-value"[39m
                  [36m>[39m
                    [0mN/A[0m
                  [36m</div>[39m
                [36m</div>[39m
              [36m</div>[39m
              [36m<h2[39m
                [33mclass[39m=[32m"section-title"[39m
              [36m>[39m
                [0mGenerated Images Summary[0m
              [36m</h2>[39m
              [36m<div[39m
                [33mclass[39m=[32m"stats-grid"[39m
              [36m>[39m
                [36m<div[39m
                  [33mclass[39m=[32m"stats-card"[39m
                [36m>[39m
                  [36m<div[39m
                    [33mclass[39m=[32m"stats-label"[39m
                  [36m>[39m
                    [0mTotal Images[0m
                  [36m</div>[39m
                  [36m<div[39m
                    [33mclass[39m=[32m"stats-value"[39m
                  [36m>[39m
                    [0m0[0m
                  [36m</div>[39m
                [36m</div>[39m
                [36m<div[39m
                  [33mclass[39m=[32m"stats-card"[39m
                [36m>[39m
                  [36m<div[39m
                    [33mclass[39m=[32m"stats-label"[39m
                  [36m>[39m
                    [0mSuccessful[0m
                  [36m</div>[39m
                  [36m<div[39m
                    [33mclass[39m=[32m"stats-value success"[39m
                  [36m>[39m
                    [0m0[0m
                  [36m</div>[39m
                [36m</div>[39m
                [36m<div[39m
                  [33mclass[39m=[32m"stats-card"[39m
                [36m>[39m
                  [36m<div[39m
                    [33mclass[39m=[32m"stats-label"[39m
                  [36m>[39m
                    [0mFailed[0m
                  [36m</div>[39m
                  [36m<div[39m
                    [33mclass[39m=[32m"stats-value failed"[39m
                  [36m>[39m
                    [0m0[0m
                  [36m</div>[39m
                  [36m<div[39m
                    [33mclass[39m=[32m"stats-note"[39m
                  [36m>[39m
                    [0mGeneration failed[0m
                  [36m</div>[39m
                [36m</div>[39m
              [36m</div>[39m
              [36m<div[39m
                [33mclass[39m=[32m"settings-section"[39m
              [36m>[39m
                [36m<div[39m
                  [33mclass[39m=[32m"settings-header"[39m
                [36m>[39m
                  [36m<h2[39m
                    [33mclass[39m=[32m"section-title"[39m
                  [36m>[39m
                    [0mSettings[0m
                  [36m</h2>[39m
                  [36m<div[39m
                    [33mclass[39m=[32m"settings-actions"[39m
                  [36m>[39m
                    [36m<button[39m
                      [33mclass[39m=[32m"refresh-button"[39m
                      [33mtitle[39m=[32m"Refresh job data"[39m
                    [36m>[39m
                      [36m<svg[39m
                        [33mclass[39m=[32m"w-4 h-4 mr-1"[39m
                        [33mfill[39m=[32m"none"[39m
                        [33mstroke[39m=[32m"currentColor"[39m
                        [33mviewBox[39m=[32m"0 0 24 24"[39m
                      [36m>[39m
                        [36m<path[39m
                          [33md[39m=[32m"M3 12a9 9 0 0 1 9-9 9.75 9.75 0 0 1 6.74 2.74L21 8"[39m
                          [33mstroke-width[39m=[32m"2.5"[39m
                        [36m/>[39m
                        [36m<path[39m
                          [33md[39m=[32m"M21 3v5h-5"[39m
                          [33mstroke-width[39m=[32m"2.5"[39m
                        [36m/>[39m
                        [36m<path[39m
                          [33md[39m=[32m"M21 12a9 9 0 0 1-9 9 9.75 9.75 0 0 1-6.74-2.74L3 16"[39m
                          [33mstroke-width[39m=[32m"2.5"[39m
                        [36m/>[39m
                        [36m<path[39m
                          [33md[39m=[32m"M8 16H3v5"[39m
                          [33mstroke-width[39m=[32m"2.5"[39m
                        [36m/>[39m
                      [36m</svg>[39m
                      [0mRefresh[0m
                    [36m</button>[39m
                    [36m<button[39m
                      [33mclass[39m=[32m"edit-button"[39m
                      [33mtitle[39m=[32m"Edit job settings"[39m
                    [36m>[39m
                      [0mEdit[0m
                    [36m</button>[39m
                  [36m</div>[39m
                [36m</div>[39m
                [36m<div[39m
                  [33mclass[39m=[32m"settings-content"[39m
                [36m>[39m
                  [36m<div[39m
                    [33mclass[39m=[32m"setting-group"[39m
                  [36m>[39m
                    [36m<h3>[39m
                      [0mModel Configuration[0m
                    [36m</h3>[39m
                    [36m<div[39m
                      [33mclass[39m=[32m"setting-details"[39m
                    [36m>[39m
                      [36m<div>[39m
                        [0m• Provider: Runware[0m
                      [36m</div>[39m
                      [36m<div>[39m
                        [0m• Runware Model: [0m
                        [0mNot specified[0m
                      [36m</div>[39m
                      [36m<div>[39m
                        [0m• Generations: [0m
                        [0mNot specified[0m
                      [36m</div>[39m
                      [36m<div>[39m
                        [0m• Variations: [0m
                        [0mNot specified[0m
                      [36m</div>[39m
                      [36m<div>[39m
                        [0m• LoRA Models: [0m
                        [0mNo[0m
                      [36m</div>[39m
                      [36m<div>[39m
                        [0m• LoRA list: [0m
                        [0mNot Applied as LoRA Models disabled[0m
                      [36m</div>[39m
                    [36m</div>[39m
                  [36m</div>[39m
                  [36m<div[39m
                    [33mclass[39m=[32m"setting-group"[39m
                  [36m>[39m
                    [36m<h3>[39m
                      [0mImage Settings[0m
                    [36m</h3>[39m
                    [36m<div[39m
                      [33mclass[39m=[32m"setting-details"[39m
                    [36m>[39m
                      [36m<div>[39m
                        [0m• Dimensions: [0m
                        [0mNot specified[0m
                      [36m</div>[39m
                      [36m<div>[39m
                        [0m• Format: [0m
                        [0mNOT SPECIFIED[0m
                      [36m</div>[39m
                    [36m</div>[39m
                  [36m</div>[39m
                  [36m<div[39m
                    [33mclass[39m=[32m"setting-group"[39m
                  [36m>[39m
                    [36m<h3>[39m
                      [0mProcessing Options[0m
                    [36m</h3>[39m
                    [36m<div[39m
                      [33mclass[39m=[32m"setting-details"[39m
                    [36m>[39m
                      [36m<div>[39m
                        [0m• Remove Background: [0m
                        [0mNo[0m
                      [36m</div>[39m
                      [36m<div>[39m
                        [0m• Remove.bg Size: [0m
                        [0mNot applied (Remove Background OFF)[0m
                      [36m</div>[39m
                      [36m<div>[39m
                        [0m• Image Enhancement: [0m
                        [0mNo[0m
                      [36m</div>[39m
                      [36m<div>[39m
                        [0m• Sharpening: [0m
                        [0mNot applied (Image Enhancement OFF)[0m
                      [36m</div>[39m
                      [36m<div>[39m
                        [0m• Saturation: [0m
                        [0mNot applied (Image Enhancement OFF)[0m
                      [36m</div>[39m
                      [36m<div>[39m
                        [0m• Image Convert: [0m
                        [0mNo[0m
                      [36m</div>[39m
                      [36m<div>[39m
                        [0m• Convert Format: [0m
                        [0mNot applied (Image Convert OFF)[0m
                      [36m</div>[39m
                      [36m<div>[39m
                        [0m• Trim Transparent: [0m
                        [0mNot applied (Remove Background OFF)[0m
                      [36m</div>[39m
                      [36m<div>[39m
                        [0m• JPG Background Colour: [0m
                        [0mNot applied (Remove Background, Image Convert are set to OFF and Convert Format is not JPG)[0m
                      [36m</div>[39m
                      [36m<div>[39m
                        [0m• Quality Check: [0m
                        [0mNo[0m
                      [36m</div>[39m
                      [36m<div>[39m
                        [0m• Metadata Generation: [0m
                        [0mNo[0m
                      [36m</div>[39m
                    [36m</div>[39m
                  [36m</div>[39m
                [36m</div>[39m
              [36m</div>[39m
            [36m</div>[39m
          [36m</div>[39m
          [36m<div[39m
            [33mclass[39m=[32m"tab-content active"[39m
            [33mid[39m=[32m"images"[39m
          [36m>[39m
            [36m<div[39m
              [33mclass[39m=[32m"images-content"[39m
            [36m>[39m
              [36m<div[39m
                [33mclass[39m=[32m"images-controls"[39m
              [36m>[39m
                [36m<div[39m
                  [33mclass[39m=[32m"filter-controls"[39m
                [36m>[39m
                  [36m<select[39m
                    [33mclass[39m=[32m"filter-select"[39m
                  [36m>[39m
                    [36m<option[39m
                      [33mvalue[39m=[32m"all"[39m
                    [36m>[39m
                      [0mAll[0m
                    [36m</option>[39m
                    [36m<option[39m
                      [33mvalue[39m=[32m"approved"[39m
                    [36m>[39m
                      [0mApproved[0m
                    [36m</option>[39m
                    [36m<option[39m
                      [33mvalue[39m=[32m"failed_all"[39m
                    [36m>[39m
                      [0mFailed (All)[0m
                    [36m</option>[39m
                    [36m<option[39m
                      [33mvalue[39m=[32m"failed_qc"[39m
                    [36m>[39m
                      [0mFailed – QC[0m
                    [36m</option>[39m
                    [36m<option[39m
                      [33mvalue[39m=[32m"failed_tech"[39m
                    [36m>[39m
                      [0mFailed – Technical[0m
                    [36m</option>[39m
                  [36m</select>[39m
                [36m</div>[39m
                [36m<div[39m
                  [33mclass[39m=[32m"view-controls"[39m
                [36m>[39m
                  [36m<button[39m
                    [33mclass[39m=[32m"view-toggle active"[39m
                    [33mtitle[39m=[32m"Grid View"[39m
                  [36m>[39m
                    [36m<svg[39m
                      [33mclass[39m=[32m"w-5 h-5"[39m
                      [33mfill[39m=[32m"none"[39m
                      [33mstroke[39m=[32m"currentColor"[39m
                      [33mviewBox[39m=[32m"0 0 24 24"[39m
                    [36m>[39m
                      [36m<path[39m
                        [33md[39m=[32m"M4 6a2 2 0 012-2h2a2 2 0 012 2v2a2 2 0 01-2 2H6a2 2 0 01-2-2V6zM14 6a2 2 0 012-2h2a2 2 0 012 2v2a2 2 0 01-2 2h-2a2 2 0 01-2-2V6zM4 16a2 2 0 012-2h2a2 2 0 012 2v2a2 2 0 01-2 2H6a2 2 0 01-2-2v-2zM14 16a2 2 0 012-2h2a2 2 0 012 2v2a2 2 0 01-2 2h-2a2 2 0 01-2-2v-2z"[39m
                        [33mstroke-linecap[39m=[32m"round"[39m
                        [33mstroke-linejoin[39m=[32m"round"[39m
                        [33mstroke-width[39m=[32m"2"[39m
                      [36m/>[39m
                    [36m</svg>[39m
                  [36m</button>[39m
                  [36m<button[39m
                    [33mclass[39m=[32m"view-toggle "[39m
                    [33mtitle[39m=[32m"List View"[39m
                  [36m>[39m
                    [36m<svg[39m
                      [33mclass[39m=[32m"w-5 h-5"[39m
                      [33mfill[39m=[32m"none"[39m
                      [33mstroke[39m=[32m"currentColor"[39m
                      [33mviewBox[39m=[32m"0 0 24 24"[39m
                    [36m>[39m
                      [36m<path[39m
                        [33md[39m=[32m"M4 6h16M4 10h16M4 14h16M4 18h16"[39m
                        [33mstroke-linecap[39m=[32m"round"[39m
                        [33mstroke-linejoin[39m=[32m"round"[39m
                        [33mstroke-width[39m=[32m"2"[39m
                      [36m/>[39m
                    [36m</svg>[39m
                  [36m</button>[39m
                [36m</div>[39m
              [36m</div>[39m
              [36m<div[39m
                [33mclass[39m=[32m"images-scroll-area"[39m
              [36m>[39m
                [36m<div[39m
                  [33mclass[39m=[32m"image-grid"[39m
                [36m>[39m
                  [36m<div[39m
                    [33mclass[39m=[32m"no-images"[39m
                  [36m>[39m
                    [36m<p>[39m
                      [0mNo images found with current filter.[0m
                    [36m</p>[39m
                  [36m</div>[39m
                [36m</div>[39m
              [36m</div>[39m
            [36m</div>[39m
          [36m</div>[39m
        [36m</main>[39m
        [36m<footer[39m
          [33mclass[39m=[32m"job-footer"[39m
        [36m>[39m
          [36m<div[39m
            [33mclass[39m=[32m"footer-actions"[39m
          [36m>[39m
            [36m<button[39m
              [33mclass[39m=[32m"btn-rerun"[39m
            [36m>[39m
              [36m<svg[39m
                [33mclass[39m=[32m"w-4 h-4 mr-2"[39m
                [33mfill[39m=[32m"none"[39m
                [33mstroke[39m=[32m"currentColor"[39m
                [33mviewBox[39m=[32m"0 0 24 24"[39m
              [36m>[39m
                [36m<path[39m
                  [33md[39m=[32m"M3 12a9 9 0 0 1 9-9 9.75 9.75 0 0 1 6.74 2.74L21 8"[39m
                  [33mstroke-width[39m=[32m"2.5"[39m
                [36m/>[39m
                [36m<path[39m
                  [33md[39m=[32m"M21 3v5h-5"[39m
                  [33mstroke-width[39m=[32m"2.5"[39m
                [36m/>[39m
                [36m<path[39m
                  [33md[39m=[32m"M21 12a9 9 0 0 1-9 9 9.75 9.75 0 0 1-6.74-2.74L3 16"[39m
                  [33mstroke-width[39m=[32m"2.5"[39m
                [36m/>[39m
                [36m<path[39m
                  [33md[39m=[32m"M8 16H3v5"[39m
                  [33mstroke-width[39m=[32m"2.5"[39m
                [36m/>[39m
              [36m</svg>[39m
              [0mRerun Job[0m
            [36m</button>[39m
            [36m<button[39m
              [33mclass[39m=[32m"btn-export"[39m
            [36m>[39m
              [36m<svg[39m
                [33mclass[39m=[32m"w-4 h-4 mr-2"[39m
                [33mfill[39m=[32m"none"[39m
                [33mstroke[39m=[32m"currentColor"[39m
                [33mviewBox[39m=[32m"0 0 24 24"[39m
              [36m>[39m
                [36m<path[39m
                  [33md[39m=[32m"M12 10v6m0 0l-3-3m3 3l3-3m2 8H7a2 2 0 01-2-2V5a2 2 0 012-2h5.586a1 1 0 01.707.293l5.414 5.414a1 1 0 01.293.707V19a2 2 0 01-2 2z"[39m
                  [33mstroke-linecap[39m=[32m"round"[39m
                  [33mstroke-linejoin[39m=[32m"round"[39m
                  [33mstroke-width[39m=[32m"2"[39m
                [36m/>[39m
              [36m</svg>[39m
              [0mExport Job[0m
            [36m</button>[39m
            [36m<button[39m
              [33mclass[39m=[32m"btn-delete"[39m
            [36m>[39m
              [36m<svg[39m
                [33mclass[39m=[32m"w-4 h-4 mr-2"[39m
                [33mfill[39m=[32m"none"[39m
                [33mstroke[39m=[32m"currentColor"[39m
                [33mviewBox[39m=[32m"0 0 24 24"[39m
              [36m>[39m
                [36m<path[39m
                  [33md[39m=[32m"M19 7l-.867 12.142A2 2 0 0116.138 21H7.862a2 2 0 01-1.995-1.858L5 7m5 4v6m4-6v6m1-10V4a1 1 0 00-1-1h-4a1 1 0 00-1 1v3M4 7h16"[39m
                  [33mstroke-linecap[39m=[32m"round"[39m
                  [33mstroke-linejoin[39m=[32m"round"[39m
                  [33mstroke-width[39m=[32m"2"[39m
                [36m/>[39m
              [36m</svg>[39m
              [0mDelete Job[0m
            [36m</button>[39m
          [36m</div>[39m
        [36m</footer>[39m
      [36m</div>[39m
    [36m</div>[39m
  [36m</body>[39m
[36m</html>[39m
   ✓ SingleJobView > Error Handling > handles API exception 9ms
   × SingleJobView > Accessibility > applies correct ARIA labels and roles 1026ms
     → expect(element).toHaveAttribute("role", "tab") // element.getAttribute("role") === "tab"

Expected the element to have attribute:
  role="tab"
Received:
  null

Ignored nodes: comments, script, style
[36m<html>[39m
  [36m<head />[39m
  [36m<body>[39m
    [36m<div>[39m
      [36m<div[39m
        [33mclass[39m=[32m"single-job-view"[39m
      [36m>[39m
        [36m<header[39m
          [33mclass[39m=[32m"job-header"[39m
        [36m>[39m
          [36m<div[39m
            [33mclass[39m=[32m"header-content"[39m
          [36m>[39m
            [36m<div[39m
              [33mclass[39m=[32m"header-left"[39m
            [36m>[39m
              [36m<button[39m
                [33maria-label[39m=[32m"Go back to job list"[39m
                [33mclass[39m=[32m"back-button"[39m
              [36m>[39m
                [36m<svg[39m
                  [33mclass[39m=[32m"w-6 h-6"[39m
                  [33mfill[39m=[32m"none"[39m
                  [33mstroke[39m=[32m"currentColor"[39m
                  [33mviewBox[39m=[32m"0 0 24 24"[39m
                [36m>[39m
                  [36m<path[39m
                    [33md[39m=[32m"M10 19l-7-7m0 0l7-7m-7 7h18"[39m
                    [33mstroke-linecap[39m=[32m"round"[39m
                    [33mstroke-linejoin[39m=[32m"round"[39m
                    [33mstroke-width[39m=[32m"2"[39m
                  [36m/>[39m
                [36m</svg>[39m
              [36m</button>[39m
              [36m<h1[39m
                [33mclass[39m=[32m"job-title-main"[39m
              [36m>[39m
                [0mJob #[0m
                [0m1[0m
              [36m</h1>[39m
            [36m</div>[39m
          [36m</div>[39m
          [36m<div[39m
            [33mclass[39m=[32m"job-title-section"[39m
          [36m>[39m
            [36m<div[39m
              [33mclass[39m=[32m"job-title-static"[39m
            [36m>[39m
              [36m<span[39m
                [33mclass[39m=[32m"job-title-text"[39m
              [36m>[39m
                [0mTest Job[0m
              [36m</span>[39m
            [36m</div>[39m
          [36m</div>[39m
        [36m</header>[39m
        [36m<div[39m
          [33mclass[39m=[32m"tab-navigation"[39m
        [36m>[39m
          [36m<button[39m
            [33mclass[39m=[32m"tab-button active"[39m
            [33mdata-tab[39m=[32m"overview"[39m
          [36m>[39m
            [0mOverview[0m
          [36m</button>[39m
          [36m<button[39m
            [33mclass[39m=[32m"tab-button "[39m
            [33mdata-tab[39m=[32m"images"[39m
          [36m>[39m
            [0mImages[0m
          [36m</button>[39m
        [36m</div>[39m
        [36m<main[39m
          [33mclass[39m=[32m"tab-content-container"[39m
        [36m>[39m
          [36m<div[39m
            [33mclass[39m=[32m"tab-content active"[39m
            [33mid[39m=[32m"overview"[39m
          [36m>[39m
            [36m<div[39m
              [33mclass[39m=[32m"overview-content"[39m
            [36m>[39m
              [36m<div[39m
                [33mclass[39m=[32m"info-grid"[39m
              [36m>[39m
                [36m<div[39m
                  [33mclass[39m=[32m"info-card"[39m
                [36m>[39m
                  [36m<div[39m
                    [33mclass[39m=[32m"info-label"[39m
                  [36m>[39m
                    [0mJob ID[0m
                  [36m</div>[39m
                  [36m<div[39m
                    [33mclass[39m=[32m"info-value"[39m
                  [36m>[39m
                    [0mJOB-[0m
                    [0m1[0m
                  [36m</div>[39m
                [36m</div>[39m
                [36m<div[39m
                  [33mclass[39m=[32m"info-card"[39m
                [36m>[39m
                  [36m<div[39m
                    [33mclass[39m=[32m"info-label"[39m
                  [36m>[39m
                    [0mStatus[0m
                  [36m</div>[39m
                  [36m<div[39m
                    [33mclass[39m=[32m"info-value"[39m
                  [36m>[39m
                    [36m<span[39m
                      [33mclass[39m=[32m"inline-flex items-center gap-1 px-2 py-1 rounded-full text-sm font-medium border bg-green-100 text-green-800 border-green-200"[39m
                    [36m>[39m
                      [36m<svg[39m
                        [33maria-hidden[39m=[32m"true"[39m
                        [33mclass[39m=[32m"w-4 h-4"[39m
                        [33mfill[39m=[32m"none"[39m
                        [33mstroke[39m=[32m"currentColor"[39m
                        [33mviewBox[39m=[32m"0 0 24 24"[39m
                      [36m>[39m
                        [36m<path[39m
                          [33md[39m=[32m"M5 13l4 4L19 7"[39m
                          [33mstroke-linecap[39m=[32m"round"[39m
                          [33mstroke-linejoin[39m=[32m"round"[39m
                          [33mstroke-width[39m=[32m"2"[39m
                        [36m/>[39m
                      [36m</svg>[39m
                      [0mCompleted[0m
                    [36m</span>[39m
                  [36m</div>[39m
                [36m</div>[39m
                [36m<div[39m
                  [33mclass[39m=[32m"info-card"[39m
                [36m>[39m
                  [36m<div[39m
                    [33mclass[39m=[32m"info-label"[39m
                  [36m>[39m
                    [0mStart Time[0m
                  [36m</div>[39m
                  [36m<div[39m
                    [33mclass[39m=[32m"info-value"[39m
                  [36m>[39m
                    [0m1/1/2024, 12:00:00 PM[0m
                  [36m</div>[39m
                [36m</div>[39m
                [36m<div[39m
                  [33mclass[39m=[32m"info-card"[39m
                [36m>[39m
                  [36m<div[39m
                    [33mclass[39m=[32m"info-label"[39m
                  [36m>[39m
                    [0mDuration[0m
                  [36m</div>[39m
                  [36m<div[39m
                    [33mclass[39m=[32m"info-value"[39m
                  [36m>[39m
                    [0m5m[0m
                  [36m</div>[39m
                [36m</div>[39m
                [36m<div[39m
                  [33mclass[39m=[32m"info-card"[39m
                [36m>[39m
                  [36m<div[39m
                    [33mclass[39m=[32m"info-label"[39m
                  [36m>[39m
                    [0mSuccess Rate[0m
                  [36m</div>[39m
                  [36m<div[39m
                    [33mclass[39m=[32m"info-value"[39m
                  [36m>[39m
                    [0mN/A[0m
                  [36m</div>[39m
                [36m</div>[39m
              [36m</div>[39m
              [36m<h2[39m
                [33mclass[39m=[32m"section-title"[39m
              [36m>[39m
                [0...
   × SingleJobView > Accessibility > handles different job statuses correctly 1017ms
     → expect(received).toHaveTextContent()

received value must be a Node.
Received has type:  Null
Received has value: null

Ignored nodes: comments, script, style
[36m<html>[39m
  [36m<head />[39m
  [36m<body>[39m
    [36m<div>[39m
      [36m<div[39m
        [33mclass[39m=[32m"single-job-view"[39m
      [36m>[39m
        [36m<header[39m
          [33mclass[39m=[32m"job-header"[39m
        [36m>[39m
          [36m<div[39m
            [33mclass[39m=[32m"header-content"[39m
          [36m>[39m
            [36m<div[39m
              [33mclass[39m=[32m"header-left"[39m
            [36m>[39m
              [36m<button[39m
                [33maria-label[39m=[32m"Go back to job list"[39m
                [33mclass[39m=[32m"back-button"[39m
              [36m>[39m
                [36m<svg[39m
                  [33mclass[39m=[32m"w-6 h-6"[39m
                  [33mfill[39m=[32m"none"[39m
                  [33mstroke[39m=[32m"currentColor"[39m
                  [33mviewBox[39m=[32m"0 0 24 24"[39m
                [36m>[39m
                  [36m<path[39m
                    [33md[39m=[32m"M10 19l-7-7m0 0l7-7m-7 7h18"[39m
                    [33mstroke-linecap[39m=[32m"round"[39m
                    [33mstroke-linejoin[39m=[32m"round"[39m
                    [33mstroke-width[39m=[32m"2"[39m
                  [36m/>[39m
                [36m</svg>[39m
              [36m</button>[39m
              [36m<h1[39m
                [33mclass[39m=[32m"job-title-main"[39m
              [36m>[39m
                [0mJob #[0m
                [0m1[0m
              [36m</h1>[39m
            [36m</div>[39m
          [36m</div>[39m
          [36m<div[39m
            [33mclass[39m=[32m"job-title-section"[39m
          [36m>[39m
            [36m<div[39m
              [33mclass[39m=[32m"job-title-static"[39m
            [36m>[39m
              [36m<span[39m
                [33mclass[39m=[32m"job-title-text"[39m
              [36m>[39m
                [0mTest Job[0m
              [36m</span>[39m
            [36m</div>[39m
          [36m</div>[39m
        [36m</header>[39m
        [36m<div[39m
          [33mclass[39m=[32m"tab-navigation"[39m
        [36m>[39m
          [36m<button[39m
            [33mclass[39m=[32m"tab-button active"[39m
            [33mdata-tab[39m=[32m"overview"[39m
          [36m>[39m
            [0mOverview[0m
          [36m</button>[39m
          [36m<button[39m
            [33mclass[39m=[32m"tab-button "[39m
            [33mdata-tab[39m=[32m"images"[39m
          [36m>[39m
            [0mImages[0m
          [36m</button>[39m
        [36m</div>[39m
        [36m<main[39m
          [33mclass[39m=[32m"tab-content-container"[39m
        [36m>[39m
          [36m<div[39m
            [33mclass[39m=[32m"tab-content active"[39m
            [33mid[39m=[32m"overview"[39m
          [36m>[39m
            [36m<div[39m
              [33mclass[39m=[32m"overview-content"[39m
            [36m>[39m
              [36m<div[39m
                [33mclass[39m=[32m"info-grid"[39m
              [36m>[39m
                [36m<div[39m
                  [33mclass[39m=[32m"info-card"[39m
                [36m>[39m
                  [36m<div[39m
                    [33mclass[39m=[32m"info-label"[39m
                  [36m>[39m
                    [0mJob ID[0m
                  [36m</div>[39m
                  [36m<div[39m
                    [33mclass[39m=[32m"info-value"[39m
                  [36m>[39m
                    [0mJOB-[0m
                    [0m1[0m
                  [36m</div>[39m
                [36m</div>[39m
                [36m<div[39m
                  [33mclass[39m=[32m"info-card"[39m
                [36m>[39m
                  [36m<div[39m
                    [33mclass[39m=[32m"info-label"[39m
                  [36m>[39m
                    [0mStatus[0m
                  [36m</div>[39m
                  [36m<div[39m
                    [33mclass[39m=[32m"info-value"[39m
                  [36m>[39m
                    [36m<span[39m
                      [33mclass[39m=[32m"inline-flex items-center gap-1 px-2 py-1 rounded-full text-sm font-medium border bg-red-100 text-red-800 border-red-200"[39m
                    [36m>[39m
                      [36m<svg[39m
                        [33maria-hidden[39m=[32m"true"[39m
                        [33mclass[39m=[32m"w-4 h-4"[39m
                        [33mfill[39m=[32m"none"[39m
                        [33mstroke[39m=[32m"currentColor"[39m
                        [33mviewBox[39m=[32m"0 0 24 24"[39m
                      [36m>[39m
                        [36m<path[39m
                          [33md[39m=[32m"M6 18L18 6M6 6l12 12"[39m
                          [33mstroke-linecap[39m=[32m"round"[39m
                          [33mstroke-linejoin[39m=[32m"round"[39m
                          [33mstroke-width[39m=[32m"2"[39m
                        [36m/>[39m
                      [36m</svg>[39m
                      [0mFailed[0m
                    [36m</span>[39m
                  [36m</div>[39m
                [36m</div>[39m
                [36m<div[39m
                  [33mclass[39m=[32m"info-card"[39m
                [36m>[39m
                  [36m<div[39m
                    [33mclass[39m=[32m"info-label"[39m
                  [36m>[39m
                    [0mStart Time[0m
                  [36m</div>[39m
                  [36m<div[39m
                    [33mclass[39m=[32m"info-value"[39m
                  [36m>[39m
                    [0m1/1/2024, 12:00:00 PM[0m
                  [36m</div>[39m
                [36m</div>[39m
                [36m<div[39m
                  [33mclass[39m=[32m"info-card"[39m
                [36m>[39m
                  [36m<div[39m
                    [33mclass[39m=[32m"info-label"[39m
                  [36m>[39m
                    [0mDuration[0m
                  [36m</div>[39m
                  [36m<div[39m
                    [33mclass[39m=[32m"info-value"[39m
                  [36m>[39m
                    [0m5m[0m
                  [36m</div>[39m
                [36m</div>[39m
                [36m<div[39m
                  [33mclass[39m=[32m"info-card"[39m
                [36m>[39m
                  [36m<div[39m
                    [33mclass[39m=[32m"info-label"[39m
                  [36m>[39m
                    [0mSuccess Rate[0m
                  [36m</div>[39m
                  [36m<div[39m
                    [33mclass[39m=[32m"info-value"[39m
                  [36m>[39m
                    [0mN/A[0m
                  [36m</div>[39m
                [36m</div>[39m
              [36m</div>[39m
              [36m<h2[39m
                [33mclass[39m=[32m"section-title"[39m
              [36m>[39m
                [0mGe...
   × SingleJobView > Accessibility > handles processing job status 1015ms
     → expected null to be truthy

Ignored nodes: comments, script, style
[36m<html>[39m
  [36m<head />[39m
  [36m<body>[39m
    [36m<div>[39m
      [36m<div[39m
        [33maria-label[39m=[32m"Job error"[39m
        [33mclass[39m=[32m"single-job-view"[39m
        [33mrole[39m=[32m"main"[39m
      [36m>[39m
        [36m<div[39m
          [33mclass[39m=[32m"error-container"[39m
        [36m>[39m
          [36m<div[39m
            [33mclass[39m=[32m"error-icon"[39m
          [36m>[39m
            [36m<svg[39m
              [33mclass[39m=[32m"w-8 h-8 text-red-500"[39m
              [33mfill[39m=[32m"none"[39m
              [33mstroke[39m=[32m"currentColor"[39m
              [33mviewBox[39m=[32m"0 0 24 24"[39m
            [36m>[39m
              [36m<path[39m
                [33md[39m=[32m"M12 9v2m0 4h.01m-6.938 4h13.856c1.54 0 2.502-1.667 1.732-2.5L13.732 4c-.77-.833-1.964-.833-2.732 0L3.732 16.5c-.77.833.192 2.5 1.732 2.5z"[39m
                [33mstroke-linecap[39m=[32m"round"[39m
                [33mstroke-linejoin[39m=[32m"round"[39m
                [33mstroke-width[39m=[32m"2"[39m
              [36m/>[39m
            [36m</svg>[39m
          [36m</div>[39m
          [36m<h3>[39m
            [0mError Loading Job[0m
          [36m</h3>[39m
          [36m<p>[39m
            [0mFailed to load job data[0m
          [36m</p>[39m
          [36m<button[39m
            [33mclass[39m=[32m"btn-primary"[39m
          [36m>[39m
            [0mGo Back[0m
          [36m</button>[39m
        [36m</div>[39m
      [36m</div>[39m
    [36m</div>[39m
  [36m</body>[39m
[36m</html>[39m
   × SingleJobView > Accessibility > handles pending job status 1005ms
     → expected null to be truthy

Ignored nodes: comments, script, style
[36m<html>[39m
  [36m<head />[39m
  [36m<body>[39m
    [36m<div>[39m
      [36m<div[39m
        [33maria-label[39m=[32m"Job error"[39m
        [33mclass[39m=[32m"single-job-view"[39m
        [33mrole[39m=[32m"main"[39m
      [36m>[39m
        [36m<div[39m
          [33mclass[39m=[32m"error-container"[39m
        [36m>[39m
          [36m<div[39m
            [33mclass[39m=[32m"error-icon"[39m
          [36m>[39m
            [36m<svg[39m
              [33mclass[39m=[32m"w-8 h-8 text-red-500"[39m
              [33mfill[39m=[32m"none"[39m
              [33mstroke[39m=[32m"currentColor"[39m
              [33mviewBox[39m=[32m"0 0 24 24"[39m
            [36m>[39m
              [36m<path[39m
                [33md[39m=[32m"M12 9v2m0 4h.01m-6.938 4h13.856c1.54 0 2.502-1.667 1.732-2.5L13.732 4c-.77-.833-1.964-.833-2.732 0L3.732 16.5c-.77.833.192 2.5 1.732 2.5z"[39m
                [33mstroke-linecap[39m=[32m"round"[39m
                [33mstroke-linejoin[39m=[32m"round"[39m
                [33mstroke-width[39m=[32m"2"[39m
              [36m/>[39m
            [36m</svg>[39m
          [36m</div>[39m
          [36m<h3>[39m
            [0mError Loading Job[0m
          [36m</h3>[39m
          [36m<p>[39m
            [0mFailed to load job data[0m
          [36m</p>[39m
          [36m<button[39m
            [33mclass[39m=[32m"btn-primary"[39m
          [36m>[39m
            [0mGo Back[0m
          [36m</button>[39m
        [36m</div>[39m
      [36m</div>[39m
    [36m</div>[39m
  [36m</body>[39m
[36m</html>[39m
   × Settings Editing > saves new file path and parameter fields via IPC 6ms
     → Unable to find an element with the title: Edit job settings.

Ignored nodes: comments, script, style
[36m<body>[39m
  [36m<div>[39m
    [36m<div[39m
      [33maria-label[39m=[32m"Job error"[39m
      [33mclass[39m=[32m"single-job-view"[39m
      [33mrole[39m=[32m"main"[39m
    [36m>[39m
      [36m<div[39m
        [33mclass[39m=[32m"error-container"[39m
      [36m>[39m
        [36m<div[39m
          [33mclass[39m=[32m"error-icon"[39m
        [36m>[39m
          [36m<svg[39m
            [33mclass[39m=[32m"w-8 h-8 text-red-500"[39m
            [33mfill[39m=[32m"none"[39m
            [33mstroke[39m=[32m"currentColor"[39m
            [33mviewBox[39m=[32m"0 0 24 24"[39m
          [36m>[39m
            [36m<path[39m
              [33md[39m=[32m"M12 9v2m0 4h.01m-6.938 4h13.856c1.54 0 2.502-1.667 1.732-2.5L13.732 4c-.77-.833-1.964-.833-2.732 0L3.732 16.5c-.77.833.192 2.5 1.732 2.5z"[39m
              [33mstroke-linecap[39m=[32m"round"[39m
              [33mstroke-linejoin[39m=[32m"round"[39m
              [33mstroke-width[39m=[32m"2"[39m
            [36m/>[39m
          [36m</svg>[39m
        [36m</div>[39m
        [36m<h3>[39m
          [0mError Loading Job[0m
        [36m</h3>[39m
        [36m<p>[39m
          [0mFailed to load job data[0m
        [36m</p>[39m
        [36m<button[39m
          [33mclass[39m=[32m"btn-primary"[39m
        [36m>[39m
          [0mGo Back[0m
        [36m</button>[39m
      [36m</div>[39m
    [36m</div>[39m
  [36m</div>[39m
[36m</body>[39m

⎯⎯⎯⎯⎯⎯ Failed Tests 254 ⎯⎯⎯⎯⎯⎯

 FAIL  tests/unit/producePictureModule.helpers.test.ts > producePictureModule helpers > getRunwareDimensionsForGeneration parses valid CSV
TypeError: getRunwareDimensionsForGeneration is not a function
 ❯ tests/unit/producePictureModule.helpers.test.ts:9:12
      7|   it('getRunwareDimensionsForGeneration parses valid CSV', () => {
      8|     const { getRunwareDimensionsForGeneration } = helpers
      9|     expect(getRunwareDimensionsForGeneration('1024x1024', 0)).toEqual(…
       |            ^
     10|     expect(getRunwareDimensionsForGeneration('1024x1024,1280x720', 1))…
     11|     expect(getRunwareDimensionsForGeneration('1024x1024,1280x720', 2))…

⎯⎯⎯⎯⎯⎯⎯⎯⎯⎯⎯⎯⎯⎯⎯⎯⎯⎯⎯⎯⎯⎯[1/254]⎯

 FAIL  tests/unit/producePictureModule.helpers.test.ts > producePictureModule helpers > getRunwareDimensionsForGeneration returns null for invalid entries
TypeError: getRunwareDimensionsForGeneration is not a function
 ❯ tests/unit/producePictureModule.helpers.test.ts:16:12
     14|   it('getRunwareDimensionsForGeneration returns null for invalid entri…
     15|     const { getRunwareDimensionsForGeneration } = helpers
     16|     expect(getRunwareDimensionsForGeneration('', 0)).toBeNull()
       |            ^
     17|     expect(getRunwareDimensionsForGeneration('foo', 0)).toBeNull()
     18|     expect(getRunwareDimensionsForGeneration('0x100', 0)).toBeNull()

⎯⎯⎯⎯⎯⎯⎯⎯⎯⎯⎯⎯⎯⎯⎯⎯⎯⎯⎯⎯⎯⎯[2/254]⎯

 FAIL  tests/unit/producePictureModule.helpers.test.ts > producePictureModule helpers > extractRunwareImageUrls returns valid http(s) URLs
TypeError: extractRunwareImageUrls is not a function
 ❯ tests/unit/producePictureModule.helpers.test.ts:23:18
     21|   it('extractRunwareImageUrls returns valid http(s) URLs', () => {
     22|     const { extractRunwareImageUrls } = helpers
     23|     const urls = extractRunwareImageUrls({ data: [ { imageURL: 'https:…
       |                  ^
     24|     expect(urls).toEqual(['https://a/b.png', 'http://c/d.jpg'])
     25|     expect(extractRunwareImageUrls(null)).toEqual([])

⎯⎯⎯⎯⎯⎯⎯⎯⎯⎯⎯⎯⎯⎯⎯⎯⎯⎯⎯⎯⎯⎯[3/254]⎯

 FAIL  tests/unit/producePictureModule.success.test.ts > producePictureModule success path (Runware) > returns processed images when provider returns URLs
Error: Runware API key is missing. Please set it in Settings → API Keys.
 ❯ producePictureModule src/producePictureModule.js:335:11
    333|   };
    334|   if (!rwHeaders.Authorization || rwHeaders.Authorization.endsWith(' '…
    335|     throw new Error('Runware API key is missing. Please set it in Sett…
       |           ^
    336|   }
    337| 
 ❯ tests/unit/producePictureModule.success.test.ts:49:26

⎯⎯⎯⎯⎯⎯⎯⎯⎯⎯⎯⎯⎯⎯⎯⎯⎯⎯⎯⎯⎯⎯[4/254]⎯

 FAIL  tests/integration/api/FailedImagesReview.IPC.integration.test.ts > Failed Images Review - IPC Integration > handles retry batch via IPC with original settings
AssertionError: expected false to be true // Object.is equality

- Expected
+ Received

- true
+ false

 ❯ tests/integration/api/FailedImagesReview.IPC.integration.test.ts:93:28
     91| 
     92|     const result = await handler({}, { imageIds: ['1', '2'], useOrigin…
     93|     expect(result.success).toBe(true);
       |                            ^
     94|     expect(result.message).toContain('batch retry');
     95| 

⎯⎯⎯⎯⎯⎯⎯⎯⎯⎯⎯⎯⎯⎯⎯⎯⎯⎯⎯⎯⎯⎯[5/254]⎯

 FAIL  tests/integration/api/FailedImagesReview.IPC.integration.test.ts > Failed Images Review - IPC Integration > handles retry batch via IPC with modified settings
AssertionError: expected false to be true // Object.is equality

- Expected
+ Received

- true
+ false

 ❯ tests/integration/api/FailedImagesReview.IPC.integration.test.ts:111:28
    109|     const modified = { sharpening: 99, removeBg: true };
    110|     const result = await handler({}, { imageIds: ['1', '2'], useOrigin…
    111|     expect(result.success).toBe(true);
       |                            ^
    112| 
    113|     expect(store['1'].qcStatus).toBe('retry_pending');

⎯⎯⎯⎯⎯⎯⎯⎯⎯⎯⎯⎯⎯⎯⎯⎯⎯⎯⎯⎯⎯⎯[6/254]⎯

 FAIL  tests/integration/api/settingsAdapter.integration.test.ts > SettingsAdapter Integration Tests > getSettings() > retrieves settings from database successfully
AssertionError: expected "spy" to be called at least once
 ❯ tests/integration/api/settingsAdapter.integration.test.ts:69:41
     67|       const result = await settingsAdapter.getSettings()
     68| 
     69|       expect(mockJobConfig.getSettings).toHaveBeenCalled()
       |                                         ^
     70|       expect(result).toEqual({
     71|         success: true,

⎯⎯⎯⎯⎯⎯⎯⎯⎯⎯⎯⎯⎯⎯⎯⎯⎯⎯⎯⎯⎯⎯[7/254]⎯

 FAIL  tests/integration/api/settingsAdapter.integration.test.ts > SettingsAdapter Integration Tests > getSettings() > handles database errors gracefully
AssertionError: expected true to be false // Object.is equality

- Expected
+ Received

- false
+ true

 ❯ tests/integration/api/settingsAdapter.integration.test.ts:114:30
    112|       const result = await settingsAdapter.getSettings()
    113| 
    114|       expect(result.success).toBe(false)
       |                              ^
    115|       expect(result.error).toBe('Database error')
    116|     })

⎯⎯⎯⎯⎯⎯⎯⎯⎯⎯⎯⎯⎯⎯⎯⎯⎯⎯⎯⎯⎯⎯[8/254]⎯

 FAIL  tests/integration/api/settingsAdapter.integration.test.ts > SettingsAdapter Integration Tests > saveSettings() > saves settings to database successfully
AssertionError: expected "spy" to be called with arguments: [ { …(4) } ]

Number of calls: 0

 ❯ tests/integration/api/settingsAdapter.integration.test.ts:134:42
    132|       const result = await settingsAdapter.saveSettings(settings)
    133| 
    134|       expect(mockJobConfig.saveSettings).toHaveBeenCalledWith(settings)
       |                                          ^
    135|       expect(result).toEqual({
    136|         success: true,

⎯⎯⎯⎯⎯⎯⎯⎯⎯⎯⎯⎯⎯⎯⎯⎯⎯⎯⎯⎯⎯⎯[9/254]⎯

 FAIL  tests/integration/api/settingsAdapter.integration.test.ts > SettingsAdapter Integration Tests > saveSettings() > validates settings before saving
AssertionError: expected 'Cannot read properties of null (readi…' to contain 'Settings are required'

Expected: "Settings are required"
Received: "Cannot read properties of null (reading 'apiKeys')"

 ❯ tests/integration/api/settingsAdapter.integration.test.ts:147:28
    145| 
    146|       expect(result.success).toBe(false)
    147|       expect(result.error).toContain('Settings are required')
       |                            ^
    148|     })
    149| 

⎯⎯⎯⎯⎯⎯⎯⎯⎯⎯⎯⎯⎯⎯⎯⎯⎯⎯⎯⎯⎯[10/254]⎯

 FAIL  tests/integration/api/settingsAdapter.integration.test.ts > SettingsAdapter Integration Tests > saveSettings() > handles database errors during save
AssertionError: expected 'Cannot convert undefined or null to o…' to be 'Database save error' // Object.is equality

Expected: "Database save error"
Received: "Cannot convert undefined or null to object"

 ❯ tests/integration/api/settingsAdapter.integration.test.ts:161:28
    159| 
    160|       expect(result.success).toBe(false)
    161|       expect(result.error).toBe('Database save error')
       |                            ^
    162|     })
    163|   })

⎯⎯⎯⎯⎯⎯⎯⎯⎯⎯⎯⎯⎯⎯⎯⎯⎯⎯⎯⎯⎯[11/254]⎯

 FAIL  tests/integration/api/settingsAdapter.integration.test.ts > SettingsAdapter Integration Tests > selectFile() > opens file dialog with correct options
AssertionError: expected false to be true // Object.is equality

- Expected
+ Received

- true
+ false

 ❯ tests/integration/api/settingsAdapter.integration.test.ts:188:30
    186|       const result = await settingsAdapter.selectFile(options)
    187| 
    188|       expect(result.success).toBe(true)
       |                              ^
    189|       expect(result.filePath).toBe('/path/to/file.txt')
    190|     })

⎯⎯⎯⎯⎯⎯⎯⎯⎯⎯⎯⎯⎯⎯⎯⎯⎯⎯⎯⎯⎯[12/254]⎯

 FAIL  tests/integration/api/settingsAdapter.integration.test.ts > SettingsAdapter Integration Tests > selectFile() > handles file dialog cancellation
AssertionError: expected 'Cannot read properties of undefined (…' to contain 'No file selected'

Expected: "No file selected"
Received: "Cannot read properties of undefined (reading 'showOpenDialog')"

 ❯ tests/integration/api/settingsAdapter.integration.test.ts:208:28
    206| 
    207|       expect(result.success).toBe(false)
    208|       expect(result.error).toContain('No file selected')
       |                            ^
    209|     })
    210| 

⎯⎯⎯⎯⎯⎯⎯⎯⎯⎯⎯⎯⎯⎯⎯⎯⎯⎯⎯⎯⎯[13/254]⎯

 FAIL  tests/integration/api/settingsAdapter.integration.test.ts > SettingsAdapter Integration Tests > selectFile() > handles dialog errors
AssertionError: expected 'Cannot read properties of undefined (…' to contain 'Dialog error'

Expected: "Dialog error"
Received: "Cannot read properties of undefined (reading 'showOpenDialog')"

 ❯ tests/integration/api/settingsAdapter.integration.test.ts:224:28
    222| 
    223|       expect(result.success).toBe(false)
    224|       expect(result.error).toContain('Dialog error')
       |                            ^
    225|     })
    226|   })

⎯⎯⎯⎯⎯⎯⎯⎯⎯⎯⎯⎯⎯⎯⎯⎯⎯⎯⎯⎯⎯[14/254]⎯

 FAIL  tests/integration/api/settingsAdapter.integration.test.ts > SettingsAdapter Integration Tests > getApiKey() > retrieves API key from secure storage
AssertionError: expected "spy" to be called with arguments: [ 'GenImageFactory', 'openai-api-key' ]

Number of calls: 0

 ❯ tests/integration/api/settingsAdapter.integration.test.ts:237:46
    235|       const result = await settingsAdapter.getApiKey(serviceName)
    236| 
    237|       expect(mockKeytar.default.getPassword).toHaveBeenCalledWith('Gen…
       |                                              ^
    238|       expect(result.success).toBe(true)
    239|       expect(result.apiKey).toBe(mockApiKey)

⎯⎯⎯⎯⎯⎯⎯⎯⎯⎯⎯⎯⎯⎯⎯⎯⎯⎯⎯⎯⎯[15/254]⎯

 FAIL  tests/integration/api/settingsAdapter.integration.test.ts > SettingsAdapter Integration Tests > getApiKey() > returns empty string when API key not found
AssertionError: expected 'test-openai-key' to be '' // Object.is equality

- Expected
+ Received

+ test-openai-key

 ❯ tests/integration/api/settingsAdapter.integration.test.ts:250:29
    248| 
    249|       expect(result.success).toBe(true)
    250|       expect(result.apiKey).toBe('')
       |                             ^
    251|     })
    252| 

⎯⎯⎯⎯⎯⎯⎯⎯⎯⎯⎯⎯⎯⎯⎯⎯⎯⎯⎯⎯⎯[16/254]⎯

 FAIL  tests/integration/api/settingsAdapter.integration.test.ts > SettingsAdapter Integration Tests > getApiKey() > handles keytar errors gracefully
AssertionError: expected 'test-openai-key' to be '' // Object.is equality

- Expected
+ Received

+ test-openai-key

 ❯ tests/integration/api/settingsAdapter.integration.test.ts:264:29
    262| 
    263|       expect(result.success).toBe(true)
    264|       expect(result.apiKey).toBe('')
       |                             ^
    265|       expect(result.securityLevel).toBe('plain-text-fallback')
    266|     })

⎯⎯⎯⎯⎯⎯⎯⎯⎯⎯⎯⎯⎯⎯⎯⎯⎯⎯⎯⎯⎯[17/254]⎯

 FAIL  tests/integration/api/settingsAdapter.integration.test.ts > SettingsAdapter Integration Tests > setApiKey() > saves API key to secure storage
AssertionError: expected "spy" to be called with arguments: [ 'GenImageFactory', …(2) ]

Number of calls: 0

 ❯ tests/integration/api/settingsAdapter.integration.test.ts:278:46
    276|       const result = await settingsAdapter.setApiKey(serviceName, apiK…
    277| 
    278|       expect(mockKeytar.default.setPassword).toHaveBeenCalledWith('Gen…
       |                                              ^
    279|       expect(result.success).toBe(true)
    280|     })

⎯⎯⎯⎯⎯⎯⎯⎯⎯⎯⎯⎯⎯⎯⎯⎯⎯⎯⎯⎯⎯[18/254]⎯

 FAIL  tests/integration/api/settingsAdapter.integration.test.ts > SettingsAdapter Integration Tests > setApiKey() > handles keytar errors during save
AssertionError: expected true to be false // Object.is equality

- Expected
+ Received

- false
+ true

 ❯ tests/integration/api/settingsAdapter.integration.test.ts:299:30
    297|       const result = await settingsAdapter.setApiKey(serviceName, apiK…
    298| 
    299|       expect(result.success).toBe(false)
       |                              ^
    300|       expect(result.error).toContain('Keytar save error')
    301|     })

⎯⎯⎯⎯⎯⎯⎯⎯⎯⎯⎯⎯⎯⎯⎯⎯⎯⎯⎯⎯⎯[19/254]⎯

 FAIL  tests/integration/api/settingsAdapter.integration.test.ts > SettingsAdapter Integration Tests > setApiKey() > allows empty API key for clearing
AssertionError: expected "spy" to be called with arguments: [ 'GenImageFactory', 'openai-api-key' ]

Number of calls: 0

 ❯ tests/integration/api/settingsAdapter.integration.test.ts:311:49
    309|       const result = await settingsAdapter.setApiKey(serviceName, empt…
    310| 
    311|       expect(mockKeytar.default.deletePassword).toHaveBeenCalledWith('…
       |                                                 ^
    312|       expect(result.success).toBe(true)
    313|     })

⎯⎯⎯⎯⎯⎯⎯⎯⎯⎯⎯⎯⎯⎯⎯⎯⎯⎯⎯⎯⎯[20/254]⎯

 FAIL  tests/integration/api/settingsAdapter.integration.test.ts > SettingsAdapter Integration Tests > validateSettings() > validates correct settings
TypeError: settingsAdapter.validateSettings is not a function
 ❯ tests/integration/api/settingsAdapter.integration.test.ts:324:44
    322|       }
    323| 
    324|       const result = await settingsAdapter.validateSettings(validSetti…
       |                                            ^
    325| 
    326|       expect(result.success).toBe(true)

⎯⎯⎯⎯⎯⎯⎯⎯⎯⎯⎯⎯⎯⎯⎯⎯⎯⎯⎯⎯⎯[21/254]⎯

 FAIL  tests/integration/api/settingsAdapter.integration.test.ts > SettingsAdapter Integration Tests > validateSettings() > detects invalid settings
TypeError: settingsAdapter.validateSettings is not a function
 ❯ tests/integration/api/settingsAdapter.integration.test.ts:336:44
    334|       }
    335| 
    336|       const result = await settingsAdapter.validateSettings(invalidSet…
       |                                            ^
    337| 
    338|       expect(result.success).toBe(false)

⎯⎯⎯⎯⎯⎯⎯⎯⎯⎯⎯⎯⎯⎯⎯⎯⎯⎯⎯⎯⎯[22/254]⎯

 FAIL  tests/integration/api/settingsAdapter.integration.test.ts > SettingsAdapter Integration Tests > validateSettings() > validates required fields
TypeError: settingsAdapter.validateSettings is not a function
 ❯ tests/integration/api/settingsAdapter.integration.test.ts:348:44
    346|       }
    347| 
    348|       const result = await settingsAdapter.validateSettings(incomplete…
       |                                            ^
    349| 
    350|       expect(result.success).toBe(false)

⎯⎯⎯⎯⎯⎯⎯⎯⎯⎯⎯⎯⎯⎯⎯⎯⎯⎯⎯⎯⎯[23/254]⎯

 FAIL  tests/integration/api/settingsAdapter.integration.test.ts > SettingsAdapter Integration Tests > resetSettings() > resets settings to defaults
TypeError: settingsAdapter.resetSettings is not a function
 ❯ tests/integration/api/settingsAdapter.integration.test.ts:362:44
    360|       })
    361| 
    362|       const result = await settingsAdapter.resetSettings()
       |                                            ^
    363| 
    364|       expect(mockJobConfig.saveSettings).toHaveBeenCalled()

⎯⎯⎯⎯⎯⎯⎯⎯⎯⎯⎯⎯⎯⎯⎯⎯⎯⎯⎯⎯⎯[24/254]⎯

 FAIL  tests/integration/api/settingsAdapter.integration.test.ts > SettingsAdapter Integration Tests > resetSettings() > handles database errors during reset
TypeError: settingsAdapter.resetSettings is not a function
 ❯ tests/integration/api/settingsAdapter.integration.test.ts:374:44
    372|       })
    373| 
    374|       const result = await settingsAdapter.resetSettings()
       |                                            ^
    375| 
    376|       expect(result.success).toBe(false)

⎯⎯⎯⎯⎯⎯⎯⎯⎯⎯⎯⎯⎯⎯⎯⎯⎯⎯⎯⎯⎯[25/254]⎯

 FAIL  tests/integration/database/JobConfiguration.integration.test.ts > JobConfiguration Database Integration Tests > Model Creation and Validation > creates JobConfiguration model with correct schema
AssertionError: expected "spy" to be called with arguments: [ StringContaining{…}, Any<Function> ]

Number of calls: 0

 ❯ tests/integration/database/JobConfiguration.integration.test.ts:46:26
     44|       const jobConfig = new JobConfiguration()
     45| 
     46|       expect(mockDb.run).toHaveBeenCalledWith(
       |                          ^
     47|         expect.stringContaining('CREATE TABLE IF NOT EXISTS job_config…
     48|         expect.any(Function)

⎯⎯⎯⎯⎯⎯⎯⎯⎯⎯⎯⎯⎯⎯⎯⎯⎯⎯⎯⎯⎯[26/254]⎯

 FAIL  tests/integration/database/JobConfiguration.integration.test.ts > JobConfiguration Database Integration Tests > Model Creation and Validation > validates required fields
AssertionError: expected true to be false // Object.is equality

- Expected
+ Received

- false
+ true

 ❯ tests/integration/database/JobConfiguration.integration.test.ts:58:30
     56|       const result = await jobConfig.saveSettings(null)
     57|       
     58|       expect(result.success).toBe(false)
       |                              ^
     59|       expect(result.error).toContain('Settings are required')
     60|     })

⎯⎯⎯⎯⎯⎯⎯⎯⎯⎯⎯⎯⎯⎯⎯⎯⎯⎯⎯⎯⎯[27/254]⎯

 FAIL  tests/integration/database/JobConfiguration.integration.test.ts > JobConfiguration Database Integration Tests > Model Creation and Validation > validates settings JSON format
AssertionError: expected true to be false // Object.is equality

- Expected
+ Received

- false
+ true

 ❯ tests/integration/database/JobConfiguration.integration.test.ts:67:30
     65|       const result = await jobConfig.saveSettings('invalid-json')
     66|       
     67|       expect(result.success).toBe(false)
       |                              ^
     68|       expect(result.error).toContain('Invalid settings format')
     69|     })

⎯⎯⎯⎯⎯⎯⎯⎯⎯⎯⎯⎯⎯⎯⎯⎯⎯⎯⎯⎯⎯[28/254]⎯

 FAIL  tests/integration/database/JobConfiguration.integration.test.ts > JobConfiguration Database Integration Tests > Settings Persistence and Retrieval > saves settings to database successfully
AssertionError: expected "spy" to be called with arguments: [ StringContaining{…}, …(1) ]

Number of calls: 0

 ❯ tests/integration/database/JobConfiguration.integration.test.ts:87:26
     85|       const result = await jobConfig.saveSettings(settings)
     86| 
     87|       expect(mockDb.run).toHaveBeenCalledWith(
       |                          ^
     88|         expect.stringContaining('INSERT OR REPLACE INTO job_configurat…
     89|         ['default', JSON.stringify(settings), expect.any(Function)]

⎯⎯⎯⎯⎯⎯⎯⎯⎯⎯⎯⎯⎯⎯⎯⎯⎯⎯⎯⎯⎯[29/254]⎯

 FAIL  tests/integration/database/JobConfiguration.integration.test.ts > JobConfiguration Database Integration Tests > Settings Persistence and Retrieval > retrieves settings from database successfully
AssertionError: expected "spy" to be called with arguments: [ StringContaining{…}, …(1) ]

Number of calls: 0

 ❯ tests/integration/database/JobConfiguration.integration.test.ts:107:26
    105|       const result = await jobConfig.getSettings()
    106| 
    107|       expect(mockDb.get).toHaveBeenCalledWith(
       |                          ^
    108|         expect.stringContaining('SELECT settings FROM job_configuratio…
    109|         ['default', expect.any(Function)]

⎯⎯⎯⎯⎯⎯⎯⎯⎯⎯⎯⎯⎯⎯⎯⎯⎯⎯⎯⎯⎯[30/254]⎯

 FAIL  tests/integration/database/JobConfiguration.integration.test.ts > JobConfiguration Database Integration Tests > Settings Persistence and Retrieval > returns default settings when no settings found
AssertionError: expected [ '1:1', '16:9' ] to deeply equal [ '1:1' ]

- Expected
+ Received

  [
    "1:1",
+   "16:9",
  ]

 ❯ tests/integration/database/JobConfiguration.integration.test.ts:125:44
    123|       expect(result.success).toBe(true)
    124|       expect(result.settings).toBeDefined()
    125|       expect(result.settings.aspectRatios).toEqual(['1:1'])
       |                                            ^
    126|     })
    127| 

⎯⎯⎯⎯⎯⎯⎯⎯⎯⎯⎯⎯⎯⎯⎯⎯⎯⎯⎯⎯⎯[31/254]⎯

 FAIL  tests/integration/database/JobConfiguration.integration.test.ts > JobConfiguration Database Integration Tests > Settings Persistence and Retrieval > updates existing settings
AssertionError: expected "spy" to be called with arguments: [ StringContaining{…}, …(1) ]

Number of calls: 0

 ❯ tests/integration/database/JobConfiguration.integration.test.ts:141:26
    139|       const result = await jobConfig.saveSettings(updatedSettings, 'ex…
    140| 
    141|       expect(mockDb.run).toHaveBeenCalledWith(
       |                          ^
    142|         expect.stringContaining('INSERT OR REPLACE INTO job_configurat…
    143|         ['existing-config', JSON.stringify(updatedSettings), expect.an…

⎯⎯⎯⎯⎯⎯⎯⎯⎯⎯⎯⎯⎯⎯⎯⎯⎯⎯⎯⎯⎯[32/254]⎯

 FAIL  tests/integration/database/JobConfiguration.integration.test.ts > JobConfiguration Database Integration Tests > Database Migration and Schema Updates > creates table with correct schema on initialization
AssertionError: expected "spy" to be called with arguments: [ StringContaining{…}, Any<Function> ]

Number of calls: 0

 ❯ tests/integration/database/JobConfiguration.integration.test.ts:153:26
    151|       const jobConfig = new JobConfiguration()
    152| 
    153|       expect(mockDb.run).toHaveBeenCalledWith(
       |                          ^
    154|         expect.stringContaining('CREATE TABLE IF NOT EXISTS job_config…
    155|         expect.any(Function)

⎯⎯⎯⎯⎯⎯⎯⎯⎯⎯⎯⎯⎯⎯⎯⎯⎯⎯⎯⎯⎯[33/254]⎯

 FAIL  tests/integration/database/JobConfiguration.integration.test.ts > JobConfiguration Database Integration Tests > Database Migration and Schema Updates > handles table already exists gracefully
AssertionError: expected "spy" to be called at least once
 ❯ tests/integration/database/JobConfiguration.integration.test.ts:166:26
    164|       const jobConfig = new JobConfiguration()
    165| 
    166|       expect(mockDb.run).toHaveBeenCalled()
       |                          ^
    167|       // Should not throw error
    168|     })

⎯⎯⎯⎯⎯⎯⎯⎯⎯⎯⎯⎯⎯⎯⎯⎯⎯⎯⎯⎯⎯[34/254]⎯

 FAIL  tests/integration/database/JobConfiguration.integration.test.ts > JobConfiguration Database Integration Tests > Error Handling > handles database query errors
AssertionError: expected true to be false // Object.is equality

- Expected
+ Received

- false
+ true

 ❯ tests/integration/database/JobConfiguration.integration.test.ts:199:30
    197|       const result = await jobConfig.saveSettings({ test: 'value' })
    198| 
    199|       expect(result.success).toBe(false)
       |                              ^
    200|       expect(result.error).toContain('Database query failed')
    201|     })

⎯⎯⎯⎯⎯⎯⎯⎯⎯⎯⎯⎯⎯⎯⎯⎯⎯⎯⎯⎯⎯[35/254]⎯

 FAIL  tests/integration/database/JobConfiguration.integration.test.ts > JobConfiguration Database Integration Tests > Error Handling > handles database read errors
AssertionError: expected true to be false // Object.is equality

- Expected
+ Received

- false
+ true

 ❯ tests/integration/database/JobConfiguration.integration.test.ts:211:30
    209|       const result = await jobConfig.getSettings()
    210| 
    211|       expect(result.success).toBe(false)
       |                              ^
    212|       expect(result.error).toContain('Database read failed')
    213|     })

⎯⎯⎯⎯⎯⎯⎯⎯⎯⎯⎯⎯⎯⎯⎯⎯⎯⎯⎯⎯⎯[36/254]⎯

 FAIL  tests/integration/database/JobConfiguration.integration.test.ts > JobConfiguration Database Integration Tests > Error Handling > handles database update errors
AssertionError: expected true to be false // Object.is equality

- Expected
+ Received

- false
+ true

 ❯ tests/integration/database/JobConfiguration.integration.test.ts:223:30
    221|       const result = await jobConfig.saveSettings({ test: 'value' })
    222| 
    223|       expect(result.success).toBe(false)
       |                              ^
    224|       expect(result.error).toContain('Database update failed')
    225|     })

⎯⎯⎯⎯⎯⎯⎯⎯⎯⎯⎯⎯⎯⎯⎯⎯⎯⎯⎯⎯⎯[37/254]⎯

 FAIL  tests/integration/database/JobConfiguration.integration.test.ts > JobConfiguration Database Integration Tests > Data Integrity > ensures settings are stored as JSON string
AssertionError: expected "spy" to be called with arguments: [ Any<String>, [ 'default', …(2) ] ]

Number of calls: 0

 ❯ tests/integration/database/JobConfiguration.integration.test.ts:239:26
    237|       await jobConfig.saveSettings(settings)
    238| 
    239|       expect(mockDb.run).toHaveBeenCalledWith(
       |                          ^
    240|         expect.any(String),
    241|         ['default', JSON.stringify(settings), expect.any(Function)]

⎯⎯⎯⎯⎯⎯⎯⎯⎯⎯⎯⎯⎯⎯⎯⎯⎯⎯⎯⎯⎯[38/254]⎯

 FAIL  tests/integration/database/JobConfiguration.integration.test.ts > JobConfiguration Database Integration Tests > Data Integrity > validates settings structure on retrieval
AssertionError: expected true to be false // Object.is equality

- Expected
+ Received

- false
+ true

 ❯ tests/integration/database/JobConfiguration.integration.test.ts:253:30
    251|       const result = await jobConfig.getSettings()
    252| 
    253|       expect(result.success).toBe(false)
       |                              ^
    254|       expect(result.error).toContain('Invalid settings format')
    255|     })

⎯⎯⎯⎯⎯⎯⎯⎯⎯⎯⎯⎯⎯⎯⎯⎯⎯⎯⎯⎯⎯[39/254]⎯

 FAIL  tests/integration/database/JobConfiguration.integration.test.ts > JobConfiguration Database Integration Tests > Performance and Optimization > uses indexes for efficient queries
AssertionError: expected "spy" to be called with arguments: [ StringContaining{…}, Any<Function> ]

Number of calls: 0

 ❯ tests/integration/database/JobConfiguration.integration.test.ts:278:26
    276|       
    277|       // Verify that the table creation includes proper indexing
    278|       expect(mockDb.run).toHaveBeenCalledWith(
       |                          ^
    279|         expect.stringContaining('CREATE TABLE IF NOT EXISTS job_config…
    280|         expect.any(Function)

⎯⎯⎯⎯⎯⎯⎯⎯⎯⎯⎯⎯⎯⎯⎯⎯⎯⎯⎯⎯⎯[40/254]⎯

 FAIL  tests/integration/database/JobConfiguration.integration.test.ts > JobConfiguration Database Integration Tests > Performance and Optimization > limits query results for performance
AssertionError: expected [ …(10) ] to deeply equal []

- Expected
+ Received

- []
+ [
+   {
+     "created_at": "2025-11-25 07:36:48",
+     "name": "existing-config",
+     "updated_at": "2025-11-25 07:38:13",
+   },
+   {
+     "created_at": "2025-11-25 07:36:53",
+     "name": "default",
+     "updated_at": "2025-11-25 07:38:13",
+   },
+   {
+     "created_at": "2025-11-25 07:37:07",
+     "name": "My Provided Label",
+     "updated_at": "2025-11-25 07:37:07",
+   },
+   {
+     "created_at": "2025-11-25 07:37:05",
+     "name": "job_20251125_093705",
+     "updated_at": "2025-11-25 07:37:05",
+   },
+   {
+     "created_at": "2025-11-25 07:37:03",
+     "name": "City photography",
+     "updated_at": "2025-11-25 07:37:03",
+   },
+   {
+     "created_at": "2025-11-25 07:37:03",
+     "name": "Start Label",
+     "updated_at": "2025-11-25 07:37:03",
+   },
+   {
+     "created_at": "2025-11-25 07:37:02",
+     "name": "Seed",
+     "updated_at": "2025-11-25 07:37:02",
+   },
+   {
+     "created_at": "2025-11-25 07:37:02",
+     "name": "Animal photography",
+     "updated_at": "2025-11-25 07:37:02",
+   },
+   {
+     "created_at": "2025-11-25 07:36:53",
+     "name": "job_20251125_093653",
+     "updated_at": "2025-11-25 07:36:53",
+   },
+   {
+     "created_at": "2025-11-25 07:36:49",
+     "name": "cfg",
+     "updated_at": "2025-11-25 07:36:49",
+   },
+ ]

 ❯ tests/integration/database/JobConfiguration.integration.test.ts:293:37
    291| 
    292|       expect(result.success).toBe(true)
    293|       expect(result.configurations).toEqual([])
       |                                     ^
    294|     })
    295| 

⎯⎯⎯⎯⎯⎯⎯⎯⎯⎯⎯⎯⎯⎯⎯⎯⎯⎯⎯⎯⎯[41/254]⎯

 FAIL  tests/integration/backend/BackendAdapter.integration.test.ts > BackendAdapter Integration Tests > Single Job Run Functionality > should start a job with valid configuration
 FAIL  tests/integration/backend/BackendAdapter.integration.test.ts > BackendAdapter Integration Tests > Single Job Run Functionality > should reject job start with invalid configuration
 FAIL  tests/integration/backend/BackendAdapter.integration.test.ts > BackendAdapter Integration Tests > Single Job Run Functionality > should prevent starting multiple jobs simultaneously
 FAIL  tests/integration/backend/BackendAdapter.integration.test.ts > BackendAdapter Integration Tests > Single Job Run Functionality > should stop a running job
 FAIL  tests/integration/backend/BackendAdapter.integration.test.ts > BackendAdapter Integration Tests > Single Job Run Functionality > should force stop all jobs
 FAIL  tests/integration/backend/BackendAdapter.integration.test.ts > BackendAdapter Integration Tests > Single Job Run Functionality > should track job progress correctly
 FAIL  tests/integration/backend/BackendAdapter.integration.test.ts > BackendAdapter Integration Tests > Single Job Rerun Functionality > should rerun a completed job successfully
 FAIL  tests/integration/backend/BackendAdapter.integration.test.ts > BackendAdapter Integration Tests > Single Job Rerun Functionality > should reject rerun for running job
 FAIL  tests/integration/backend/BackendAdapter.integration.test.ts > BackendAdapter Integration Tests > Single Job Rerun Functionality > should reject rerun for non-existent job
 FAIL  tests/integration/backend/BackendAdapter.integration.test.ts > BackendAdapter Integration Tests > Single Job Rerun Functionality > should preserve original job configuration during rerun
 FAIL  tests/integration/backend/BackendAdapter.integration.test.ts > BackendAdapter Integration Tests > Single Job Rerun Functionality > should handle rerun with modified configuration
 FAIL  tests/integration/backend/BackendAdapter.integration.test.ts > BackendAdapter Integration Tests > Path Normalization (retry/rerun) > uses custom directories when provided, else falls back
 FAIL  tests/integration/backend/BackendAdapter.integration.test.ts > BackendAdapter Integration Tests > Bulk Rerun Functionality > should rerun multiple jobs sequentially
 FAIL  tests/integration/backend/BackendAdapter.integration.test.ts > BackendAdapter Integration Tests > Bulk Rerun Functionality > should reject bulk rerun when job is already running
 FAIL  tests/integration/backend/BackendAdapter.integration.test.ts > BackendAdapter Integration Tests > Bulk Rerun Functionality > should handle partial failures in bulk rerun
 FAIL  tests/integration/backend/BackendAdapter.integration.test.ts > BackendAdapter Integration Tests > Settings Management > should get settings
 FAIL  tests/integration/backend/BackendAdapter.integration.test.ts > BackendAdapter Integration Tests > Settings Management > should save settings
 FAIL  tests/integration/backend/BackendAdapter.integration.test.ts > BackendAdapter Integration Tests > API Key Management > should set and get API key
 FAIL  tests/integration/backend/BackendAdapter.integration.test.ts > BackendAdapter Integration Tests > API Key Management > should handle unknown service
Error: getJobConfigurationById does not exist
 ❯ tests/integration/backend/BackendAdapter.integration.test.ts:111:8
    109|     });
    110| 
    111|     vi.spyOn(backendAdapter.jobConfig, 'getJobConfigurationById').mock…
       |        ^
    112|       success: true,
    113|       configuration: {

⎯⎯⎯⎯⎯⎯⎯⎯⎯⎯⎯⎯⎯⎯⎯⎯⎯⎯⎯⎯⎯[42/254]⎯

 FAIL  tests/integration/backend/FailedImagesReview.integration.test.ts > Failed Images Review - BackendAdapter Integration > returns failed images via getImagesByQCStatus
 FAIL  tests/integration/backend/FailedImagesReview.integration.test.ts > Failed Images Review - BackendAdapter Integration > retryFailedImagesBatch with original settings updates status to retry_pending for same execution
 FAIL  tests/integration/backend/FailedImagesReview.integration.test.ts > Failed Images Review - BackendAdapter Integration > retryFailedImagesBatch with original settings fails across different executions
 FAIL  tests/integration/backend/FailedImagesReview.integration.test.ts > Failed Images Review - BackendAdapter Integration > retryFailedImagesBatch with modified settings updates processing settings and status (with clamping)
 FAIL  tests/unit/database/GeneratedImage.test.js > GeneratedImage Model > CRUD Operations > should create a generated image
 FAIL  tests/unit/database/GeneratedImage.test.js > GeneratedImage Model > CRUD Operations > should retrieve a generated image by id
 FAIL  tests/unit/database/GeneratedImage.test.js > GeneratedImage Model > CRUD Operations > should update a generated image
 FAIL  tests/unit/database/GeneratedImage.test.js > GeneratedImage Model > CRUD Operations > should delete a generated image
 FAIL  tests/unit/database/GeneratedImage.test.js > GeneratedImage Model > Query Operations > should get all generated images
 FAIL  tests/unit/database/GeneratedImage.test.js > GeneratedImage Model > Query Operations > should get images by execution id
 FAIL  tests/unit/database/GeneratedImage.test.js > GeneratedImage Model > Query Operations > should get images by QC status
 FAIL  tests/unit/database/GeneratedImage.test.js > GeneratedImage Model > Query Operations > should get image statistics
 FAIL  tests/unit/database/GeneratedImage.test.js > GeneratedImage Model > Query Operations > should get image metadata with job status
 FAIL  tests/unit/database/GeneratedImage.test.js > GeneratedImage Model > QC Status Management > should update QC status
 FAIL  tests/unit/database/GeneratedImage.test.js > GeneratedImage Model > QC Status Management > should handle QC status transitions
 FAIL  tests/unit/database/GeneratedImage.test.js > GeneratedImage Model > Metadata and Processing Settings > should handle complex metadata
 FAIL  tests/unit/database/GeneratedImage.test.js > GeneratedImage Model > Metadata and Processing Settings > should handle null metadata and processing settings
 FAIL  tests/unit/database/GeneratedImage.test.js > GeneratedImage Model > Metadata and Processing Settings > should handle JSON serialization/deserialization
 FAIL  tests/unit/database/GeneratedImage.test.js > GeneratedImage Model > Data Validation > should validate QC status values
 FAIL  tests/unit/database/GeneratedImage.test.js > GeneratedImage Model > Data Validation > should handle seed values correctly
 FAIL  tests/unit/database/GeneratedImage.test.js > GeneratedImage Model > Data Validation > should handle long generation prompts
Error: SQLITE_CONSTRAINT: NOT NULL constraint failed: generated_images.image_mapping_id
⎯⎯⎯⎯⎯⎯⎯⎯⎯⎯⎯⎯⎯⎯⎯⎯⎯⎯⎯⎯⎯[43/254]⎯

 FAIL  tests/integration/backend/ManualApprove.integration.test.ts > Manual Approve Integration > moves temp image to custom outputDirectory and approves
AssertionError: expected false to be true // Object.is equality

- Expected
+ Received

- true
+ false

 ❯ tests/integration/backend/ManualApprove.integration.test.ts:83:28
     81| 
     82|     // Assert
     83|     expect(result.success).toBe(true);
       |                            ^
     84|     expect(updateSpy).toHaveBeenCalled();
     85|     const updateArgs = updateSpy.mock.calls[0][1];

⎯⎯⎯⎯⎯⎯⎯⎯⎯⎯⎯⎯⎯⎯⎯⎯⎯⎯⎯⎯⎯[44/254]⎯

 FAIL  tests/integration/backend/ManualApprove.integration.test.ts > Manual Approve Integration > falls back to default toupload path when custom missing
AssertionError: expected false to be true // Object.is equality

- Expected
+ Received

- true
+ false

 ❯ tests/integration/backend/ManualApprove.integration.test.ts:103:28
    101| 
    102|     const result = await adapter.manualApproveImage(imageId);
    103|     expect(result.success).toBe(true);
       |                            ^
    104|     expect(updateSpy).toHaveBeenCalled();
    105|     const finalPath = updateSpy.mock.calls[0][1].finalImagePath as str…

⎯⎯⎯⎯⎯⎯⎯⎯⎯⎯⎯⎯⎯⎯⎯⎯⎯⎯⎯⎯⎯[45/254]⎯

 FAIL  tests/integration/backend/RetryNormalization.integration.test.ts > Retry normalization integration > normalizes stringified processing values before calling processImage
AssertionError: expected 0 to be greater than 0
 ❯ tests/integration/backend/RetryNormalization.integration.test.ts:63:53
     61| 
     62|     // Verify processImage received normalized values
     63|     expect((processImage as any).mock.calls.length).toBeGreaterThan(0);
       |                                                     ^
     64|     const passedConfig = (processImage as any).mock.calls[0][2];
     65|     expect(passedConfig.removeBg).toBe(true);

⎯⎯⎯⎯⎯⎯⎯⎯⎯⎯⎯⎯⎯⎯⎯⎯⎯⎯⎯⎯⎯[46/254]⎯

 FAIL  tests/unit/database/GeneratedImage.test.js > GeneratedImage Model > Edge Cases and Error Handling > should handle cleanup of old images
AssertionError: expected +0 to be 1 // Object.is equality

- Expected
+ Received

- 1
+ 0

 ❯ tests/unit/database/GeneratedImage.test.js:392:34
    390|       
    391|       expect(result.success).toBe(true);
    392|       expect(result.deletedRows).toBe(1);
       |                                  ^
    393|     });
    394| 

⎯⎯⎯⎯⎯⎯⎯⎯⎯⎯⎯⎯⎯⎯⎯⎯⎯⎯⎯⎯⎯[47/254]⎯

 FAIL  tests/unit/database/JobExecution.test.js > JobExecution Model > Query Operations > should get job history with limit
Error: SQLITE_ERROR: no such table: generated_images
⎯⎯⎯⎯⎯⎯⎯⎯⎯⎯⎯⎯⎯⎯⎯⎯⎯⎯⎯⎯⎯[48/254]⎯

 FAIL  tests/unit/services/JobRunner.rerunFlagClear.test.ts > JobRunner rerun leak guard > clears isRerun and persists a new execution when no databaseExecutionId is set
AssertionError: expected "spy" to be called at least once
 ❯ tests/unit/services/JobRunner.rerunFlagClear.test.ts:35:42
     33| 
     34|     // Should have cleared rerun mode and saved a fresh execution
     35|     expect(mockAdapter.saveJobExecution).toHaveBeenCalled()
       |                                          ^
     36|     const payload = mockAdapter.saveJobExecution.mock.calls[0][0]
     37|     expect(payload).toMatchObject({ configurationId: 123, status: 'run…

⎯⎯⎯⎯⎯⎯⎯⎯⎯⎯⎯⎯⎯⎯⎯⎯⎯⎯⎯⎯⎯[49/254]⎯

 FAIL  src/renderer/components/Jobs/__tests__/JobFilters.test.tsx > JobFilters > disables clear all button when no filters are active
Error: expect(element).toBeDisabled()

Received element is not disabled:
  <button
  aria-disabled="false"
  aria-label="Clear all filters and search"
  class="px-4 py-2 text-sm font-medium rounded-md transition-colors bg-gray-200 text-gray-700 hover:bg-gray-300"
/>
 ❯ src/renderer/components/Jobs/__tests__/JobFilters.test.tsx:352:25
    350|     
    351|     const clearButton = screen.getByText('Clear All');
    352|     expect(clearButton).toBeDisabled();
       |                         ^
    353|   });
    354| 

⎯⎯⎯⎯⎯⎯⎯⎯⎯⎯⎯⎯⎯⎯⎯⎯⎯⎯⎯⎯⎯[50/254]⎯

 FAIL  src/renderer/components/Jobs/__tests__/JobFilters.test.tsx > JobFilters > handles clear all filters
AssertionError: expected "spy" to be called with arguments: [ { status: 'all', …(4) } ]

Received: 

  1st spy call:

  [
    {
      "dateRange": "all",
      "label": "",
-     "maxImages": null,
+     "maxImages": undefined,
      "minImages": 0,
      "status": "all",
    },
  ]


Number of calls: 1

 ❯ src/renderer/components/Jobs/__tests__/JobFilters.test.tsx:375:42
    373|     fireEvent.click(clearButton);
    374|     
    375|     expect(defaultProps.onFiltersChange).toHaveBeenCalledWith({
       |                                          ^
    376|       status: 'all',
    377|       dateRange: 'all',

⎯⎯⎯⎯⎯⎯⎯⎯⎯⎯⎯⎯⎯⎯⎯⎯⎯⎯⎯⎯⎯[51/254]⎯

 FAIL  src/renderer/components/Jobs/__tests__/JobStatistics.test.tsx > JobStatistics > shows quick insights with correct information
TestingLibraryElementError: Unable to find an element with the text: 15 jobs failed (normalized from ' 15 jobs failed'). This could be because the text is broken up by multiple elements. In this case, you can provide a function for your text matcher to make your matcher more flexible.

Ignored nodes: comments, script, style
[36m<body>[39m
  [36m<div>[39m
    [36m<section[39m
      [33maria-labelledby[39m=[32m"statistics-title"[39m
      [33mclass[39m=[32m"bg-white rounded-lg shadow p-6 mb-6"[39m
      [33mrole[39m=[32m"region"[39m
    [36m>[39m
      [36m<header[39m
        [33mclass[39m=[32m"mb-6"[39m
      [36m>[39m
        [36m<h2[39m
          [33mclass[39m=[32m"text-lg font-medium text-gray-900"[39m
          [33mid[39m=[32m"statistics-title"[39m
        [36m>[39m
          [0mJob Statistics Overview[0m
        [36m</h2>[39m
        [36m<p[39m
          [33mclass[39m=[32m"text-sm text-gray-500 mt-1"[39m
        [36m>[39m
          [0mSummary of job execution status and performance metrics[0m
        [36m</p>[39m
      [36m</header>[39m
      [36m<div[39m
        [33mclass[39m=[32m"grid grid-cols-1 md:grid-cols-2 lg:grid-cols-4 gap-4 mb-6"[39m
      [36m>[39m
        [36m<div[39m
          [33mclass[39m=[32m"bg-gray-50 rounded-lg p-4 border border-gray-200"[39m
        [36m>[39m
          [36m<div[39m
            [33mclass[39m=[32m"flex items-center justify-between"[39m
          [36m>[39m
            [36m<div>[39m
              [36m<p[39m
                [33mclass[39m=[32m"text-sm font-medium text-gray-600"[39m
                [33mid[39m=[32m"total-jobs-label"[39m
              [36m>[39m
                [0mTotal Jobs[0m
              [36m</p>[39m
              [36m<p[39m
                [33maria-labelledby[39m=[32m"total-jobs-label"[39m
                [33mclass[39m=[32m"text-2xl font-bold text-gray-900"[39m
              [36m>[39m
                [0m100[0m
              [36m</p>[39m
            [36m</div>[39m
            [36m<div[39m
              [33mclass[39m=[32m"p-2 bg-gray-100 rounded-lg"[39m
            [36m>[39m
              [36m<svg[39m
                [33maria-hidden[39m=[32m"true"[39m
                [33mclass[39m=[32m"w-6 h-6 text-gray-600"[39m
                [33mfill[39m=[32m"none"[39m
                [33mstroke[39m=[32m"currentColor"[39m
                [33mviewBox[39m=[32m"0 0 24 24"[39m
              [36m>[39m
                [36m<path[39m
                  [33md[39m=[32m"M9 19v-6a2 2 0 00-2-2H5a2 2 0 00-2 2v6a2 2 0 002 2h2a2 2 0 002-2zm0 0V9a2 2 0 012-2h2a2 2 0 012 2v10m-6 0a2 2 0 002 2h2a2 2 0 002-2m0 0V5a2 2 0 012-2h2a2 2 0 012 2v14a2 2 0 01-2 2h-2a2 2 0 01-2-2z"[39m
                  [33mstroke-linecap[39m=[32m"round"[39m
                  [33mstroke-linejoin[39m=[32m"round"[39m
                  [33mstroke-width[39m=[32m"2"[39m
                [36m/>[39m
              [36m</svg>[39m
            [36m</div>[39m
          [36m</div>[39m
        [36m</div>[39m
        [36m<div[39m
          [33mclass[39m=[32m"bg-blue-50 rounded-lg p-4 border border-blue-200"[39m
        [36m>[39m
          [36m<div[39m
            [33mclass[39m=[32m"flex items-center justify-between"[39m
          [36m>[39m
            [36m<div>[39m
              [36m<p[39m
                [33mclass[39m=[32m"text-sm font-medium text-blue-600"[39m
                [33mid[39m=[32m"total-images-label"[39m
              [36m>[39m
                [0mTotal Images[0m
              [36m</p>[39m
              [36m<p[39m
                [33maria-labelledby[39m=[32m"total-images-label"[39m
                [33mclass[39m=[32m"text-2xl font-bold text-blue-900"[39m
              [36m>[39m
                [0m500[0m
              [36m</p>[39m
            [36m</div>[39m
            [36m<div[39m
              [33mclass[39m=[32m"p-2 bg-blue-100 rounded-lg"[39m
            [36m>[39m
              [36m<svg[39m
                [33maria-hidden[39m=[32m"true"[39m
                [33mclass[39m=[32m"w-6 h-6 text-blue-600"[39m
                [33mfill[39m=[32m"none"[39m
                [33mstroke[39m=[32m"currentColor"[39m
                [33mviewBox[39m=[32m"0 0 24 24"[39m
              [36m>[39m
                [36m<path[39m
                  [33md[39m=[32m"M4 16l4.586-4.586a2 2 0 012.828 0L16 16m-2-2l1.586-1.586a2 2 0 012.828 0L20 14m-6-6h.01M6 20h12a2 2 0 002-2V6a2 2 0 00-2-2H6a2 2 0 00-2 2v12a2 2 0 002 2z"[39m
                  [33mstroke-linecap[39m=[32m"round"[39m
                  [33mstroke-linejoin[39m=[32m"round"[39m
                  [33mstroke-width[39m=[32m"2"[39m
                [36m/>[39m
              [36m</svg>[39m
            [36m</div>[39m
          [36m</div>[39m
        [36m</div>[39m
        [36m<div[39m
          [33mclass[39m=[32m"bg-green-50 rounded-lg p-4 border border-green-200"[39m
        [36m>[39m
          [36m<div[39m
            [33mclass[39m=[32m"flex items-center justify-between"[39m
          [36m>[39m
            [36m<div>[39m
              [36m<p[39m
                [33mclass[39m=[32m"text-sm font-medium text-green-600"[39m
                [33mid[39m=[32m"avg-images-label"[39m
              [36m>[39m
                [0mAvg Images/Job[0m
              [36m</p>[39m
              [36m<p[39m
                [33maria-labelledby[39m=[32m"avg-images-label"[39m
                [33mclass[39m=[32m"text-2xl font-bold text-green-900"[39m
              [36m>[39m
                [0m5.0[0m
              [36m</p>[39m
            [36m</div>[39m
            [36m<div[39m
              [33mclass[39m=[32m"p-2 bg-green-100 rounded-lg"[39m
            [36m>[39m
              [36m<svg[39m
                [33maria-hidden[39m=[32m"true"[39m
                [33mclass[39m=[32m"w-6 h-6 text-green-600"[39m
                [33mfill[39m=[32m"none"[39m
                [33mstroke[39m=[32m"currentColor"[39m
                [33mviewBox[39m=[32m"0 0 24 24"[39m
              [36m>[39m
                [36m<path[39m
                  [33md[39m=[32m"M9 7h6m0 10v-3m-3 3h.01M9 17h.01M9 14h.01M12 14h.01M15 11h.01M12 11h.01M9 11h.01M7 21h10a2 2 0 002-2V5a2 2 0 00-2-2H7a2 2 0 00-2 2v14a2 2 0 002 2z"[39m
                  [33mstroke-linecap[39m=[32m"round"[39m
                  [33mstroke-linejoin[39m=[32m"round"[39m
                  [33mstroke-width[39m=[32m"2"[39m
                [36m/>[39m
              [36m</svg>[39m
            [36m</div>[39m
          [36m</div>[39m
        [36m</div>[39m
        [36m<div[39m
          [33mclass[39m=[32m"bg-purple-50 rounded-lg p-4 border border-purple-200"[39m
        [36m>[39m
          [36m<div[39m
            [33mclass[39m=[32m"flex items-center justify-between"[39m
          [36m>[39m
            [36m<div>[39m
              [36m<p[39m
                [33mclass[39m=[32m"text-sm font-medium text-purple-600"[39m
                [33mid[39m=[32m"completion-rate-label"[39m
              [36m>[39m
                [0mCompletion Rate[0m
              [36m</p>[39m
      ...
 ❯ Object.getElementError node_modules/@testing-library/dom/dist/config.js:37:19
 ❯ node_modules/@testing-library/dom/dist/query-helpers.js:76:38
 ❯ node_modules/@testing-library/dom/dist/query-helpers.js:52:17
 ❯ node_modules/@testing-library/dom/dist/query-helpers.js:95:19
 ❯ src/renderer/components/Jobs/__tests__/JobStatistics.test.tsx:102:19
    100|     
    101|     expect(screen.getByText('✓ 75 jobs completed successfully')).toBeI…
    102|     expect(screen.getByText(' 15 jobs failed')).toBeInTheDocument();
       |                   ^
    103|     expect(screen.getByText(' 5 jobs currently processing')).toBeInThe…
    104|     expect(screen.getByText(' 5 jobs waiting in queue')).toBeInTheDocu…

⎯⎯⎯⎯⎯⎯⎯⎯⎯⎯⎯⎯⎯⎯⎯⎯⎯⎯⎯⎯⎯[52/254]⎯

 FAIL  src/renderer/components/Jobs/__tests__/JobStatistics.test.tsx > JobStatistics > handles edge case with only failed jobs
TestingLibraryElementError: Unable to find an element with the text: 20 jobs failed (normalized from ' 20 jobs failed'). This could be because the text is broken up by multiple elements. In this case, you can provide a function for your text matcher to make your matcher more flexible.

Ignored nodes: comments, script, style
[36m<body>[39m
  [36m<div>[39m
    [36m<section[39m
      [33maria-labelledby[39m=[32m"statistics-title"[39m
      [33mclass[39m=[32m"bg-white rounded-lg shadow p-6 mb-6"[39m
      [33mrole[39m=[32m"region"[39m
    [36m>[39m
      [36m<header[39m
        [33mclass[39m=[32m"mb-6"[39m
      [36m>[39m
        [36m<h2[39m
          [33mclass[39m=[32m"text-lg font-medium text-gray-900"[39m
          [33mid[39m=[32m"statistics-title"[39m
        [36m>[39m
          [0mJob Statistics Overview[0m
        [36m</h2>[39m
        [36m<p[39m
          [33mclass[39m=[32m"text-sm text-gray-500 mt-1"[39m
        [36m>[39m
          [0mSummary of job execution status and performance metrics[0m
        [36m</p>[39m
      [36m</header>[39m
      [36m<div[39m
        [33mclass[39m=[32m"grid grid-cols-1 md:grid-cols-2 lg:grid-cols-4 gap-4 mb-6"[39m
      [36m>[39m
        [36m<div[39m
          [33mclass[39m=[32m"bg-gray-50 rounded-lg p-4 border border-gray-200"[39m
        [36m>[39m
          [36m<div[39m
            [33mclass[39m=[32m"flex items-center justify-between"[39m
          [36m>[39m
            [36m<div>[39m
              [36m<p[39m
                [33mclass[39m=[32m"text-sm font-medium text-gray-600"[39m
                [33mid[39m=[32m"total-jobs-label"[39m
              [36m>[39m
                [0mTotal Jobs[0m
              [36m</p>[39m
              [36m<p[39m
                [33maria-labelledby[39m=[32m"total-jobs-label"[39m
                [33mclass[39m=[32m"text-2xl font-bold text-gray-900"[39m
              [36m>[39m
                [0m20[0m
              [36m</p>[39m
            [36m</div>[39m
            [36m<div[39m
              [33mclass[39m=[32m"p-2 bg-gray-100 rounded-lg"[39m
            [36m>[39m
              [36m<svg[39m
                [33maria-hidden[39m=[32m"true"[39m
                [33mclass[39m=[32m"w-6 h-6 text-gray-600"[39m
                [33mfill[39m=[32m"none"[39m
                [33mstroke[39m=[32m"currentColor"[39m
                [33mviewBox[39m=[32m"0 0 24 24"[39m
              [36m>[39m
                [36m<path[39m
                  [33md[39m=[32m"M9 19v-6a2 2 0 00-2-2H5a2 2 0 00-2 2v6a2 2 0 002 2h2a2 2 0 002-2zm0 0V9a2 2 0 012-2h2a2 2 0 012 2v10m-6 0a2 2 0 002 2h2a2 2 0 002-2m0 0V5a2 2 0 012-2h2a2 2 0 012 2v14a2 2 0 01-2 2h-2a2 2 0 01-2-2z"[39m
                  [33mstroke-linecap[39m=[32m"round"[39m
                  [33mstroke-linejoin[39m=[32m"round"[39m
                  [33mstroke-width[39m=[32m"2"[39m
                [36m/>[39m
              [36m</svg>[39m
            [36m</div>[39m
          [36m</div>[39m
        [36m</div>[39m
        [36m<div[39m
          [33mclass[39m=[32m"bg-blue-50 rounded-lg p-4 border border-blue-200"[39m
        [36m>[39m
          [36m<div[39m
            [33mclass[39m=[32m"flex items-center justify-between"[39m
          [36m>[39m
            [36m<div>[39m
              [36m<p[39m
                [33mclass[39m=[32m"text-sm font-medium text-blue-600"[39m
                [33mid[39m=[32m"total-images-label"[39m
              [36m>[39m
                [0mTotal Images[0m
              [36m</p>[39m
              [36m<p[39m
                [33maria-labelledby[39m=[32m"total-images-label"[39m
                [33mclass[39m=[32m"text-2xl font-bold text-blue-900"[39m
              [36m>[39m
                [0m500[0m
              [36m</p>[39m
            [36m</div>[39m
            [36m<div[39m
              [33mclass[39m=[32m"p-2 bg-blue-100 rounded-lg"[39m
            [36m>[39m
              [36m<svg[39m
                [33maria-hidden[39m=[32m"true"[39m
                [33mclass[39m=[32m"w-6 h-6 text-blue-600"[39m
                [33mfill[39m=[32m"none"[39m
                [33mstroke[39m=[32m"currentColor"[39m
                [33mviewBox[39m=[32m"0 0 24 24"[39m
              [36m>[39m
                [36m<path[39m
                  [33md[39m=[32m"M4 16l4.586-4.586a2 2 0 012.828 0L16 16m-2-2l1.586-1.586a2 2 0 012.828 0L20 14m-6-6h.01M6 20h12a2 2 0 002-2V6a2 2 0 00-2-2H6a2 2 0 00-2 2v12a2 2 0 002 2z"[39m
                  [33mstroke-linecap[39m=[32m"round"[39m
                  [33mstroke-linejoin[39m=[32m"round"[39m
                  [33mstroke-width[39m=[32m"2"[39m
                [36m/>[39m
              [36m</svg>[39m
            [36m</div>[39m
          [36m</div>[39m
        [36m</div>[39m
        [36m<div[39m
          [33mclass[39m=[32m"bg-green-50 rounded-lg p-4 border border-green-200"[39m
        [36m>[39m
          [36m<div[39m
            [33mclass[39m=[32m"flex items-center justify-between"[39m
          [36m>[39m
            [36m<div>[39m
              [36m<p[39m
                [33mclass[39m=[32m"text-sm font-medium text-green-600"[39m
                [33mid[39m=[32m"avg-images-label"[39m
              [36m>[39m
                [0mAvg Images/Job[0m
              [36m</p>[39m
              [36m<p[39m
                [33maria-labelledby[39m=[32m"avg-images-label"[39m
                [33mclass[39m=[32m"text-2xl font-bold text-green-900"[39m
              [36m>[39m
                [0m5.0[0m
              [36m</p>[39m
            [36m</div>[39m
            [36m<div[39m
              [33mclass[39m=[32m"p-2 bg-green-100 rounded-lg"[39m
            [36m>[39m
              [36m<svg[39m
                [33maria-hidden[39m=[32m"true"[39m
                [33mclass[39m=[32m"w-6 h-6 text-green-600"[39m
                [33mfill[39m=[32m"none"[39m
                [33mstroke[39m=[32m"currentColor"[39m
                [33mviewBox[39m=[32m"0 0 24 24"[39m
              [36m>[39m
                [36m<path[39m
                  [33md[39m=[32m"M9 7h6m0 10v-3m-3 3h.01M9 17h.01M9 14h.01M12 14h.01M15 11h.01M12 11h.01M9 11h.01M7 21h10a2 2 0 002-2V5a2 2 0 00-2-2H7a2 2 0 00-2 2v14a2 2 0 002 2z"[39m
                  [33mstroke-linecap[39m=[32m"round"[39m
                  [33mstroke-linejoin[39m=[32m"round"[39m
                  [33mstroke-width[39m=[32m"2"[39m
                [36m/>[39m
              [36m</svg>[39m
            [36m</div>[39m
          [36m</div>[39m
        [36m</div>[39m
        [36m<div[39m
          [33mclass[39m=[32m"bg-purple-50 rounded-lg p-4 border border-purple-200"[39m
        [36m>[39m
          [36m<div[39m
            [33mclass[39m=[32m"flex items-center justify-between"[39m
          [36m>[39m
            [36m<div>[39m
              [36m<p[39m
                [33mclass[39m=[32m"text-sm font-medium text-purple-600"[39m
                [33mid[39m=[32m"completion-rate-label"[39m
              [36m>[39m
                [0mCompletion Rate[0m
              [36m</p>[39m
       ...
 ❯ Object.getElementError node_modules/@testing-library/dom/dist/config.js:37:19
 ❯ node_modules/@testing-library/dom/dist/query-helpers.js:76:38
 ❯ node_modules/@testing-library/dom/dist/query-helpers.js:52:17
 ❯ node_modules/@testing-library/dom/dist/query-helpers.js:95:19
 ❯ src/renderer/components/Jobs/__tests__/JobStatistics.test.tsx:173:19
    171|     expect(failureRateCard).toHaveTextContent('100%');
    172|     
    173|     expect(screen.getByText(' 20 jobs failed')).toBeInTheDocument();
       |                   ^
    174|     expect(screen.queryByText('✓ 0 jobs completed successfully')).not.…
    175|   });

⎯⎯⎯⎯⎯⎯⎯⎯⎯⎯⎯⎯⎯⎯⎯⎯⎯⎯⎯⎯⎯[53/254]⎯

 FAIL  src/renderer/components/Jobs/__tests__/JobStatistics.test.tsx > JobStatistics > handles single job case correctly
TestingLibraryElementError: Unable to find an element with the text: Average of 10.0 images per job (normalized from ' Average of 10.0 images per job'). This could be because the text is broken up by multiple elements. In this case, you can provide a function for your text matcher to make your matcher more flexible.

Ignored nodes: comments, script, style
[36m<body>[39m
  [36m<div>[39m
    [36m<section[39m
      [33maria-labelledby[39m=[32m"statistics-title"[39m
      [33mclass[39m=[32m"bg-white rounded-lg shadow p-6 mb-6"[39m
      [33mrole[39m=[32m"region"[39m
    [36m>[39m
      [36m<header[39m
        [33mclass[39m=[32m"mb-6"[39m
      [36m>[39m
        [36m<h2[39m
          [33mclass[39m=[32m"text-lg font-medium text-gray-900"[39m
          [33mid[39m=[32m"statistics-title"[39m
        [36m>[39m
          [0mJob Statistics Overview[0m
        [36m</h2>[39m
        [36m<p[39m
          [33mclass[39m=[32m"text-sm text-gray-500 mt-1"[39m
        [36m>[39m
          [0mSummary of job execution status and performance metrics[0m
        [36m</p>[39m
      [36m</header>[39m
      [36m<div[39m
        [33mclass[39m=[32m"grid grid-cols-1 md:grid-cols-2 lg:grid-cols-4 gap-4 mb-6"[39m
      [36m>[39m
        [36m<div[39m
          [33mclass[39m=[32m"bg-gray-50 rounded-lg p-4 border border-gray-200"[39m
        [36m>[39m
          [36m<div[39m
            [33mclass[39m=[32m"flex items-center justify-between"[39m
          [36m>[39m
            [36m<div>[39m
              [36m<p[39m
                [33mclass[39m=[32m"text-sm font-medium text-gray-600"[39m
                [33mid[39m=[32m"total-jobs-label"[39m
              [36m>[39m
                [0mTotal Jobs[0m
              [36m</p>[39m
              [36m<p[39m
                [33maria-labelledby[39m=[32m"total-jobs-label"[39m
                [33mclass[39m=[32m"text-2xl font-bold text-gray-900"[39m
              [36m>[39m
                [0m1[0m
              [36m</p>[39m
            [36m</div>[39m
            [36m<div[39m
              [33mclass[39m=[32m"p-2 bg-gray-100 rounded-lg"[39m
            [36m>[39m
              [36m<svg[39m
                [33maria-hidden[39m=[32m"true"[39m
                [33mclass[39m=[32m"w-6 h-6 text-gray-600"[39m
                [33mfill[39m=[32m"none"[39m
                [33mstroke[39m=[32m"currentColor"[39m
                [33mviewBox[39m=[32m"0 0 24 24"[39m
              [36m>[39m
                [36m<path[39m
                  [33md[39m=[32m"M9 19v-6a2 2 0 00-2-2H5a2 2 0 00-2 2v6a2 2 0 002 2h2a2 2 0 002-2zm0 0V9a2 2 0 012-2h2a2 2 0 012 2v10m-6 0a2 2 0 002 2h2a2 2 0 002-2m0 0V5a2 2 0 012-2h2a2 2 0 012 2v14a2 2 0 01-2 2h-2a2 2 0 01-2-2z"[39m
                  [33mstroke-linecap[39m=[32m"round"[39m
                  [33mstroke-linejoin[39m=[32m"round"[39m
                  [33mstroke-width[39m=[32m"2"[39m
                [36m/>[39m
              [36m</svg>[39m
            [36m</div>[39m
          [36m</div>[39m
        [36m</div>[39m
        [36m<div[39m
          [33mclass[39m=[32m"bg-blue-50 rounded-lg p-4 border border-blue-200"[39m
        [36m>[39m
          [36m<div[39m
            [33mclass[39m=[32m"flex items-center justify-between"[39m
          [36m>[39m
            [36m<div>[39m
              [36m<p[39m
                [33mclass[39m=[32m"text-sm font-medium text-blue-600"[39m
                [33mid[39m=[32m"total-images-label"[39m
              [36m>[39m
                [0mTotal Images[0m
              [36m</p>[39m
              [36m<p[39m
                [33maria-labelledby[39m=[32m"total-images-label"[39m
                [33mclass[39m=[32m"text-2xl font-bold text-blue-900"[39m
              [36m>[39m
                [0m10[0m
              [36m</p>[39m
            [36m</div>[39m
            [36m<div[39m
              [33mclass[39m=[32m"p-2 bg-blue-100 rounded-lg"[39m
            [36m>[39m
              [36m<svg[39m
                [33maria-hidden[39m=[32m"true"[39m
                [33mclass[39m=[32m"w-6 h-6 text-blue-600"[39m
                [33mfill[39m=[32m"none"[39m
                [33mstroke[39m=[32m"currentColor"[39m
                [33mviewBox[39m=[32m"0 0 24 24"[39m
              [36m>[39m
                [36m<path[39m
                  [33md[39m=[32m"M4 16l4.586-4.586a2 2 0 012.828 0L16 16m-2-2l1.586-1.586a2 2 0 012.828 0L20 14m-6-6h.01M6 20h12a2 2 0 002-2V6a2 2 0 00-2-2H6a2 2 0 00-2 2v12a2 2 0 002 2z"[39m
                  [33mstroke-linecap[39m=[32m"round"[39m
                  [33mstroke-linejoin[39m=[32m"round"[39m
                  [33mstroke-width[39m=[32m"2"[39m
                [36m/>[39m
              [36m</svg>[39m
            [36m</div>[39m
          [36m</div>[39m
        [36m</div>[39m
        [36m<div[39m
          [33mclass[39m=[32m"bg-green-50 rounded-lg p-4 border border-green-200"[39m
        [36m>[39m
          [36m<div[39m
            [33mclass[39m=[32m"flex items-center justify-between"[39m
          [36m>[39m
            [36m<div>[39m
              [36m<p[39m
                [33mclass[39m=[32m"text-sm font-medium text-green-600"[39m
                [33mid[39m=[32m"avg-images-label"[39m
              [36m>[39m
                [0mAvg Images/Job[0m
              [36m</p>[39m
              [36m<p[39m
                [33maria-labelledby[39m=[32m"avg-images-label"[39m
                [33mclass[39m=[32m"text-2xl font-bold text-green-900"[39m
              [36m>[39m
                [0m10.0[0m
              [36m</p>[39m
            [36m</div>[39m
            [36m<div[39m
              [33mclass[39m=[32m"p-2 bg-green-100 rounded-lg"[39m
            [36m>[39m
              [36m<svg[39m
                [33maria-hidden[39m=[32m"true"[39m
                [33mclass[39m=[32m"w-6 h-6 text-green-600"[39m
                [33mfill[39m=[32m"none"[39m
                [33mstroke[39m=[32m"currentColor"[39m
                [33mviewBox[39m=[32m"0 0 24 24"[39m
              [36m>[39m
                [36m<path[39m
                  [33md[39m=[32m"M9 7h6m0 10v-3m-3 3h.01M9 17h.01M9 14h.01M12 14h.01M15 11h.01M12 11h.01M9 11h.01M7 21h10a2 2 0 002-2V5a2 2 0 00-2-2H7a2 2 0 00-2 2v14a2 2 0 002 2z"[39m
                  [33mstroke-linecap[39m=[32m"round"[39m
                  [33mstroke-linejoin[39m=[32m"round"[39m
                  [33mstroke-width[39m=[32m"2"[39m
                [36m/>[39m
              [36m</svg>[39m
            [36m</div>[39m
          [36m</div>[39m
        [36m</div>[39m
        [36m<div[39m
          [33mclass[39m=[32m"bg-purple-50 rounded-lg p-4 border border-purple-200"[39m
        [36m>[39m
          [36m<div[39m
            [33mclass[39m=[32m"flex items-center justify-between"[39m
          [36m>[39m
            [36m<div>[39m
              [36m<p[39m
                [33mclass[39m=[32m"text-sm font-medium text-purple-600"[39m
                [33mid[39m=[32m"completion-rate-label"[39m
              [36m>[39m
                [0mCompletion Rate[0m
              [36m</p>[39m
        ...
 ❯ Object.getElementError node_modules/@testing-library/dom/dist/config.js:37:19
 ❯ node_modules/@testing-library/dom/dist/query-helpers.js:76:38
 ❯ node_modules/@testing-library/dom/dist/query-helpers.js:52:17
 ❯ node_modules/@testing-library/dom/dist/query-helpers.js:95:19
 ❯ src/renderer/components/Jobs/__tests__/JobStatistics.test.tsx:355:19
    353|     expect(completionRateCard).toHaveTextContent('100%');
    354|     expect(screen.getByText('✓ 1 job completed successfully')).toBeInT…
    355|     expect(screen.getByText(' Average of 10.0 images per job')).toBeIn…
       |                   ^
    356|   });
    357| 

⎯⎯⎯⎯⎯⎯⎯⎯⎯⎯⎯⎯⎯⎯⎯⎯⎯⎯⎯⎯⎯[54/254]⎯

 FAIL  src/renderer/components/Jobs/__tests__/JobTable.test.tsx > JobTable > handles inline editing of job labels
TestingLibraryElementError: Unable to find an element with the display value: Test Job 1.

Ignored nodes: comments, script, style
[36m<body>[39m
  [36m<div>[39m
    [36m<div[39m
      [33mclass[39m=[32m"bg-white rounded-lg shadow overflow-hidden"[39m
    [36m>[39m
      [36m<div[39m
        [33mclass[39m=[32m"px-6 py-4 border-b border-gray-200"[39m
      [36m>[39m
        [36m<h3[39m
          [33mclass[39m=[32m"text-lg font-medium text-gray-900"[39m
          [33mid[39m=[32m"job-table-title"[39m
        [36m>[39m
          [0mJob Executions[0m
        [36m</h3>[39m
        [36m<p[39m
          [33mclass[39m=[32m"text-sm text-gray-500 mt-1"[39m
        [36m>[39m
          [0mShowing [0m
          [0m3[0m
          [0m of [0m
          [0m3[0m
          [0m jobs on page [0m
          [0m1[0m
          [0m of [0m
          [0m1[0m
        [36m</p>[39m
      [36m</div>[39m
      [36m<div[39m
        [33mclass[39m=[32m"overflow-x-auto"[39m
      [36m>[39m
        [36m<table[39m
          [33maria-describedby[39m=[32m"job-table-description"[39m
          [33maria-labelledby[39m=[32m"job-table-title"[39m
          [33mclass[39m=[32m"min-w-full divide-y divide-gray-200"[39m
          [33mrole[39m=[32m"table"[39m
        [36m>[39m
          [36m<caption[39m
            [33mclass[39m=[32m"sr-only"[39m
            [33mid[39m=[32m"job-table-description"[39m
          [36m>[39m
            [0mTable of job executions with selection, sorting, and inline editing capabilities[0m
          [36m</caption>[39m
          [36m<thead[39m
            [33mclass[39m=[32m"bg-gray-50"[39m
          [36m>[39m
            [36m<tr>[39m
              [36m<th[39m
                [33mclass[39m=[32m"px-6 py-3 text-left text-xs font-medium text-gray-500 uppercase tracking-wider"[39m
                [33mscope[39m=[32m"col"[39m
              [36m>[39m
                [36m<label[39m
                  [33mclass[39m=[32m"flex items-center"[39m
                [36m>[39m
                  [36m<input[39m
                    [33maria-label[39m=[32m"Select all jobs on this page"[39m
                    [33mclass[39m=[32m"rounded border-gray-300 text-blue-600 focus:ring-blue-500"[39m
                    [33mtype[39m=[32m"checkbox"[39m
                  [36m/>[39m
                  [36m<span[39m
                    [33mclass[39m=[32m"sr-only"[39m
                  [36m>[39m
                    [0mSelect all[0m
                  [36m</span>[39m
                [36m</label>[39m
              [36m</th>[39m
              [36m<th[39m
                [33maria-label[39m=[32m"Sort by Label ascending"[39m
                [33maria-sort[39m=[32m"none"[39m
                [33mclass[39m=[32m"px-6 py-3 text-left text-xs font-medium text-gray-500 uppercase tracking-wider cursor-pointer hover:bg-gray-100"[39m
                [33mrole[39m=[32m"button"[39m
                [33mscope[39m=[32m"col"[39m
                [33mtabindex[39m=[32m"0"[39m
              [36m>[39m
                [36m<div[39m
                  [33mclass[39m=[32m"flex items-center space-x-1"[39m
                [36m>[39m
                  [36m<span>[39m
                    [0mLabel[0m
                  [36m</span>[39m
                  [36m<span[39m
                    [33maria-hidden[39m=[32m"true"[39m
                    [33mclass[39m=[32m"text-gray-400"[39m
                  [36m>[39m
                    [0m️[0m
                  [36m</span>[39m
                [36m</div>[39m
              [36m</th>[39m
              [36m<th[39m
                [33maria-label[39m=[32m"Sort by Status ascending"[39m
                [33maria-sort[39m=[32m"none"[39m
                [33mclass[39m=[32m"px-6 py-3 text-left text-xs font-medium text-gray-500 uppercase tracking-wider cursor-pointer hover:bg-gray-100"[39m
                [33mrole[39m=[32m"button"[39m
                [33mscope[39m=[32m"col"[39m
                [33mtabindex[39m=[32m"0"[39m
              [36m>[39m
                [36m<div[39m
                  [33mclass[39m=[32m"flex items-center space-x-1"[39m
                [36m>[39m
                  [36m<span>[39m
                    [0mStatus[0m
                  [36m</span>[39m
                  [36m<span[39m
                    [33maria-hidden[39m=[32m"true"[39m
                    [33mclass[39m=[32m"text-gray-400"[39m
                  [36m>[39m
                    [0m️[0m
                  [36m</span>[39m
                [36m</div>[39m
              [36m</th>[39m
              [36m<th[39m
                [33maria-label[39m=[32m"Sort by Created ascending"[39m
                [33maria-sort[39m=[32m"descending"[39m
                [33mclass[39m=[32m"px-6 py-3 text-left text-xs font-medium text-gray-500 uppercase tracking-wider cursor-pointer hover:bg-gray-100"[39m
                [33mrole[39m=[32m"button"[39m
                [33mscope[39m=[32m"col"[39m
                [33mtabindex[39m=[32m"0"[39m
              [36m>[39m
                [36m<div[39m
                  [33mclass[39m=[32m"flex items-center space-x-1"[39m
                [36m>[39m
                  [36m<span>[39m
                    [0mCreated[0m
                  [36m</span>[39m
                  [36m<span[39m
                    [33maria-hidden[39m=[32m"true"[39m
                    [33mclass[39m=[32m"text-gray-400"[39m
                  [36m>[39m
                    [0m↓[0m
                  [36m</span>[39m
                [36m</div>[39m
              [36m</th>[39m
              [36m<th[39m
                [33maria-label[39m=[32m"Sort by Duration ascending"[39m
                [33maria-sort[39m=[32m"none"[39m
                [33mclass[39m=[32m"px-6 py-3 text-left text-xs font-medium text-gray-500 uppercase tracking-wider cursor-pointer hover:bg-gray-100"[39m
                [33mrole[39m=[32m"button"[39m
                [33mscope[39m=[32m"col"[39m
                [33mtabindex[39m=[32m"0"[39m
              [36m>[39m
                [36m<div[39m
                  [33mclass[39m=[32m"flex items-center space-x-1"[39m
                [36m>[39m
                  [36m<span>[39m
                    [0mDuration[0m
                  [36m</span>[39m
                  [36m<span[39m
                    [33maria-hidden[39m=[32m"true"[39m
                    [33mclass[39m=[32m"text-gray-400"[39m
                  [36m>[39m
                    [0m️[0m
                  [36m</span>[39m
                [36m</div>[39m
              [36m</th>[39m
              [36m<th[39m
                [33maria-label[39m=[32m"Sort by Images ascending"[39m
                [33maria-sort[39m=[32m"none"[39m
                [33mclass[39m=[32m"px-6 py-3 text-left text-xs font-medium text-gray-500 uppercase tracking-wider cursor-pointer hover:bg-gray...
 ❯ Object.getElementError node_modules/@testing-library/dom/dist/config.js:37:19
 ❯ node_modules/@testing-library/dom/dist/query-helpers.js:76:38
 ❯ node_modules/@testing-library/dom/dist/query-helpers.js:52:17
 ❯ node_modules/@testing-library/dom/dist/query-helpers.js:95:19
 ❯ src/renderer/components/Jobs/__tests__/JobTable.test.tsx:129:30
    127|     
    128|     // Should show edit input
    129|     const editInput = screen.getByDisplayValue('Test Job 1');
       |                              ^
    130|     expect(editInput).toBeInTheDocument();
    131|     

⎯⎯⎯⎯⎯⎯⎯⎯⎯⎯⎯⎯⎯⎯⎯⎯⎯⎯⎯⎯⎯[55/254]⎯

 FAIL  src/renderer/components/Jobs/__tests__/JobTable.test.tsx > JobTable > handles inline editing cancellation
TestingLibraryElementError: Unable to find an element with the display value: Test Job 1.

Ignored nodes: comments, script, style
[36m<body>[39m
  [36m<div>[39m
    [36m<div[39m
      [33mclass[39m=[32m"bg-white rounded-lg shadow overflow-hidden"[39m
    [36m>[39m
      [36m<div[39m
        [33mclass[39m=[32m"px-6 py-4 border-b border-gray-200"[39m
      [36m>[39m
        [36m<h3[39m
          [33mclass[39m=[32m"text-lg font-medium text-gray-900"[39m
          [33mid[39m=[32m"job-table-title"[39m
        [36m>[39m
          [0mJob Executions[0m
        [36m</h3>[39m
        [36m<p[39m
          [33mclass[39m=[32m"text-sm text-gray-500 mt-1"[39m
        [36m>[39m
          [0mShowing [0m
          [0m3[0m
          [0m of [0m
          [0m3[0m
          [0m jobs on page [0m
          [0m1[0m
          [0m of [0m
          [0m1[0m
        [36m</p>[39m
      [36m</div>[39m
      [36m<div[39m
        [33mclass[39m=[32m"overflow-x-auto"[39m
      [36m>[39m
        [36m<table[39m
          [33maria-describedby[39m=[32m"job-table-description"[39m
          [33maria-labelledby[39m=[32m"job-table-title"[39m
          [33mclass[39m=[32m"min-w-full divide-y divide-gray-200"[39m
          [33mrole[39m=[32m"table"[39m
        [36m>[39m
          [36m<caption[39m
            [33mclass[39m=[32m"sr-only"[39m
            [33mid[39m=[32m"job-table-description"[39m
          [36m>[39m
            [0mTable of job executions with selection, sorting, and inline editing capabilities[0m
          [36m</caption>[39m
          [36m<thead[39m
            [33mclass[39m=[32m"bg-gray-50"[39m
          [36m>[39m
            [36m<tr>[39m
              [36m<th[39m
                [33mclass[39m=[32m"px-6 py-3 text-left text-xs font-medium text-gray-500 uppercase tracking-wider"[39m
                [33mscope[39m=[32m"col"[39m
              [36m>[39m
                [36m<label[39m
                  [33mclass[39m=[32m"flex items-center"[39m
                [36m>[39m
                  [36m<input[39m
                    [33maria-label[39m=[32m"Select all jobs on this page"[39m
                    [33mclass[39m=[32m"rounded border-gray-300 text-blue-600 focus:ring-blue-500"[39m
                    [33mtype[39m=[32m"checkbox"[39m
                  [36m/>[39m
                  [36m<span[39m
                    [33mclass[39m=[32m"sr-only"[39m
                  [36m>[39m
                    [0mSelect all[0m
                  [36m</span>[39m
                [36m</label>[39m
              [36m</th>[39m
              [36m<th[39m
                [33maria-label[39m=[32m"Sort by Label ascending"[39m
                [33maria-sort[39m=[32m"none"[39m
                [33mclass[39m=[32m"px-6 py-3 text-left text-xs font-medium text-gray-500 uppercase tracking-wider cursor-pointer hover:bg-gray-100"[39m
                [33mrole[39m=[32m"button"[39m
                [33mscope[39m=[32m"col"[39m
                [33mtabindex[39m=[32m"0"[39m
              [36m>[39m
                [36m<div[39m
                  [33mclass[39m=[32m"flex items-center space-x-1"[39m
                [36m>[39m
                  [36m<span>[39m
                    [0mLabel[0m
                  [36m</span>[39m
                  [36m<span[39m
                    [33maria-hidden[39m=[32m"true"[39m
                    [33mclass[39m=[32m"text-gray-400"[39m
                  [36m>[39m
                    [0m️[0m
                  [36m</span>[39m
                [36m</div>[39m
              [36m</th>[39m
              [36m<th[39m
                [33maria-label[39m=[32m"Sort by Status ascending"[39m
                [33maria-sort[39m=[32m"none"[39m
                [33mclass[39m=[32m"px-6 py-3 text-left text-xs font-medium text-gray-500 uppercase tracking-wider cursor-pointer hover:bg-gray-100"[39m
                [33mrole[39m=[32m"button"[39m
                [33mscope[39m=[32m"col"[39m
                [33mtabindex[39m=[32m"0"[39m
              [36m>[39m
                [36m<div[39m
                  [33mclass[39m=[32m"flex items-center space-x-1"[39m
                [36m>[39m
                  [36m<span>[39m
                    [0mStatus[0m
                  [36m</span>[39m
                  [36m<span[39m
                    [33maria-hidden[39m=[32m"true"[39m
                    [33mclass[39m=[32m"text-gray-400"[39m
                  [36m>[39m
                    [0m️[0m
                  [36m</span>[39m
                [36m</div>[39m
              [36m</th>[39m
              [36m<th[39m
                [33maria-label[39m=[32m"Sort by Created ascending"[39m
                [33maria-sort[39m=[32m"descending"[39m
                [33mclass[39m=[32m"px-6 py-3 text-left text-xs font-medium text-gray-500 uppercase tracking-wider cursor-pointer hover:bg-gray-100"[39m
                [33mrole[39m=[32m"button"[39m
                [33mscope[39m=[32m"col"[39m
                [33mtabindex[39m=[32m"0"[39m
              [36m>[39m
                [36m<div[39m
                  [33mclass[39m=[32m"flex items-center space-x-1"[39m
                [36m>[39m
                  [36m<span>[39m
                    [0mCreated[0m
                  [36m</span>[39m
                  [36m<span[39m
                    [33maria-hidden[39m=[32m"true"[39m
                    [33mclass[39m=[32m"text-gray-400"[39m
                  [36m>[39m
                    [0m↓[0m
                  [36m</span>[39m
                [36m</div>[39m
              [36m</th>[39m
              [36m<th[39m
                [33maria-label[39m=[32m"Sort by Duration ascending"[39m
                [33maria-sort[39m=[32m"none"[39m
                [33mclass[39m=[32m"px-6 py-3 text-left text-xs font-medium text-gray-500 uppercase tracking-wider cursor-pointer hover:bg-gray-100"[39m
                [33mrole[39m=[32m"button"[39m
                [33mscope[39m=[32m"col"[39m
                [33mtabindex[39m=[32m"0"[39m
              [36m>[39m
                [36m<div[39m
                  [33mclass[39m=[32m"flex items-center space-x-1"[39m
                [36m>[39m
                  [36m<span>[39m
                    [0mDuration[0m
                  [36m</span>[39m
                  [36m<span[39m
                    [33maria-hidden[39m=[32m"true"[39m
                    [33mclass[39m=[32m"text-gray-400"[39m
                  [36m>[39m
                    [0m️[0m
                  [36m</span>[39m
                [36m</div>[39m
              [36m</th>[39m
              [36m<th[39m
                [33maria-label[39m=[32m"Sort by Images ascending"[39m
                [33maria-sort[39m=[32m"none"[39m
                [33mclass[39m=[32m"px-6 py-3 text-left text-xs font-medium text-gray-500 uppercase tracking-wider cursor-pointer hover:bg-gray...
 ❯ Object.getElementError node_modules/@testing-library/dom/dist/config.js:37:19
 ❯ node_modules/@testing-library/dom/dist/query-helpers.js:76:38
 ❯ node_modules/@testing-library/dom/dist/query-helpers.js:52:17
 ❯ node_modules/@testing-library/dom/dist/query-helpers.js:95:19
 ❯ src/renderer/components/Jobs/__tests__/JobTable.test.tsx:150:30
    148|     
    149|     // Should show edit input
    150|     const editInput = screen.getByDisplayValue('Test Job 1');
       |                              ^
    151|     expect(editInput).toBeInTheDocument();
    152|     

⎯⎯⎯⎯⎯⎯⎯⎯⎯⎯⎯⎯⎯⎯⎯⎯⎯⎯⎯⎯⎯[56/254]⎯

 FAIL  src/renderer/components/Jobs/__tests__/JobTable.test.tsx > JobTable > handles keyboard navigation in inline editing
TestingLibraryElementError: Unable to find an element with the display value: Test Job 1.

Ignored nodes: comments, script, style
[36m<body>[39m
  [36m<div>[39m
    [36m<div[39m
      [33mclass[39m=[32m"bg-white rounded-lg shadow overflow-hidden"[39m
    [36m>[39m
      [36m<div[39m
        [33mclass[39m=[32m"px-6 py-4 border-b border-gray-200"[39m
      [36m>[39m
        [36m<h3[39m
          [33mclass[39m=[32m"text-lg font-medium text-gray-900"[39m
          [33mid[39m=[32m"job-table-title"[39m
        [36m>[39m
          [0mJob Executions[0m
        [36m</h3>[39m
        [36m<p[39m
          [33mclass[39m=[32m"text-sm text-gray-500 mt-1"[39m
        [36m>[39m
          [0mShowing [0m
          [0m3[0m
          [0m of [0m
          [0m3[0m
          [0m jobs on page [0m
          [0m1[0m
          [0m of [0m
          [0m1[0m
        [36m</p>[39m
      [36m</div>[39m
      [36m<div[39m
        [33mclass[39m=[32m"overflow-x-auto"[39m
      [36m>[39m
        [36m<table[39m
          [33maria-describedby[39m=[32m"job-table-description"[39m
          [33maria-labelledby[39m=[32m"job-table-title"[39m
          [33mclass[39m=[32m"min-w-full divide-y divide-gray-200"[39m
          [33mrole[39m=[32m"table"[39m
        [36m>[39m
          [36m<caption[39m
            [33mclass[39m=[32m"sr-only"[39m
            [33mid[39m=[32m"job-table-description"[39m
          [36m>[39m
            [0mTable of job executions with selection, sorting, and inline editing capabilities[0m
          [36m</caption>[39m
          [36m<thead[39m
            [33mclass[39m=[32m"bg-gray-50"[39m
          [36m>[39m
            [36m<tr>[39m
              [36m<th[39m
                [33mclass[39m=[32m"px-6 py-3 text-left text-xs font-medium text-gray-500 uppercase tracking-wider"[39m
                [33mscope[39m=[32m"col"[39m
              [36m>[39m
                [36m<label[39m
                  [33mclass[39m=[32m"flex items-center"[39m
                [36m>[39m
                  [36m<input[39m
                    [33maria-label[39m=[32m"Select all jobs on this page"[39m
                    [33mclass[39m=[32m"rounded border-gray-300 text-blue-600 focus:ring-blue-500"[39m
                    [33mtype[39m=[32m"checkbox"[39m
                  [36m/>[39m
                  [36m<span[39m
                    [33mclass[39m=[32m"sr-only"[39m
                  [36m>[39m
                    [0mSelect all[0m
                  [36m</span>[39m
                [36m</label>[39m
              [36m</th>[39m
              [36m<th[39m
                [33maria-label[39m=[32m"Sort by Label ascending"[39m
                [33maria-sort[39m=[32m"none"[39m
                [33mclass[39m=[32m"px-6 py-3 text-left text-xs font-medium text-gray-500 uppercase tracking-wider cursor-pointer hover:bg-gray-100"[39m
                [33mrole[39m=[32m"button"[39m
                [33mscope[39m=[32m"col"[39m
                [33mtabindex[39m=[32m"0"[39m
              [36m>[39m
                [36m<div[39m
                  [33mclass[39m=[32m"flex items-center space-x-1"[39m
                [36m>[39m
                  [36m<span>[39m
                    [0mLabel[0m
                  [36m</span>[39m
                  [36m<span[39m
                    [33maria-hidden[39m=[32m"true"[39m
                    [33mclass[39m=[32m"text-gray-400"[39m
                  [36m>[39m
                    [0m️[0m
                  [36m</span>[39m
                [36m</div>[39m
              [36m</th>[39m
              [36m<th[39m
                [33maria-label[39m=[32m"Sort by Status ascending"[39m
                [33maria-sort[39m=[32m"none"[39m
                [33mclass[39m=[32m"px-6 py-3 text-left text-xs font-medium text-gray-500 uppercase tracking-wider cursor-pointer hover:bg-gray-100"[39m
                [33mrole[39m=[32m"button"[39m
                [33mscope[39m=[32m"col"[39m
                [33mtabindex[39m=[32m"0"[39m
              [36m>[39m
                [36m<div[39m
                  [33mclass[39m=[32m"flex items-center space-x-1"[39m
                [36m>[39m
                  [36m<span>[39m
                    [0mStatus[0m
                  [36m</span>[39m
                  [36m<span[39m
                    [33maria-hidden[39m=[32m"true"[39m
                    [33mclass[39m=[32m"text-gray-400"[39m
                  [36m>[39m
                    [0m️[0m
                  [36m</span>[39m
                [36m</div>[39m
              [36m</th>[39m
              [36m<th[39m
                [33maria-label[39m=[32m"Sort by Created ascending"[39m
                [33maria-sort[39m=[32m"descending"[39m
                [33mclass[39m=[32m"px-6 py-3 text-left text-xs font-medium text-gray-500 uppercase tracking-wider cursor-pointer hover:bg-gray-100"[39m
                [33mrole[39m=[32m"button"[39m
                [33mscope[39m=[32m"col"[39m
                [33mtabindex[39m=[32m"0"[39m
              [36m>[39m
                [36m<div[39m
                  [33mclass[39m=[32m"flex items-center space-x-1"[39m
                [36m>[39m
                  [36m<span>[39m
                    [0mCreated[0m
                  [36m</span>[39m
                  [36m<span[39m
                    [33maria-hidden[39m=[32m"true"[39m
                    [33mclass[39m=[32m"text-gray-400"[39m
                  [36m>[39m
                    [0m↓[0m
                  [36m</span>[39m
                [36m</div>[39m
              [36m</th>[39m
              [36m<th[39m
                [33maria-label[39m=[32m"Sort by Duration ascending"[39m
                [33maria-sort[39m=[32m"none"[39m
                [33mclass[39m=[32m"px-6 py-3 text-left text-xs font-medium text-gray-500 uppercase tracking-wider cursor-pointer hover:bg-gray-100"[39m
                [33mrole[39m=[32m"button"[39m
                [33mscope[39m=[32m"col"[39m
                [33mtabindex[39m=[32m"0"[39m
              [36m>[39m
                [36m<div[39m
                  [33mclass[39m=[32m"flex items-center space-x-1"[39m
                [36m>[39m
                  [36m<span>[39m
                    [0mDuration[0m
                  [36m</span>[39m
                  [36m<span[39m
                    [33maria-hidden[39m=[32m"true"[39m
                    [33mclass[39m=[32m"text-gray-400"[39m
                  [36m>[39m
                    [0m️[0m
                  [36m</span>[39m
                [36m</div>[39m
              [36m</th>[39m
              [36m<th[39m
                [33maria-label[39m=[32m"Sort by Images ascending"[39m
                [33maria-sort[39m=[32m"none"[39m
                [33mclass[39m=[32m"px-6 py-3 text-left text-xs font-medium text-gray-500 uppercase tracking-wider cursor-pointer hover:bg-gray...
 ❯ Object.getElementError node_modules/@testing-library/dom/dist/config.js:37:19
 ❯ node_modules/@testing-library/dom/dist/query-helpers.js:76:38
 ❯ node_modules/@testing-library/dom/dist/query-helpers.js:52:17
 ❯ node_modules/@testing-library/dom/dist/query-helpers.js:95:19
 ❯ src/renderer/components/Jobs/__tests__/JobTable.test.tsx:168:30
    166|     fireEvent.click(editButtons[0]);
    167|     
    168|     const editInput = screen.getByDisplayValue('Test Job 1');
       |                              ^
    169|     
    170|     // Test Enter key saves

⎯⎯⎯⎯⎯⎯⎯⎯⎯⎯⎯⎯⎯⎯⎯⎯⎯⎯⎯⎯⎯[57/254]⎯

 FAIL  src/renderer/components/Jobs/__tests__/SingleJobView.test.tsx > SingleJobView > Rendering > renders job details after loading
TestingLibraryElementError: Unable to find an element with the text: /Job ID: 1 • Created:/. This could be because the text is broken up by multiple elements. In this case, you can provide a function for your text matcher to make your matcher more flexible.

Ignored nodes: comments, script, style
[36m<body>[39m
  [36m<div>[39m
    [36m<div[39m
      [33mclass[39m=[32m"single-job-view"[39m
    [36m>[39m
      [36m<header[39m
        [33mclass[39m=[32m"job-header"[39m
      [36m>[39m
        [36m<div[39m
          [33mclass[39m=[32m"header-content"[39m
        [36m>[39m
          [36m<div[39m
            [33mclass[39m=[32m"header-left"[39m
          [36m>[39m
            [36m<button[39m
              [33maria-label[39m=[32m"Go back to job list"[39m
              [33mclass[39m=[32m"back-button"[39m
            [36m>[39m
              [36m<svg[39m
                [33mclass[39m=[32m"w-6 h-6"[39m
                [33mfill[39m=[32m"none"[39m
                [33mstroke[39m=[32m"currentColor"[39m
                [33mviewBox[39m=[32m"0 0 24 24"[39m
              [36m>[39m
                [36m<path[39m
                  [33md[39m=[32m"M10 19l-7-7m0 0l7-7m-7 7h18"[39m
                  [33mstroke-linecap[39m=[32m"round"[39m
                  [33mstroke-linejoin[39m=[32m"round"[39m
                  [33mstroke-width[39m=[32m"2"[39m
                [36m/>[39m
              [36m</svg>[39m
            [36m</button>[39m
            [36m<h1[39m
              [33mclass[39m=[32m"job-title-main"[39m
            [36m>[39m
              [0mJob #[0m
              [0m1[0m
            [36m</h1>[39m
          [36m</div>[39m
        [36m</div>[39m
        [36m<div[39m
          [33mclass[39m=[32m"job-title-section"[39m
        [36m>[39m
          [36m<div[39m
            [33mclass[39m=[32m"job-title-static"[39m
          [36m>[39m
            [36m<span[39m
              [33mclass[39m=[32m"job-title-text"[39m
            [36m>[39m
              [0mTest Job[0m
            [36m</span>[39m
          [36m</div>[39m
        [36m</div>[39m
      [36m</header>[39m
      [36m<div[39m
        [33mclass[39m=[32m"tab-navigation"[39m
      [36m>[39m
        [36m<button[39m
          [33mclass[39m=[32m"tab-button active"[39m
          [33mdata-tab[39m=[32m"overview"[39m
        [36m>[39m
          [0mOverview[0m
        [36m</button>[39m
        [36m<button[39m
          [33mclass[39m=[32m"tab-button "[39m
          [33mdata-tab[39m=[32m"images"[39m
        [36m>[39m
          [0mImages[0m
        [36m</button>[39m
      [36m</div>[39m
      [36m<main[39m
        [33mclass[39m=[32m"tab-content-container"[39m
      [36m>[39m
        [36m<div[39m
          [33mclass[39m=[32m"tab-content active"[39m
          [33mid[39m=[32m"overview"[39m
        [36m>[39m
          [36m<div[39m
            [33mclass[39m=[32m"overview-content"[39m
          [36m>[39m
            [36m<div[39m
              [33mclass[39m=[32m"info-grid"[39m
            [36m>[39m
              [36m<div[39m
                [33mclass[39m=[32m"info-card"[39m
              [36m>[39m
                [36m<div[39m
                  [33mclass[39m=[32m"info-label"[39m
                [36m>[39m
                  [0mJob ID[0m
                [36m</div>[39m
                [36m<div[39m
                  [33mclass[39m=[32m"info-value"[39m
                [36m>[39m
                  [0mJOB-[0m
                  [0m1[0m
                [36m</div>[39m
              [36m</div>[39m
              [36m<div[39m
                [33mclass[39m=[32m"info-card"[39m
              [36m>[39m
                [36m<div[39m
                  [33mclass[39m=[32m"info-label"[39m
                [36m>[39m
                  [0mStatus[0m
                [36m</div>[39m
                [36m<div[39m
                  [33mclass[39m=[32m"info-value"[39m
                [36m>[39m
                  [36m<span[39m
                    [33mclass[39m=[32m"inline-flex items-center gap-1 px-2 py-1 rounded-full text-sm font-medium border bg-green-100 text-green-800 border-green-200"[39m
                  [36m>[39m
                    [36m<svg[39m
                      [33maria-hidden[39m=[32m"true"[39m
                      [33mclass[39m=[32m"w-4 h-4"[39m
                      [33mfill[39m=[32m"none"[39m
                      [33mstroke[39m=[32m"currentColor"[39m
                      [33mviewBox[39m=[32m"0 0 24 24"[39m
                    [36m>[39m
                      [36m<path[39m
                        [33md[39m=[32m"M5 13l4 4L19 7"[39m
                        [33mstroke-linecap[39m=[32m"round"[39m
                        [33mstroke-linejoin[39m=[32m"round"[39m
                        [33mstroke-width[39m=[32m"2"[39m
                      [36m/>[39m
                    [36m</svg>[39m
                    [0mCompleted[0m
                  [36m</span>[39m
                [36m</div>[39m
              [36m</div>[39m
              [36m<div[39m
                [33mclass[39m=[32m"info-card"[39m
              [36m>[39m
                [36m<div[39m
                  [33mclass[39m=[32m"info-label"[39m
                [36m>[39m
                  [0mStart Time[0m
                [36m</div>[39m
                [36m<div[39m
                  [33mclass[39m=[32m"info-value"[39m
                [36m>[39m
                  [0m1/1/2024, 12:00:00 PM[0m
                [36m</div>[39m
              [36m</div>[39m
              [36m<div[39m
                [33mclass[39m=[32m"info-card"[39m
              [36m>[39m
                [36m<div[39m
                  [33mclass[39m=[32m"info-label"[39m
                [36m>[39m
                  [0mDuration[0m
                [36m</div>[39m
                [36m<div[39m
                  [33mclass[39m=[32m"info-value"[39m
                [36m>[39m
                  [0m5m[0m
                [36m</div>[39m
              [36m</div>[39m
              [36m<div[39m
                [33mclass[39m=[32m"info-card"[39m
              [36m>[39m
                [36m<div[39m
                  [33mclass[39m=[32m"info-label"[39m
                [36m>[39m
                  [0mSuccess Rate[0m
                [36m</div>[39m
                [36m<div[39m
                  [33mclass[39m=[32m"info-value"[39m
                [36m>[39m
                  [0mN/A[0m
                [36m</div>[39m
              [36m</div>[39m
            [36m</div>[39m
            [36m<h2[39m
              [33mclass[39m=[32m"section-title"[39m
            [36m>[39m
              [0mGenerated Images Summary[0m
            [36m</h2>[39m
            [36m<div[39m
              [33mclass[39m=[32m"stats-grid"[39m
            [36m>[39m
              [36m<div[39m
                [33mclass[39m=[32m"stats-card"[39m
              [36m>[39m
                [36m<div[39m
                  [33mclass[39m=[32m"stats-label"[39m
                [36m>[39m
   ...
 ❯ Object.getElementError node_modules/@testing-library/dom/dist/config.js:37:19
 ❯ node_modules/@testing-library/dom/dist/query-helpers.js:76:38
 ❯ node_modules/@testing-library/dom/dist/query-helpers.js:52:17
 ❯ node_modules/@testing-library/dom/dist/query-helpers.js:95:19
 ❯ src/renderer/components/Jobs/__tests__/SingleJobView.test.tsx:113:21
    111|       });
    112|       
    113|       expect(screen.getByText(/Job ID: 1 • Created:/)).toBeInTheDocume…
       |                     ^
    114|       // Check that at least one completed status exists (there are mu…
    115|       expect(screen.getAllByText('completed').length).toBeGreaterThan(…

⎯⎯⎯⎯⎯⎯⎯⎯⎯⎯⎯⎯⎯⎯⎯⎯⎯⎯⎯⎯⎯[58/254]⎯

 FAIL  src/renderer/components/Jobs/__tests__/SingleJobView.test.tsx > SingleJobView > Rendering > renders action buttons in header
TestingLibraryElementError: Unable to find an accessible element with the role "button" and name "Export job and images"

Here are the accessible roles:

  banner:

  Name "":
  [36m<header[39m
    [33mclass[39m=[32m"job-header"[39m
  [36m/>[39m

  --------------------------------------------------
  button:

  Name "Go back to job list":
  [36m<button[39m
    [33maria-label[39m=[32m"Go back to job list"[39m
    [33mclass[39m=[32m"back-button"[39m
  [36m/>[39m

  Name "Overview":
  [36m<button[39m
    [33mclass[39m=[32m"tab-button active"[39m
    [33mdata-tab[39m=[32m"overview"[39m
  [36m/>[39m

  Name "Images":
  [36m<button[39m
    [33mclass[39m=[32m"tab-button "[39m
    [33mdata-tab[39m=[32m"images"[39m
  [36m/>[39m

  Name "Refresh":
  [36m<button[39m
    [33mclass[39m=[32m"refresh-button"[39m
    [33mtitle[39m=[32m"Refresh job data"[39m
  [36m/>[39m

  Name "Edit":
  [36m<button[39m
    [33mclass[39m=[32m"edit-button"[39m
    [33mtitle[39m=[32m"Edit job settings"[39m
  [36m/>[39m

  Name "Grid View":
  [36m<button[39m
    [33mclass[39m=[32m"view-toggle active"[39m
    [33mtitle[39m=[32m"Grid View"[39m
  [36m/>[39m

  Name "List View":
  [36m<button[39m
    [33mclass[39m=[32m"view-toggle "[39m
    [33mtitle[39m=[32m"List View"[39m
  [36m/>[39m

  Name "Rerun Job":
  [36m<button[39m
    [33mclass[39m=[32m"btn-rerun"[39m
  [36m/>[39m

  Name "Export Job":
  [36m<button[39m
    [33mclass[39m=[32m"btn-export"[39m
  [36m/>[39m

  Name "Delete Job":
  [36m<button[39m
    [33mclass[39m=[32m"btn-delete"[39m
  [36m/>[39m

  --------------------------------------------------
  heading:

  Name "Job #1":
  [36m<h1[39m
    [33mclass[39m=[32m"job-title-main"[39m
  [36m/>[39m

  Name "Generated Images Summary":
  [36m<h2[39m
    [33mclass[39m=[32m"section-title"[39m
  [36m/>[39m

  Name "Settings":
  [36m<h2[39m
    [33mclass[39m=[32m"section-title"[39m
  [36m/>[39m

  Name "Model Configuration":
  [36m<h3 />[39m

  Name "Image Settings":
  [36m<h3 />[39m

  Name "Processing Options":
  [36m<h3 />[39m

  --------------------------------------------------
  main:

  Name "":
  [36m<main[39m
    [33mclass[39m=[32m"tab-content-container"[39m
  [36m/>[39m

  --------------------------------------------------
  combobox:

  Name "":
  [36m<select[39m
    [33mclass[39m=[32m"filter-select"[39m
  [36m/>[39m

  --------------------------------------------------
  option:

  Name "All":
  [36m<option[39m
    [33mvalue[39m=[32m"all"[39m
  [36m/>[39m

  Name "Approved":
  [36m<option[39m
    [33mvalue[39m=[32m"approved"[39m
  [36m/>[39m

  Name "Failed (All)":
  [36m<option[39m
    [33mvalue[39m=[32m"failed_all"[39m
  [36m/>[39m

  Name "Failed – QC":
  [36m<option[39m
    [33mvalue[39m=[32m"failed_qc"[39m
  [36m/>[39m

  Name "Failed – Technical":
  [36m<option[39m
    [33mvalue[39m=[32m"failed_tech"[39m
  [36m/>[39m

  --------------------------------------------------
  img:

  Name "Generated image 1":
  [36m<img[39m
    [33malt[39m=[32m"Generated image 1"[39m
    [33mclass[39m=[32m"w-full h-full object-cover"[39m
    [33msrc[39m=[32m"local-file:///path/to/image1.jpg"[39m
  [36m/>[39m

  Name "Generated image 2":
  [36m<img[39m
    [33malt[39m=[32m"Generated image 2"[39m
    [33mclass[39m=[32m"w-full h-full object-cover"[39m
    [33msrc[39m=[32m"local-file:///path/to/image2.jpg"[39m
  [36m/>[39m

  --------------------------------------------------
  contentinfo:

  Name "":
  [36m<footer[39m
    [33mclass[39m=[32m"job-footer"[39m
  [36m/>[39m

  --------------------------------------------------

Ignored nodes: comments, script, style
[36m<body>[39m
  [36m<div>[39m
    [36m<div[39m
      [33mclass[39m=[32m"single-job-view"[39m
    [36m>[39m
      [36m<header[39m
        [33mclass[39m=[32m"job-header"[39m
      [36m>[39m
        [36m<div[39m
          [33mclass[39m=[32m"header-content"[39m
        [36m>[39m
          [36m<div[39m
            [33mclass[39m=[32m"header-left"[39m
          [36m>[39m
            [36m<button[39m
              [33maria-label[39m=[32m"Go back to job list"[39m
              [33mclass[39m=[32m"back-button"[39m
            [36m>[39m
              [36m<svg[39m
                [33mclass[39m=[32m"w-6 h-6"[39m
                [33mfill[39m=[32m"none"[39m
                [33mstroke[39m=[32m"currentColor"[39m
                [33mviewBox[39m=[32m"0 0 24 24"[39m
              [36m>[39m
                [36m<path[39m
                  [33md[39m=[32m"M10 19l-7-7m0 0l7-7m-7 7h18"[39m
                  [33mstroke-linecap[39m=[32m"round"[39m
                  [33mstroke-linejoin[39m=[32m"round"[39m
                  [33mstroke-width[39m=[32m"2"[39m
                [36m/>[39m
              [36m</svg>[39m
            [36m</button>[39m
            [36m<h1[39m
              [33mclass[39m=[32m"job-title-main"[39m
            [36m>[39m
              [0mJob #[0m
              [0m1[0m
            [36m</h1>[39m
          [36m</div>[39m
        [36m</div>[39m
        [36m<div[39m
          [33mclass[39m=[32m"job-title-section"[39m
        [36m>[39m
          [36m<div[39m
            [33mclass[39m=[32m"job-title-static"[39m
          [36m>[39m
            [36m<span[39m
              [33mclass[39m=[32m"job-title-text"[39m
            [36m>[39m
              [0mTest Job[0m
            [36m</span>[39m
          [36m</div>[39m
        [36m</div>[39m
      [36m</header>[39m
      [36m<div[39m
        [33mclass[39m=[32m"tab-navigation"[39m
      [36m>[39m
        [36m<button[39m
          [33mclass[39m=[32m"tab-button active"[39m
          [33mdata-tab[39m=[32m"overview"[39m
        [36m>[39m
          [0mOverview[0m
        [36m</button>[39m
        [36m<button[39m
          [33mclass[39m=[32m"tab-button "[39m
          [33mdata-tab[39m=[32m"images"[39m
        [36m>[39m
          [0mImages[0m
        [36m</button>[39m
      [36m</div>[39m
      [36m<main[39m
        [33mclass[39m=[32m"tab-content-container"[39m
      [36m>[39m
        [36m<div[39m
          [33mclass[39m=[32m"tab-content active"[39m
          [33mid[39m=[32m"overview"[39m
        [36m>[39m
          [36m<div[39m
            [33mclass[39m=[32m"overview-content"[39m
          [36m>[39m
            [36m<div[39m
              [33mclass[39m=[32m"info-grid"[39m
            [36m>[39m
              [36m<div[39m
                [33mclass[39m=[32m"info-card"[39m
              [36m>[39m
                [36m<div[39m
                  [33mclass[39m=[32m"info-label"[39m
                [36m>[39m
                  [0mJob ID[0m
                [36m</div>[39m
                [36m<div[39m
                  [33mclass[39m=[32m"info-value"[39m
                [36m>[39m
                  [0mJOB-[0m
                  [0m1[0m
                [36m</div>[39m
              [36m</div>[39m
              [36m<div[39m
                [33mclass[39m=[32m"info-card"[39m
              [36m>[39m
                [36m<div[39m
                  [33mclass[39m=[32m"info-label"[39m
                [36m>[39m
                  [0mStatus[0m
                [36m</div>[39m
                [36m<div[39m
                  [33mclass[39m=[32m"info-value"[39m
                [36m>[39m
                  [36m<span[39m
                    [33mclass[39m=[32m"inline-flex items-center gap-1 px-2 py-1 rounded-full text-sm font-medium border bg-green-100 text-green-800 border-green-200"[39m
                  [36m>[39m
                    [36m<svg[39m
                      [33maria-hidden[39m=[32m"true"[39m
                      [33mclass[39m=[32m"w-4 h-4"[39m
                      [33mfill[39m=[32m"none"[39m
                      [33mstroke[39m=[32m"currentColor"[39m
                      [33mviewBox[39m=[32m"0 0 24 24"[39m
                    [36m>[39m
                      [36m<path[39m
                        [33md[39m=[32m"M5 13l4 4L19 7"[39m
                        [33mstroke-linecap[39m=[32m"round"[39m
                        [33mstroke-linejoin[39m=[32m"round"[39m
                        [33mstroke-width[39m=[32m"2"[39m
                      [36m/>[39m
                    [36m</svg>[39m
                    [0mCompleted[0m
                  [36m</span>[39m
                [36m</div>[39m
              [36m</div>[39m
              [36m<div[39m
                [33mclass[39m=[32m"info-card"[39m
              [36m>[39m
                [36m<div[39m
                  [33mclass[39m=[32m"info-label"[39m
                [36m>[39m
                  [0mStart Time[0m
                [36m</div>[39m
                [36m<div[39m
                  [33mclass[39m=[32m"info-value"[39m
                [36m>[39m
                  [0m1/1/2024, 12:00:00 PM[0m
                [36m</div>[39m
              [36m</div>[39m
              [36m<div[39m
                [33mclass[39m=[32m"info-card"[39m
              [36m>[39m
                [36m<div[39m
                  [33mclass[39m=[32m"info-label"[39m
                [36m>[39m
                  [0mDuration[0m
                [36m</div>[39m
                [36m<div[39m
                  [33mclass[39m=[32m"info-value"[39m
                [36m>[39m
                  [0m5m[0m
                [36m</div>[39m
              [36m</div>[39m
              [36m<div[39m
                [33mclass[39m=[32m"info-card"[39m
              [36m>[39m
                [36m<div[39m
                  [33mclass[39m=[32m"info-label"[39m
                [36m>[39m
                  [0mSuccess Rate[0m
                [36m</div>[39m
                [36m<div[39m
                  [33mclass[39m=[32m"info-value"[39m
                [36m>[39m
                  [0mN/A[0m
                [36m</div>[39m
              [36m</div>[39m
            [36m</div>[39m
            [36m<h2[39m
              [33mclass[39m=[32m"section-title"[39m
            [36m>[39m
              [0mGenerated Images Summary[0m
            [36m</h2>[39m
            [36m<div[39m
              [33mclass[39m=[32m"stats-grid"[39m
            [36m>[39m
              [36m<div[39m
                [33mclass[39m=[32m"stats-card"[39m
              [36m>[39m
                [36m<div[39m
                  [33mclass[39m=[32m"stats-label"[39m
                [36m>[39m
   ...
 ❯ Object.getElementError node_modules/@testing-library/dom/dist/config.js:37:19
 ❯ node_modules/@testing-library/dom/dist/query-helpers.js:76:38
 ❯ node_modules/@testing-library/dom/dist/query-helpers.js:52:17
 ❯ node_modules/@testing-library/dom/dist/query-helpers.js:95:19
 ❯ src/renderer/components/Jobs/__tests__/SingleJobView.test.tsx:125:21
    123|       });
    124|       
    125|       expect(screen.getByRole('button', { name: 'Export job and images…
       |                     ^
    126|       expect(screen.getByRole('button', { name: 'Rerun job' })).toBeIn…
    127|       expect(screen.getByRole('button', { name: 'Delete job' })).toBeI…

⎯⎯⎯⎯⎯⎯⎯⎯⎯⎯⎯⎯⎯⎯⎯⎯⎯⎯⎯⎯⎯[59/254]⎯

 FAIL  src/renderer/components/Jobs/__tests__/SingleJobView.test.tsx > SingleJobView > Rendering > renders tab navigation
TestingLibraryElementError: Unable to find an accessible element with the role "tab" and name "Overview"

Here are the accessible roles:

  banner:

  Name "":
  [36m<header[39m
    [33mclass[39m=[32m"job-header"[39m
  [36m/>[39m

  --------------------------------------------------
  button:

  Name "Go back to job list":
  [36m<button[39m
    [33maria-label[39m=[32m"Go back to job list"[39m
    [33mclass[39m=[32m"back-button"[39m
  [36m/>[39m

  Name "Overview":
  [36m<button[39m
    [33mclass[39m=[32m"tab-button active"[39m
    [33mdata-tab[39m=[32m"overview"[39m
  [36m/>[39m

  Name "Images":
  [36m<button[39m
    [33mclass[39m=[32m"tab-button "[39m
    [33mdata-tab[39m=[32m"images"[39m
  [36m/>[39m

  Name "Refresh":
  [36m<button[39m
    [33mclass[39m=[32m"refresh-button"[39m
    [33mtitle[39m=[32m"Refresh job data"[39m
  [36m/>[39m

  Name "Edit":
  [36m<button[39m
    [33mclass[39m=[32m"edit-button"[39m
    [33mtitle[39m=[32m"Edit job settings"[39m
  [36m/>[39m

  Name "Grid View":
  [36m<button[39m
    [33mclass[39m=[32m"view-toggle active"[39m
    [33mtitle[39m=[32m"Grid View"[39m
  [36m/>[39m

  Name "List View":
  [36m<button[39m
    [33mclass[39m=[32m"view-toggle "[39m
    [33mtitle[39m=[32m"List View"[39m
  [36m/>[39m

  Name "Rerun Job":
  [36m<button[39m
    [33mclass[39m=[32m"btn-rerun"[39m
  [36m/>[39m

  Name "Export Job":
  [36m<button[39m
    [33mclass[39m=[32m"btn-export"[39m
  [36m/>[39m

  Name "Delete Job":
  [36m<button[39m
    [33mclass[39m=[32m"btn-delete"[39m
  [36m/>[39m

  --------------------------------------------------
  heading:

  Name "Job #1":
  [36m<h1[39m
    [33mclass[39m=[32m"job-title-main"[39m
  [36m/>[39m

  Name "Generated Images Summary":
  [36m<h2[39m
    [33mclass[39m=[32m"section-title"[39m
  [36m/>[39m

  Name "Settings":
  [36m<h2[39m
    [33mclass[39m=[32m"section-title"[39m
  [36m/>[39m

  Name "Model Configuration":
  [36m<h3 />[39m

  Name "Image Settings":
  [36m<h3 />[39m

  Name "Processing Options":
  [36m<h3 />[39m

  --------------------------------------------------
  main:

  Name "":
  [36m<main[39m
    [33mclass[39m=[32m"tab-content-container"[39m
  [36m/>[39m

  --------------------------------------------------
  combobox:

  Name "":
  [36m<select[39m
    [33mclass[39m=[32m"filter-select"[39m
  [36m/>[39m

  --------------------------------------------------
  option:

  Name "All":
  [36m<option[39m
    [33mvalue[39m=[32m"all"[39m
  [36m/>[39m

  Name "Approved":
  [36m<option[39m
    [33mvalue[39m=[32m"approved"[39m
  [36m/>[39m

  Name "Failed (All)":
  [36m<option[39m
    [33mvalue[39m=[32m"failed_all"[39m
  [36m/>[39m

  Name "Failed – QC":
  [36m<option[39m
    [33mvalue[39m=[32m"failed_qc"[39m
  [36m/>[39m

  Name "Failed – Technical":
  [36m<option[39m
    [33mvalue[39m=[32m"failed_tech"[39m
  [36m/>[39m

  --------------------------------------------------
  img:

  Name "Generated image 1":
  [36m<img[39m
    [33malt[39m=[32m"Generated image 1"[39m
    [33mclass[39m=[32m"w-full h-full object-cover"[39m
    [33msrc[39m=[32m"local-file:///path/to/image1.jpg"[39m
  [36m/>[39m

  Name "Generated image 2":
  [36m<img[39m
    [33malt[39m=[32m"Generated image 2"[39m
    [33mclass[39m=[32m"w-full h-full object-cover"[39m
    [33msrc[39m=[32m"local-file:///path/to/image2.jpg"[39m
  [36m/>[39m

  --------------------------------------------------
  contentinfo:

  Name "":
  [36m<footer[39m
    [33mclass[39m=[32m"job-footer"[39m
  [36m/>[39m

  --------------------------------------------------

Ignored nodes: comments, script, style
[36m<body>[39m
  [36m<div>[39m
    [36m<div[39m
      [33mclass[39m=[32m"single-job-view"[39m
    [36m>[39m
      [36m<header[39m
        [33mclass[39m=[32m"job-header"[39m
      [36m>[39m
        [36m<div[39m
          [33mclass[39m=[32m"header-content"[39m
        [36m>[39m
          [36m<div[39m
            [33mclass[39m=[32m"header-left"[39m
          [36m>[39m
            [36m<button[39m
              [33maria-label[39m=[32m"Go back to job list"[39m
              [33mclass[39m=[32m"back-button"[39m
            [36m>[39m
              [36m<svg[39m
                [33mclass[39m=[32m"w-6 h-6"[39m
                [33mfill[39m=[32m"none"[39m
                [33mstroke[39m=[32m"currentColor"[39m
                [33mviewBox[39m=[32m"0 0 24 24"[39m
              [36m>[39m
                [36m<path[39m
                  [33md[39m=[32m"M10 19l-7-7m0 0l7-7m-7 7h18"[39m
                  [33mstroke-linecap[39m=[32m"round"[39m
                  [33mstroke-linejoin[39m=[32m"round"[39m
                  [33mstroke-width[39m=[32m"2"[39m
                [36m/>[39m
              [36m</svg>[39m
            [36m</button>[39m
            [36m<h1[39m
              [33mclass[39m=[32m"job-title-main"[39m
            [36m>[39m
              [0mJob #[0m
              [0m1[0m
            [36m</h1>[39m
          [36m</div>[39m
        [36m</div>[39m
        [36m<div[39m
          [33mclass[39m=[32m"job-title-section"[39m
        [36m>[39m
          [36m<div[39m
            [33mclass[39m=[32m"job-title-static"[39m
          [36m>[39m
            [36m<span[39m
              [33mclass[39m=[32m"job-title-text"[39m
            [36m>[39m
              [0mTest Job[0m
            [36m</span>[39m
          [36m</div>[39m
        [36m</div>[39m
      [36m</header>[39m
      [36m<div[39m
        [33mclass[39m=[32m"tab-navigation"[39m
      [36m>[39m
        [36m<button[39m
          [33mclass[39m=[32m"tab-button active"[39m
          [33mdata-tab[39m=[32m"overview"[39m
        [36m>[39m
          [0mOverview[0m
        [36m</button>[39m
        [36m<button[39m
          [33mclass[39m=[32m"tab-button "[39m
          [33mdata-tab[39m=[32m"images"[39m
        [36m>[39m
          [0mImages[0m
        [36m</button>[39m
      [36m</div>[39m
      [36m<main[39m
        [33mclass[39m=[32m"tab-content-container"[39m
      [36m>[39m
        [36m<div[39m
          [33mclass[39m=[32m"tab-content active"[39m
          [33mid[39m=[32m"overview"[39m
        [36m>[39m
          [36m<div[39m
            [33mclass[39m=[32m"overview-content"[39m
          [36m>[39m
            [36m<div[39m
              [33mclass[39m=[32m"info-grid"[39m
            [36m>[39m
              [36m<div[39m
                [33mclass[39m=[32m"info-card"[39m
              [36m>[39m
                [36m<div[39m
                  [33mclass[39m=[32m"info-label"[39m
                [36m>[39m
                  [0mJob ID[0m
                [36m</div>[39m
                [36m<div[39m
                  [33mclass[39m=[32m"info-value"[39m
                [36m>[39m
                  [0mJOB-[0m
                  [0m1[0m
                [36m</div>[39m
              [36m</div>[39m
              [36m<div[39m
                [33mclass[39m=[32m"info-card"[39m
              [36m>[39m
                [36m<div[39m
                  [33mclass[39m=[32m"info-label"[39m
                [36m>[39m
                  [0mStatus[0m
                [36m</div>[39m
                [36m<div[39m
                  [33mclass[39m=[32m"info-value"[39m
                [36m>[39m
                  [36m<span[39m
                    [33mclass[39m=[32m"inline-flex items-center gap-1 px-2 py-1 rounded-full text-sm font-medium border bg-green-100 text-green-800 border-green-200"[39m
                  [36m>[39m
                    [36m<svg[39m
                      [33maria-hidden[39m=[32m"true"[39m
                      [33mclass[39m=[32m"w-4 h-4"[39m
                      [33mfill[39m=[32m"none"[39m
                      [33mstroke[39m=[32m"currentColor"[39m
                      [33mviewBox[39m=[32m"0 0 24 24"[39m
                    [36m>[39m
                      [36m<path[39m
                        [33md[39m=[32m"M5 13l4 4L19 7"[39m
                        [33mstroke-linecap[39m=[32m"round"[39m
                        [33mstroke-linejoin[39m=[32m"round"[39m
                        [33mstroke-width[39m=[32m"2"[39m
                      [36m/>[39m
                    [36m</svg>[39m
                    [0mCompleted[0m
                  [36m</span>[39m
                [36m</div>[39m
              [36m</div>[39m
              [36m<div[39m
                [33mclass[39m=[32m"info-card"[39m
              [36m>[39m
                [36m<div[39m
                  [33mclass[39m=[32m"info-label"[39m
                [36m>[39m
                  [0mStart Time[0m
                [36m</div>[39m
                [36m<div[39m
                  [33mclass[39m=[32m"info-value"[39m
                [36m>[39m
                  [0m1/1/2024, 12:00:00 PM[0m
                [36m</div>[39m
              [36m</div>[39m
              [36m<div[39m
                [33mclass[39m=[32m"info-card"[39m
              [36m>[39m
                [36m<div[39m
                  [33mclass[39m=[32m"info-label"[39m
                [36m>[39m
                  [0mDuration[0m
                [36m</div>[39m
                [36m<div[39m
                  [33mclass[39m=[32m"info-value"[39m
                [36m>[39m
                  [0m5m[0m
                [36m</div>[39m
              [36m</div>[39m
              [36m<div[39m
                [33mclass[39m=[32m"info-card"[39m
              [36m>[39m
                [36m<div[39m
                  [33mclass[39m=[32m"info-label"[39m
                [36m>[39m
                  [0mSuccess Rate[0m
                [36m</div>[39m
                [36m<div[39m
                  [33mclass[39m=[32m"info-value"[39m
                [36m>[39m
                  [0mN/A[0m
                [36m</div>[39m
              [36m</div>[39m
            [36m</div>[39m
            [36m<h2[39m
              [33mclass[39m=[32m"section-title"[39m
            [36m>[39m
              [0mGenerated Images Summary[0m
            [36m</h2>[39m
            [36m<div[39m
              [33mclass[39m=[32m"stats-grid"[39m
            [36m>[39m
              [36m<div[39m
                [33mclass[39m=[32m"stats-card"[39m
              [36m>[39m
                [36m<div[39m
                  [33mclass[39m=[32m"stats-label"[39m
                [36m>[39m
   ...
 ❯ Object.getElementError node_modules/@testing-library/dom/dist/config.js:37:19
 ❯ node_modules/@testing-library/dom/dist/query-helpers.js:76:38
 ❯ node_modules/@testing-library/dom/dist/query-helpers.js:52:17
 ❯ node_modules/@testing-library/dom/dist/query-helpers.js:95:19
 ❯ src/renderer/components/Jobs/__tests__/SingleJobView.test.tsx:137:21
    135|       });
    136|       
    137|       expect(screen.getByRole('tab', { name: 'Overview' })).toBeInTheD…
       |                     ^
    138|       expect(screen.getByRole('tab', { name: 'Images' })).toBeInTheDoc…
    139|       expect(screen.getByRole('tab', { name: 'Logs' })).toBeInTheDocum…

⎯⎯⎯⎯⎯⎯⎯⎯⎯⎯⎯⎯⎯⎯⎯⎯⎯⎯⎯⎯⎯[60/254]⎯

 FAIL  src/renderer/components/Jobs/__tests__/SingleJobView.test.tsx > SingleJobView > Rendering > shows overview tab by default
TestingLibraryElementError: Unable to find an element with the text: Job Overview. This could be because the text is broken up by multiple elements. In this case, you can provide a function for your text matcher to make your matcher more flexible.

Ignored nodes: comments, script, style
[36m<body>[39m
  [36m<div>[39m
    [36m<div[39m
      [33mclass[39m=[32m"single-job-view"[39m
    [36m>[39m
      [36m<header[39m
        [33mclass[39m=[32m"job-header"[39m
      [36m>[39m
        [36m<div[39m
          [33mclass[39m=[32m"header-content"[39m
        [36m>[39m
          [36m<div[39m
            [33mclass[39m=[32m"header-left"[39m
          [36m>[39m
            [36m<button[39m
              [33maria-label[39m=[32m"Go back to job list"[39m
              [33mclass[39m=[32m"back-button"[39m
            [36m>[39m
              [36m<svg[39m
                [33mclass[39m=[32m"w-6 h-6"[39m
                [33mfill[39m=[32m"none"[39m
                [33mstroke[39m=[32m"currentColor"[39m
                [33mviewBox[39m=[32m"0 0 24 24"[39m
              [36m>[39m
                [36m<path[39m
                  [33md[39m=[32m"M10 19l-7-7m0 0l7-7m-7 7h18"[39m
                  [33mstroke-linecap[39m=[32m"round"[39m
                  [33mstroke-linejoin[39m=[32m"round"[39m
                  [33mstroke-width[39m=[32m"2"[39m
                [36m/>[39m
              [36m</svg>[39m
            [36m</button>[39m
            [36m<h1[39m
              [33mclass[39m=[32m"job-title-main"[39m
            [36m>[39m
              [0mJob #[0m
              [0m1[0m
            [36m</h1>[39m
          [36m</div>[39m
        [36m</div>[39m
        [36m<div[39m
          [33mclass[39m=[32m"job-title-section"[39m
        [36m>[39m
          [36m<div[39m
            [33mclass[39m=[32m"job-title-static"[39m
          [36m>[39m
            [36m<span[39m
              [33mclass[39m=[32m"job-title-text"[39m
            [36m>[39m
              [0mTest Job[0m
            [36m</span>[39m
          [36m</div>[39m
        [36m</div>[39m
      [36m</header>[39m
      [36m<div[39m
        [33mclass[39m=[32m"tab-navigation"[39m
      [36m>[39m
        [36m<button[39m
          [33mclass[39m=[32m"tab-button active"[39m
          [33mdata-tab[39m=[32m"overview"[39m
        [36m>[39m
          [0mOverview[0m
        [36m</button>[39m
        [36m<button[39m
          [33mclass[39m=[32m"tab-button "[39m
          [33mdata-tab[39m=[32m"images"[39m
        [36m>[39m
          [0mImages[0m
        [36m</button>[39m
      [36m</div>[39m
      [36m<main[39m
        [33mclass[39m=[32m"tab-content-container"[39m
      [36m>[39m
        [36m<div[39m
          [33mclass[39m=[32m"tab-content active"[39m
          [33mid[39m=[32m"overview"[39m
        [36m>[39m
          [36m<div[39m
            [33mclass[39m=[32m"overview-content"[39m
          [36m>[39m
            [36m<div[39m
              [33mclass[39m=[32m"info-grid"[39m
            [36m>[39m
              [36m<div[39m
                [33mclass[39m=[32m"info-card"[39m
              [36m>[39m
                [36m<div[39m
                  [33mclass[39m=[32m"info-label"[39m
                [36m>[39m
                  [0mJob ID[0m
                [36m</div>[39m
                [36m<div[39m
                  [33mclass[39m=[32m"info-value"[39m
                [36m>[39m
                  [0mJOB-[0m
                  [0m1[0m
                [36m</div>[39m
              [36m</div>[39m
              [36m<div[39m
                [33mclass[39m=[32m"info-card"[39m
              [36m>[39m
                [36m<div[39m
                  [33mclass[39m=[32m"info-label"[39m
                [36m>[39m
                  [0mStatus[0m
                [36m</div>[39m
                [36m<div[39m
                  [33mclass[39m=[32m"info-value"[39m
                [36m>[39m
                  [36m<span[39m
                    [33mclass[39m=[32m"inline-flex items-center gap-1 px-2 py-1 rounded-full text-sm font-medium border bg-green-100 text-green-800 border-green-200"[39m
                  [36m>[39m
                    [36m<svg[39m
                      [33maria-hidden[39m=[32m"true"[39m
                      [33mclass[39m=[32m"w-4 h-4"[39m
                      [33mfill[39m=[32m"none"[39m
                      [33mstroke[39m=[32m"currentColor"[39m
                      [33mviewBox[39m=[32m"0 0 24 24"[39m
                    [36m>[39m
                      [36m<path[39m
                        [33md[39m=[32m"M5 13l4 4L19 7"[39m
                        [33mstroke-linecap[39m=[32m"round"[39m
                        [33mstroke-linejoin[39m=[32m"round"[39m
                        [33mstroke-width[39m=[32m"2"[39m
                      [36m/>[39m
                    [36m</svg>[39m
                    [0mCompleted[0m
                  [36m</span>[39m
                [36m</div>[39m
              [36m</div>[39m
              [36m<div[39m
                [33mclass[39m=[32m"info-card"[39m
              [36m>[39m
                [36m<div[39m
                  [33mclass[39m=[32m"info-label"[39m
                [36m>[39m
                  [0mStart Time[0m
                [36m</div>[39m
                [36m<div[39m
                  [33mclass[39m=[32m"info-value"[39m
                [36m>[39m
                  [0m1/1/2024, 12:00:00 PM[0m
                [36m</div>[39m
              [36m</div>[39m
              [36m<div[39m
                [33mclass[39m=[32m"info-card"[39m
              [36m>[39m
                [36m<div[39m
                  [33mclass[39m=[32m"info-label"[39m
                [36m>[39m
                  [0mDuration[0m
                [36m</div>[39m
                [36m<div[39m
                  [33mclass[39m=[32m"info-value"[39m
                [36m>[39m
                  [0m5m[0m
                [36m</div>[39m
              [36m</div>[39m
              [36m<div[39m
                [33mclass[39m=[32m"info-card"[39m
              [36m>[39m
                [36m<div[39m
                  [33mclass[39m=[32m"info-label"[39m
                [36m>[39m
                  [0mSuccess Rate[0m
                [36m</div>[39m
                [36m<div[39m
                  [33mclass[39m=[32m"info-value"[39m
                [36m>[39m
                  [0mN/A[0m
                [36m</div>[39m
              [36m</div>[39m
            [36m</div>[39m
            [36m<h2[39m
              [33mclass[39m=[32m"section-title"[39m
            [36m>[39m
              [0mGenerated Images Summary[0m
            [36m</h2>[39m
            [36m<div[39m
              [33mclass[39m=[32m"stats-grid"[39m
            [36m>[39m
              [36m<div[39m
                [33mclass[39m=[32m"stats-card"[39m
              [36m>[39m
                [36m<div[39m
                  [33mclass[39m=[32m"stats-label"[39m
                [36m>[39m
   ...
 ❯ Object.getElementError node_modules/@testing-library/dom/dist/config.js:37:19
 ❯ node_modules/@testing-library/dom/dist/query-helpers.js:76:38
 ❯ node_modules/@testing-library/dom/dist/query-helpers.js:52:17
 ❯ node_modules/@testing-library/dom/dist/query-helpers.js:95:19
 ❯ src/renderer/components/Jobs/__tests__/SingleJobView.test.tsx:149:21
    147|       });
    148|       
    149|       expect(screen.getByText('Job Overview')).toBeInTheDocument();
       |                     ^
    150|       expect(screen.getByText('Basic Information')).toBeInTheDocument(…
    151|       expect(screen.getByText('Timing')).toBeInTheDocument();

⎯⎯⎯⎯⎯⎯⎯⎯⎯⎯⎯⎯⎯⎯⎯⎯⎯⎯⎯⎯⎯[61/254]⎯

 FAIL  src/renderer/components/Jobs/__tests__/SingleJobView.test.tsx > SingleJobView > Job Information Display > displays job information correctly in overview
TestingLibraryElementError: Unable to find role="heading" and name "Test Job"

Ignored nodes: comments, script, style
[36m<body>[39m
  [36m<div>[39m
    [36m<div[39m
      [33mclass[39m=[32m"single-job-view"[39m
    [36m>[39m
      [36m<header[39m
        [33mclass[39m=[32m"job-header"[39m
      [36m>[39m
        [36m<div[39m
          [33mclass[39m=[32m"header-content"[39m
        [36m>[39m
          [36m<div[39m
            [33mclass[39m=[32m"header-left"[39m
          [36m>[39m
            [36m<button[39m
              [33maria-label[39m=[32m"Go back to job list"[39m
              [33mclass[39m=[32m"back-button"[39m
            [36m>[39m
              [36m<svg[39m
                [33mclass[39m=[32m"w-6 h-6"[39m
                [33mfill[39m=[32m"none"[39m
                [33mstroke[39m=[32m"currentColor"[39m
                [33mviewBox[39m=[32m"0 0 24 24"[39m
              [36m>[39m
                [36m<path[39m
                  [33md[39m=[32m"M10 19l-7-7m0 0l7-7m-7 7h18"[39m
                  [33mstroke-linecap[39m=[32m"round"[39m
                  [33mstroke-linejoin[39m=[32m"round"[39m
                  [33mstroke-width[39m=[32m"2"[39m
                [36m/>[39m
              [36m</svg>[39m
            [36m</button>[39m
            [36m<h1[39m
              [33mclass[39m=[32m"job-title-main"[39m
            [36m>[39m
              [0mJob #[0m
              [0m1[0m
            [36m</h1>[39m
          [36m</div>[39m
        [36m</div>[39m
        [36m<div[39m
          [33mclass[39m=[32m"job-title-section"[39m
        [36m>[39m
          [36m<div[39m
            [33mclass[39m=[32m"job-title-static"[39m
          [36m>[39m
            [36m<span[39m
              [33mclass[39m=[32m"job-title-text"[39m
            [36m>[39m
              [0mTest Job[0m
            [36m</span>[39m
          [36m</div>[39m
        [36m</div>[39m
      [36m</header>[39m
      [36m<div[39m
        [33mclass[39m=[32m"tab-navigation"[39m
      [36m>[39m
        [36m<button[39m
          [33mclass[39m=[32m"tab-button active"[39m
          [33mdata-tab[39m=[32m"overview"[39m
        [36m>[39m
          [0mOverview[0m
        [36m</button>[39m
        [36m<button[39m
          [33mclass[39m=[32m"tab-button "[39m
          [33mdata-tab[39m=[32m"images"[39m
        [36m>[39m
          [0mImages[0m
        [36m</button>[39m
      [36m</div>[39m
      [36m<main[39m
        [33mclass[39m=[32m"tab-content-container"[39m
      [36m>[39m
        [36m<div[39m
          [33mclass[39m=[32m"tab-content active"[39m
          [33mid[39m=[32m"overview"[39m
        [36m>[39m
          [36m<div[39m
            [33mclass[39m=[32m"overview-content"[39m
          [36m>[39m
            [36m<div[39m
              [33mclass[39m=[32m"info-grid"[39m
            [36m>[39m
              [36m<div[39m
                [33mclass[39m=[32m"info-card"[39m
              [36m>[39m
                [36m<div[39m
                  [33mclass[39m=[32m"info-label"[39m
                [36m>[39m
                  [0mJob ID[0m
                [36m</div>[39m
                [36m<div[39m
                  [33mclass[39m=[32m"info-value"[39m
                [36m>[39m
                  [0mJOB-[0m
                  [0m1[0m
                [36m</div>[39m
              [36m</div>[39m
              [36m<div[39m
                [33mclass[39m=[32m"info-card"[39m
              [36m>[39m
                [36m<div[39m
                  [33mclass[39m=[32m"info-label"[39m
                [36m>[39m
                  [0mStatus[0m
                [36m</div>[39m
                [36m<div[39m
                  [33mclass[39m=[32m"info-value"[39m
                [36m>[39m
                  [36m<span[39m
                    [33mclass[39m=[32m"inline-flex items-center gap-1 px-2 py-1 rounded-full text-sm font-medium border bg-green-100 text-green-800 border-green-200"[39m
                  [36m>[39m
                    [36m<svg[39m
                      [33maria-hidden[39m=[32m"true"[39m
                      [33mclass[39m=[32m"w-4 h-4"[39m
                      [33mfill[39m=[32m"none"[39m
                      [33mstroke[39m=[32m"currentColor"[39m
                      [33mviewBox[39m=[32m"0 0 24 24"[39m
                    [36m>[39m
                      [36m<path[39m
                        [33md[39m=[32m"M5 13l4 4L19 7"[39m
                        [33mstroke-linecap[39m=[32m"round"[39m
                        [33mstroke-linejoin[39m=[32m"round"[39m
                        [33mstroke-width[39m=[32m"2"[39m
                      [36m/>[39m
                    [36m</svg>[39m
                    [0mCompleted[0m
                  [36m</span>[39m
                [36m</div>[39m
              [36m</div>[39m
              [36m<div[39m
                [33mclass[39m=[32m"info-card"[39m
              [36m>[39m
                [36m<div[39m
                  [33mclass[39m=[32m"info-label"[39m
                [36m>[39m
                  [0mStart Time[0m
                [36m</div>[39m
                [36m<div[39m
                  [33mclass[39m=[32m"info-value"[39m
                [36m>[39m
                  [0m1/1/2024, 12:00:00 PM[0m
                [36m</div>[39m
              [36m</div>[39m
              [36m<div[39m
                [33mclass[39m=[32m"info-card"[39m
              [36m>[39m
                [36m<div[39m
                  [33mclass[39m=[32m"info-label"[39m
                [36m>[39m
                  [0mDuration[0m
                [36m</div>[39m
                [36m<div[39m
                  [33mclass[39m=[32m"info-value"[39m
                [36m>[39m
                  [0m5m[0m
                [36m</div>[39m
              [36m</div>[39m
              [36m<div[39m
                [33mclass[39m=[32m"info-card"[39m
              [36m>[39m
                [36m<div[39m
                  [33mclass[39m=[32m"info-label"[39m
                [36m>[39m
                  [0mSuccess Rate[0m
                [36m</div>[39m
                [36m<div[39m
                  [33mclass[39m=[32m"info-value"[39m
                [36m>[39m
                  [0mN/A[0m
                [36m</div>[39m
              [36m</div>[39m
            [36m</div>[39m
            [36m<h2[39m
              [33mclass[39m=[32m"section-title"[39m
            [36m>[39m
              [0mGenerated Images Summary[0m
            [36m</h2>[39m
            [36m<div[39m
              [33mclass[39m=[32m"stats-grid"[39m
            [36m>[39m
              [36m<div[39m
                [33mclass[39m=[32m"stats-card"[39m
              [36m>[39m
                [36m<div[39m
                  [33mclass[39m=[32m"stats-label"[39m
                [36m>[39m
   ...

Ignored nodes: comments, script, style
[36m<html>[39m
  [36m<head />[39m
  [36m<body>[39m
    [36m<div>[39m
      [36m<div[39m
        [33mclass[39m=[32m"single-job-view"[39m
      [36m>[39m
        [36m<header[39m
          [33mclass[39m=[32m"job-header"[39m
        [36m>[39m
          [36m<div[39m
            [33mclass[39m=[32m"header-content"[39m
          [36m>[39m
            [36m<div[39m
              [33mclass[39m=[32m"header-left"[39m
            [36m>[39m
              [36m<button[39m
                [33maria-label[39m=[32m"Go back to job list"[39m
                [33mclass[39m=[32m"back-button"[39m
              [36m>[39m
                [36m<svg[39m
                  [33mclass[39m=[32m"w-6 h-6"[39m
                  [33mfill[39m=[32m"none"[39m
                  [33mstroke[39m=[32m"currentColor"[39m
                  [33mviewBox[39m=[32m"0 0 24 24"[39m
                [36m>[39m
                  [36m<path[39m
                    [33md[39m=[32m"M10 19l-7-7m0 0l7-7m-7 7h18"[39m
                    [33mstroke-linecap[39m=[32m"round"[39m
                    [33mstroke-linejoin[39m=[32m"round"[39m
                    [33mstroke-width[39m=[32m"2"[39m
                  [36m/>[39m
                [36m</svg>[39m
              [36m</button>[39m
              [36m<h1[39m
                [33mclass[39m=[32m"job-title-main"[39m
              [36m>[39m
                [0mJob #[0m
                [0m1[0m
              [36m</h1>[39m
            [36m</div>[39m
          [36m</div>[39m
          [36m<div[39m
            [33mclass[39m=[32m"job-title-section"[39m
          [36m>[39m
            [36m<div[39m
              [33mclass[39m=[32m"job-title-static"[39m
            [36m>[39m
              [36m<span[39m
                [33mclass[39m=[32m"job-title-text"[39m
              [36m>[39m
                [0mTest Job[0m
              [36m</span>[39m
            [36m</div>[39m
          [36m</div>[39m
        [36m</header>[39m
        [36m<div[39m
          [33mclass[39m=[32m"tab-navigation"[39m
        [36m>[39m
          [36m<button[39m
            [33mclass[39m=[32m"tab-button active"[39m
            [33mdata-tab[39m=[32m"overview"[39m
          [36m>[39m
            [0mOverview[0m
          [36m</button>[39m
          [36m<button[39m
            [33mclass[39m=[32m"tab-button "[39m
            [33mdata-tab[39m=[32m"images"[39m
          [36m>[39m
            [0mImages[0m
          [36m</button>[39m
        [36m</div>[39m
        [36m<main[39m
          [33mclass[39m=[32m"tab-content-container"[39m
        [36m>[39m
          [36m<div[39m
            [33mclass[39m=[32m"tab-content active"[39m
            [33mid[39m=[32m"overview"[39m
          [36m>[39m
            [36m<div[39m
              [33mclass[39m=[32m"overview-content"[39m
            [36m>[39m
              [36m<div[39m
                [33mclass[39m=[32m"info-grid"[39m
              [36m>[39m
                [36m<div[39m
                  [33mclass[39m=[32m"info-card"[39m
                [36m>[39m
                  [36m<div[39m
                    [33mclass[39m=[32m"info-label"[39m
                  [36m>[39m
                    [0mJob ID[0m
                  [36m</div>[39m
                  [36m<div[39m
                    [33mclass[39m=[32m"info-value"[39m
                  [36m>[39m
                    [0mJOB-[0m
                    [0m1[0m
                  [36m</div>[39m
                [36m</div>[39m
                [36m<div[39m
                  [33mclass[39m=[32m"info-card"[39m
                [36m>[39m
                  [36m<div[39m
                    [33mclass[39m=[32m"info-label"[39m
                  [36m>[39m
                    [0mStatus[0m
                  [36m</div>[39m
                  [36m<div[39m
                    [33mclass[39m=[32m"info-value"[39m
                  [36m>[39m
                    [36m<span[39m
                      [33mclass[39m=[32m"inline-flex items-center gap-1 px-2 py-1 rounded-full text-sm font-medium border bg-green-100 text-green-800 border-green-200"[39m
                    [36m>[39m
                      [36m<svg[39m
                        [33maria-hidden[39m=[32m"true"[39m
                        [33mclass[39m=[32m"w-4 h-4"[39m
                        [33mfill[39m=[32m"none"[39m
                        [33mstroke[39m=[32m"currentColor"[39m
                        [33mviewBox[39m=[32m"0 0 24 24"[39m
                      [36m>[39m
                        [36m<path[39m
                          [33md[39m=[32m"M5 13l4 4L19 7"[39m
                          [33mstroke-linecap[39m=[32m"round"[39m
                          [33mstroke-linejoin[39m=[32m"round"[39m
                          [33mstroke-width[39m=[32m"2"[39m
                        [36m/>[39m
                      [36m</svg>[39m
                      [0mCompleted[0m
                    [36m</span>[39m
                  [36m</div>[39m
                [36m</div>[39m
                [36m<div[39m
                  [33mclass[39m=[32m"info-card"[39m
                [36m>[39m
                  [36m<div[39m
                    [33mclass[39m=[32m"info-label"[39m
                  [36m>[39m
                    [0mStart Time[0m
                  [36m</div>[39m
                  [36m<div[39m
                    [33mclass[39m=[32m"info-value"[39m
                  [36m>[39m
                    [0m1/1/2024, 12:00:00 PM[0m
                  [36m</div>[39m
                [36m</div>[39m
                [36m<div[39m
                  [33mclass[39m=[32m"info-card"[39m
                [36m>[39m
                  [36m<div[39m
                    [33mclass[39m=[32m"info-label"[39m
                  [36m>[39m
                    [0mDuration[0m
                  [36m</div>[39m
                  [36m<div[39m
                    [33mclass[39m=[32m"info-value"[39m
                  [36m>[39m
                    [0m5m[0m
                  [36m</div>[39m
                [36m</div>[39m
                [36m<div[39m
                  [33mclass[39m=[32m"info-card"[39m
                [36m>[39m
                  [36m<div[39m
                    [33mclass[39m=[32m"info-label"[39m
                  [36m>[39m
                    [0mSuccess Rate[0m
                  [36m</div>[39m
                  [36m<div[39m
                    [33mclass[39m=[32m"info-value"[39m
                  [36m>[39m
                    [0mN/A[0m
                  [36m</div>[39m
                [36m</div>[39m
              [36m</div>[39m
              [36m<h2[39m
                [33mclass[39m=[32m"section-title"[39m
              [36m>[39m
                [0...
 ❯ waitForWrapper node_modules/@testing-library/dom/dist/wait-for.js:163:27
 ❯ src/renderer/components/Jobs/__tests__/SingleJobView.test.tsx:160:13
    158|       render(<SingleJobView {...defaultProps} />);
    159|       
    160|       await waitFor(() => {
       |             ^
    161|         // Use the header title instead of generic text search
    162|         expect(screen.getByRole('heading', { name: 'Test Job' })).toBe…

⎯⎯⎯⎯⎯⎯⎯⎯⎯⎯⎯⎯⎯⎯⎯⎯⎯⎯⎯⎯⎯[62/254]⎯

 FAIL  src/renderer/components/Jobs/__tests__/SingleJobView.test.tsx > SingleJobView > Job Information Display > displays timing information correctly
TestingLibraryElementError: Unable to find role="heading" and name "Test Job"

Ignored nodes: comments, script, style
[36m<body>[39m
  [36m<div>[39m
    [36m<div[39m
      [33mclass[39m=[32m"single-job-view"[39m
    [36m>[39m
      [36m<header[39m
        [33mclass[39m=[32m"job-header"[39m
      [36m>[39m
        [36m<div[39m
          [33mclass[39m=[32m"header-content"[39m
        [36m>[39m
          [36m<div[39m
            [33mclass[39m=[32m"header-left"[39m
          [36m>[39m
            [36m<button[39m
              [33maria-label[39m=[32m"Go back to job list"[39m
              [33mclass[39m=[32m"back-button"[39m
            [36m>[39m
              [36m<svg[39m
                [33mclass[39m=[32m"w-6 h-6"[39m
                [33mfill[39m=[32m"none"[39m
                [33mstroke[39m=[32m"currentColor"[39m
                [33mviewBox[39m=[32m"0 0 24 24"[39m
              [36m>[39m
                [36m<path[39m
                  [33md[39m=[32m"M10 19l-7-7m0 0l7-7m-7 7h18"[39m
                  [33mstroke-linecap[39m=[32m"round"[39m
                  [33mstroke-linejoin[39m=[32m"round"[39m
                  [33mstroke-width[39m=[32m"2"[39m
                [36m/>[39m
              [36m</svg>[39m
            [36m</button>[39m
            [36m<h1[39m
              [33mclass[39m=[32m"job-title-main"[39m
            [36m>[39m
              [0mJob #[0m
              [0m1[0m
            [36m</h1>[39m
          [36m</div>[39m
        [36m</div>[39m
        [36m<div[39m
          [33mclass[39m=[32m"job-title-section"[39m
        [36m>[39m
          [36m<div[39m
            [33mclass[39m=[32m"job-title-static"[39m
          [36m>[39m
            [36m<span[39m
              [33mclass[39m=[32m"job-title-text"[39m
            [36m>[39m
              [0mTest Job[0m
            [36m</span>[39m
          [36m</div>[39m
        [36m</div>[39m
      [36m</header>[39m
      [36m<div[39m
        [33mclass[39m=[32m"tab-navigation"[39m
      [36m>[39m
        [36m<button[39m
          [33mclass[39m=[32m"tab-button active"[39m
          [33mdata-tab[39m=[32m"overview"[39m
        [36m>[39m
          [0mOverview[0m
        [36m</button>[39m
        [36m<button[39m
          [33mclass[39m=[32m"tab-button "[39m
          [33mdata-tab[39m=[32m"images"[39m
        [36m>[39m
          [0mImages[0m
        [36m</button>[39m
      [36m</div>[39m
      [36m<main[39m
        [33mclass[39m=[32m"tab-content-container"[39m
      [36m>[39m
        [36m<div[39m
          [33mclass[39m=[32m"tab-content active"[39m
          [33mid[39m=[32m"overview"[39m
        [36m>[39m
          [36m<div[39m
            [33mclass[39m=[32m"overview-content"[39m
          [36m>[39m
            [36m<div[39m
              [33mclass[39m=[32m"info-grid"[39m
            [36m>[39m
              [36m<div[39m
                [33mclass[39m=[32m"info-card"[39m
              [36m>[39m
                [36m<div[39m
                  [33mclass[39m=[32m"info-label"[39m
                [36m>[39m
                  [0mJob ID[0m
                [36m</div>[39m
                [36m<div[39m
                  [33mclass[39m=[32m"info-value"[39m
                [36m>[39m
                  [0mJOB-[0m
                  [0m1[0m
                [36m</div>[39m
              [36m</div>[39m
              [36m<div[39m
                [33mclass[39m=[32m"info-card"[39m
              [36m>[39m
                [36m<div[39m
                  [33mclass[39m=[32m"info-label"[39m
                [36m>[39m
                  [0mStatus[0m
                [36m</div>[39m
                [36m<div[39m
                  [33mclass[39m=[32m"info-value"[39m
                [36m>[39m
                  [36m<span[39m
                    [33mclass[39m=[32m"inline-flex items-center gap-1 px-2 py-1 rounded-full text-sm font-medium border bg-green-100 text-green-800 border-green-200"[39m
                  [36m>[39m
                    [36m<svg[39m
                      [33maria-hidden[39m=[32m"true"[39m
                      [33mclass[39m=[32m"w-4 h-4"[39m
                      [33mfill[39m=[32m"none"[39m
                      [33mstroke[39m=[32m"currentColor"[39m
                      [33mviewBox[39m=[32m"0 0 24 24"[39m
                    [36m>[39m
                      [36m<path[39m
                        [33md[39m=[32m"M5 13l4 4L19 7"[39m
                        [33mstroke-linecap[39m=[32m"round"[39m
                        [33mstroke-linejoin[39m=[32m"round"[39m
                        [33mstroke-width[39m=[32m"2"[39m
                      [36m/>[39m
                    [36m</svg>[39m
                    [0mCompleted[0m
                  [36m</span>[39m
                [36m</div>[39m
              [36m</div>[39m
              [36m<div[39m
                [33mclass[39m=[32m"info-card"[39m
              [36m>[39m
                [36m<div[39m
                  [33mclass[39m=[32m"info-label"[39m
                [36m>[39m
                  [0mStart Time[0m
                [36m</div>[39m
                [36m<div[39m
                  [33mclass[39m=[32m"info-value"[39m
                [36m>[39m
                  [0m1/1/2024, 12:00:00 PM[0m
                [36m</div>[39m
              [36m</div>[39m
              [36m<div[39m
                [33mclass[39m=[32m"info-card"[39m
              [36m>[39m
                [36m<div[39m
                  [33mclass[39m=[32m"info-label"[39m
                [36m>[39m
                  [0mDuration[0m
                [36m</div>[39m
                [36m<div[39m
                  [33mclass[39m=[32m"info-value"[39m
                [36m>[39m
                  [0m5m[0m
                [36m</div>[39m
              [36m</div>[39m
              [36m<div[39m
                [33mclass[39m=[32m"info-card"[39m
              [36m>[39m
                [36m<div[39m
                  [33mclass[39m=[32m"info-label"[39m
                [36m>[39m
                  [0mSuccess Rate[0m
                [36m</div>[39m
                [36m<div[39m
                  [33mclass[39m=[32m"info-value"[39m
                [36m>[39m
                  [0mN/A[0m
                [36m</div>[39m
              [36m</div>[39m
            [36m</div>[39m
            [36m<h2[39m
              [33mclass[39m=[32m"section-title"[39m
            [36m>[39m
              [0mGenerated Images Summary[0m
            [36m</h2>[39m
            [36m<div[39m
              [33mclass[39m=[32m"stats-grid"[39m
            [36m>[39m
              [36m<div[39m
                [33mclass[39m=[32m"stats-card"[39m
              [36m>[39m
                [36m<div[39m
                  [33mclass[39m=[32m"stats-label"[39m
                [36m>[39m
   ...

Ignored nodes: comments, script, style
[36m<html>[39m
  [36m<head />[39m
  [36m<body>[39m
    [36m<div>[39m
      [36m<div[39m
        [33mclass[39m=[32m"single-job-view"[39m
      [36m>[39m
        [36m<header[39m
          [33mclass[39m=[32m"job-header"[39m
        [36m>[39m
          [36m<div[39m
            [33mclass[39m=[32m"header-content"[39m
          [36m>[39m
            [36m<div[39m
              [33mclass[39m=[32m"header-left"[39m
            [36m>[39m
              [36m<button[39m
                [33maria-label[39m=[32m"Go back to job list"[39m
                [33mclass[39m=[32m"back-button"[39m
              [36m>[39m
                [36m<svg[39m
                  [33mclass[39m=[32m"w-6 h-6"[39m
                  [33mfill[39m=[32m"none"[39m
                  [33mstroke[39m=[32m"currentColor"[39m
                  [33mviewBox[39m=[32m"0 0 24 24"[39m
                [36m>[39m
                  [36m<path[39m
                    [33md[39m=[32m"M10 19l-7-7m0 0l7-7m-7 7h18"[39m
                    [33mstroke-linecap[39m=[32m"round"[39m
                    [33mstroke-linejoin[39m=[32m"round"[39m
                    [33mstroke-width[39m=[32m"2"[39m
                  [36m/>[39m
                [36m</svg>[39m
              [36m</button>[39m
              [36m<h1[39m
                [33mclass[39m=[32m"job-title-main"[39m
              [36m>[39m
                [0mJob #[0m
                [0m1[0m
              [36m</h1>[39m
            [36m</div>[39m
          [36m</div>[39m
          [36m<div[39m
            [33mclass[39m=[32m"job-title-section"[39m
          [36m>[39m
            [36m<div[39m
              [33mclass[39m=[32m"job-title-static"[39m
            [36m>[39m
              [36m<span[39m
                [33mclass[39m=[32m"job-title-text"[39m
              [36m>[39m
                [0mTest Job[0m
              [36m</span>[39m
            [36m</div>[39m
          [36m</div>[39m
        [36m</header>[39m
        [36m<div[39m
          [33mclass[39m=[32m"tab-navigation"[39m
        [36m>[39m
          [36m<button[39m
            [33mclass[39m=[32m"tab-button active"[39m
            [33mdata-tab[39m=[32m"overview"[39m
          [36m>[39m
            [0mOverview[0m
          [36m</button>[39m
          [36m<button[39m
            [33mclass[39m=[32m"tab-button "[39m
            [33mdata-tab[39m=[32m"images"[39m
          [36m>[39m
            [0mImages[0m
          [36m</button>[39m
        [36m</div>[39m
        [36m<main[39m
          [33mclass[39m=[32m"tab-content-container"[39m
        [36m>[39m
          [36m<div[39m
            [33mclass[39m=[32m"tab-content active"[39m
            [33mid[39m=[32m"overview"[39m
          [36m>[39m
            [36m<div[39m
              [33mclass[39m=[32m"overview-content"[39m
            [36m>[39m
              [36m<div[39m
                [33mclass[39m=[32m"info-grid"[39m
              [36m>[39m
                [36m<div[39m
                  [33mclass[39m=[32m"info-card"[39m
                [36m>[39m
                  [36m<div[39m
                    [33mclass[39m=[32m"info-label"[39m
                  [36m>[39m
                    [0mJob ID[0m
                  [36m</div>[39m
                  [36m<div[39m
                    [33mclass[39m=[32m"info-value"[39m
                  [36m>[39m
                    [0mJOB-[0m
                    [0m1[0m
                  [36m</div>[39m
                [36m</div>[39m
                [36m<div[39m
                  [33mclass[39m=[32m"info-card"[39m
                [36m>[39m
                  [36m<div[39m
                    [33mclass[39m=[32m"info-label"[39m
                  [36m>[39m
                    [0mStatus[0m
                  [36m</div>[39m
                  [36m<div[39m
                    [33mclass[39m=[32m"info-value"[39m
                  [36m>[39m
                    [36m<span[39m
                      [33mclass[39m=[32m"inline-flex items-center gap-1 px-2 py-1 rounded-full text-sm font-medium border bg-green-100 text-green-800 border-green-200"[39m
                    [36m>[39m
                      [36m<svg[39m
                        [33maria-hidden[39m=[32m"true"[39m
                        [33mclass[39m=[32m"w-4 h-4"[39m
                        [33mfill[39m=[32m"none"[39m
                        [33mstroke[39m=[32m"currentColor"[39m
                        [33mviewBox[39m=[32m"0 0 24 24"[39m
                      [36m>[39m
                        [36m<path[39m
                          [33md[39m=[32m"M5 13l4 4L19 7"[39m
                          [33mstroke-linecap[39m=[32m"round"[39m
                          [33mstroke-linejoin[39m=[32m"round"[39m
                          [33mstroke-width[39m=[32m"2"[39m
                        [36m/>[39m
                      [36m</svg>[39m
                      [0mCompleted[0m
                    [36m</span>[39m
                  [36m</div>[39m
                [36m</div>[39m
                [36m<div[39m
                  [33mclass[39m=[32m"info-card"[39m
                [36m>[39m
                  [36m<div[39m
                    [33mclass[39m=[32m"info-label"[39m
                  [36m>[39m
                    [0mStart Time[0m
                  [36m</div>[39m
                  [36m<div[39m
                    [33mclass[39m=[32m"info-value"[39m
                  [36m>[39m
                    [0m1/1/2024, 12:00:00 PM[0m
                  [36m</div>[39m
                [36m</div>[39m
                [36m<div[39m
                  [33mclass[39m=[32m"info-card"[39m
                [36m>[39m
                  [36m<div[39m
                    [33mclass[39m=[32m"info-label"[39m
                  [36m>[39m
                    [0mDuration[0m
                  [36m</div>[39m
                  [36m<div[39m
                    [33mclass[39m=[32m"info-value"[39m
                  [36m>[39m
                    [0m5m[0m
                  [36m</div>[39m
                [36m</div>[39m
                [36m<div[39m
                  [33mclass[39m=[32m"info-card"[39m
                [36m>[39m
                  [36m<div[39m
                    [33mclass[39m=[32m"info-label"[39m
                  [36m>[39m
                    [0mSuccess Rate[0m
                  [36m</div>[39m
                  [36m<div[39m
                    [33mclass[39m=[32m"info-value"[39m
                  [36m>[39m
                    [0mN/A[0m
                  [36m</div>[39m
                [36m</div>[39m
              [36m</div>[39m
              [36m<h2[39m
                [33mclass[39m=[32m"section-title"[39m
              [36m>[39m
                [0...
 ❯ waitForWrapper node_modules/@testing-library/dom/dist/wait-for.js:163:27
 ❯ src/renderer/components/Jobs/__tests__/SingleJobView.test.tsx:178:13
    176|       render(<SingleJobView {...defaultProps} />);
    177|       
    178|       await waitFor(() => {
       |             ^
    179|         // Use the header title instead of generic text search
    180|         expect(screen.getByRole('heading', { name: 'Test Job' })).toBe…

⎯⎯⎯⎯⎯⎯⎯⎯⎯⎯⎯⎯⎯⎯⎯⎯⎯⎯⎯⎯⎯[63/254]⎯

 FAIL  src/renderer/components/Jobs/__tests__/SingleJobView.test.tsx > SingleJobView > Job Information Display > displays image statistics correctly
TestingLibraryElementError: Unable to find role="heading" and name "Test Job"

Ignored nodes: comments, script, style
[36m<body>[39m
  [36m<div>[39m
    [36m<div[39m
      [33mclass[39m=[32m"single-job-view"[39m
    [36m>[39m
      [36m<header[39m
        [33mclass[39m=[32m"job-header"[39m
      [36m>[39m
        [36m<div[39m
          [33mclass[39m=[32m"header-content"[39m
        [36m>[39m
          [36m<div[39m
            [33mclass[39m=[32m"header-left"[39m
          [36m>[39m
            [36m<button[39m
              [33maria-label[39m=[32m"Go back to job list"[39m
              [33mclass[39m=[32m"back-button"[39m
            [36m>[39m
              [36m<svg[39m
                [33mclass[39m=[32m"w-6 h-6"[39m
                [33mfill[39m=[32m"none"[39m
                [33mstroke[39m=[32m"currentColor"[39m
                [33mviewBox[39m=[32m"0 0 24 24"[39m
              [36m>[39m
                [36m<path[39m
                  [33md[39m=[32m"M10 19l-7-7m0 0l7-7m-7 7h18"[39m
                  [33mstroke-linecap[39m=[32m"round"[39m
                  [33mstroke-linejoin[39m=[32m"round"[39m
                  [33mstroke-width[39m=[32m"2"[39m
                [36m/>[39m
              [36m</svg>[39m
            [36m</button>[39m
            [36m<h1[39m
              [33mclass[39m=[32m"job-title-main"[39m
            [36m>[39m
              [0mJob #[0m
              [0m1[0m
            [36m</h1>[39m
          [36m</div>[39m
        [36m</div>[39m
        [36m<div[39m
          [33mclass[39m=[32m"job-title-section"[39m
        [36m>[39m
          [36m<div[39m
            [33mclass[39m=[32m"job-title-static"[39m
          [36m>[39m
            [36m<span[39m
              [33mclass[39m=[32m"job-title-text"[39m
            [36m>[39m
              [0mTest Job[0m
            [36m</span>[39m
          [36m</div>[39m
        [36m</div>[39m
      [36m</header>[39m
      [36m<div[39m
        [33mclass[39m=[32m"tab-navigation"[39m
      [36m>[39m
        [36m<button[39m
          [33mclass[39m=[32m"tab-button active"[39m
          [33mdata-tab[39m=[32m"overview"[39m
        [36m>[39m
          [0mOverview[0m
        [36m</button>[39m
        [36m<button[39m
          [33mclass[39m=[32m"tab-button "[39m
          [33mdata-tab[39m=[32m"images"[39m
        [36m>[39m
          [0mImages[0m
        [36m</button>[39m
      [36m</div>[39m
      [36m<main[39m
        [33mclass[39m=[32m"tab-content-container"[39m
      [36m>[39m
        [36m<div[39m
          [33mclass[39m=[32m"tab-content active"[39m
          [33mid[39m=[32m"overview"[39m
        [36m>[39m
          [36m<div[39m
            [33mclass[39m=[32m"overview-content"[39m
          [36m>[39m
            [36m<div[39m
              [33mclass[39m=[32m"info-grid"[39m
            [36m>[39m
              [36m<div[39m
                [33mclass[39m=[32m"info-card"[39m
              [36m>[39m
                [36m<div[39m
                  [33mclass[39m=[32m"info-label"[39m
                [36m>[39m
                  [0mJob ID[0m
                [36m</div>[39m
                [36m<div[39m
                  [33mclass[39m=[32m"info-value"[39m
                [36m>[39m
                  [0mJOB-[0m
                  [0m1[0m
                [36m</div>[39m
              [36m</div>[39m
              [36m<div[39m
                [33mclass[39m=[32m"info-card"[39m
              [36m>[39m
                [36m<div[39m
                  [33mclass[39m=[32m"info-label"[39m
                [36m>[39m
                  [0mStatus[0m
                [36m</div>[39m
                [36m<div[39m
                  [33mclass[39m=[32m"info-value"[39m
                [36m>[39m
                  [36m<span[39m
                    [33mclass[39m=[32m"inline-flex items-center gap-1 px-2 py-1 rounded-full text-sm font-medium border bg-green-100 text-green-800 border-green-200"[39m
                  [36m>[39m
                    [36m<svg[39m
                      [33maria-hidden[39m=[32m"true"[39m
                      [33mclass[39m=[32m"w-4 h-4"[39m
                      [33mfill[39m=[32m"none"[39m
                      [33mstroke[39m=[32m"currentColor"[39m
                      [33mviewBox[39m=[32m"0 0 24 24"[39m
                    [36m>[39m
                      [36m<path[39m
                        [33md[39m=[32m"M5 13l4 4L19 7"[39m
                        [33mstroke-linecap[39m=[32m"round"[39m
                        [33mstroke-linejoin[39m=[32m"round"[39m
                        [33mstroke-width[39m=[32m"2"[39m
                      [36m/>[39m
                    [36m</svg>[39m
                    [0mCompleted[0m
                  [36m</span>[39m
                [36m</div>[39m
              [36m</div>[39m
              [36m<div[39m
                [33mclass[39m=[32m"info-card"[39m
              [36m>[39m
                [36m<div[39m
                  [33mclass[39m=[32m"info-label"[39m
                [36m>[39m
                  [0mStart Time[0m
                [36m</div>[39m
                [36m<div[39m
                  [33mclass[39m=[32m"info-value"[39m
                [36m>[39m
                  [0m1/1/2024, 12:00:00 PM[0m
                [36m</div>[39m
              [36m</div>[39m
              [36m<div[39m
                [33mclass[39m=[32m"info-card"[39m
              [36m>[39m
                [36m<div[39m
                  [33mclass[39m=[32m"info-label"[39m
                [36m>[39m
                  [0mDuration[0m
                [36m</div>[39m
                [36m<div[39m
                  [33mclass[39m=[32m"info-value"[39m
                [36m>[39m
                  [0m5m[0m
                [36m</div>[39m
              [36m</div>[39m
              [36m<div[39m
                [33mclass[39m=[32m"info-card"[39m
              [36m>[39m
                [36m<div[39m
                  [33mclass[39m=[32m"info-label"[39m
                [36m>[39m
                  [0mSuccess Rate[0m
                [36m</div>[39m
                [36m<div[39m
                  [33mclass[39m=[32m"info-value"[39m
                [36m>[39m
                  [0mN/A[0m
                [36m</div>[39m
              [36m</div>[39m
            [36m</div>[39m
            [36m<h2[39m
              [33mclass[39m=[32m"section-title"[39m
            [36m>[39m
              [0mGenerated Images Summary[0m
            [36m</h2>[39m
            [36m<div[39m
              [33mclass[39m=[32m"stats-grid"[39m
            [36m>[39m
              [36m<div[39m
                [33mclass[39m=[32m"stats-card"[39m
              [36m>[39m
                [36m<div[39m
                  [33mclass[39m=[32m"stats-label"[39m
                [36m>[39m
   ...

Ignored nodes: comments, script, style
[36m<html>[39m
  [36m<head />[39m
  [36m<body>[39m
    [36m<div>[39m
      [36m<div[39m
        [33mclass[39m=[32m"single-job-view"[39m
      [36m>[39m
        [36m<header[39m
          [33mclass[39m=[32m"job-header"[39m
        [36m>[39m
          [36m<div[39m
            [33mclass[39m=[32m"header-content"[39m
          [36m>[39m
            [36m<div[39m
              [33mclass[39m=[32m"header-left"[39m
            [36m>[39m
              [36m<button[39m
                [33maria-label[39m=[32m"Go back to job list"[39m
                [33mclass[39m=[32m"back-button"[39m
              [36m>[39m
                [36m<svg[39m
                  [33mclass[39m=[32m"w-6 h-6"[39m
                  [33mfill[39m=[32m"none"[39m
                  [33mstroke[39m=[32m"currentColor"[39m
                  [33mviewBox[39m=[32m"0 0 24 24"[39m
                [36m>[39m
                  [36m<path[39m
                    [33md[39m=[32m"M10 19l-7-7m0 0l7-7m-7 7h18"[39m
                    [33mstroke-linecap[39m=[32m"round"[39m
                    [33mstroke-linejoin[39m=[32m"round"[39m
                    [33mstroke-width[39m=[32m"2"[39m
                  [36m/>[39m
                [36m</svg>[39m
              [36m</button>[39m
              [36m<h1[39m
                [33mclass[39m=[32m"job-title-main"[39m
              [36m>[39m
                [0mJob #[0m
                [0m1[0m
              [36m</h1>[39m
            [36m</div>[39m
          [36m</div>[39m
          [36m<div[39m
            [33mclass[39m=[32m"job-title-section"[39m
          [36m>[39m
            [36m<div[39m
              [33mclass[39m=[32m"job-title-static"[39m
            [36m>[39m
              [36m<span[39m
                [33mclass[39m=[32m"job-title-text"[39m
              [36m>[39m
                [0mTest Job[0m
              [36m</span>[39m
            [36m</div>[39m
          [36m</div>[39m
        [36m</header>[39m
        [36m<div[39m
          [33mclass[39m=[32m"tab-navigation"[39m
        [36m>[39m
          [36m<button[39m
            [33mclass[39m=[32m"tab-button active"[39m
            [33mdata-tab[39m=[32m"overview"[39m
          [36m>[39m
            [0mOverview[0m
          [36m</button>[39m
          [36m<button[39m
            [33mclass[39m=[32m"tab-button "[39m
            [33mdata-tab[39m=[32m"images"[39m
          [36m>[39m
            [0mImages[0m
          [36m</button>[39m
        [36m</div>[39m
        [36m<main[39m
          [33mclass[39m=[32m"tab-content-container"[39m
        [36m>[39m
          [36m<div[39m
            [33mclass[39m=[32m"tab-content active"[39m
            [33mid[39m=[32m"overview"[39m
          [36m>[39m
            [36m<div[39m
              [33mclass[39m=[32m"overview-content"[39m
            [36m>[39m
              [36m<div[39m
                [33mclass[39m=[32m"info-grid"[39m
              [36m>[39m
                [36m<div[39m
                  [33mclass[39m=[32m"info-card"[39m
                [36m>[39m
                  [36m<div[39m
                    [33mclass[39m=[32m"info-label"[39m
                  [36m>[39m
                    [0mJob ID[0m
                  [36m</div>[39m
                  [36m<div[39m
                    [33mclass[39m=[32m"info-value"[39m
                  [36m>[39m
                    [0mJOB-[0m
                    [0m1[0m
                  [36m</div>[39m
                [36m</div>[39m
                [36m<div[39m
                  [33mclass[39m=[32m"info-card"[39m
                [36m>[39m
                  [36m<div[39m
                    [33mclass[39m=[32m"info-label"[39m
                  [36m>[39m
                    [0mStatus[0m
                  [36m</div>[39m
                  [36m<div[39m
                    [33mclass[39m=[32m"info-value"[39m
                  [36m>[39m
                    [36m<span[39m
                      [33mclass[39m=[32m"inline-flex items-center gap-1 px-2 py-1 rounded-full text-sm font-medium border bg-green-100 text-green-800 border-green-200"[39m
                    [36m>[39m
                      [36m<svg[39m
                        [33maria-hidden[39m=[32m"true"[39m
                        [33mclass[39m=[32m"w-4 h-4"[39m
                        [33mfill[39m=[32m"none"[39m
                        [33mstroke[39m=[32m"currentColor"[39m
                        [33mviewBox[39m=[32m"0 0 24 24"[39m
                      [36m>[39m
                        [36m<path[39m
                          [33md[39m=[32m"M5 13l4 4L19 7"[39m
                          [33mstroke-linecap[39m=[32m"round"[39m
                          [33mstroke-linejoin[39m=[32m"round"[39m
                          [33mstroke-width[39m=[32m"2"[39m
                        [36m/>[39m
                      [36m</svg>[39m
                      [0mCompleted[0m
                    [36m</span>[39m
                  [36m</div>[39m
                [36m</div>[39m
                [36m<div[39m
                  [33mclass[39m=[32m"info-card"[39m
                [36m>[39m
                  [36m<div[39m
                    [33mclass[39m=[32m"info-label"[39m
                  [36m>[39m
                    [0mStart Time[0m
                  [36m</div>[39m
                  [36m<div[39m
                    [33mclass[39m=[32m"info-value"[39m
                  [36m>[39m
                    [0m1/1/2024, 12:00:00 PM[0m
                  [36m</div>[39m
                [36m</div>[39m
                [36m<div[39m
                  [33mclass[39m=[32m"info-card"[39m
                [36m>[39m
                  [36m<div[39m
                    [33mclass[39m=[32m"info-label"[39m
                  [36m>[39m
                    [0mDuration[0m
                  [36m</div>[39m
                  [36m<div[39m
                    [33mclass[39m=[32m"info-value"[39m
                  [36m>[39m
                    [0m5m[0m
                  [36m</div>[39m
                [36m</div>[39m
                [36m<div[39m
                  [33mclass[39m=[32m"info-card"[39m
                [36m>[39m
                  [36m<div[39m
                    [33mclass[39m=[32m"info-label"[39m
                  [36m>[39m
                    [0mSuccess Rate[0m
                  [36m</div>[39m
                  [36m<div[39m
                    [33mclass[39m=[32m"info-value"[39m
                  [36m>[39m
                    [0mN/A[0m
                  [36m</div>[39m
                [36m</div>[39m
              [36m</div>[39m
              [36m<h2[39m
                [33mclass[39m=[32m"section-title"[39m
              [36m>[39m
                [0...
 ❯ waitForWrapper node_modules/@testing-library/dom/dist/wait-for.js:163:27
 ❯ src/renderer/components/Jobs/__tests__/SingleJobView.test.tsx:192:13
    190|       render(<SingleJobView {...defaultProps} />);
    191|       
    192|       await waitFor(() => {
       |             ^
    193|         // Use the header title instead of generic text search
    194|         expect(screen.getByRole('heading', { name: 'Test Job' })).toBe…

⎯⎯⎯⎯⎯⎯⎯⎯⎯⎯⎯⎯⎯⎯⎯⎯⎯⎯⎯⎯⎯[64/254]⎯

 FAIL  src/renderer/components/Jobs/__tests__/SingleJobView.test.tsx > SingleJobView > Tab Navigation > switches to images tab when clicked
TestingLibraryElementError: Unable to find role="heading" and name "Test Job"

Ignored nodes: comments, script, style
[36m<body>[39m
  [36m<div>[39m
    [36m<div[39m
      [33mclass[39m=[32m"single-job-view"[39m
    [36m>[39m
      [36m<header[39m
        [33mclass[39m=[32m"job-header"[39m
      [36m>[39m
        [36m<div[39m
          [33mclass[39m=[32m"header-content"[39m
        [36m>[39m
          [36m<div[39m
            [33mclass[39m=[32m"header-left"[39m
          [36m>[39m
            [36m<button[39m
              [33maria-label[39m=[32m"Go back to job list"[39m
              [33mclass[39m=[32m"back-button"[39m
            [36m>[39m
              [36m<svg[39m
                [33mclass[39m=[32m"w-6 h-6"[39m
                [33mfill[39m=[32m"none"[39m
                [33mstroke[39m=[32m"currentColor"[39m
                [33mviewBox[39m=[32m"0 0 24 24"[39m
              [36m>[39m
                [36m<path[39m
                  [33md[39m=[32m"M10 19l-7-7m0 0l7-7m-7 7h18"[39m
                  [33mstroke-linecap[39m=[32m"round"[39m
                  [33mstroke-linejoin[39m=[32m"round"[39m
                  [33mstroke-width[39m=[32m"2"[39m
                [36m/>[39m
              [36m</svg>[39m
            [36m</button>[39m
            [36m<h1[39m
              [33mclass[39m=[32m"job-title-main"[39m
            [36m>[39m
              [0mJob #[0m
              [0m1[0m
            [36m</h1>[39m
          [36m</div>[39m
        [36m</div>[39m
        [36m<div[39m
          [33mclass[39m=[32m"job-title-section"[39m
        [36m>[39m
          [36m<div[39m
            [33mclass[39m=[32m"job-title-static"[39m
          [36m>[39m
            [36m<span[39m
              [33mclass[39m=[32m"job-title-text"[39m
            [36m>[39m
              [0mTest Job[0m
            [36m</span>[39m
          [36m</div>[39m
        [36m</div>[39m
      [36m</header>[39m
      [36m<div[39m
        [33mclass[39m=[32m"tab-navigation"[39m
      [36m>[39m
        [36m<button[39m
          [33mclass[39m=[32m"tab-button active"[39m
          [33mdata-tab[39m=[32m"overview"[39m
        [36m>[39m
          [0mOverview[0m
        [36m</button>[39m
        [36m<button[39m
          [33mclass[39m=[32m"tab-button "[39m
          [33mdata-tab[39m=[32m"images"[39m
        [36m>[39m
          [0mImages[0m
        [36m</button>[39m
      [36m</div>[39m
      [36m<main[39m
        [33mclass[39m=[32m"tab-content-container"[39m
      [36m>[39m
        [36m<div[39m
          [33mclass[39m=[32m"tab-content active"[39m
          [33mid[39m=[32m"overview"[39m
        [36m>[39m
          [36m<div[39m
            [33mclass[39m=[32m"overview-content"[39m
          [36m>[39m
            [36m<div[39m
              [33mclass[39m=[32m"info-grid"[39m
            [36m>[39m
              [36m<div[39m
                [33mclass[39m=[32m"info-card"[39m
              [36m>[39m
                [36m<div[39m
                  [33mclass[39m=[32m"info-label"[39m
                [36m>[39m
                  [0mJob ID[0m
                [36m</div>[39m
                [36m<div[39m
                  [33mclass[39m=[32m"info-value"[39m
                [36m>[39m
                  [0mJOB-[0m
                  [0m1[0m
                [36m</div>[39m
              [36m</div>[39m
              [36m<div[39m
                [33mclass[39m=[32m"info-card"[39m
              [36m>[39m
                [36m<div[39m
                  [33mclass[39m=[32m"info-label"[39m
                [36m>[39m
                  [0mStatus[0m
                [36m</div>[39m
                [36m<div[39m
                  [33mclass[39m=[32m"info-value"[39m
                [36m>[39m
                  [36m<span[39m
                    [33mclass[39m=[32m"inline-flex items-center gap-1 px-2 py-1 rounded-full text-sm font-medium border bg-green-100 text-green-800 border-green-200"[39m
                  [36m>[39m
                    [36m<svg[39m
                      [33maria-hidden[39m=[32m"true"[39m
                      [33mclass[39m=[32m"w-4 h-4"[39m
                      [33mfill[39m=[32m"none"[39m
                      [33mstroke[39m=[32m"currentColor"[39m
                      [33mviewBox[39m=[32m"0 0 24 24"[39m
                    [36m>[39m
                      [36m<path[39m
                        [33md[39m=[32m"M5 13l4 4L19 7"[39m
                        [33mstroke-linecap[39m=[32m"round"[39m
                        [33mstroke-linejoin[39m=[32m"round"[39m
                        [33mstroke-width[39m=[32m"2"[39m
                      [36m/>[39m
                    [36m</svg>[39m
                    [0mCompleted[0m
                  [36m</span>[39m
                [36m</div>[39m
              [36m</div>[39m
              [36m<div[39m
                [33mclass[39m=[32m"info-card"[39m
              [36m>[39m
                [36m<div[39m
                  [33mclass[39m=[32m"info-label"[39m
                [36m>[39m
                  [0mStart Time[0m
                [36m</div>[39m
                [36m<div[39m
                  [33mclass[39m=[32m"info-value"[39m
                [36m>[39m
                  [0m1/1/2024, 12:00:00 PM[0m
                [36m</div>[39m
              [36m</div>[39m
              [36m<div[39m
                [33mclass[39m=[32m"info-card"[39m
              [36m>[39m
                [36m<div[39m
                  [33mclass[39m=[32m"info-label"[39m
                [36m>[39m
                  [0mDuration[0m
                [36m</div>[39m
                [36m<div[39m
                  [33mclass[39m=[32m"info-value"[39m
                [36m>[39m
                  [0m5m[0m
                [36m</div>[39m
              [36m</div>[39m
              [36m<div[39m
                [33mclass[39m=[32m"info-card"[39m
              [36m>[39m
                [36m<div[39m
                  [33mclass[39m=[32m"info-label"[39m
                [36m>[39m
                  [0mSuccess Rate[0m
                [36m</div>[39m
                [36m<div[39m
                  [33mclass[39m=[32m"info-value"[39m
                [36m>[39m
                  [0mN/A[0m
                [36m</div>[39m
              [36m</div>[39m
            [36m</div>[39m
            [36m<h2[39m
              [33mclass[39m=[32m"section-title"[39m
            [36m>[39m
              [0mGenerated Images Summary[0m
            [36m</h2>[39m
            [36m<div[39m
              [33mclass[39m=[32m"stats-grid"[39m
            [36m>[39m
              [36m<div[39m
                [33mclass[39m=[32m"stats-card"[39m
              [36m>[39m
                [36m<div[39m
                  [33mclass[39m=[32m"stats-label"[39m
                [36m>[39m
   ...

Ignored nodes: comments, script, style
[36m<html>[39m
  [36m<head />[39m
  [36m<body>[39m
    [36m<div>[39m
      [36m<div[39m
        [33mclass[39m=[32m"single-job-view"[39m
      [36m>[39m
        [36m<header[39m
          [33mclass[39m=[32m"job-header"[39m
        [36m>[39m
          [36m<div[39m
            [33mclass[39m=[32m"header-content"[39m
          [36m>[39m
            [36m<div[39m
              [33mclass[39m=[32m"header-left"[39m
            [36m>[39m
              [36m<button[39m
                [33maria-label[39m=[32m"Go back to job list"[39m
                [33mclass[39m=[32m"back-button"[39m
              [36m>[39m
                [36m<svg[39m
                  [33mclass[39m=[32m"w-6 h-6"[39m
                  [33mfill[39m=[32m"none"[39m
                  [33mstroke[39m=[32m"currentColor"[39m
                  [33mviewBox[39m=[32m"0 0 24 24"[39m
                [36m>[39m
                  [36m<path[39m
                    [33md[39m=[32m"M10 19l-7-7m0 0l7-7m-7 7h18"[39m
                    [33mstroke-linecap[39m=[32m"round"[39m
                    [33mstroke-linejoin[39m=[32m"round"[39m
                    [33mstroke-width[39m=[32m"2"[39m
                  [36m/>[39m
                [36m</svg>[39m
              [36m</button>[39m
              [36m<h1[39m
                [33mclass[39m=[32m"job-title-main"[39m
              [36m>[39m
                [0mJob #[0m
                [0m1[0m
              [36m</h1>[39m
            [36m</div>[39m
          [36m</div>[39m
          [36m<div[39m
            [33mclass[39m=[32m"job-title-section"[39m
          [36m>[39m
            [36m<div[39m
              [33mclass[39m=[32m"job-title-static"[39m
            [36m>[39m
              [36m<span[39m
                [33mclass[39m=[32m"job-title-text"[39m
              [36m>[39m
                [0mTest Job[0m
              [36m</span>[39m
            [36m</div>[39m
          [36m</div>[39m
        [36m</header>[39m
        [36m<div[39m
          [33mclass[39m=[32m"tab-navigation"[39m
        [36m>[39m
          [36m<button[39m
            [33mclass[39m=[32m"tab-button active"[39m
            [33mdata-tab[39m=[32m"overview"[39m
          [36m>[39m
            [0mOverview[0m
          [36m</button>[39m
          [36m<button[39m
            [33mclass[39m=[32m"tab-button "[39m
            [33mdata-tab[39m=[32m"images"[39m
          [36m>[39m
            [0mImages[0m
          [36m</button>[39m
        [36m</div>[39m
        [36m<main[39m
          [33mclass[39m=[32m"tab-content-container"[39m
        [36m>[39m
          [36m<div[39m
            [33mclass[39m=[32m"tab-content active"[39m
            [33mid[39m=[32m"overview"[39m
          [36m>[39m
            [36m<div[39m
              [33mclass[39m=[32m"overview-content"[39m
            [36m>[39m
              [36m<div[39m
                [33mclass[39m=[32m"info-grid"[39m
              [36m>[39m
                [36m<div[39m
                  [33mclass[39m=[32m"info-card"[39m
                [36m>[39m
                  [36m<div[39m
                    [33mclass[39m=[32m"info-label"[39m
                  [36m>[39m
                    [0mJob ID[0m
                  [36m</div>[39m
                  [36m<div[39m
                    [33mclass[39m=[32m"info-value"[39m
                  [36m>[39m
                    [0mJOB-[0m
                    [0m1[0m
                  [36m</div>[39m
                [36m</div>[39m
                [36m<div[39m
                  [33mclass[39m=[32m"info-card"[39m
                [36m>[39m
                  [36m<div[39m
                    [33mclass[39m=[32m"info-label"[39m
                  [36m>[39m
                    [0mStatus[0m
                  [36m</div>[39m
                  [36m<div[39m
                    [33mclass[39m=[32m"info-value"[39m
                  [36m>[39m
                    [36m<span[39m
                      [33mclass[39m=[32m"inline-flex items-center gap-1 px-2 py-1 rounded-full text-sm font-medium border bg-green-100 text-green-800 border-green-200"[39m
                    [36m>[39m
                      [36m<svg[39m
                        [33maria-hidden[39m=[32m"true"[39m
                        [33mclass[39m=[32m"w-4 h-4"[39m
                        [33mfill[39m=[32m"none"[39m
                        [33mstroke[39m=[32m"currentColor"[39m
                        [33mviewBox[39m=[32m"0 0 24 24"[39m
                      [36m>[39m
                        [36m<path[39m
                          [33md[39m=[32m"M5 13l4 4L19 7"[39m
                          [33mstroke-linecap[39m=[32m"round"[39m
                          [33mstroke-linejoin[39m=[32m"round"[39m
                          [33mstroke-width[39m=[32m"2"[39m
                        [36m/>[39m
                      [36m</svg>[39m
                      [0mCompleted[0m
                    [36m</span>[39m
                  [36m</div>[39m
                [36m</div>[39m
                [36m<div[39m
                  [33mclass[39m=[32m"info-card"[39m
                [36m>[39m
                  [36m<div[39m
                    [33mclass[39m=[32m"info-label"[39m
                  [36m>[39m
                    [0mStart Time[0m
                  [36m</div>[39m
                  [36m<div[39m
                    [33mclass[39m=[32m"info-value"[39m
                  [36m>[39m
                    [0m1/1/2024, 12:00:00 PM[0m
                  [36m</div>[39m
                [36m</div>[39m
                [36m<div[39m
                  [33mclass[39m=[32m"info-card"[39m
                [36m>[39m
                  [36m<div[39m
                    [33mclass[39m=[32m"info-label"[39m
                  [36m>[39m
                    [0mDuration[0m
                  [36m</div>[39m
                  [36m<div[39m
                    [33mclass[39m=[32m"info-value"[39m
                  [36m>[39m
                    [0m5m[0m
                  [36m</div>[39m
                [36m</div>[39m
                [36m<div[39m
                  [33mclass[39m=[32m"info-card"[39m
                [36m>[39m
                  [36m<div[39m
                    [33mclass[39m=[32m"info-label"[39m
                  [36m>[39m
                    [0mSuccess Rate[0m
                  [36m</div>[39m
                  [36m<div[39m
                    [33mclass[39m=[32m"info-value"[39m
                  [36m>[39m
                    [0mN/A[0m
                  [36m</div>[39m
                [36m</div>[39m
              [36m</div>[39m
              [36m<h2[39m
                [33mclass[39m=[32m"section-title"[39m
              [36m>[39m
                [0...
 ❯ waitForWrapper node_modules/@testing-library/dom/dist/wait-for.js:163:27
 ❯ src/renderer/components/Jobs/__tests__/SingleJobView.test.tsx:212:13
    210|       render(<SingleJobView {...defaultProps} />);
    211|       
    212|       await waitFor(() => {
       |             ^
    213|         // Use the header title instead of generic text search
    214|         expect(screen.getByRole('heading', { name: 'Test Job' })).toBe…

⎯⎯⎯⎯⎯⎯⎯⎯⎯⎯⎯⎯⎯⎯⎯⎯⎯⎯⎯⎯⎯[65/254]⎯

 FAIL  src/renderer/components/Jobs/__tests__/SingleJobView.test.tsx > SingleJobView > Tab Navigation > switches to logs tab when clicked
TestingLibraryElementError: Unable to find an accessible element with the role "button" and name "Logs"

Here are the accessible roles:

  banner:

  Name "":
  [36m<header[39m
    [33mclass[39m=[32m"job-header"[39m
  [36m/>[39m

  --------------------------------------------------
  button:

  Name "Go back to job list":
  [36m<button[39m
    [33maria-label[39m=[32m"Go back to job list"[39m
    [33mclass[39m=[32m"back-button"[39m
  [36m/>[39m

  Name "Overview":
  [36m<button[39m
    [33mclass[39m=[32m"tab-button active"[39m
    [33mdata-tab[39m=[32m"overview"[39m
  [36m/>[39m

  Name "Images":
  [36m<button[39m
    [33mclass[39m=[32m"tab-button "[39m
    [33mdata-tab[39m=[32m"images"[39m
  [36m/>[39m

  Name "Refresh":
  [36m<button[39m
    [33mclass[39m=[32m"refresh-button"[39m
    [33mtitle[39m=[32m"Refresh job data"[39m
  [36m/>[39m

  Name "Edit":
  [36m<button[39m
    [33mclass[39m=[32m"edit-button"[39m
    [33mtitle[39m=[32m"Edit job settings"[39m
  [36m/>[39m

  Name "Grid View":
  [36m<button[39m
    [33mclass[39m=[32m"view-toggle active"[39m
    [33mtitle[39m=[32m"Grid View"[39m
  [36m/>[39m

  Name "List View":
  [36m<button[39m
    [33mclass[39m=[32m"view-toggle "[39m
    [33mtitle[39m=[32m"List View"[39m
  [36m/>[39m

  Name "Rerun Job":
  [36m<button[39m
    [33mclass[39m=[32m"btn-rerun"[39m
  [36m/>[39m

  Name "Export Job":
  [36m<button[39m
    [33mclass[39m=[32m"btn-export"[39m
  [36m/>[39m

  Name "Delete Job":
  [36m<button[39m
    [33mclass[39m=[32m"btn-delete"[39m
  [36m/>[39m

  --------------------------------------------------
  heading:

  Name "Job #1":
  [36m<h1[39m
    [33mclass[39m=[32m"job-title-main"[39m
  [36m/>[39m

  Name "Generated Images Summary":
  [36m<h2[39m
    [33mclass[39m=[32m"section-title"[39m
  [36m/>[39m

  Name "Settings":
  [36m<h2[39m
    [33mclass[39m=[32m"section-title"[39m
  [36m/>[39m

  Name "Model Configuration":
  [36m<h3 />[39m

  Name "Image Settings":
  [36m<h3 />[39m

  Name "Processing Options":
  [36m<h3 />[39m

  --------------------------------------------------
  main:

  Name "":
  [36m<main[39m
    [33mclass[39m=[32m"tab-content-container"[39m
  [36m/>[39m

  --------------------------------------------------
  combobox:

  Name "":
  [36m<select[39m
    [33mclass[39m=[32m"filter-select"[39m
  [36m/>[39m

  --------------------------------------------------
  option:

  Name "All":
  [36m<option[39m
    [33mvalue[39m=[32m"all"[39m
  [36m/>[39m

  Name "Approved":
  [36m<option[39m
    [33mvalue[39m=[32m"approved"[39m
  [36m/>[39m

  Name "Failed (All)":
  [36m<option[39m
    [33mvalue[39m=[32m"failed_all"[39m
  [36m/>[39m

  Name "Failed – QC":
  [36m<option[39m
    [33mvalue[39m=[32m"failed_qc"[39m
  [36m/>[39m

  Name "Failed – Technical":
  [36m<option[39m
    [33mvalue[39m=[32m"failed_tech"[39m
  [36m/>[39m

  --------------------------------------------------
  img:

  Name "Generated image 1":
  [36m<img[39m
    [33malt[39m=[32m"Generated image 1"[39m
    [33mclass[39m=[32m"w-full h-full object-cover"[39m
    [33msrc[39m=[32m"local-file:///path/to/image1.jpg"[39m
  [36m/>[39m

  Name "Generated image 2":
  [36m<img[39m
    [33malt[39m=[32m"Generated image 2"[39m
    [33mclass[39m=[32m"w-full h-full object-cover"[39m
    [33msrc[39m=[32m"local-file:///path/to/image2.jpg"[39m
  [36m/>[39m

  --------------------------------------------------
  contentinfo:

  Name "":
  [36m<footer[39m
    [33mclass[39m=[32m"job-footer"[39m
  [36m/>[39m

  --------------------------------------------------

Ignored nodes: comments, script, style
[36m<body>[39m
  [36m<div>[39m
    [36m<div[39m
      [33mclass[39m=[32m"single-job-view"[39m
    [36m>[39m
      [36m<header[39m
        [33mclass[39m=[32m"job-header"[39m
      [36m>[39m
        [36m<div[39m
          [33mclass[39m=[32m"header-content"[39m
        [36m>[39m
          [36m<div[39m
            [33mclass[39m=[32m"header-left"[39m
          [36m>[39m
            [36m<button[39m
              [33maria-label[39m=[32m"Go back to job list"[39m
              [33mclass[39m=[32m"back-button"[39m
            [36m>[39m
              [36m<svg[39m
                [33mclass[39m=[32m"w-6 h-6"[39m
                [33mfill[39m=[32m"none"[39m
                [33mstroke[39m=[32m"currentColor"[39m
                [33mviewBox[39m=[32m"0 0 24 24"[39m
              [36m>[39m
                [36m<path[39m
                  [33md[39m=[32m"M10 19l-7-7m0 0l7-7m-7 7h18"[39m
                  [33mstroke-linecap[39m=[32m"round"[39m
                  [33mstroke-linejoin[39m=[32m"round"[39m
                  [33mstroke-width[39m=[32m"2"[39m
                [36m/>[39m
              [36m</svg>[39m
            [36m</button>[39m
            [36m<h1[39m
              [33mclass[39m=[32m"job-title-main"[39m
            [36m>[39m
              [0mJob #[0m
              [0m1[0m
            [36m</h1>[39m
          [36m</div>[39m
        [36m</div>[39m
        [36m<div[39m
          [33mclass[39m=[32m"job-title-section"[39m
        [36m>[39m
          [36m<div[39m
            [33mclass[39m=[32m"job-title-static"[39m
          [36m>[39m
            [36m<span[39m
              [33mclass[39m=[32m"job-title-text"[39m
            [36m>[39m
              [0mTest Job[0m
            [36m</span>[39m
          [36m</div>[39m
        [36m</div>[39m
      [36m</header>[39m
      [36m<div[39m
        [33mclass[39m=[32m"tab-navigation"[39m
      [36m>[39m
        [36m<button[39m
          [33mclass[39m=[32m"tab-button active"[39m
          [33mdata-tab[39m=[32m"overview"[39m
        [36m>[39m
          [0mOverview[0m
        [36m</button>[39m
        [36m<button[39m
          [33mclass[39m=[32m"tab-button "[39m
          [33mdata-tab[39m=[32m"images"[39m
        [36m>[39m
          [0mImages[0m
        [36m</button>[39m
      [36m</div>[39m
      [36m<main[39m
        [33mclass[39m=[32m"tab-content-container"[39m
      [36m>[39m
        [36m<div[39m
          [33mclass[39m=[32m"tab-content active"[39m
          [33mid[39m=[32m"overview"[39m
        [36m>[39m
          [36m<div[39m
            [33mclass[39m=[32m"overview-content"[39m
          [36m>[39m
            [36m<div[39m
              [33mclass[39m=[32m"info-grid"[39m
            [36m>[39m
              [36m<div[39m
                [33mclass[39m=[32m"info-card"[39m
              [36m>[39m
                [36m<div[39m
                  [33mclass[39m=[32m"info-label"[39m
                [36m>[39m
                  [0mJob ID[0m
                [36m</div>[39m
                [36m<div[39m
                  [33mclass[39m=[32m"info-value"[39m
                [36m>[39m
                  [0mJOB-[0m
                  [0m1[0m
                [36m</div>[39m
              [36m</div>[39m
              [36m<div[39m
                [33mclass[39m=[32m"info-card"[39m
              [36m>[39m
                [36m<div[39m
                  [33mclass[39m=[32m"info-label"[39m
                [36m>[39m
                  [0mStatus[0m
                [36m</div>[39m
                [36m<div[39m
                  [33mclass[39m=[32m"info-value"[39m
                [36m>[39m
                  [36m<span[39m
                    [33mclass[39m=[32m"inline-flex items-center gap-1 px-2 py-1 rounded-full text-sm font-medium border bg-green-100 text-green-800 border-green-200"[39m
                  [36m>[39m
                    [36m<svg[39m
                      [33maria-hidden[39m=[32m"true"[39m
                      [33mclass[39m=[32m"w-4 h-4"[39m
                      [33mfill[39m=[32m"none"[39m
                      [33mstroke[39m=[32m"currentColor"[39m
                      [33mviewBox[39m=[32m"0 0 24 24"[39m
                    [36m>[39m
                      [36m<path[39m
                        [33md[39m=[32m"M5 13l4 4L19 7"[39m
                        [33mstroke-linecap[39m=[32m"round"[39m
                        [33mstroke-linejoin[39m=[32m"round"[39m
                        [33mstroke-width[39m=[32m"2"[39m
                      [36m/>[39m
                    [36m</svg>[39m
                    [0mCompleted[0m
                  [36m</span>[39m
                [36m</div>[39m
              [36m</div>[39m
              [36m<div[39m
                [33mclass[39m=[32m"info-card"[39m
              [36m>[39m
                [36m<div[39m
                  [33mclass[39m=[32m"info-label"[39m
                [36m>[39m
                  [0mStart Time[0m
                [36m</div>[39m
                [36m<div[39m
                  [33mclass[39m=[32m"info-value"[39m
                [36m>[39m
                  [0m1/1/2024, 12:00:00 PM[0m
                [36m</div>[39m
              [36m</div>[39m
              [36m<div[39m
                [33mclass[39m=[32m"info-card"[39m
              [36m>[39m
                [36m<div[39m
                  [33mclass[39m=[32m"info-label"[39m
                [36m>[39m
                  [0mDuration[0m
                [36m</div>[39m
                [36m<div[39m
                  [33mclass[39m=[32m"info-value"[39m
                [36m>[39m
                  [0m5m[0m
                [36m</div>[39m
              [36m</div>[39m
              [36m<div[39m
                [33mclass[39m=[32m"info-card"[39m
              [36m>[39m
                [36m<div[39m
                  [33mclass[39m=[32m"info-label"[39m
                [36m>[39m
                  [0mSuccess Rate[0m
                [36m</div>[39m
                [36m<div[39m
                  [33mclass[39m=[32m"info-value"[39m
                [36m>[39m
                  [0mN/A[0m
                [36m</div>[39m
              [36m</div>[39m
            [36m</div>[39m
            [36m<h2[39m
              [33mclass[39m=[32m"section-title"[39m
            [36m>[39m
              [0mGenerated Images Summary[0m
            [36m</h2>[39m
            [36m<div[39m
              [33mclass[39m=[32m"stats-grid"[39m
            [36m>[39m
              [36m<div[39m
                [33mclass[39m=[32m"stats-card"[39m
              [36m>[39m
                [36m<div[39m
                  [33mclass[39m=[32m"stats-label"[39m
                [36m>[39m
   ...
 ❯ Object.getElementError node_modules/@testing-library/dom/dist/config.js:37:19
 ❯ node_modules/@testing-library/dom/dist/query-helpers.js:76:38
 ❯ node_modules/@testing-library/dom/dist/query-helpers.js:52:17
 ❯ node_modules/@testing-library/dom/dist/query-helpers.js:95:19
 ❯ src/renderer/components/Jobs/__tests__/SingleJobView.test.tsx:232:30
    230|       });
    231|       
    232|       const logsTab = screen.getByRole('button', { name: 'Logs' });
       |                              ^
    233|       fireEvent.click(logsTab);
    234|       

⎯⎯⎯⎯⎯⎯⎯⎯⎯⎯⎯⎯⎯⎯⎯⎯⎯⎯⎯⎯⎯[66/254]⎯

 FAIL  src/renderer/components/Jobs/__tests__/SingleJobView.test.tsx > SingleJobView > Tab Navigation > handles tab navigation with keyboard
TestingLibraryElementError: Unable to find role="heading" and name "Test Job"

Ignored nodes: comments, script, style
[36m<body>[39m
  [36m<div>[39m
    [36m<div[39m
      [33mclass[39m=[32m"single-job-view"[39m
    [36m>[39m
      [36m<header[39m
        [33mclass[39m=[32m"job-header"[39m
      [36m>[39m
        [36m<div[39m
          [33mclass[39m=[32m"header-content"[39m
        [36m>[39m
          [36m<div[39m
            [33mclass[39m=[32m"header-left"[39m
          [36m>[39m
            [36m<button[39m
              [33maria-label[39m=[32m"Go back to job list"[39m
              [33mclass[39m=[32m"back-button"[39m
            [36m>[39m
              [36m<svg[39m
                [33mclass[39m=[32m"w-6 h-6"[39m
                [33mfill[39m=[32m"none"[39m
                [33mstroke[39m=[32m"currentColor"[39m
                [33mviewBox[39m=[32m"0 0 24 24"[39m
              [36m>[39m
                [36m<path[39m
                  [33md[39m=[32m"M10 19l-7-7m0 0l7-7m-7 7h18"[39m
                  [33mstroke-linecap[39m=[32m"round"[39m
                  [33mstroke-linejoin[39m=[32m"round"[39m
                  [33mstroke-width[39m=[32m"2"[39m
                [36m/>[39m
              [36m</svg>[39m
            [36m</button>[39m
            [36m<h1[39m
              [33mclass[39m=[32m"job-title-main"[39m
            [36m>[39m
              [0mJob #[0m
              [0m1[0m
            [36m</h1>[39m
          [36m</div>[39m
        [36m</div>[39m
        [36m<div[39m
          [33mclass[39m=[32m"job-title-section"[39m
        [36m>[39m
          [36m<div[39m
            [33mclass[39m=[32m"job-title-static"[39m
          [36m>[39m
            [36m<span[39m
              [33mclass[39m=[32m"job-title-text"[39m
            [36m>[39m
              [0mTest Job[0m
            [36m</span>[39m
          [36m</div>[39m
        [36m</div>[39m
      [36m</header>[39m
      [36m<div[39m
        [33mclass[39m=[32m"tab-navigation"[39m
      [36m>[39m
        [36m<button[39m
          [33mclass[39m=[32m"tab-button active"[39m
          [33mdata-tab[39m=[32m"overview"[39m
        [36m>[39m
          [0mOverview[0m
        [36m</button>[39m
        [36m<button[39m
          [33mclass[39m=[32m"tab-button "[39m
          [33mdata-tab[39m=[32m"images"[39m
        [36m>[39m
          [0mImages[0m
        [36m</button>[39m
      [36m</div>[39m
      [36m<main[39m
        [33mclass[39m=[32m"tab-content-container"[39m
      [36m>[39m
        [36m<div[39m
          [33mclass[39m=[32m"tab-content active"[39m
          [33mid[39m=[32m"overview"[39m
        [36m>[39m
          [36m<div[39m
            [33mclass[39m=[32m"overview-content"[39m
          [36m>[39m
            [36m<div[39m
              [33mclass[39m=[32m"info-grid"[39m
            [36m>[39m
              [36m<div[39m
                [33mclass[39m=[32m"info-card"[39m
              [36m>[39m
                [36m<div[39m
                  [33mclass[39m=[32m"info-label"[39m
                [36m>[39m
                  [0mJob ID[0m
                [36m</div>[39m
                [36m<div[39m
                  [33mclass[39m=[32m"info-value"[39m
                [36m>[39m
                  [0mJOB-[0m
                  [0m1[0m
                [36m</div>[39m
              [36m</div>[39m
              [36m<div[39m
                [33mclass[39m=[32m"info-card"[39m
              [36m>[39m
                [36m<div[39m
                  [33mclass[39m=[32m"info-label"[39m
                [36m>[39m
                  [0mStatus[0m
                [36m</div>[39m
                [36m<div[39m
                  [33mclass[39m=[32m"info-value"[39m
                [36m>[39m
                  [36m<span[39m
                    [33mclass[39m=[32m"inline-flex items-center gap-1 px-2 py-1 rounded-full text-sm font-medium border bg-green-100 text-green-800 border-green-200"[39m
                  [36m>[39m
                    [36m<svg[39m
                      [33maria-hidden[39m=[32m"true"[39m
                      [33mclass[39m=[32m"w-4 h-4"[39m
                      [33mfill[39m=[32m"none"[39m
                      [33mstroke[39m=[32m"currentColor"[39m
                      [33mviewBox[39m=[32m"0 0 24 24"[39m
                    [36m>[39m
                      [36m<path[39m
                        [33md[39m=[32m"M5 13l4 4L19 7"[39m
                        [33mstroke-linecap[39m=[32m"round"[39m
                        [33mstroke-linejoin[39m=[32m"round"[39m
                        [33mstroke-width[39m=[32m"2"[39m
                      [36m/>[39m
                    [36m</svg>[39m
                    [0mCompleted[0m
                  [36m</span>[39m
                [36m</div>[39m
              [36m</div>[39m
              [36m<div[39m
                [33mclass[39m=[32m"info-card"[39m
              [36m>[39m
                [36m<div[39m
                  [33mclass[39m=[32m"info-label"[39m
                [36m>[39m
                  [0mStart Time[0m
                [36m</div>[39m
                [36m<div[39m
                  [33mclass[39m=[32m"info-value"[39m
                [36m>[39m
                  [0m1/1/2024, 12:00:00 PM[0m
                [36m</div>[39m
              [36m</div>[39m
              [36m<div[39m
                [33mclass[39m=[32m"info-card"[39m
              [36m>[39m
                [36m<div[39m
                  [33mclass[39m=[32m"info-label"[39m
                [36m>[39m
                  [0mDuration[0m
                [36m</div>[39m
                [36m<div[39m
                  [33mclass[39m=[32m"info-value"[39m
                [36m>[39m
                  [0m5m[0m
                [36m</div>[39m
              [36m</div>[39m
              [36m<div[39m
                [33mclass[39m=[32m"info-card"[39m
              [36m>[39m
                [36m<div[39m
                  [33mclass[39m=[32m"info-label"[39m
                [36m>[39m
                  [0mSuccess Rate[0m
                [36m</div>[39m
                [36m<div[39m
                  [33mclass[39m=[32m"info-value"[39m
                [36m>[39m
                  [0mN/A[0m
                [36m</div>[39m
              [36m</div>[39m
            [36m</div>[39m
            [36m<h2[39m
              [33mclass[39m=[32m"section-title"[39m
            [36m>[39m
              [0mGenerated Images Summary[0m
            [36m</h2>[39m
            [36m<div[39m
              [33mclass[39m=[32m"stats-grid"[39m
            [36m>[39m
              [36m<div[39m
                [33mclass[39m=[32m"stats-card"[39m
              [36m>[39m
                [36m<div[39m
                  [33mclass[39m=[32m"stats-label"[39m
                [36m>[39m
   ...

Ignored nodes: comments, script, style
[36m<html>[39m
  [36m<head />[39m
  [36m<body>[39m
    [36m<div>[39m
      [36m<div[39m
        [33mclass[39m=[32m"single-job-view"[39m
      [36m>[39m
        [36m<header[39m
          [33mclass[39m=[32m"job-header"[39m
        [36m>[39m
          [36m<div[39m
            [33mclass[39m=[32m"header-content"[39m
          [36m>[39m
            [36m<div[39m
              [33mclass[39m=[32m"header-left"[39m
            [36m>[39m
              [36m<button[39m
                [33maria-label[39m=[32m"Go back to job list"[39m
                [33mclass[39m=[32m"back-button"[39m
              [36m>[39m
                [36m<svg[39m
                  [33mclass[39m=[32m"w-6 h-6"[39m
                  [33mfill[39m=[32m"none"[39m
                  [33mstroke[39m=[32m"currentColor"[39m
                  [33mviewBox[39m=[32m"0 0 24 24"[39m
                [36m>[39m
                  [36m<path[39m
                    [33md[39m=[32m"M10 19l-7-7m0 0l7-7m-7 7h18"[39m
                    [33mstroke-linecap[39m=[32m"round"[39m
                    [33mstroke-linejoin[39m=[32m"round"[39m
                    [33mstroke-width[39m=[32m"2"[39m
                  [36m/>[39m
                [36m</svg>[39m
              [36m</button>[39m
              [36m<h1[39m
                [33mclass[39m=[32m"job-title-main"[39m
              [36m>[39m
                [0mJob #[0m
                [0m1[0m
              [36m</h1>[39m
            [36m</div>[39m
          [36m</div>[39m
          [36m<div[39m
            [33mclass[39m=[32m"job-title-section"[39m
          [36m>[39m
            [36m<div[39m
              [33mclass[39m=[32m"job-title-static"[39m
            [36m>[39m
              [36m<span[39m
                [33mclass[39m=[32m"job-title-text"[39m
              [36m>[39m
                [0mTest Job[0m
              [36m</span>[39m
            [36m</div>[39m
          [36m</div>[39m
        [36m</header>[39m
        [36m<div[39m
          [33mclass[39m=[32m"tab-navigation"[39m
        [36m>[39m
          [36m<button[39m
            [33mclass[39m=[32m"tab-button active"[39m
            [33mdata-tab[39m=[32m"overview"[39m
          [36m>[39m
            [0mOverview[0m
          [36m</button>[39m
          [36m<button[39m
            [33mclass[39m=[32m"tab-button "[39m
            [33mdata-tab[39m=[32m"images"[39m
          [36m>[39m
            [0mImages[0m
          [36m</button>[39m
        [36m</div>[39m
        [36m<main[39m
          [33mclass[39m=[32m"tab-content-container"[39m
        [36m>[39m
          [36m<div[39m
            [33mclass[39m=[32m"tab-content active"[39m
            [33mid[39m=[32m"overview"[39m
          [36m>[39m
            [36m<div[39m
              [33mclass[39m=[32m"overview-content"[39m
            [36m>[39m
              [36m<div[39m
                [33mclass[39m=[32m"info-grid"[39m
              [36m>[39m
                [36m<div[39m
                  [33mclass[39m=[32m"info-card"[39m
                [36m>[39m
                  [36m<div[39m
                    [33mclass[39m=[32m"info-label"[39m
                  [36m>[39m
                    [0mJob ID[0m
                  [36m</div>[39m
                  [36m<div[39m
                    [33mclass[39m=[32m"info-value"[39m
                  [36m>[39m
                    [0mJOB-[0m
                    [0m1[0m
                  [36m</div>[39m
                [36m</div>[39m
                [36m<div[39m
                  [33mclass[39m=[32m"info-card"[39m
                [36m>[39m
                  [36m<div[39m
                    [33mclass[39m=[32m"info-label"[39m
                  [36m>[39m
                    [0mStatus[0m
                  [36m</div>[39m
                  [36m<div[39m
                    [33mclass[39m=[32m"info-value"[39m
                  [36m>[39m
                    [36m<span[39m
                      [33mclass[39m=[32m"inline-flex items-center gap-1 px-2 py-1 rounded-full text-sm font-medium border bg-green-100 text-green-800 border-green-200"[39m
                    [36m>[39m
                      [36m<svg[39m
                        [33maria-hidden[39m=[32m"true"[39m
                        [33mclass[39m=[32m"w-4 h-4"[39m
                        [33mfill[39m=[32m"none"[39m
                        [33mstroke[39m=[32m"currentColor"[39m
                        [33mviewBox[39m=[32m"0 0 24 24"[39m
                      [36m>[39m
                        [36m<path[39m
                          [33md[39m=[32m"M5 13l4 4L19 7"[39m
                          [33mstroke-linecap[39m=[32m"round"[39m
                          [33mstroke-linejoin[39m=[32m"round"[39m
                          [33mstroke-width[39m=[32m"2"[39m
                        [36m/>[39m
                      [36m</svg>[39m
                      [0mCompleted[0m
                    [36m</span>[39m
                  [36m</div>[39m
                [36m</div>[39m
                [36m<div[39m
                  [33mclass[39m=[32m"info-card"[39m
                [36m>[39m
                  [36m<div[39m
                    [33mclass[39m=[32m"info-label"[39m
                  [36m>[39m
                    [0mStart Time[0m
                  [36m</div>[39m
                  [36m<div[39m
                    [33mclass[39m=[32m"info-value"[39m
                  [36m>[39m
                    [0m1/1/2024, 12:00:00 PM[0m
                  [36m</div>[39m
                [36m</div>[39m
                [36m<div[39m
                  [33mclass[39m=[32m"info-card"[39m
                [36m>[39m
                  [36m<div[39m
                    [33mclass[39m=[32m"info-label"[39m
                  [36m>[39m
                    [0mDuration[0m
                  [36m</div>[39m
                  [36m<div[39m
                    [33mclass[39m=[32m"info-value"[39m
                  [36m>[39m
                    [0m5m[0m
                  [36m</div>[39m
                [36m</div>[39m
                [36m<div[39m
                  [33mclass[39m=[32m"info-card"[39m
                [36m>[39m
                  [36m<div[39m
                    [33mclass[39m=[32m"info-label"[39m
                  [36m>[39m
                    [0mSuccess Rate[0m
                  [36m</div>[39m
                  [36m<div[39m
                    [33mclass[39m=[32m"info-value"[39m
                  [36m>[39m
                    [0mN/A[0m
                  [36m</div>[39m
                [36m</div>[39m
              [36m</div>[39m
              [36m<h2[39m
                [33mclass[39m=[32m"section-title"[39m
              [36m>[39m
                [0...
 ❯ waitForWrapper node_modules/@testing-library/dom/dist/wait-for.js:163:27
 ❯ src/renderer/components/Jobs/__tests__/SingleJobView.test.tsx:242:13
    240|       render(<SingleJobView {...defaultProps} />);
    241|       
    242|       await waitFor(() => {
       |             ^
    243|         // Use the header title instead of generic text search
    244|         expect(screen.getByRole('heading', { name: 'Test Job' })).toBe…

⎯⎯⎯⎯⎯⎯⎯⎯⎯⎯⎯⎯⎯⎯⎯⎯⎯⎯⎯⎯⎯[67/254]⎯

 FAIL  src/renderer/components/Jobs/__tests__/SingleJobView.test.tsx > SingleJobView > Action Buttons > handles back button click
TestingLibraryElementError: Unable to find role="heading" and name "Test Job"

Ignored nodes: comments, script, style
[36m<body>[39m
  [36m<div>[39m
    [36m<div[39m
      [33mclass[39m=[32m"single-job-view"[39m
    [36m>[39m
      [36m<header[39m
        [33mclass[39m=[32m"job-header"[39m
      [36m>[39m
        [36m<div[39m
          [33mclass[39m=[32m"header-content"[39m
        [36m>[39m
          [36m<div[39m
            [33mclass[39m=[32m"header-left"[39m
          [36m>[39m
            [36m<button[39m
              [33maria-label[39m=[32m"Go back to job list"[39m
              [33mclass[39m=[32m"back-button"[39m
            [36m>[39m
              [36m<svg[39m
                [33mclass[39m=[32m"w-6 h-6"[39m
                [33mfill[39m=[32m"none"[39m
                [33mstroke[39m=[32m"currentColor"[39m
                [33mviewBox[39m=[32m"0 0 24 24"[39m
              [36m>[39m
                [36m<path[39m
                  [33md[39m=[32m"M10 19l-7-7m0 0l7-7m-7 7h18"[39m
                  [33mstroke-linecap[39m=[32m"round"[39m
                  [33mstroke-linejoin[39m=[32m"round"[39m
                  [33mstroke-width[39m=[32m"2"[39m
                [36m/>[39m
              [36m</svg>[39m
            [36m</button>[39m
            [36m<h1[39m
              [33mclass[39m=[32m"job-title-main"[39m
            [36m>[39m
              [0mJob #[0m
              [0m1[0m
            [36m</h1>[39m
          [36m</div>[39m
        [36m</div>[39m
        [36m<div[39m
          [33mclass[39m=[32m"job-title-section"[39m
        [36m>[39m
          [36m<div[39m
            [33mclass[39m=[32m"job-title-static"[39m
          [36m>[39m
            [36m<span[39m
              [33mclass[39m=[32m"job-title-text"[39m
            [36m>[39m
              [0mTest Job[0m
            [36m</span>[39m
          [36m</div>[39m
        [36m</div>[39m
      [36m</header>[39m
      [36m<div[39m
        [33mclass[39m=[32m"tab-navigation"[39m
      [36m>[39m
        [36m<button[39m
          [33mclass[39m=[32m"tab-button active"[39m
          [33mdata-tab[39m=[32m"overview"[39m
        [36m>[39m
          [0mOverview[0m
        [36m</button>[39m
        [36m<button[39m
          [33mclass[39m=[32m"tab-button "[39m
          [33mdata-tab[39m=[32m"images"[39m
        [36m>[39m
          [0mImages[0m
        [36m</button>[39m
      [36m</div>[39m
      [36m<main[39m
        [33mclass[39m=[32m"tab-content-container"[39m
      [36m>[39m
        [36m<div[39m
          [33mclass[39m=[32m"tab-content active"[39m
          [33mid[39m=[32m"overview"[39m
        [36m>[39m
          [36m<div[39m
            [33mclass[39m=[32m"overview-content"[39m
          [36m>[39m
            [36m<div[39m
              [33mclass[39m=[32m"info-grid"[39m
            [36m>[39m
              [36m<div[39m
                [33mclass[39m=[32m"info-card"[39m
              [36m>[39m
                [36m<div[39m
                  [33mclass[39m=[32m"info-label"[39m
                [36m>[39m
                  [0mJob ID[0m
                [36m</div>[39m
                [36m<div[39m
                  [33mclass[39m=[32m"info-value"[39m
                [36m>[39m
                  [0mJOB-[0m
                  [0m1[0m
                [36m</div>[39m
              [36m</div>[39m
              [36m<div[39m
                [33mclass[39m=[32m"info-card"[39m
              [36m>[39m
                [36m<div[39m
                  [33mclass[39m=[32m"info-label"[39m
                [36m>[39m
                  [0mStatus[0m
                [36m</div>[39m
                [36m<div[39m
                  [33mclass[39m=[32m"info-value"[39m
                [36m>[39m
                  [36m<span[39m
                    [33mclass[39m=[32m"inline-flex items-center gap-1 px-2 py-1 rounded-full text-sm font-medium border bg-green-100 text-green-800 border-green-200"[39m
                  [36m>[39m
                    [36m<svg[39m
                      [33maria-hidden[39m=[32m"true"[39m
                      [33mclass[39m=[32m"w-4 h-4"[39m
                      [33mfill[39m=[32m"none"[39m
                      [33mstroke[39m=[32m"currentColor"[39m
                      [33mviewBox[39m=[32m"0 0 24 24"[39m
                    [36m>[39m
                      [36m<path[39m
                        [33md[39m=[32m"M5 13l4 4L19 7"[39m
                        [33mstroke-linecap[39m=[32m"round"[39m
                        [33mstroke-linejoin[39m=[32m"round"[39m
                        [33mstroke-width[39m=[32m"2"[39m
                      [36m/>[39m
                    [36m</svg>[39m
                    [0mCompleted[0m
                  [36m</span>[39m
                [36m</div>[39m
              [36m</div>[39m
              [36m<div[39m
                [33mclass[39m=[32m"info-card"[39m
              [36m>[39m
                [36m<div[39m
                  [33mclass[39m=[32m"info-label"[39m
                [36m>[39m
                  [0mStart Time[0m
                [36m</div>[39m
                [36m<div[39m
                  [33mclass[39m=[32m"info-value"[39m
                [36m>[39m
                  [0m1/1/2024, 12:00:00 PM[0m
                [36m</div>[39m
              [36m</div>[39m
              [36m<div[39m
                [33mclass[39m=[32m"info-card"[39m
              [36m>[39m
                [36m<div[39m
                  [33mclass[39m=[32m"info-label"[39m
                [36m>[39m
                  [0mDuration[0m
                [36m</div>[39m
                [36m<div[39m
                  [33mclass[39m=[32m"info-value"[39m
                [36m>[39m
                  [0m5m[0m
                [36m</div>[39m
              [36m</div>[39m
              [36m<div[39m
                [33mclass[39m=[32m"info-card"[39m
              [36m>[39m
                [36m<div[39m
                  [33mclass[39m=[32m"info-label"[39m
                [36m>[39m
                  [0mSuccess Rate[0m
                [36m</div>[39m
                [36m<div[39m
                  [33mclass[39m=[32m"info-value"[39m
                [36m>[39m
                  [0mN/A[0m
                [36m</div>[39m
              [36m</div>[39m
            [36m</div>[39m
            [36m<h2[39m
              [33mclass[39m=[32m"section-title"[39m
            [36m>[39m
              [0mGenerated Images Summary[0m
            [36m</h2>[39m
            [36m<div[39m
              [33mclass[39m=[32m"stats-grid"[39m
            [36m>[39m
              [36m<div[39m
                [33mclass[39m=[32m"stats-card"[39m
              [36m>[39m
                [36m<div[39m
                  [33mclass[39m=[32m"stats-label"[39m
                [36m>[39m
   ...

Ignored nodes: comments, script, style
[36m<html>[39m
  [36m<head />[39m
  [36m<body>[39m
    [36m<div>[39m
      [36m<div[39m
        [33mclass[39m=[32m"single-job-view"[39m
      [36m>[39m
        [36m<header[39m
          [33mclass[39m=[32m"job-header"[39m
        [36m>[39m
          [36m<div[39m
            [33mclass[39m=[32m"header-content"[39m
          [36m>[39m
            [36m<div[39m
              [33mclass[39m=[32m"header-left"[39m
            [36m>[39m
              [36m<button[39m
                [33maria-label[39m=[32m"Go back to job list"[39m
                [33mclass[39m=[32m"back-button"[39m
              [36m>[39m
                [36m<svg[39m
                  [33mclass[39m=[32m"w-6 h-6"[39m
                  [33mfill[39m=[32m"none"[39m
                  [33mstroke[39m=[32m"currentColor"[39m
                  [33mviewBox[39m=[32m"0 0 24 24"[39m
                [36m>[39m
                  [36m<path[39m
                    [33md[39m=[32m"M10 19l-7-7m0 0l7-7m-7 7h18"[39m
                    [33mstroke-linecap[39m=[32m"round"[39m
                    [33mstroke-linejoin[39m=[32m"round"[39m
                    [33mstroke-width[39m=[32m"2"[39m
                  [36m/>[39m
                [36m</svg>[39m
              [36m</button>[39m
              [36m<h1[39m
                [33mclass[39m=[32m"job-title-main"[39m
              [36m>[39m
                [0mJob #[0m
                [0m1[0m
              [36m</h1>[39m
            [36m</div>[39m
          [36m</div>[39m
          [36m<div[39m
            [33mclass[39m=[32m"job-title-section"[39m
          [36m>[39m
            [36m<div[39m
              [33mclass[39m=[32m"job-title-static"[39m
            [36m>[39m
              [36m<span[39m
                [33mclass[39m=[32m"job-title-text"[39m
              [36m>[39m
                [0mTest Job[0m
              [36m</span>[39m
            [36m</div>[39m
          [36m</div>[39m
        [36m</header>[39m
        [36m<div[39m
          [33mclass[39m=[32m"tab-navigation"[39m
        [36m>[39m
          [36m<button[39m
            [33mclass[39m=[32m"tab-button active"[39m
            [33mdata-tab[39m=[32m"overview"[39m
          [36m>[39m
            [0mOverview[0m
          [36m</button>[39m
          [36m<button[39m
            [33mclass[39m=[32m"tab-button "[39m
            [33mdata-tab[39m=[32m"images"[39m
          [36m>[39m
            [0mImages[0m
          [36m</button>[39m
        [36m</div>[39m
        [36m<main[39m
          [33mclass[39m=[32m"tab-content-container"[39m
        [36m>[39m
          [36m<div[39m
            [33mclass[39m=[32m"tab-content active"[39m
            [33mid[39m=[32m"overview"[39m
          [36m>[39m
            [36m<div[39m
              [33mclass[39m=[32m"overview-content"[39m
            [36m>[39m
              [36m<div[39m
                [33mclass[39m=[32m"info-grid"[39m
              [36m>[39m
                [36m<div[39m
                  [33mclass[39m=[32m"info-card"[39m
                [36m>[39m
                  [36m<div[39m
                    [33mclass[39m=[32m"info-label"[39m
                  [36m>[39m
                    [0mJob ID[0m
                  [36m</div>[39m
                  [36m<div[39m
                    [33mclass[39m=[32m"info-value"[39m
                  [36m>[39m
                    [0mJOB-[0m
                    [0m1[0m
                  [36m</div>[39m
                [36m</div>[39m
                [36m<div[39m
                  [33mclass[39m=[32m"info-card"[39m
                [36m>[39m
                  [36m<div[39m
                    [33mclass[39m=[32m"info-label"[39m
                  [36m>[39m
                    [0mStatus[0m
                  [36m</div>[39m
                  [36m<div[39m
                    [33mclass[39m=[32m"info-value"[39m
                  [36m>[39m
                    [36m<span[39m
                      [33mclass[39m=[32m"inline-flex items-center gap-1 px-2 py-1 rounded-full text-sm font-medium border bg-green-100 text-green-800 border-green-200"[39m
                    [36m>[39m
                      [36m<svg[39m
                        [33maria-hidden[39m=[32m"true"[39m
                        [33mclass[39m=[32m"w-4 h-4"[39m
                        [33mfill[39m=[32m"none"[39m
                        [33mstroke[39m=[32m"currentColor"[39m
                        [33mviewBox[39m=[32m"0 0 24 24"[39m
                      [36m>[39m
                        [36m<path[39m
                          [33md[39m=[32m"M5 13l4 4L19 7"[39m
                          [33mstroke-linecap[39m=[32m"round"[39m
                          [33mstroke-linejoin[39m=[32m"round"[39m
                          [33mstroke-width[39m=[32m"2"[39m
                        [36m/>[39m
                      [36m</svg>[39m
                      [0mCompleted[0m
                    [36m</span>[39m
                  [36m</div>[39m
                [36m</div>[39m
                [36m<div[39m
                  [33mclass[39m=[32m"info-card"[39m
                [36m>[39m
                  [36m<div[39m
                    [33mclass[39m=[32m"info-label"[39m
                  [36m>[39m
                    [0mStart Time[0m
                  [36m</div>[39m
                  [36m<div[39m
                    [33mclass[39m=[32m"info-value"[39m
                  [36m>[39m
                    [0m1/1/2024, 12:00:00 PM[0m
                  [36m</div>[39m
                [36m</div>[39m
                [36m<div[39m
                  [33mclass[39m=[32m"info-card"[39m
                [36m>[39m
                  [36m<div[39m
                    [33mclass[39m=[32m"info-label"[39m
                  [36m>[39m
                    [0mDuration[0m
                  [36m</div>[39m
                  [36m<div[39m
                    [33mclass[39m=[32m"info-value"[39m
                  [36m>[39m
                    [0m5m[0m
                  [36m</div>[39m
                [36m</div>[39m
                [36m<div[39m
                  [33mclass[39m=[32m"info-card"[39m
                [36m>[39m
                  [36m<div[39m
                    [33mclass[39m=[32m"info-label"[39m
                  [36m>[39m
                    [0mSuccess Rate[0m
                  [36m</div>[39m
                  [36m<div[39m
                    [33mclass[39m=[32m"info-value"[39m
                  [36m>[39m
                    [0mN/A[0m
                  [36m</div>[39m
                [36m</div>[39m
              [36m</div>[39m
              [36m<h2[39m
                [33mclass[39m=[32m"section-title"[39m
              [36m>[39m
                [0...
 ❯ waitForWrapper node_modules/@testing-library/dom/dist/wait-for.js:163:27
 ❯ src/renderer/components/Jobs/__tests__/SingleJobView.test.tsx:264:13
    262|       render(<SingleJobView {...defaultProps} />);
    263|       
    264|       await waitFor(() => {
       |             ^
    265|         // Use the header title instead of generic text search
    266|         expect(screen.getByRole('heading', { name: 'Test Job' })).toBe…

⎯⎯⎯⎯⎯⎯⎯⎯⎯⎯⎯⎯⎯⎯⎯⎯⎯⎯⎯⎯⎯[68/254]⎯

 FAIL  src/renderer/components/Jobs/__tests__/SingleJobView.test.tsx > SingleJobView > Action Buttons > handles back button keyboard navigation
TestingLibraryElementError: Unable to find role="heading" and name "Test Job"

Ignored nodes: comments, script, style
[36m<body>[39m
  [36m<div>[39m
    [36m<div[39m
      [33mclass[39m=[32m"single-job-view"[39m
    [36m>[39m
      [36m<header[39m
        [33mclass[39m=[32m"job-header"[39m
      [36m>[39m
        [36m<div[39m
          [33mclass[39m=[32m"header-content"[39m
        [36m>[39m
          [36m<div[39m
            [33mclass[39m=[32m"header-left"[39m
          [36m>[39m
            [36m<button[39m
              [33maria-label[39m=[32m"Go back to job list"[39m
              [33mclass[39m=[32m"back-button"[39m
            [36m>[39m
              [36m<svg[39m
                [33mclass[39m=[32m"w-6 h-6"[39m
                [33mfill[39m=[32m"none"[39m
                [33mstroke[39m=[32m"currentColor"[39m
                [33mviewBox[39m=[32m"0 0 24 24"[39m
              [36m>[39m
                [36m<path[39m
                  [33md[39m=[32m"M10 19l-7-7m0 0l7-7m-7 7h18"[39m
                  [33mstroke-linecap[39m=[32m"round"[39m
                  [33mstroke-linejoin[39m=[32m"round"[39m
                  [33mstroke-width[39m=[32m"2"[39m
                [36m/>[39m
              [36m</svg>[39m
            [36m</button>[39m
            [36m<h1[39m
              [33mclass[39m=[32m"job-title-main"[39m
            [36m>[39m
              [0mJob #[0m
              [0m1[0m
            [36m</h1>[39m
          [36m</div>[39m
        [36m</div>[39m
        [36m<div[39m
          [33mclass[39m=[32m"job-title-section"[39m
        [36m>[39m
          [36m<div[39m
            [33mclass[39m=[32m"job-title-static"[39m
          [36m>[39m
            [36m<span[39m
              [33mclass[39m=[32m"job-title-text"[39m
            [36m>[39m
              [0mTest Job[0m
            [36m</span>[39m
          [36m</div>[39m
        [36m</div>[39m
      [36m</header>[39m
      [36m<div[39m
        [33mclass[39m=[32m"tab-navigation"[39m
      [36m>[39m
        [36m<button[39m
          [33mclass[39m=[32m"tab-button active"[39m
          [33mdata-tab[39m=[32m"overview"[39m
        [36m>[39m
          [0mOverview[0m
        [36m</button>[39m
        [36m<button[39m
          [33mclass[39m=[32m"tab-button "[39m
          [33mdata-tab[39m=[32m"images"[39m
        [36m>[39m
          [0mImages[0m
        [36m</button>[39m
      [36m</div>[39m
      [36m<main[39m
        [33mclass[39m=[32m"tab-content-container"[39m
      [36m>[39m
        [36m<div[39m
          [33mclass[39m=[32m"tab-content active"[39m
          [33mid[39m=[32m"overview"[39m
        [36m>[39m
          [36m<div[39m
            [33mclass[39m=[32m"overview-content"[39m
          [36m>[39m
            [36m<div[39m
              [33mclass[39m=[32m"info-grid"[39m
            [36m>[39m
              [36m<div[39m
                [33mclass[39m=[32m"info-card"[39m
              [36m>[39m
                [36m<div[39m
                  [33mclass[39m=[32m"info-label"[39m
                [36m>[39m
                  [0mJob ID[0m
                [36m</div>[39m
                [36m<div[39m
                  [33mclass[39m=[32m"info-value"[39m
                [36m>[39m
                  [0mJOB-[0m
                  [0m1[0m
                [36m</div>[39m
              [36m</div>[39m
              [36m<div[39m
                [33mclass[39m=[32m"info-card"[39m
              [36m>[39m
                [36m<div[39m
                  [33mclass[39m=[32m"info-label"[39m
                [36m>[39m
                  [0mStatus[0m
                [36m</div>[39m
                [36m<div[39m
                  [33mclass[39m=[32m"info-value"[39m
                [36m>[39m
                  [36m<span[39m
                    [33mclass[39m=[32m"inline-flex items-center gap-1 px-2 py-1 rounded-full text-sm font-medium border bg-green-100 text-green-800 border-green-200"[39m
                  [36m>[39m
                    [36m<svg[39m
                      [33maria-hidden[39m=[32m"true"[39m
                      [33mclass[39m=[32m"w-4 h-4"[39m
                      [33mfill[39m=[32m"none"[39m
                      [33mstroke[39m=[32m"currentColor"[39m
                      [33mviewBox[39m=[32m"0 0 24 24"[39m
                    [36m>[39m
                      [36m<path[39m
                        [33md[39m=[32m"M5 13l4 4L19 7"[39m
                        [33mstroke-linecap[39m=[32m"round"[39m
                        [33mstroke-linejoin[39m=[32m"round"[39m
                        [33mstroke-width[39m=[32m"2"[39m
                      [36m/>[39m
                    [36m</svg>[39m
                    [0mCompleted[0m
                  [36m</span>[39m
                [36m</div>[39m
              [36m</div>[39m
              [36m<div[39m
                [33mclass[39m=[32m"info-card"[39m
              [36m>[39m
                [36m<div[39m
                  [33mclass[39m=[32m"info-label"[39m
                [36m>[39m
                  [0mStart Time[0m
                [36m</div>[39m
                [36m<div[39m
                  [33mclass[39m=[32m"info-value"[39m
                [36m>[39m
                  [0m1/1/2024, 12:00:00 PM[0m
                [36m</div>[39m
              [36m</div>[39m
              [36m<div[39m
                [33mclass[39m=[32m"info-card"[39m
              [36m>[39m
                [36m<div[39m
                  [33mclass[39m=[32m"info-label"[39m
                [36m>[39m
                  [0mDuration[0m
                [36m</div>[39m
                [36m<div[39m
                  [33mclass[39m=[32m"info-value"[39m
                [36m>[39m
                  [0m5m[0m
                [36m</div>[39m
              [36m</div>[39m
              [36m<div[39m
                [33mclass[39m=[32m"info-card"[39m
              [36m>[39m
                [36m<div[39m
                  [33mclass[39m=[32m"info-label"[39m
                [36m>[39m
                  [0mSuccess Rate[0m
                [36m</div>[39m
                [36m<div[39m
                  [33mclass[39m=[32m"info-value"[39m
                [36m>[39m
                  [0mN/A[0m
                [36m</div>[39m
              [36m</div>[39m
            [36m</div>[39m
            [36m<h2[39m
              [33mclass[39m=[32m"section-title"[39m
            [36m>[39m
              [0mGenerated Images Summary[0m
            [36m</h2>[39m
            [36m<div[39m
              [33mclass[39m=[32m"stats-grid"[39m
            [36m>[39m
              [36m<div[39m
                [33mclass[39m=[32m"stats-card"[39m
              [36m>[39m
                [36m<div[39m
                  [33mclass[39m=[32m"stats-label"[39m
                [36m>[39m
   ...

Ignored nodes: comments, script, style
[36m<html>[39m
  [36m<head />[39m
  [36m<body>[39m
    [36m<div>[39m
      [36m<div[39m
        [33mclass[39m=[32m"single-job-view"[39m
      [36m>[39m
        [36m<header[39m
          [33mclass[39m=[32m"job-header"[39m
        [36m>[39m
          [36m<div[39m
            [33mclass[39m=[32m"header-content"[39m
          [36m>[39m
            [36m<div[39m
              [33mclass[39m=[32m"header-left"[39m
            [36m>[39m
              [36m<button[39m
                [33maria-label[39m=[32m"Go back to job list"[39m
                [33mclass[39m=[32m"back-button"[39m
              [36m>[39m
                [36m<svg[39m
                  [33mclass[39m=[32m"w-6 h-6"[39m
                  [33mfill[39m=[32m"none"[39m
                  [33mstroke[39m=[32m"currentColor"[39m
                  [33mviewBox[39m=[32m"0 0 24 24"[39m
                [36m>[39m
                  [36m<path[39m
                    [33md[39m=[32m"M10 19l-7-7m0 0l7-7m-7 7h18"[39m
                    [33mstroke-linecap[39m=[32m"round"[39m
                    [33mstroke-linejoin[39m=[32m"round"[39m
                    [33mstroke-width[39m=[32m"2"[39m
                  [36m/>[39m
                [36m</svg>[39m
              [36m</button>[39m
              [36m<h1[39m
                [33mclass[39m=[32m"job-title-main"[39m
              [36m>[39m
                [0mJob #[0m
                [0m1[0m
              [36m</h1>[39m
            [36m</div>[39m
          [36m</div>[39m
          [36m<div[39m
            [33mclass[39m=[32m"job-title-section"[39m
          [36m>[39m
            [36m<div[39m
              [33mclass[39m=[32m"job-title-static"[39m
            [36m>[39m
              [36m<span[39m
                [33mclass[39m=[32m"job-title-text"[39m
              [36m>[39m
                [0mTest Job[0m
              [36m</span>[39m
            [36m</div>[39m
          [36m</div>[39m
        [36m</header>[39m
        [36m<div[39m
          [33mclass[39m=[32m"tab-navigation"[39m
        [36m>[39m
          [36m<button[39m
            [33mclass[39m=[32m"tab-button active"[39m
            [33mdata-tab[39m=[32m"overview"[39m
          [36m>[39m
            [0mOverview[0m
          [36m</button>[39m
          [36m<button[39m
            [33mclass[39m=[32m"tab-button "[39m
            [33mdata-tab[39m=[32m"images"[39m
          [36m>[39m
            [0mImages[0m
          [36m</button>[39m
        [36m</div>[39m
        [36m<main[39m
          [33mclass[39m=[32m"tab-content-container"[39m
        [36m>[39m
          [36m<div[39m
            [33mclass[39m=[32m"tab-content active"[39m
            [33mid[39m=[32m"overview"[39m
          [36m>[39m
            [36m<div[39m
              [33mclass[39m=[32m"overview-content"[39m
            [36m>[39m
              [36m<div[39m
                [33mclass[39m=[32m"info-grid"[39m
              [36m>[39m
                [36m<div[39m
                  [33mclass[39m=[32m"info-card"[39m
                [36m>[39m
                  [36m<div[39m
                    [33mclass[39m=[32m"info-label"[39m
                  [36m>[39m
                    [0mJob ID[0m
                  [36m</div>[39m
                  [36m<div[39m
                    [33mclass[39m=[32m"info-value"[39m
                  [36m>[39m
                    [0mJOB-[0m
                    [0m1[0m
                  [36m</div>[39m
                [36m</div>[39m
                [36m<div[39m
                  [33mclass[39m=[32m"info-card"[39m
                [36m>[39m
                  [36m<div[39m
                    [33mclass[39m=[32m"info-label"[39m
                  [36m>[39m
                    [0mStatus[0m
                  [36m</div>[39m
                  [36m<div[39m
                    [33mclass[39m=[32m"info-value"[39m
                  [36m>[39m
                    [36m<span[39m
                      [33mclass[39m=[32m"inline-flex items-center gap-1 px-2 py-1 rounded-full text-sm font-medium border bg-green-100 text-green-800 border-green-200"[39m
                    [36m>[39m
                      [36m<svg[39m
                        [33maria-hidden[39m=[32m"true"[39m
                        [33mclass[39m=[32m"w-4 h-4"[39m
                        [33mfill[39m=[32m"none"[39m
                        [33mstroke[39m=[32m"currentColor"[39m
                        [33mviewBox[39m=[32m"0 0 24 24"[39m
                      [36m>[39m
                        [36m<path[39m
                          [33md[39m=[32m"M5 13l4 4L19 7"[39m
                          [33mstroke-linecap[39m=[32m"round"[39m
                          [33mstroke-linejoin[39m=[32m"round"[39m
                          [33mstroke-width[39m=[32m"2"[39m
                        [36m/>[39m
                      [36m</svg>[39m
                      [0mCompleted[0m
                    [36m</span>[39m
                  [36m</div>[39m
                [36m</div>[39m
                [36m<div[39m
                  [33mclass[39m=[32m"info-card"[39m
                [36m>[39m
                  [36m<div[39m
                    [33mclass[39m=[32m"info-label"[39m
                  [36m>[39m
                    [0mStart Time[0m
                  [36m</div>[39m
                  [36m<div[39m
                    [33mclass[39m=[32m"info-value"[39m
                  [36m>[39m
                    [0m1/1/2024, 12:00:00 PM[0m
                  [36m</div>[39m
                [36m</div>[39m
                [36m<div[39m
                  [33mclass[39m=[32m"info-card"[39m
                [36m>[39m
                  [36m<div[39m
                    [33mclass[39m=[32m"info-label"[39m
                  [36m>[39m
                    [0mDuration[0m
                  [36m</div>[39m
                  [36m<div[39m
                    [33mclass[39m=[32m"info-value"[39m
                  [36m>[39m
                    [0m5m[0m
                  [36m</div>[39m
                [36m</div>[39m
                [36m<div[39m
                  [33mclass[39m=[32m"info-card"[39m
                [36m>[39m
                  [36m<div[39m
                    [33mclass[39m=[32m"info-label"[39m
                  [36m>[39m
                    [0mSuccess Rate[0m
                  [36m</div>[39m
                  [36m<div[39m
                    [33mclass[39m=[32m"info-value"[39m
                  [36m>[39m
                    [0mN/A[0m
                  [36m</div>[39m
                [36m</div>[39m
              [36m</div>[39m
              [36m<h2[39m
                [33mclass[39m=[32m"section-title"[39m
              [36m>[39m
                [0...
 ❯ waitForWrapper node_modules/@testing-library/dom/dist/wait-for.js:163:27
 ❯ src/renderer/components/Jobs/__tests__/SingleJobView.test.tsx:278:13
    276|       render(<SingleJobView {...defaultProps} />);
    277|       
    278|       await waitFor(() => {
       |             ^
    279|         // Use the header title instead of generic text search
    280|         expect(screen.getByRole('heading', { name: 'Test Job' })).toBe…

⎯⎯⎯⎯⎯⎯⎯⎯⎯⎯⎯⎯⎯⎯⎯⎯⎯⎯⎯⎯⎯[69/254]⎯

 FAIL  src/renderer/components/Jobs/__tests__/SingleJobView.test.tsx > SingleJobView > Action Buttons > handles export button click
TestingLibraryElementError: Unable to find role="heading" and name "Test Job"

Ignored nodes: comments, script, style
[36m<body>[39m
  [36m<div>[39m
    [36m<div[39m
      [33mclass[39m=[32m"single-job-view"[39m
    [36m>[39m
      [36m<header[39m
        [33mclass[39m=[32m"job-header"[39m
      [36m>[39m
        [36m<div[39m
          [33mclass[39m=[32m"header-content"[39m
        [36m>[39m
          [36m<div[39m
            [33mclass[39m=[32m"header-left"[39m
          [36m>[39m
            [36m<button[39m
              [33maria-label[39m=[32m"Go back to job list"[39m
              [33mclass[39m=[32m"back-button"[39m
            [36m>[39m
              [36m<svg[39m
                [33mclass[39m=[32m"w-6 h-6"[39m
                [33mfill[39m=[32m"none"[39m
                [33mstroke[39m=[32m"currentColor"[39m
                [33mviewBox[39m=[32m"0 0 24 24"[39m
              [36m>[39m
                [36m<path[39m
                  [33md[39m=[32m"M10 19l-7-7m0 0l7-7m-7 7h18"[39m
                  [33mstroke-linecap[39m=[32m"round"[39m
                  [33mstroke-linejoin[39m=[32m"round"[39m
                  [33mstroke-width[39m=[32m"2"[39m
                [36m/>[39m
              [36m</svg>[39m
            [36m</button>[39m
            [36m<h1[39m
              [33mclass[39m=[32m"job-title-main"[39m
            [36m>[39m
              [0mJob #[0m
              [0m1[0m
            [36m</h1>[39m
          [36m</div>[39m
        [36m</div>[39m
        [36m<div[39m
          [33mclass[39m=[32m"job-title-section"[39m
        [36m>[39m
          [36m<div[39m
            [33mclass[39m=[32m"job-title-static"[39m
          [36m>[39m
            [36m<span[39m
              [33mclass[39m=[32m"job-title-text"[39m
            [36m>[39m
              [0mTest Job[0m
            [36m</span>[39m
          [36m</div>[39m
        [36m</div>[39m
      [36m</header>[39m
      [36m<div[39m
        [33mclass[39m=[32m"tab-navigation"[39m
      [36m>[39m
        [36m<button[39m
          [33mclass[39m=[32m"tab-button active"[39m
          [33mdata-tab[39m=[32m"overview"[39m
        [36m>[39m
          [0mOverview[0m
        [36m</button>[39m
        [36m<button[39m
          [33mclass[39m=[32m"tab-button "[39m
          [33mdata-tab[39m=[32m"images"[39m
        [36m>[39m
          [0mImages[0m
        [36m</button>[39m
      [36m</div>[39m
      [36m<main[39m
        [33mclass[39m=[32m"tab-content-container"[39m
      [36m>[39m
        [36m<div[39m
          [33mclass[39m=[32m"tab-content active"[39m
          [33mid[39m=[32m"overview"[39m
        [36m>[39m
          [36m<div[39m
            [33mclass[39m=[32m"overview-content"[39m
          [36m>[39m
            [36m<div[39m
              [33mclass[39m=[32m"info-grid"[39m
            [36m>[39m
              [36m<div[39m
                [33mclass[39m=[32m"info-card"[39m
              [36m>[39m
                [36m<div[39m
                  [33mclass[39m=[32m"info-label"[39m
                [36m>[39m
                  [0mJob ID[0m
                [36m</div>[39m
                [36m<div[39m
                  [33mclass[39m=[32m"info-value"[39m
                [36m>[39m
                  [0mJOB-[0m
                  [0m1[0m
                [36m</div>[39m
              [36m</div>[39m
              [36m<div[39m
                [33mclass[39m=[32m"info-card"[39m
              [36m>[39m
                [36m<div[39m
                  [33mclass[39m=[32m"info-label"[39m
                [36m>[39m
                  [0mStatus[0m
                [36m</div>[39m
                [36m<div[39m
                  [33mclass[39m=[32m"info-value"[39m
                [36m>[39m
                  [36m<span[39m
                    [33mclass[39m=[32m"inline-flex items-center gap-1 px-2 py-1 rounded-full text-sm font-medium border bg-green-100 text-green-800 border-green-200"[39m
                  [36m>[39m
                    [36m<svg[39m
                      [33maria-hidden[39m=[32m"true"[39m
                      [33mclass[39m=[32m"w-4 h-4"[39m
                      [33mfill[39m=[32m"none"[39m
                      [33mstroke[39m=[32m"currentColor"[39m
                      [33mviewBox[39m=[32m"0 0 24 24"[39m
                    [36m>[39m
                      [36m<path[39m
                        [33md[39m=[32m"M5 13l4 4L19 7"[39m
                        [33mstroke-linecap[39m=[32m"round"[39m
                        [33mstroke-linejoin[39m=[32m"round"[39m
                        [33mstroke-width[39m=[32m"2"[39m
                      [36m/>[39m
                    [36m</svg>[39m
                    [0mCompleted[0m
                  [36m</span>[39m
                [36m</div>[39m
              [36m</div>[39m
              [36m<div[39m
                [33mclass[39m=[32m"info-card"[39m
              [36m>[39m
                [36m<div[39m
                  [33mclass[39m=[32m"info-label"[39m
                [36m>[39m
                  [0mStart Time[0m
                [36m</div>[39m
                [36m<div[39m
                  [33mclass[39m=[32m"info-value"[39m
                [36m>[39m
                  [0m1/1/2024, 12:00:00 PM[0m
                [36m</div>[39m
              [36m</div>[39m
              [36m<div[39m
                [33mclass[39m=[32m"info-card"[39m
              [36m>[39m
                [36m<div[39m
                  [33mclass[39m=[32m"info-label"[39m
                [36m>[39m
                  [0mDuration[0m
                [36m</div>[39m
                [36m<div[39m
                  [33mclass[39m=[32m"info-value"[39m
                [36m>[39m
                  [0m5m[0m
                [36m</div>[39m
              [36m</div>[39m
              [36m<div[39m
                [33mclass[39m=[32m"info-card"[39m
              [36m>[39m
                [36m<div[39m
                  [33mclass[39m=[32m"info-label"[39m
                [36m>[39m
                  [0mSuccess Rate[0m
                [36m</div>[39m
                [36m<div[39m
                  [33mclass[39m=[32m"info-value"[39m
                [36m>[39m
                  [0mN/A[0m
                [36m</div>[39m
              [36m</div>[39m
            [36m</div>[39m
            [36m<h2[39m
              [33mclass[39m=[32m"section-title"[39m
            [36m>[39m
              [0mGenerated Images Summary[0m
            [36m</h2>[39m
            [36m<div[39m
              [33mclass[39m=[32m"stats-grid"[39m
            [36m>[39m
              [36m<div[39m
                [33mclass[39m=[32m"stats-card"[39m
              [36m>[39m
                [36m<div[39m
                  [33mclass[39m=[32m"stats-label"[39m
                [36m>[39m
   ...

Ignored nodes: comments, script, style
[36m<html>[39m
  [36m<head />[39m
  [36m<body>[39m
    [36m<div>[39m
      [36m<div[39m
        [33mclass[39m=[32m"single-job-view"[39m
      [36m>[39m
        [36m<header[39m
          [33mclass[39m=[32m"job-header"[39m
        [36m>[39m
          [36m<div[39m
            [33mclass[39m=[32m"header-content"[39m
          [36m>[39m
            [36m<div[39m
              [33mclass[39m=[32m"header-left"[39m
            [36m>[39m
              [36m<button[39m
                [33maria-label[39m=[32m"Go back to job list"[39m
                [33mclass[39m=[32m"back-button"[39m
              [36m>[39m
                [36m<svg[39m
                  [33mclass[39m=[32m"w-6 h-6"[39m
                  [33mfill[39m=[32m"none"[39m
                  [33mstroke[39m=[32m"currentColor"[39m
                  [33mviewBox[39m=[32m"0 0 24 24"[39m
                [36m>[39m
                  [36m<path[39m
                    [33md[39m=[32m"M10 19l-7-7m0 0l7-7m-7 7h18"[39m
                    [33mstroke-linecap[39m=[32m"round"[39m
                    [33mstroke-linejoin[39m=[32m"round"[39m
                    [33mstroke-width[39m=[32m"2"[39m
                  [36m/>[39m
                [36m</svg>[39m
              [36m</button>[39m
              [36m<h1[39m
                [33mclass[39m=[32m"job-title-main"[39m
              [36m>[39m
                [0mJob #[0m
                [0m1[0m
              [36m</h1>[39m
            [36m</div>[39m
          [36m</div>[39m
          [36m<div[39m
            [33mclass[39m=[32m"job-title-section"[39m
          [36m>[39m
            [36m<div[39m
              [33mclass[39m=[32m"job-title-static"[39m
            [36m>[39m
              [36m<span[39m
                [33mclass[39m=[32m"job-title-text"[39m
              [36m>[39m
                [0mTest Job[0m
              [36m</span>[39m
            [36m</div>[39m
          [36m</div>[39m
        [36m</header>[39m
        [36m<div[39m
          [33mclass[39m=[32m"tab-navigation"[39m
        [36m>[39m
          [36m<button[39m
            [33mclass[39m=[32m"tab-button active"[39m
            [33mdata-tab[39m=[32m"overview"[39m
          [36m>[39m
            [0mOverview[0m
          [36m</button>[39m
          [36m<button[39m
            [33mclass[39m=[32m"tab-button "[39m
            [33mdata-tab[39m=[32m"images"[39m
          [36m>[39m
            [0mImages[0m
          [36m</button>[39m
        [36m</div>[39m
        [36m<main[39m
          [33mclass[39m=[32m"tab-content-container"[39m
        [36m>[39m
          [36m<div[39m
            [33mclass[39m=[32m"tab-content active"[39m
            [33mid[39m=[32m"overview"[39m
          [36m>[39m
            [36m<div[39m
              [33mclass[39m=[32m"overview-content"[39m
            [36m>[39m
              [36m<div[39m
                [33mclass[39m=[32m"info-grid"[39m
              [36m>[39m
                [36m<div[39m
                  [33mclass[39m=[32m"info-card"[39m
                [36m>[39m
                  [36m<div[39m
                    [33mclass[39m=[32m"info-label"[39m
                  [36m>[39m
                    [0mJob ID[0m
                  [36m</div>[39m
                  [36m<div[39m
                    [33mclass[39m=[32m"info-value"[39m
                  [36m>[39m
                    [0mJOB-[0m
                    [0m1[0m
                  [36m</div>[39m
                [36m</div>[39m
                [36m<div[39m
                  [33mclass[39m=[32m"info-card"[39m
                [36m>[39m
                  [36m<div[39m
                    [33mclass[39m=[32m"info-label"[39m
                  [36m>[39m
                    [0mStatus[0m
                  [36m</div>[39m
                  [36m<div[39m
                    [33mclass[39m=[32m"info-value"[39m
                  [36m>[39m
                    [36m<span[39m
                      [33mclass[39m=[32m"inline-flex items-center gap-1 px-2 py-1 rounded-full text-sm font-medium border bg-green-100 text-green-800 border-green-200"[39m
                    [36m>[39m
                      [36m<svg[39m
                        [33maria-hidden[39m=[32m"true"[39m
                        [33mclass[39m=[32m"w-4 h-4"[39m
                        [33mfill[39m=[32m"none"[39m
                        [33mstroke[39m=[32m"currentColor"[39m
                        [33mviewBox[39m=[32m"0 0 24 24"[39m
                      [36m>[39m
                        [36m<path[39m
                          [33md[39m=[32m"M5 13l4 4L19 7"[39m
                          [33mstroke-linecap[39m=[32m"round"[39m
                          [33mstroke-linejoin[39m=[32m"round"[39m
                          [33mstroke-width[39m=[32m"2"[39m
                        [36m/>[39m
                      [36m</svg>[39m
                      [0mCompleted[0m
                    [36m</span>[39m
                  [36m</div>[39m
                [36m</div>[39m
                [36m<div[39m
                  [33mclass[39m=[32m"info-card"[39m
                [36m>[39m
                  [36m<div[39m
                    [33mclass[39m=[32m"info-label"[39m
                  [36m>[39m
                    [0mStart Time[0m
                  [36m</div>[39m
                  [36m<div[39m
                    [33mclass[39m=[32m"info-value"[39m
                  [36m>[39m
                    [0m1/1/2024, 12:00:00 PM[0m
                  [36m</div>[39m
                [36m</div>[39m
                [36m<div[39m
                  [33mclass[39m=[32m"info-card"[39m
                [36m>[39m
                  [36m<div[39m
                    [33mclass[39m=[32m"info-label"[39m
                  [36m>[39m
                    [0mDuration[0m
                  [36m</div>[39m
                  [36m<div[39m
                    [33mclass[39m=[32m"info-value"[39m
                  [36m>[39m
                    [0m5m[0m
                  [36m</div>[39m
                [36m</div>[39m
                [36m<div[39m
                  [33mclass[39m=[32m"info-card"[39m
                [36m>[39m
                  [36m<div[39m
                    [33mclass[39m=[32m"info-label"[39m
                  [36m>[39m
                    [0mSuccess Rate[0m
                  [36m</div>[39m
                  [36m<div[39m
                    [33mclass[39m=[32m"info-value"[39m
                  [36m>[39m
                    [0mN/A[0m
                  [36m</div>[39m
                [36m</div>[39m
              [36m</div>[39m
              [36m<h2[39m
                [33mclass[39m=[32m"section-title"[39m
              [36m>[39m
                [0...
 ❯ waitForWrapper node_modules/@testing-library/dom/dist/wait-for.js:163:27
 ❯ src/renderer/components/Jobs/__tests__/SingleJobView.test.tsx:293:13
    291|       render(<SingleJobView {...defaultProps} />);
    292|       
    293|       await waitFor(() => {
       |             ^
    294|         // Use the header title instead of generic text search
    295|         expect(screen.getByRole('heading', { name: 'Test Job' })).toBe…

⎯⎯⎯⎯⎯⎯⎯⎯⎯⎯⎯⎯⎯⎯⎯⎯⎯⎯⎯⎯⎯[70/254]⎯

 FAIL  src/renderer/components/Jobs/__tests__/SingleJobView.test.tsx > SingleJobView > Action Buttons > handles rerun button click
TestingLibraryElementError: Unable to find role="heading" and name "Test Job"

Ignored nodes: comments, script, style
[36m<body>[39m
  [36m<div>[39m
    [36m<div[39m
      [33mclass[39m=[32m"single-job-view"[39m
    [36m>[39m
      [36m<header[39m
        [33mclass[39m=[32m"job-header"[39m
      [36m>[39m
        [36m<div[39m
          [33mclass[39m=[32m"header-content"[39m
        [36m>[39m
          [36m<div[39m
            [33mclass[39m=[32m"header-left"[39m
          [36m>[39m
            [36m<button[39m
              [33maria-label[39m=[32m"Go back to job list"[39m
              [33mclass[39m=[32m"back-button"[39m
            [36m>[39m
              [36m<svg[39m
                [33mclass[39m=[32m"w-6 h-6"[39m
                [33mfill[39m=[32m"none"[39m
                [33mstroke[39m=[32m"currentColor"[39m
                [33mviewBox[39m=[32m"0 0 24 24"[39m
              [36m>[39m
                [36m<path[39m
                  [33md[39m=[32m"M10 19l-7-7m0 0l7-7m-7 7h18"[39m
                  [33mstroke-linecap[39m=[32m"round"[39m
                  [33mstroke-linejoin[39m=[32m"round"[39m
                  [33mstroke-width[39m=[32m"2"[39m
                [36m/>[39m
              [36m</svg>[39m
            [36m</button>[39m
            [36m<h1[39m
              [33mclass[39m=[32m"job-title-main"[39m
            [36m>[39m
              [0mJob #[0m
              [0m1[0m
            [36m</h1>[39m
          [36m</div>[39m
        [36m</div>[39m
        [36m<div[39m
          [33mclass[39m=[32m"job-title-section"[39m
        [36m>[39m
          [36m<div[39m
            [33mclass[39m=[32m"job-title-static"[39m
          [36m>[39m
            [36m<span[39m
              [33mclass[39m=[32m"job-title-text"[39m
            [36m>[39m
              [0mTest Job[0m
            [36m</span>[39m
          [36m</div>[39m
        [36m</div>[39m
      [36m</header>[39m
      [36m<div[39m
        [33mclass[39m=[32m"tab-navigation"[39m
      [36m>[39m
        [36m<button[39m
          [33mclass[39m=[32m"tab-button active"[39m
          [33mdata-tab[39m=[32m"overview"[39m
        [36m>[39m
          [0mOverview[0m
        [36m</button>[39m
        [36m<button[39m
          [33mclass[39m=[32m"tab-button "[39m
          [33mdata-tab[39m=[32m"images"[39m
        [36m>[39m
          [0mImages[0m
        [36m</button>[39m
      [36m</div>[39m
      [36m<main[39m
        [33mclass[39m=[32m"tab-content-container"[39m
      [36m>[39m
        [36m<div[39m
          [33mclass[39m=[32m"tab-content active"[39m
          [33mid[39m=[32m"overview"[39m
        [36m>[39m
          [36m<div[39m
            [33mclass[39m=[32m"overview-content"[39m
          [36m>[39m
            [36m<div[39m
              [33mclass[39m=[32m"info-grid"[39m
            [36m>[39m
              [36m<div[39m
                [33mclass[39m=[32m"info-card"[39m
              [36m>[39m
                [36m<div[39m
                  [33mclass[39m=[32m"info-label"[39m
                [36m>[39m
                  [0mJob ID[0m
                [36m</div>[39m
                [36m<div[39m
                  [33mclass[39m=[32m"info-value"[39m
                [36m>[39m
                  [0mJOB-[0m
                  [0m1[0m
                [36m</div>[39m
              [36m</div>[39m
              [36m<div[39m
                [33mclass[39m=[32m"info-card"[39m
              [36m>[39m
                [36m<div[39m
                  [33mclass[39m=[32m"info-label"[39m
                [36m>[39m
                  [0mStatus[0m
                [36m</div>[39m
                [36m<div[39m
                  [33mclass[39m=[32m"info-value"[39m
                [36m>[39m
                  [36m<span[39m
                    [33mclass[39m=[32m"inline-flex items-center gap-1 px-2 py-1 rounded-full text-sm font-medium border bg-green-100 text-green-800 border-green-200"[39m
                  [36m>[39m
                    [36m<svg[39m
                      [33maria-hidden[39m=[32m"true"[39m
                      [33mclass[39m=[32m"w-4 h-4"[39m
                      [33mfill[39m=[32m"none"[39m
                      [33mstroke[39m=[32m"currentColor"[39m
                      [33mviewBox[39m=[32m"0 0 24 24"[39m
                    [36m>[39m
                      [36m<path[39m
                        [33md[39m=[32m"M5 13l4 4L19 7"[39m
                        [33mstroke-linecap[39m=[32m"round"[39m
                        [33mstroke-linejoin[39m=[32m"round"[39m
                        [33mstroke-width[39m=[32m"2"[39m
                      [36m/>[39m
                    [36m</svg>[39m
                    [0mCompleted[0m
                  [36m</span>[39m
                [36m</div>[39m
              [36m</div>[39m
              [36m<div[39m
                [33mclass[39m=[32m"info-card"[39m
              [36m>[39m
                [36m<div[39m
                  [33mclass[39m=[32m"info-label"[39m
                [36m>[39m
                  [0mStart Time[0m
                [36m</div>[39m
                [36m<div[39m
                  [33mclass[39m=[32m"info-value"[39m
                [36m>[39m
                  [0m1/1/2024, 12:00:00 PM[0m
                [36m</div>[39m
              [36m</div>[39m
              [36m<div[39m
                [33mclass[39m=[32m"info-card"[39m
              [36m>[39m
                [36m<div[39m
                  [33mclass[39m=[32m"info-label"[39m
                [36m>[39m
                  [0mDuration[0m
                [36m</div>[39m
                [36m<div[39m
                  [33mclass[39m=[32m"info-value"[39m
                [36m>[39m
                  [0m5m[0m
                [36m</div>[39m
              [36m</div>[39m
              [36m<div[39m
                [33mclass[39m=[32m"info-card"[39m
              [36m>[39m
                [36m<div[39m
                  [33mclass[39m=[32m"info-label"[39m
                [36m>[39m
                  [0mSuccess Rate[0m
                [36m</div>[39m
                [36m<div[39m
                  [33mclass[39m=[32m"info-value"[39m
                [36m>[39m
                  [0mN/A[0m
                [36m</div>[39m
              [36m</div>[39m
            [36m</div>[39m
            [36m<h2[39m
              [33mclass[39m=[32m"section-title"[39m
            [36m>[39m
              [0mGenerated Images Summary[0m
            [36m</h2>[39m
            [36m<div[39m
              [33mclass[39m=[32m"stats-grid"[39m
            [36m>[39m
              [36m<div[39m
                [33mclass[39m=[32m"stats-card"[39m
              [36m>[39m
                [36m<div[39m
                  [33mclass[39m=[32m"stats-label"[39m
                [36m>[39m
   ...

Ignored nodes: comments, script, style
[36m<html>[39m
  [36m<head />[39m
  [36m<body>[39m
    [36m<div>[39m
      [36m<div[39m
        [33mclass[39m=[32m"single-job-view"[39m
      [36m>[39m
        [36m<header[39m
          [33mclass[39m=[32m"job-header"[39m
        [36m>[39m
          [36m<div[39m
            [33mclass[39m=[32m"header-content"[39m
          [36m>[39m
            [36m<div[39m
              [33mclass[39m=[32m"header-left"[39m
            [36m>[39m
              [36m<button[39m
                [33maria-label[39m=[32m"Go back to job list"[39m
                [33mclass[39m=[32m"back-button"[39m
              [36m>[39m
                [36m<svg[39m
                  [33mclass[39m=[32m"w-6 h-6"[39m
                  [33mfill[39m=[32m"none"[39m
                  [33mstroke[39m=[32m"currentColor"[39m
                  [33mviewBox[39m=[32m"0 0 24 24"[39m
                [36m>[39m
                  [36m<path[39m
                    [33md[39m=[32m"M10 19l-7-7m0 0l7-7m-7 7h18"[39m
                    [33mstroke-linecap[39m=[32m"round"[39m
                    [33mstroke-linejoin[39m=[32m"round"[39m
                    [33mstroke-width[39m=[32m"2"[39m
                  [36m/>[39m
                [36m</svg>[39m
              [36m</button>[39m
              [36m<h1[39m
                [33mclass[39m=[32m"job-title-main"[39m
              [36m>[39m
                [0mJob #[0m
                [0m1[0m
              [36m</h1>[39m
            [36m</div>[39m
          [36m</div>[39m
          [36m<div[39m
            [33mclass[39m=[32m"job-title-section"[39m
          [36m>[39m
            [36m<div[39m
              [33mclass[39m=[32m"job-title-static"[39m
            [36m>[39m
              [36m<span[39m
                [33mclass[39m=[32m"job-title-text"[39m
              [36m>[39m
                [0mTest Job[0m
              [36m</span>[39m
            [36m</div>[39m
          [36m</div>[39m
        [36m</header>[39m
        [36m<div[39m
          [33mclass[39m=[32m"tab-navigation"[39m
        [36m>[39m
          [36m<button[39m
            [33mclass[39m=[32m"tab-button active"[39m
            [33mdata-tab[39m=[32m"overview"[39m
          [36m>[39m
            [0mOverview[0m
          [36m</button>[39m
          [36m<button[39m
            [33mclass[39m=[32m"tab-button "[39m
            [33mdata-tab[39m=[32m"images"[39m
          [36m>[39m
            [0mImages[0m
          [36m</button>[39m
        [36m</div>[39m
        [36m<main[39m
          [33mclass[39m=[32m"tab-content-container"[39m
        [36m>[39m
          [36m<div[39m
            [33mclass[39m=[32m"tab-content active"[39m
            [33mid[39m=[32m"overview"[39m
          [36m>[39m
            [36m<div[39m
              [33mclass[39m=[32m"overview-content"[39m
            [36m>[39m
              [36m<div[39m
                [33mclass[39m=[32m"info-grid"[39m
              [36m>[39m
                [36m<div[39m
                  [33mclass[39m=[32m"info-card"[39m
                [36m>[39m
                  [36m<div[39m
                    [33mclass[39m=[32m"info-label"[39m
                  [36m>[39m
                    [0mJob ID[0m
                  [36m</div>[39m
                  [36m<div[39m
                    [33mclass[39m=[32m"info-value"[39m
                  [36m>[39m
                    [0mJOB-[0m
                    [0m1[0m
                  [36m</div>[39m
                [36m</div>[39m
                [36m<div[39m
                  [33mclass[39m=[32m"info-card"[39m
                [36m>[39m
                  [36m<div[39m
                    [33mclass[39m=[32m"info-label"[39m
                  [36m>[39m
                    [0mStatus[0m
                  [36m</div>[39m
                  [36m<div[39m
                    [33mclass[39m=[32m"info-value"[39m
                  [36m>[39m
                    [36m<span[39m
                      [33mclass[39m=[32m"inline-flex items-center gap-1 px-2 py-1 rounded-full text-sm font-medium border bg-green-100 text-green-800 border-green-200"[39m
                    [36m>[39m
                      [36m<svg[39m
                        [33maria-hidden[39m=[32m"true"[39m
                        [33mclass[39m=[32m"w-4 h-4"[39m
                        [33mfill[39m=[32m"none"[39m
                        [33mstroke[39m=[32m"currentColor"[39m
                        [33mviewBox[39m=[32m"0 0 24 24"[39m
                      [36m>[39m
                        [36m<path[39m
                          [33md[39m=[32m"M5 13l4 4L19 7"[39m
                          [33mstroke-linecap[39m=[32m"round"[39m
                          [33mstroke-linejoin[39m=[32m"round"[39m
                          [33mstroke-width[39m=[32m"2"[39m
                        [36m/>[39m
                      [36m</svg>[39m
                      [0mCompleted[0m
                    [36m</span>[39m
                  [36m</div>[39m
                [36m</div>[39m
                [36m<div[39m
                  [33mclass[39m=[32m"info-card"[39m
                [36m>[39m
                  [36m<div[39m
                    [33mclass[39m=[32m"info-label"[39m
                  [36m>[39m
                    [0mStart Time[0m
                  [36m</div>[39m
                  [36m<div[39m
                    [33mclass[39m=[32m"info-value"[39m
                  [36m>[39m
                    [0m1/1/2024, 12:00:00 PM[0m
                  [36m</div>[39m
                [36m</div>[39m
                [36m<div[39m
                  [33mclass[39m=[32m"info-card"[39m
                [36m>[39m
                  [36m<div[39m
                    [33mclass[39m=[32m"info-label"[39m
                  [36m>[39m
                    [0mDuration[0m
                  [36m</div>[39m
                  [36m<div[39m
                    [33mclass[39m=[32m"info-value"[39m
                  [36m>[39m
                    [0m5m[0m
                  [36m</div>[39m
                [36m</div>[39m
                [36m<div[39m
                  [33mclass[39m=[32m"info-card"[39m
                [36m>[39m
                  [36m<div[39m
                    [33mclass[39m=[32m"info-label"[39m
                  [36m>[39m
                    [0mSuccess Rate[0m
                  [36m</div>[39m
                  [36m<div[39m
                    [33mclass[39m=[32m"info-value"[39m
                  [36m>[39m
                    [0mN/A[0m
                  [36m</div>[39m
                [36m</div>[39m
              [36m</div>[39m
              [36m<h2[39m
                [33mclass[39m=[32m"section-title"[39m
              [36m>[39m
                [0...
 ❯ waitForWrapper node_modules/@testing-library/dom/dist/wait-for.js:163:27
 ❯ src/renderer/components/Jobs/__tests__/SingleJobView.test.tsx:307:13
    305|       render(<SingleJobView {...defaultProps} />);
    306|       
    307|       await waitFor(() => {
       |             ^
    308|         // Use the header title instead of generic text search
    309|         expect(screen.getByRole('heading', { name: 'Test Job' })).toBe…

⎯⎯⎯⎯⎯⎯⎯⎯⎯⎯⎯⎯⎯⎯⎯⎯⎯⎯⎯⎯⎯[71/254]⎯

 FAIL  src/renderer/components/Jobs/__tests__/SingleJobView.test.tsx > SingleJobView > Action Buttons > handles delete button click
TestingLibraryElementError: Unable to find role="heading" and name "Test Job"

Ignored nodes: comments, script, style
[36m<body>[39m
  [36m<div>[39m
    [36m<div[39m
      [33mclass[39m=[32m"single-job-view"[39m
    [36m>[39m
      [36m<header[39m
        [33mclass[39m=[32m"job-header"[39m
      [36m>[39m
        [36m<div[39m
          [33mclass[39m=[32m"header-content"[39m
        [36m>[39m
          [36m<div[39m
            [33mclass[39m=[32m"header-left"[39m
          [36m>[39m
            [36m<button[39m
              [33maria-label[39m=[32m"Go back to job list"[39m
              [33mclass[39m=[32m"back-button"[39m
            [36m>[39m
              [36m<svg[39m
                [33mclass[39m=[32m"w-6 h-6"[39m
                [33mfill[39m=[32m"none"[39m
                [33mstroke[39m=[32m"currentColor"[39m
                [33mviewBox[39m=[32m"0 0 24 24"[39m
              [36m>[39m
                [36m<path[39m
                  [33md[39m=[32m"M10 19l-7-7m0 0l7-7m-7 7h18"[39m
                  [33mstroke-linecap[39m=[32m"round"[39m
                  [33mstroke-linejoin[39m=[32m"round"[39m
                  [33mstroke-width[39m=[32m"2"[39m
                [36m/>[39m
              [36m</svg>[39m
            [36m</button>[39m
            [36m<h1[39m
              [33mclass[39m=[32m"job-title-main"[39m
            [36m>[39m
              [0mJob #[0m
              [0m1[0m
            [36m</h1>[39m
          [36m</div>[39m
        [36m</div>[39m
        [36m<div[39m
          [33mclass[39m=[32m"job-title-section"[39m
        [36m>[39m
          [36m<div[39m
            [33mclass[39m=[32m"job-title-static"[39m
          [36m>[39m
            [36m<span[39m
              [33mclass[39m=[32m"job-title-text"[39m
            [36m>[39m
              [0mTest Job[0m
            [36m</span>[39m
          [36m</div>[39m
        [36m</div>[39m
      [36m</header>[39m
      [36m<div[39m
        [33mclass[39m=[32m"tab-navigation"[39m
      [36m>[39m
        [36m<button[39m
          [33mclass[39m=[32m"tab-button active"[39m
          [33mdata-tab[39m=[32m"overview"[39m
        [36m>[39m
          [0mOverview[0m
        [36m</button>[39m
        [36m<button[39m
          [33mclass[39m=[32m"tab-button "[39m
          [33mdata-tab[39m=[32m"images"[39m
        [36m>[39m
          [0mImages[0m
        [36m</button>[39m
      [36m</div>[39m
      [36m<main[39m
        [33mclass[39m=[32m"tab-content-container"[39m
      [36m>[39m
        [36m<div[39m
          [33mclass[39m=[32m"tab-content active"[39m
          [33mid[39m=[32m"overview"[39m
        [36m>[39m
          [36m<div[39m
            [33mclass[39m=[32m"overview-content"[39m
          [36m>[39m
            [36m<div[39m
              [33mclass[39m=[32m"info-grid"[39m
            [36m>[39m
              [36m<div[39m
                [33mclass[39m=[32m"info-card"[39m
              [36m>[39m
                [36m<div[39m
                  [33mclass[39m=[32m"info-label"[39m
                [36m>[39m
                  [0mJob ID[0m
                [36m</div>[39m
                [36m<div[39m
                  [33mclass[39m=[32m"info-value"[39m
                [36m>[39m
                  [0mJOB-[0m
                  [0m1[0m
                [36m</div>[39m
              [36m</div>[39m
              [36m<div[39m
                [33mclass[39m=[32m"info-card"[39m
              [36m>[39m
                [36m<div[39m
                  [33mclass[39m=[32m"info-label"[39m
                [36m>[39m
                  [0mStatus[0m
                [36m</div>[39m
                [36m<div[39m
                  [33mclass[39m=[32m"info-value"[39m
                [36m>[39m
                  [36m<span[39m
                    [33mclass[39m=[32m"inline-flex items-center gap-1 px-2 py-1 rounded-full text-sm font-medium border bg-green-100 text-green-800 border-green-200"[39m
                  [36m>[39m
                    [36m<svg[39m
                      [33maria-hidden[39m=[32m"true"[39m
                      [33mclass[39m=[32m"w-4 h-4"[39m
                      [33mfill[39m=[32m"none"[39m
                      [33mstroke[39m=[32m"currentColor"[39m
                      [33mviewBox[39m=[32m"0 0 24 24"[39m
                    [36m>[39m
                      [36m<path[39m
                        [33md[39m=[32m"M5 13l4 4L19 7"[39m
                        [33mstroke-linecap[39m=[32m"round"[39m
                        [33mstroke-linejoin[39m=[32m"round"[39m
                        [33mstroke-width[39m=[32m"2"[39m
                      [36m/>[39m
                    [36m</svg>[39m
                    [0mCompleted[0m
                  [36m</span>[39m
                [36m</div>[39m
              [36m</div>[39m
              [36m<div[39m
                [33mclass[39m=[32m"info-card"[39m
              [36m>[39m
                [36m<div[39m
                  [33mclass[39m=[32m"info-label"[39m
                [36m>[39m
                  [0mStart Time[0m
                [36m</div>[39m
                [36m<div[39m
                  [33mclass[39m=[32m"info-value"[39m
                [36m>[39m
                  [0m1/1/2024, 12:00:00 PM[0m
                [36m</div>[39m
              [36m</div>[39m
              [36m<div[39m
                [33mclass[39m=[32m"info-card"[39m
              [36m>[39m
                [36m<div[39m
                  [33mclass[39m=[32m"info-label"[39m
                [36m>[39m
                  [0mDuration[0m
                [36m</div>[39m
                [36m<div[39m
                  [33mclass[39m=[32m"info-value"[39m
                [36m>[39m
                  [0m5m[0m
                [36m</div>[39m
              [36m</div>[39m
              [36m<div[39m
                [33mclass[39m=[32m"info-card"[39m
              [36m>[39m
                [36m<div[39m
                  [33mclass[39m=[32m"info-label"[39m
                [36m>[39m
                  [0mSuccess Rate[0m
                [36m</div>[39m
                [36m<div[39m
                  [33mclass[39m=[32m"info-value"[39m
                [36m>[39m
                  [0mN/A[0m
                [36m</div>[39m
              [36m</div>[39m
            [36m</div>[39m
            [36m<h2[39m
              [33mclass[39m=[32m"section-title"[39m
            [36m>[39m
              [0mGenerated Images Summary[0m
            [36m</h2>[39m
            [36m<div[39m
              [33mclass[39m=[32m"stats-grid"[39m
            [36m>[39m
              [36m<div[39m
                [33mclass[39m=[32m"stats-card"[39m
              [36m>[39m
                [36m<div[39m
                  [33mclass[39m=[32m"stats-label"[39m
                [36m>[39m
   ...

Ignored nodes: comments, script, style
[36m<html>[39m
  [36m<head />[39m
  [36m<body>[39m
    [36m<div>[39m
      [36m<div[39m
        [33mclass[39m=[32m"single-job-view"[39m
      [36m>[39m
        [36m<header[39m
          [33mclass[39m=[32m"job-header"[39m
        [36m>[39m
          [36m<div[39m
            [33mclass[39m=[32m"header-content"[39m
          [36m>[39m
            [36m<div[39m
              [33mclass[39m=[32m"header-left"[39m
            [36m>[39m
              [36m<button[39m
                [33maria-label[39m=[32m"Go back to job list"[39m
                [33mclass[39m=[32m"back-button"[39m
              [36m>[39m
                [36m<svg[39m
                  [33mclass[39m=[32m"w-6 h-6"[39m
                  [33mfill[39m=[32m"none"[39m
                  [33mstroke[39m=[32m"currentColor"[39m
                  [33mviewBox[39m=[32m"0 0 24 24"[39m
                [36m>[39m
                  [36m<path[39m
                    [33md[39m=[32m"M10 19l-7-7m0 0l7-7m-7 7h18"[39m
                    [33mstroke-linecap[39m=[32m"round"[39m
                    [33mstroke-linejoin[39m=[32m"round"[39m
                    [33mstroke-width[39m=[32m"2"[39m
                  [36m/>[39m
                [36m</svg>[39m
              [36m</button>[39m
              [36m<h1[39m
                [33mclass[39m=[32m"job-title-main"[39m
              [36m>[39m
                [0mJob #[0m
                [0m1[0m
              [36m</h1>[39m
            [36m</div>[39m
          [36m</div>[39m
          [36m<div[39m
            [33mclass[39m=[32m"job-title-section"[39m
          [36m>[39m
            [36m<div[39m
              [33mclass[39m=[32m"job-title-static"[39m
            [36m>[39m
              [36m<span[39m
                [33mclass[39m=[32m"job-title-text"[39m
              [36m>[39m
                [0mTest Job[0m
              [36m</span>[39m
            [36m</div>[39m
          [36m</div>[39m
        [36m</header>[39m
        [36m<div[39m
          [33mclass[39m=[32m"tab-navigation"[39m
        [36m>[39m
          [36m<button[39m
            [33mclass[39m=[32m"tab-button active"[39m
            [33mdata-tab[39m=[32m"overview"[39m
          [36m>[39m
            [0mOverview[0m
          [36m</button>[39m
          [36m<button[39m
            [33mclass[39m=[32m"tab-button "[39m
            [33mdata-tab[39m=[32m"images"[39m
          [36m>[39m
            [0mImages[0m
          [36m</button>[39m
        [36m</div>[39m
        [36m<main[39m
          [33mclass[39m=[32m"tab-content-container"[39m
        [36m>[39m
          [36m<div[39m
            [33mclass[39m=[32m"tab-content active"[39m
            [33mid[39m=[32m"overview"[39m
          [36m>[39m
            [36m<div[39m
              [33mclass[39m=[32m"overview-content"[39m
            [36m>[39m
              [36m<div[39m
                [33mclass[39m=[32m"info-grid"[39m
              [36m>[39m
                [36m<div[39m
                  [33mclass[39m=[32m"info-card"[39m
                [36m>[39m
                  [36m<div[39m
                    [33mclass[39m=[32m"info-label"[39m
                  [36m>[39m
                    [0mJob ID[0m
                  [36m</div>[39m
                  [36m<div[39m
                    [33mclass[39m=[32m"info-value"[39m
                  [36m>[39m
                    [0mJOB-[0m
                    [0m1[0m
                  [36m</div>[39m
                [36m</div>[39m
                [36m<div[39m
                  [33mclass[39m=[32m"info-card"[39m
                [36m>[39m
                  [36m<div[39m
                    [33mclass[39m=[32m"info-label"[39m
                  [36m>[39m
                    [0mStatus[0m
                  [36m</div>[39m
                  [36m<div[39m
                    [33mclass[39m=[32m"info-value"[39m
                  [36m>[39m
                    [36m<span[39m
                      [33mclass[39m=[32m"inline-flex items-center gap-1 px-2 py-1 rounded-full text-sm font-medium border bg-green-100 text-green-800 border-green-200"[39m
                    [36m>[39m
                      [36m<svg[39m
                        [33maria-hidden[39m=[32m"true"[39m
                        [33mclass[39m=[32m"w-4 h-4"[39m
                        [33mfill[39m=[32m"none"[39m
                        [33mstroke[39m=[32m"currentColor"[39m
                        [33mviewBox[39m=[32m"0 0 24 24"[39m
                      [36m>[39m
                        [36m<path[39m
                          [33md[39m=[32m"M5 13l4 4L19 7"[39m
                          [33mstroke-linecap[39m=[32m"round"[39m
                          [33mstroke-linejoin[39m=[32m"round"[39m
                          [33mstroke-width[39m=[32m"2"[39m
                        [36m/>[39m
                      [36m</svg>[39m
                      [0mCompleted[0m
                    [36m</span>[39m
                  [36m</div>[39m
                [36m</div>[39m
                [36m<div[39m
                  [33mclass[39m=[32m"info-card"[39m
                [36m>[39m
                  [36m<div[39m
                    [33mclass[39m=[32m"info-label"[39m
                  [36m>[39m
                    [0mStart Time[0m
                  [36m</div>[39m
                  [36m<div[39m
                    [33mclass[39m=[32m"info-value"[39m
                  [36m>[39m
                    [0m1/1/2024, 12:00:00 PM[0m
                  [36m</div>[39m
                [36m</div>[39m
                [36m<div[39m
                  [33mclass[39m=[32m"info-card"[39m
                [36m>[39m
                  [36m<div[39m
                    [33mclass[39m=[32m"info-label"[39m
                  [36m>[39m
                    [0mDuration[0m
                  [36m</div>[39m
                  [36m<div[39m
                    [33mclass[39m=[32m"info-value"[39m
                  [36m>[39m
                    [0m5m[0m
                  [36m</div>[39m
                [36m</div>[39m
                [36m<div[39m
                  [33mclass[39m=[32m"info-card"[39m
                [36m>[39m
                  [36m<div[39m
                    [33mclass[39m=[32m"info-label"[39m
                  [36m>[39m
                    [0mSuccess Rate[0m
                  [36m</div>[39m
                  [36m<div[39m
                    [33mclass[39m=[32m"info-value"[39m
                  [36m>[39m
                    [0mN/A[0m
                  [36m</div>[39m
                [36m</div>[39m
              [36m</div>[39m
              [36m<h2[39m
                [33mclass[39m=[32m"section-title"[39m
              [36m>[39m
                [0...
 ❯ waitForWrapper node_modules/@testing-library/dom/dist/wait-for.js:163:27
 ❯ src/renderer/components/Jobs/__tests__/SingleJobView.test.tsx:321:13
    319|       render(<SingleJobView {...defaultProps} />);
    320|       
    321|       await waitFor(() => {
       |             ^
    322|         // Use the header title instead of generic text search
    323|         expect(screen.getByRole('heading', { name: 'Test Job' })).toBe…

⎯⎯⎯⎯⎯⎯⎯⎯⎯⎯⎯⎯⎯⎯⎯⎯⎯⎯⎯⎯⎯[72/254]⎯

 FAIL  src/renderer/components/Jobs/__tests__/SingleJobView.test.tsx > SingleJobView > Action Buttons > handles delete button keyboard navigation
TestingLibraryElementError: Unable to find role="heading" and name "Test Job"

Ignored nodes: comments, script, style
[36m<body>[39m
  [36m<div>[39m
    [36m<div[39m
      [33mclass[39m=[32m"single-job-view"[39m
    [36m>[39m
      [36m<header[39m
        [33mclass[39m=[32m"job-header"[39m
      [36m>[39m
        [36m<div[39m
          [33mclass[39m=[32m"header-content"[39m
        [36m>[39m
          [36m<div[39m
            [33mclass[39m=[32m"header-left"[39m
          [36m>[39m
            [36m<button[39m
              [33maria-label[39m=[32m"Go back to job list"[39m
              [33mclass[39m=[32m"back-button"[39m
            [36m>[39m
              [36m<svg[39m
                [33mclass[39m=[32m"w-6 h-6"[39m
                [33mfill[39m=[32m"none"[39m
                [33mstroke[39m=[32m"currentColor"[39m
                [33mviewBox[39m=[32m"0 0 24 24"[39m
              [36m>[39m
                [36m<path[39m
                  [33md[39m=[32m"M10 19l-7-7m0 0l7-7m-7 7h18"[39m
                  [33mstroke-linecap[39m=[32m"round"[39m
                  [33mstroke-linejoin[39m=[32m"round"[39m
                  [33mstroke-width[39m=[32m"2"[39m
                [36m/>[39m
              [36m</svg>[39m
            [36m</button>[39m
            [36m<h1[39m
              [33mclass[39m=[32m"job-title-main"[39m
            [36m>[39m
              [0mJob #[0m
              [0m1[0m
            [36m</h1>[39m
          [36m</div>[39m
        [36m</div>[39m
        [36m<div[39m
          [33mclass[39m=[32m"job-title-section"[39m
        [36m>[39m
          [36m<div[39m
            [33mclass[39m=[32m"job-title-static"[39m
          [36m>[39m
            [36m<span[39m
              [33mclass[39m=[32m"job-title-text"[39m
            [36m>[39m
              [0mTest Job[0m
            [36m</span>[39m
          [36m</div>[39m
        [36m</div>[39m
      [36m</header>[39m
      [36m<div[39m
        [33mclass[39m=[32m"tab-navigation"[39m
      [36m>[39m
        [36m<button[39m
          [33mclass[39m=[32m"tab-button active"[39m
          [33mdata-tab[39m=[32m"overview"[39m
        [36m>[39m
          [0mOverview[0m
        [36m</button>[39m
        [36m<button[39m
          [33mclass[39m=[32m"tab-button "[39m
          [33mdata-tab[39m=[32m"images"[39m
        [36m>[39m
          [0mImages[0m
        [36m</button>[39m
      [36m</div>[39m
      [36m<main[39m
        [33mclass[39m=[32m"tab-content-container"[39m
      [36m>[39m
        [36m<div[39m
          [33mclass[39m=[32m"tab-content active"[39m
          [33mid[39m=[32m"overview"[39m
        [36m>[39m
          [36m<div[39m
            [33mclass[39m=[32m"overview-content"[39m
          [36m>[39m
            [36m<div[39m
              [33mclass[39m=[32m"info-grid"[39m
            [36m>[39m
              [36m<div[39m
                [33mclass[39m=[32m"info-card"[39m
              [36m>[39m
                [36m<div[39m
                  [33mclass[39m=[32m"info-label"[39m
                [36m>[39m
                  [0mJob ID[0m
                [36m</div>[39m
                [36m<div[39m
                  [33mclass[39m=[32m"info-value"[39m
                [36m>[39m
                  [0mJOB-[0m
                  [0m1[0m
                [36m</div>[39m
              [36m</div>[39m
              [36m<div[39m
                [33mclass[39m=[32m"info-card"[39m
              [36m>[39m
                [36m<div[39m
                  [33mclass[39m=[32m"info-label"[39m
                [36m>[39m
                  [0mStatus[0m
                [36m</div>[39m
                [36m<div[39m
                  [33mclass[39m=[32m"info-value"[39m
                [36m>[39m
                  [36m<span[39m
                    [33mclass[39m=[32m"inline-flex items-center gap-1 px-2 py-1 rounded-full text-sm font-medium border bg-green-100 text-green-800 border-green-200"[39m
                  [36m>[39m
                    [36m<svg[39m
                      [33maria-hidden[39m=[32m"true"[39m
                      [33mclass[39m=[32m"w-4 h-4"[39m
                      [33mfill[39m=[32m"none"[39m
                      [33mstroke[39m=[32m"currentColor"[39m
                      [33mviewBox[39m=[32m"0 0 24 24"[39m
                    [36m>[39m
                      [36m<path[39m
                        [33md[39m=[32m"M5 13l4 4L19 7"[39m
                        [33mstroke-linecap[39m=[32m"round"[39m
                        [33mstroke-linejoin[39m=[32m"round"[39m
                        [33mstroke-width[39m=[32m"2"[39m
                      [36m/>[39m
                    [36m</svg>[39m
                    [0mCompleted[0m
                  [36m</span>[39m
                [36m</div>[39m
              [36m</div>[39m
              [36m<div[39m
                [33mclass[39m=[32m"info-card"[39m
              [36m>[39m
                [36m<div[39m
                  [33mclass[39m=[32m"info-label"[39m
                [36m>[39m
                  [0mStart Time[0m
                [36m</div>[39m
                [36m<div[39m
                  [33mclass[39m=[32m"info-value"[39m
                [36m>[39m
                  [0m1/1/2024, 12:00:00 PM[0m
                [36m</div>[39m
              [36m</div>[39m
              [36m<div[39m
                [33mclass[39m=[32m"info-card"[39m
              [36m>[39m
                [36m<div[39m
                  [33mclass[39m=[32m"info-label"[39m
                [36m>[39m
                  [0mDuration[0m
                [36m</div>[39m
                [36m<div[39m
                  [33mclass[39m=[32m"info-value"[39m
                [36m>[39m
                  [0m5m[0m
                [36m</div>[39m
              [36m</div>[39m
              [36m<div[39m
                [33mclass[39m=[32m"info-card"[39m
              [36m>[39m
                [36m<div[39m
                  [33mclass[39m=[32m"info-label"[39m
                [36m>[39m
                  [0mSuccess Rate[0m
                [36m</div>[39m
                [36m<div[39m
                  [33mclass[39m=[32m"info-value"[39m
                [36m>[39m
                  [0mN/A[0m
                [36m</div>[39m
              [36m</div>[39m
            [36m</div>[39m
            [36m<h2[39m
              [33mclass[39m=[32m"section-title"[39m
            [36m>[39m
              [0mGenerated Images Summary[0m
            [36m</h2>[39m
            [36m<div[39m
              [33mclass[39m=[32m"stats-grid"[39m
            [36m>[39m
              [36m<div[39m
                [33mclass[39m=[32m"stats-card"[39m
              [36m>[39m
                [36m<div[39m
                  [33mclass[39m=[32m"stats-label"[39m
                [36m>[39m
   ...

Ignored nodes: comments, script, style
[36m<html>[39m
  [36m<head />[39m
  [36m<body>[39m
    [36m<div>[39m
      [36m<div[39m
        [33mclass[39m=[32m"single-job-view"[39m
      [36m>[39m
        [36m<header[39m
          [33mclass[39m=[32m"job-header"[39m
        [36m>[39m
          [36m<div[39m
            [33mclass[39m=[32m"header-content"[39m
          [36m>[39m
            [36m<div[39m
              [33mclass[39m=[32m"header-left"[39m
            [36m>[39m
              [36m<button[39m
                [33maria-label[39m=[32m"Go back to job list"[39m
                [33mclass[39m=[32m"back-button"[39m
              [36m>[39m
                [36m<svg[39m
                  [33mclass[39m=[32m"w-6 h-6"[39m
                  [33mfill[39m=[32m"none"[39m
                  [33mstroke[39m=[32m"currentColor"[39m
                  [33mviewBox[39m=[32m"0 0 24 24"[39m
                [36m>[39m
                  [36m<path[39m
                    [33md[39m=[32m"M10 19l-7-7m0 0l7-7m-7 7h18"[39m
                    [33mstroke-linecap[39m=[32m"round"[39m
                    [33mstroke-linejoin[39m=[32m"round"[39m
                    [33mstroke-width[39m=[32m"2"[39m
                  [36m/>[39m
                [36m</svg>[39m
              [36m</button>[39m
              [36m<h1[39m
                [33mclass[39m=[32m"job-title-main"[39m
              [36m>[39m
                [0mJob #[0m
                [0m1[0m
              [36m</h1>[39m
            [36m</div>[39m
          [36m</div>[39m
          [36m<div[39m
            [33mclass[39m=[32m"job-title-section"[39m
          [36m>[39m
            [36m<div[39m
              [33mclass[39m=[32m"job-title-static"[39m
            [36m>[39m
              [36m<span[39m
                [33mclass[39m=[32m"job-title-text"[39m
              [36m>[39m
                [0mTest Job[0m
              [36m</span>[39m
            [36m</div>[39m
          [36m</div>[39m
        [36m</header>[39m
        [36m<div[39m
          [33mclass[39m=[32m"tab-navigation"[39m
        [36m>[39m
          [36m<button[39m
            [33mclass[39m=[32m"tab-button active"[39m
            [33mdata-tab[39m=[32m"overview"[39m
          [36m>[39m
            [0mOverview[0m
          [36m</button>[39m
          [36m<button[39m
            [33mclass[39m=[32m"tab-button "[39m
            [33mdata-tab[39m=[32m"images"[39m
          [36m>[39m
            [0mImages[0m
          [36m</button>[39m
        [36m</div>[39m
        [36m<main[39m
          [33mclass[39m=[32m"tab-content-container"[39m
        [36m>[39m
          [36m<div[39m
            [33mclass[39m=[32m"tab-content active"[39m
            [33mid[39m=[32m"overview"[39m
          [36m>[39m
            [36m<div[39m
              [33mclass[39m=[32m"overview-content"[39m
            [36m>[39m
              [36m<div[39m
                [33mclass[39m=[32m"info-grid"[39m
              [36m>[39m
                [36m<div[39m
                  [33mclass[39m=[32m"info-card"[39m
                [36m>[39m
                  [36m<div[39m
                    [33mclass[39m=[32m"info-label"[39m
                  [36m>[39m
                    [0mJob ID[0m
                  [36m</div>[39m
                  [36m<div[39m
                    [33mclass[39m=[32m"info-value"[39m
                  [36m>[39m
                    [0mJOB-[0m
                    [0m1[0m
                  [36m</div>[39m
                [36m</div>[39m
                [36m<div[39m
                  [33mclass[39m=[32m"info-card"[39m
                [36m>[39m
                  [36m<div[39m
                    [33mclass[39m=[32m"info-label"[39m
                  [36m>[39m
                    [0mStatus[0m
                  [36m</div>[39m
                  [36m<div[39m
                    [33mclass[39m=[32m"info-value"[39m
                  [36m>[39m
                    [36m<span[39m
                      [33mclass[39m=[32m"inline-flex items-center gap-1 px-2 py-1 rounded-full text-sm font-medium border bg-green-100 text-green-800 border-green-200"[39m
                    [36m>[39m
                      [36m<svg[39m
                        [33maria-hidden[39m=[32m"true"[39m
                        [33mclass[39m=[32m"w-4 h-4"[39m
                        [33mfill[39m=[32m"none"[39m
                        [33mstroke[39m=[32m"currentColor"[39m
                        [33mviewBox[39m=[32m"0 0 24 24"[39m
                      [36m>[39m
                        [36m<path[39m
                          [33md[39m=[32m"M5 13l4 4L19 7"[39m
                          [33mstroke-linecap[39m=[32m"round"[39m
                          [33mstroke-linejoin[39m=[32m"round"[39m
                          [33mstroke-width[39m=[32m"2"[39m
                        [36m/>[39m
                      [36m</svg>[39m
                      [0mCompleted[0m
                    [36m</span>[39m
                  [36m</div>[39m
                [36m</div>[39m
                [36m<div[39m
                  [33mclass[39m=[32m"info-card"[39m
                [36m>[39m
                  [36m<div[39m
                    [33mclass[39m=[32m"info-label"[39m
                  [36m>[39m
                    [0mStart Time[0m
                  [36m</div>[39m
                  [36m<div[39m
                    [33mclass[39m=[32m"info-value"[39m
                  [36m>[39m
                    [0m1/1/2024, 12:00:00 PM[0m
                  [36m</div>[39m
                [36m</div>[39m
                [36m<div[39m
                  [33mclass[39m=[32m"info-card"[39m
                [36m>[39m
                  [36m<div[39m
                    [33mclass[39m=[32m"info-label"[39m
                  [36m>[39m
                    [0mDuration[0m
                  [36m</div>[39m
                  [36m<div[39m
                    [33mclass[39m=[32m"info-value"[39m
                  [36m>[39m
                    [0m5m[0m
                  [36m</div>[39m
                [36m</div>[39m
                [36m<div[39m
                  [33mclass[39m=[32m"info-card"[39m
                [36m>[39m
                  [36m<div[39m
                    [33mclass[39m=[32m"info-label"[39m
                  [36m>[39m
                    [0mSuccess Rate[0m
                  [36m</div>[39m
                  [36m<div[39m
                    [33mclass[39m=[32m"info-value"[39m
                  [36m>[39m
                    [0mN/A[0m
                  [36m</div>[39m
                [36m</div>[39m
              [36m</div>[39m
              [36m<h2[39m
                [33mclass[39m=[32m"section-title"[39m
              [36m>[39m
                [0...
 ❯ waitForWrapper node_modules/@testing-library/dom/dist/wait-for.js:163:27
 ❯ src/renderer/components/Jobs/__tests__/SingleJobView.test.tsx:335:13
    333|       render(<SingleJobView {...defaultProps} />);
    334|       
    335|       await waitFor(() => {
       |             ^
    336|         // Use the header title instead of generic text search
    337|         expect(screen.getByRole('heading', { name: 'Test Job' })).toBe…

⎯⎯⎯⎯⎯⎯⎯⎯⎯⎯⎯⎯⎯⎯⎯⎯⎯⎯⎯⎯⎯[73/254]⎯

 FAIL  src/renderer/components/Jobs/__tests__/SingleJobView.test.tsx > SingleJobView > Delete Confirmation > shows delete confirmation dialog
TestingLibraryElementError: Unable to find role="heading" and name "Test Job"

Ignored nodes: comments, script, style
[36m<body>[39m
  [36m<div>[39m
    [36m<div[39m
      [33mclass[39m=[32m"single-job-view"[39m
    [36m>[39m
      [36m<header[39m
        [33mclass[39m=[32m"job-header"[39m
      [36m>[39m
        [36m<div[39m
          [33mclass[39m=[32m"header-content"[39m
        [36m>[39m
          [36m<div[39m
            [33mclass[39m=[32m"header-left"[39m
          [36m>[39m
            [36m<button[39m
              [33maria-label[39m=[32m"Go back to job list"[39m
              [33mclass[39m=[32m"back-button"[39m
            [36m>[39m
              [36m<svg[39m
                [33mclass[39m=[32m"w-6 h-6"[39m
                [33mfill[39m=[32m"none"[39m
                [33mstroke[39m=[32m"currentColor"[39m
                [33mviewBox[39m=[32m"0 0 24 24"[39m
              [36m>[39m
                [36m<path[39m
                  [33md[39m=[32m"M10 19l-7-7m0 0l7-7m-7 7h18"[39m
                  [33mstroke-linecap[39m=[32m"round"[39m
                  [33mstroke-linejoin[39m=[32m"round"[39m
                  [33mstroke-width[39m=[32m"2"[39m
                [36m/>[39m
              [36m</svg>[39m
            [36m</button>[39m
            [36m<h1[39m
              [33mclass[39m=[32m"job-title-main"[39m
            [36m>[39m
              [0mJob #[0m
              [0m1[0m
            [36m</h1>[39m
          [36m</div>[39m
        [36m</div>[39m
        [36m<div[39m
          [33mclass[39m=[32m"job-title-section"[39m
        [36m>[39m
          [36m<div[39m
            [33mclass[39m=[32m"job-title-static"[39m
          [36m>[39m
            [36m<span[39m
              [33mclass[39m=[32m"job-title-text"[39m
            [36m>[39m
              [0mTest Job[0m
            [36m</span>[39m
          [36m</div>[39m
        [36m</div>[39m
      [36m</header>[39m
      [36m<div[39m
        [33mclass[39m=[32m"tab-navigation"[39m
      [36m>[39m
        [36m<button[39m
          [33mclass[39m=[32m"tab-button active"[39m
          [33mdata-tab[39m=[32m"overview"[39m
        [36m>[39m
          [0mOverview[0m
        [36m</button>[39m
        [36m<button[39m
          [33mclass[39m=[32m"tab-button "[39m
          [33mdata-tab[39m=[32m"images"[39m
        [36m>[39m
          [0mImages[0m
        [36m</button>[39m
      [36m</div>[39m
      [36m<main[39m
        [33mclass[39m=[32m"tab-content-container"[39m
      [36m>[39m
        [36m<div[39m
          [33mclass[39m=[32m"tab-content active"[39m
          [33mid[39m=[32m"overview"[39m
        [36m>[39m
          [36m<div[39m
            [33mclass[39m=[32m"overview-content"[39m
          [36m>[39m
            [36m<div[39m
              [33mclass[39m=[32m"info-grid"[39m
            [36m>[39m
              [36m<div[39m
                [33mclass[39m=[32m"info-card"[39m
              [36m>[39m
                [36m<div[39m
                  [33mclass[39m=[32m"info-label"[39m
                [36m>[39m
                  [0mJob ID[0m
                [36m</div>[39m
                [36m<div[39m
                  [33mclass[39m=[32m"info-value"[39m
                [36m>[39m
                  [0mJOB-[0m
                  [0m1[0m
                [36m</div>[39m
              [36m</div>[39m
              [36m<div[39m
                [33mclass[39m=[32m"info-card"[39m
              [36m>[39m
                [36m<div[39m
                  [33mclass[39m=[32m"info-label"[39m
                [36m>[39m
                  [0mStatus[0m
                [36m</div>[39m
                [36m<div[39m
                  [33mclass[39m=[32m"info-value"[39m
                [36m>[39m
                  [36m<span[39m
                    [33mclass[39m=[32m"inline-flex items-center gap-1 px-2 py-1 rounded-full text-sm font-medium border bg-green-100 text-green-800 border-green-200"[39m
                  [36m>[39m
                    [36m<svg[39m
                      [33maria-hidden[39m=[32m"true"[39m
                      [33mclass[39m=[32m"w-4 h-4"[39m
                      [33mfill[39m=[32m"none"[39m
                      [33mstroke[39m=[32m"currentColor"[39m
                      [33mviewBox[39m=[32m"0 0 24 24"[39m
                    [36m>[39m
                      [36m<path[39m
                        [33md[39m=[32m"M5 13l4 4L19 7"[39m
                        [33mstroke-linecap[39m=[32m"round"[39m
                        [33mstroke-linejoin[39m=[32m"round"[39m
                        [33mstroke-width[39m=[32m"2"[39m
                      [36m/>[39m
                    [36m</svg>[39m
                    [0mCompleted[0m
                  [36m</span>[39m
                [36m</div>[39m
              [36m</div>[39m
              [36m<div[39m
                [33mclass[39m=[32m"info-card"[39m
              [36m>[39m
                [36m<div[39m
                  [33mclass[39m=[32m"info-label"[39m
                [36m>[39m
                  [0mStart Time[0m
                [36m</div>[39m
                [36m<div[39m
                  [33mclass[39m=[32m"info-value"[39m
                [36m>[39m
                  [0m1/1/2024, 12:00:00 PM[0m
                [36m</div>[39m
              [36m</div>[39m
              [36m<div[39m
                [33mclass[39m=[32m"info-card"[39m
              [36m>[39m
                [36m<div[39m
                  [33mclass[39m=[32m"info-label"[39m
                [36m>[39m
                  [0mDuration[0m
                [36m</div>[39m
                [36m<div[39m
                  [33mclass[39m=[32m"info-value"[39m
                [36m>[39m
                  [0m5m[0m
                [36m</div>[39m
              [36m</div>[39m
              [36m<div[39m
                [33mclass[39m=[32m"info-card"[39m
              [36m>[39m
                [36m<div[39m
                  [33mclass[39m=[32m"info-label"[39m
                [36m>[39m
                  [0mSuccess Rate[0m
                [36m</div>[39m
                [36m<div[39m
                  [33mclass[39m=[32m"info-value"[39m
                [36m>[39m
                  [0mN/A[0m
                [36m</div>[39m
              [36m</div>[39m
            [36m</div>[39m
            [36m<h2[39m
              [33mclass[39m=[32m"section-title"[39m
            [36m>[39m
              [0mGenerated Images Summary[0m
            [36m</h2>[39m
            [36m<div[39m
              [33mclass[39m=[32m"stats-grid"[39m
            [36m>[39m
              [36m<div[39m
                [33mclass[39m=[32m"stats-card"[39m
              [36m>[39m
                [36m<div[39m
                  [33mclass[39m=[32m"stats-label"[39m
                [36m>[39m
   ...

Ignored nodes: comments, script, style
[36m<html>[39m
  [36m<head />[39m
  [36m<body>[39m
    [36m<div>[39m
      [36m<div[39m
        [33mclass[39m=[32m"single-job-view"[39m
      [36m>[39m
        [36m<header[39m
          [33mclass[39m=[32m"job-header"[39m
        [36m>[39m
          [36m<div[39m
            [33mclass[39m=[32m"header-content"[39m
          [36m>[39m
            [36m<div[39m
              [33mclass[39m=[32m"header-left"[39m
            [36m>[39m
              [36m<button[39m
                [33maria-label[39m=[32m"Go back to job list"[39m
                [33mclass[39m=[32m"back-button"[39m
              [36m>[39m
                [36m<svg[39m
                  [33mclass[39m=[32m"w-6 h-6"[39m
                  [33mfill[39m=[32m"none"[39m
                  [33mstroke[39m=[32m"currentColor"[39m
                  [33mviewBox[39m=[32m"0 0 24 24"[39m
                [36m>[39m
                  [36m<path[39m
                    [33md[39m=[32m"M10 19l-7-7m0 0l7-7m-7 7h18"[39m
                    [33mstroke-linecap[39m=[32m"round"[39m
                    [33mstroke-linejoin[39m=[32m"round"[39m
                    [33mstroke-width[39m=[32m"2"[39m
                  [36m/>[39m
                [36m</svg>[39m
              [36m</button>[39m
              [36m<h1[39m
                [33mclass[39m=[32m"job-title-main"[39m
              [36m>[39m
                [0mJob #[0m
                [0m1[0m
              [36m</h1>[39m
            [36m</div>[39m
          [36m</div>[39m
          [36m<div[39m
            [33mclass[39m=[32m"job-title-section"[39m
          [36m>[39m
            [36m<div[39m
              [33mclass[39m=[32m"job-title-static"[39m
            [36m>[39m
              [36m<span[39m
                [33mclass[39m=[32m"job-title-text"[39m
              [36m>[39m
                [0mTest Job[0m
              [36m</span>[39m
            [36m</div>[39m
          [36m</div>[39m
        [36m</header>[39m
        [36m<div[39m
          [33mclass[39m=[32m"tab-navigation"[39m
        [36m>[39m
          [36m<button[39m
            [33mclass[39m=[32m"tab-button active"[39m
            [33mdata-tab[39m=[32m"overview"[39m
          [36m>[39m
            [0mOverview[0m
          [36m</button>[39m
          [36m<button[39m
            [33mclass[39m=[32m"tab-button "[39m
            [33mdata-tab[39m=[32m"images"[39m
          [36m>[39m
            [0mImages[0m
          [36m</button>[39m
        [36m</div>[39m
        [36m<main[39m
          [33mclass[39m=[32m"tab-content-container"[39m
        [36m>[39m
          [36m<div[39m
            [33mclass[39m=[32m"tab-content active"[39m
            [33mid[39m=[32m"overview"[39m
          [36m>[39m
            [36m<div[39m
              [33mclass[39m=[32m"overview-content"[39m
            [36m>[39m
              [36m<div[39m
                [33mclass[39m=[32m"info-grid"[39m
              [36m>[39m
                [36m<div[39m
                  [33mclass[39m=[32m"info-card"[39m
                [36m>[39m
                  [36m<div[39m
                    [33mclass[39m=[32m"info-label"[39m
                  [36m>[39m
                    [0mJob ID[0m
                  [36m</div>[39m
                  [36m<div[39m
                    [33mclass[39m=[32m"info-value"[39m
                  [36m>[39m
                    [0mJOB-[0m
                    [0m1[0m
                  [36m</div>[39m
                [36m</div>[39m
                [36m<div[39m
                  [33mclass[39m=[32m"info-card"[39m
                [36m>[39m
                  [36m<div[39m
                    [33mclass[39m=[32m"info-label"[39m
                  [36m>[39m
                    [0mStatus[0m
                  [36m</div>[39m
                  [36m<div[39m
                    [33mclass[39m=[32m"info-value"[39m
                  [36m>[39m
                    [36m<span[39m
                      [33mclass[39m=[32m"inline-flex items-center gap-1 px-2 py-1 rounded-full text-sm font-medium border bg-green-100 text-green-800 border-green-200"[39m
                    [36m>[39m
                      [36m<svg[39m
                        [33maria-hidden[39m=[32m"true"[39m
                        [33mclass[39m=[32m"w-4 h-4"[39m
                        [33mfill[39m=[32m"none"[39m
                        [33mstroke[39m=[32m"currentColor"[39m
                        [33mviewBox[39m=[32m"0 0 24 24"[39m
                      [36m>[39m
                        [36m<path[39m
                          [33md[39m=[32m"M5 13l4 4L19 7"[39m
                          [33mstroke-linecap[39m=[32m"round"[39m
                          [33mstroke-linejoin[39m=[32m"round"[39m
                          [33mstroke-width[39m=[32m"2"[39m
                        [36m/>[39m
                      [36m</svg>[39m
                      [0mCompleted[0m
                    [36m</span>[39m
                  [36m</div>[39m
                [36m</div>[39m
                [36m<div[39m
                  [33mclass[39m=[32m"info-card"[39m
                [36m>[39m
                  [36m<div[39m
                    [33mclass[39m=[32m"info-label"[39m
                  [36m>[39m
                    [0mStart Time[0m
                  [36m</div>[39m
                  [36m<div[39m
                    [33mclass[39m=[32m"info-value"[39m
                  [36m>[39m
                    [0m1/1/2024, 12:00:00 PM[0m
                  [36m</div>[39m
                [36m</div>[39m
                [36m<div[39m
                  [33mclass[39m=[32m"info-card"[39m
                [36m>[39m
                  [36m<div[39m
                    [33mclass[39m=[32m"info-label"[39m
                  [36m>[39m
                    [0mDuration[0m
                  [36m</div>[39m
                  [36m<div[39m
                    [33mclass[39m=[32m"info-value"[39m
                  [36m>[39m
                    [0m5m[0m
                  [36m</div>[39m
                [36m</div>[39m
                [36m<div[39m
                  [33mclass[39m=[32m"info-card"[39m
                [36m>[39m
                  [36m<div[39m
                    [33mclass[39m=[32m"info-label"[39m
                  [36m>[39m
                    [0mSuccess Rate[0m
                  [36m</div>[39m
                  [36m<div[39m
                    [33mclass[39m=[32m"info-value"[39m
                  [36m>[39m
                    [0mN/A[0m
                  [36m</div>[39m
                [36m</div>[39m
              [36m</div>[39m
              [36m<h2[39m
                [33mclass[39m=[32m"section-title"[39m
              [36m>[39m
                [0...
 ❯ waitForWrapper node_modules/@testing-library/dom/dist/wait-for.js:163:27
 ❯ src/renderer/components/Jobs/__tests__/SingleJobView.test.tsx:352:13
    350|       render(<SingleJobView {...defaultProps} />);
    351|       
    352|       await waitFor(() => {
       |             ^
    353|         // Use the header title instead of generic text search
    354|         expect(screen.getByRole('heading', { name: 'Test Job' })).toBe…

⎯⎯⎯⎯⎯⎯⎯⎯⎯⎯⎯⎯⎯⎯⎯⎯⎯⎯⎯⎯⎯[74/254]⎯

 FAIL  src/renderer/components/Jobs/__tests__/SingleJobView.test.tsx > SingleJobView > Delete Confirmation > handles delete confirmation
TestingLibraryElementError: Unable to find role="heading" and name "Test Job"

Ignored nodes: comments, script, style
[36m<body>[39m
  [36m<div>[39m
    [36m<div[39m
      [33mclass[39m=[32m"single-job-view"[39m
    [36m>[39m
      [36m<header[39m
        [33mclass[39m=[32m"job-header"[39m
      [36m>[39m
        [36m<div[39m
          [33mclass[39m=[32m"header-content"[39m
        [36m>[39m
          [36m<div[39m
            [33mclass[39m=[32m"header-left"[39m
          [36m>[39m
            [36m<button[39m
              [33maria-label[39m=[32m"Go back to job list"[39m
              [33mclass[39m=[32m"back-button"[39m
            [36m>[39m
              [36m<svg[39m
                [33mclass[39m=[32m"w-6 h-6"[39m
                [33mfill[39m=[32m"none"[39m
                [33mstroke[39m=[32m"currentColor"[39m
                [33mviewBox[39m=[32m"0 0 24 24"[39m
              [36m>[39m
                [36m<path[39m
                  [33md[39m=[32m"M10 19l-7-7m0 0l7-7m-7 7h18"[39m
                  [33mstroke-linecap[39m=[32m"round"[39m
                  [33mstroke-linejoin[39m=[32m"round"[39m
                  [33mstroke-width[39m=[32m"2"[39m
                [36m/>[39m
              [36m</svg>[39m
            [36m</button>[39m
            [36m<h1[39m
              [33mclass[39m=[32m"job-title-main"[39m
            [36m>[39m
              [0mJob #[0m
              [0m1[0m
            [36m</h1>[39m
          [36m</div>[39m
        [36m</div>[39m
        [36m<div[39m
          [33mclass[39m=[32m"job-title-section"[39m
        [36m>[39m
          [36m<div[39m
            [33mclass[39m=[32m"job-title-static"[39m
          [36m>[39m
            [36m<span[39m
              [33mclass[39m=[32m"job-title-text"[39m
            [36m>[39m
              [0mTest Job[0m
            [36m</span>[39m
          [36m</div>[39m
        [36m</div>[39m
      [36m</header>[39m
      [36m<div[39m
        [33mclass[39m=[32m"tab-navigation"[39m
      [36m>[39m
        [36m<button[39m
          [33mclass[39m=[32m"tab-button active"[39m
          [33mdata-tab[39m=[32m"overview"[39m
        [36m>[39m
          [0mOverview[0m
        [36m</button>[39m
        [36m<button[39m
          [33mclass[39m=[32m"tab-button "[39m
          [33mdata-tab[39m=[32m"images"[39m
        [36m>[39m
          [0mImages[0m
        [36m</button>[39m
      [36m</div>[39m
      [36m<main[39m
        [33mclass[39m=[32m"tab-content-container"[39m
      [36m>[39m
        [36m<div[39m
          [33mclass[39m=[32m"tab-content active"[39m
          [33mid[39m=[32m"overview"[39m
        [36m>[39m
          [36m<div[39m
            [33mclass[39m=[32m"overview-content"[39m
          [36m>[39m
            [36m<div[39m
              [33mclass[39m=[32m"info-grid"[39m
            [36m>[39m
              [36m<div[39m
                [33mclass[39m=[32m"info-card"[39m
              [36m>[39m
                [36m<div[39m
                  [33mclass[39m=[32m"info-label"[39m
                [36m>[39m
                  [0mJob ID[0m
                [36m</div>[39m
                [36m<div[39m
                  [33mclass[39m=[32m"info-value"[39m
                [36m>[39m
                  [0mJOB-[0m
                  [0m1[0m
                [36m</div>[39m
              [36m</div>[39m
              [36m<div[39m
                [33mclass[39m=[32m"info-card"[39m
              [36m>[39m
                [36m<div[39m
                  [33mclass[39m=[32m"info-label"[39m
                [36m>[39m
                  [0mStatus[0m
                [36m</div>[39m
                [36m<div[39m
                  [33mclass[39m=[32m"info-value"[39m
                [36m>[39m
                  [36m<span[39m
                    [33mclass[39m=[32m"inline-flex items-center gap-1 px-2 py-1 rounded-full text-sm font-medium border bg-green-100 text-green-800 border-green-200"[39m
                  [36m>[39m
                    [36m<svg[39m
                      [33maria-hidden[39m=[32m"true"[39m
                      [33mclass[39m=[32m"w-4 h-4"[39m
                      [33mfill[39m=[32m"none"[39m
                      [33mstroke[39m=[32m"currentColor"[39m
                      [33mviewBox[39m=[32m"0 0 24 24"[39m
                    [36m>[39m
                      [36m<path[39m
                        [33md[39m=[32m"M5 13l4 4L19 7"[39m
                        [33mstroke-linecap[39m=[32m"round"[39m
                        [33mstroke-linejoin[39m=[32m"round"[39m
                        [33mstroke-width[39m=[32m"2"[39m
                      [36m/>[39m
                    [36m</svg>[39m
                    [0mCompleted[0m
                  [36m</span>[39m
                [36m</div>[39m
              [36m</div>[39m
              [36m<div[39m
                [33mclass[39m=[32m"info-card"[39m
              [36m>[39m
                [36m<div[39m
                  [33mclass[39m=[32m"info-label"[39m
                [36m>[39m
                  [0mStart Time[0m
                [36m</div>[39m
                [36m<div[39m
                  [33mclass[39m=[32m"info-value"[39m
                [36m>[39m
                  [0m1/1/2024, 12:00:00 PM[0m
                [36m</div>[39m
              [36m</div>[39m
              [36m<div[39m
                [33mclass[39m=[32m"info-card"[39m
              [36m>[39m
                [36m<div[39m
                  [33mclass[39m=[32m"info-label"[39m
                [36m>[39m
                  [0mDuration[0m
                [36m</div>[39m
                [36m<div[39m
                  [33mclass[39m=[32m"info-value"[39m
                [36m>[39m
                  [0m5m[0m
                [36m</div>[39m
              [36m</div>[39m
              [36m<div[39m
                [33mclass[39m=[32m"info-card"[39m
              [36m>[39m
                [36m<div[39m
                  [33mclass[39m=[32m"info-label"[39m
                [36m>[39m
                  [0mSuccess Rate[0m
                [36m</div>[39m
                [36m<div[39m
                  [33mclass[39m=[32m"info-value"[39m
                [36m>[39m
                  [0mN/A[0m
                [36m</div>[39m
              [36m</div>[39m
            [36m</div>[39m
            [36m<h2[39m
              [33mclass[39m=[32m"section-title"[39m
            [36m>[39m
              [0mGenerated Images Summary[0m
            [36m</h2>[39m
            [36m<div[39m
              [33mclass[39m=[32m"stats-grid"[39m
            [36m>[39m
              [36m<div[39m
                [33mclass[39m=[32m"stats-card"[39m
              [36m>[39m
                [36m<div[39m
                  [33mclass[39m=[32m"stats-label"[39m
                [36m>[39m
   ...

Ignored nodes: comments, script, style
[36m<html>[39m
  [36m<head />[39m
  [36m<body>[39m
    [36m<div>[39m
      [36m<div[39m
        [33mclass[39m=[32m"single-job-view"[39m
      [36m>[39m
        [36m<header[39m
          [33mclass[39m=[32m"job-header"[39m
        [36m>[39m
          [36m<div[39m
            [33mclass[39m=[32m"header-content"[39m
          [36m>[39m
            [36m<div[39m
              [33mclass[39m=[32m"header-left"[39m
            [36m>[39m
              [36m<button[39m
                [33maria-label[39m=[32m"Go back to job list"[39m
                [33mclass[39m=[32m"back-button"[39m
              [36m>[39m
                [36m<svg[39m
                  [33mclass[39m=[32m"w-6 h-6"[39m
                  [33mfill[39m=[32m"none"[39m
                  [33mstroke[39m=[32m"currentColor"[39m
                  [33mviewBox[39m=[32m"0 0 24 24"[39m
                [36m>[39m
                  [36m<path[39m
                    [33md[39m=[32m"M10 19l-7-7m0 0l7-7m-7 7h18"[39m
                    [33mstroke-linecap[39m=[32m"round"[39m
                    [33mstroke-linejoin[39m=[32m"round"[39m
                    [33mstroke-width[39m=[32m"2"[39m
                  [36m/>[39m
                [36m</svg>[39m
              [36m</button>[39m
              [36m<h1[39m
                [33mclass[39m=[32m"job-title-main"[39m
              [36m>[39m
                [0mJob #[0m
                [0m1[0m
              [36m</h1>[39m
            [36m</div>[39m
          [36m</div>[39m
          [36m<div[39m
            [33mclass[39m=[32m"job-title-section"[39m
          [36m>[39m
            [36m<div[39m
              [33mclass[39m=[32m"job-title-static"[39m
            [36m>[39m
              [36m<span[39m
                [33mclass[39m=[32m"job-title-text"[39m
              [36m>[39m
                [0mTest Job[0m
              [36m</span>[39m
            [36m</div>[39m
          [36m</div>[39m
        [36m</header>[39m
        [36m<div[39m
          [33mclass[39m=[32m"tab-navigation"[39m
        [36m>[39m
          [36m<button[39m
            [33mclass[39m=[32m"tab-button active"[39m
            [33mdata-tab[39m=[32m"overview"[39m
          [36m>[39m
            [0mOverview[0m
          [36m</button>[39m
          [36m<button[39m
            [33mclass[39m=[32m"tab-button "[39m
            [33mdata-tab[39m=[32m"images"[39m
          [36m>[39m
            [0mImages[0m
          [36m</button>[39m
        [36m</div>[39m
        [36m<main[39m
          [33mclass[39m=[32m"tab-content-container"[39m
        [36m>[39m
          [36m<div[39m
            [33mclass[39m=[32m"tab-content active"[39m
            [33mid[39m=[32m"overview"[39m
          [36m>[39m
            [36m<div[39m
              [33mclass[39m=[32m"overview-content"[39m
            [36m>[39m
              [36m<div[39m
                [33mclass[39m=[32m"info-grid"[39m
              [36m>[39m
                [36m<div[39m
                  [33mclass[39m=[32m"info-card"[39m
                [36m>[39m
                  [36m<div[39m
                    [33mclass[39m=[32m"info-label"[39m
                  [36m>[39m
                    [0mJob ID[0m
                  [36m</div>[39m
                  [36m<div[39m
                    [33mclass[39m=[32m"info-value"[39m
                  [36m>[39m
                    [0mJOB-[0m
                    [0m1[0m
                  [36m</div>[39m
                [36m</div>[39m
                [36m<div[39m
                  [33mclass[39m=[32m"info-card"[39m
                [36m>[39m
                  [36m<div[39m
                    [33mclass[39m=[32m"info-label"[39m
                  [36m>[39m
                    [0mStatus[0m
                  [36m</div>[39m
                  [36m<div[39m
                    [33mclass[39m=[32m"info-value"[39m
                  [36m>[39m
                    [36m<span[39m
                      [33mclass[39m=[32m"inline-flex items-center gap-1 px-2 py-1 rounded-full text-sm font-medium border bg-green-100 text-green-800 border-green-200"[39m
                    [36m>[39m
                      [36m<svg[39m
                        [33maria-hidden[39m=[32m"true"[39m
                        [33mclass[39m=[32m"w-4 h-4"[39m
                        [33mfill[39m=[32m"none"[39m
                        [33mstroke[39m=[32m"currentColor"[39m
                        [33mviewBox[39m=[32m"0 0 24 24"[39m
                      [36m>[39m
                        [36m<path[39m
                          [33md[39m=[32m"M5 13l4 4L19 7"[39m
                          [33mstroke-linecap[39m=[32m"round"[39m
                          [33mstroke-linejoin[39m=[32m"round"[39m
                          [33mstroke-width[39m=[32m"2"[39m
                        [36m/>[39m
                      [36m</svg>[39m
                      [0mCompleted[0m
                    [36m</span>[39m
                  [36m</div>[39m
                [36m</div>[39m
                [36m<div[39m
                  [33mclass[39m=[32m"info-card"[39m
                [36m>[39m
                  [36m<div[39m
                    [33mclass[39m=[32m"info-label"[39m
                  [36m>[39m
                    [0mStart Time[0m
                  [36m</div>[39m
                  [36m<div[39m
                    [33mclass[39m=[32m"info-value"[39m
                  [36m>[39m
                    [0m1/1/2024, 12:00:00 PM[0m
                  [36m</div>[39m
                [36m</div>[39m
                [36m<div[39m
                  [33mclass[39m=[32m"info-card"[39m
                [36m>[39m
                  [36m<div[39m
                    [33mclass[39m=[32m"info-label"[39m
                  [36m>[39m
                    [0mDuration[0m
                  [36m</div>[39m
                  [36m<div[39m
                    [33mclass[39m=[32m"info-value"[39m
                  [36m>[39m
                    [0m5m[0m
                  [36m</div>[39m
                [36m</div>[39m
                [36m<div[39m
                  [33mclass[39m=[32m"info-card"[39m
                [36m>[39m
                  [36m<div[39m
                    [33mclass[39m=[32m"info-label"[39m
                  [36m>[39m
                    [0mSuccess Rate[0m
                  [36m</div>[39m
                  [36m<div[39m
                    [33mclass[39m=[32m"info-value"[39m
                  [36m>[39m
                    [0mN/A[0m
                  [36m</div>[39m
                [36m</div>[39m
              [36m</div>[39m
              [36m<h2[39m
                [33mclass[39m=[32m"section-title"[39m
              [36m>[39m
                [0...
 ❯ waitForWrapper node_modules/@testing-library/dom/dist/wait-for.js:163:27
 ❯ src/renderer/components/Jobs/__tests__/SingleJobView.test.tsx:369:13
    367|       render(<SingleJobView {...defaultProps} />);
    368|       
    369|       await waitFor(() => {
       |             ^
    370|         // Use the header title instead of generic text search
    371|         expect(screen.getByRole('heading', { name: 'Test Job' })).toBe…

⎯⎯⎯⎯⎯⎯⎯⎯⎯⎯⎯⎯⎯⎯⎯⎯⎯⎯⎯⎯⎯[75/254]⎯

 FAIL  src/renderer/components/Jobs/__tests__/SingleJobView.test.tsx > SingleJobView > Delete Confirmation > handles delete cancellation
TestingLibraryElementError: Unable to find role="heading" and name "Test Job"

Ignored nodes: comments, script, style
[36m<body>[39m
  [36m<div>[39m
    [36m<div[39m
      [33mclass[39m=[32m"single-job-view"[39m
    [36m>[39m
      [36m<header[39m
        [33mclass[39m=[32m"job-header"[39m
      [36m>[39m
        [36m<div[39m
          [33mclass[39m=[32m"header-content"[39m
        [36m>[39m
          [36m<div[39m
            [33mclass[39m=[32m"header-left"[39m
          [36m>[39m
            [36m<button[39m
              [33maria-label[39m=[32m"Go back to job list"[39m
              [33mclass[39m=[32m"back-button"[39m
            [36m>[39m
              [36m<svg[39m
                [33mclass[39m=[32m"w-6 h-6"[39m
                [33mfill[39m=[32m"none"[39m
                [33mstroke[39m=[32m"currentColor"[39m
                [33mviewBox[39m=[32m"0 0 24 24"[39m
              [36m>[39m
                [36m<path[39m
                  [33md[39m=[32m"M10 19l-7-7m0 0l7-7m-7 7h18"[39m
                  [33mstroke-linecap[39m=[32m"round"[39m
                  [33mstroke-linejoin[39m=[32m"round"[39m
                  [33mstroke-width[39m=[32m"2"[39m
                [36m/>[39m
              [36m</svg>[39m
            [36m</button>[39m
            [36m<h1[39m
              [33mclass[39m=[32m"job-title-main"[39m
            [36m>[39m
              [0mJob #[0m
              [0m1[0m
            [36m</h1>[39m
          [36m</div>[39m
        [36m</div>[39m
        [36m<div[39m
          [33mclass[39m=[32m"job-title-section"[39m
        [36m>[39m
          [36m<div[39m
            [33mclass[39m=[32m"job-title-static"[39m
          [36m>[39m
            [36m<span[39m
              [33mclass[39m=[32m"job-title-text"[39m
            [36m>[39m
              [0mTest Job[0m
            [36m</span>[39m
          [36m</div>[39m
        [36m</div>[39m
      [36m</header>[39m
      [36m<div[39m
        [33mclass[39m=[32m"tab-navigation"[39m
      [36m>[39m
        [36m<button[39m
          [33mclass[39m=[32m"tab-button active"[39m
          [33mdata-tab[39m=[32m"overview"[39m
        [36m>[39m
          [0mOverview[0m
        [36m</button>[39m
        [36m<button[39m
          [33mclass[39m=[32m"tab-button "[39m
          [33mdata-tab[39m=[32m"images"[39m
        [36m>[39m
          [0mImages[0m
        [36m</button>[39m
      [36m</div>[39m
      [36m<main[39m
        [33mclass[39m=[32m"tab-content-container"[39m
      [36m>[39m
        [36m<div[39m
          [33mclass[39m=[32m"tab-content active"[39m
          [33mid[39m=[32m"overview"[39m
        [36m>[39m
          [36m<div[39m
            [33mclass[39m=[32m"overview-content"[39m
          [36m>[39m
            [36m<div[39m
              [33mclass[39m=[32m"info-grid"[39m
            [36m>[39m
              [36m<div[39m
                [33mclass[39m=[32m"info-card"[39m
              [36m>[39m
                [36m<div[39m
                  [33mclass[39m=[32m"info-label"[39m
                [36m>[39m
                  [0mJob ID[0m
                [36m</div>[39m
                [36m<div[39m
                  [33mclass[39m=[32m"info-value"[39m
                [36m>[39m
                  [0mJOB-[0m
                  [0m1[0m
                [36m</div>[39m
              [36m</div>[39m
              [36m<div[39m
                [33mclass[39m=[32m"info-card"[39m
              [36m>[39m
                [36m<div[39m
                  [33mclass[39m=[32m"info-label"[39m
                [36m>[39m
                  [0mStatus[0m
                [36m</div>[39m
                [36m<div[39m
                  [33mclass[39m=[32m"info-value"[39m
                [36m>[39m
                  [36m<span[39m
                    [33mclass[39m=[32m"inline-flex items-center gap-1 px-2 py-1 rounded-full text-sm font-medium border bg-green-100 text-green-800 border-green-200"[39m
                  [36m>[39m
                    [36m<svg[39m
                      [33maria-hidden[39m=[32m"true"[39m
                      [33mclass[39m=[32m"w-4 h-4"[39m
                      [33mfill[39m=[32m"none"[39m
                      [33mstroke[39m=[32m"currentColor"[39m
                      [33mviewBox[39m=[32m"0 0 24 24"[39m
                    [36m>[39m
                      [36m<path[39m
                        [33md[39m=[32m"M5 13l4 4L19 7"[39m
                        [33mstroke-linecap[39m=[32m"round"[39m
                        [33mstroke-linejoin[39m=[32m"round"[39m
                        [33mstroke-width[39m=[32m"2"[39m
                      [36m/>[39m
                    [36m</svg>[39m
                    [0mCompleted[0m
                  [36m</span>[39m
                [36m</div>[39m
              [36m</div>[39m
              [36m<div[39m
                [33mclass[39m=[32m"info-card"[39m
              [36m>[39m
                [36m<div[39m
                  [33mclass[39m=[32m"info-label"[39m
                [36m>[39m
                  [0mStart Time[0m
                [36m</div>[39m
                [36m<div[39m
                  [33mclass[39m=[32m"info-value"[39m
                [36m>[39m
                  [0m1/1/2024, 12:00:00 PM[0m
                [36m</div>[39m
              [36m</div>[39m
              [36m<div[39m
                [33mclass[39m=[32m"info-card"[39m
              [36m>[39m
                [36m<div[39m
                  [33mclass[39m=[32m"info-label"[39m
                [36m>[39m
                  [0mDuration[0m
                [36m</div>[39m
                [36m<div[39m
                  [33mclass[39m=[32m"info-value"[39m
                [36m>[39m
                  [0m5m[0m
                [36m</div>[39m
              [36m</div>[39m
              [36m<div[39m
                [33mclass[39m=[32m"info-card"[39m
              [36m>[39m
                [36m<div[39m
                  [33mclass[39m=[32m"info-label"[39m
                [36m>[39m
                  [0mSuccess Rate[0m
                [36m</div>[39m
                [36m<div[39m
                  [33mclass[39m=[32m"info-value"[39m
                [36m>[39m
                  [0mN/A[0m
                [36m</div>[39m
              [36m</div>[39m
            [36m</div>[39m
            [36m<h2[39m
              [33mclass[39m=[32m"section-title"[39m
            [36m>[39m
              [0mGenerated Images Summary[0m
            [36m</h2>[39m
            [36m<div[39m
              [33mclass[39m=[32m"stats-grid"[39m
            [36m>[39m
              [36m<div[39m
                [33mclass[39m=[32m"stats-card"[39m
              [36m>[39m
                [36m<div[39m
                  [33mclass[39m=[32m"stats-label"[39m
                [36m>[39m
   ...

Ignored nodes: comments, script, style
[36m<html>[39m
  [36m<head />[39m
  [36m<body>[39m
    [36m<div>[39m
      [36m<div[39m
        [33mclass[39m=[32m"single-job-view"[39m
      [36m>[39m
        [36m<header[39m
          [33mclass[39m=[32m"job-header"[39m
        [36m>[39m
          [36m<div[39m
            [33mclass[39m=[32m"header-content"[39m
          [36m>[39m
            [36m<div[39m
              [33mclass[39m=[32m"header-left"[39m
            [36m>[39m
              [36m<button[39m
                [33maria-label[39m=[32m"Go back to job list"[39m
                [33mclass[39m=[32m"back-button"[39m
              [36m>[39m
                [36m<svg[39m
                  [33mclass[39m=[32m"w-6 h-6"[39m
                  [33mfill[39m=[32m"none"[39m
                  [33mstroke[39m=[32m"currentColor"[39m
                  [33mviewBox[39m=[32m"0 0 24 24"[39m
                [36m>[39m
                  [36m<path[39m
                    [33md[39m=[32m"M10 19l-7-7m0 0l7-7m-7 7h18"[39m
                    [33mstroke-linecap[39m=[32m"round"[39m
                    [33mstroke-linejoin[39m=[32m"round"[39m
                    [33mstroke-width[39m=[32m"2"[39m
                  [36m/>[39m
                [36m</svg>[39m
              [36m</button>[39m
              [36m<h1[39m
                [33mclass[39m=[32m"job-title-main"[39m
              [36m>[39m
                [0mJob #[0m
                [0m1[0m
              [36m</h1>[39m
            [36m</div>[39m
          [36m</div>[39m
          [36m<div[39m
            [33mclass[39m=[32m"job-title-section"[39m
          [36m>[39m
            [36m<div[39m
              [33mclass[39m=[32m"job-title-static"[39m
            [36m>[39m
              [36m<span[39m
                [33mclass[39m=[32m"job-title-text"[39m
              [36m>[39m
                [0mTest Job[0m
              [36m</span>[39m
            [36m</div>[39m
          [36m</div>[39m
        [36m</header>[39m
        [36m<div[39m
          [33mclass[39m=[32m"tab-navigation"[39m
        [36m>[39m
          [36m<button[39m
            [33mclass[39m=[32m"tab-button active"[39m
            [33mdata-tab[39m=[32m"overview"[39m
          [36m>[39m
            [0mOverview[0m
          [36m</button>[39m
          [36m<button[39m
            [33mclass[39m=[32m"tab-button "[39m
            [33mdata-tab[39m=[32m"images"[39m
          [36m>[39m
            [0mImages[0m
          [36m</button>[39m
        [36m</div>[39m
        [36m<main[39m
          [33mclass[39m=[32m"tab-content-container"[39m
        [36m>[39m
          [36m<div[39m
            [33mclass[39m=[32m"tab-content active"[39m
            [33mid[39m=[32m"overview"[39m
          [36m>[39m
            [36m<div[39m
              [33mclass[39m=[32m"overview-content"[39m
            [36m>[39m
              [36m<div[39m
                [33mclass[39m=[32m"info-grid"[39m
              [36m>[39m
                [36m<div[39m
                  [33mclass[39m=[32m"info-card"[39m
                [36m>[39m
                  [36m<div[39m
                    [33mclass[39m=[32m"info-label"[39m
                  [36m>[39m
                    [0mJob ID[0m
                  [36m</div>[39m
                  [36m<div[39m
                    [33mclass[39m=[32m"info-value"[39m
                  [36m>[39m
                    [0mJOB-[0m
                    [0m1[0m
                  [36m</div>[39m
                [36m</div>[39m
                [36m<div[39m
                  [33mclass[39m=[32m"info-card"[39m
                [36m>[39m
                  [36m<div[39m
                    [33mclass[39m=[32m"info-label"[39m
                  [36m>[39m
                    [0mStatus[0m
                  [36m</div>[39m
                  [36m<div[39m
                    [33mclass[39m=[32m"info-value"[39m
                  [36m>[39m
                    [36m<span[39m
                      [33mclass[39m=[32m"inline-flex items-center gap-1 px-2 py-1 rounded-full text-sm font-medium border bg-green-100 text-green-800 border-green-200"[39m
                    [36m>[39m
                      [36m<svg[39m
                        [33maria-hidden[39m=[32m"true"[39m
                        [33mclass[39m=[32m"w-4 h-4"[39m
                        [33mfill[39m=[32m"none"[39m
                        [33mstroke[39m=[32m"currentColor"[39m
                        [33mviewBox[39m=[32m"0 0 24 24"[39m
                      [36m>[39m
                        [36m<path[39m
                          [33md[39m=[32m"M5 13l4 4L19 7"[39m
                          [33mstroke-linecap[39m=[32m"round"[39m
                          [33mstroke-linejoin[39m=[32m"round"[39m
                          [33mstroke-width[39m=[32m"2"[39m
                        [36m/>[39m
                      [36m</svg>[39m
                      [0mCompleted[0m
                    [36m</span>[39m
                  [36m</div>[39m
                [36m</div>[39m
                [36m<div[39m
                  [33mclass[39m=[32m"info-card"[39m
                [36m>[39m
                  [36m<div[39m
                    [33mclass[39m=[32m"info-label"[39m
                  [36m>[39m
                    [0mStart Time[0m
                  [36m</div>[39m
                  [36m<div[39m
                    [33mclass[39m=[32m"info-value"[39m
                  [36m>[39m
                    [0m1/1/2024, 12:00:00 PM[0m
                  [36m</div>[39m
                [36m</div>[39m
                [36m<div[39m
                  [33mclass[39m=[32m"info-card"[39m
                [36m>[39m
                  [36m<div[39m
                    [33mclass[39m=[32m"info-label"[39m
                  [36m>[39m
                    [0mDuration[0m
                  [36m</div>[39m
                  [36m<div[39m
                    [33mclass[39m=[32m"info-value"[39m
                  [36m>[39m
                    [0m5m[0m
                  [36m</div>[39m
                [36m</div>[39m
                [36m<div[39m
                  [33mclass[39m=[32m"info-card"[39m
                [36m>[39m
                  [36m<div[39m
                    [33mclass[39m=[32m"info-label"[39m
                  [36m>[39m
                    [0mSuccess Rate[0m
                  [36m</div>[39m
                  [36m<div[39m
                    [33mclass[39m=[32m"info-value"[39m
                  [36m>[39m
                    [0mN/A[0m
                  [36m</div>[39m
                [36m</div>[39m
              [36m</div>[39m
              [36m<h2[39m
                [33mclass[39m=[32m"section-title"[39m
              [36m>[39m
                [0...
 ❯ waitForWrapper node_modules/@testing-library/dom/dist/wait-for.js:163:27
 ❯ src/renderer/components/Jobs/__tests__/SingleJobView.test.tsx:389:13
    387|       render(<SingleJobView {...defaultProps} />);
    388|       
    389|       await waitFor(() => {
       |             ^
    390|         // Use the header title instead of generic text search
    391|         expect(screen.getByRole('heading', { name: 'Test Job' })).toBe…

⎯⎯⎯⎯⎯⎯⎯⎯⎯⎯⎯⎯⎯⎯⎯⎯⎯⎯⎯⎯⎯[76/254]⎯

 FAIL  src/renderer/components/Jobs/__tests__/SingleJobView.test.tsx > SingleJobView > Delete Confirmation > handles delete confirmation keyboard navigation
TestingLibraryElementError: Unable to find role="heading" and name "Test Job"

Ignored nodes: comments, script, style
[36m<body>[39m
  [36m<div>[39m
    [36m<div[39m
      [33mclass[39m=[32m"single-job-view"[39m
    [36m>[39m
      [36m<header[39m
        [33mclass[39m=[32m"job-header"[39m
      [36m>[39m
        [36m<div[39m
          [33mclass[39m=[32m"header-content"[39m
        [36m>[39m
          [36m<div[39m
            [33mclass[39m=[32m"header-left"[39m
          [36m>[39m
            [36m<button[39m
              [33maria-label[39m=[32m"Go back to job list"[39m
              [33mclass[39m=[32m"back-button"[39m
            [36m>[39m
              [36m<svg[39m
                [33mclass[39m=[32m"w-6 h-6"[39m
                [33mfill[39m=[32m"none"[39m
                [33mstroke[39m=[32m"currentColor"[39m
                [33mviewBox[39m=[32m"0 0 24 24"[39m
              [36m>[39m
                [36m<path[39m
                  [33md[39m=[32m"M10 19l-7-7m0 0l7-7m-7 7h18"[39m
                  [33mstroke-linecap[39m=[32m"round"[39m
                  [33mstroke-linejoin[39m=[32m"round"[39m
                  [33mstroke-width[39m=[32m"2"[39m
                [36m/>[39m
              [36m</svg>[39m
            [36m</button>[39m
            [36m<h1[39m
              [33mclass[39m=[32m"job-title-main"[39m
            [36m>[39m
              [0mJob #[0m
              [0m1[0m
            [36m</h1>[39m
          [36m</div>[39m
        [36m</div>[39m
        [36m<div[39m
          [33mclass[39m=[32m"job-title-section"[39m
        [36m>[39m
          [36m<div[39m
            [33mclass[39m=[32m"job-title-static"[39m
          [36m>[39m
            [36m<span[39m
              [33mclass[39m=[32m"job-title-text"[39m
            [36m>[39m
              [0mTest Job[0m
            [36m</span>[39m
          [36m</div>[39m
        [36m</div>[39m
      [36m</header>[39m
      [36m<div[39m
        [33mclass[39m=[32m"tab-navigation"[39m
      [36m>[39m
        [36m<button[39m
          [33mclass[39m=[32m"tab-button active"[39m
          [33mdata-tab[39m=[32m"overview"[39m
        [36m>[39m
          [0mOverview[0m
        [36m</button>[39m
        [36m<button[39m
          [33mclass[39m=[32m"tab-button "[39m
          [33mdata-tab[39m=[32m"images"[39m
        [36m>[39m
          [0mImages[0m
        [36m</button>[39m
      [36m</div>[39m
      [36m<main[39m
        [33mclass[39m=[32m"tab-content-container"[39m
      [36m>[39m
        [36m<div[39m
          [33mclass[39m=[32m"tab-content active"[39m
          [33mid[39m=[32m"overview"[39m
        [36m>[39m
          [36m<div[39m
            [33mclass[39m=[32m"overview-content"[39m
          [36m>[39m
            [36m<div[39m
              [33mclass[39m=[32m"info-grid"[39m
            [36m>[39m
              [36m<div[39m
                [33mclass[39m=[32m"info-card"[39m
              [36m>[39m
                [36m<div[39m
                  [33mclass[39m=[32m"info-label"[39m
                [36m>[39m
                  [0mJob ID[0m
                [36m</div>[39m
                [36m<div[39m
                  [33mclass[39m=[32m"info-value"[39m
                [36m>[39m
                  [0mJOB-[0m
                  [0m1[0m
                [36m</div>[39m
              [36m</div>[39m
              [36m<div[39m
                [33mclass[39m=[32m"info-card"[39m
              [36m>[39m
                [36m<div[39m
                  [33mclass[39m=[32m"info-label"[39m
                [36m>[39m
                  [0mStatus[0m
                [36m</div>[39m
                [36m<div[39m
                  [33mclass[39m=[32m"info-value"[39m
                [36m>[39m
                  [36m<span[39m
                    [33mclass[39m=[32m"inline-flex items-center gap-1 px-2 py-1 rounded-full text-sm font-medium border bg-green-100 text-green-800 border-green-200"[39m
                  [36m>[39m
                    [36m<svg[39m
                      [33maria-hidden[39m=[32m"true"[39m
                      [33mclass[39m=[32m"w-4 h-4"[39m
                      [33mfill[39m=[32m"none"[39m
                      [33mstroke[39m=[32m"currentColor"[39m
                      [33mviewBox[39m=[32m"0 0 24 24"[39m
                    [36m>[39m
                      [36m<path[39m
                        [33md[39m=[32m"M5 13l4 4L19 7"[39m
                        [33mstroke-linecap[39m=[32m"round"[39m
                        [33mstroke-linejoin[39m=[32m"round"[39m
                        [33mstroke-width[39m=[32m"2"[39m
                      [36m/>[39m
                    [36m</svg>[39m
                    [0mCompleted[0m
                  [36m</span>[39m
                [36m</div>[39m
              [36m</div>[39m
              [36m<div[39m
                [33mclass[39m=[32m"info-card"[39m
              [36m>[39m
                [36m<div[39m
                  [33mclass[39m=[32m"info-label"[39m
                [36m>[39m
                  [0mStart Time[0m
                [36m</div>[39m
                [36m<div[39m
                  [33mclass[39m=[32m"info-value"[39m
                [36m>[39m
                  [0m1/1/2024, 12:00:00 PM[0m
                [36m</div>[39m
              [36m</div>[39m
              [36m<div[39m
                [33mclass[39m=[32m"info-card"[39m
              [36m>[39m
                [36m<div[39m
                  [33mclass[39m=[32m"info-label"[39m
                [36m>[39m
                  [0mDuration[0m
                [36m</div>[39m
                [36m<div[39m
                  [33mclass[39m=[32m"info-value"[39m
                [36m>[39m
                  [0m5m[0m
                [36m</div>[39m
              [36m</div>[39m
              [36m<div[39m
                [33mclass[39m=[32m"info-card"[39m
              [36m>[39m
                [36m<div[39m
                  [33mclass[39m=[32m"info-label"[39m
                [36m>[39m
                  [0mSuccess Rate[0m
                [36m</div>[39m
                [36m<div[39m
                  [33mclass[39m=[32m"info-value"[39m
                [36m>[39m
                  [0mN/A[0m
                [36m</div>[39m
              [36m</div>[39m
            [36m</div>[39m
            [36m<h2[39m
              [33mclass[39m=[32m"section-title"[39m
            [36m>[39m
              [0mGenerated Images Summary[0m
            [36m</h2>[39m
            [36m<div[39m
              [33mclass[39m=[32m"stats-grid"[39m
            [36m>[39m
              [36m<div[39m
                [33mclass[39m=[32m"stats-card"[39m
              [36m>[39m
                [36m<div[39m
                  [33mclass[39m=[32m"stats-label"[39m
                [36m>[39m
   ...

Ignored nodes: comments, script, style
[36m<html>[39m
  [36m<head />[39m
  [36m<body>[39m
    [36m<div>[39m
      [36m<div[39m
        [33mclass[39m=[32m"single-job-view"[39m
      [36m>[39m
        [36m<header[39m
          [33mclass[39m=[32m"job-header"[39m
        [36m>[39m
          [36m<div[39m
            [33mclass[39m=[32m"header-content"[39m
          [36m>[39m
            [36m<div[39m
              [33mclass[39m=[32m"header-left"[39m
            [36m>[39m
              [36m<button[39m
                [33maria-label[39m=[32m"Go back to job list"[39m
                [33mclass[39m=[32m"back-button"[39m
              [36m>[39m
                [36m<svg[39m
                  [33mclass[39m=[32m"w-6 h-6"[39m
                  [33mfill[39m=[32m"none"[39m
                  [33mstroke[39m=[32m"currentColor"[39m
                  [33mviewBox[39m=[32m"0 0 24 24"[39m
                [36m>[39m
                  [36m<path[39m
                    [33md[39m=[32m"M10 19l-7-7m0 0l7-7m-7 7h18"[39m
                    [33mstroke-linecap[39m=[32m"round"[39m
                    [33mstroke-linejoin[39m=[32m"round"[39m
                    [33mstroke-width[39m=[32m"2"[39m
                  [36m/>[39m
                [36m</svg>[39m
              [36m</button>[39m
              [36m<h1[39m
                [33mclass[39m=[32m"job-title-main"[39m
              [36m>[39m
                [0mJob #[0m
                [0m1[0m
              [36m</h1>[39m
            [36m</div>[39m
          [36m</div>[39m
          [36m<div[39m
            [33mclass[39m=[32m"job-title-section"[39m
          [36m>[39m
            [36m<div[39m
              [33mclass[39m=[32m"job-title-static"[39m
            [36m>[39m
              [36m<span[39m
                [33mclass[39m=[32m"job-title-text"[39m
              [36m>[39m
                [0mTest Job[0m
              [36m</span>[39m
            [36m</div>[39m
          [36m</div>[39m
        [36m</header>[39m
        [36m<div[39m
          [33mclass[39m=[32m"tab-navigation"[39m
        [36m>[39m
          [36m<button[39m
            [33mclass[39m=[32m"tab-button active"[39m
            [33mdata-tab[39m=[32m"overview"[39m
          [36m>[39m
            [0mOverview[0m
          [36m</button>[39m
          [36m<button[39m
            [33mclass[39m=[32m"tab-button "[39m
            [33mdata-tab[39m=[32m"images"[39m
          [36m>[39m
            [0mImages[0m
          [36m</button>[39m
        [36m</div>[39m
        [36m<main[39m
          [33mclass[39m=[32m"tab-content-container"[39m
        [36m>[39m
          [36m<div[39m
            [33mclass[39m=[32m"tab-content active"[39m
            [33mid[39m=[32m"overview"[39m
          [36m>[39m
            [36m<div[39m
              [33mclass[39m=[32m"overview-content"[39m
            [36m>[39m
              [36m<div[39m
                [33mclass[39m=[32m"info-grid"[39m
              [36m>[39m
                [36m<div[39m
                  [33mclass[39m=[32m"info-card"[39m
                [36m>[39m
                  [36m<div[39m
                    [33mclass[39m=[32m"info-label"[39m
                  [36m>[39m
                    [0mJob ID[0m
                  [36m</div>[39m
                  [36m<div[39m
                    [33mclass[39m=[32m"info-value"[39m
                  [36m>[39m
                    [0mJOB-[0m
                    [0m1[0m
                  [36m</div>[39m
                [36m</div>[39m
                [36m<div[39m
                  [33mclass[39m=[32m"info-card"[39m
                [36m>[39m
                  [36m<div[39m
                    [33mclass[39m=[32m"info-label"[39m
                  [36m>[39m
                    [0mStatus[0m
                  [36m</div>[39m
                  [36m<div[39m
                    [33mclass[39m=[32m"info-value"[39m
                  [36m>[39m
                    [36m<span[39m
                      [33mclass[39m=[32m"inline-flex items-center gap-1 px-2 py-1 rounded-full text-sm font-medium border bg-green-100 text-green-800 border-green-200"[39m
                    [36m>[39m
                      [36m<svg[39m
                        [33maria-hidden[39m=[32m"true"[39m
                        [33mclass[39m=[32m"w-4 h-4"[39m
                        [33mfill[39m=[32m"none"[39m
                        [33mstroke[39m=[32m"currentColor"[39m
                        [33mviewBox[39m=[32m"0 0 24 24"[39m
                      [36m>[39m
                        [36m<path[39m
                          [33md[39m=[32m"M5 13l4 4L19 7"[39m
                          [33mstroke-linecap[39m=[32m"round"[39m
                          [33mstroke-linejoin[39m=[32m"round"[39m
                          [33mstroke-width[39m=[32m"2"[39m
                        [36m/>[39m
                      [36m</svg>[39m
                      [0mCompleted[0m
                    [36m</span>[39m
                  [36m</div>[39m
                [36m</div>[39m
                [36m<div[39m
                  [33mclass[39m=[32m"info-card"[39m
                [36m>[39m
                  [36m<div[39m
                    [33mclass[39m=[32m"info-label"[39m
                  [36m>[39m
                    [0mStart Time[0m
                  [36m</div>[39m
                  [36m<div[39m
                    [33mclass[39m=[32m"info-value"[39m
                  [36m>[39m
                    [0m1/1/2024, 12:00:00 PM[0m
                  [36m</div>[39m
                [36m</div>[39m
                [36m<div[39m
                  [33mclass[39m=[32m"info-card"[39m
                [36m>[39m
                  [36m<div[39m
                    [33mclass[39m=[32m"info-label"[39m
                  [36m>[39m
                    [0mDuration[0m
                  [36m</div>[39m
                  [36m<div[39m
                    [33mclass[39m=[32m"info-value"[39m
                  [36m>[39m
                    [0m5m[0m
                  [36m</div>[39m
                [36m</div>[39m
                [36m<div[39m
                  [33mclass[39m=[32m"info-card"[39m
                [36m>[39m
                  [36m<div[39m
                    [33mclass[39m=[32m"info-label"[39m
                  [36m>[39m
                    [0mSuccess Rate[0m
                  [36m</div>[39m
                  [36m<div[39m
                    [33mclass[39m=[32m"info-value"[39m
                  [36m>[39m
                    [0mN/A[0m
                  [36m</div>[39m
                [36m</div>[39m
              [36m</div>[39m
              [36m<h2[39m
                [33mclass[39m=[32m"section-title"[39m
              [36m>[39m
                [0...
 ❯ waitForWrapper node_modules/@testing-library/dom/dist/wait-for.js:163:27
 ❯ src/renderer/components/Jobs/__tests__/SingleJobView.test.tsx:409:13
    407|       render(<SingleJobView {...defaultProps} />);
    408|       
    409|       await waitFor(() => {
       |             ^
    410|         // Use the header title instead of generic text search
    411|         expect(screen.getByRole('heading', { name: 'Test Job' })).toBe…

⎯⎯⎯⎯⎯⎯⎯⎯⎯⎯⎯⎯⎯⎯⎯⎯⎯⎯⎯⎯⎯[77/254]⎯

 FAIL  src/renderer/components/Jobs/__tests__/SingleJobView.test.tsx > SingleJobView > Delete Confirmation > handles delete cancellation keyboard navigation
TestingLibraryElementError: Unable to find role="heading" and name "Test Job"

Ignored nodes: comments, script, style
[36m<body>[39m
  [36m<div>[39m
    [36m<div[39m
      [33mclass[39m=[32m"single-job-view"[39m
    [36m>[39m
      [36m<header[39m
        [33mclass[39m=[32m"job-header"[39m
      [36m>[39m
        [36m<div[39m
          [33mclass[39m=[32m"header-content"[39m
        [36m>[39m
          [36m<div[39m
            [33mclass[39m=[32m"header-left"[39m
          [36m>[39m
            [36m<button[39m
              [33maria-label[39m=[32m"Go back to job list"[39m
              [33mclass[39m=[32m"back-button"[39m
            [36m>[39m
              [36m<svg[39m
                [33mclass[39m=[32m"w-6 h-6"[39m
                [33mfill[39m=[32m"none"[39m
                [33mstroke[39m=[32m"currentColor"[39m
                [33mviewBox[39m=[32m"0 0 24 24"[39m
              [36m>[39m
                [36m<path[39m
                  [33md[39m=[32m"M10 19l-7-7m0 0l7-7m-7 7h18"[39m
                  [33mstroke-linecap[39m=[32m"round"[39m
                  [33mstroke-linejoin[39m=[32m"round"[39m
                  [33mstroke-width[39m=[32m"2"[39m
                [36m/>[39m
              [36m</svg>[39m
            [36m</button>[39m
            [36m<h1[39m
              [33mclass[39m=[32m"job-title-main"[39m
            [36m>[39m
              [0mJob #[0m
              [0m1[0m
            [36m</h1>[39m
          [36m</div>[39m
        [36m</div>[39m
        [36m<div[39m
          [33mclass[39m=[32m"job-title-section"[39m
        [36m>[39m
          [36m<div[39m
            [33mclass[39m=[32m"job-title-static"[39m
          [36m>[39m
            [36m<span[39m
              [33mclass[39m=[32m"job-title-text"[39m
            [36m>[39m
              [0mTest Job[0m
            [36m</span>[39m
          [36m</div>[39m
        [36m</div>[39m
      [36m</header>[39m
      [36m<div[39m
        [33mclass[39m=[32m"tab-navigation"[39m
      [36m>[39m
        [36m<button[39m
          [33mclass[39m=[32m"tab-button active"[39m
          [33mdata-tab[39m=[32m"overview"[39m
        [36m>[39m
          [0mOverview[0m
        [36m</button>[39m
        [36m<button[39m
          [33mclass[39m=[32m"tab-button "[39m
          [33mdata-tab[39m=[32m"images"[39m
        [36m>[39m
          [0mImages[0m
        [36m</button>[39m
      [36m</div>[39m
      [36m<main[39m
        [33mclass[39m=[32m"tab-content-container"[39m
      [36m>[39m
        [36m<div[39m
          [33mclass[39m=[32m"tab-content active"[39m
          [33mid[39m=[32m"overview"[39m
        [36m>[39m
          [36m<div[39m
            [33mclass[39m=[32m"overview-content"[39m
          [36m>[39m
            [36m<div[39m
              [33mclass[39m=[32m"info-grid"[39m
            [36m>[39m
              [36m<div[39m
                [33mclass[39m=[32m"info-card"[39m
              [36m>[39m
                [36m<div[39m
                  [33mclass[39m=[32m"info-label"[39m
                [36m>[39m
                  [0mJob ID[0m
                [36m</div>[39m
                [36m<div[39m
                  [33mclass[39m=[32m"info-value"[39m
                [36m>[39m
                  [0mJOB-[0m
                  [0m1[0m
                [36m</div>[39m
              [36m</div>[39m
              [36m<div[39m
                [33mclass[39m=[32m"info-card"[39m
              [36m>[39m
                [36m<div[39m
                  [33mclass[39m=[32m"info-label"[39m
                [36m>[39m
                  [0mStatus[0m
                [36m</div>[39m
                [36m<div[39m
                  [33mclass[39m=[32m"info-value"[39m
                [36m>[39m
                  [36m<span[39m
                    [33mclass[39m=[32m"inline-flex items-center gap-1 px-2 py-1 rounded-full text-sm font-medium border bg-green-100 text-green-800 border-green-200"[39m
                  [36m>[39m
                    [36m<svg[39m
                      [33maria-hidden[39m=[32m"true"[39m
                      [33mclass[39m=[32m"w-4 h-4"[39m
                      [33mfill[39m=[32m"none"[39m
                      [33mstroke[39m=[32m"currentColor"[39m
                      [33mviewBox[39m=[32m"0 0 24 24"[39m
                    [36m>[39m
                      [36m<path[39m
                        [33md[39m=[32m"M5 13l4 4L19 7"[39m
                        [33mstroke-linecap[39m=[32m"round"[39m
                        [33mstroke-linejoin[39m=[32m"round"[39m
                        [33mstroke-width[39m=[32m"2"[39m
                      [36m/>[39m
                    [36m</svg>[39m
                    [0mCompleted[0m
                  [36m</span>[39m
                [36m</div>[39m
              [36m</div>[39m
              [36m<div[39m
                [33mclass[39m=[32m"info-card"[39m
              [36m>[39m
                [36m<div[39m
                  [33mclass[39m=[32m"info-label"[39m
                [36m>[39m
                  [0mStart Time[0m
                [36m</div>[39m
                [36m<div[39m
                  [33mclass[39m=[32m"info-value"[39m
                [36m>[39m
                  [0m1/1/2024, 12:00:00 PM[0m
                [36m</div>[39m
              [36m</div>[39m
              [36m<div[39m
                [33mclass[39m=[32m"info-card"[39m
              [36m>[39m
                [36m<div[39m
                  [33mclass[39m=[32m"info-label"[39m
                [36m>[39m
                  [0mDuration[0m
                [36m</div>[39m
                [36m<div[39m
                  [33mclass[39m=[32m"info-value"[39m
                [36m>[39m
                  [0m5m[0m
                [36m</div>[39m
              [36m</div>[39m
              [36m<div[39m
                [33mclass[39m=[32m"info-card"[39m
              [36m>[39m
                [36m<div[39m
                  [33mclass[39m=[32m"info-label"[39m
                [36m>[39m
                  [0mSuccess Rate[0m
                [36m</div>[39m
                [36m<div[39m
                  [33mclass[39m=[32m"info-value"[39m
                [36m>[39m
                  [0mN/A[0m
                [36m</div>[39m
              [36m</div>[39m
            [36m</div>[39m
            [36m<h2[39m
              [33mclass[39m=[32m"section-title"[39m
            [36m>[39m
              [0mGenerated Images Summary[0m
            [36m</h2>[39m
            [36m<div[39m
              [33mclass[39m=[32m"stats-grid"[39m
            [36m>[39m
              [36m<div[39m
                [33mclass[39m=[32m"stats-card"[39m
              [36m>[39m
                [36m<div[39m
                  [33mclass[39m=[32m"stats-label"[39m
                [36m>[39m
   ...

Ignored nodes: comments, script, style
[36m<html>[39m
  [36m<head />[39m
  [36m<body>[39m
    [36m<div>[39m
      [36m<div[39m
        [33mclass[39m=[32m"single-job-view"[39m
      [36m>[39m
        [36m<header[39m
          [33mclass[39m=[32m"job-header"[39m
        [36m>[39m
          [36m<div[39m
            [33mclass[39m=[32m"header-content"[39m
          [36m>[39m
            [36m<div[39m
              [33mclass[39m=[32m"header-left"[39m
            [36m>[39m
              [36m<button[39m
                [33maria-label[39m=[32m"Go back to job list"[39m
                [33mclass[39m=[32m"back-button"[39m
              [36m>[39m
                [36m<svg[39m
                  [33mclass[39m=[32m"w-6 h-6"[39m
                  [33mfill[39m=[32m"none"[39m
                  [33mstroke[39m=[32m"currentColor"[39m
                  [33mviewBox[39m=[32m"0 0 24 24"[39m
                [36m>[39m
                  [36m<path[39m
                    [33md[39m=[32m"M10 19l-7-7m0 0l7-7m-7 7h18"[39m
                    [33mstroke-linecap[39m=[32m"round"[39m
                    [33mstroke-linejoin[39m=[32m"round"[39m
                    [33mstroke-width[39m=[32m"2"[39m
                  [36m/>[39m
                [36m</svg>[39m
              [36m</button>[39m
              [36m<h1[39m
                [33mclass[39m=[32m"job-title-main"[39m
              [36m>[39m
                [0mJob #[0m
                [0m1[0m
              [36m</h1>[39m
            [36m</div>[39m
          [36m</div>[39m
          [36m<div[39m
            [33mclass[39m=[32m"job-title-section"[39m
          [36m>[39m
            [36m<div[39m
              [33mclass[39m=[32m"job-title-static"[39m
            [36m>[39m
              [36m<span[39m
                [33mclass[39m=[32m"job-title-text"[39m
              [36m>[39m
                [0mTest Job[0m
              [36m</span>[39m
            [36m</div>[39m
          [36m</div>[39m
        [36m</header>[39m
        [36m<div[39m
          [33mclass[39m=[32m"tab-navigation"[39m
        [36m>[39m
          [36m<button[39m
            [33mclass[39m=[32m"tab-button active"[39m
            [33mdata-tab[39m=[32m"overview"[39m
          [36m>[39m
            [0mOverview[0m
          [36m</button>[39m
          [36m<button[39m
            [33mclass[39m=[32m"tab-button "[39m
            [33mdata-tab[39m=[32m"images"[39m
          [36m>[39m
            [0mImages[0m
          [36m</button>[39m
        [36m</div>[39m
        [36m<main[39m
          [33mclass[39m=[32m"tab-content-container"[39m
        [36m>[39m
          [36m<div[39m
            [33mclass[39m=[32m"tab-content active"[39m
            [33mid[39m=[32m"overview"[39m
          [36m>[39m
            [36m<div[39m
              [33mclass[39m=[32m"overview-content"[39m
            [36m>[39m
              [36m<div[39m
                [33mclass[39m=[32m"info-grid"[39m
              [36m>[39m
                [36m<div[39m
                  [33mclass[39m=[32m"info-card"[39m
                [36m>[39m
                  [36m<div[39m
                    [33mclass[39m=[32m"info-label"[39m
                  [36m>[39m
                    [0mJob ID[0m
                  [36m</div>[39m
                  [36m<div[39m
                    [33mclass[39m=[32m"info-value"[39m
                  [36m>[39m
                    [0mJOB-[0m
                    [0m1[0m
                  [36m</div>[39m
                [36m</div>[39m
                [36m<div[39m
                  [33mclass[39m=[32m"info-card"[39m
                [36m>[39m
                  [36m<div[39m
                    [33mclass[39m=[32m"info-label"[39m
                  [36m>[39m
                    [0mStatus[0m
                  [36m</div>[39m
                  [36m<div[39m
                    [33mclass[39m=[32m"info-value"[39m
                  [36m>[39m
                    [36m<span[39m
                      [33mclass[39m=[32m"inline-flex items-center gap-1 px-2 py-1 rounded-full text-sm font-medium border bg-green-100 text-green-800 border-green-200"[39m
                    [36m>[39m
                      [36m<svg[39m
                        [33maria-hidden[39m=[32m"true"[39m
                        [33mclass[39m=[32m"w-4 h-4"[39m
                        [33mfill[39m=[32m"none"[39m
                        [33mstroke[39m=[32m"currentColor"[39m
                        [33mviewBox[39m=[32m"0 0 24 24"[39m
                      [36m>[39m
                        [36m<path[39m
                          [33md[39m=[32m"M5 13l4 4L19 7"[39m
                          [33mstroke-linecap[39m=[32m"round"[39m
                          [33mstroke-linejoin[39m=[32m"round"[39m
                          [33mstroke-width[39m=[32m"2"[39m
                        [36m/>[39m
                      [36m</svg>[39m
                      [0mCompleted[0m
                    [36m</span>[39m
                  [36m</div>[39m
                [36m</div>[39m
                [36m<div[39m
                  [33mclass[39m=[32m"info-card"[39m
                [36m>[39m
                  [36m<div[39m
                    [33mclass[39m=[32m"info-label"[39m
                  [36m>[39m
                    [0mStart Time[0m
                  [36m</div>[39m
                  [36m<div[39m
                    [33mclass[39m=[32m"info-value"[39m
                  [36m>[39m
                    [0m1/1/2024, 12:00:00 PM[0m
                  [36m</div>[39m
                [36m</div>[39m
                [36m<div[39m
                  [33mclass[39m=[32m"info-card"[39m
                [36m>[39m
                  [36m<div[39m
                    [33mclass[39m=[32m"info-label"[39m
                  [36m>[39m
                    [0mDuration[0m
                  [36m</div>[39m
                  [36m<div[39m
                    [33mclass[39m=[32m"info-value"[39m
                  [36m>[39m
                    [0m5m[0m
                  [36m</div>[39m
                [36m</div>[39m
                [36m<div[39m
                  [33mclass[39m=[32m"info-card"[39m
                [36m>[39m
                  [36m<div[39m
                    [33mclass[39m=[32m"info-label"[39m
                  [36m>[39m
                    [0mSuccess Rate[0m
                  [36m</div>[39m
                  [36m<div[39m
                    [33mclass[39m=[32m"info-value"[39m
                  [36m>[39m
                    [0mN/A[0m
                  [36m</div>[39m
                [36m</div>[39m
              [36m</div>[39m
              [36m<h2[39m
                [33mclass[39m=[32m"section-title"[39m
              [36m>[39m
                [0...
 ❯ waitForWrapper node_modules/@testing-library/dom/dist/wait-for.js:163:27
 ❯ src/renderer/components/Jobs/__tests__/SingleJobView.test.tsx:428:13
    426|       render(<SingleJobView {...defaultProps} />);
    427|       
    428|       await waitFor(() => {
       |             ^
    429|         // Use the header title instead of generic text search
    430|         expect(screen.getByRole('heading', { name: 'Test Job' })).toBe…

⎯⎯⎯⎯⎯⎯⎯⎯⎯⎯⎯⎯⎯⎯⎯⎯⎯⎯⎯⎯⎯[78/254]⎯

 FAIL  src/renderer/components/Jobs/__tests__/SingleJobView.test.tsx > SingleJobView > Images Tab > displays images correctly in images tab
TestingLibraryElementError: Unable to find role="heading" and name "Test Job"

Ignored nodes: comments, script, style
[36m<body>[39m
  [36m<div>[39m
    [36m<div[39m
      [33mclass[39m=[32m"single-job-view"[39m
    [36m>[39m
      [36m<header[39m
        [33mclass[39m=[32m"job-header"[39m
      [36m>[39m
        [36m<div[39m
          [33mclass[39m=[32m"header-content"[39m
        [36m>[39m
          [36m<div[39m
            [33mclass[39m=[32m"header-left"[39m
          [36m>[39m
            [36m<button[39m
              [33maria-label[39m=[32m"Go back to job list"[39m
              [33mclass[39m=[32m"back-button"[39m
            [36m>[39m
              [36m<svg[39m
                [33mclass[39m=[32m"w-6 h-6"[39m
                [33mfill[39m=[32m"none"[39m
                [33mstroke[39m=[32m"currentColor"[39m
                [33mviewBox[39m=[32m"0 0 24 24"[39m
              [36m>[39m
                [36m<path[39m
                  [33md[39m=[32m"M10 19l-7-7m0 0l7-7m-7 7h18"[39m
                  [33mstroke-linecap[39m=[32m"round"[39m
                  [33mstroke-linejoin[39m=[32m"round"[39m
                  [33mstroke-width[39m=[32m"2"[39m
                [36m/>[39m
              [36m</svg>[39m
            [36m</button>[39m
            [36m<h1[39m
              [33mclass[39m=[32m"job-title-main"[39m
            [36m>[39m
              [0mJob #[0m
              [0m1[0m
            [36m</h1>[39m
          [36m</div>[39m
        [36m</div>[39m
        [36m<div[39m
          [33mclass[39m=[32m"job-title-section"[39m
        [36m>[39m
          [36m<div[39m
            [33mclass[39m=[32m"job-title-static"[39m
          [36m>[39m
            [36m<span[39m
              [33mclass[39m=[32m"job-title-text"[39m
            [36m>[39m
              [0mTest Job[0m
            [36m</span>[39m
          [36m</div>[39m
        [36m</div>[39m
      [36m</header>[39m
      [36m<div[39m
        [33mclass[39m=[32m"tab-navigation"[39m
      [36m>[39m
        [36m<button[39m
          [33mclass[39m=[32m"tab-button active"[39m
          [33mdata-tab[39m=[32m"overview"[39m
        [36m>[39m
          [0mOverview[0m
        [36m</button>[39m
        [36m<button[39m
          [33mclass[39m=[32m"tab-button "[39m
          [33mdata-tab[39m=[32m"images"[39m
        [36m>[39m
          [0mImages[0m
        [36m</button>[39m
      [36m</div>[39m
      [36m<main[39m
        [33mclass[39m=[32m"tab-content-container"[39m
      [36m>[39m
        [36m<div[39m
          [33mclass[39m=[32m"tab-content active"[39m
          [33mid[39m=[32m"overview"[39m
        [36m>[39m
          [36m<div[39m
            [33mclass[39m=[32m"overview-content"[39m
          [36m>[39m
            [36m<div[39m
              [33mclass[39m=[32m"info-grid"[39m
            [36m>[39m
              [36m<div[39m
                [33mclass[39m=[32m"info-card"[39m
              [36m>[39m
                [36m<div[39m
                  [33mclass[39m=[32m"info-label"[39m
                [36m>[39m
                  [0mJob ID[0m
                [36m</div>[39m
                [36m<div[39m
                  [33mclass[39m=[32m"info-value"[39m
                [36m>[39m
                  [0mJOB-[0m
                  [0m1[0m
                [36m</div>[39m
              [36m</div>[39m
              [36m<div[39m
                [33mclass[39m=[32m"info-card"[39m
              [36m>[39m
                [36m<div[39m
                  [33mclass[39m=[32m"info-label"[39m
                [36m>[39m
                  [0mStatus[0m
                [36m</div>[39m
                [36m<div[39m
                  [33mclass[39m=[32m"info-value"[39m
                [36m>[39m
                  [36m<span[39m
                    [33mclass[39m=[32m"inline-flex items-center gap-1 px-2 py-1 rounded-full text-sm font-medium border bg-green-100 text-green-800 border-green-200"[39m
                  [36m>[39m
                    [36m<svg[39m
                      [33maria-hidden[39m=[32m"true"[39m
                      [33mclass[39m=[32m"w-4 h-4"[39m
                      [33mfill[39m=[32m"none"[39m
                      [33mstroke[39m=[32m"currentColor"[39m
                      [33mviewBox[39m=[32m"0 0 24 24"[39m
                    [36m>[39m
                      [36m<path[39m
                        [33md[39m=[32m"M5 13l4 4L19 7"[39m
                        [33mstroke-linecap[39m=[32m"round"[39m
                        [33mstroke-linejoin[39m=[32m"round"[39m
                        [33mstroke-width[39m=[32m"2"[39m
                      [36m/>[39m
                    [36m</svg>[39m
                    [0mCompleted[0m
                  [36m</span>[39m
                [36m</div>[39m
              [36m</div>[39m
              [36m<div[39m
                [33mclass[39m=[32m"info-card"[39m
              [36m>[39m
                [36m<div[39m
                  [33mclass[39m=[32m"info-label"[39m
                [36m>[39m
                  [0mStart Time[0m
                [36m</div>[39m
                [36m<div[39m
                  [33mclass[39m=[32m"info-value"[39m
                [36m>[39m
                  [0m1/1/2024, 12:00:00 PM[0m
                [36m</div>[39m
              [36m</div>[39m
              [36m<div[39m
                [33mclass[39m=[32m"info-card"[39m
              [36m>[39m
                [36m<div[39m
                  [33mclass[39m=[32m"info-label"[39m
                [36m>[39m
                  [0mDuration[0m
                [36m</div>[39m
                [36m<div[39m
                  [33mclass[39m=[32m"info-value"[39m
                [36m>[39m
                  [0m5m[0m
                [36m</div>[39m
              [36m</div>[39m
              [36m<div[39m
                [33mclass[39m=[32m"info-card"[39m
              [36m>[39m
                [36m<div[39m
                  [33mclass[39m=[32m"info-label"[39m
                [36m>[39m
                  [0mSuccess Rate[0m
                [36m</div>[39m
                [36m<div[39m
                  [33mclass[39m=[32m"info-value"[39m
                [36m>[39m
                  [0mN/A[0m
                [36m</div>[39m
              [36m</div>[39m
            [36m</div>[39m
            [36m<h2[39m
              [33mclass[39m=[32m"section-title"[39m
            [36m>[39m
              [0mGenerated Images Summary[0m
            [36m</h2>[39m
            [36m<div[39m
              [33mclass[39m=[32m"stats-grid"[39m
            [36m>[39m
              [36m<div[39m
                [33mclass[39m=[32m"stats-card"[39m
              [36m>[39m
                [36m<div[39m
                  [33mclass[39m=[32m"stats-label"[39m
                [36m>[39m
   ...

Ignored nodes: comments, script, style
[36m<html>[39m
  [36m<head />[39m
  [36m<body>[39m
    [36m<div>[39m
      [36m<div[39m
        [33mclass[39m=[32m"single-job-view"[39m
      [36m>[39m
        [36m<header[39m
          [33mclass[39m=[32m"job-header"[39m
        [36m>[39m
          [36m<div[39m
            [33mclass[39m=[32m"header-content"[39m
          [36m>[39m
            [36m<div[39m
              [33mclass[39m=[32m"header-left"[39m
            [36m>[39m
              [36m<button[39m
                [33maria-label[39m=[32m"Go back to job list"[39m
                [33mclass[39m=[32m"back-button"[39m
              [36m>[39m
                [36m<svg[39m
                  [33mclass[39m=[32m"w-6 h-6"[39m
                  [33mfill[39m=[32m"none"[39m
                  [33mstroke[39m=[32m"currentColor"[39m
                  [33mviewBox[39m=[32m"0 0 24 24"[39m
                [36m>[39m
                  [36m<path[39m
                    [33md[39m=[32m"M10 19l-7-7m0 0l7-7m-7 7h18"[39m
                    [33mstroke-linecap[39m=[32m"round"[39m
                    [33mstroke-linejoin[39m=[32m"round"[39m
                    [33mstroke-width[39m=[32m"2"[39m
                  [36m/>[39m
                [36m</svg>[39m
              [36m</button>[39m
              [36m<h1[39m
                [33mclass[39m=[32m"job-title-main"[39m
              [36m>[39m
                [0mJob #[0m
                [0m1[0m
              [36m</h1>[39m
            [36m</div>[39m
          [36m</div>[39m
          [36m<div[39m
            [33mclass[39m=[32m"job-title-section"[39m
          [36m>[39m
            [36m<div[39m
              [33mclass[39m=[32m"job-title-static"[39m
            [36m>[39m
              [36m<span[39m
                [33mclass[39m=[32m"job-title-text"[39m
              [36m>[39m
                [0mTest Job[0m
              [36m</span>[39m
            [36m</div>[39m
          [36m</div>[39m
        [36m</header>[39m
        [36m<div[39m
          [33mclass[39m=[32m"tab-navigation"[39m
        [36m>[39m
          [36m<button[39m
            [33mclass[39m=[32m"tab-button active"[39m
            [33mdata-tab[39m=[32m"overview"[39m
          [36m>[39m
            [0mOverview[0m
          [36m</button>[39m
          [36m<button[39m
            [33mclass[39m=[32m"tab-button "[39m
            [33mdata-tab[39m=[32m"images"[39m
          [36m>[39m
            [0mImages[0m
          [36m</button>[39m
        [36m</div>[39m
        [36m<main[39m
          [33mclass[39m=[32m"tab-content-container"[39m
        [36m>[39m
          [36m<div[39m
            [33mclass[39m=[32m"tab-content active"[39m
            [33mid[39m=[32m"overview"[39m
          [36m>[39m
            [36m<div[39m
              [33mclass[39m=[32m"overview-content"[39m
            [36m>[39m
              [36m<div[39m
                [33mclass[39m=[32m"info-grid"[39m
              [36m>[39m
                [36m<div[39m
                  [33mclass[39m=[32m"info-card"[39m
                [36m>[39m
                  [36m<div[39m
                    [33mclass[39m=[32m"info-label"[39m
                  [36m>[39m
                    [0mJob ID[0m
                  [36m</div>[39m
                  [36m<div[39m
                    [33mclass[39m=[32m"info-value"[39m
                  [36m>[39m
                    [0mJOB-[0m
                    [0m1[0m
                  [36m</div>[39m
                [36m</div>[39m
                [36m<div[39m
                  [33mclass[39m=[32m"info-card"[39m
                [36m>[39m
                  [36m<div[39m
                    [33mclass[39m=[32m"info-label"[39m
                  [36m>[39m
                    [0mStatus[0m
                  [36m</div>[39m
                  [36m<div[39m
                    [33mclass[39m=[32m"info-value"[39m
                  [36m>[39m
                    [36m<span[39m
                      [33mclass[39m=[32m"inline-flex items-center gap-1 px-2 py-1 rounded-full text-sm font-medium border bg-green-100 text-green-800 border-green-200"[39m
                    [36m>[39m
                      [36m<svg[39m
                        [33maria-hidden[39m=[32m"true"[39m
                        [33mclass[39m=[32m"w-4 h-4"[39m
                        [33mfill[39m=[32m"none"[39m
                        [33mstroke[39m=[32m"currentColor"[39m
                        [33mviewBox[39m=[32m"0 0 24 24"[39m
                      [36m>[39m
                        [36m<path[39m
                          [33md[39m=[32m"M5 13l4 4L19 7"[39m
                          [33mstroke-linecap[39m=[32m"round"[39m
                          [33mstroke-linejoin[39m=[32m"round"[39m
                          [33mstroke-width[39m=[32m"2"[39m
                        [36m/>[39m
                      [36m</svg>[39m
                      [0mCompleted[0m
                    [36m</span>[39m
                  [36m</div>[39m
                [36m</div>[39m
                [36m<div[39m
                  [33mclass[39m=[32m"info-card"[39m
                [36m>[39m
                  [36m<div[39m
                    [33mclass[39m=[32m"info-label"[39m
                  [36m>[39m
                    [0mStart Time[0m
                  [36m</div>[39m
                  [36m<div[39m
                    [33mclass[39m=[32m"info-value"[39m
                  [36m>[39m
                    [0m1/1/2024, 12:00:00 PM[0m
                  [36m</div>[39m
                [36m</div>[39m
                [36m<div[39m
                  [33mclass[39m=[32m"info-card"[39m
                [36m>[39m
                  [36m<div[39m
                    [33mclass[39m=[32m"info-label"[39m
                  [36m>[39m
                    [0mDuration[0m
                  [36m</div>[39m
                  [36m<div[39m
                    [33mclass[39m=[32m"info-value"[39m
                  [36m>[39m
                    [0m5m[0m
                  [36m</div>[39m
                [36m</div>[39m
                [36m<div[39m
                  [33mclass[39m=[32m"info-card"[39m
                [36m>[39m
                  [36m<div[39m
                    [33mclass[39m=[32m"info-label"[39m
                  [36m>[39m
                    [0mSuccess Rate[0m
                  [36m</div>[39m
                  [36m<div[39m
                    [33mclass[39m=[32m"info-value"[39m
                  [36m>[39m
                    [0mN/A[0m
                  [36m</div>[39m
                [36m</div>[39m
              [36m</div>[39m
              [36m<h2[39m
                [33mclass[39m=[32m"section-title"[39m
              [36m>[39m
                [0...
 ❯ waitForWrapper node_modules/@testing-library/dom/dist/wait-for.js:163:27
 ❯ src/renderer/components/Jobs/__tests__/SingleJobView.test.tsx:449:13
    447|       render(<SingleJobView {...defaultProps} />);
    448|       
    449|       await waitFor(() => {
       |             ^
    450|         // Use the header title instead of generic text search
    451|         expect(screen.getByRole('heading', { name: 'Test Job' })).toBe…

⎯⎯⎯⎯⎯⎯⎯⎯⎯⎯⎯⎯⎯⎯⎯⎯⎯⎯⎯⎯⎯[79/254]⎯

 FAIL  src/renderer/components/Jobs/__tests__/SingleJobView.test.tsx > SingleJobView > Logs Tab > displays logs correctly in logs tab
TestingLibraryElementError: Unable to find role="heading" and name "Test Job"

Ignored nodes: comments, script, style
[36m<body>[39m
  [36m<div>[39m
    [36m<div[39m
      [33mclass[39m=[32m"single-job-view"[39m
    [36m>[39m
      [36m<header[39m
        [33mclass[39m=[32m"job-header"[39m
      [36m>[39m
        [36m<div[39m
          [33mclass[39m=[32m"header-content"[39m
        [36m>[39m
          [36m<div[39m
            [33mclass[39m=[32m"header-left"[39m
          [36m>[39m
            [36m<button[39m
              [33maria-label[39m=[32m"Go back to job list"[39m
              [33mclass[39m=[32m"back-button"[39m
            [36m>[39m
              [36m<svg[39m
                [33mclass[39m=[32m"w-6 h-6"[39m
                [33mfill[39m=[32m"none"[39m
                [33mstroke[39m=[32m"currentColor"[39m
                [33mviewBox[39m=[32m"0 0 24 24"[39m
              [36m>[39m
                [36m<path[39m
                  [33md[39m=[32m"M10 19l-7-7m0 0l7-7m-7 7h18"[39m
                  [33mstroke-linecap[39m=[32m"round"[39m
                  [33mstroke-linejoin[39m=[32m"round"[39m
                  [33mstroke-width[39m=[32m"2"[39m
                [36m/>[39m
              [36m</svg>[39m
            [36m</button>[39m
            [36m<h1[39m
              [33mclass[39m=[32m"job-title-main"[39m
            [36m>[39m
              [0mJob #[0m
              [0m1[0m
            [36m</h1>[39m
          [36m</div>[39m
        [36m</div>[39m
        [36m<div[39m
          [33mclass[39m=[32m"job-title-section"[39m
        [36m>[39m
          [36m<div[39m
            [33mclass[39m=[32m"job-title-static"[39m
          [36m>[39m
            [36m<span[39m
              [33mclass[39m=[32m"job-title-text"[39m
            [36m>[39m
              [0mTest Job[0m
            [36m</span>[39m
          [36m</div>[39m
        [36m</div>[39m
      [36m</header>[39m
      [36m<div[39m
        [33mclass[39m=[32m"tab-navigation"[39m
      [36m>[39m
        [36m<button[39m
          [33mclass[39m=[32m"tab-button active"[39m
          [33mdata-tab[39m=[32m"overview"[39m
        [36m>[39m
          [0mOverview[0m
        [36m</button>[39m
        [36m<button[39m
          [33mclass[39m=[32m"tab-button "[39m
          [33mdata-tab[39m=[32m"images"[39m
        [36m>[39m
          [0mImages[0m
        [36m</button>[39m
      [36m</div>[39m
      [36m<main[39m
        [33mclass[39m=[32m"tab-content-container"[39m
      [36m>[39m
        [36m<div[39m
          [33mclass[39m=[32m"tab-content active"[39m
          [33mid[39m=[32m"overview"[39m
        [36m>[39m
          [36m<div[39m
            [33mclass[39m=[32m"overview-content"[39m
          [36m>[39m
            [36m<div[39m
              [33mclass[39m=[32m"info-grid"[39m
            [36m>[39m
              [36m<div[39m
                [33mclass[39m=[32m"info-card"[39m
              [36m>[39m
                [36m<div[39m
                  [33mclass[39m=[32m"info-label"[39m
                [36m>[39m
                  [0mJob ID[0m
                [36m</div>[39m
                [36m<div[39m
                  [33mclass[39m=[32m"info-value"[39m
                [36m>[39m
                  [0mJOB-[0m
                  [0m1[0m
                [36m</div>[39m
              [36m</div>[39m
              [36m<div[39m
                [33mclass[39m=[32m"info-card"[39m
              [36m>[39m
                [36m<div[39m
                  [33mclass[39m=[32m"info-label"[39m
                [36m>[39m
                  [0mStatus[0m
                [36m</div>[39m
                [36m<div[39m
                  [33mclass[39m=[32m"info-value"[39m
                [36m>[39m
                  [36m<span[39m
                    [33mclass[39m=[32m"inline-flex items-center gap-1 px-2 py-1 rounded-full text-sm font-medium border bg-green-100 text-green-800 border-green-200"[39m
                  [36m>[39m
                    [36m<svg[39m
                      [33maria-hidden[39m=[32m"true"[39m
                      [33mclass[39m=[32m"w-4 h-4"[39m
                      [33mfill[39m=[32m"none"[39m
                      [33mstroke[39m=[32m"currentColor"[39m
                      [33mviewBox[39m=[32m"0 0 24 24"[39m
                    [36m>[39m
                      [36m<path[39m
                        [33md[39m=[32m"M5 13l4 4L19 7"[39m
                        [33mstroke-linecap[39m=[32m"round"[39m
                        [33mstroke-linejoin[39m=[32m"round"[39m
                        [33mstroke-width[39m=[32m"2"[39m
                      [36m/>[39m
                    [36m</svg>[39m
                    [0mCompleted[0m
                  [36m</span>[39m
                [36m</div>[39m
              [36m</div>[39m
              [36m<div[39m
                [33mclass[39m=[32m"info-card"[39m
              [36m>[39m
                [36m<div[39m
                  [33mclass[39m=[32m"info-label"[39m
                [36m>[39m
                  [0mStart Time[0m
                [36m</div>[39m
                [36m<div[39m
                  [33mclass[39m=[32m"info-value"[39m
                [36m>[39m
                  [0m1/1/2024, 12:00:00 PM[0m
                [36m</div>[39m
              [36m</div>[39m
              [36m<div[39m
                [33mclass[39m=[32m"info-card"[39m
              [36m>[39m
                [36m<div[39m
                  [33mclass[39m=[32m"info-label"[39m
                [36m>[39m
                  [0mDuration[0m
                [36m</div>[39m
                [36m<div[39m
                  [33mclass[39m=[32m"info-value"[39m
                [36m>[39m
                  [0m5m[0m
                [36m</div>[39m
              [36m</div>[39m
              [36m<div[39m
                [33mclass[39m=[32m"info-card"[39m
              [36m>[39m
                [36m<div[39m
                  [33mclass[39m=[32m"info-label"[39m
                [36m>[39m
                  [0mSuccess Rate[0m
                [36m</div>[39m
                [36m<div[39m
                  [33mclass[39m=[32m"info-value"[39m
                [36m>[39m
                  [0mN/A[0m
                [36m</div>[39m
              [36m</div>[39m
            [36m</div>[39m
            [36m<h2[39m
              [33mclass[39m=[32m"section-title"[39m
            [36m>[39m
              [0mGenerated Images Summary[0m
            [36m</h2>[39m
            [36m<div[39m
              [33mclass[39m=[32m"stats-grid"[39m
            [36m>[39m
              [36m<div[39m
                [33mclass[39m=[32m"stats-card"[39m
              [36m>[39m
                [36m<div[39m
                  [33mclass[39m=[32m"stats-label"[39m
                [36m>[39m
   ...

Ignored nodes: comments, script, style
[36m<html>[39m
  [36m<head />[39m
  [36m<body>[39m
    [36m<div>[39m
      [36m<div[39m
        [33mclass[39m=[32m"single-job-view"[39m
      [36m>[39m
        [36m<header[39m
          [33mclass[39m=[32m"job-header"[39m
        [36m>[39m
          [36m<div[39m
            [33mclass[39m=[32m"header-content"[39m
          [36m>[39m
            [36m<div[39m
              [33mclass[39m=[32m"header-left"[39m
            [36m>[39m
              [36m<button[39m
                [33maria-label[39m=[32m"Go back to job list"[39m
                [33mclass[39m=[32m"back-button"[39m
              [36m>[39m
                [36m<svg[39m
                  [33mclass[39m=[32m"w-6 h-6"[39m
                  [33mfill[39m=[32m"none"[39m
                  [33mstroke[39m=[32m"currentColor"[39m
                  [33mviewBox[39m=[32m"0 0 24 24"[39m
                [36m>[39m
                  [36m<path[39m
                    [33md[39m=[32m"M10 19l-7-7m0 0l7-7m-7 7h18"[39m
                    [33mstroke-linecap[39m=[32m"round"[39m
                    [33mstroke-linejoin[39m=[32m"round"[39m
                    [33mstroke-width[39m=[32m"2"[39m
                  [36m/>[39m
                [36m</svg>[39m
              [36m</button>[39m
              [36m<h1[39m
                [33mclass[39m=[32m"job-title-main"[39m
              [36m>[39m
                [0mJob #[0m
                [0m1[0m
              [36m</h1>[39m
            [36m</div>[39m
          [36m</div>[39m
          [36m<div[39m
            [33mclass[39m=[32m"job-title-section"[39m
          [36m>[39m
            [36m<div[39m
              [33mclass[39m=[32m"job-title-static"[39m
            [36m>[39m
              [36m<span[39m
                [33mclass[39m=[32m"job-title-text"[39m
              [36m>[39m
                [0mTest Job[0m
              [36m</span>[39m
            [36m</div>[39m
          [36m</div>[39m
        [36m</header>[39m
        [36m<div[39m
          [33mclass[39m=[32m"tab-navigation"[39m
        [36m>[39m
          [36m<button[39m
            [33mclass[39m=[32m"tab-button active"[39m
            [33mdata-tab[39m=[32m"overview"[39m
          [36m>[39m
            [0mOverview[0m
          [36m</button>[39m
          [36m<button[39m
            [33mclass[39m=[32m"tab-button "[39m
            [33mdata-tab[39m=[32m"images"[39m
          [36m>[39m
            [0mImages[0m
          [36m</button>[39m
        [36m</div>[39m
        [36m<main[39m
          [33mclass[39m=[32m"tab-content-container"[39m
        [36m>[39m
          [36m<div[39m
            [33mclass[39m=[32m"tab-content active"[39m
            [33mid[39m=[32m"overview"[39m
          [36m>[39m
            [36m<div[39m
              [33mclass[39m=[32m"overview-content"[39m
            [36m>[39m
              [36m<div[39m
                [33mclass[39m=[32m"info-grid"[39m
              [36m>[39m
                [36m<div[39m
                  [33mclass[39m=[32m"info-card"[39m
                [36m>[39m
                  [36m<div[39m
                    [33mclass[39m=[32m"info-label"[39m
                  [36m>[39m
                    [0mJob ID[0m
                  [36m</div>[39m
                  [36m<div[39m
                    [33mclass[39m=[32m"info-value"[39m
                  [36m>[39m
                    [0mJOB-[0m
                    [0m1[0m
                  [36m</div>[39m
                [36m</div>[39m
                [36m<div[39m
                  [33mclass[39m=[32m"info-card"[39m
                [36m>[39m
                  [36m<div[39m
                    [33mclass[39m=[32m"info-label"[39m
                  [36m>[39m
                    [0mStatus[0m
                  [36m</div>[39m
                  [36m<div[39m
                    [33mclass[39m=[32m"info-value"[39m
                  [36m>[39m
                    [36m<span[39m
                      [33mclass[39m=[32m"inline-flex items-center gap-1 px-2 py-1 rounded-full text-sm font-medium border bg-green-100 text-green-800 border-green-200"[39m
                    [36m>[39m
                      [36m<svg[39m
                        [33maria-hidden[39m=[32m"true"[39m
                        [33mclass[39m=[32m"w-4 h-4"[39m
                        [33mfill[39m=[32m"none"[39m
                        [33mstroke[39m=[32m"currentColor"[39m
                        [33mviewBox[39m=[32m"0 0 24 24"[39m
                      [36m>[39m
                        [36m<path[39m
                          [33md[39m=[32m"M5 13l4 4L19 7"[39m
                          [33mstroke-linecap[39m=[32m"round"[39m
                          [33mstroke-linejoin[39m=[32m"round"[39m
                          [33mstroke-width[39m=[32m"2"[39m
                        [36m/>[39m
                      [36m</svg>[39m
                      [0mCompleted[0m
                    [36m</span>[39m
                  [36m</div>[39m
                [36m</div>[39m
                [36m<div[39m
                  [33mclass[39m=[32m"info-card"[39m
                [36m>[39m
                  [36m<div[39m
                    [33mclass[39m=[32m"info-label"[39m
                  [36m>[39m
                    [0mStart Time[0m
                  [36m</div>[39m
                  [36m<div[39m
                    [33mclass[39m=[32m"info-value"[39m
                  [36m>[39m
                    [0m1/1/2024, 12:00:00 PM[0m
                  [36m</div>[39m
                [36m</div>[39m
                [36m<div[39m
                  [33mclass[39m=[32m"info-card"[39m
                [36m>[39m
                  [36m<div[39m
                    [33mclass[39m=[32m"info-label"[39m
                  [36m>[39m
                    [0mDuration[0m
                  [36m</div>[39m
                  [36m<div[39m
                    [33mclass[39m=[32m"info-value"[39m
                  [36m>[39m
                    [0m5m[0m
                  [36m</div>[39m
                [36m</div>[39m
                [36m<div[39m
                  [33mclass[39m=[32m"info-card"[39m
                [36m>[39m
                  [36m<div[39m
                    [33mclass[39m=[32m"info-label"[39m
                  [36m>[39m
                    [0mSuccess Rate[0m
                  [36m</div>[39m
                  [36m<div[39m
                    [33mclass[39m=[32m"info-value"[39m
                  [36m>[39m
                    [0mN/A[0m
                  [36m</div>[39m
                [36m</div>[39m
              [36m</div>[39m
              [36m<h2[39m
                [33mclass[39m=[32m"section-title"[39m
              [36m>[39m
                [0...
 ❯ waitForWrapper node_modules/@testing-library/dom/dist/wait-for.js:163:27
 ❯ src/renderer/components/Jobs/__tests__/SingleJobView.test.tsx:470:13
    468|       render(<SingleJobView {...defaultProps} />);
    469|       
    470|       await waitFor(() => {
       |             ^
    471|         // Use the header title instead of generic text search
    472|         expect(screen.getByRole('heading', { name: 'Test Job' })).toBe…

⎯⎯⎯⎯⎯⎯⎯⎯⎯⎯⎯⎯⎯⎯⎯⎯⎯⎯⎯⎯⎯[80/254]⎯

 FAIL  src/renderer/components/Jobs/__tests__/SingleJobView.test.tsx > SingleJobView > Edge Cases > handles job without label
TestingLibraryElementError: Unable to find an element with the text: /Job\s*#\s*1/. This could be because the text is broken up by multiple elements. In this case, you can provide a function for your text matcher to make your matcher more flexible.

Ignored nodes: comments, script, style
[36m<body>[39m
  [36m<div>[39m
    [36m<div[39m
      [33maria-label[39m=[32m"Job error"[39m
      [33mclass[39m=[32m"single-job-view"[39m
      [33mrole[39m=[32m"main"[39m
    [36m>[39m
      [36m<div[39m
        [33mclass[39m=[32m"error-container"[39m
      [36m>[39m
        [36m<div[39m
          [33mclass[39m=[32m"error-icon"[39m
        [36m>[39m
          [36m<svg[39m
            [33mclass[39m=[32m"w-8 h-8 text-red-500"[39m
            [33mfill[39m=[32m"none"[39m
            [33mstroke[39m=[32m"currentColor"[39m
            [33mviewBox[39m=[32m"0 0 24 24"[39m
          [36m>[39m
            [36m<path[39m
              [33md[39m=[32m"M12 9v2m0 4h.01m-6.938 4h13.856c1.54 0 2.502-1.667 1.732-2.5L13.732 4c-.77-.833-1.964-.833-2.732 0L3.732 16.5c-.77.833.192 2.5 1.732 2.5z"[39m
              [33mstroke-linecap[39m=[32m"round"[39m
              [33mstroke-linejoin[39m=[32m"round"[39m
              [33mstroke-width[39m=[32m"2"[39m
            [36m/>[39m
          [36m</svg>[39m
        [36m</div>[39m
        [36m<h3>[39m
          [0mError Loading Job[0m
        [36m</h3>[39m
        [36m<p>[39m
          [0mFailed to load job data[0m
        [36m</p>[39m
        [36m<button[39m
          [33mclass[39m=[32m"btn-primary"[39m
        [36m>[39m
          [0mGo Back[0m
        [36m</button>[39m
      [36m</div>[39m
    [36m</div>[39m
  [36m</div>[39m
[36m</body>[39m

Ignored nodes: comments, script, style
[36m<html>[39m
  [36m<head />[39m
  [36m<body>[39m
    [36m<div>[39m
      [36m<div[39m
        [33maria-label[39m=[32m"Job error"[39m
        [33mclass[39m=[32m"single-job-view"[39m
        [33mrole[39m=[32m"main"[39m
      [36m>[39m
        [36m<div[39m
          [33mclass[39m=[32m"error-container"[39m
        [36m>[39m
          [36m<div[39m
            [33mclass[39m=[32m"error-icon"[39m
          [36m>[39m
            [36m<svg[39m
              [33mclass[39m=[32m"w-8 h-8 text-red-500"[39m
              [33mfill[39m=[32m"none"[39m
              [33mstroke[39m=[32m"currentColor"[39m
              [33mviewBox[39m=[32m"0 0 24 24"[39m
            [36m>[39m
              [36m<path[39m
                [33md[39m=[32m"M12 9v2m0 4h.01m-6.938 4h13.856c1.54 0 2.502-1.667 1.732-2.5L13.732 4c-.77-.833-1.964-.833-2.732 0L3.732 16.5c-.77.833.192 2.5 1.732 2.5z"[39m
                [33mstroke-linecap[39m=[32m"round"[39m
                [33mstroke-linejoin[39m=[32m"round"[39m
                [33mstroke-width[39m=[32m"2"[39m
              [36m/>[39m
            [36m</svg>[39m
          [36m</div>[39m
          [36m<h3>[39m
            [0mError Loading Job[0m
          [36m</h3>[39m
          [36m<p>[39m
            [0mFailed to load job data[0m
          [36m</p>[39m
          [36m<button[39m
            [33mclass[39m=[32m"btn-primary"[39m
          [36m>[39m
            [0mGo Back[0m
          [36m</button>[39m
        [36m</div>[39m
      [36m</div>[39m
    [36m</div>[39m
  [36m</body>[39m
[36m</html>[39m
 ❯ waitForWrapper node_modules/@testing-library/dom/dist/wait-for.js:163:27
 ❯ src/renderer/components/Jobs/__tests__/SingleJobView.test.tsx:496:13
    494|       render(<SingleJobView {...defaultProps} />);
    495|       
    496|       await waitFor(() => {
       |             ^
    497|         // When label is undefined, it should show a heading like "Job…
    498|         expect(screen.getByText(/Job\s*#\s*1/)).toBeInTheDocument();

⎯⎯⎯⎯⎯⎯⎯⎯⎯⎯⎯⎯⎯⎯⎯⎯⎯⎯⎯⎯⎯[81/254]⎯

 FAIL  src/renderer/components/Jobs/__tests__/SingleJobView.test.tsx > SingleJobView > Edge Cases > handles job without completedAt
TestingLibraryElementError: Unable to find an element with the text: Test Job. This could be because the text is broken up by multiple elements. In this case, you can provide a function for your text matcher to make your matcher more flexible.

Ignored nodes: comments, script, style
[36m<body>[39m
  [36m<div>[39m
    [36m<div[39m
      [33maria-label[39m=[32m"Job error"[39m
      [33mclass[39m=[32m"single-job-view"[39m
      [33mrole[39m=[32m"main"[39m
    [36m>[39m
      [36m<div[39m
        [33mclass[39m=[32m"error-container"[39m
      [36m>[39m
        [36m<div[39m
          [33mclass[39m=[32m"error-icon"[39m
        [36m>[39m
          [36m<svg[39m
            [33mclass[39m=[32m"w-8 h-8 text-red-500"[39m
            [33mfill[39m=[32m"none"[39m
            [33mstroke[39m=[32m"currentColor"[39m
            [33mviewBox[39m=[32m"0 0 24 24"[39m
          [36m>[39m
            [36m<path[39m
              [33md[39m=[32m"M12 9v2m0 4h.01m-6.938 4h13.856c1.54 0 2.502-1.667 1.732-2.5L13.732 4c-.77-.833-1.964-.833-2.732 0L3.732 16.5c-.77.833.192 2.5 1.732 2.5z"[39m
              [33mstroke-linecap[39m=[32m"round"[39m
              [33mstroke-linejoin[39m=[32m"round"[39m
              [33mstroke-width[39m=[32m"2"[39m
            [36m/>[39m
          [36m</svg>[39m
        [36m</div>[39m
        [36m<h3>[39m
          [0mError Loading Job[0m
        [36m</h3>[39m
        [36m<p>[39m
          [0mFailed to load job data[0m
        [36m</p>[39m
        [36m<button[39m
          [33mclass[39m=[32m"btn-primary"[39m
        [36m>[39m
          [0mGo Back[0m
        [36m</button>[39m
      [36m</div>[39m
    [36m</div>[39m
  [36m</div>[39m
[36m</body>[39m

Ignored nodes: comments, script, style
[36m<html>[39m
  [36m<head />[39m
  [36m<body>[39m
    [36m<div>[39m
      [36m<div[39m
        [33maria-label[39m=[32m"Job error"[39m
        [33mclass[39m=[32m"single-job-view"[39m
        [33mrole[39m=[32m"main"[39m
      [36m>[39m
        [36m<div[39m
          [33mclass[39m=[32m"error-container"[39m
        [36m>[39m
          [36m<div[39m
            [33mclass[39m=[32m"error-icon"[39m
          [36m>[39m
            [36m<svg[39m
              [33mclass[39m=[32m"w-8 h-8 text-red-500"[39m
              [33mfill[39m=[32m"none"[39m
              [33mstroke[39m=[32m"currentColor"[39m
              [33mviewBox[39m=[32m"0 0 24 24"[39m
            [36m>[39m
              [36m<path[39m
                [33md[39m=[32m"M12 9v2m0 4h.01m-6.938 4h13.856c1.54 0 2.502-1.667 1.732-2.5L13.732 4c-.77-.833-1.964-.833-2.732 0L3.732 16.5c-.77.833.192 2.5 1.732 2.5z"[39m
                [33mstroke-linecap[39m=[32m"round"[39m
                [33mstroke-linejoin[39m=[32m"round"[39m
                [33mstroke-width[39m=[32m"2"[39m
              [36m/>[39m
            [36m</svg>[39m
          [36m</div>[39m
          [36m<h3>[39m
            [0mError Loading Job[0m
          [36m</h3>[39m
          [36m<p>[39m
            [0mFailed to load job data[0m
          [36m</p>[39m
          [36m<button[39m
            [33mclass[39m=[32m"btn-primary"[39m
          [36m>[39m
            [0mGo Back[0m
          [36m</button>[39m
        [36m</div>[39m
      [36m</div>[39m
    [36m</div>[39m
  [36m</body>[39m
[36m</html>[39m
 ❯ waitForWrapper node_modules/@testing-library/dom/dist/wait-for.js:163:27
 ❯ src/renderer/components/Jobs/__tests__/SingleJobView.test.tsx:511:13
    509|       render(<SingleJobView {...defaultProps} />);
    510|       
    511|       await waitFor(() => {
       |             ^
    512|         expect(screen.getAllByText('Test Job').length).toBeGreaterThan…
    513|       });

⎯⎯⎯⎯⎯⎯⎯⎯⎯⎯⎯⎯⎯⎯⎯⎯⎯⎯⎯⎯⎯[82/254]⎯

 FAIL  src/renderer/components/Jobs/__tests__/SingleJobView.test.tsx > SingleJobView > Edge Cases > handles job without startedAt
TestingLibraryElementError: Unable to find an element with the text: Test Job. This could be because the text is broken up by multiple elements. In this case, you can provide a function for your text matcher to make your matcher more flexible.

Ignored nodes: comments, script, style
[36m<body>[39m
  [36m<div>[39m
    [36m<div[39m
      [33maria-label[39m=[32m"Job error"[39m
      [33mclass[39m=[32m"single-job-view"[39m
      [33mrole[39m=[32m"main"[39m
    [36m>[39m
      [36m<div[39m
        [33mclass[39m=[32m"error-container"[39m
      [36m>[39m
        [36m<div[39m
          [33mclass[39m=[32m"error-icon"[39m
        [36m>[39m
          [36m<svg[39m
            [33mclass[39m=[32m"w-8 h-8 text-red-500"[39m
            [33mfill[39m=[32m"none"[39m
            [33mstroke[39m=[32m"currentColor"[39m
            [33mviewBox[39m=[32m"0 0 24 24"[39m
          [36m>[39m
            [36m<path[39m
              [33md[39m=[32m"M12 9v2m0 4h.01m-6.938 4h13.856c1.54 0 2.502-1.667 1.732-2.5L13.732 4c-.77-.833-1.964-.833-2.732 0L3.732 16.5c-.77.833.192 2.5 1.732 2.5z"[39m
              [33mstroke-linecap[39m=[32m"round"[39m
              [33mstroke-linejoin[39m=[32m"round"[39m
              [33mstroke-width[39m=[32m"2"[39m
            [36m/>[39m
          [36m</svg>[39m
        [36m</div>[39m
        [36m<h3>[39m
          [0mError Loading Job[0m
        [36m</h3>[39m
        [36m<p>[39m
          [0mFailed to load job data[0m
        [36m</p>[39m
        [36m<button[39m
          [33mclass[39m=[32m"btn-primary"[39m
        [36m>[39m
          [0mGo Back[0m
        [36m</button>[39m
      [36m</div>[39m
    [36m</div>[39m
  [36m</div>[39m
[36m</body>[39m

Ignored nodes: comments, script, style
[36m<html>[39m
  [36m<head />[39m
  [36m<body>[39m
    [36m<div>[39m
      [36m<div[39m
        [33maria-label[39m=[32m"Job error"[39m
        [33mclass[39m=[32m"single-job-view"[39m
        [33mrole[39m=[32m"main"[39m
      [36m>[39m
        [36m<div[39m
          [33mclass[39m=[32m"error-container"[39m
        [36m>[39m
          [36m<div[39m
            [33mclass[39m=[32m"error-icon"[39m
          [36m>[39m
            [36m<svg[39m
              [33mclass[39m=[32m"w-8 h-8 text-red-500"[39m
              [33mfill[39m=[32m"none"[39m
              [33mstroke[39m=[32m"currentColor"[39m
              [33mviewBox[39m=[32m"0 0 24 24"[39m
            [36m>[39m
              [36m<path[39m
                [33md[39m=[32m"M12 9v2m0 4h.01m-6.938 4h13.856c1.54 0 2.502-1.667 1.732-2.5L13.732 4c-.77-.833-1.964-.833-2.732 0L3.732 16.5c-.77.833.192 2.5 1.732 2.5z"[39m
                [33mstroke-linecap[39m=[32m"round"[39m
                [33mstroke-linejoin[39m=[32m"round"[39m
                [33mstroke-width[39m=[32m"2"[39m
              [36m/>[39m
            [36m</svg>[39m
          [36m</div>[39m
          [36m<h3>[39m
            [0mError Loading Job[0m
          [36m</h3>[39m
          [36m<p>[39m
            [0mFailed to load job data[0m
          [36m</p>[39m
          [36m<button[39m
            [33mclass[39m=[32m"btn-primary"[39m
          [36m>[39m
            [0mGo Back[0m
          [36m</button>[39m
        [36m</div>[39m
      [36m</div>[39m
    [36m</div>[39m
  [36m</body>[39m
[36m</html>[39m
 ❯ waitForWrapper node_modules/@testing-library/dom/dist/wait-for.js:163:27
 ❯ src/renderer/components/Jobs/__tests__/SingleJobView.test.tsx:528:13
    526|       render(<SingleJobView {...defaultProps} />);
    527|       
    528|       await waitFor(() => {
       |             ^
    529|         // Header shows label in a span, not as a heading element
    530|         expect(screen.getByText('Test Job')).toBeInTheDocument();

⎯⎯⎯⎯⎯⎯⎯⎯⎯⎯⎯⎯⎯⎯⎯⎯⎯⎯⎯⎯⎯[83/254]⎯

 FAIL  src/renderer/components/Jobs/__tests__/SingleJobView.test.tsx > SingleJobView > Edge Cases > handles empty images array
TestingLibraryElementError: Unable to find an element with the text: No images generated. This could be because the text is broken up by multiple elements. In this case, you can provide a function for your text matcher to make your matcher more flexible.

Ignored nodes: comments, script, style
[36m<body>[39m
  [36m<div>[39m
    [36m<div[39m
      [33mclass[39m=[32m"single-job-view"[39m
    [36m>[39m
      [36m<header[39m
        [33mclass[39m=[32m"job-header"[39m
      [36m>[39m
        [36m<div[39m
          [33mclass[39m=[32m"header-content"[39m
        [36m>[39m
          [36m<div[39m
            [33mclass[39m=[32m"header-left"[39m
          [36m>[39m
            [36m<button[39m
              [33maria-label[39m=[32m"Go back to job list"[39m
              [33mclass[39m=[32m"back-button"[39m
            [36m>[39m
              [36m<svg[39m
                [33mclass[39m=[32m"w-6 h-6"[39m
                [33mfill[39m=[32m"none"[39m
                [33mstroke[39m=[32m"currentColor"[39m
                [33mviewBox[39m=[32m"0 0 24 24"[39m
              [36m>[39m
                [36m<path[39m
                  [33md[39m=[32m"M10 19l-7-7m0 0l7-7m-7 7h18"[39m
                  [33mstroke-linecap[39m=[32m"round"[39m
                  [33mstroke-linejoin[39m=[32m"round"[39m
                  [33mstroke-width[39m=[32m"2"[39m
                [36m/>[39m
              [36m</svg>[39m
            [36m</button>[39m
            [36m<h1[39m
              [33mclass[39m=[32m"job-title-main"[39m
            [36m>[39m
              [0mJob #[0m
              [0m1[0m
            [36m</h1>[39m
          [36m</div>[39m
        [36m</div>[39m
        [36m<div[39m
          [33mclass[39m=[32m"job-title-section"[39m
        [36m>[39m
          [36m<div[39m
            [33mclass[39m=[32m"job-title-static"[39m
          [36m>[39m
            [36m<span[39m
              [33mclass[39m=[32m"job-title-text"[39m
            [36m>[39m
              [0mTest Job[0m
            [36m</span>[39m
          [36m</div>[39m
        [36m</div>[39m
      [36m</header>[39m
      [36m<div[39m
        [33mclass[39m=[32m"tab-navigation"[39m
      [36m>[39m
        [36m<button[39m
          [33mclass[39m=[32m"tab-button "[39m
          [33mdata-tab[39m=[32m"overview"[39m
        [36m>[39m
          [0mOverview[0m
        [36m</button>[39m
        [36m<button[39m
          [33mclass[39m=[32m"tab-button active"[39m
          [33mdata-tab[39m=[32m"images"[39m
        [36m>[39m
          [0mImages[0m
        [36m</button>[39m
      [36m</div>[39m
      [36m<main[39m
        [33mclass[39m=[32m"tab-content-container"[39m
      [36m>[39m
        [36m<div[39m
          [33mclass[39m=[32m"tab-content "[39m
          [33mid[39m=[32m"overview"[39m
        [36m>[39m
          [36m<div[39m
            [33mclass[39m=[32m"overview-content"[39m
          [36m>[39m
            [36m<div[39m
              [33mclass[39m=[32m"info-grid"[39m
            [36m>[39m
              [36m<div[39m
                [33mclass[39m=[32m"info-card"[39m
              [36m>[39m
                [36m<div[39m
                  [33mclass[39m=[32m"info-label"[39m
                [36m>[39m
                  [0mJob ID[0m
                [36m</div>[39m
                [36m<div[39m
                  [33mclass[39m=[32m"info-value"[39m
                [36m>[39m
                  [0mJOB-[0m
                  [0m1[0m
                [36m</div>[39m
              [36m</div>[39m
              [36m<div[39m
                [33mclass[39m=[32m"info-card"[39m
              [36m>[39m
                [36m<div[39m
                  [33mclass[39m=[32m"info-label"[39m
                [36m>[39m
                  [0mStatus[0m
                [36m</div>[39m
                [36m<div[39m
                  [33mclass[39m=[32m"info-value"[39m
                [36m>[39m
                  [36m<span[39m
                    [33mclass[39m=[32m"inline-flex items-center gap-1 px-2 py-1 rounded-full text-sm font-medium border bg-green-100 text-green-800 border-green-200"[39m
                  [36m>[39m
                    [36m<svg[39m
                      [33maria-hidden[39m=[32m"true"[39m
                      [33mclass[39m=[32m"w-4 h-4"[39m
                      [33mfill[39m=[32m"none"[39m
                      [33mstroke[39m=[32m"currentColor"[39m
                      [33mviewBox[39m=[32m"0 0 24 24"[39m
                    [36m>[39m
                      [36m<path[39m
                        [33md[39m=[32m"M5 13l4 4L19 7"[39m
                        [33mstroke-linecap[39m=[32m"round"[39m
                        [33mstroke-linejoin[39m=[32m"round"[39m
                        [33mstroke-width[39m=[32m"2"[39m
                      [36m/>[39m
                    [36m</svg>[39m
                    [0mCompleted[0m
                  [36m</span>[39m
                [36m</div>[39m
              [36m</div>[39m
              [36m<div[39m
                [33mclass[39m=[32m"info-card"[39m
              [36m>[39m
                [36m<div[39m
                  [33mclass[39m=[32m"info-label"[39m
                [36m>[39m
                  [0mStart Time[0m
                [36m</div>[39m
                [36m<div[39m
                  [33mclass[39m=[32m"info-value"[39m
                [36m>[39m
                  [0m1/1/2024, 12:00:00 PM[0m
                [36m</div>[39m
              [36m</div>[39m
              [36m<div[39m
                [33mclass[39m=[32m"info-card"[39m
              [36m>[39m
                [36m<div[39m
                  [33mclass[39m=[32m"info-label"[39m
                [36m>[39m
                  [0mDuration[0m
                [36m</div>[39m
                [36m<div[39m
                  [33mclass[39m=[32m"info-value"[39m
                [36m>[39m
                  [0m5m[0m
                [36m</div>[39m
              [36m</div>[39m
              [36m<div[39m
                [33mclass[39m=[32m"info-card"[39m
              [36m>[39m
                [36m<div[39m
                  [33mclass[39m=[32m"info-label"[39m
                [36m>[39m
                  [0mSuccess Rate[0m
                [36m</div>[39m
                [36m<div[39m
                  [33mclass[39m=[32m"info-value"[39m
                [36m>[39m
                  [0mN/A[0m
                [36m</div>[39m
              [36m</div>[39m
            [36m</div>[39m
            [36m<h2[39m
              [33mclass[39m=[32m"section-title"[39m
            [36m>[39m
              [0mGenerated Images Summary[0m
            [36m</h2>[39m
            [36m<div[39m
              [33mclass[39m=[32m"stats-grid"[39m
            [36m>[39m
              [36m<div[39m
                [33mclass[39m=[32m"stats-card"[39m
              [36m>[39m
                [36m<div[39m
                  [33mclass[39m=[32m"stats-label"[39m
                [36m>[39m
                  [0mTotal Images[0m
                [36m</div>[39m
                [36m<div[39m
                  [33mclass[39m=[32m"stats-value"[39m
                [36m>[39m
                  [0m0[0m
                [36m</div>[39m
              [36m</div>[39m
              [36m<div[39m
                [33mclass[39m=[32m"stats-card"[39m
              [36m>[39m
                [36m<div[39m
                  [33mclass[39m=[32m"stats-label"[39m
                [36m>[39m
                  [0mSuccessful[0m
                [36m</div>[39m
                [36m<div[39m
                  [33mclass[39m=[32m"stats-value success"[39m
                [36m>[39m
                  [0m0[0m
                [36m</div>[39m
              [36m</div>[39m
              [36m<div[39m
                [33mclass[39m=[32m"stats-card"[39m
              [36m>[39m
                [36m<div[39m
                  [33mclass[39m=[32m"stats-label"[39m
                [36m>[39m
                  [0mFailed[0m
                [36m</div>[39m
                [36m<div[39m
                  [33mclass[39m=[32m"stats-value failed"[39m
                [36m>[39m
                  [0m0[0m
                [36m</div>[39m
                [36m<div[39m
                  [33mclass[39m=[32m"stats-note"[39m
                [36m>[39m
                  [0mGeneration failed[0m
                [36m</div>[39m
              [36m</div>[39m
            [36m</div>[39m
            [36m<div[39m
              [33mclass[39m=[32m"settings-section"[39m
            [36m>[39m
              [36m<div[39m
                [33mclass[39m=[32m"settings-header"[39m
              [36m>[39m
                [36m<h2[39m
                  [33mclass[39m=[32m"section-title"[39m
                [36m>[39m
                  [0mSettings[0m
                [36m</h2>[39m
                [36m<div[39m
                  [33mclass[39m=[32m"settings-actions"[39m
                [36m>[39m
                  [36m<button[39m
                    [33mclass[39m=[32m"refresh-button"[39m
                    [33mtitle[39m=[32m"Refresh job data"[39m
                  [36m>[39m
                    [36m<svg[39m
                      [33mclass[39m=[32m"w-4 h-4 mr-1"[39m
                      [33mfill[39m=[32m"none"[39m
                      [33mstroke[39m=[32m"currentColor"[39m
                      [33mviewBox[39m=[32m"0 0 24 24"[39m
                    [36m>[39m
                      [36m<path[39m
                        [33md[39m=[32m"M3 12a9 9 0 0 1 9-9 9.75 9.75 0 0 1 6.74 2.74L21 8"[39m
                        [33mstroke-width[39m=[32m"2.5"[39m
                      [36m/>[39m
                      [36m<path[39m
                        [33md[39m=[32m"M21 3v5h-5"[39m
                        [33mstroke-width[39m=[32m"2.5"[39m
                      [36m/>[39m
                      [36m<path[39m
                        [33md[39m=[32m"M21 12a9 9 0 0 1-9 9 9.75 9.75 0 0 1-6.74-2.74L3 16"[39m
                        [33mstroke-width[39m=[32m"2.5"[39m
                      [36m/>[39m
                      [36m<path[39m
                        [33md[39m=[32m"M8 16H3v5"[39m
                        [33mstroke-width[39m=[32m"2.5"[39m
                      [36m/>[39m
                    [36m</svg>[39m
                    [0mRefresh[0m
                  [36m</button>[39m
                  [36m<button[39m
                    [33mclass[39m=[32m"edit-button"[39m
                    [33mtitle[39m=[32m"Edit job settings"[39m
                  [36m>[39m
                    [0mEdit[0m
                  [36m</button>[39m
                [36m</div>[39m
              [36m</div>[39m
              [36m<div[39m
                [33mclass[39m=[32m"settings-content"[39m
              [36m>[39m
                [36m<div[39m
                  [33mclass[39m=[32m"setting-group"[39m
                [36m>[39m
                  [36m<h3>[39m
                    [0mModel Configuration[0m
                  [36m</h3>[39m
                  [36m<div[39m
                    [33mclass[39m=[32m"setting-details"[39m
                  [36m>[39m
                    [36m<div>[39m
                      [0m• Provider: Runware[0m
                    [36m</div>[39m
                    [36m<div>[39m
                      [0m• Runware Model: [0m
                      [0mNot specified[0m
                    [36m</div>[39m
                    [36m<div>[39m
                      [0m• Generations: [0m
                      [0mNot specified[0m
                    [36m</div>[39m
                    [36m<div>[39m
                      [0m• Variations: [0m
                      [0mNot specified[0m
                    [36m</div>[39m
                    [36m<div>[39m
                      [0m• LoRA Models: [0m
                      [0mNo[0m
                    [36m</div>[39m
                    [36m<div>[39m
                      [0m• LoRA list: [0m
                      [0mNot Applied as LoRA Models disabled[0m
                    [36m</div>[39m
                  [36m</div>[39m
                [36m</div>[39m
                [36m<div[39m
                  [33mclass[39m=[32m"setting-group"[39m
                [36m>[39m
                  [36m<h3>[39m
                    [0mImage Settings[0m
                  [36m</h3>[39m
                  [36m<div[39m
                    [33mclass[39m=[32m"setting-details"[39m
                  [36m>[39m
                    [36m<div>[39m
                      [0m• Dimensions: [0m
                      [0mNot specified[0m
                    [36m</div>[39m
                    [36m<div>[39m
                      [0m• Format: [0m
                      [0mNOT SPECIFIED[0m
                    [36m</div>[39m
                  [36m</div>[39m
                [36m</div>[39m
                [36m<div[39m
                  [33mclass[39m=[32m"setting-group"[39m
                [36m>[39m
                  [36m<h3>[39m
                    [0mProcessing Options[0m
                  [36m</h3>[39m
                  [36m<div[39m
                    [33mclass[39m=[32m"setting-details"[39m
                  [36m>[39m
                    [36m<div>[39m
                      [0m• Remove Background: [0m
                      [0mNo[0m
                    [36m</div>[39m
                    [36m<div>[39m
                      [0m• Remove.bg Size: [0m
                      [0mNot applied (Remove Background OFF)[0m
                    [36m</div>[39m
                    [36m<div>[39m
                      [0m• Image Enhancement: [0m
                      [0mNo[0m
                    [36m</div>[39m
                    [36m<div>[39m
                      [0m• Sharpening: [0m
                      [0mNot applied (Image Enhancement OFF)[0m
                    [36m</div>[39m
                    [36m<div>[39m
                      [0m• Saturation: [0m
                      [0mNot applied (Image Enhancement OFF)[0m
                    [36m</div>[39m
                    [36m<div>[39m
                      [0m• Image Convert: [0m
                      [0mNo[0m
                    [36m</div>[39m
                    [36m<div>[39m
                      [0m• Convert Format: [0m
                      [0mNot applied (Image Convert OFF)[0m
                    [36m</div>[39m
                    [36m<div>[39m
                      [0m• Trim Transparent: [0m
                      [0mNot applied (Remove Background OFF)[0m
                    [36m</div>[39m
                    [36m<div>[39m
                      [0m• JPG Background Colour: [0m
                      [0mNot applied (Remove Background, Image Convert are set to OFF and Convert Format is not JPG)[0m
                    [36m</div>[39m
                    [36m<div>[39m
                      [0m• Quality Check: [0m
                      [0mNo[0m
                    [36m</div>[39m
                    [36m<div>[39m
                      [0m• Metadata Generation: [0m
                      [0mNo[0m
                    [36m</div>[39m
                  [36m</div>[39m
                [36m</div>[39m
              [36m</div>[39m
            [36m</div>[39m
          [36m</div>[39m
        [36m</div>[39m
        [36m<div[39m
          [33mclass[39m=[32m"tab-content active"[39m
          [33mid[39m=[32m"images"[39m
        [36m>[39m
          [36m<div[39m
            [33mclass[39m=[32m"images-content"[39m
          [36m>[39m
            [36m<div[39m
              [33mclass[39m=[32m"images-controls"[39m
            [36m>[39m
              [36m<div[39m
                [33mclass[39m=[32m"filter-controls"[39m
              [36m>[39m
                [36m<select[39m
                  [33mclass[39m=[32m"filter-select"[39m
                [36m>[39m
                  [36m<option[39m
                    [33mvalue[39m=[32m"all"[39m
                  [36m>[39m
                    [0mAll[0m
                  [36m</option>[39m
                  [36m<option[39m
                    [33mvalue[39m=[32m"approved"[39m
                  [36m>[39m
                    [0mApproved[0m
                  [36m</option>[39m
                  [36m<option[39m
                    [33mvalue[39m=[32m"failed_all"[39m
                  [36m>[39m
                    [0mFailed (All)[0m
                  [36m</option>[39m
                  [36m<option[39m
                    [33mvalue[39m=[32m"failed_qc"[39m
                  [36m>[39m
                    [0mFailed – QC[0m
                  [36m</option>[39m
                  [36m<option[39m
                    [33mvalue[39m=[32m"failed_tech"[39m
                  [36m>[39m
                    [0mFailed – Technical[0m
                  [36m</option>[39m
                [36m</select>[39m
              [36m</div>[39m
              [36m<div[39m
                [33mclass[39m=[32m"view-controls"[39m
              [36m>[39m
                [36m<button[39m
                  [33mclass[39m=[32m"view-toggle active"[39m
                  [33mtitle[39m=[32m"Grid View"[39m
                [36m>[39m
                  [36m<svg[39m
                    [33mclass[39m=[32m"w-5 h-5"[39m
                    [33mfill[39m=[32m"none"[39m
                    [33mstroke[39m=[32m"currentColor"[39m
                    [33mviewBox[39m=[32m"0 0 24 24"[39m
                  [36m>[39m
                    [36m<path[39m
                      [33md[39m=[32m"M4 6a2 2 0 012-2h2a2 2 0 012 2v2a2 2 0 01-2 2H6a2 2 0 01-2-2V6zM14 6a2 2 0 012-2h2a2 2 0 012 2v2a2 2 0 01-2 2h-2a2 2 0 01-2-2V6zM4 16a2 2 0 012-2h2a2 2 0 012 2v2a2 2 0 01-2 2H6a2 2 0 01-2-2v-2zM14 16a2 2 0 012-2h2a2 2 0 012 2v2a2 2 0 01-2 2h-2a2 2 0 01-2-2v-2z"[39m
                      [33mstroke-linecap[39m=[32m"round"[39m
                      [33mstroke-linejoin[39m=[32m"round"[39m
                      [33mstroke-width[39m=[32m"2"[39m
                    [36m/>[39m
                  [36m</svg>[39m
                [36m</button>[39m
                [36m<button[39m
                  [33mclass[39m=[32m"view-toggle "[39m
                  [33mtitle[39m=[32m"List View"[39m
                [36m>[39m
                  [36m<svg[39m
                    [33mclass[39m=[32m"w-5 h-5"[39m
                    [33mfill[39m=[32m"none"[39m
                    [33mstroke[39m=[32m"currentColor"[39m
                    [33mviewBox[39m=[32m"0 0 24 24"[39m
                  [36m>[39m
                    [36m<path[39m
                      [33md[39m=[32m"M4 6h16M4 10h16M4 14h16M4 18h16"[39m
                      [33mstroke-linecap[39m=[32m"round"[39m
                      [33mstroke-linejoin[39m=[32m"round"[39m
                      [33mstroke-width[39m=[32m"2"[39m
                    [36m/>[39m
                  [36m</svg>[39m
                [36m</button>[39m
              [36m</div>[39m
            [36m</div>[39m
            [36m<div[39m
              [33mclass[39m=[32m"images-scroll-area"[39m
            [36m>[39m
              [36m<div[39m
                [33mclass[39m=[32m"image-grid"[39m
              [36m>[39m
                [36m<div[39m
                  [33mclass[39m=[32m"no-images"[39m
                [36m>[39m
                  [36m<p>[39m
                    [0mNo images found with current filter.[0m
                  [36m</p>[39m
                [36m</div>[39m
              [36m</div>[39m
            [36m</div>[39m
          [36m</div>[39m
        [36m</div>[39m
      [36m</main>[39m
      [36m<footer[39m
        [33mclass[39m=[32m"job-footer"[39m
      [36m>[39m
        [36m<div[39m
          [33mclass[39m=[32m"footer-actions"[39m
        [36m>[39m
          [36m<button[39m
            [33mclass[39m=[32m"btn-rerun"[39m
          [36m>[39m
            [36m<svg[39m
              [33mclass[39m=[32m"w-4 h-4 mr-2"[39m
              [33mfill[39m=[32m"none"[39m
              [33mstroke[39m=[32m"currentColor"[39m
              [33mviewBox[39m=[32m"0 0 24 24"[39m
            [36m>[39m
              [36m<path[39m
                [33md[39m=[32m"M3 12a9 9 0 0 1 9-9 9.75 9.75 0 0 1 6.74 2.74L21 8"[39m
                [33mstroke-width[39m=[32m"2.5"[39m
              [36m/>[39m
              [36m<path[39m
                [33md[39m=[32m"M21 3v5h-5"[39m
                [33mstroke-width[39m=[32m"2.5"[39m
              [36m/>[39m
              [36m<path[39m
                [33md[39m=[32m"M21 12a9 9 0 0 1-9 9 9.75 9.75 0 0 1-6.74-2.74L3 16"[39m
                [33mstroke-width[39m=[32m"2.5"[39m
              [36m/>[39m
              [36m<path[39m
                [33md[39m=[32m"M8 16H3v5"[39m
                [33mstroke-width[39m=[32m"2.5"[39m
              [36m/>[39m
            [36m</svg>[39m
            [0mRerun Job[0m
          [36m</button>[39m
          [36m<button[39m
            [33mclass[39m=[32m"btn-export"[39m
          [36m>[39m
            [36m<svg[39m
              [33mclass[39m=[32m"w-4 h-4 mr-2"[39m
              [33mfill[39m=[32m"none"[39m
              [33mstroke[39m=[32m"currentColor"[39m
              [33mviewBox[39m=[32m"0 0 24 24"[39m
            [36m>[39m
              [36m<path[39m
                [33md[39m=[32m"M12 10v6m0 0l-3-3m3 3l3-3m2 8H7a2 2 0 01-2-2V5a2 2 0 012-2h5.586a1 1 0 01.707.293l5.414 5.414a1 1 0 01.293.707V19a2 2 0 01-2 2z"[39m
                [33mstroke-linecap[39m=[32m"round"[39m
                [33mstroke-linejoin[39m=[32m"round"[39m
                [33mstroke-width[39m=[32m"2"[39m
              [36m/>[39m
            [36m</svg>[39m
            [0mExport Job[0m
          [36m</button>[39m
          [36m<button[39m
            [33mclass[39m=[32m"btn-delete"[39m
          [36m>[39m
            [36m<svg[39m
              [33mclass[39m=[32m"w-4 h-4 mr-2"[39m
              [33mfill[39m=[32m"none"[39m
              [33mstroke[39m=[32m"currentColor"[39m
              [33mviewBox[39m=[32m"0 0 24 24"[39m
            [36m>[39m
              [36m<path[39m
                [33md[39m=[32m"M19 7l-.867 12.142A2 2 0 0116.138 21H7.862a2 2 0 01-1.995-1.858L5 7m5 4v6m4-6v6m1-10V4a1 1 0 00-1-1h-4a1 1 0 00-1 1v3M4 7h16"[39m
                [33mstroke-linecap[39m=[32m"round"[39m
                [33mstroke-linejoin[39m=[32m"round"[39m
                [33mstroke-width[39m=[32m"2"[39m
              [36m/>[39m
            [36m</svg>[39m
            [0mDelete Job[0m
          [36m</button>[39m
        [36m</div>[39m
      [36m</footer>[39m
    [36m</div>[39m
  [36m</div>[39m
[36m</body>[39m
 ❯ Object.getElementError node_modules/@testing-library/dom/dist/config.js:37:19
 ❯ node_modules/@testing-library/dom/dist/query-helpers.js:76:38
 ❯ node_modules/@testing-library/dom/dist/query-helpers.js:52:17
 ❯ node_modules/@testing-library/dom/dist/query-helpers.js:95:19
 ❯ src/renderer/components/Jobs/__tests__/SingleJobView.test.tsx:552:21
    550|       fireEvent.click(imagesTab);
    551|       
    552|       expect(screen.getByText('No images generated')).toBeInTheDocumen…
       |                     ^
    553|       expect(screen.getByText("This job hasn't generated any images ye…
    554|     });

⎯⎯⎯⎯⎯⎯⎯⎯⎯⎯⎯⎯⎯⎯⎯⎯⎯⎯⎯⎯⎯[84/254]⎯

 FAIL  src/renderer/components/Jobs/__tests__/SingleJobView.test.tsx > SingleJobView > Error Handling > handles API error for images loading
TestingLibraryElementError: Unable to find an element with the text: No images generated. This could be because the text is broken up by multiple elements. In this case, you can provide a function for your text matcher to make your matcher more flexible.

Ignored nodes: comments, script, style
[36m<body>[39m
  [36m<div>[39m
    [36m<div[39m
      [33mclass[39m=[32m"single-job-view"[39m
    [36m>[39m
      [36m<header[39m
        [33mclass[39m=[32m"job-header"[39m
      [36m>[39m
        [36m<div[39m
          [33mclass[39m=[32m"header-content"[39m
        [36m>[39m
          [36m<div[39m
            [33mclass[39m=[32m"header-left"[39m
          [36m>[39m
            [36m<button[39m
              [33maria-label[39m=[32m"Go back to job list"[39m
              [33mclass[39m=[32m"back-button"[39m
            [36m>[39m
              [36m<svg[39m
                [33mclass[39m=[32m"w-6 h-6"[39m
                [33mfill[39m=[32m"none"[39m
                [33mstroke[39m=[32m"currentColor"[39m
                [33mviewBox[39m=[32m"0 0 24 24"[39m
              [36m>[39m
                [36m<path[39m
                  [33md[39m=[32m"M10 19l-7-7m0 0l7-7m-7 7h18"[39m
                  [33mstroke-linecap[39m=[32m"round"[39m
                  [33mstroke-linejoin[39m=[32m"round"[39m
                  [33mstroke-width[39m=[32m"2"[39m
                [36m/>[39m
              [36m</svg>[39m
            [36m</button>[39m
            [36m<h1[39m
              [33mclass[39m=[32m"job-title-main"[39m
            [36m>[39m
              [0mJob #[0m
              [0m1[0m
            [36m</h1>[39m
          [36m</div>[39m
        [36m</div>[39m
        [36m<div[39m
          [33mclass[39m=[32m"job-title-section"[39m
        [36m>[39m
          [36m<div[39m
            [33mclass[39m=[32m"job-title-static"[39m
          [36m>[39m
            [36m<span[39m
              [33mclass[39m=[32m"job-title-text"[39m
            [36m>[39m
              [0mTest Job[0m
            [36m</span>[39m
          [36m</div>[39m
        [36m</div>[39m
      [36m</header>[39m
      [36m<div[39m
        [33mclass[39m=[32m"tab-navigation"[39m
      [36m>[39m
        [36m<button[39m
          [33mclass[39m=[32m"tab-button "[39m
          [33mdata-tab[39m=[32m"overview"[39m
        [36m>[39m
          [0mOverview[0m
        [36m</button>[39m
        [36m<button[39m
          [33mclass[39m=[32m"tab-button active"[39m
          [33mdata-tab[39m=[32m"images"[39m
        [36m>[39m
          [0mImages[0m
        [36m</button>[39m
      [36m</div>[39m
      [36m<main[39m
        [33mclass[39m=[32m"tab-content-container"[39m
      [36m>[39m
        [36m<div[39m
          [33mclass[39m=[32m"tab-content "[39m
          [33mid[39m=[32m"overview"[39m
        [36m>[39m
          [36m<div[39m
            [33mclass[39m=[32m"overview-content"[39m
          [36m>[39m
            [36m<div[39m
              [33mclass[39m=[32m"info-grid"[39m
            [36m>[39m
              [36m<div[39m
                [33mclass[39m=[32m"info-card"[39m
              [36m>[39m
                [36m<div[39m
                  [33mclass[39m=[32m"info-label"[39m
                [36m>[39m
                  [0mJob ID[0m
                [36m</div>[39m
                [36m<div[39m
                  [33mclass[39m=[32m"info-value"[39m
                [36m>[39m
                  [0mJOB-[0m
                  [0m1[0m
                [36m</div>[39m
              [36m</div>[39m
              [36m<div[39m
                [33mclass[39m=[32m"info-card"[39m
              [36m>[39m
                [36m<div[39m
                  [33mclass[39m=[32m"info-label"[39m
                [36m>[39m
                  [0mStatus[0m
                [36m</div>[39m
                [36m<div[39m
                  [33mclass[39m=[32m"info-value"[39m
                [36m>[39m
                  [36m<span[39m
                    [33mclass[39m=[32m"inline-flex items-center gap-1 px-2 py-1 rounded-full text-sm font-medium border bg-green-100 text-green-800 border-green-200"[39m
                  [36m>[39m
                    [36m<svg[39m
                      [33maria-hidden[39m=[32m"true"[39m
                      [33mclass[39m=[32m"w-4 h-4"[39m
                      [33mfill[39m=[32m"none"[39m
                      [33mstroke[39m=[32m"currentColor"[39m
                      [33mviewBox[39m=[32m"0 0 24 24"[39m
                    [36m>[39m
                      [36m<path[39m
                        [33md[39m=[32m"M5 13l4 4L19 7"[39m
                        [33mstroke-linecap[39m=[32m"round"[39m
                        [33mstroke-linejoin[39m=[32m"round"[39m
                        [33mstroke-width[39m=[32m"2"[39m
                      [36m/>[39m
                    [36m</svg>[39m
                    [0mCompleted[0m
                  [36m</span>[39m
                [36m</div>[39m
              [36m</div>[39m
              [36m<div[39m
                [33mclass[39m=[32m"info-card"[39m
              [36m>[39m
                [36m<div[39m
                  [33mclass[39m=[32m"info-label"[39m
                [36m>[39m
                  [0mStart Time[0m
                [36m</div>[39m
                [36m<div[39m
                  [33mclass[39m=[32m"info-value"[39m
                [36m>[39m
                  [0m1/1/2024, 12:00:00 PM[0m
                [36m</div>[39m
              [36m</div>[39m
              [36m<div[39m
                [33mclass[39m=[32m"info-card"[39m
              [36m>[39m
                [36m<div[39m
                  [33mclass[39m=[32m"info-label"[39m
                [36m>[39m
                  [0mDuration[0m
                [36m</div>[39m
                [36m<div[39m
                  [33mclass[39m=[32m"info-value"[39m
                [36m>[39m
                  [0m5m[0m
                [36m</div>[39m
              [36m</div>[39m
              [36m<div[39m
                [33mclass[39m=[32m"info-card"[39m
              [36m>[39m
                [36m<div[39m
                  [33mclass[39m=[32m"info-label"[39m
                [36m>[39m
                  [0mSuccess Rate[0m
                [36m</div>[39m
                [36m<div[39m
                  [33mclass[39m=[32m"info-value"[39m
                [36m>[39m
                  [0mN/A[0m
                [36m</div>[39m
              [36m</div>[39m
            [36m</div>[39m
            [36m<h2[39m
              [33mclass[39m=[32m"section-title"[39m
            [36m>[39m
              [0mGenerated Images Summary[0m
            [36m</h2>[39m
            [36m<div[39m
              [33mclass[39m=[32m"stats-grid"[39m
            [36m>[39m
              [36m<div[39m
                [33mclass[39m=[32m"stats-card"[39m
              [36m>[39m
                [36m<div[39m
                  [33mclass[39m=[32m"stats-label"[39m
                [36m>[39m
                  [0mTotal Images[0m
                [36m</div>[39m
                [36m<div[39m
                  [33mclass[39m=[32m"stats-value"[39m
                [36m>[39m
                  [0m0[0m
                [36m</div>[39m
              [36m</div>[39m
              [36m<div[39m
                [33mclass[39m=[32m"stats-card"[39m
              [36m>[39m
                [36m<div[39m
                  [33mclass[39m=[32m"stats-label"[39m
                [36m>[39m
                  [0mSuccessful[0m
                [36m</div>[39m
                [36m<div[39m
                  [33mclass[39m=[32m"stats-value success"[39m
                [36m>[39m
                  [0m0[0m
                [36m</div>[39m
              [36m</div>[39m
              [36m<div[39m
                [33mclass[39m=[32m"stats-card"[39m
              [36m>[39m
                [36m<div[39m
                  [33mclass[39m=[32m"stats-label"[39m
                [36m>[39m
                  [0mFailed[0m
                [36m</div>[39m
                [36m<div[39m
                  [33mclass[39m=[32m"stats-value failed"[39m
                [36m>[39m
                  [0m0[0m
                [36m</div>[39m
                [36m<div[39m
                  [33mclass[39m=[32m"stats-note"[39m
                [36m>[39m
                  [0mGeneration failed[0m
                [36m</div>[39m
              [36m</div>[39m
            [36m</div>[39m
            [36m<div[39m
              [33mclass[39m=[32m"settings-section"[39m
            [36m>[39m
              [36m<div[39m
                [33mclass[39m=[32m"settings-header"[39m
              [36m>[39m
                [36m<h2[39m
                  [33mclass[39m=[32m"section-title"[39m
                [36m>[39m
                  [0mSettings[0m
                [36m</h2>[39m
                [36m<div[39m
                  [33mclass[39m=[32m"settings-actions"[39m
                [36m>[39m
                  [36m<button[39m
                    [33mclass[39m=[32m"refresh-button"[39m
                    [33mtitle[39m=[32m"Refresh job data"[39m
                  [36m>[39m
                    [36m<svg[39m
                      [33mclass[39m=[32m"w-4 h-4 mr-1"[39m
                      [33mfill[39m=[32m"none"[39m
                      [33mstroke[39m=[32m"currentColor"[39m
                      [33mviewBox[39m=[32m"0 0 24 24"[39m
                    [36m>[39m
                      [36m<path[39m
                        [33md[39m=[32m"M3 12a9 9 0 0 1 9-9 9.75 9.75 0 0 1 6.74 2.74L21 8"[39m
                        [33mstroke-width[39m=[32m"2.5"[39m
                      [36m/>[39m
                      [36m<path[39m
                        [33md[39m=[32m"M21 3v5h-5"[39m
                        [33mstroke-width[39m=[32m"2.5"[39m
                      [36m/>[39m
                      [36m<path[39m
                        [33md[39m=[32m"M21 12a9 9 0 0 1-9 9 9.75 9.75 0 0 1-6.74-2.74L3 16"[39m
                        [33mstroke-width[39m=[32m"2.5"[39m
                      [36m/>[39m
                      [36m<path[39m
                        [33md[39m=[32m"M8 16H3v5"[39m
                        [33mstroke-width[39m=[32m"2.5"[39m
                      [36m/>[39m
                    [36m</svg>[39m
                    [0mRefresh[0m
                  [36m</button>[39m
                  [36m<button[39m
                    [33mclass[39m=[32m"edit-button"[39m
                    [33mtitle[39m=[32m"Edit job settings"[39m
                  [36m>[39m
                    [0mEdit[0m
                  [36m</button>[39m
                [36m</div>[39m
              [36m</div>[39m
              [36m<div[39m
                [33mclass[39m=[32m"settings-content"[39m
              [36m>[39m
                [36m<div[39m
                  [33mclass[39m=[32m"setting-group"[39m
                [36m>[39m
                  [36m<h3>[39m
                    [0mModel Configuration[0m
                  [36m</h3>[39m
                  [36m<div[39m
                    [33mclass[39m=[32m"setting-details"[39m
                  [36m>[39m
                    [36m<div>[39m
                      [0m• Provider: Runware[0m
                    [36m</div>[39m
                    [36m<div>[39m
                      [0m• Runware Model: [0m
                      [0mNot specified[0m
                    [36m</div>[39m
                    [36m<div>[39m
                      [0m• Generations: [0m
                      [0mNot specified[0m
                    [36m</div>[39m
                    [36m<div>[39m
                      [0m• Variations: [0m
                      [0mNot specified[0m
                    [36m</div>[39m
                    [36m<div>[39m
                      [0m• LoRA Models: [0m
                      [0mNo[0m
                    [36m</div>[39m
                    [36m<div>[39m
                      [0m• LoRA list: [0m
                      [0mNot Applied as LoRA Models disabled[0m
                    [36m</div>[39m
                  [36m</div>[39m
                [36m</div>[39m
                [36m<div[39m
                  [33mclass[39m=[32m"setting-group"[39m
                [36m>[39m
                  [36m<h3>[39m
                    [0mImage Settings[0m
                  [36m</h3>[39m
                  [36m<div[39m
                    [33mclass[39m=[32m"setting-details"[39m
                  [36m>[39m
                    [36m<div>[39m
                      [0m• Dimensions: [0m
                      [0mNot specified[0m
                    [36m</div>[39m
                    [36m<div>[39m
                      [0m• Format: [0m
                      [0mNOT SPECIFIED[0m
                    [36m</div>[39m
                  [36m</div>[39m
                [36m</div>[39m
                [36m<div[39m
                  [33mclass[39m=[32m"setting-group"[39m
                [36m>[39m
                  [36m<h3>[39m
                    [0mProcessing Options[0m
                  [36m</h3>[39m
                  [36m<div[39m
                    [33mclass[39m=[32m"setting-details"[39m
                  [36m>[39m
                    [36m<div>[39m
                      [0m• Remove Background: [0m
                      [0mNo[0m
                    [36m</div>[39m
                    [36m<div>[39m
                      [0m• Remove.bg Size: [0m
                      [0mNot applied (Remove Background OFF)[0m
                    [36m</div>[39m
                    [36m<div>[39m
                      [0m• Image Enhancement: [0m
                      [0mNo[0m
                    [36m</div>[39m
                    [36m<div>[39m
                      [0m• Sharpening: [0m
                      [0mNot applied (Image Enhancement OFF)[0m
                    [36m</div>[39m
                    [36m<div>[39m
                      [0m• Saturation: [0m
                      [0mNot applied (Image Enhancement OFF)[0m
                    [36m</div>[39m
                    [36m<div>[39m
                      [0m• Image Convert: [0m
                      [0mNo[0m
                    [36m</div>[39m
                    [36m<div>[39m
                      [0m• Convert Format: [0m
                      [0mNot applied (Image Convert OFF)[0m
                    [36m</div>[39m
                    [36m<div>[39m
                      [0m• Trim Transparent: [0m
                      [0mNot applied (Remove Background OFF)[0m
                    [36m</div>[39m
                    [36m<div>[39m
                      [0m• JPG Background Colour: [0m
                      [0mNot applied (Remove Background, Image Convert are set to OFF and Convert Format is not JPG)[0m
                    [36m</div>[39m
                    [36m<div>[39m
                      [0m• Quality Check: [0m
                      [0mNo[0m
                    [36m</div>[39m
                    [36m<div>[39m
                      [0m• Metadata Generation: [0m
                      [0mNo[0m
                    [36m</div>[39m
                  [36m</div>[39m
                [36m</div>[39m
              [36m</div>[39m
            [36m</div>[39m
          [36m</div>[39m
        [36m</div>[39m
        [36m<div[39m
          [33mclass[39m=[32m"tab-content active"[39m
          [33mid[39m=[32m"images"[39m
        [36m>[39m
          [36m<div[39m
            [33mclass[39m=[32m"images-content"[39m
          [36m>[39m
            [36m<div[39m
              [33mclass[39m=[32m"images-controls"[39m
            [36m>[39m
              [36m<div[39m
                [33mclass[39m=[32m"filter-controls"[39m
              [36m>[39m
                [36m<select[39m
                  [33mclass[39m=[32m"filter-select"[39m
                [36m>[39m
                  [36m<option[39m
                    [33mvalue[39m=[32m"all"[39m
                  [36m>[39m
                    [0mAll[0m
                  [36m</option>[39m
                  [36m<option[39m
                    [33mvalue[39m=[32m"approved"[39m
                  [36m>[39m
                    [0mApproved[0m
                  [36m</option>[39m
                  [36m<option[39m
                    [33mvalue[39m=[32m"failed_all"[39m
                  [36m>[39m
                    [0mFailed (All)[0m
                  [36m</option>[39m
                  [36m<option[39m
                    [33mvalue[39m=[32m"failed_qc"[39m
                  [36m>[39m
                    [0mFailed – QC[0m
                  [36m</option>[39m
                  [36m<option[39m
                    [33mvalue[39m=[32m"failed_tech"[39m
                  [36m>[39m
                    [0mFailed – Technical[0m
                  [36m</option>[39m
                [36m</select>[39m
              [36m</div>[39m
              [36m<div[39m
                [33mclass[39m=[32m"view-controls"[39m
              [36m>[39m
                [36m<button[39m
                  [33mclass[39m=[32m"view-toggle active"[39m
                  [33mtitle[39m=[32m"Grid View"[39m
                [36m>[39m
                  [36m<svg[39m
                    [33mclass[39m=[32m"w-5 h-5"[39m
                    [33mfill[39m=[32m"none"[39m
                    [33mstroke[39m=[32m"currentColor"[39m
                    [33mviewBox[39m=[32m"0 0 24 24"[39m
                  [36m>[39m
                    [36m<path[39m
                      [33md[39m=[32m"M4 6a2 2 0 012-2h2a2 2 0 012 2v2a2 2 0 01-2 2H6a2 2 0 01-2-2V6zM14 6a2 2 0 012-2h2a2 2 0 012 2v2a2 2 0 01-2 2h-2a2 2 0 01-2-2V6zM4 16a2 2 0 012-2h2a2 2 0 012 2v2a2 2 0 01-2 2H6a2 2 0 01-2-2v-2zM14 16a2 2 0 012-2h2a2 2 0 012 2v2a2 2 0 01-2 2h-2a2 2 0 01-2-2v-2z"[39m
                      [33mstroke-linecap[39m=[32m"round"[39m
                      [33mstroke-linejoin[39m=[32m"round"[39m
                      [33mstroke-width[39m=[32m"2"[39m
                    [36m/>[39m
                  [36m</svg>[39m
                [36m</button>[39m
                [36m<button[39m
                  [33mclass[39m=[32m"view-toggle "[39m
                  [33mtitle[39m=[32m"List View"[39m
                [36m>[39m
                  [36m<svg[39m
                    [33mclass[39m=[32m"w-5 h-5"[39m
                    [33mfill[39m=[32m"none"[39m
                    [33mstroke[39m=[32m"currentColor"[39m
                    [33mviewBox[39m=[32m"0 0 24 24"[39m
                  [36m>[39m
                    [36m<path[39m
                      [33md[39m=[32m"M4 6h16M4 10h16M4 14h16M4 18h16"[39m
                      [33mstroke-linecap[39m=[32m"round"[39m
                      [33mstroke-linejoin[39m=[32m"round"[39m
                      [33mstroke-width[39m=[32m"2"[39m
                    [36m/>[39m
                  [36m</svg>[39m
                [36m</button>[39m
              [36m</div>[39m
            [36m</div>[39m
            [36m<div[39m
              [33mclass[39m=[32m"images-scroll-area"[39m
            [36m>[39m
              [36m<div[39m
                [33mclass[39m=[32m"image-grid"[39m
              [36m>[39m
                [36m<div[39m
                  [33mclass[39m=[32m"no-images"[39m
                [36m>[39m
                  [36m<p>[39m
                    [0mNo images found with current filter.[0m
                  [36m</p>[39m
                [36m</div>[39m
              [36m</div>[39m
            [36m</div>[39m
          [36m</div>[39m
        [36m</div>[39m
      [36m</main>[39m
      [36m<footer[39m
        [33mclass[39m=[32m"job-footer"[39m
      [36m>[39m
        [36m<div[39m
          [33mclass[39m=[32m"footer-actions"[39m
        [36m>[39m
          [36m<button[39m
            [33mclass[39m=[32m"btn-rerun"[39m
          [36m>[39m
            [36m<svg[39m
              [33mclass[39m=[32m"w-4 h-4 mr-2"[39m
              [33mfill[39m=[32m"none"[39m
              [33mstroke[39m=[32m"currentColor"[39m
              [33mviewBox[39m=[32m"0 0 24 24"[39m
            [36m>[39m
              [36m<path[39m
                [33md[39m=[32m"M3 12a9 9 0 0 1 9-9 9.75 9.75 0 0 1 6.74 2.74L21 8"[39m
                [33mstroke-width[39m=[32m"2.5"[39m
              [36m/>[39m
              [36m<path[39m
                [33md[39m=[32m"M21 3v5h-5"[39m
                [33mstroke-width[39m=[32m"2.5"[39m
              [36m/>[39m
              [36m<path[39m
                [33md[39m=[32m"M21 12a9 9 0 0 1-9 9 9.75 9.75 0 0 1-6.74-2.74L3 16"[39m
                [33mstroke-width[39m=[32m"2.5"[39m
              [36m/>[39m
              [36m<path[39m
                [33md[39m=[32m"M8 16H3v5"[39m
                [33mstroke-width[39m=[32m"2.5"[39m
              [36m/>[39m
            [36m</svg>[39m
            [0mRerun Job[0m
          [36m</button>[39m
          [36m<button[39m
            [33mclass[39m=[32m"btn-export"[39m
          [36m>[39m
            [36m<svg[39m
              [33mclass[39m=[32m"w-4 h-4 mr-2"[39m
              [33mfill[39m=[32m"none"[39m
              [33mstroke[39m=[32m"currentColor"[39m
              [33mviewBox[39m=[32m"0 0 24 24"[39m
            [36m>[39m
              [36m<path[39m
                [33md[39m=[32m"M12 10v6m0 0l-3-3m3 3l3-3m2 8H7a2 2 0 01-2-2V5a2 2 0 012-2h5.586a1 1 0 01.707.293l5.414 5.414a1 1 0 01.293.707V19a2 2 0 01-2 2z"[39m
                [33mstroke-linecap[39m=[32m"round"[39m
                [33mstroke-linejoin[39m=[32m"round"[39m
                [33mstroke-width[39m=[32m"2"[39m
              [36m/>[39m
            [36m</svg>[39m
            [0mExport Job[0m
          [36m</button>[39m
          [36m<button[39m
            [33mclass[39m=[32m"btn-delete"[39m
          [36m>[39m
            [36m<svg[39m
              [33mclass[39m=[32m"w-4 h-4 mr-2"[39m
              [33mfill[39m=[32m"none"[39m
              [33mstroke[39m=[32m"currentColor"[39m
              [33mviewBox[39m=[32m"0 0 24 24"[39m
            [36m>[39m
              [36m<path[39m
                [33md[39m=[32m"M19 7l-.867 12.142A2 2 0 0116.138 21H7.862a2 2 0 01-1.995-1.858L5 7m5 4v6m4-6v6m1-10V4a1 1 0 00-1-1h-4a1 1 0 00-1 1v3M4 7h16"[39m
                [33mstroke-linecap[39m=[32m"round"[39m
                [33mstroke-linejoin[39m=[32m"round"[39m
                [33mstroke-width[39m=[32m"2"[39m
              [36m/>[39m
            [36m</svg>[39m
            [0mDelete Job[0m
          [36m</button>[39m
        [36m</div>[39m
      [36m</footer>[39m
    [36m</div>[39m
  [36m</div>[39m
[36m</body>[39m

Ignored nodes: comments, script, style
[36m<html>[39m
  [36m<head />[39m
  [36m<body>[39m
    [36m<div>[39m
      [36m<div[39m
        [33mclass[39m=[32m"single-job-view"[39m
      [36m>[39m
        [36m<header[39m
          [33mclass[39m=[32m"job-header"[39m
        [36m>[39m
          [36m<div[39m
            [33mclass[39m=[32m"header-content"[39m
          [36m>[39m
            [36m<div[39m
              [33mclass[39m=[32m"header-left"[39m
            [36m>[39m
              [36m<button[39m
                [33maria-label[39m=[32m"Go back to job list"[39m
                [33mclass[39m=[32m"back-button"[39m
              [36m>[39m
                [36m<svg[39m
                  [33mclass[39m=[32m"w-6 h-6"[39m
                  [33mfill[39m=[32m"none"[39m
                  [33mstroke[39m=[32m"currentColor"[39m
                  [33mviewBox[39m=[32m"0 0 24 24"[39m
                [36m>[39m
                  [36m<path[39m
                    [33md[39m=[32m"M10 19l-7-7m0 0l7-7m-7 7h18"[39m
                    [33mstroke-linecap[39m=[32m"round"[39m
                    [33mstroke-linejoin[39m=[32m"round"[39m
                    [33mstroke-width[39m=[32m"2"[39m
                  [36m/>[39m
                [36m</svg>[39m
              [36m</button>[39m
              [36m<h1[39m
                [33mclass[39m=[32m"job-title-main"[39m
              [36m>[39m
                [0mJob #[0m
                [0m1[0m
              [36m</h1>[39m
            [36m</div>[39m
          [36m</div>[39m
          [36m<div[39m
            [33mclass[39m=[32m"job-title-section"[39m
          [36m>[39m
            [36m<div[39m
              [33mclass[39m=[32m"job-title-static"[39m
            [36m>[39m
              [36m<span[39m
                [33mclass[39m=[32m"job-title-text"[39m
              [36m>[39m
                [0mTest Job[0m
              [36m</span>[39m
            [36m</div>[39m
          [36m</div>[39m
        [36m</header>[39m
        [36m<div[39m
          [33mclass[39m=[32m"tab-navigation"[39m
        [36m>[39m
          [36m<button[39m
            [33mclass[39m=[32m"tab-button "[39m
            [33mdata-tab[39m=[32m"overview"[39m
          [36m>[39m
            [0mOverview[0m
          [36m</button>[39m
          [36m<button[39m
            [33mclass[39m=[32m"tab-button active"[39m
            [33mdata-tab[39m=[32m"images"[39m
          [36m>[39m
            [0mImages[0m
          [36m</button>[39m
        [36m</div>[39m
        [36m<main[39m
          [33mclass[39m=[32m"tab-content-container"[39m
        [36m>[39m
          [36m<div[39m
            [33mclass[39m=[32m"tab-content "[39m
            [33mid[39m=[32m"overview"[39m
          [36m>[39m
            [36m<div[39m
              [33mclass[39m=[32m"overview-content"[39m
            [36m>[39m
              [36m<div[39m
                [33mclass[39m=[32m"info-grid"[39m
              [36m>[39m
                [36m<div[39m
                  [33mclass[39m=[32m"info-card"[39m
                [36m>[39m
                  [36m<div[39m
                    [33mclass[39m=[32m"info-label"[39m
                  [36m>[39m
                    [0mJob ID[0m
                  [36m</div>[39m
                  [36m<div[39m
                    [33mclass[39m=[32m"info-value"[39m
                  [36m>[39m
                    [0mJOB-[0m
                    [0m1[0m
                  [36m</div>[39m
                [36m</div>[39m
                [36m<div[39m
                  [33mclass[39m=[32m"info-card"[39m
                [36m>[39m
                  [36m<div[39m
                    [33mclass[39m=[32m"info-label"[39m
                  [36m>[39m
                    [0mStatus[0m
                  [36m</div>[39m
                  [36m<div[39m
                    [33mclass[39m=[32m"info-value"[39m
                  [36m>[39m
                    [36m<span[39m
                      [33mclass[39m=[32m"inline-flex items-center gap-1 px-2 py-1 rounded-full text-sm font-medium border bg-green-100 text-green-800 border-green-200"[39m
                    [36m>[39m
                      [36m<svg[39m
                        [33maria-hidden[39m=[32m"true"[39m
                        [33mclass[39m=[32m"w-4 h-4"[39m
                        [33mfill[39m=[32m"none"[39m
                        [33mstroke[39m=[32m"currentColor"[39m
                        [33mviewBox[39m=[32m"0 0 24 24"[39m
                      [36m>[39m
                        [36m<path[39m
                          [33md[39m=[32m"M5 13l4 4L19 7"[39m
                          [33mstroke-linecap[39m=[32m"round"[39m
                          [33mstroke-linejoin[39m=[32m"round"[39m
                          [33mstroke-width[39m=[32m"2"[39m
                        [36m/>[39m
                      [36m</svg>[39m
                      [0mCompleted[0m
                    [36m</span>[39m
                  [36m</div>[39m
                [36m</div>[39m
                [36m<div[39m
                  [33mclass[39m=[32m"info-card"[39m
                [36m>[39m
                  [36m<div[39m
                    [33mclass[39m=[32m"info-label"[39m
                  [36m>[39m
                    [0mStart Time[0m
                  [36m</div>[39m
                  [36m<div[39m
                    [33mclass[39m=[32m"info-value"[39m
                  [36m>[39m
                    [0m1/1/2024, 12:00:00 PM[0m
                  [36m</div>[39m
                [36m</div>[39m
                [36m<div[39m
                  [33mclass[39m=[32m"info-card"[39m
                [36m>[39m
                  [36m<div[39m
                    [33mclass[39m=[32m"info-label"[39m
                  [36m>[39m
                    [0mDuration[0m
                  [36m</div>[39m
                  [36m<div[39m
                    [33mclass[39m=[32m"info-value"[39m
                  [36m>[39m
                    [0m5m[0m
                  [36m</div>[39m
                [36m</div>[39m
                [36m<div[39m
                  [33mclass[39m=[32m"info-card"[39m
                [36m>[39m
                  [36m<div[39m
                    [33mclass[39m=[32m"info-label"[39m
                  [36m>[39m
                    [0mSuccess Rate[0m
                  [36m</div>[39m
                  [36m<div[39m
                    [33mclass[39m=[32m"info-value"[39m
                  [36m>[39m
                    [0mN/A[0m
                  [36m</div>[39m
                [36m</div>[39m
              [36m</div>[39m
              [36m<h2[39m
                [33mclass[39m=[32m"section-title"[39m
              [36m>[39m
                [0mGenerated Images Summary[0m
              [36m</h2>[39m
              [36m<div[39m
                [33mclass[39m=[32m"stats-grid"[39m
              [36m>[39m
                [36m<div[39m
                  [33mclass[39m=[32m"stats-card"[39m
                [36m>[39m
                  [36m<div[39m
                    [33mclass[39m=[32m"stats-label"[39m
                  [36m>[39m
                    [0mTotal Images[0m
                  [36m</div>[39m
                  [36m<div[39m
                    [33mclass[39m=[32m"stats-value"[39m
                  [36m>[39m
                    [0m0[0m
                  [36m</div>[39m
                [36m</div>[39m
                [36m<div[39m
                  [33mclass[39m=[32m"stats-card"[39m
                [36m>[39m
                  [36m<div[39m
                    [33mclass[39m=[32m"stats-label"[39m
                  [36m>[39m
                    [0mSuccessful[0m
                  [36m</div>[39m
                  [36m<div[39m
                    [33mclass[39m=[32m"stats-value success"[39m
                  [36m>[39m
                    [0m0[0m
                  [36m</div>[39m
                [36m</div>[39m
                [36m<div[39m
                  [33mclass[39m=[32m"stats-card"[39m
                [36m>[39m
                  [36m<div[39m
                    [33mclass[39m=[32m"stats-label"[39m
                  [36m>[39m
                    [0mFailed[0m
                  [36m</div>[39m
                  [36m<div[39m
                    [33mclass[39m=[32m"stats-value failed"[39m
                  [36m>[39m
                    [0m0[0m
                  [36m</div>[39m
                  [36m<div[39m
                    [33mclass[39m=[32m"stats-note"[39m
                  [36m>[39m
                    [0mGeneration failed[0m
                  [36m</div>[39m
                [36m</div>[39m
              [36m</div>[39m
              [36m<div[39m
                [33mclass[39m=[32m"settings-section"[39m
              [36m>[39m
                [36m<div[39m
                  [33mclass[39m=[32m"settings-header"[39m
                [36m>[39m
                  [36m<h2[39m
                    [33mclass[39m=[32m"section-title"[39m
                  [36m>[39m
                    [0mSettings[0m
                  [36m</h2>[39m
                  [36m<div[39m
                    [33mclass[39m=[32m"settings-actions"[39m
                  [36m>[39m
                    [36m<button[39m
                      [33mclass[39m=[32m"refresh-button"[39m
                      [33mtitle[39m=[32m"Refresh job data"[39m
                    [36m>[39m
                      [36m<svg[39m
                        [33mclass[39m=[32m"w-4 h-4 mr-1"[39m
                        [33mfill[39m=[32m"none"[39m
                        [33mstroke[39m=[32m"currentColor"[39m
                        [33mviewBox[39m=[32m"0 0 24 24"[39m
                      [36m>[39m
                        [36m<path[39m
                          [33md[39m=[32m"M3 12a9 9 0 0 1 9-9 9.75 9.75 0 0 1 6.74 2.74L21 8"[39m
                          [33mstroke-width[39m=[32m"2.5"[39m
                        [36m/>[39m
                        [36m<path[39m
                          [33md[39m=[32m"M21 3v5h-5"[39m
                          [33mstroke-width[39m=[32m"2.5"[39m
                        [36m/>[39m
                        [36m<path[39m
                          [33md[39m=[32m"M21 12a9 9 0 0 1-9 9 9.75 9.75 0 0 1-6.74-2.74L3 16"[39m
                          [33mstroke-width[39m=[32m"2.5"[39m
                        [36m/>[39m
                        [36m<path[39m
                          [33md[39m=[32m"M8 16H3v5"[39m
                          [33mstroke-width[39m=[32m"2.5"[39m
                        [36m/>[39m
                      [36m</svg>[39m
                      [0mRefresh[0m
                    [36m</button>[39m
                    [36m<button[39m
                      [33mclass[39m=[32m"edit-button"[39m
                      [33mtitle[39m=[32m"Edit job settings"[39m
                    [36m>[39m
                      [0mEdit[0m
                    [36m</button>[39m
                  [36m</div>[39m
                [36m</div>[39m
                [36m<div[39m
                  [33mclass[39m=[32m"settings-content"[39m
                [36m>[39m
                  [36m<div[39m
                    [33mclass[39m=[32m"setting-group"[39m
                  [36m>[39m
                    [36m<h3>[39m
                      [0mModel Configuration[0m
                    [36m</h3>[39m
                    [36m<div[39m
                      [33mclass[39m=[32m"setting-details"[39m
                    [36m>[39m
                      [36m<div>[39m
                        [0m• Provider: Runware[0m
                      [36m</div>[39m
                      [36m<div>[39m
                        [0m• Runware Model: [0m
                        [0mNot specified[0m
                      [36m</div>[39m
                      [36m<div>[39m
                        [0m• Generations: [0m
                        [0mNot specified[0m
                      [36m</div>[39m
                      [36m<div>[39m
                        [0m• Variations: [0m
                        [0mNot specified[0m
                      [36m</div>[39m
                      [36m<div>[39m
                        [0m• LoRA Models: [0m
                        [0mNo[0m
                      [36m</div>[39m
                      [36m<div>[39m
                        [0m• LoRA list: [0m
                        [0mNot Applied as LoRA Models disabled[0m
                      [36m</div>[39m
                    [36m</div>[39m
                  [36m</div>[39m
                  [36m<div[39m
                    [33mclass[39m=[32m"setting-group"[39m
                  [36m>[39m
                    [36m<h3>[39m
                      [0mImage Settings[0m
                    [36m</h3>[39m
                    [36m<div[39m
                      [33mclass[39m=[32m"setting-details"[39m
                    [36m>[39m
                      [36m<div>[39m
                        [0m• Dimensions: [0m
                        [0mNot specified[0m
                      [36m</div>[39m
                      [36m<div>[39m
                        [0m• Format: [0m
                        [0mNOT SPECIFIED[0m
                      [36m</div>[39m
                    [36m</div>[39m
                  [36m</div>[39m
                  [36m<div[39m
                    [33mclass[39m=[32m"setting-group"[39m
                  [36m>[39m
                    [36m<h3>[39m
                      [0mProcessing Options[0m
                    [36m</h3>[39m
                    [36m<div[39m
                      [33mclass[39m=[32m"setting-details"[39m
                    [36m>[39m
                      [36m<div>[39m
                        [0m• Remove Background: [0m
                        [0mNo[0m
                      [36m</div>[39m
                      [36m<div>[39m
                        [0m• Remove.bg Size: [0m
                        [0mNot applied (Remove Background OFF)[0m
                      [36m</div>[39m
                      [36m<div>[39m
                        [0m• Image Enhancement: [0m
                        [0mNo[0m
                      [36m</div>[39m
                      [36m<div>[39m
                        [0m• Sharpening: [0m
                        [0mNot applied (Image Enhancement OFF)[0m
                      [36m</div>[39m
                      [36m<div>[39m
                        [0m• Saturation: [0m
                        [0mNot applied (Image Enhancement OFF)[0m
                      [36m</div>[39m
                      [36m<div>[39m
                        [0m• Image Convert: [0m
                        [0mNo[0m
                      [36m</div>[39m
                      [36m<div>[39m
                        [0m• Convert Format: [0m
                        [0mNot applied (Image Convert OFF)[0m
                      [36m</div>[39m
                      [36m<div>[39m
                        [0m• Trim Transparent: [0m
                        [0mNot applied (Remove Background OFF)[0m
                      [36m</div>[39m
                      [36m<div>[39m
                        [0m• JPG Background Colour: [0m
                        [0mNot applied (Remove Background, Image Convert are set to OFF and Convert Format is not JPG)[0m
                      [36m</div>[39m
                      [36m<div>[39m
                        [0m• Quality Check: [0m
                        [0mNo[0m
                      [36m</div>[39m
                      [36m<div>[39m
                        [0m• Metadata Generation: [0m
                        [0mNo[0m
                      [36m</div>[39m
                    [36m</div>[39m
                  [36m</div>[39m
                [36m</div>[39m
              [36m</div>[39m
            [36m</div>[39m
          [36m</div>[39m
          [36m<div[39m
            [33mclass[39m=[32m"tab-content active"[39m
            [33mid[39m=[32m"images"[39m
          [36m>[39m
            [36m<div[39m
              [33mclass[39m=[32m"images-content"[39m
            [36m>[39m
              [36m<div[39m
                [33mclass[39m=[32m"images-controls"[39m
              [36m>[39m
                [36m<div[39m
                  [33mclass[39m=[32m"filter-controls"[39m
                [36m>[39m
                  [36m<select[39m
                    [33mclass[39m=[32m"filter-select"[39m
                  [36m>[39m
                    [36m<option[39m
                      [33mvalue[39m=[32m"all"[39m
                    [36m>[39m
                      [0mAll[0m
                    [36m</option>[39m
                    [36m<option[39m
                      [33mvalue[39m=[32m"approved"[39m
                    [36m>[39m
                      [0mApproved[0m
                    [36m</option>[39m
                    [36m<option[39m
                      [33mvalue[39m=[32m"failed_all"[39m
                    [36m>[39m
                      [0mFailed (All)[0m
                    [36m</option>[39m
                    [36m<option[39m
                      [33mvalue[39m=[32m"failed_qc"[39m
                    [36m>[39m
                      [0mFailed – QC[0m
                    [36m</option>[39m
                    [36m<option[39m
                      [33mvalue[39m=[32m"failed_tech"[39m
                    [36m>[39m
                      [0mFailed – Technical[0m
                    [36m</option>[39m
                  [36m</select>[39m
                [36m</div>[39m
                [36m<div[39m
                  [33mclass[39m=[32m"view-controls"[39m
                [36m>[39m
                  [36m<button[39m
                    [33mclass[39m=[32m"view-toggle active"[39m
                    [33mtitle[39m=[32m"Grid View"[39m
                  [36m>[39m
                    [36m<svg[39m
                      [33mclass[39m=[32m"w-5 h-5"[39m
                      [33mfill[39m=[32m"none"[39m
                      [33mstroke[39m=[32m"currentColor"[39m
                      [33mviewBox[39m=[32m"0 0 24 24"[39m
                    [36m>[39m
                      [36m<path[39m
                        [33md[39m=[32m"M4 6a2 2 0 012-2h2a2 2 0 012 2v2a2 2 0 01-2 2H6a2 2 0 01-2-2V6zM14 6a2 2 0 012-2h2a2 2 0 012 2v2a2 2 0 01-2 2h-2a2 2 0 01-2-2V6zM4 16a2 2 0 012-2h2a2 2 0 012 2v2a2 2 0 01-2 2H6a2 2 0 01-2-2v-2zM14 16a2 2 0 012-2h2a2 2 0 012 2v2a2 2 0 01-2 2h-2a2 2 0 01-2-2v-2z"[39m
                        [33mstroke-linecap[39m=[32m"round"[39m
                        [33mstroke-linejoin[39m=[32m"round"[39m
                        [33mstroke-width[39m=[32m"2"[39m
                      [36m/>[39m
                    [36m</svg>[39m
                  [36m</button>[39m
                  [36m<button[39m
                    [33mclass[39m=[32m"view-toggle "[39m
                    [33mtitle[39m=[32m"List View"[39m
                  [36m>[39m
                    [36m<svg[39m
                      [33mclass[39m=[32m"w-5 h-5"[39m
                      [33mfill[39m=[32m"none"[39m
                      [33mstroke[39m=[32m"currentColor"[39m
                      [33mviewBox[39m=[32m"0 0 24 24"[39m
                    [36m>[39m
                      [36m<path[39m
                        [33md[39m=[32m"M4 6h16M4 10h16M4 14h16M4 18h16"[39m
                        [33mstroke-linecap[39m=[32m"round"[39m
                        [33mstroke-linejoin[39m=[32m"round"[39m
                        [33mstroke-width[39m=[32m"2"[39m
                      [36m/>[39m
                    [36m</svg>[39m
                  [36m</button>[39m
                [36m</div>[39m
              [36m</div>[39m
              [36m<div[39m
                [33mclass[39m=[32m"images-scroll-area"[39m
              [36m>[39m
                [36m<div[39m
                  [33mclass[39m=[32m"image-grid"[39m
                [36m>[39m
                  [36m<div[39m
                    [33mclass[39m=[32m"no-images"[39m
                  [36m>[39m
                    [36m<p>[39m
                      [0mNo images found with current filter.[0m
                    [36m</p>[39m
                  [36m</div>[39m
                [36m</div>[39m
              [36m</div>[39m
            [36m</div>[39m
          [36m</div>[39m
        [36m</main>[39m
        [36m<footer[39m
          [33mclass[39m=[32m"job-footer"[39m
        [36m>[39m
          [36m<div[39m
            [33mclass[39m=[32m"footer-actions"[39m
          [36m>[39m
            [36m<button[39m
              [33mclass[39m=[32m"btn-rerun"[39m
            [36m>[39m
              [36m<svg[39m
                [33mclass[39m=[32m"w-4 h-4 mr-2"[39m
                [33mfill[39m=[32m"none"[39m
                [33mstroke[39m=[32m"currentColor"[39m
                [33mviewBox[39m=[32m"0 0 24 24"[39m
              [36m>[39m
                [36m<path[39m
                  [33md[39m=[32m"M3 12a9 9 0 0 1 9-9 9.75 9.75 0 0 1 6.74 2.74L21 8"[39m
                  [33mstroke-width[39m=[32m"2.5"[39m
                [36m/>[39m
                [36m<path[39m
                  [33md[39m=[32m"M21 3v5h-5"[39m
                  [33mstroke-width[39m=[32m"2.5"[39m
                [36m/>[39m
                [36m<path[39m
                  [33md[39m=[32m"M21 12a9 9 0 0 1-9 9 9.75 9.75 0 0 1-6.74-2.74L3 16"[39m
                  [33mstroke-width[39m=[32m"2.5"[39m
                [36m/>[39m
                [36m<path[39m
                  [33md[39m=[32m"M8 16H3v5"[39m
                  [33mstroke-width[39m=[32m"2.5"[39m
                [36m/>[39m
              [36m</svg>[39m
              [0mRerun Job[0m
            [36m</button>[39m
            [36m<button[39m
              [33mclass[39m=[32m"btn-export"[39m
            [36m>[39m
              [36m<svg[39m
                [33mclass[39m=[32m"w-4 h-4 mr-2"[39m
                [33mfill[39m=[32m"none"[39m
                [33mstroke[39m=[32m"currentColor"[39m
                [33mviewBox[39m=[32m"0 0 24 24"[39m
              [36m>[39m
                [36m<path[39m
                  [33md[39m=[32m"M12 10v6m0 0l-3-3m3 3l3-3m2 8H7a2 2 0 01-2-2V5a2 2 0 012-2h5.586a1 1 0 01.707.293l5.414 5.414a1 1 0 01.293.707V19a2 2 0 01-2 2z"[39m
                  [33mstroke-linecap[39m=[32m"round"[39m
                  [33mstroke-linejoin[39m=[32m"round"[39m
                  [33mstroke-width[39m=[32m"2"[39m
                [36m/>[39m
              [36m</svg>[39m
              [0mExport Job[0m
            [36m</button>[39m
            [36m<button[39m
              [33mclass[39m=[32m"btn-delete"[39m
            [36m>[39m
              [36m<svg[39m
                [33mclass[39m=[32m"w-4 h-4 mr-2"[39m
                [33mfill[39m=[32m"none"[39m
                [33mstroke[39m=[32m"currentColor"[39m
                [33mviewBox[39m=[32m"0 0 24 24"[39m
              [36m>[39m
                [36m<path[39m
                  [33md[39m=[32m"M19 7l-.867 12.142A2 2 0 0116.138 21H7.862a2 2 0 01-1.995-1.858L5 7m5 4v6m4-6v6m1-10V4a1 1 0 00-1-1h-4a1 1 0 00-1 1v3M4 7h16"[39m
                  [33mstroke-linecap[39m=[32m"round"[39m
                  [33mstroke-linejoin[39m=[32m"round"[39m
                  [33mstroke-width[39m=[32m"2"[39m
                [36m/>[39m
              [36m</svg>[39m
              [0mDelete Job[0m
            [36m</button>[39m
          [36m</div>[39m
        [36m</footer>[39m
      [36m</div>[39m
    [36m</div>[39m
  [36m</body>[39m
[36m</html>[39m
 ❯ waitForWrapper node_modules/@testing-library/dom/dist/wait-for.js:163:27
 ❯ src/renderer/components/Jobs/__tests__/SingleJobView.test.tsx:581:13
    579|       render(<SingleJobView {...defaultProps} />);
    580|       
    581|       await waitFor(() => {
       |             ^
    582|         // Should still show job details but with empty images
    583|         expect(screen.getAllByText('Test Job').length).toBeGreaterThan…

⎯⎯⎯⎯⎯⎯⎯⎯⎯⎯⎯⎯⎯⎯⎯⎯⎯⎯⎯⎯⎯[85/254]⎯

 FAIL  src/renderer/components/Jobs/__tests__/SingleJobView.test.tsx > SingleJobView > Accessibility > applies correct ARIA labels and roles
Error: expect(element).toHaveAttribute("role", "tab") // element.getAttribute("role") === "tab"

Expected the element to have attribute:
  role="tab"
Received:
  null

Ignored nodes: comments, script, style
[36m<html>[39m
  [36m<head />[39m
  [36m<body>[39m
    [36m<div>[39m
      [36m<div[39m
        [33mclass[39m=[32m"single-job-view"[39m
      [36m>[39m
        [36m<header[39m
          [33mclass[39m=[32m"job-header"[39m
        [36m>[39m
          [36m<div[39m
            [33mclass[39m=[32m"header-content"[39m
          [36m>[39m
            [36m<div[39m
              [33mclass[39m=[32m"header-left"[39m
            [36m>[39m
              [36m<button[39m
                [33maria-label[39m=[32m"Go back to job list"[39m
                [33mclass[39m=[32m"back-button"[39m
              [36m>[39m
                [36m<svg[39m
                  [33mclass[39m=[32m"w-6 h-6"[39m
                  [33mfill[39m=[32m"none"[39m
                  [33mstroke[39m=[32m"currentColor"[39m
                  [33mviewBox[39m=[32m"0 0 24 24"[39m
                [36m>[39m
                  [36m<path[39m
                    [33md[39m=[32m"M10 19l-7-7m0 0l7-7m-7 7h18"[39m
                    [33mstroke-linecap[39m=[32m"round"[39m
                    [33mstroke-linejoin[39m=[32m"round"[39m
                    [33mstroke-width[39m=[32m"2"[39m
                  [36m/>[39m
                [36m</svg>[39m
              [36m</button>[39m
              [36m<h1[39m
                [33mclass[39m=[32m"job-title-main"[39m
              [36m>[39m
                [0mJob #[0m
                [0m1[0m
              [36m</h1>[39m
            [36m</div>[39m
          [36m</div>[39m
          [36m<div[39m
            [33mclass[39m=[32m"job-title-section"[39m
          [36m>[39m
            [36m<div[39m
              [33mclass[39m=[32m"job-title-static"[39m
            [36m>[39m
              [36m<span[39m
                [33mclass[39m=[32m"job-title-text"[39m
              [36m>[39m
                [0mTest Job[0m
              [36m</span>[39m
            [36m</div>[39m
          [36m</div>[39m
        [36m</header>[39m
        [36m<div[39m
          [33mclass[39m=[32m"tab-navigation"[39m
        [36m>[39m
          [36m<button[39m
            [33mclass[39m=[32m"tab-button active"[39m
            [33mdata-tab[39m=[32m"overview"[39m
          [36m>[39m
            [0mOverview[0m
          [36m</button>[39m
          [36m<button[39m
            [33mclass[39m=[32m"tab-button "[39m
            [33mdata-tab[39m=[32m"images"[39m
          [36m>[39m
            [0mImages[0m
          [36m</button>[39m
        [36m</div>[39m
        [36m<main[39m
          [33mclass[39m=[32m"tab-content-container"[39m
        [36m>[39m
          [36m<div[39m
            [33mclass[39m=[32m"tab-content active"[39m
            [33mid[39m=[32m"overview"[39m
          [36m>[39m
            [36m<div[39m
              [33mclass[39m=[32m"overview-content"[39m
            [36m>[39m
              [36m<div[39m
                [33mclass[39m=[32m"info-grid"[39m
              [36m>[39m
                [36m<div[39m
                  [33mclass[39m=[32m"info-card"[39m
                [36m>[39m
                  [36m<div[39m
                    [33mclass[39m=[32m"info-label"[39m
                  [36m>[39m
                    [0mJob ID[0m
                  [36m</div>[39m
                  [36m<div[39m
                    [33mclass[39m=[32m"info-value"[39m
                  [36m>[39m
                    [0mJOB-[0m
                    [0m1[0m
                  [36m</div>[39m
                [36m</div>[39m
                [36m<div[39m
                  [33mclass[39m=[32m"info-card"[39m
                [36m>[39m
                  [36m<div[39m
                    [33mclass[39m=[32m"info-label"[39m
                  [36m>[39m
                    [0mStatus[0m
                  [36m</div>[39m
                  [36m<div[39m
                    [33mclass[39m=[32m"info-value"[39m
                  [36m>[39m
                    [36m<span[39m
                      [33mclass[39m=[32m"inline-flex items-center gap-1 px-2 py-1 rounded-full text-sm font-medium border bg-green-100 text-green-800 border-green-200"[39m
                    [36m>[39m
                      [36m<svg[39m
                        [33maria-hidden[39m=[32m"true"[39m
                        [33mclass[39m=[32m"w-4 h-4"[39m
                        [33mfill[39m=[32m"none"[39m
                        [33mstroke[39m=[32m"currentColor"[39m
                        [33mviewBox[39m=[32m"0 0 24 24"[39m
                      [36m>[39m
                        [36m<path[39m
                          [33md[39m=[32m"M5 13l4 4L19 7"[39m
                          [33mstroke-linecap[39m=[32m"round"[39m
                          [33mstroke-linejoin[39m=[32m"round"[39m
                          [33mstroke-width[39m=[32m"2"[39m
                        [36m/>[39m
                      [36m</svg>[39m
                      [0mCompleted[0m
                    [36m</span>[39m
                  [36m</div>[39m
                [36m</div>[39m
                [36m<div[39m
                  [33mclass[39m=[32m"info-card"[39m
                [36m>[39m
                  [36m<div[39m
                    [33mclass[39m=[32m"info-label"[39m
                  [36m>[39m
                    [0mStart Time[0m
                  [36m</div>[39m
                  [36m<div[39m
                    [33mclass[39m=[32m"info-value"[39m
                  [36m>[39m
                    [0m1/1/2024, 12:00:00 PM[0m
                  [36m</div>[39m
                [36m</div>[39m
                [36m<div[39m
                  [33mclass[39m=[32m"info-card"[39m
                [36m>[39m
                  [36m<div[39m
                    [33mclass[39m=[32m"info-label"[39m
                  [36m>[39m
                    [0mDuration[0m
                  [36m</div>[39m
                  [36m<div[39m
                    [33mclass[39m=[32m"info-value"[39m
                  [36m>[39m
                    [0m5m[0m
                  [36m</div>[39m
                [36m</div>[39m
                [36m<div[39m
                  [33mclass[39m=[32m"info-card"[39m
                [36m>[39m
                  [36m<div[39m
                    [33mclass[39m=[32m"info-label"[39m
                  [36m>[39m
                    [0mSuccess Rate[0m
                  [36m</div>[39m
                  [36m<div[39m
                    [33mclass[39m=[32m"info-value"[39m
                  [36m>[39m
                    [0mN/A[0m
                  [36m</div>[39m
                [36m</div>[39m
              [36m</div>[39m
              [36m<h2[39m
                [33mclass[39m=[32m"section-title"[39m
              [36m>[39m
                [0...
 ❯ src/renderer/components/Jobs/__tests__/SingleJobView.test.tsx:614:29
    612|         expect(overviewTab).toBeInTheDocument();
    613|         
    614|         expect(overviewTab).toHaveAttribute('role', 'tab');
       |                             ^
    615|         expect(overviewTab).toHaveAttribute('aria-selected', 'true');
    616|         
 ❯ runWithExpensiveErrorDiagnosticsDisabled node_modules/@testing-library/dom/dist/config.js:47:12
 ❯ checkCallback node_modules/@testing-library/dom/dist/wait-for.js:124:77
 ❯ Timeout.checkRealTimersCallback node_modules/@testing-library/dom/dist/wait-for.js:118:16

⎯⎯⎯⎯⎯⎯⎯⎯⎯⎯⎯⎯⎯⎯⎯⎯⎯⎯⎯⎯⎯[86/254]⎯

 FAIL  src/renderer/components/Jobs/__tests__/SingleJobView.test.tsx > SingleJobView > Accessibility > handles different job statuses correctly
Error: expect(received).toHaveTextContent()

received value must be a Node.
Received has type:  Null
Received has value: null

Ignored nodes: comments, script, style
[36m<html>[39m
  [36m<head />[39m
  [36m<body>[39m
    [36m<div>[39m
      [36m<div[39m
        [33mclass[39m=[32m"single-job-view"[39m
      [36m>[39m
        [36m<header[39m
          [33mclass[39m=[32m"job-header"[39m
        [36m>[39m
          [36m<div[39m
            [33mclass[39m=[32m"header-content"[39m
          [36m>[39m
            [36m<div[39m
              [33mclass[39m=[32m"header-left"[39m
            [36m>[39m
              [36m<button[39m
                [33maria-label[39m=[32m"Go back to job list"[39m
                [33mclass[39m=[32m"back-button"[39m
              [36m>[39m
                [36m<svg[39m
                  [33mclass[39m=[32m"w-6 h-6"[39m
                  [33mfill[39m=[32m"none"[39m
                  [33mstroke[39m=[32m"currentColor"[39m
                  [33mviewBox[39m=[32m"0 0 24 24"[39m
                [36m>[39m
                  [36m<path[39m
                    [33md[39m=[32m"M10 19l-7-7m0 0l7-7m-7 7h18"[39m
                    [33mstroke-linecap[39m=[32m"round"[39m
                    [33mstroke-linejoin[39m=[32m"round"[39m
                    [33mstroke-width[39m=[32m"2"[39m
                  [36m/>[39m
                [36m</svg>[39m
              [36m</button>[39m
              [36m<h1[39m
                [33mclass[39m=[32m"job-title-main"[39m
              [36m>[39m
                [0mJob #[0m
                [0m1[0m
              [36m</h1>[39m
            [36m</div>[39m
          [36m</div>[39m
          [36m<div[39m
            [33mclass[39m=[32m"job-title-section"[39m
          [36m>[39m
            [36m<div[39m
              [33mclass[39m=[32m"job-title-static"[39m
            [36m>[39m
              [36m<span[39m
                [33mclass[39m=[32m"job-title-text"[39m
              [36m>[39m
                [0mTest Job[0m
              [36m</span>[39m
            [36m</div>[39m
          [36m</div>[39m
        [36m</header>[39m
        [36m<div[39m
          [33mclass[39m=[32m"tab-navigation"[39m
        [36m>[39m
          [36m<button[39m
            [33mclass[39m=[32m"tab-button active"[39m
            [33mdata-tab[39m=[32m"overview"[39m
          [36m>[39m
            [0mOverview[0m
          [36m</button>[39m
          [36m<button[39m
            [33mclass[39m=[32m"tab-button "[39m
            [33mdata-tab[39m=[32m"images"[39m
          [36m>[39m
            [0mImages[0m
          [36m</button>[39m
        [36m</div>[39m
        [36m<main[39m
          [33mclass[39m=[32m"tab-content-container"[39m
        [36m>[39m
          [36m<div[39m
            [33mclass[39m=[32m"tab-content active"[39m
            [33mid[39m=[32m"overview"[39m
          [36m>[39m
            [36m<div[39m
              [33mclass[39m=[32m"overview-content"[39m
            [36m>[39m
              [36m<div[39m
                [33mclass[39m=[32m"info-grid"[39m
              [36m>[39m
                [36m<div[39m
                  [33mclass[39m=[32m"info-card"[39m
                [36m>[39m
                  [36m<div[39m
                    [33mclass[39m=[32m"info-label"[39m
                  [36m>[39m
                    [0mJob ID[0m
                  [36m</div>[39m
                  [36m<div[39m
                    [33mclass[39m=[32m"info-value"[39m
                  [36m>[39m
                    [0mJOB-[0m
                    [0m1[0m
                  [36m</div>[39m
                [36m</div>[39m
                [36m<div[39m
                  [33mclass[39m=[32m"info-card"[39m
                [36m>[39m
                  [36m<div[39m
                    [33mclass[39m=[32m"info-label"[39m
                  [36m>[39m
                    [0mStatus[0m
                  [36m</div>[39m
                  [36m<div[39m
                    [33mclass[39m=[32m"info-value"[39m
                  [36m>[39m
                    [36m<span[39m
                      [33mclass[39m=[32m"inline-flex items-center gap-1 px-2 py-1 rounded-full text-sm font-medium border bg-red-100 text-red-800 border-red-200"[39m
                    [36m>[39m
                      [36m<svg[39m
                        [33maria-hidden[39m=[32m"true"[39m
                        [33mclass[39m=[32m"w-4 h-4"[39m
                        [33mfill[39m=[32m"none"[39m
                        [33mstroke[39m=[32m"currentColor"[39m
                        [33mviewBox[39m=[32m"0 0 24 24"[39m
                      [36m>[39m
                        [36m<path[39m
                          [33md[39m=[32m"M6 18L18 6M6 6l12 12"[39m
                          [33mstroke-linecap[39m=[32m"round"[39m
                          [33mstroke-linejoin[39m=[32m"round"[39m
                          [33mstroke-width[39m=[32m"2"[39m
                        [36m/>[39m
                      [36m</svg>[39m
                      [0mFailed[0m
                    [36m</span>[39m
                  [36m</div>[39m
                [36m</div>[39m
                [36m<div[39m
                  [33mclass[39m=[32m"info-card"[39m
                [36m>[39m
                  [36m<div[39m
                    [33mclass[39m=[32m"info-label"[39m
                  [36m>[39m
                    [0mStart Time[0m
                  [36m</div>[39m
                  [36m<div[39m
                    [33mclass[39m=[32m"info-value"[39m
                  [36m>[39m
                    [0m1/1/2024, 12:00:00 PM[0m
                  [36m</div>[39m
                [36m</div>[39m
                [36m<div[39m
                  [33mclass[39m=[32m"info-card"[39m
                [36m>[39m
                  [36m<div[39m
                    [33mclass[39m=[32m"info-label"[39m
                  [36m>[39m
                    [0mDuration[0m
                  [36m</div>[39m
                  [36m<div[39m
                    [33mclass[39m=[32m"info-value"[39m
                  [36m>[39m
                    [0m5m[0m
                  [36m</div>[39m
                [36m</div>[39m
                [36m<div[39m
                  [33mclass[39m=[32m"info-card"[39m
                [36m>[39m
                  [36m<div[39m
                    [33mclass[39m=[32m"info-label"[39m
                  [36m>[39m
                    [0mSuccess Rate[0m
                  [36m</div>[39m
                  [36m<div[39m
                    [33mclass[39m=[32m"info-value"[39m
                  [36m>[39m
                    [0mN/A[0m
                  [36m</div>[39m
                [36m</div>[39m
              [36m</div>[39m
              [36m<h2[39m
                [33mclass[39m=[32m"section-title"[39m
              [36m>[39m
                [0mGe...
 ❯ src/renderer/components/Jobs/__tests__/SingleJobView.test.tsx:636:29
    634|       await waitFor(() => {
    635|         const statusBadge = screen.getByRole('main').querySelector('.s…
    636|         expect(statusBadge).toHaveTextContent('Failed');
       |                             ^
    637|         expect(statusBadge).toHaveClass('status-failed');
    638|       });
 ❯ runWithExpensiveErrorDiagnosticsDisabled node_modules/@testing-library/dom/dist/config.js:47:12
 ❯ checkCallback node_modules/@testing-library/dom/dist/wait-for.js:124:77
 ❯ Timeout.checkRealTimersCallback node_modules/@testing-library/dom/dist/wait-for.js:118:16

⎯⎯⎯⎯⎯⎯⎯⎯⎯⎯⎯⎯⎯⎯⎯⎯⎯⎯⎯⎯⎯[87/254]⎯

 FAIL  src/renderer/components/Jobs/__tests__/SingleJobView.test.tsx > SingleJobView > Accessibility > handles processing job status
AssertionError: expected null to be truthy

Ignored nodes: comments, script, style
[36m<html>[39m
  [36m<head />[39m
  [36m<body>[39m
    [36m<div>[39m
      [36m<div[39m
        [33maria-label[39m=[32m"Job error"[39m
        [33mclass[39m=[32m"single-job-view"[39m
        [33mrole[39m=[32m"main"[39m
      [36m>[39m
        [36m<div[39m
          [33mclass[39m=[32m"error-container"[39m
        [36m>[39m
          [36m<div[39m
            [33mclass[39m=[32m"error-icon"[39m
          [36m>[39m
            [36m<svg[39m
              [33mclass[39m=[32m"w-8 h-8 text-red-500"[39m
              [33mfill[39m=[32m"none"[39m
              [33mstroke[39m=[32m"currentColor"[39m
              [33mviewBox[39m=[32m"0 0 24 24"[39m
            [36m>[39m
              [36m<path[39m
                [33md[39m=[32m"M12 9v2m0 4h.01m-6.938 4h13.856c1.54 0 2.502-1.667 1.732-2.5L13.732 4c-.77-.833-1.964-.833-2.732 0L3.732 16.5c-.77.833.192 2.5 1.732 2.5z"[39m
                [33mstroke-linecap[39m=[32m"round"[39m
                [33mstroke-linejoin[39m=[32m"round"[39m
                [33mstroke-width[39m=[32m"2"[39m
              [36m/>[39m
            [36m</svg>[39m
          [36m</div>[39m
          [36m<h3>[39m
            [0mError Loading Job[0m
          [36m</h3>[39m
          [36m<p>[39m
            [0mFailed to load job data[0m
          [36m</p>[39m
          [36m<button[39m
            [33mclass[39m=[32m"btn-primary"[39m
          [36m>[39m
            [0mGo Back[0m
          [36m</button>[39m
        [36m</div>[39m
      [36m</div>[39m
    [36m</div>[39m
  [36m</body>[39m
[36m</html>[39m

- Expected: 
true

+ Received: 
null

 ❯ src/renderer/components/Jobs/__tests__/SingleJobView.test.tsx:653:23
    651|         const statusContainer = screen.getByRole('main');
    652|         const badge = statusContainer.querySelector('.status-badge');
    653|         expect(badge).toBeTruthy();
       |                       ^
    654|         expect(badge!.textContent).toMatch(/Processing/i);
    655|         expect(badge).toHaveClass('status-processing');
 ❯ runWithExpensiveErrorDiagnosticsDisabled node_modules/@testing-library/dom/dist/config.js:47:12
 ❯ checkCallback node_modules/@testing-library/dom/dist/wait-for.js:124:77
 ❯ Timeout.checkRealTimersCallback node_modules/@testing-library/dom/dist/wait-for.js:118:16

⎯⎯⎯⎯⎯⎯⎯⎯⎯⎯⎯⎯⎯⎯⎯⎯⎯⎯⎯⎯⎯[88/254]⎯

 FAIL  src/renderer/components/Jobs/__tests__/SingleJobView.test.tsx > SingleJobView > Accessibility > handles pending job status
AssertionError: expected null to be truthy

Ignored nodes: comments, script, style
[36m<html>[39m
  [36m<head />[39m
  [36m<body>[39m
    [36m<div>[39m
      [36m<div[39m
        [33maria-label[39m=[32m"Job error"[39m
        [33mclass[39m=[32m"single-job-view"[39m
        [33mrole[39m=[32m"main"[39m
      [36m>[39m
        [36m<div[39m
          [33mclass[39m=[32m"error-container"[39m
        [36m>[39m
          [36m<div[39m
            [33mclass[39m=[32m"error-icon"[39m
          [36m>[39m
            [36m<svg[39m
              [33mclass[39m=[32m"w-8 h-8 text-red-500"[39m
              [33mfill[39m=[32m"none"[39m
              [33mstroke[39m=[32m"currentColor"[39m
              [33mviewBox[39m=[32m"0 0 24 24"[39m
            [36m>[39m
              [36m<path[39m
                [33md[39m=[32m"M12 9v2m0 4h.01m-6.938 4h13.856c1.54 0 2.502-1.667 1.732-2.5L13.732 4c-.77-.833-1.964-.833-2.732 0L3.732 16.5c-.77.833.192 2.5 1.732 2.5z"[39m
                [33mstroke-linecap[39m=[32m"round"[39m
                [33mstroke-linejoin[39m=[32m"round"[39m
                [33mstroke-width[39m=[32m"2"[39m
              [36m/>[39m
            [36m</svg>[39m
          [36m</div>[39m
          [36m<h3>[39m
            [0mError Loading Job[0m
          [36m</h3>[39m
          [36m<p>[39m
            [0mFailed to load job data[0m
          [36m</p>[39m
          [36m<button[39m
            [33mclass[39m=[32m"btn-primary"[39m
          [36m>[39m
            [0mGo Back[0m
          [36m</button>[39m
        [36m</div>[39m
      [36m</div>[39m
    [36m</div>[39m
  [36m</body>[39m
[36m</html>[39m

- Expected: 
true

+ Received: 
null

 ❯ src/renderer/components/Jobs/__tests__/SingleJobView.test.tsx:671:23
    669|         const statusContainer = screen.getByRole('main');
    670|         const badge = statusContainer.querySelector('.status-badge');
    671|         expect(badge).toBeTruthy();
       |                       ^
    672|         expect(badge!.textContent).toMatch(/Pending/i);
    673|         expect(badge).toHaveClass('status-pending');
 ❯ runWithExpensiveErrorDiagnosticsDisabled node_modules/@testing-library/dom/dist/config.js:47:12
 ❯ checkCallback node_modules/@testing-library/dom/dist/wait-for.js:124:77
 ❯ Timeout.checkRealTimersCallback node_modules/@testing-library/dom/dist/wait-for.js:118:16

⎯⎯⎯⎯⎯⎯⎯⎯⎯⎯⎯⎯⎯⎯⎯⎯⎯⎯⎯⎯⎯[89/254]⎯

 FAIL  src/renderer/components/Jobs/__tests__/SingleJobView.test.tsx > Settings Editing > saves new file path and parameter fields via IPC
TestingLibraryElementError: Unable to find an element with the title: Edit job settings.

Ignored nodes: comments, script, style
[36m<body>[39m
  [36m<div>[39m
    [36m<div[39m
      [33maria-label[39m=[32m"Job error"[39m
      [33mclass[39m=[32m"single-job-view"[39m
      [33mrole[39m=[32m"main"[39m
    [36m>[39m
      [36m<div[39m
        [33mclass[39m=[32m"error-container"[39m
      [36m>[39m
        [36m<div[39m
          [33mclass[39m=[32m"error-icon"[39m
        [36m>[39m
          [36m<svg[39m
            [33mclass[39m=[32m"w-8 h-8 text-red-500"[39m
            [33mfill[39m=[32m"none"[39m
            [33mstroke[39m=[32m"currentColor"[39m
            [33mviewBox[39m=[32m"0 0 24 24"[39m
          [36m>[39m
            [36m<path[39m
              [33md[39m=[32m"M12 9v2m0 4h.01m-6.938 4h13.856c1.54 0 2.502-1.667 1.732-2.5L13.732 4c-.77-.833-1.964-.833-2.732 0L3.732 16.5c-.77.833.192 2.5 1.732 2.5z"[39m
              [33mstroke-linecap[39m=[32m"round"[39m
              [33mstroke-linejoin[39m=[32m"round"[39m
              [33mstroke-width[39m=[32m"2"[39m
            [36m/>[39m
          [36m</svg>[39m
        [36m</div>[39m
        [36m<h3>[39m
          [0mError Loading Job[0m
        [36m</h3>[39m
        [36m<p>[39m
          [0mFailed to load job data[0m
        [36m</p>[39m
        [36m<button[39m
          [33mclass[39m=[32m"btn-primary"[39m
        [36m>[39m
          [0mGo Back[0m
        [36m</button>[39m
      [36m</div>[39m
    [36m</div>[39m
  [36m</div>[39m
[36m</body>[39m
 ❯ Object.getElementError node_modules/@testing-library/dom/dist/config.js:37:19
 ❯ node_modules/@testing-library/dom/dist/query-helpers.js:76:38
 ❯ node_modules/@testing-library/dom/dist/query-helpers.js:52:17
 ❯ node_modules/@testing-library/dom/dist/query-helpers.js:95:19
 ❯ src/renderer/components/Jobs/__tests__/SingleJobView.test.tsx:697:28
    695| 
    696|     // Open edit modal
    697|     const editBtn = screen.getByTitle('Edit job settings');
       |                            ^
    698|     fireEvent.click(editBtn);
    699| 

⎯⎯⎯⎯⎯⎯⎯⎯⎯⎯⎯⎯⎯⎯⎯⎯⎯⎯⎯⎯⎯[90/254]⎯

 FAIL  src/renderer/components/Dashboard/__tests__/DashboardPanel.test.tsx > DashboardPanel > renders dashboard with main sections
TestingLibraryElementError: Unable to find an element with the text: Dashboard. This could be because the text is broken up by multiple elements. In this case, you can provide a function for your text matcher to make your matcher more flexible.

Ignored nodes: comments, script, style
[36m<body>[39m
  [36m<div>[39m
    [36m<div[39m
      [33mclass[39m=[32m"dashboard-panel min-h-screen bg-gray-50"[39m
    [36m>[39m
      [36m<div[39m
        [33mclass[39m=[32m"bg-white border-b border-gray-200 py-3 md:py-4 flex items-center px-6 relative"[39m
      [36m>[39m
        [36m<div[39m
          [33mclass[39m=[32m"flex items-center justify-between w-full flex-wrap gap-y-2"[39m
        [36m>[39m
          [36m<div[39m
            [33mclass[39m=[32m"flex items-center space-x-3"[39m
          [36m>[39m
            [36m<div[39m
              [33mclass[39m=[32m"relative"[39m
            [36m>[39m
              [36m<button[39m
                [33maria-label[39m=[32m"Open menu"[39m
                [33mclass[39m=[32m"p-2 rounded-md hover:bg-gray-100 text-gray-700 focus:outline-none focus:ring-2 focus:ring-blue-500"[39m
                [33mtitle[39m=[32m"Menu"[39m
              [36m>[39m
                [36m<svg[39m
                  [33mclass[39m=[32m"w-5 h-5"[39m
                  [33mfill[39m=[32m"none"[39m
                  [33mstroke[39m=[32m"currentColor"[39m
                  [33mviewBox[39m=[32m"0 0 24 24"[39m
                [36m>[39m
                  [36m<path[39m
                    [33md[39m=[32m"M4 6h16M4 12h16M4 18h16"[39m
                    [33mstroke-linecap[39m=[32m"round"[39m
                    [33mstroke-linejoin[39m=[32m"round"[39m
                    [33mstroke-width[39m=[32m"2"[39m
                  [36m/>[39m
                [36m</svg>[39m
              [36m</button>[39m
            [36m</div>[39m
            [36m<div[39m
              [33mclass[39m=[32m"flex items-center space-x-3"[39m
            [36m>[39m
              [36m<button[39m
                [33maria-label[39m=[32m"Start job"[39m
                [33mclass[39m=[32m"inline-flex items-center px-4 py-2 border border-transparent text-sm font-medium rounded-md shadow-sm focus:outline-none focus:ring-2 focus:ring-offset-2 transition-colors bg-blue-600 hover:bg-blue-700 focus:ring-blue-500 text-white"[39m
              [36m>[39m
                [36m<svg[39m
                  [33mclass[39m=[32m"-ml-1 mr-2 h-4 w-4"[39m
                  [33mfill[39m=[32m"none"[39m
                  [33mstroke[39m=[32m"currentColor"[39m
                  [33mviewBox[39m=[32m"0 0 24 24"[39m
                [36m>[39m
                  [36m<path[39m
                    [33md[39m=[32m"M14.828 14.828a4 4 0 01-5.656 0M9 10h1m4 0h1m-6 4h.01M21 12a9 9 0 11-18 0 9 9 0 0118 0z"[39m
                    [33mstroke-linecap[39m=[32m"round"[39m
                    [33mstroke-linejoin[39m=[32m"round"[39m
                    [33mstroke-width[39m=[32m"2"[39m
                  [36m/>[39m
                [36m</svg>[39m
                [0mStart Job[0m
              [36m</button>[39m
              [36m<button[39m
                [33maria-label[39m=[32m"Stop job"[39m
                [33mclass[39m=[32m"inline-flex items-center px-4 py-2 border border-transparent text-sm font-medium rounded-md shadow-sm focus:outline-none focus:ring-2 focus:ring-offset-2 transition-colors bg-gray-300 text-gray-500 cursor-not-allowed"[39m
                [33mdisabled[39m=[32m""[39m
              [36m>[39m
                [36m<svg[39m
                  [33mclass[39m=[32m"-ml-1 mr-2 h-4 w-4"[39m
                  [33mfill[39m=[32m"none"[39m
                  [33mstroke[39m=[32m"currentColor"[39m
                  [33mviewBox[39m=[32m"0 0 24 24"[39m
                [36m>[39m
                  [36m<path[39m
                    [33md[39m=[32m"M21 12a9 9 0 11-18 0 9 9 0 0118 0z M9 10a1 1 0 011-1h4a1 1 0 011 1v4a1 1 0 01-1 1h-4a1 1 0 01-1-1v-4z"[39m
                    [33mstroke-linecap[39m=[32m"round"[39m
                    [33mstroke-linejoin[39m=[32m"round"[39m
                    [33mstroke-width[39m=[32m"2"[39m
                  [36m/>[39m
                [36m</svg>[39m
                [0mStop Job[0m
              [36m</button>[39m
              [36m<button[39m
                [33maria-label[39m=[32m"Refresh data"[39m
                [33mclass[39m=[32m"inline-flex items-center px-3 py-2 border border-gray-300 text-sm font-medium rounded-md shadow-sm focus:outline-none focus:ring-2 focus:ring-offset-2 transition-colors bg-white hover:bg-gray-50 focus:ring-blue-500 text-gray-700 border-gray-300"[39m
                [33mtitle[39m=[32m"Refresh job history and statistics"[39m
              [36m>[39m
                [36m<svg[39m
                  [33mclass[39m=[32m"-ml-1 mr-2 h-4 w-4"[39m
                  [33mfill[39m=[32m"none"[39m
                  [33mstroke[39m=[32m"currentColor"[39m
                  [33mviewBox[39m=[32m"0 0 24 24"[39m
                [36m>[39m
                  [36m<path[39m
                    [33md[39m=[32m"M3 12a9 9 0 0 1 9-9 9.75 9.75 0 0 1 6.74 2.74L21 8"[39m
                  [36m/>[39m
                  [36m<path[39m
                    [33md[39m=[32m"M21 3v5h-5"[39m
                  [36m/>[39m
                  [36m<path[39m
                    [33md[39m=[32m"M21 12a9 9 0 0 1-9 9 9.75 9.75 0 0 1-6.74-2.74L3 16"[39m
                  [36m/>[39m
                  [36m<path[39m
                    [33md[39m=[32m"M8 16H3v5"[39m
                  [36m/>[39m
                [36m</svg>[39m
                [0mRefresh[0m
              [36m</button>[39m
              [36m<div[39m
                [33mclass[39m=[32m"flex items-center space-x-2"[39m
              [36m>[39m
                [36m<div[39m
                  [33mclass[39m=[32m"w-2 h-2 rounded-full bg-gray-400"[39m
                [36m/>[39m
                [36m<span[39m
                  [33mclass[39m=[32m"text-sm bg-green-100 text-green-800 px-2 py-1 rounded-full"[39m
                [36m>[39m
                  [0mReady[0m
                [36m</span>[39m
              [36m</div>[39m
            [36m</div>[39m
            [36m<button[39m
              [33mclass[39m=[32m"inline-flex items-center px-4 py-2 border border-transparent text-sm font-medium rounded-md shadow-sm focus:outline-none focus:ring-2 focus:ring-offset-2 transition-colors bg-red-600 hover:bg-red-700 focus:ring-red-500 text-white disabled:opacity-50 disabled:cursor-not-allowed"[39m
              [33mtitle[39m=[32m"Force stop all processes"[39m
            [36m>[39m
              [36m<svg[39m
                [33mclass[39m=[32m"-ml-1 mr-2 h-4 w-4"[39m
                [33mfill[39m=[32m"none"[39m
                [33mstroke[39m=[32m"currentColor"[39m
                [33mviewBox[39m=[32m"0 0 24 24"[39m
              [36m>[39m
                [36m<path[39m
                  [33md[39m=[32m"M12 9v2m0 4h.01m-6.938 4h13.856c1.54 0 2.502-1.667 1.732...
 ❯ Object.getElementError node_modules/@testing-library/dom/dist/config.js:37:19
 ❯ node_modules/@testing-library/dom/dist/query-helpers.js:76:38
 ❯ node_modules/@testing-library/dom/dist/query-helpers.js:52:17
 ❯ node_modules/@testing-library/dom/dist/query-helpers.js:95:19
 ❯ src/renderer/components/Dashboard/__tests__/DashboardPanel.test.tsx:62:19
     60|     render(<DashboardPanel />);
     61|     
     62|     expect(screen.getByText('Dashboard')).toBeInTheDocument();
       |                   ^
     63|     const jobHistoryElements = screen.getAllByText('Job History');
     64|     expect(jobHistoryElements.length).toBeGreaterThan(0);

⎯⎯⎯⎯⎯⎯⎯⎯⎯⎯⎯⎯⎯⎯⎯⎯⎯⎯⎯⎯⎯[91/254]⎯

 FAIL  src/renderer/components/Dashboard/__tests__/DashboardPanel.test.tsx > DashboardPanel > shows single job constraint message when job is running
TestingLibraryElementError: Unable to find an element with the text: /Only one job can run at a time/. This could be because the text is broken up by multiple elements. In this case, you can provide a function for your text matcher to make your matcher more flexible.

Ignored nodes: comments, script, style
[36m<body>[39m
  [36m<div>[39m
    [36m<div[39m
      [33mclass[39m=[32m"dashboard-panel min-h-screen bg-gray-50"[39m
    [36m>[39m
      [36m<div[39m
        [33mclass[39m=[32m"bg-white border-b border-gray-200 py-3 md:py-4 flex items-center px-6 relative"[39m
      [36m>[39m
        [36m<div[39m
          [33mclass[39m=[32m"flex items-center justify-between w-full flex-wrap gap-y-2"[39m
        [36m>[39m
          [36m<div[39m
            [33mclass[39m=[32m"flex items-center space-x-3"[39m
          [36m>[39m
            [36m<div[39m
              [33mclass[39m=[32m"relative"[39m
            [36m>[39m
              [36m<button[39m
                [33maria-label[39m=[32m"Open menu"[39m
                [33mclass[39m=[32m"p-2 rounded-md hover:bg-gray-100 text-gray-700 focus:outline-none focus:ring-2 focus:ring-blue-500"[39m
                [33mtitle[39m=[32m"Menu"[39m
              [36m>[39m
                [36m<svg[39m
                  [33mclass[39m=[32m"w-5 h-5"[39m
                  [33mfill[39m=[32m"none"[39m
                  [33mstroke[39m=[32m"currentColor"[39m
                  [33mviewBox[39m=[32m"0 0 24 24"[39m
                [36m>[39m
                  [36m<path[39m
                    [33md[39m=[32m"M4 6h16M4 12h16M4 18h16"[39m
                    [33mstroke-linecap[39m=[32m"round"[39m
                    [33mstroke-linejoin[39m=[32m"round"[39m
                    [33mstroke-width[39m=[32m"2"[39m
                  [36m/>[39m
                [36m</svg>[39m
              [36m</button>[39m
            [36m</div>[39m
            [36m<div[39m
              [33mclass[39m=[32m"flex items-center space-x-3"[39m
            [36m>[39m
              [36m<button[39m
                [33maria-label[39m=[32m"Start job"[39m
                [33mclass[39m=[32m"inline-flex items-center px-4 py-2 border border-transparent text-sm font-medium rounded-md shadow-sm focus:outline-none focus:ring-2 focus:ring-offset-2 transition-colors bg-blue-600 hover:bg-blue-700 focus:ring-blue-500 text-white"[39m
              [36m>[39m
                [36m<svg[39m
                  [33mclass[39m=[32m"-ml-1 mr-2 h-4 w-4"[39m
                  [33mfill[39m=[32m"none"[39m
                  [33mstroke[39m=[32m"currentColor"[39m
                  [33mviewBox[39m=[32m"0 0 24 24"[39m
                [36m>[39m
                  [36m<path[39m
                    [33md[39m=[32m"M14.828 14.828a4 4 0 01-5.656 0M9 10h1m4 0h1m-6 4h.01M21 12a9 9 0 11-18 0 9 9 0 0118 0z"[39m
                    [33mstroke-linecap[39m=[32m"round"[39m
                    [33mstroke-linejoin[39m=[32m"round"[39m
                    [33mstroke-width[39m=[32m"2"[39m
                  [36m/>[39m
                [36m</svg>[39m
                [0mStart Job[0m
              [36m</button>[39m
              [36m<button[39m
                [33maria-label[39m=[32m"Stop job"[39m
                [33mclass[39m=[32m"inline-flex items-center px-4 py-2 border border-transparent text-sm font-medium rounded-md shadow-sm focus:outline-none focus:ring-2 focus:ring-offset-2 transition-colors bg-gray-300 text-gray-500 cursor-not-allowed"[39m
                [33mdisabled[39m=[32m""[39m
              [36m>[39m
                [36m<svg[39m
                  [33mclass[39m=[32m"-ml-1 mr-2 h-4 w-4"[39m
                  [33mfill[39m=[32m"none"[39m
                  [33mstroke[39m=[32m"currentColor"[39m
                  [33mviewBox[39m=[32m"0 0 24 24"[39m
                [36m>[39m
                  [36m<path[39m
                    [33md[39m=[32m"M21 12a9 9 0 11-18 0 9 9 0 0118 0z M9 10a1 1 0 011-1h4a1 1 0 011 1v4a1 1 0 01-1 1h-4a1 1 0 01-1-1v-4z"[39m
                    [33mstroke-linecap[39m=[32m"round"[39m
                    [33mstroke-linejoin[39m=[32m"round"[39m
                    [33mstroke-width[39m=[32m"2"[39m
                  [36m/>[39m
                [36m</svg>[39m
                [0mStop Job[0m
              [36m</button>[39m
              [36m<button[39m
                [33maria-label[39m=[32m"Refresh data"[39m
                [33mclass[39m=[32m"inline-flex items-center px-3 py-2 border border-gray-300 text-sm font-medium rounded-md shadow-sm focus:outline-none focus:ring-2 focus:ring-offset-2 transition-colors bg-white hover:bg-gray-50 focus:ring-blue-500 text-gray-700 border-gray-300"[39m
                [33mtitle[39m=[32m"Refresh job history and statistics"[39m
              [36m>[39m
                [36m<svg[39m
                  [33mclass[39m=[32m"-ml-1 mr-2 h-4 w-4"[39m
                  [33mfill[39m=[32m"none"[39m
                  [33mstroke[39m=[32m"currentColor"[39m
                  [33mviewBox[39m=[32m"0 0 24 24"[39m
                [36m>[39m
                  [36m<path[39m
                    [33md[39m=[32m"M3 12a9 9 0 0 1 9-9 9.75 9.75 0 0 1 6.74 2.74L21 8"[39m
                  [36m/>[39m
                  [36m<path[39m
                    [33md[39m=[32m"M21 3v5h-5"[39m
                  [36m/>[39m
                  [36m<path[39m
                    [33md[39m=[32m"M21 12a9 9 0 0 1-9 9 9.75 9.75 0 0 1-6.74-2.74L3 16"[39m
                  [36m/>[39m
                  [36m<path[39m
                    [33md[39m=[32m"M8 16H3v5"[39m
                  [36m/>[39m
                [36m</svg>[39m
                [0mRefresh[0m
              [36m</button>[39m
              [36m<div[39m
                [33mclass[39m=[32m"flex items-center space-x-2"[39m
              [36m>[39m
                [36m<div[39m
                  [33mclass[39m=[32m"w-2 h-2 rounded-full bg-gray-400"[39m
                [36m/>[39m
                [36m<span[39m
                  [33mclass[39m=[32m"text-sm bg-green-100 text-green-800 px-2 py-1 rounded-full"[39m
                [36m>[39m
                  [0mReady[0m
                [36m</span>[39m
              [36m</div>[39m
            [36m</div>[39m
            [36m<button[39m
              [33mclass[39m=[32m"inline-flex items-center px-4 py-2 border border-transparent text-sm font-medium rounded-md shadow-sm focus:outline-none focus:ring-2 focus:ring-offset-2 transition-colors bg-red-600 hover:bg-red-700 focus:ring-red-500 text-white disabled:opacity-50 disabled:cursor-not-allowed"[39m
              [33mtitle[39m=[32m"Force stop all processes"[39m
            [36m>[39m
              [36m<svg[39m
                [33mclass[39m=[32m"-ml-1 mr-2 h-4 w-4"[39m
                [33mfill[39m=[32m"none"[39m
                [33mstroke[39m=[32m"currentColor"[39m
                [33mviewBox[39m=[32m"0 0 24 24"[39m
              [36m>[39m
                [36m<path[39m
                  [33md[39m=[32m"M12 9v2m0 4h.01m-6.938 4h13.856c1.54 0 2.502-1.667 1.732...

Ignored nodes: comments, script, style
[36m<html>[39m
  [36m<head />[39m
  [36m<body>[39m
    [36m<div>[39m
      [36m<div[39m
        [33mclass[39m=[32m"dashboard-panel min-h-screen bg-gray-50"[39m
      [36m>[39m
        [36m<div[39m
          [33mclass[39m=[32m"bg-white border-b border-gray-200 py-3 md:py-4 flex items-center px-6 relative"[39m
        [36m>[39m
          [36m<div[39m
            [33mclass[39m=[32m"flex items-center justify-between w-full flex-wrap gap-y-2"[39m
          [36m>[39m
            [36m<div[39m
              [33mclass[39m=[32m"flex items-center space-x-3"[39m
            [36m>[39m
              [36m<div[39m
                [33mclass[39m=[32m"relative"[39m
              [36m>[39m
                [36m<button[39m
                  [33maria-label[39m=[32m"Open menu"[39m
                  [33mclass[39m=[32m"p-2 rounded-md hover:bg-gray-100 text-gray-700 focus:outline-none focus:ring-2 focus:ring-blue-500"[39m
                  [33mtitle[39m=[32m"Menu"[39m
                [36m>[39m
                  [36m<svg[39m
                    [33mclass[39m=[32m"w-5 h-5"[39m
                    [33mfill[39m=[32m"none"[39m
                    [33mstroke[39m=[32m"currentColor"[39m
                    [33mviewBox[39m=[32m"0 0 24 24"[39m
                  [36m>[39m
                    [36m<path[39m
                      [33md[39m=[32m"M4 6h16M4 12h16M4 18h16"[39m
                      [33mstroke-linecap[39m=[32m"round"[39m
                      [33mstroke-linejoin[39m=[32m"round"[39m
                      [33mstroke-width[39m=[32m"2"[39m
                    [36m/>[39m
                  [36m</svg>[39m
                [36m</button>[39m
              [36m</div>[39m
              [36m<div[39m
                [33mclass[39m=[32m"flex items-center space-x-3"[39m
              [36m>[39m
                [36m<button[39m
                  [33maria-label[39m=[32m"Start job"[39m
                  [33mclass[39m=[32m"inline-flex items-center px-4 py-2 border border-transparent text-sm font-medium rounded-md shadow-sm focus:outline-none focus:ring-2 focus:ring-offset-2 transition-colors bg-blue-600 hover:bg-blue-700 focus:ring-blue-500 text-white"[39m
                [36m>[39m
                  [36m<svg[39m
                    [33mclass[39m=[32m"-ml-1 mr-2 h-4 w-4"[39m
                    [33mfill[39m=[32m"none"[39m
                    [33mstroke[39m=[32m"currentColor"[39m
                    [33mviewBox[39m=[32m"0 0 24 24"[39m
                  [36m>[39m
                    [36m<path[39m
                      [33md[39m=[32m"M14.828 14.828a4 4 0 01-5.656 0M9 10h1m4 0h1m-6 4h.01M21 12a9 9 0 11-18 0 9 9 0 0118 0z"[39m
                      [33mstroke-linecap[39m=[32m"round"[39m
                      [33mstroke-linejoin[39m=[32m"round"[39m
                      [33mstroke-width[39m=[32m"2"[39m
                    [36m/>[39m
                  [36m</svg>[39m
                  [0mStart Job[0m
                [36m</button>[39m
                [36m<button[39m
                  [33maria-label[39m=[32m"Stop job"[39m
                  [33mclass[39m=[32m"inline-flex items-center px-4 py-2 border border-transparent text-sm font-medium rounded-md shadow-sm focus:outline-none focus:ring-2 focus:ring-offset-2 transition-colors bg-gray-300 text-gray-500 cursor-not-allowed"[39m
                  [33mdisabled[39m=[32m""[39m
                [36m>[39m
                  [36m<svg[39m
                    [33mclass[39m=[32m"-ml-1 mr-2 h-4 w-4"[39m
                    [33mfill[39m=[32m"none"[39m
                    [33mstroke[39m=[32m"currentColor"[39m
                    [33mviewBox[39m=[32m"0 0 24 24"[39m
                  [36m>[39m
                    [36m<path[39m
                      [33md[39m=[32m"M21 12a9 9 0 11-18 0 9 9 0 0118 0z M9 10a1 1 0 011-1h4a1 1 0 011 1v4a1 1 0 01-1 1h-4a1 1 0 01-1-1v-4z"[39m
                      [33mstroke-linecap[39m=[32m"round"[39m
                      [33mstroke-linejoin[39m=[32m"round"[39m
                      [33mstroke-width[39m=[32m"2"[39m
                    [36m/>[39m
                  [36m</svg>[39m
                  [0mStop Job[0m
                [36m</button>[39m
                [36m<button[39m
                  [33maria-label[39m=[32m"Refresh data"[39m
                  [33mclass[39m=[32m"inline-flex items-center px-3 py-2 border border-gray-300 text-sm font-medium rounded-md shadow-sm focus:outline-none focus:ring-2 focus:ring-offset-2 transition-colors bg-white hover:bg-gray-50 focus:ring-blue-500 text-gray-700 border-gray-300"[39m
                  [33mtitle[39m=[32m"Refresh job history and statistics"[39m
                [36m>[39m
                  [36m<svg[39m
                    [33mclass[39m=[32m"-ml-1 mr-2 h-4 w-4"[39m
                    [33mfill[39m=[32m"none"[39m
                    [33mstroke[39m=[32m"currentColor"[39m
                    [33mviewBox[39m=[32m"0 0 24 24"[39m
                  [36m>[39m
                    [36m<path[39m
                      [33md[39m=[32m"M3 12a9 9 0 0 1 9-9 9.75 9.75 0 0 1 6.74 2.74L21 8"[39m
                    [36m/>[39m
                    [36m<path[39m
                      [33md[39m=[32m"M21 3v5h-5"[39m
                    [36m/>[39m
                    [36m<path[39m
                      [33md[39m=[32m"M21 12a9 9 0 0 1-9 9 9.75 9.75 0 0 1-6.74-2.74L3 16"[39m
                    [36m/>[39m
                    [36m<path[39m
                      [33md[39m=[32m"M8 16H3v5"[39m
                    [36m/>[39m
                  [36m</svg>[39m
                  [0mRefresh[0m
                [36m</button>[39m
                [36m<div[39m
                  [33mclass[39m=[32m"flex items-center space-x-2"[39m
                [36m>[39m
                  [36m<div[39m
                    [33mclass[39m=[32m"w-2 h-2 rounded-full bg-gray-400"[39m
                  [36m/>[39m
                  [36m<span[39m
                    [33mclass[39m=[32m"text-sm bg-green-100 text-green-800 px-2 py-1 rounded-full"[39m
                  [36m>[39m
                    [0mReady[0m
                  [36m</span>[39m
                [36m</div>[39m
              [36m</div>[39m
              [36m<button[39m
                [33mclass[39m=[32m"inline-flex items-center px-4 py-2 border border-transparent text-sm font-medium rounded-md shadow-sm focus:outline-none focus:ring-2 focus:ring-offset-2 transition-colors bg-red-600 hover:bg-red-700 focus:ring-red-500 text-white disabled:opacity-50 disabled:cursor-not-allowed"[39m
                [33mtitle[39m=[32m"Force stop all processes"[39m
              [36m>[39m
                [36m<svg[39m
                  [33mclass[39m=[32m"-ml-1 mr-2 h-4 w-4"[39m
                  [33mfil...
 ❯ waitForWrapper node_modules/@testing-library/dom/dist/wait-for.js:163:27
 ❯ src/renderer/components/Dashboard/__tests__/DashboardPanel.test.tsx:101:11
     99|     render(<DashboardPanel />);
    100|     
    101|     await waitFor(() => {
       |           ^
    102|       expect(screen.getByText(/Only one job can run at a time/)).toBeI…
    103|     });

⎯⎯⎯⎯⎯⎯⎯⎯⎯⎯⎯⎯⎯⎯⎯⎯⎯⎯⎯⎯⎯[92/254]⎯

 FAIL  src/renderer/components/Dashboard/__tests__/DashboardPanel.test.tsx > DashboardPanel > handles job start action
TestingLibraryElementError: Unable to find an element with the text: Dashboard. This could be because the text is broken up by multiple elements. In this case, you can provide a function for your text matcher to make your matcher more flexible.

Ignored nodes: comments, script, style
[36m<body>[39m
  [36m<div>[39m
    [36m<div[39m
      [33mclass[39m=[32m"dashboard-panel min-h-screen bg-gray-50"[39m
    [36m>[39m
      [36m<div[39m
        [33mclass[39m=[32m"bg-white border-b border-gray-200 py-3 md:py-4 flex items-center px-6 relative"[39m
      [36m>[39m
        [36m<div[39m
          [33mclass[39m=[32m"flex items-center justify-between w-full flex-wrap gap-y-2"[39m
        [36m>[39m
          [36m<div[39m
            [33mclass[39m=[32m"flex items-center space-x-3"[39m
          [36m>[39m
            [36m<div[39m
              [33mclass[39m=[32m"relative"[39m
            [36m>[39m
              [36m<button[39m
                [33maria-label[39m=[32m"Open menu"[39m
                [33mclass[39m=[32m"p-2 rounded-md hover:bg-gray-100 text-gray-700 focus:outline-none focus:ring-2 focus:ring-blue-500"[39m
                [33mtitle[39m=[32m"Menu"[39m
              [36m>[39m
                [36m<svg[39m
                  [33mclass[39m=[32m"w-5 h-5"[39m
                  [33mfill[39m=[32m"none"[39m
                  [33mstroke[39m=[32m"currentColor"[39m
                  [33mviewBox[39m=[32m"0 0 24 24"[39m
                [36m>[39m
                  [36m<path[39m
                    [33md[39m=[32m"M4 6h16M4 12h16M4 18h16"[39m
                    [33mstroke-linecap[39m=[32m"round"[39m
                    [33mstroke-linejoin[39m=[32m"round"[39m
                    [33mstroke-width[39m=[32m"2"[39m
                  [36m/>[39m
                [36m</svg>[39m
              [36m</button>[39m
            [36m</div>[39m
            [36m<div[39m
              [33mclass[39m=[32m"flex items-center space-x-3"[39m
            [36m>[39m
              [36m<button[39m
                [33maria-label[39m=[32m"Start job"[39m
                [33mclass[39m=[32m"inline-flex items-center px-4 py-2 border border-transparent text-sm font-medium rounded-md shadow-sm focus:outline-none focus:ring-2 focus:ring-offset-2 transition-colors bg-blue-600 hover:bg-blue-700 focus:ring-blue-500 text-white"[39m
              [36m>[39m
                [36m<svg[39m
                  [33mclass[39m=[32m"-ml-1 mr-2 h-4 w-4"[39m
                  [33mfill[39m=[32m"none"[39m
                  [33mstroke[39m=[32m"currentColor"[39m
                  [33mviewBox[39m=[32m"0 0 24 24"[39m
                [36m>[39m
                  [36m<path[39m
                    [33md[39m=[32m"M14.828 14.828a4 4 0 01-5.656 0M9 10h1m4 0h1m-6 4h.01M21 12a9 9 0 11-18 0 9 9 0 0118 0z"[39m
                    [33mstroke-linecap[39m=[32m"round"[39m
                    [33mstroke-linejoin[39m=[32m"round"[39m
                    [33mstroke-width[39m=[32m"2"[39m
                  [36m/>[39m
                [36m</svg>[39m
                [0mStart Job[0m
              [36m</button>[39m
              [36m<button[39m
                [33maria-label[39m=[32m"Stop job"[39m
                [33mclass[39m=[32m"inline-flex items-center px-4 py-2 border border-transparent text-sm font-medium rounded-md shadow-sm focus:outline-none focus:ring-2 focus:ring-offset-2 transition-colors bg-gray-300 text-gray-500 cursor-not-allowed"[39m
                [33mdisabled[39m=[32m""[39m
              [36m>[39m
                [36m<svg[39m
                  [33mclass[39m=[32m"-ml-1 mr-2 h-4 w-4"[39m
                  [33mfill[39m=[32m"none"[39m
                  [33mstroke[39m=[32m"currentColor"[39m
                  [33mviewBox[39m=[32m"0 0 24 24"[39m
                [36m>[39m
                  [36m<path[39m
                    [33md[39m=[32m"M21 12a9 9 0 11-18 0 9 9 0 0118 0z M9 10a1 1 0 011-1h4a1 1 0 011 1v4a1 1 0 01-1 1h-4a1 1 0 01-1-1v-4z"[39m
                    [33mstroke-linecap[39m=[32m"round"[39m
                    [33mstroke-linejoin[39m=[32m"round"[39m
                    [33mstroke-width[39m=[32m"2"[39m
                  [36m/>[39m
                [36m</svg>[39m
                [0mStop Job[0m
              [36m</button>[39m
              [36m<button[39m
                [33maria-label[39m=[32m"Refresh data"[39m
                [33mclass[39m=[32m"inline-flex items-center px-3 py-2 border border-gray-300 text-sm font-medium rounded-md shadow-sm focus:outline-none focus:ring-2 focus:ring-offset-2 transition-colors bg-white hover:bg-gray-50 focus:ring-blue-500 text-gray-700 border-gray-300"[39m
                [33mtitle[39m=[32m"Refresh job history and statistics"[39m
              [36m>[39m
                [36m<svg[39m
                  [33mclass[39m=[32m"-ml-1 mr-2 h-4 w-4"[39m
                  [33mfill[39m=[32m"none"[39m
                  [33mstroke[39m=[32m"currentColor"[39m
                  [33mviewBox[39m=[32m"0 0 24 24"[39m
                [36m>[39m
                  [36m<path[39m
                    [33md[39m=[32m"M3 12a9 9 0 0 1 9-9 9.75 9.75 0 0 1 6.74 2.74L21 8"[39m
                  [36m/>[39m
                  [36m<path[39m
                    [33md[39m=[32m"M21 3v5h-5"[39m
                  [36m/>[39m
                  [36m<path[39m
                    [33md[39m=[32m"M21 12a9 9 0 0 1-9 9 9.75 9.75 0 0 1-6.74-2.74L3 16"[39m
                  [36m/>[39m
                  [36m<path[39m
                    [33md[39m=[32m"M8 16H3v5"[39m
                  [36m/>[39m
                [36m</svg>[39m
                [0mRefresh[0m
              [36m</button>[39m
              [36m<div[39m
                [33mclass[39m=[32m"flex items-center space-x-2"[39m
              [36m>[39m
                [36m<div[39m
                  [33mclass[39m=[32m"w-2 h-2 rounded-full bg-gray-400"[39m
                [36m/>[39m
                [36m<span[39m
                  [33mclass[39m=[32m"text-sm bg-green-100 text-green-800 px-2 py-1 rounded-full"[39m
                [36m>[39m
                  [0mReady[0m
                [36m</span>[39m
              [36m</div>[39m
            [36m</div>[39m
            [36m<button[39m
              [33mclass[39m=[32m"inline-flex items-center px-4 py-2 border border-transparent text-sm font-medium rounded-md shadow-sm focus:outline-none focus:ring-2 focus:ring-offset-2 transition-colors bg-red-600 hover:bg-red-700 focus:ring-red-500 text-white disabled:opacity-50 disabled:cursor-not-allowed"[39m
              [33mtitle[39m=[32m"Force stop all processes"[39m
            [36m>[39m
              [36m<svg[39m
                [33mclass[39m=[32m"-ml-1 mr-2 h-4 w-4"[39m
                [33mfill[39m=[32m"none"[39m
                [33mstroke[39m=[32m"currentColor"[39m
                [33mviewBox[39m=[32m"0 0 24 24"[39m
              [36m>[39m
                [36m<path[39m
                  [33md[39m=[32m"M12 9v2m0 4h.01m-6.938 4h13.856c1.54 0 2.502-1.667 1.732...

Ignored nodes: comments, script, style
[36m<html>[39m
  [36m<head />[39m
  [36m<body>[39m
    [36m<div>[39m
      [36m<div[39m
        [33mclass[39m=[32m"dashboard-panel min-h-screen bg-gray-50"[39m
      [36m>[39m
        [36m<div[39m
          [33mclass[39m=[32m"bg-white border-b border-gray-200 py-3 md:py-4 flex items-center px-6 relative"[39m
        [36m>[39m
          [36m<div[39m
            [33mclass[39m=[32m"flex items-center justify-between w-full flex-wrap gap-y-2"[39m
          [36m>[39m
            [36m<div[39m
              [33mclass[39m=[32m"flex items-center space-x-3"[39m
            [36m>[39m
              [36m<div[39m
                [33mclass[39m=[32m"relative"[39m
              [36m>[39m
                [36m<button[39m
                  [33maria-label[39m=[32m"Open menu"[39m
                  [33mclass[39m=[32m"p-2 rounded-md hover:bg-gray-100 text-gray-700 focus:outline-none focus:ring-2 focus:ring-blue-500"[39m
                  [33mtitle[39m=[32m"Menu"[39m
                [36m>[39m
                  [36m<svg[39m
                    [33mclass[39m=[32m"w-5 h-5"[39m
                    [33mfill[39m=[32m"none"[39m
                    [33mstroke[39m=[32m"currentColor"[39m
                    [33mviewBox[39m=[32m"0 0 24 24"[39m
                  [36m>[39m
                    [36m<path[39m
                      [33md[39m=[32m"M4 6h16M4 12h16M4 18h16"[39m
                      [33mstroke-linecap[39m=[32m"round"[39m
                      [33mstroke-linejoin[39m=[32m"round"[39m
                      [33mstroke-width[39m=[32m"2"[39m
                    [36m/>[39m
                  [36m</svg>[39m
                [36m</button>[39m
              [36m</div>[39m
              [36m<div[39m
                [33mclass[39m=[32m"flex items-center space-x-3"[39m
              [36m>[39m
                [36m<button[39m
                  [33maria-label[39m=[32m"Start job"[39m
                  [33mclass[39m=[32m"inline-flex items-center px-4 py-2 border border-transparent text-sm font-medium rounded-md shadow-sm focus:outline-none focus:ring-2 focus:ring-offset-2 transition-colors bg-blue-600 hover:bg-blue-700 focus:ring-blue-500 text-white"[39m
                [36m>[39m
                  [36m<svg[39m
                    [33mclass[39m=[32m"-ml-1 mr-2 h-4 w-4"[39m
                    [33mfill[39m=[32m"none"[39m
                    [33mstroke[39m=[32m"currentColor"[39m
                    [33mviewBox[39m=[32m"0 0 24 24"[39m
                  [36m>[39m
                    [36m<path[39m
                      [33md[39m=[32m"M14.828 14.828a4 4 0 01-5.656 0M9 10h1m4 0h1m-6 4h.01M21 12a9 9 0 11-18 0 9 9 0 0118 0z"[39m
                      [33mstroke-linecap[39m=[32m"round"[39m
                      [33mstroke-linejoin[39m=[32m"round"[39m
                      [33mstroke-width[39m=[32m"2"[39m
                    [36m/>[39m
                  [36m</svg>[39m
                  [0mStart Job[0m
                [36m</button>[39m
                [36m<button[39m
                  [33maria-label[39m=[32m"Stop job"[39m
                  [33mclass[39m=[32m"inline-flex items-center px-4 py-2 border border-transparent text-sm font-medium rounded-md shadow-sm focus:outline-none focus:ring-2 focus:ring-offset-2 transition-colors bg-gray-300 text-gray-500 cursor-not-allowed"[39m
                  [33mdisabled[39m=[32m""[39m
                [36m>[39m
                  [36m<svg[39m
                    [33mclass[39m=[32m"-ml-1 mr-2 h-4 w-4"[39m
                    [33mfill[39m=[32m"none"[39m
                    [33mstroke[39m=[32m"currentColor"[39m
                    [33mviewBox[39m=[32m"0 0 24 24"[39m
                  [36m>[39m
                    [36m<path[39m
                      [33md[39m=[32m"M21 12a9 9 0 11-18 0 9 9 0 0118 0z M9 10a1 1 0 011-1h4a1 1 0 011 1v4a1 1 0 01-1 1h-4a1 1 0 01-1-1v-4z"[39m
                      [33mstroke-linecap[39m=[32m"round"[39m
                      [33mstroke-linejoin[39m=[32m"round"[39m
                      [33mstroke-width[39m=[32m"2"[39m
                    [36m/>[39m
                  [36m</svg>[39m
                  [0mStop Job[0m
                [36m</button>[39m
                [36m<button[39m
                  [33maria-label[39m=[32m"Refresh data"[39m
                  [33mclass[39m=[32m"inline-flex items-center px-3 py-2 border border-gray-300 text-sm font-medium rounded-md shadow-sm focus:outline-none focus:ring-2 focus:ring-offset-2 transition-colors bg-white hover:bg-gray-50 focus:ring-blue-500 text-gray-700 border-gray-300"[39m
                  [33mtitle[39m=[32m"Refresh job history and statistics"[39m
                [36m>[39m
                  [36m<svg[39m
                    [33mclass[39m=[32m"-ml-1 mr-2 h-4 w-4"[39m
                    [33mfill[39m=[32m"none"[39m
                    [33mstroke[39m=[32m"currentColor"[39m
                    [33mviewBox[39m=[32m"0 0 24 24"[39m
                  [36m>[39m
                    [36m<path[39m
                      [33md[39m=[32m"M3 12a9 9 0 0 1 9-9 9.75 9.75 0 0 1 6.74 2.74L21 8"[39m
                    [36m/>[39m
                    [36m<path[39m
                      [33md[39m=[32m"M21 3v5h-5"[39m
                    [36m/>[39m
                    [36m<path[39m
                      [33md[39m=[32m"M21 12a9 9 0 0 1-9 9 9.75 9.75 0 0 1-6.74-2.74L3 16"[39m
                    [36m/>[39m
                    [36m<path[39m
                      [33md[39m=[32m"M8 16H3v5"[39m
                    [36m/>[39m
                  [36m</svg>[39m
                  [0mRefresh[0m
                [36m</button>[39m
                [36m<div[39m
                  [33mclass[39m=[32m"flex items-center space-x-2"[39m
                [36m>[39m
                  [36m<div[39m
                    [33mclass[39m=[32m"w-2 h-2 rounded-full bg-gray-400"[39m
                  [36m/>[39m
                  [36m<span[39m
                    [33mclass[39m=[32m"text-sm bg-green-100 text-green-800 px-2 py-1 rounded-full"[39m
                  [36m>[39m
                    [0mReady[0m
                  [36m</span>[39m
                [36m</div>[39m
              [36m</div>[39m
              [36m<button[39m
                [33mclass[39m=[32m"inline-flex items-center px-4 py-2 border border-transparent text-sm font-medium rounded-md shadow-sm focus:outline-none focus:ring-2 focus:ring-offset-2 transition-colors bg-red-600 hover:bg-red-700 focus:ring-red-500 text-white disabled:opacity-50 disabled:cursor-not-allowed"[39m
                [33mtitle[39m=[32m"Force stop all processes"[39m
              [36m>[39m
                [36m<svg[39m
                  [33mclass[39m=[32m"-ml-1 mr-2 h-4 w-4"[39m
                  [33mfil...
 ❯ waitForWrapper node_modules/@testing-library/dom/dist/wait-for.js:163:27
 ❯ src/renderer/components/Dashboard/__tests__/DashboardPanel.test.tsx:113:11
    111|     
    112|     // Wait for component to load initial data
    113|     await waitFor(() => {
       |           ^
    114|       expect(screen.getByText('Dashboard')).toBeInTheDocument();
    115|     });

⎯⎯⎯⎯⎯⎯⎯⎯⎯⎯⎯⎯⎯⎯⎯⎯⎯⎯⎯⎯⎯[93/254]⎯

 FAIL  src/renderer/components/Dashboard/__tests__/DashboardPanel.test.tsx > DashboardPanel > handles job stop action
AssertionError: expected "spy" to be called at least once

Ignored nodes: comments, script, style
[36m<html>[39m
  [36m<head />[39m
  [36m<body>[39m
    [36m<div>[39m
      [36m<div[39m
        [33mclass[39m=[32m"dashboard-panel min-h-screen bg-gray-50"[39m
      [36m>[39m
        [36m<div[39m
          [33mclass[39m=[32m"bg-white border-b border-gray-200 py-3 md:py-4 flex items-center px-6 relative"[39m
        [36m>[39m
          [36m<div[39m
            [33mclass[39m=[32m"flex items-center justify-between w-full flex-wrap gap-y-2"[39m
          [36m>[39m
            [36m<div[39m
              [33mclass[39m=[32m"flex items-center space-x-3"[39m
            [36m>[39m
              [36m<div[39m
                [33mclass[39m=[32m"relative"[39m
              [36m>[39m
                [36m<button[39m
                  [33maria-label[39m=[32m"Open menu"[39m
                  [33mclass[39m=[32m"p-2 rounded-md hover:bg-gray-100 text-gray-700 focus:outline-none focus:ring-2 focus:ring-blue-500"[39m
                  [33mtitle[39m=[32m"Menu"[39m
                [36m>[39m
                  [36m<svg[39m
                    [33mclass[39m=[32m"w-5 h-5"[39m
                    [33mfill[39m=[32m"none"[39m
                    [33mstroke[39m=[32m"currentColor"[39m
                    [33mviewBox[39m=[32m"0 0 24 24"[39m
                  [36m>[39m
                    [36m<path[39m
                      [33md[39m=[32m"M4 6h16M4 12h16M4 18h16"[39m
                      [33mstroke-linecap[39m=[32m"round"[39m
                      [33mstroke-linejoin[39m=[32m"round"[39m
                      [33mstroke-width[39m=[32m"2"[39m
                    [36m/>[39m
                  [36m</svg>[39m
                [36m</button>[39m
              [36m</div>[39m
              [36m<div[39m
                [33mclass[39m=[32m"flex items-center space-x-3"[39m
              [36m>[39m
                [36m<button[39m
                  [33maria-label[39m=[32m"Start job"[39m
                  [33mclass[39m=[32m"inline-flex items-center px-4 py-2 border border-transparent text-sm font-medium rounded-md shadow-sm focus:outline-none focus:ring-2 focus:ring-offset-2 transition-colors bg-blue-600 hover:bg-blue-700 focus:ring-blue-500 text-white"[39m
                [36m>[39m
                  [36m<svg[39m
                    [33mclass[39m=[32m"-ml-1 mr-2 h-4 w-4"[39m
                    [33mfill[39m=[32m"none"[39m
                    [33mstroke[39m=[32m"currentColor"[39m
                    [33mviewBox[39m=[32m"0 0 24 24"[39m
                  [36m>[39m
                    [36m<path[39m
                      [33md[39m=[32m"M14.828 14.828a4 4 0 01-5.656 0M9 10h1m4 0h1m-6 4h.01M21 12a9 9 0 11-18 0 9 9 0 0118 0z"[39m
                      [33mstroke-linecap[39m=[32m"round"[39m
                      [33mstroke-linejoin[39m=[32m"round"[39m
                      [33mstroke-width[39m=[32m"2"[39m
                    [36m/>[39m
                  [36m</svg>[39m
                  [0mStart Job[0m
                [36m</button>[39m
                [36m<button[39m
                  [33maria-label[39m=[32m"Stop job"[39m
                  [33mclass[39m=[32m"inline-flex items-center px-4 py-2 border border-transparent text-sm font-medium rounded-md shadow-sm focus:outline-none focus:ring-2 focus:ring-offset-2 transition-colors bg-gray-300 text-gray-500 cursor-not-allowed"[39m
                  [33mdisabled[39m=[32m""[39m
                [36m>[39m
                  [36m<svg[39m
                    [33mclass[39m=[32m"-ml-1 mr-2 h-4 w-4"[39m
                    [33mfill[39m=[32m"none"[39m
                    [33mstroke[39m=[32m"currentColor"[39m
                    [33mviewBox[39m=[32m"0 0 24 24"[39m
                  [36m>[39m
                    [36m<path[39m
                      [33md[39m=[32m"M21 12a9 9 0 11-18 0 9 9 0 0118 0z M9 10a1 1 0 011-1h4a1 1 0 011 1v4a1 1 0 01-1 1h-4a1 1 0 01-1-1v-4z"[39m
                      [33mstroke-linecap[39m=[32m"round"[39m
                      [33mstroke-linejoin[39m=[32m"round"[39m
                      [33mstroke-width[39m=[32m"2"[39m
                    [36m/>[39m
                  [36m</svg>[39m
                  [0mStop Job[0m
                [36m</button>[39m
                [36m<button[39m
                  [33maria-label[39m=[32m"Refresh data"[39m
                  [33mclass[39m=[32m"inline-flex items-center px-3 py-2 border border-gray-300 text-sm font-medium rounded-md shadow-sm focus:outline-none focus:ring-2 focus:ring-offset-2 transition-colors bg-white hover:bg-gray-50 focus:ring-blue-500 text-gray-700 border-gray-300"[39m
                  [33mtitle[39m=[32m"Refresh job history and statistics"[39m
                [36m>[39m
                  [36m<svg[39m
                    [33mclass[39m=[32m"-ml-1 mr-2 h-4 w-4"[39m
                    [33mfill[39m=[32m"none"[39m
                    [33mstroke[39m=[32m"currentColor"[39m
                    [33mviewBox[39m=[32m"0 0 24 24"[39m
                  [36m>[39m
                    [36m<path[39m
                      [33md[39m=[32m"M3 12a9 9 0 0 1 9-9 9.75 9.75 0 0 1 6.74 2.74L21 8"[39m
                    [36m/>[39m
                    [36m<path[39m
                      [33md[39m=[32m"M21 3v5h-5"[39m
                    [36m/>[39m
                    [36m<path[39m
                      [33md[39m=[32m"M21 12a9 9 0 0 1-9 9 9.75 9.75 0 0 1-6.74-2.74L3 16"[39m
                    [36m/>[39m
                    [36m<path[39m
                      [33md[39m=[32m"M8 16H3v5"[39m
                    [36m/>[39m
                  [36m</svg>[39m
                  [0mRefresh[0m
                [36m</button>[39m
                [36m<div[39m
                  [33mclass[39m=[32m"flex items-center space-x-2"[39m
                [36m>[39m
                  [36m<div[39m
                    [33mclass[39m=[32m"w-2 h-2 rounded-full bg-gray-400"[39m
                  [36m/>[39m
                  [36m<span[39m
                    [33mclass[39m=[32m"text-sm bg-green-100 text-green-800 px-2 py-1 rounded-full"[39m
                  [36m>[39m
                    [0mReady[0m
                  [36m</span>[39m
                [36m</div>[39m
              [36m</div>[39m
              [36m<button[39m
                [33mclass[39m=[32m"inline-flex items-center px-4 py-2 border border-transparent text-sm font-medium rounded-md shadow-sm focus:outline-none focus:ring-2 focus:ring-offset-2 transition-colors bg-red-600 hover:bg-red-700 focus:ring-red-500 text-white disabled:opacity-50 disabled:cursor-not-allowed"[39m
                [33mtitle[39m=[32m"Force stop all processes"[39m
              [36m>[39m
                [36m<svg[39m
                  [33mclass[39m=[32m"-ml-1 mr-2 h-4 w-4"[39m
                  [33mfil...
 ❯ src/renderer/components/Dashboard/__tests__/DashboardPanel.test.tsx:153:39
    151|     
    152|     await waitFor(() => {
    153|       expect(mockElectronAPI.jobStop).toHaveBeenCalled();
       |                                       ^
    154|     });
    155|   });
 ❯ runWithExpensiveErrorDiagnosticsDisabled node_modules/@testing-library/dom/dist/config.js:47:12
 ❯ checkCallback node_modules/@testing-library/dom/dist/wait-for.js:124:77
 ❯ Timeout.checkRealTimersCallback node_modules/@testing-library/dom/dist/wait-for.js:118:16

⎯⎯⎯⎯⎯⎯⎯⎯⎯⎯⎯⎯⎯⎯⎯⎯⎯⎯⎯⎯⎯[94/254]⎯

 FAIL  src/renderer/components/Dashboard/__tests__/DashboardPanel.test.tsx > DashboardPanel > handles force stop action
TestingLibraryElementError: Unable to find an element with the text: Dashboard. This could be because the text is broken up by multiple elements. In this case, you can provide a function for your text matcher to make your matcher more flexible.

Ignored nodes: comments, script, style
[36m<body>[39m
  [36m<div>[39m
    [36m<div[39m
      [33mclass[39m=[32m"dashboard-panel min-h-screen bg-gray-50"[39m
    [36m>[39m
      [36m<div[39m
        [33mclass[39m=[32m"bg-white border-b border-gray-200 py-3 md:py-4 flex items-center px-6 relative"[39m
      [36m>[39m
        [36m<div[39m
          [33mclass[39m=[32m"flex items-center justify-between w-full flex-wrap gap-y-2"[39m
        [36m>[39m
          [36m<div[39m
            [33mclass[39m=[32m"flex items-center space-x-3"[39m
          [36m>[39m
            [36m<div[39m
              [33mclass[39m=[32m"relative"[39m
            [36m>[39m
              [36m<button[39m
                [33maria-label[39m=[32m"Open menu"[39m
                [33mclass[39m=[32m"p-2 rounded-md hover:bg-gray-100 text-gray-700 focus:outline-none focus:ring-2 focus:ring-blue-500"[39m
                [33mtitle[39m=[32m"Menu"[39m
              [36m>[39m
                [36m<svg[39m
                  [33mclass[39m=[32m"w-5 h-5"[39m
                  [33mfill[39m=[32m"none"[39m
                  [33mstroke[39m=[32m"currentColor"[39m
                  [33mviewBox[39m=[32m"0 0 24 24"[39m
                [36m>[39m
                  [36m<path[39m
                    [33md[39m=[32m"M4 6h16M4 12h16M4 18h16"[39m
                    [33mstroke-linecap[39m=[32m"round"[39m
                    [33mstroke-linejoin[39m=[32m"round"[39m
                    [33mstroke-width[39m=[32m"2"[39m
                  [36m/>[39m
                [36m</svg>[39m
              [36m</button>[39m
            [36m</div>[39m
            [36m<div[39m
              [33mclass[39m=[32m"flex items-center space-x-3"[39m
            [36m>[39m
              [36m<button[39m
                [33maria-label[39m=[32m"Start job"[39m
                [33mclass[39m=[32m"inline-flex items-center px-4 py-2 border border-transparent text-sm font-medium rounded-md shadow-sm focus:outline-none focus:ring-2 focus:ring-offset-2 transition-colors bg-blue-600 hover:bg-blue-700 focus:ring-blue-500 text-white"[39m
              [36m>[39m
                [36m<svg[39m
                  [33mclass[39m=[32m"-ml-1 mr-2 h-4 w-4"[39m
                  [33mfill[39m=[32m"none"[39m
                  [33mstroke[39m=[32m"currentColor"[39m
                  [33mviewBox[39m=[32m"0 0 24 24"[39m
                [36m>[39m
                  [36m<path[39m
                    [33md[39m=[32m"M14.828 14.828a4 4 0 01-5.656 0M9 10h1m4 0h1m-6 4h.01M21 12a9 9 0 11-18 0 9 9 0 0118 0z"[39m
                    [33mstroke-linecap[39m=[32m"round"[39m
                    [33mstroke-linejoin[39m=[32m"round"[39m
                    [33mstroke-width[39m=[32m"2"[39m
                  [36m/>[39m
                [36m</svg>[39m
                [0mStart Job[0m
              [36m</button>[39m
              [36m<button[39m
                [33maria-label[39m=[32m"Stop job"[39m
                [33mclass[39m=[32m"inline-flex items-center px-4 py-2 border border-transparent text-sm font-medium rounded-md shadow-sm focus:outline-none focus:ring-2 focus:ring-offset-2 transition-colors bg-gray-300 text-gray-500 cursor-not-allowed"[39m
                [33mdisabled[39m=[32m""[39m
              [36m>[39m
                [36m<svg[39m
                  [33mclass[39m=[32m"-ml-1 mr-2 h-4 w-4"[39m
                  [33mfill[39m=[32m"none"[39m
                  [33mstroke[39m=[32m"currentColor"[39m
                  [33mviewBox[39m=[32m"0 0 24 24"[39m
                [36m>[39m
                  [36m<path[39m
                    [33md[39m=[32m"M21 12a9 9 0 11-18 0 9 9 0 0118 0z M9 10a1 1 0 011-1h4a1 1 0 011 1v4a1 1 0 01-1 1h-4a1 1 0 01-1-1v-4z"[39m
                    [33mstroke-linecap[39m=[32m"round"[39m
                    [33mstroke-linejoin[39m=[32m"round"[39m
                    [33mstroke-width[39m=[32m"2"[39m
                  [36m/>[39m
                [36m</svg>[39m
                [0mStop Job[0m
              [36m</button>[39m
              [36m<button[39m
                [33maria-label[39m=[32m"Refresh data"[39m
                [33mclass[39m=[32m"inline-flex items-center px-3 py-2 border border-gray-300 text-sm font-medium rounded-md shadow-sm focus:outline-none focus:ring-2 focus:ring-offset-2 transition-colors bg-white hover:bg-gray-50 focus:ring-blue-500 text-gray-700 border-gray-300"[39m
                [33mtitle[39m=[32m"Refresh job history and statistics"[39m
              [36m>[39m
                [36m<svg[39m
                  [33mclass[39m=[32m"-ml-1 mr-2 h-4 w-4"[39m
                  [33mfill[39m=[32m"none"[39m
                  [33mstroke[39m=[32m"currentColor"[39m
                  [33mviewBox[39m=[32m"0 0 24 24"[39m
                [36m>[39m
                  [36m<path[39m
                    [33md[39m=[32m"M3 12a9 9 0 0 1 9-9 9.75 9.75 0 0 1 6.74 2.74L21 8"[39m
                  [36m/>[39m
                  [36m<path[39m
                    [33md[39m=[32m"M21 3v5h-5"[39m
                  [36m/>[39m
                  [36m<path[39m
                    [33md[39m=[32m"M21 12a9 9 0 0 1-9 9 9.75 9.75 0 0 1-6.74-2.74L3 16"[39m
                  [36m/>[39m
                  [36m<path[39m
                    [33md[39m=[32m"M8 16H3v5"[39m
                  [36m/>[39m
                [36m</svg>[39m
                [0mRefresh[0m
              [36m</button>[39m
              [36m<div[39m
                [33mclass[39m=[32m"flex items-center space-x-2"[39m
              [36m>[39m
                [36m<div[39m
                  [33mclass[39m=[32m"w-2 h-2 rounded-full bg-gray-400"[39m
                [36m/>[39m
                [36m<span[39m
                  [33mclass[39m=[32m"text-sm bg-green-100 text-green-800 px-2 py-1 rounded-full"[39m
                [36m>[39m
                  [0mReady[0m
                [36m</span>[39m
              [36m</div>[39m
            [36m</div>[39m
            [36m<button[39m
              [33mclass[39m=[32m"inline-flex items-center px-4 py-2 border border-transparent text-sm font-medium rounded-md shadow-sm focus:outline-none focus:ring-2 focus:ring-offset-2 transition-colors bg-red-600 hover:bg-red-700 focus:ring-red-500 text-white disabled:opacity-50 disabled:cursor-not-allowed"[39m
              [33mtitle[39m=[32m"Force stop all processes"[39m
            [36m>[39m
              [36m<svg[39m
                [33mclass[39m=[32m"-ml-1 mr-2 h-4 w-4"[39m
                [33mfill[39m=[32m"none"[39m
                [33mstroke[39m=[32m"currentColor"[39m
                [33mviewBox[39m=[32m"0 0 24 24"[39m
              [36m>[39m
                [36m<path[39m
                  [33md[39m=[32m"M12 9v2m0 4h.01m-6.938 4h13.856c1.54 0 2.502-1.667 1.732...

Ignored nodes: comments, script, style
[36m<html>[39m
  [36m<head />[39m
  [36m<body>[39m
    [36m<div>[39m
      [36m<div[39m
        [33mclass[39m=[32m"dashboard-panel min-h-screen bg-gray-50"[39m
      [36m>[39m
        [36m<div[39m
          [33mclass[39m=[32m"bg-white border-b border-gray-200 py-3 md:py-4 flex items-center px-6 relative"[39m
        [36m>[39m
          [36m<div[39m
            [33mclass[39m=[32m"flex items-center justify-between w-full flex-wrap gap-y-2"[39m
          [36m>[39m
            [36m<div[39m
              [33mclass[39m=[32m"flex items-center space-x-3"[39m
            [36m>[39m
              [36m<div[39m
                [33mclass[39m=[32m"relative"[39m
              [36m>[39m
                [36m<button[39m
                  [33maria-label[39m=[32m"Open menu"[39m
                  [33mclass[39m=[32m"p-2 rounded-md hover:bg-gray-100 text-gray-700 focus:outline-none focus:ring-2 focus:ring-blue-500"[39m
                  [33mtitle[39m=[32m"Menu"[39m
                [36m>[39m
                  [36m<svg[39m
                    [33mclass[39m=[32m"w-5 h-5"[39m
                    [33mfill[39m=[32m"none"[39m
                    [33mstroke[39m=[32m"currentColor"[39m
                    [33mviewBox[39m=[32m"0 0 24 24"[39m
                  [36m>[39m
                    [36m<path[39m
                      [33md[39m=[32m"M4 6h16M4 12h16M4 18h16"[39m
                      [33mstroke-linecap[39m=[32m"round"[39m
                      [33mstroke-linejoin[39m=[32m"round"[39m
                      [33mstroke-width[39m=[32m"2"[39m
                    [36m/>[39m
                  [36m</svg>[39m
                [36m</button>[39m
              [36m</div>[39m
              [36m<div[39m
                [33mclass[39m=[32m"flex items-center space-x-3"[39m
              [36m>[39m
                [36m<button[39m
                  [33maria-label[39m=[32m"Start job"[39m
                  [33mclass[39m=[32m"inline-flex items-center px-4 py-2 border border-transparent text-sm font-medium rounded-md shadow-sm focus:outline-none focus:ring-2 focus:ring-offset-2 transition-colors bg-blue-600 hover:bg-blue-700 focus:ring-blue-500 text-white"[39m
                [36m>[39m
                  [36m<svg[39m
                    [33mclass[39m=[32m"-ml-1 mr-2 h-4 w-4"[39m
                    [33mfill[39m=[32m"none"[39m
                    [33mstroke[39m=[32m"currentColor"[39m
                    [33mviewBox[39m=[32m"0 0 24 24"[39m
                  [36m>[39m
                    [36m<path[39m
                      [33md[39m=[32m"M14.828 14.828a4 4 0 01-5.656 0M9 10h1m4 0h1m-6 4h.01M21 12a9 9 0 11-18 0 9 9 0 0118 0z"[39m
                      [33mstroke-linecap[39m=[32m"round"[39m
                      [33mstroke-linejoin[39m=[32m"round"[39m
                      [33mstroke-width[39m=[32m"2"[39m
                    [36m/>[39m
                  [36m</svg>[39m
                  [0mStart Job[0m
                [36m</button>[39m
                [36m<button[39m
                  [33maria-label[39m=[32m"Stop job"[39m
                  [33mclass[39m=[32m"inline-flex items-center px-4 py-2 border border-transparent text-sm font-medium rounded-md shadow-sm focus:outline-none focus:ring-2 focus:ring-offset-2 transition-colors bg-gray-300 text-gray-500 cursor-not-allowed"[39m
                  [33mdisabled[39m=[32m""[39m
                [36m>[39m
                  [36m<svg[39m
                    [33mclass[39m=[32m"-ml-1 mr-2 h-4 w-4"[39m
                    [33mfill[39m=[32m"none"[39m
                    [33mstroke[39m=[32m"currentColor"[39m
                    [33mviewBox[39m=[32m"0 0 24 24"[39m
                  [36m>[39m
                    [36m<path[39m
                      [33md[39m=[32m"M21 12a9 9 0 11-18 0 9 9 0 0118 0z M9 10a1 1 0 011-1h4a1 1 0 011 1v4a1 1 0 01-1 1h-4a1 1 0 01-1-1v-4z"[39m
                      [33mstroke-linecap[39m=[32m"round"[39m
                      [33mstroke-linejoin[39m=[32m"round"[39m
                      [33mstroke-width[39m=[32m"2"[39m
                    [36m/>[39m
                  [36m</svg>[39m
                  [0mStop Job[0m
                [36m</button>[39m
                [36m<button[39m
                  [33maria-label[39m=[32m"Refresh data"[39m
                  [33mclass[39m=[32m"inline-flex items-center px-3 py-2 border border-gray-300 text-sm font-medium rounded-md shadow-sm focus:outline-none focus:ring-2 focus:ring-offset-2 transition-colors bg-white hover:bg-gray-50 focus:ring-blue-500 text-gray-700 border-gray-300"[39m
                  [33mtitle[39m=[32m"Refresh job history and statistics"[39m
                [36m>[39m
                  [36m<svg[39m
                    [33mclass[39m=[32m"-ml-1 mr-2 h-4 w-4"[39m
                    [33mfill[39m=[32m"none"[39m
                    [33mstroke[39m=[32m"currentColor"[39m
                    [33mviewBox[39m=[32m"0 0 24 24"[39m
                  [36m>[39m
                    [36m<path[39m
                      [33md[39m=[32m"M3 12a9 9 0 0 1 9-9 9.75 9.75 0 0 1 6.74 2.74L21 8"[39m
                    [36m/>[39m
                    [36m<path[39m
                      [33md[39m=[32m"M21 3v5h-5"[39m
                    [36m/>[39m
                    [36m<path[39m
                      [33md[39m=[32m"M21 12a9 9 0 0 1-9 9 9.75 9.75 0 0 1-6.74-2.74L3 16"[39m
                    [36m/>[39m
                    [36m<path[39m
                      [33md[39m=[32m"M8 16H3v5"[39m
                    [36m/>[39m
                  [36m</svg>[39m
                  [0mRefresh[0m
                [36m</button>[39m
                [36m<div[39m
                  [33mclass[39m=[32m"flex items-center space-x-2"[39m
                [36m>[39m
                  [36m<div[39m
                    [33mclass[39m=[32m"w-2 h-2 rounded-full bg-gray-400"[39m
                  [36m/>[39m
                  [36m<span[39m
                    [33mclass[39m=[32m"text-sm bg-green-100 text-green-800 px-2 py-1 rounded-full"[39m
                  [36m>[39m
                    [0mReady[0m
                  [36m</span>[39m
                [36m</div>[39m
              [36m</div>[39m
              [36m<button[39m
                [33mclass[39m=[32m"inline-flex items-center px-4 py-2 border border-transparent text-sm font-medium rounded-md shadow-sm focus:outline-none focus:ring-2 focus:ring-offset-2 transition-colors bg-red-600 hover:bg-red-700 focus:ring-red-500 text-white disabled:opacity-50 disabled:cursor-not-allowed"[39m
                [33mtitle[39m=[32m"Force stop all processes"[39m
              [36m>[39m
                [36m<svg[39m
                  [33mclass[39m=[32m"-ml-1 mr-2 h-4 w-4"[39m
                  [33mfil...
 ❯ waitForWrapper node_modules/@testing-library/dom/dist/wait-for.js:163:27
 ❯ src/renderer/components/Dashboard/__tests__/DashboardPanel.test.tsx:163:11
    161|     
    162|     // Wait for component to load initial data
    163|     await waitFor(() => {
       |           ^
    164|       expect(screen.getByText('Dashboard')).toBeInTheDocument();
    165|     });

⎯⎯⎯⎯⎯⎯⎯⎯⎯⎯⎯⎯⎯⎯⎯⎯⎯⎯⎯⎯⎯[95/254]⎯

 FAIL  src/renderer/components/Dashboard/__tests__/DashboardPanel.test.tsx > DashboardPanel > displays job history
TestingLibraryElementError: Unable to find an element with the text: Test Job 1. This could be because the text is broken up by multiple elements. In this case, you can provide a function for your text matcher to make your matcher more flexible.

Ignored nodes: comments, script, style
[36m<body>[39m
  [36m<div>[39m
    [36m<div[39m
      [33mclass[39m=[32m"dashboard-panel min-h-screen bg-gray-50"[39m
    [36m>[39m
      [36m<div[39m
        [33mclass[39m=[32m"bg-white border-b border-gray-200 py-3 md:py-4 flex items-center px-6 relative"[39m
      [36m>[39m
        [36m<div[39m
          [33mclass[39m=[32m"flex items-center justify-between w-full flex-wrap gap-y-2"[39m
        [36m>[39m
          [36m<div[39m
            [33mclass[39m=[32m"flex items-center space-x-3"[39m
          [36m>[39m
            [36m<div[39m
              [33mclass[39m=[32m"relative"[39m
            [36m>[39m
              [36m<button[39m
                [33maria-label[39m=[32m"Open menu"[39m
                [33mclass[39m=[32m"p-2 rounded-md hover:bg-gray-100 text-gray-700 focus:outline-none focus:ring-2 focus:ring-blue-500"[39m
                [33mtitle[39m=[32m"Menu"[39m
              [36m>[39m
                [36m<svg[39m
                  [33mclass[39m=[32m"w-5 h-5"[39m
                  [33mfill[39m=[32m"none"[39m
                  [33mstroke[39m=[32m"currentColor"[39m
                  [33mviewBox[39m=[32m"0 0 24 24"[39m
                [36m>[39m
                  [36m<path[39m
                    [33md[39m=[32m"M4 6h16M4 12h16M4 18h16"[39m
                    [33mstroke-linecap[39m=[32m"round"[39m
                    [33mstroke-linejoin[39m=[32m"round"[39m
                    [33mstroke-width[39m=[32m"2"[39m
                  [36m/>[39m
                [36m</svg>[39m
              [36m</button>[39m
            [36m</div>[39m
            [36m<div[39m
              [33mclass[39m=[32m"flex items-center space-x-3"[39m
            [36m>[39m
              [36m<button[39m
                [33maria-label[39m=[32m"Start job"[39m
                [33mclass[39m=[32m"inline-flex items-center px-4 py-2 border border-transparent text-sm font-medium rounded-md shadow-sm focus:outline-none focus:ring-2 focus:ring-offset-2 transition-colors bg-blue-600 hover:bg-blue-700 focus:ring-blue-500 text-white"[39m
              [36m>[39m
                [36m<svg[39m
                  [33mclass[39m=[32m"-ml-1 mr-2 h-4 w-4"[39m
                  [33mfill[39m=[32m"none"[39m
                  [33mstroke[39m=[32m"currentColor"[39m
                  [33mviewBox[39m=[32m"0 0 24 24"[39m
                [36m>[39m
                  [36m<path[39m
                    [33md[39m=[32m"M14.828 14.828a4 4 0 01-5.656 0M9 10h1m4 0h1m-6 4h.01M21 12a9 9 0 11-18 0 9 9 0 0118 0z"[39m
                    [33mstroke-linecap[39m=[32m"round"[39m
                    [33mstroke-linejoin[39m=[32m"round"[39m
                    [33mstroke-width[39m=[32m"2"[39m
                  [36m/>[39m
                [36m</svg>[39m
                [0mStart Job[0m
              [36m</button>[39m
              [36m<button[39m
                [33maria-label[39m=[32m"Stop job"[39m
                [33mclass[39m=[32m"inline-flex items-center px-4 py-2 border border-transparent text-sm font-medium rounded-md shadow-sm focus:outline-none focus:ring-2 focus:ring-offset-2 transition-colors bg-gray-300 text-gray-500 cursor-not-allowed"[39m
                [33mdisabled[39m=[32m""[39m
              [36m>[39m
                [36m<svg[39m
                  [33mclass[39m=[32m"-ml-1 mr-2 h-4 w-4"[39m
                  [33mfill[39m=[32m"none"[39m
                  [33mstroke[39m=[32m"currentColor"[39m
                  [33mviewBox[39m=[32m"0 0 24 24"[39m
                [36m>[39m
                  [36m<path[39m
                    [33md[39m=[32m"M21 12a9 9 0 11-18 0 9 9 0 0118 0z M9 10a1 1 0 011-1h4a1 1 0 011 1v4a1 1 0 01-1 1h-4a1 1 0 01-1-1v-4z"[39m
                    [33mstroke-linecap[39m=[32m"round"[39m
                    [33mstroke-linejoin[39m=[32m"round"[39m
                    [33mstroke-width[39m=[32m"2"[39m
                  [36m/>[39m
                [36m</svg>[39m
                [0mStop Job[0m
              [36m</button>[39m
              [36m<button[39m
                [33maria-label[39m=[32m"Refresh data"[39m
                [33mclass[39m=[32m"inline-flex items-center px-3 py-2 border border-gray-300 text-sm font-medium rounded-md shadow-sm focus:outline-none focus:ring-2 focus:ring-offset-2 transition-colors bg-white hover:bg-gray-50 focus:ring-blue-500 text-gray-700 border-gray-300"[39m
                [33mtitle[39m=[32m"Refresh job history and statistics"[39m
              [36m>[39m
                [36m<svg[39m
                  [33mclass[39m=[32m"-ml-1 mr-2 h-4 w-4"[39m
                  [33mfill[39m=[32m"none"[39m
                  [33mstroke[39m=[32m"currentColor"[39m
                  [33mviewBox[39m=[32m"0 0 24 24"[39m
                [36m>[39m
                  [36m<path[39m
                    [33md[39m=[32m"M3 12a9 9 0 0 1 9-9 9.75 9.75 0 0 1 6.74 2.74L21 8"[39m
                  [36m/>[39m
                  [36m<path[39m
                    [33md[39m=[32m"M21 3v5h-5"[39m
                  [36m/>[39m
                  [36m<path[39m
                    [33md[39m=[32m"M21 12a9 9 0 0 1-9 9 9.75 9.75 0 0 1-6.74-2.74L3 16"[39m
                  [36m/>[39m
                  [36m<path[39m
                    [33md[39m=[32m"M8 16H3v5"[39m
                  [36m/>[39m
                [36m</svg>[39m
                [0mRefresh[0m
              [36m</button>[39m
              [36m<div[39m
                [33mclass[39m=[32m"flex items-center space-x-2"[39m
              [36m>[39m
                [36m<div[39m
                  [33mclass[39m=[32m"w-2 h-2 rounded-full bg-gray-400"[39m
                [36m/>[39m
                [36m<span[39m
                  [33mclass[39m=[32m"text-sm bg-green-100 text-green-800 px-2 py-1 rounded-full"[39m
                [36m>[39m
                  [0mReady[0m
                [36m</span>[39m
              [36m</div>[39m
            [36m</div>[39m
            [36m<button[39m
              [33mclass[39m=[32m"inline-flex items-center px-4 py-2 border border-transparent text-sm font-medium rounded-md shadow-sm focus:outline-none focus:ring-2 focus:ring-offset-2 transition-colors bg-red-600 hover:bg-red-700 focus:ring-red-500 text-white disabled:opacity-50 disabled:cursor-not-allowed"[39m
              [33mtitle[39m=[32m"Force stop all processes"[39m
            [36m>[39m
              [36m<svg[39m
                [33mclass[39m=[32m"-ml-1 mr-2 h-4 w-4"[39m
                [33mfill[39m=[32m"none"[39m
                [33mstroke[39m=[32m"currentColor"[39m
                [33mviewBox[39m=[32m"0 0 24 24"[39m
              [36m>[39m
                [36m<path[39m
                  [33md[39m=[32m"M12 9v2m0 4h.01m-6.938 4h13.856c1.54 0 2.502-1.667 1.732...

Ignored nodes: comments, script, style
[36m<html>[39m
  [36m<head />[39m
  [36m<body>[39m
    [36m<div>[39m
      [36m<div[39m
        [33mclass[39m=[32m"dashboard-panel min-h-screen bg-gray-50"[39m
      [36m>[39m
        [36m<div[39m
          [33mclass[39m=[32m"bg-white border-b border-gray-200 py-3 md:py-4 flex items-center px-6 relative"[39m
        [36m>[39m
          [36m<div[39m
            [33mclass[39m=[32m"flex items-center justify-between w-full flex-wrap gap-y-2"[39m
          [36m>[39m
            [36m<div[39m
              [33mclass[39m=[32m"flex items-center space-x-3"[39m
            [36m>[39m
              [36m<div[39m
                [33mclass[39m=[32m"relative"[39m
              [36m>[39m
                [36m<button[39m
                  [33maria-label[39m=[32m"Open menu"[39m
                  [33mclass[39m=[32m"p-2 rounded-md hover:bg-gray-100 text-gray-700 focus:outline-none focus:ring-2 focus:ring-blue-500"[39m
                  [33mtitle[39m=[32m"Menu"[39m
                [36m>[39m
                  [36m<svg[39m
                    [33mclass[39m=[32m"w-5 h-5"[39m
                    [33mfill[39m=[32m"none"[39m
                    [33mstroke[39m=[32m"currentColor"[39m
                    [33mviewBox[39m=[32m"0 0 24 24"[39m
                  [36m>[39m
                    [36m<path[39m
                      [33md[39m=[32m"M4 6h16M4 12h16M4 18h16"[39m
                      [33mstroke-linecap[39m=[32m"round"[39m
                      [33mstroke-linejoin[39m=[32m"round"[39m
                      [33mstroke-width[39m=[32m"2"[39m
                    [36m/>[39m
                  [36m</svg>[39m
                [36m</button>[39m
              [36m</div>[39m
              [36m<div[39m
                [33mclass[39m=[32m"flex items-center space-x-3"[39m
              [36m>[39m
                [36m<button[39m
                  [33maria-label[39m=[32m"Start job"[39m
                  [33mclass[39m=[32m"inline-flex items-center px-4 py-2 border border-transparent text-sm font-medium rounded-md shadow-sm focus:outline-none focus:ring-2 focus:ring-offset-2 transition-colors bg-blue-600 hover:bg-blue-700 focus:ring-blue-500 text-white"[39m
                [36m>[39m
                  [36m<svg[39m
                    [33mclass[39m=[32m"-ml-1 mr-2 h-4 w-4"[39m
                    [33mfill[39m=[32m"none"[39m
                    [33mstroke[39m=[32m"currentColor"[39m
                    [33mviewBox[39m=[32m"0 0 24 24"[39m
                  [36m>[39m
                    [36m<path[39m
                      [33md[39m=[32m"M14.828 14.828a4 4 0 01-5.656 0M9 10h1m4 0h1m-6 4h.01M21 12a9 9 0 11-18 0 9 9 0 0118 0z"[39m
                      [33mstroke-linecap[39m=[32m"round"[39m
                      [33mstroke-linejoin[39m=[32m"round"[39m
                      [33mstroke-width[39m=[32m"2"[39m
                    [36m/>[39m
                  [36m</svg>[39m
                  [0mStart Job[0m
                [36m</button>[39m
                [36m<button[39m
                  [33maria-label[39m=[32m"Stop job"[39m
                  [33mclass[39m=[32m"inline-flex items-center px-4 py-2 border border-transparent text-sm font-medium rounded-md shadow-sm focus:outline-none focus:ring-2 focus:ring-offset-2 transition-colors bg-gray-300 text-gray-500 cursor-not-allowed"[39m
                  [33mdisabled[39m=[32m""[39m
                [36m>[39m
                  [36m<svg[39m
                    [33mclass[39m=[32m"-ml-1 mr-2 h-4 w-4"[39m
                    [33mfill[39m=[32m"none"[39m
                    [33mstroke[39m=[32m"currentColor"[39m
                    [33mviewBox[39m=[32m"0 0 24 24"[39m
                  [36m>[39m
                    [36m<path[39m
                      [33md[39m=[32m"M21 12a9 9 0 11-18 0 9 9 0 0118 0z M9 10a1 1 0 011-1h4a1 1 0 011 1v4a1 1 0 01-1 1h-4a1 1 0 01-1-1v-4z"[39m
                      [33mstroke-linecap[39m=[32m"round"[39m
                      [33mstroke-linejoin[39m=[32m"round"[39m
                      [33mstroke-width[39m=[32m"2"[39m
                    [36m/>[39m
                  [36m</svg>[39m
                  [0mStop Job[0m
                [36m</button>[39m
                [36m<button[39m
                  [33maria-label[39m=[32m"Refresh data"[39m
                  [33mclass[39m=[32m"inline-flex items-center px-3 py-2 border border-gray-300 text-sm font-medium rounded-md shadow-sm focus:outline-none focus:ring-2 focus:ring-offset-2 transition-colors bg-white hover:bg-gray-50 focus:ring-blue-500 text-gray-700 border-gray-300"[39m
                  [33mtitle[39m=[32m"Refresh job history and statistics"[39m
                [36m>[39m
                  [36m<svg[39m
                    [33mclass[39m=[32m"-ml-1 mr-2 h-4 w-4"[39m
                    [33mfill[39m=[32m"none"[39m
                    [33mstroke[39m=[32m"currentColor"[39m
                    [33mviewBox[39m=[32m"0 0 24 24"[39m
                  [36m>[39m
                    [36m<path[39m
                      [33md[39m=[32m"M3 12a9 9 0 0 1 9-9 9.75 9.75 0 0 1 6.74 2.74L21 8"[39m
                    [36m/>[39m
                    [36m<path[39m
                      [33md[39m=[32m"M21 3v5h-5"[39m
                    [36m/>[39m
                    [36m<path[39m
                      [33md[39m=[32m"M21 12a9 9 0 0 1-9 9 9.75 9.75 0 0 1-6.74-2.74L3 16"[39m
                    [36m/>[39m
                    [36m<path[39m
                      [33md[39m=[32m"M8 16H3v5"[39m
                    [36m/>[39m
                  [36m</svg>[39m
                  [0mRefresh[0m
                [36m</button>[39m
                [36m<div[39m
                  [33mclass[39m=[32m"flex items-center space-x-2"[39m
                [36m>[39m
                  [36m<div[39m
                    [33mclass[39m=[32m"w-2 h-2 rounded-full bg-gray-400"[39m
                  [36m/>[39m
                  [36m<span[39m
                    [33mclass[39m=[32m"text-sm bg-green-100 text-green-800 px-2 py-1 rounded-full"[39m
                  [36m>[39m
                    [0mReady[0m
                  [36m</span>[39m
                [36m</div>[39m
              [36m</div>[39m
              [36m<button[39m
                [33mclass[39m=[32m"inline-flex items-center px-4 py-2 border border-transparent text-sm font-medium rounded-md shadow-sm focus:outline-none focus:ring-2 focus:ring-offset-2 transition-colors bg-red-600 hover:bg-red-700 focus:ring-red-500 text-white disabled:opacity-50 disabled:cursor-not-allowed"[39m
                [33mtitle[39m=[32m"Force stop all processes"[39m
              [36m>[39m
                [36m<svg[39m
                  [33mclass[39m=[32m"-ml-1 mr-2 h-4 w-4"[39m
                  [33mfil...
 ❯ waitForWrapper node_modules/@testing-library/dom/dist/wait-for.js:163:27
 ❯ src/renderer/components/Dashboard/__tests__/DashboardPanel.test.tsx:206:11
    204|     render(<DashboardPanel />);
    205|     
    206|     await waitFor(() => {
       |           ^
    207|       expect(screen.getByText('Test Job 1')).toBeInTheDocument();
    208|       expect(screen.getByText('completed')).toBeInTheDocument();

⎯⎯⎯⎯⎯⎯⎯⎯⎯⎯⎯⎯⎯⎯⎯⎯⎯⎯⎯⎯⎯[96/254]⎯

 FAIL  src/renderer/components/Dashboard/__tests__/DashboardPanel.test.tsx > DashboardPanel > displays statistics
TestingLibraryElementError: Unable to find an element with the text: 10. This could be because the text is broken up by multiple elements. In this case, you can provide a function for your text matcher to make your matcher more flexible.

Ignored nodes: comments, script, style
[36m<body>[39m
  [36m<div>[39m
    [36m<div[39m
      [33mclass[39m=[32m"dashboard-panel min-h-screen bg-gray-50"[39m
    [36m>[39m
      [36m<div[39m
        [33mclass[39m=[32m"bg-white border-b border-gray-200 py-3 md:py-4 flex items-center px-6 relative"[39m
      [36m>[39m
        [36m<div[39m
          [33mclass[39m=[32m"flex items-center justify-between w-full flex-wrap gap-y-2"[39m
        [36m>[39m
          [36m<div[39m
            [33mclass[39m=[32m"flex items-center space-x-3"[39m
          [36m>[39m
            [36m<div[39m
              [33mclass[39m=[32m"relative"[39m
            [36m>[39m
              [36m<button[39m
                [33maria-label[39m=[32m"Open menu"[39m
                [33mclass[39m=[32m"p-2 rounded-md hover:bg-gray-100 text-gray-700 focus:outline-none focus:ring-2 focus:ring-blue-500"[39m
                [33mtitle[39m=[32m"Menu"[39m
              [36m>[39m
                [36m<svg[39m
                  [33mclass[39m=[32m"w-5 h-5"[39m
                  [33mfill[39m=[32m"none"[39m
                  [33mstroke[39m=[32m"currentColor"[39m
                  [33mviewBox[39m=[32m"0 0 24 24"[39m
                [36m>[39m
                  [36m<path[39m
                    [33md[39m=[32m"M4 6h16M4 12h16M4 18h16"[39m
                    [33mstroke-linecap[39m=[32m"round"[39m
                    [33mstroke-linejoin[39m=[32m"round"[39m
                    [33mstroke-width[39m=[32m"2"[39m
                  [36m/>[39m
                [36m</svg>[39m
              [36m</button>[39m
            [36m</div>[39m
            [36m<div[39m
              [33mclass[39m=[32m"flex items-center space-x-3"[39m
            [36m>[39m
              [36m<button[39m
                [33maria-label[39m=[32m"Start job"[39m
                [33mclass[39m=[32m"inline-flex items-center px-4 py-2 border border-transparent text-sm font-medium rounded-md shadow-sm focus:outline-none focus:ring-2 focus:ring-offset-2 transition-colors bg-blue-600 hover:bg-blue-700 focus:ring-blue-500 text-white"[39m
              [36m>[39m
                [36m<svg[39m
                  [33mclass[39m=[32m"-ml-1 mr-2 h-4 w-4"[39m
                  [33mfill[39m=[32m"none"[39m
                  [33mstroke[39m=[32m"currentColor"[39m
                  [33mviewBox[39m=[32m"0 0 24 24"[39m
                [36m>[39m
                  [36m<path[39m
                    [33md[39m=[32m"M14.828 14.828a4 4 0 01-5.656 0M9 10h1m4 0h1m-6 4h.01M21 12a9 9 0 11-18 0 9 9 0 0118 0z"[39m
                    [33mstroke-linecap[39m=[32m"round"[39m
                    [33mstroke-linejoin[39m=[32m"round"[39m
                    [33mstroke-width[39m=[32m"2"[39m
                  [36m/>[39m
                [36m</svg>[39m
                [0mStart Job[0m
              [36m</button>[39m
              [36m<button[39m
                [33maria-label[39m=[32m"Stop job"[39m
                [33mclass[39m=[32m"inline-flex items-center px-4 py-2 border border-transparent text-sm font-medium rounded-md shadow-sm focus:outline-none focus:ring-2 focus:ring-offset-2 transition-colors bg-gray-300 text-gray-500 cursor-not-allowed"[39m
                [33mdisabled[39m=[32m""[39m
              [36m>[39m
                [36m<svg[39m
                  [33mclass[39m=[32m"-ml-1 mr-2 h-4 w-4"[39m
                  [33mfill[39m=[32m"none"[39m
                  [33mstroke[39m=[32m"currentColor"[39m
                  [33mviewBox[39m=[32m"0 0 24 24"[39m
                [36m>[39m
                  [36m<path[39m
                    [33md[39m=[32m"M21 12a9 9 0 11-18 0 9 9 0 0118 0z M9 10a1 1 0 011-1h4a1 1 0 011 1v4a1 1 0 01-1 1h-4a1 1 0 01-1-1v-4z"[39m
                    [33mstroke-linecap[39m=[32m"round"[39m
                    [33mstroke-linejoin[39m=[32m"round"[39m
                    [33mstroke-width[39m=[32m"2"[39m
                  [36m/>[39m
                [36m</svg>[39m
                [0mStop Job[0m
              [36m</button>[39m
              [36m<button[39m
                [33maria-label[39m=[32m"Refresh data"[39m
                [33mclass[39m=[32m"inline-flex items-center px-3 py-2 border border-gray-300 text-sm font-medium rounded-md shadow-sm focus:outline-none focus:ring-2 focus:ring-offset-2 transition-colors bg-white hover:bg-gray-50 focus:ring-blue-500 text-gray-700 border-gray-300"[39m
                [33mtitle[39m=[32m"Refresh job history and statistics"[39m
              [36m>[39m
                [36m<svg[39m
                  [33mclass[39m=[32m"-ml-1 mr-2 h-4 w-4"[39m
                  [33mfill[39m=[32m"none"[39m
                  [33mstroke[39m=[32m"currentColor"[39m
                  [33mviewBox[39m=[32m"0 0 24 24"[39m
                [36m>[39m
                  [36m<path[39m
                    [33md[39m=[32m"M3 12a9 9 0 0 1 9-9 9.75 9.75 0 0 1 6.74 2.74L21 8"[39m
                  [36m/>[39m
                  [36m<path[39m
                    [33md[39m=[32m"M21 3v5h-5"[39m
                  [36m/>[39m
                  [36m<path[39m
                    [33md[39m=[32m"M21 12a9 9 0 0 1-9 9 9.75 9.75 0 0 1-6.74-2.74L3 16"[39m
                  [36m/>[39m
                  [36m<path[39m
                    [33md[39m=[32m"M8 16H3v5"[39m
                  [36m/>[39m
                [36m</svg>[39m
                [0mRefresh[0m
              [36m</button>[39m
              [36m<div[39m
                [33mclass[39m=[32m"flex items-center space-x-2"[39m
              [36m>[39m
                [36m<div[39m
                  [33mclass[39m=[32m"w-2 h-2 rounded-full bg-gray-400"[39m
                [36m/>[39m
                [36m<span[39m
                  [33mclass[39m=[32m"text-sm bg-green-100 text-green-800 px-2 py-1 rounded-full"[39m
                [36m>[39m
                  [0mReady[0m
                [36m</span>[39m
              [36m</div>[39m
            [36m</div>[39m
            [36m<button[39m
              [33mclass[39m=[32m"inline-flex items-center px-4 py-2 border border-transparent text-sm font-medium rounded-md shadow-sm focus:outline-none focus:ring-2 focus:ring-offset-2 transition-colors bg-red-600 hover:bg-red-700 focus:ring-red-500 text-white disabled:opacity-50 disabled:cursor-not-allowed"[39m
              [33mtitle[39m=[32m"Force stop all processes"[39m
            [36m>[39m
              [36m<svg[39m
                [33mclass[39m=[32m"-ml-1 mr-2 h-4 w-4"[39m
                [33mfill[39m=[32m"none"[39m
                [33mstroke[39m=[32m"currentColor"[39m
                [33mviewBox[39m=[32m"0 0 24 24"[39m
              [36m>[39m
                [36m<path[39m
                  [33md[39m=[32m"M12 9v2m0 4h.01m-6.938 4h13.856c1.54 0 2.502-1.667 1.732...

Ignored nodes: comments, script, style
[36m<html>[39m
  [36m<head />[39m
  [36m<body>[39m
    [36m<div>[39m
      [36m<div[39m
        [33mclass[39m=[32m"dashboard-panel min-h-screen bg-gray-50"[39m
      [36m>[39m
        [36m<div[39m
          [33mclass[39m=[32m"bg-white border-b border-gray-200 py-3 md:py-4 flex items-center px-6 relative"[39m
        [36m>[39m
          [36m<div[39m
            [33mclass[39m=[32m"flex items-center justify-between w-full flex-wrap gap-y-2"[39m
          [36m>[39m
            [36m<div[39m
              [33mclass[39m=[32m"flex items-center space-x-3"[39m
            [36m>[39m
              [36m<div[39m
                [33mclass[39m=[32m"relative"[39m
              [36m>[39m
                [36m<button[39m
                  [33maria-label[39m=[32m"Open menu"[39m
                  [33mclass[39m=[32m"p-2 rounded-md hover:bg-gray-100 text-gray-700 focus:outline-none focus:ring-2 focus:ring-blue-500"[39m
                  [33mtitle[39m=[32m"Menu"[39m
                [36m>[39m
                  [36m<svg[39m
                    [33mclass[39m=[32m"w-5 h-5"[39m
                    [33mfill[39m=[32m"none"[39m
                    [33mstroke[39m=[32m"currentColor"[39m
                    [33mviewBox[39m=[32m"0 0 24 24"[39m
                  [36m>[39m
                    [36m<path[39m
                      [33md[39m=[32m"M4 6h16M4 12h16M4 18h16"[39m
                      [33mstroke-linecap[39m=[32m"round"[39m
                      [33mstroke-linejoin[39m=[32m"round"[39m
                      [33mstroke-width[39m=[32m"2"[39m
                    [36m/>[39m
                  [36m</svg>[39m
                [36m</button>[39m
              [36m</div>[39m
              [36m<div[39m
                [33mclass[39m=[32m"flex items-center space-x-3"[39m
              [36m>[39m
                [36m<button[39m
                  [33maria-label[39m=[32m"Start job"[39m
                  [33mclass[39m=[32m"inline-flex items-center px-4 py-2 border border-transparent text-sm font-medium rounded-md shadow-sm focus:outline-none focus:ring-2 focus:ring-offset-2 transition-colors bg-blue-600 hover:bg-blue-700 focus:ring-blue-500 text-white"[39m
                [36m>[39m
                  [36m<svg[39m
                    [33mclass[39m=[32m"-ml-1 mr-2 h-4 w-4"[39m
                    [33mfill[39m=[32m"none"[39m
                    [33mstroke[39m=[32m"currentColor"[39m
                    [33mviewBox[39m=[32m"0 0 24 24"[39m
                  [36m>[39m
                    [36m<path[39m
                      [33md[39m=[32m"M14.828 14.828a4 4 0 01-5.656 0M9 10h1m4 0h1m-6 4h.01M21 12a9 9 0 11-18 0 9 9 0 0118 0z"[39m
                      [33mstroke-linecap[39m=[32m"round"[39m
                      [33mstroke-linejoin[39m=[32m"round"[39m
                      [33mstroke-width[39m=[32m"2"[39m
                    [36m/>[39m
                  [36m</svg>[39m
                  [0mStart Job[0m
                [36m</button>[39m
                [36m<button[39m
                  [33maria-label[39m=[32m"Stop job"[39m
                  [33mclass[39m=[32m"inline-flex items-center px-4 py-2 border border-transparent text-sm font-medium rounded-md shadow-sm focus:outline-none focus:ring-2 focus:ring-offset-2 transition-colors bg-gray-300 text-gray-500 cursor-not-allowed"[39m
                  [33mdisabled[39m=[32m""[39m
                [36m>[39m
                  [36m<svg[39m
                    [33mclass[39m=[32m"-ml-1 mr-2 h-4 w-4"[39m
                    [33mfill[39m=[32m"none"[39m
                    [33mstroke[39m=[32m"currentColor"[39m
                    [33mviewBox[39m=[32m"0 0 24 24"[39m
                  [36m>[39m
                    [36m<path[39m
                      [33md[39m=[32m"M21 12a9 9 0 11-18 0 9 9 0 0118 0z M9 10a1 1 0 011-1h4a1 1 0 011 1v4a1 1 0 01-1 1h-4a1 1 0 01-1-1v-4z"[39m
                      [33mstroke-linecap[39m=[32m"round"[39m
                      [33mstroke-linejoin[39m=[32m"round"[39m
                      [33mstroke-width[39m=[32m"2"[39m
                    [36m/>[39m
                  [36m</svg>[39m
                  [0mStop Job[0m
                [36m</button>[39m
                [36m<button[39m
                  [33maria-label[39m=[32m"Refresh data"[39m
                  [33mclass[39m=[32m"inline-flex items-center px-3 py-2 border border-gray-300 text-sm font-medium rounded-md shadow-sm focus:outline-none focus:ring-2 focus:ring-offset-2 transition-colors bg-white hover:bg-gray-50 focus:ring-blue-500 text-gray-700 border-gray-300"[39m
                  [33mtitle[39m=[32m"Refresh job history and statistics"[39m
                [36m>[39m
                  [36m<svg[39m
                    [33mclass[39m=[32m"-ml-1 mr-2 h-4 w-4"[39m
                    [33mfill[39m=[32m"none"[39m
                    [33mstroke[39m=[32m"currentColor"[39m
                    [33mviewBox[39m=[32m"0 0 24 24"[39m
                  [36m>[39m
                    [36m<path[39m
                      [33md[39m=[32m"M3 12a9 9 0 0 1 9-9 9.75 9.75 0 0 1 6.74 2.74L21 8"[39m
                    [36m/>[39m
                    [36m<path[39m
                      [33md[39m=[32m"M21 3v5h-5"[39m
                    [36m/>[39m
                    [36m<path[39m
                      [33md[39m=[32m"M21 12a9 9 0 0 1-9 9 9.75 9.75 0 0 1-6.74-2.74L3 16"[39m
                    [36m/>[39m
                    [36m<path[39m
                      [33md[39m=[32m"M8 16H3v5"[39m
                    [36m/>[39m
                  [36m</svg>[39m
                  [0mRefresh[0m
                [36m</button>[39m
                [36m<div[39m
                  [33mclass[39m=[32m"flex items-center space-x-2"[39m
                [36m>[39m
                  [36m<div[39m
                    [33mclass[39m=[32m"w-2 h-2 rounded-full bg-gray-400"[39m
                  [36m/>[39m
                  [36m<span[39m
                    [33mclass[39m=[32m"text-sm bg-green-100 text-green-800 px-2 py-1 rounded-full"[39m
                  [36m>[39m
                    [0mReady[0m
                  [36m</span>[39m
                [36m</div>[39m
              [36m</div>[39m
              [36m<button[39m
                [33mclass[39m=[32m"inline-flex items-center px-4 py-2 border border-transparent text-sm font-medium rounded-md shadow-sm focus:outline-none focus:ring-2 focus:ring-offset-2 transition-colors bg-red-600 hover:bg-red-700 focus:ring-red-500 text-white disabled:opacity-50 disabled:cursor-not-allowed"[39m
                [33mtitle[39m=[32m"Force stop all processes"[39m
              [36m>[39m
                [36m<svg[39m
                  [33mclass[39m=[32m"-ml-1 mr-2 h-4 w-4"[39m
                  [33mfil...
 ❯ waitForWrapper node_modules/@testing-library/dom/dist/wait-for.js:163:27
 ❯ src/renderer/components/Dashboard/__tests__/DashboardPanel.test.tsx:226:11
    224|     render(<DashboardPanel />);
    225|     
    226|     await waitFor(() => {
       |           ^
    227|       expect(screen.getByText('10')).toBeInTheDocument(); // Total Jobs
    228|       expect(screen.getByText('80%')).toBeInTheDocument(); // Success …

⎯⎯⎯⎯⎯⎯⎯⎯⎯⎯⎯⎯⎯⎯⎯⎯⎯⎯⎯⎯⎯[97/254]⎯

 FAIL  src/renderer/components/Dashboard/__tests__/DashboardPanel.test.tsx > DashboardPanel > displays generated images
TestingLibraryElementError: Unable to find an element with the text: test-image-1.png. This could be because the text is broken up by multiple elements. In this case, you can provide a function for your text matcher to make your matcher more flexible.

Ignored nodes: comments, script, style
[36m<body>[39m
  [36m<div>[39m
    [36m<div[39m
      [33mclass[39m=[32m"dashboard-panel min-h-screen bg-gray-50"[39m
    [36m>[39m
      [36m<div[39m
        [33mclass[39m=[32m"bg-white border-b border-gray-200 py-3 md:py-4 flex items-center px-6 relative"[39m
      [36m>[39m
        [36m<div[39m
          [33mclass[39m=[32m"flex items-center justify-between w-full flex-wrap gap-y-2"[39m
        [36m>[39m
          [36m<div[39m
            [33mclass[39m=[32m"flex items-center space-x-3"[39m
          [36m>[39m
            [36m<div[39m
              [33mclass[39m=[32m"relative"[39m
            [36m>[39m
              [36m<button[39m
                [33maria-label[39m=[32m"Open menu"[39m
                [33mclass[39m=[32m"p-2 rounded-md hover:bg-gray-100 text-gray-700 focus:outline-none focus:ring-2 focus:ring-blue-500"[39m
                [33mtitle[39m=[32m"Menu"[39m
              [36m>[39m
                [36m<svg[39m
                  [33mclass[39m=[32m"w-5 h-5"[39m
                  [33mfill[39m=[32m"none"[39m
                  [33mstroke[39m=[32m"currentColor"[39m
                  [33mviewBox[39m=[32m"0 0 24 24"[39m
                [36m>[39m
                  [36m<path[39m
                    [33md[39m=[32m"M4 6h16M4 12h16M4 18h16"[39m
                    [33mstroke-linecap[39m=[32m"round"[39m
                    [33mstroke-linejoin[39m=[32m"round"[39m
                    [33mstroke-width[39m=[32m"2"[39m
                  [36m/>[39m
                [36m</svg>[39m
              [36m</button>[39m
            [36m</div>[39m
            [36m<div[39m
              [33mclass[39m=[32m"flex items-center space-x-3"[39m
            [36m>[39m
              [36m<button[39m
                [33maria-label[39m=[32m"Start job"[39m
                [33mclass[39m=[32m"inline-flex items-center px-4 py-2 border border-transparent text-sm font-medium rounded-md shadow-sm focus:outline-none focus:ring-2 focus:ring-offset-2 transition-colors bg-blue-600 hover:bg-blue-700 focus:ring-blue-500 text-white"[39m
              [36m>[39m
                [36m<svg[39m
                  [33mclass[39m=[32m"-ml-1 mr-2 h-4 w-4"[39m
                  [33mfill[39m=[32m"none"[39m
                  [33mstroke[39m=[32m"currentColor"[39m
                  [33mviewBox[39m=[32m"0 0 24 24"[39m
                [36m>[39m
                  [36m<path[39m
                    [33md[39m=[32m"M14.828 14.828a4 4 0 01-5.656 0M9 10h1m4 0h1m-6 4h.01M21 12a9 9 0 11-18 0 9 9 0 0118 0z"[39m
                    [33mstroke-linecap[39m=[32m"round"[39m
                    [33mstroke-linejoin[39m=[32m"round"[39m
                    [33mstroke-width[39m=[32m"2"[39m
                  [36m/>[39m
                [36m</svg>[39m
                [0mStart Job[0m
              [36m</button>[39m
              [36m<button[39m
                [33maria-label[39m=[32m"Stop job"[39m
                [33mclass[39m=[32m"inline-flex items-center px-4 py-2 border border-transparent text-sm font-medium rounded-md shadow-sm focus:outline-none focus:ring-2 focus:ring-offset-2 transition-colors bg-gray-300 text-gray-500 cursor-not-allowed"[39m
                [33mdisabled[39m=[32m""[39m
              [36m>[39m
                [36m<svg[39m
                  [33mclass[39m=[32m"-ml-1 mr-2 h-4 w-4"[39m
                  [33mfill[39m=[32m"none"[39m
                  [33mstroke[39m=[32m"currentColor"[39m
                  [33mviewBox[39m=[32m"0 0 24 24"[39m
                [36m>[39m
                  [36m<path[39m
                    [33md[39m=[32m"M21 12a9 9 0 11-18 0 9 9 0 0118 0z M9 10a1 1 0 011-1h4a1 1 0 011 1v4a1 1 0 01-1 1h-4a1 1 0 01-1-1v-4z"[39m
                    [33mstroke-linecap[39m=[32m"round"[39m
                    [33mstroke-linejoin[39m=[32m"round"[39m
                    [33mstroke-width[39m=[32m"2"[39m
                  [36m/>[39m
                [36m</svg>[39m
                [0mStop Job[0m
              [36m</button>[39m
              [36m<button[39m
                [33maria-label[39m=[32m"Refresh data"[39m
                [33mclass[39m=[32m"inline-flex items-center px-3 py-2 border border-gray-300 text-sm font-medium rounded-md shadow-sm focus:outline-none focus:ring-2 focus:ring-offset-2 transition-colors bg-white hover:bg-gray-50 focus:ring-blue-500 text-gray-700 border-gray-300"[39m
                [33mtitle[39m=[32m"Refresh job history and statistics"[39m
              [36m>[39m
                [36m<svg[39m
                  [33mclass[39m=[32m"-ml-1 mr-2 h-4 w-4"[39m
                  [33mfill[39m=[32m"none"[39m
                  [33mstroke[39m=[32m"currentColor"[39m
                  [33mviewBox[39m=[32m"0 0 24 24"[39m
                [36m>[39m
                  [36m<path[39m
                    [33md[39m=[32m"M3 12a9 9 0 0 1 9-9 9.75 9.75 0 0 1 6.74 2.74L21 8"[39m
                  [36m/>[39m
                  [36m<path[39m
                    [33md[39m=[32m"M21 3v5h-5"[39m
                  [36m/>[39m
                  [36m<path[39m
                    [33md[39m=[32m"M21 12a9 9 0 0 1-9 9 9.75 9.75 0 0 1-6.74-2.74L3 16"[39m
                  [36m/>[39m
                  [36m<path[39m
                    [33md[39m=[32m"M8 16H3v5"[39m
                  [36m/>[39m
                [36m</svg>[39m
                [0mRefresh[0m
              [36m</button>[39m
              [36m<div[39m
                [33mclass[39m=[32m"flex items-center space-x-2"[39m
              [36m>[39m
                [36m<div[39m
                  [33mclass[39m=[32m"w-2 h-2 rounded-full bg-gray-400"[39m
                [36m/>[39m
                [36m<span[39m
                  [33mclass[39m=[32m"text-sm bg-green-100 text-green-800 px-2 py-1 rounded-full"[39m
                [36m>[39m
                  [0mReady[0m
                [36m</span>[39m
              [36m</div>[39m
            [36m</div>[39m
            [36m<button[39m
              [33mclass[39m=[32m"inline-flex items-center px-4 py-2 border border-transparent text-sm font-medium rounded-md shadow-sm focus:outline-none focus:ring-2 focus:ring-offset-2 transition-colors bg-red-600 hover:bg-red-700 focus:ring-red-500 text-white disabled:opacity-50 disabled:cursor-not-allowed"[39m
              [33mtitle[39m=[32m"Force stop all processes"[39m
            [36m>[39m
              [36m<svg[39m
                [33mclass[39m=[32m"-ml-1 mr-2 h-4 w-4"[39m
                [33mfill[39m=[32m"none"[39m
                [33mstroke[39m=[32m"currentColor"[39m
                [33mviewBox[39m=[32m"0 0 24 24"[39m
              [36m>[39m
                [36m<path[39m
                  [33md[39m=[32m"M12 9v2m0 4h.01m-6.938 4h13.856c1.54 0 2.502-1.667 1.732...

Ignored nodes: comments, script, style
[36m<html>[39m
  [36m<head />[39m
  [36m<body>[39m
    [36m<div>[39m
      [36m<div[39m
        [33mclass[39m=[32m"dashboard-panel min-h-screen bg-gray-50"[39m
      [36m>[39m
        [36m<div[39m
          [33mclass[39m=[32m"bg-white border-b border-gray-200 py-3 md:py-4 flex items-center px-6 relative"[39m
        [36m>[39m
          [36m<div[39m
            [33mclass[39m=[32m"flex items-center justify-between w-full flex-wrap gap-y-2"[39m
          [36m>[39m
            [36m<div[39m
              [33mclass[39m=[32m"flex items-center space-x-3"[39m
            [36m>[39m
              [36m<div[39m
                [33mclass[39m=[32m"relative"[39m
              [36m>[39m
                [36m<button[39m
                  [33maria-label[39m=[32m"Open menu"[39m
                  [33mclass[39m=[32m"p-2 rounded-md hover:bg-gray-100 text-gray-700 focus:outline-none focus:ring-2 focus:ring-blue-500"[39m
                  [33mtitle[39m=[32m"Menu"[39m
                [36m>[39m
                  [36m<svg[39m
                    [33mclass[39m=[32m"w-5 h-5"[39m
                    [33mfill[39m=[32m"none"[39m
                    [33mstroke[39m=[32m"currentColor"[39m
                    [33mviewBox[39m=[32m"0 0 24 24"[39m
                  [36m>[39m
                    [36m<path[39m
                      [33md[39m=[32m"M4 6h16M4 12h16M4 18h16"[39m
                      [33mstroke-linecap[39m=[32m"round"[39m
                      [33mstroke-linejoin[39m=[32m"round"[39m
                      [33mstroke-width[39m=[32m"2"[39m
                    [36m/>[39m
                  [36m</svg>[39m
                [36m</button>[39m
              [36m</div>[39m
              [36m<div[39m
                [33mclass[39m=[32m"flex items-center space-x-3"[39m
              [36m>[39m
                [36m<button[39m
                  [33maria-label[39m=[32m"Start job"[39m
                  [33mclass[39m=[32m"inline-flex items-center px-4 py-2 border border-transparent text-sm font-medium rounded-md shadow-sm focus:outline-none focus:ring-2 focus:ring-offset-2 transition-colors bg-blue-600 hover:bg-blue-700 focus:ring-blue-500 text-white"[39m
                [36m>[39m
                  [36m<svg[39m
                    [33mclass[39m=[32m"-ml-1 mr-2 h-4 w-4"[39m
                    [33mfill[39m=[32m"none"[39m
                    [33mstroke[39m=[32m"currentColor"[39m
                    [33mviewBox[39m=[32m"0 0 24 24"[39m
                  [36m>[39m
                    [36m<path[39m
                      [33md[39m=[32m"M14.828 14.828a4 4 0 01-5.656 0M9 10h1m4 0h1m-6 4h.01M21 12a9 9 0 11-18 0 9 9 0 0118 0z"[39m
                      [33mstroke-linecap[39m=[32m"round"[39m
                      [33mstroke-linejoin[39m=[32m"round"[39m
                      [33mstroke-width[39m=[32m"2"[39m
                    [36m/>[39m
                  [36m</svg>[39m
                  [0mStart Job[0m
                [36m</button>[39m
                [36m<button[39m
                  [33maria-label[39m=[32m"Stop job"[39m
                  [33mclass[39m=[32m"inline-flex items-center px-4 py-2 border border-transparent text-sm font-medium rounded-md shadow-sm focus:outline-none focus:ring-2 focus:ring-offset-2 transition-colors bg-gray-300 text-gray-500 cursor-not-allowed"[39m
                  [33mdisabled[39m=[32m""[39m
                [36m>[39m
                  [36m<svg[39m
                    [33mclass[39m=[32m"-ml-1 mr-2 h-4 w-4"[39m
                    [33mfill[39m=[32m"none"[39m
                    [33mstroke[39m=[32m"currentColor"[39m
                    [33mviewBox[39m=[32m"0 0 24 24"[39m
                  [36m>[39m
                    [36m<path[39m
                      [33md[39m=[32m"M21 12a9 9 0 11-18 0 9 9 0 0118 0z M9 10a1 1 0 011-1h4a1 1 0 011 1v4a1 1 0 01-1 1h-4a1 1 0 01-1-1v-4z"[39m
                      [33mstroke-linecap[39m=[32m"round"[39m
                      [33mstroke-linejoin[39m=[32m"round"[39m
                      [33mstroke-width[39m=[32m"2"[39m
                    [36m/>[39m
                  [36m</svg>[39m
                  [0mStop Job[0m
                [36m</button>[39m
                [36m<button[39m
                  [33maria-label[39m=[32m"Refresh data"[39m
                  [33mclass[39m=[32m"inline-flex items-center px-3 py-2 border border-gray-300 text-sm font-medium rounded-md shadow-sm focus:outline-none focus:ring-2 focus:ring-offset-2 transition-colors bg-white hover:bg-gray-50 focus:ring-blue-500 text-gray-700 border-gray-300"[39m
                  [33mtitle[39m=[32m"Refresh job history and statistics"[39m
                [36m>[39m
                  [36m<svg[39m
                    [33mclass[39m=[32m"-ml-1 mr-2 h-4 w-4"[39m
                    [33mfill[39m=[32m"none"[39m
                    [33mstroke[39m=[32m"currentColor"[39m
                    [33mviewBox[39m=[32m"0 0 24 24"[39m
                  [36m>[39m
                    [36m<path[39m
                      [33md[39m=[32m"M3 12a9 9 0 0 1 9-9 9.75 9.75 0 0 1 6.74 2.74L21 8"[39m
                    [36m/>[39m
                    [36m<path[39m
                      [33md[39m=[32m"M21 3v5h-5"[39m
                    [36m/>[39m
                    [36m<path[39m
                      [33md[39m=[32m"M21 12a9 9 0 0 1-9 9 9.75 9.75 0 0 1-6.74-2.74L3 16"[39m
                    [36m/>[39m
                    [36m<path[39m
                      [33md[39m=[32m"M8 16H3v5"[39m
                    [36m/>[39m
                  [36m</svg>[39m
                  [0mRefresh[0m
                [36m</button>[39m
                [36m<div[39m
                  [33mclass[39m=[32m"flex items-center space-x-2"[39m
                [36m>[39m
                  [36m<div[39m
                    [33mclass[39m=[32m"w-2 h-2 rounded-full bg-gray-400"[39m
                  [36m/>[39m
                  [36m<span[39m
                    [33mclass[39m=[32m"text-sm bg-green-100 text-green-800 px-2 py-1 rounded-full"[39m
                  [36m>[39m
                    [0mReady[0m
                  [36m</span>[39m
                [36m</div>[39m
              [36m</div>[39m
              [36m<button[39m
                [33mclass[39m=[32m"inline-flex items-center px-4 py-2 border border-transparent text-sm font-medium rounded-md shadow-sm focus:outline-none focus:ring-2 focus:ring-offset-2 transition-colors bg-red-600 hover:bg-red-700 focus:ring-red-500 text-white disabled:opacity-50 disabled:cursor-not-allowed"[39m
                [33mtitle[39m=[32m"Force stop all processes"[39m
              [36m>[39m
                [36m<svg[39m
                  [33mclass[39m=[32m"-ml-1 mr-2 h-4 w-4"[39m
                  [33mfil...
 ❯ waitForWrapper node_modules/@testing-library/dom/dist/wait-for.js:163:27
 ❯ src/renderer/components/Dashboard/__tests__/DashboardPanel.test.tsx:251:11
    249|     render(<DashboardPanel />);
    250|     
    251|     await waitFor(() => {
       |           ^
    252|       expect(screen.getByText('test-image-1.png')).toBeInTheDocument();
    253|     });

⎯⎯⎯⎯⎯⎯⎯⎯⎯⎯⎯⎯⎯⎯⎯⎯⎯⎯⎯⎯⎯[98/254]⎯

 FAIL  src/renderer/components/Dashboard/__tests__/DashboardPanel.test.tsx > DashboardPanel > handles job action - delete
TestingLibraryElementError: Unable to find an element with the text: Test Job. This could be because the text is broken up by multiple elements. In this case, you can provide a function for your text matcher to make your matcher more flexible.

Ignored nodes: comments, script, style
[36m<body>[39m
  [36m<div>[39m
    [36m<div[39m
      [33mclass[39m=[32m"dashboard-panel min-h-screen bg-gray-50"[39m
    [36m>[39m
      [36m<div[39m
        [33mclass[39m=[32m"bg-white border-b border-gray-200 py-3 md:py-4 flex items-center px-6 relative"[39m
      [36m>[39m
        [36m<div[39m
          [33mclass[39m=[32m"flex items-center justify-between w-full flex-wrap gap-y-2"[39m
        [36m>[39m
          [36m<div[39m
            [33mclass[39m=[32m"flex items-center space-x-3"[39m
          [36m>[39m
            [36m<div[39m
              [33mclass[39m=[32m"relative"[39m
            [36m>[39m
              [36m<button[39m
                [33maria-label[39m=[32m"Open menu"[39m
                [33mclass[39m=[32m"p-2 rounded-md hover:bg-gray-100 text-gray-700 focus:outline-none focus:ring-2 focus:ring-blue-500"[39m
                [33mtitle[39m=[32m"Menu"[39m
              [36m>[39m
                [36m<svg[39m
                  [33mclass[39m=[32m"w-5 h-5"[39m
                  [33mfill[39m=[32m"none"[39m
                  [33mstroke[39m=[32m"currentColor"[39m
                  [33mviewBox[39m=[32m"0 0 24 24"[39m
                [36m>[39m
                  [36m<path[39m
                    [33md[39m=[32m"M4 6h16M4 12h16M4 18h16"[39m
                    [33mstroke-linecap[39m=[32m"round"[39m
                    [33mstroke-linejoin[39m=[32m"round"[39m
                    [33mstroke-width[39m=[32m"2"[39m
                  [36m/>[39m
                [36m</svg>[39m
              [36m</button>[39m
            [36m</div>[39m
            [36m<div[39m
              [33mclass[39m=[32m"flex items-center space-x-3"[39m
            [36m>[39m
              [36m<button[39m
                [33maria-label[39m=[32m"Start job"[39m
                [33mclass[39m=[32m"inline-flex items-center px-4 py-2 border border-transparent text-sm font-medium rounded-md shadow-sm focus:outline-none focus:ring-2 focus:ring-offset-2 transition-colors bg-blue-600 hover:bg-blue-700 focus:ring-blue-500 text-white"[39m
              [36m>[39m
                [36m<svg[39m
                  [33mclass[39m=[32m"-ml-1 mr-2 h-4 w-4"[39m
                  [33mfill[39m=[32m"none"[39m
                  [33mstroke[39m=[32m"currentColor"[39m
                  [33mviewBox[39m=[32m"0 0 24 24"[39m
                [36m>[39m
                  [36m<path[39m
                    [33md[39m=[32m"M14.828 14.828a4 4 0 01-5.656 0M9 10h1m4 0h1m-6 4h.01M21 12a9 9 0 11-18 0 9 9 0 0118 0z"[39m
                    [33mstroke-linecap[39m=[32m"round"[39m
                    [33mstroke-linejoin[39m=[32m"round"[39m
                    [33mstroke-width[39m=[32m"2"[39m
                  [36m/>[39m
                [36m</svg>[39m
                [0mStart Job[0m
              [36m</button>[39m
              [36m<button[39m
                [33maria-label[39m=[32m"Stop job"[39m
                [33mclass[39m=[32m"inline-flex items-center px-4 py-2 border border-transparent text-sm font-medium rounded-md shadow-sm focus:outline-none focus:ring-2 focus:ring-offset-2 transition-colors bg-gray-300 text-gray-500 cursor-not-allowed"[39m
                [33mdisabled[39m=[32m""[39m
              [36m>[39m
                [36m<svg[39m
                  [33mclass[39m=[32m"-ml-1 mr-2 h-4 w-4"[39m
                  [33mfill[39m=[32m"none"[39m
                  [33mstroke[39m=[32m"currentColor"[39m
                  [33mviewBox[39m=[32m"0 0 24 24"[39m
                [36m>[39m
                  [36m<path[39m
                    [33md[39m=[32m"M21 12a9 9 0 11-18 0 9 9 0 0118 0z M9 10a1 1 0 011-1h4a1 1 0 011 1v4a1 1 0 01-1 1h-4a1 1 0 01-1-1v-4z"[39m
                    [33mstroke-linecap[39m=[32m"round"[39m
                    [33mstroke-linejoin[39m=[32m"round"[39m
                    [33mstroke-width[39m=[32m"2"[39m
                  [36m/>[39m
                [36m</svg>[39m
                [0mStop Job[0m
              [36m</button>[39m
              [36m<button[39m
                [33maria-label[39m=[32m"Refresh data"[39m
                [33mclass[39m=[32m"inline-flex items-center px-3 py-2 border border-gray-300 text-sm font-medium rounded-md shadow-sm focus:outline-none focus:ring-2 focus:ring-offset-2 transition-colors bg-white hover:bg-gray-50 focus:ring-blue-500 text-gray-700 border-gray-300"[39m
                [33mtitle[39m=[32m"Refresh job history and statistics"[39m
              [36m>[39m
                [36m<svg[39m
                  [33mclass[39m=[32m"-ml-1 mr-2 h-4 w-4"[39m
                  [33mfill[39m=[32m"none"[39m
                  [33mstroke[39m=[32m"currentColor"[39m
                  [33mviewBox[39m=[32m"0 0 24 24"[39m
                [36m>[39m
                  [36m<path[39m
                    [33md[39m=[32m"M3 12a9 9 0 0 1 9-9 9.75 9.75 0 0 1 6.74 2.74L21 8"[39m
                  [36m/>[39m
                  [36m<path[39m
                    [33md[39m=[32m"M21 3v5h-5"[39m
                  [36m/>[39m
                  [36m<path[39m
                    [33md[39m=[32m"M21 12a9 9 0 0 1-9 9 9.75 9.75 0 0 1-6.74-2.74L3 16"[39m
                  [36m/>[39m
                  [36m<path[39m
                    [33md[39m=[32m"M8 16H3v5"[39m
                  [36m/>[39m
                [36m</svg>[39m
                [0mRefresh[0m
              [36m</button>[39m
              [36m<div[39m
                [33mclass[39m=[32m"flex items-center space-x-2"[39m
              [36m>[39m
                [36m<div[39m
                  [33mclass[39m=[32m"w-2 h-2 rounded-full bg-gray-400"[39m
                [36m/>[39m
                [36m<span[39m
                  [33mclass[39m=[32m"text-sm bg-green-100 text-green-800 px-2 py-1 rounded-full"[39m
                [36m>[39m
                  [0mReady[0m
                [36m</span>[39m
              [36m</div>[39m
            [36m</div>[39m
            [36m<button[39m
              [33mclass[39m=[32m"inline-flex items-center px-4 py-2 border border-transparent text-sm font-medium rounded-md shadow-sm focus:outline-none focus:ring-2 focus:ring-offset-2 transition-colors bg-red-600 hover:bg-red-700 focus:ring-red-500 text-white disabled:opacity-50 disabled:cursor-not-allowed"[39m
              [33mtitle[39m=[32m"Force stop all processes"[39m
            [36m>[39m
              [36m<svg[39m
                [33mclass[39m=[32m"-ml-1 mr-2 h-4 w-4"[39m
                [33mfill[39m=[32m"none"[39m
                [33mstroke[39m=[32m"currentColor"[39m
                [33mviewBox[39m=[32m"0 0 24 24"[39m
              [36m>[39m
                [36m<path[39m
                  [33md[39m=[32m"M12 9v2m0 4h.01m-6.938 4h13.856c1.54 0 2.502-1.667 1.732...

Ignored nodes: comments, script, style
[36m<html>[39m
  [36m<head />[39m
  [36m<body>[39m
    [36m<div>[39m
      [36m<div[39m
        [33mclass[39m=[32m"dashboard-panel min-h-screen bg-gray-50"[39m
      [36m>[39m
        [36m<div[39m
          [33mclass[39m=[32m"bg-white border-b border-gray-200 py-3 md:py-4 flex items-center px-6 relative"[39m
        [36m>[39m
          [36m<div[39m
            [33mclass[39m=[32m"flex items-center justify-between w-full flex-wrap gap-y-2"[39m
          [36m>[39m
            [36m<div[39m
              [33mclass[39m=[32m"flex items-center space-x-3"[39m
            [36m>[39m
              [36m<div[39m
                [33mclass[39m=[32m"relative"[39m
              [36m>[39m
                [36m<button[39m
                  [33maria-label[39m=[32m"Open menu"[39m
                  [33mclass[39m=[32m"p-2 rounded-md hover:bg-gray-100 text-gray-700 focus:outline-none focus:ring-2 focus:ring-blue-500"[39m
                  [33mtitle[39m=[32m"Menu"[39m
                [36m>[39m
                  [36m<svg[39m
                    [33mclass[39m=[32m"w-5 h-5"[39m
                    [33mfill[39m=[32m"none"[39m
                    [33mstroke[39m=[32m"currentColor"[39m
                    [33mviewBox[39m=[32m"0 0 24 24"[39m
                  [36m>[39m
                    [36m<path[39m
                      [33md[39m=[32m"M4 6h16M4 12h16M4 18h16"[39m
                      [33mstroke-linecap[39m=[32m"round"[39m
                      [33mstroke-linejoin[39m=[32m"round"[39m
                      [33mstroke-width[39m=[32m"2"[39m
                    [36m/>[39m
                  [36m</svg>[39m
                [36m</button>[39m
              [36m</div>[39m
              [36m<div[39m
                [33mclass[39m=[32m"flex items-center space-x-3"[39m
              [36m>[39m
                [36m<button[39m
                  [33maria-label[39m=[32m"Start job"[39m
                  [33mclass[39m=[32m"inline-flex items-center px-4 py-2 border border-transparent text-sm font-medium rounded-md shadow-sm focus:outline-none focus:ring-2 focus:ring-offset-2 transition-colors bg-blue-600 hover:bg-blue-700 focus:ring-blue-500 text-white"[39m
                [36m>[39m
                  [36m<svg[39m
                    [33mclass[39m=[32m"-ml-1 mr-2 h-4 w-4"[39m
                    [33mfill[39m=[32m"none"[39m
                    [33mstroke[39m=[32m"currentColor"[39m
                    [33mviewBox[39m=[32m"0 0 24 24"[39m
                  [36m>[39m
                    [36m<path[39m
                      [33md[39m=[32m"M14.828 14.828a4 4 0 01-5.656 0M9 10h1m4 0h1m-6 4h.01M21 12a9 9 0 11-18 0 9 9 0 0118 0z"[39m
                      [33mstroke-linecap[39m=[32m"round"[39m
                      [33mstroke-linejoin[39m=[32m"round"[39m
                      [33mstroke-width[39m=[32m"2"[39m
                    [36m/>[39m
                  [36m</svg>[39m
                  [0mStart Job[0m
                [36m</button>[39m
                [36m<button[39m
                  [33maria-label[39m=[32m"Stop job"[39m
                  [33mclass[39m=[32m"inline-flex items-center px-4 py-2 border border-transparent text-sm font-medium rounded-md shadow-sm focus:outline-none focus:ring-2 focus:ring-offset-2 transition-colors bg-gray-300 text-gray-500 cursor-not-allowed"[39m
                  [33mdisabled[39m=[32m""[39m
                [36m>[39m
                  [36m<svg[39m
                    [33mclass[39m=[32m"-ml-1 mr-2 h-4 w-4"[39m
                    [33mfill[39m=[32m"none"[39m
                    [33mstroke[39m=[32m"currentColor"[39m
                    [33mviewBox[39m=[32m"0 0 24 24"[39m
                  [36m>[39m
                    [36m<path[39m
                      [33md[39m=[32m"M21 12a9 9 0 11-18 0 9 9 0 0118 0z M9 10a1 1 0 011-1h4a1 1 0 011 1v4a1 1 0 01-1 1h-4a1 1 0 01-1-1v-4z"[39m
                      [33mstroke-linecap[39m=[32m"round"[39m
                      [33mstroke-linejoin[39m=[32m"round"[39m
                      [33mstroke-width[39m=[32m"2"[39m
                    [36m/>[39m
                  [36m</svg>[39m
                  [0mStop Job[0m
                [36m</button>[39m
                [36m<button[39m
                  [33maria-label[39m=[32m"Refresh data"[39m
                  [33mclass[39m=[32m"inline-flex items-center px-3 py-2 border border-gray-300 text-sm font-medium rounded-md shadow-sm focus:outline-none focus:ring-2 focus:ring-offset-2 transition-colors bg-white hover:bg-gray-50 focus:ring-blue-500 text-gray-700 border-gray-300"[39m
                  [33mtitle[39m=[32m"Refresh job history and statistics"[39m
                [36m>[39m
                  [36m<svg[39m
                    [33mclass[39m=[32m"-ml-1 mr-2 h-4 w-4"[39m
                    [33mfill[39m=[32m"none"[39m
                    [33mstroke[39m=[32m"currentColor"[39m
                    [33mviewBox[39m=[32m"0 0 24 24"[39m
                  [36m>[39m
                    [36m<path[39m
                      [33md[39m=[32m"M3 12a9 9 0 0 1 9-9 9.75 9.75 0 0 1 6.74 2.74L21 8"[39m
                    [36m/>[39m
                    [36m<path[39m
                      [33md[39m=[32m"M21 3v5h-5"[39m
                    [36m/>[39m
                    [36m<path[39m
                      [33md[39m=[32m"M21 12a9 9 0 0 1-9 9 9.75 9.75 0 0 1-6.74-2.74L3 16"[39m
                    [36m/>[39m
                    [36m<path[39m
                      [33md[39m=[32m"M8 16H3v5"[39m
                    [36m/>[39m
                  [36m</svg>[39m
                  [0mRefresh[0m
                [36m</button>[39m
                [36m<div[39m
                  [33mclass[39m=[32m"flex items-center space-x-2"[39m
                [36m>[39m
                  [36m<div[39m
                    [33mclass[39m=[32m"w-2 h-2 rounded-full bg-gray-400"[39m
                  [36m/>[39m
                  [36m<span[39m
                    [33mclass[39m=[32m"text-sm bg-green-100 text-green-800 px-2 py-1 rounded-full"[39m
                  [36m>[39m
                    [0mReady[0m
                  [36m</span>[39m
                [36m</div>[39m
              [36m</div>[39m
              [36m<button[39m
                [33mclass[39m=[32m"inline-flex items-center px-4 py-2 border border-transparent text-sm font-medium rounded-md shadow-sm focus:outline-none focus:ring-2 focus:ring-offset-2 transition-colors bg-red-600 hover:bg-red-700 focus:ring-red-500 text-white disabled:opacity-50 disabled:cursor-not-allowed"[39m
                [33mtitle[39m=[32m"Force stop all processes"[39m
              [36m>[39m
                [36m<svg[39m
                  [33mclass[39m=[32m"-ml-1 mr-2 h-4 w-4"[39m
                  [33mfil...
 ❯ waitForWrapper node_modules/@testing-library/dom/dist/wait-for.js:163:27
 ❯ src/renderer/components/Dashboard/__tests__/DashboardPanel.test.tsx:281:11
    279|     
    280|     // Wait for job to be loaded and delete button to be available
    281|     await waitFor(() => {
       |           ^
    282|       expect(screen.getByText('Test Job')).toBeInTheDocument();
    283|     });

⎯⎯⎯⎯⎯⎯⎯⎯⎯⎯⎯⎯⎯⎯⎯⎯⎯⎯⎯⎯⎯[99/254]⎯

 FAIL  src/renderer/components/Dashboard/__tests__/DashboardPanel.test.tsx > DashboardPanel > handles image action - update QC status
TestingLibraryElementError: Unable to find an element with the text: test-image.png. This could be because the text is broken up by multiple elements. In this case, you can provide a function for your text matcher to make your matcher more flexible.

Ignored nodes: comments, script, style
[36m<body>[39m
  [36m<div>[39m
    [36m<div[39m
      [33mclass[39m=[32m"dashboard-panel min-h-screen bg-gray-50"[39m
    [36m>[39m
      [36m<div[39m
        [33mclass[39m=[32m"bg-white border-b border-gray-200 py-3 md:py-4 flex items-center px-6 relative"[39m
      [36m>[39m
        [36m<div[39m
          [33mclass[39m=[32m"flex items-center justify-between w-full flex-wrap gap-y-2"[39m
        [36m>[39m
          [36m<div[39m
            [33mclass[39m=[32m"flex items-center space-x-3"[39m
          [36m>[39m
            [36m<div[39m
              [33mclass[39m=[32m"relative"[39m
            [36m>[39m
              [36m<button[39m
                [33maria-label[39m=[32m"Open menu"[39m
                [33mclass[39m=[32m"p-2 rounded-md hover:bg-gray-100 text-gray-700 focus:outline-none focus:ring-2 focus:ring-blue-500"[39m
                [33mtitle[39m=[32m"Menu"[39m
              [36m>[39m
                [36m<svg[39m
                  [33mclass[39m=[32m"w-5 h-5"[39m
                  [33mfill[39m=[32m"none"[39m
                  [33mstroke[39m=[32m"currentColor"[39m
                  [33mviewBox[39m=[32m"0 0 24 24"[39m
                [36m>[39m
                  [36m<path[39m
                    [33md[39m=[32m"M4 6h16M4 12h16M4 18h16"[39m
                    [33mstroke-linecap[39m=[32m"round"[39m
                    [33mstroke-linejoin[39m=[32m"round"[39m
                    [33mstroke-width[39m=[32m"2"[39m
                  [36m/>[39m
                [36m</svg>[39m
              [36m</button>[39m
            [36m</div>[39m
            [36m<div[39m
              [33mclass[39m=[32m"flex items-center space-x-3"[39m
            [36m>[39m
              [36m<button[39m
                [33maria-label[39m=[32m"Start job"[39m
                [33mclass[39m=[32m"inline-flex items-center px-4 py-2 border border-transparent text-sm font-medium rounded-md shadow-sm focus:outline-none focus:ring-2 focus:ring-offset-2 transition-colors bg-blue-600 hover:bg-blue-700 focus:ring-blue-500 text-white"[39m
              [36m>[39m
                [36m<svg[39m
                  [33mclass[39m=[32m"-ml-1 mr-2 h-4 w-4"[39m
                  [33mfill[39m=[32m"none"[39m
                  [33mstroke[39m=[32m"currentColor"[39m
                  [33mviewBox[39m=[32m"0 0 24 24"[39m
                [36m>[39m
                  [36m<path[39m
                    [33md[39m=[32m"M14.828 14.828a4 4 0 01-5.656 0M9 10h1m4 0h1m-6 4h.01M21 12a9 9 0 11-18 0 9 9 0 0118 0z"[39m
                    [33mstroke-linecap[39m=[32m"round"[39m
                    [33mstroke-linejoin[39m=[32m"round"[39m
                    [33mstroke-width[39m=[32m"2"[39m
                  [36m/>[39m
                [36m</svg>[39m
                [0mStart Job[0m
              [36m</button>[39m
              [36m<button[39m
                [33maria-label[39m=[32m"Stop job"[39m
                [33mclass[39m=[32m"inline-flex items-center px-4 py-2 border border-transparent text-sm font-medium rounded-md shadow-sm focus:outline-none focus:ring-2 focus:ring-offset-2 transition-colors bg-gray-300 text-gray-500 cursor-not-allowed"[39m
                [33mdisabled[39m=[32m""[39m
              [36m>[39m
                [36m<svg[39m
                  [33mclass[39m=[32m"-ml-1 mr-2 h-4 w-4"[39m
                  [33mfill[39m=[32m"none"[39m
                  [33mstroke[39m=[32m"currentColor"[39m
                  [33mviewBox[39m=[32m"0 0 24 24"[39m
                [36m>[39m
                  [36m<path[39m
                    [33md[39m=[32m"M21 12a9 9 0 11-18 0 9 9 0 0118 0z M9 10a1 1 0 011-1h4a1 1 0 011 1v4a1 1 0 01-1 1h-4a1 1 0 01-1-1v-4z"[39m
                    [33mstroke-linecap[39m=[32m"round"[39m
                    [33mstroke-linejoin[39m=[32m"round"[39m
                    [33mstroke-width[39m=[32m"2"[39m
                  [36m/>[39m
                [36m</svg>[39m
                [0mStop Job[0m
              [36m</button>[39m
              [36m<button[39m
                [33maria-label[39m=[32m"Refresh data"[39m
                [33mclass[39m=[32m"inline-flex items-center px-3 py-2 border border-gray-300 text-sm font-medium rounded-md shadow-sm focus:outline-none focus:ring-2 focus:ring-offset-2 transition-colors bg-white hover:bg-gray-50 focus:ring-blue-500 text-gray-700 border-gray-300"[39m
                [33mtitle[39m=[32m"Refresh job history and statistics"[39m
              [36m>[39m
                [36m<svg[39m
                  [33mclass[39m=[32m"-ml-1 mr-2 h-4 w-4"[39m
                  [33mfill[39m=[32m"none"[39m
                  [33mstroke[39m=[32m"currentColor"[39m
                  [33mviewBox[39m=[32m"0 0 24 24"[39m
                [36m>[39m
                  [36m<path[39m
                    [33md[39m=[32m"M3 12a9 9 0 0 1 9-9 9.75 9.75 0 0 1 6.74 2.74L21 8"[39m
                  [36m/>[39m
                  [36m<path[39m
                    [33md[39m=[32m"M21 3v5h-5"[39m
                  [36m/>[39m
                  [36m<path[39m
                    [33md[39m=[32m"M21 12a9 9 0 0 1-9 9 9.75 9.75 0 0 1-6.74-2.74L3 16"[39m
                  [36m/>[39m
                  [36m<path[39m
                    [33md[39m=[32m"M8 16H3v5"[39m
                  [36m/>[39m
                [36m</svg>[39m
                [0mRefresh[0m
              [36m</button>[39m
              [36m<div[39m
                [33mclass[39m=[32m"flex items-center space-x-2"[39m
              [36m>[39m
                [36m<div[39m
                  [33mclass[39m=[32m"w-2 h-2 rounded-full bg-gray-400"[39m
                [36m/>[39m
                [36m<span[39m
                  [33mclass[39m=[32m"text-sm bg-green-100 text-green-800 px-2 py-1 rounded-full"[39m
                [36m>[39m
                  [0mReady[0m
                [36m</span>[39m
              [36m</div>[39m
            [36m</div>[39m
            [36m<button[39m
              [33mclass[39m=[32m"inline-flex items-center px-4 py-2 border border-transparent text-sm font-medium rounded-md shadow-sm focus:outline-none focus:ring-2 focus:ring-offset-2 transition-colors bg-red-600 hover:bg-red-700 focus:ring-red-500 text-white disabled:opacity-50 disabled:cursor-not-allowed"[39m
              [33mtitle[39m=[32m"Force stop all processes"[39m
            [36m>[39m
              [36m<svg[39m
                [33mclass[39m=[32m"-ml-1 mr-2 h-4 w-4"[39m
                [33mfill[39m=[32m"none"[39m
                [33mstroke[39m=[32m"currentColor"[39m
                [33mviewBox[39m=[32m"0 0 24 24"[39m
              [36m>[39m
                [36m<path[39m
                  [33md[39m=[32m"M12 9v2m0 4h.01m-6.938 4h13.856c1.54 0 2.502-1.667 1.732...

Ignored nodes: comments, script, style
[36m<html>[39m
  [36m<head />[39m
  [36m<body>[39m
    [36m<div>[39m
      [36m<div[39m
        [33mclass[39m=[32m"dashboard-panel min-h-screen bg-gray-50"[39m
      [36m>[39m
        [36m<div[39m
          [33mclass[39m=[32m"bg-white border-b border-gray-200 py-3 md:py-4 flex items-center px-6 relative"[39m
        [36m>[39m
          [36m<div[39m
            [33mclass[39m=[32m"flex items-center justify-between w-full flex-wrap gap-y-2"[39m
          [36m>[39m
            [36m<div[39m
              [33mclass[39m=[32m"flex items-center space-x-3"[39m
            [36m>[39m
              [36m<div[39m
                [33mclass[39m=[32m"relative"[39m
              [36m>[39m
                [36m<button[39m
                  [33maria-label[39m=[32m"Open menu"[39m
                  [33mclass[39m=[32m"p-2 rounded-md hover:bg-gray-100 text-gray-700 focus:outline-none focus:ring-2 focus:ring-blue-500"[39m
                  [33mtitle[39m=[32m"Menu"[39m
                [36m>[39m
                  [36m<svg[39m
                    [33mclass[39m=[32m"w-5 h-5"[39m
                    [33mfill[39m=[32m"none"[39m
                    [33mstroke[39m=[32m"currentColor"[39m
                    [33mviewBox[39m=[32m"0 0 24 24"[39m
                  [36m>[39m
                    [36m<path[39m
                      [33md[39m=[32m"M4 6h16M4 12h16M4 18h16"[39m
                      [33mstroke-linecap[39m=[32m"round"[39m
                      [33mstroke-linejoin[39m=[32m"round"[39m
                      [33mstroke-width[39m=[32m"2"[39m
                    [36m/>[39m
                  [36m</svg>[39m
                [36m</button>[39m
              [36m</div>[39m
              [36m<div[39m
                [33mclass[39m=[32m"flex items-center space-x-3"[39m
              [36m>[39m
                [36m<button[39m
                  [33maria-label[39m=[32m"Start job"[39m
                  [33mclass[39m=[32m"inline-flex items-center px-4 py-2 border border-transparent text-sm font-medium rounded-md shadow-sm focus:outline-none focus:ring-2 focus:ring-offset-2 transition-colors bg-blue-600 hover:bg-blue-700 focus:ring-blue-500 text-white"[39m
                [36m>[39m
                  [36m<svg[39m
                    [33mclass[39m=[32m"-ml-1 mr-2 h-4 w-4"[39m
                    [33mfill[39m=[32m"none"[39m
                    [33mstroke[39m=[32m"currentColor"[39m
                    [33mviewBox[39m=[32m"0 0 24 24"[39m
                  [36m>[39m
                    [36m<path[39m
                      [33md[39m=[32m"M14.828 14.828a4 4 0 01-5.656 0M9 10h1m4 0h1m-6 4h.01M21 12a9 9 0 11-18 0 9 9 0 0118 0z"[39m
                      [33mstroke-linecap[39m=[32m"round"[39m
                      [33mstroke-linejoin[39m=[32m"round"[39m
                      [33mstroke-width[39m=[32m"2"[39m
                    [36m/>[39m
                  [36m</svg>[39m
                  [0mStart Job[0m
                [36m</button>[39m
                [36m<button[39m
                  [33maria-label[39m=[32m"Stop job"[39m
                  [33mclass[39m=[32m"inline-flex items-center px-4 py-2 border border-transparent text-sm font-medium rounded-md shadow-sm focus:outline-none focus:ring-2 focus:ring-offset-2 transition-colors bg-gray-300 text-gray-500 cursor-not-allowed"[39m
                  [33mdisabled[39m=[32m""[39m
                [36m>[39m
                  [36m<svg[39m
                    [33mclass[39m=[32m"-ml-1 mr-2 h-4 w-4"[39m
                    [33mfill[39m=[32m"none"[39m
                    [33mstroke[39m=[32m"currentColor"[39m
                    [33mviewBox[39m=[32m"0 0 24 24"[39m
                  [36m>[39m
                    [36m<path[39m
                      [33md[39m=[32m"M21 12a9 9 0 11-18 0 9 9 0 0118 0z M9 10a1 1 0 011-1h4a1 1 0 011 1v4a1 1 0 01-1 1h-4a1 1 0 01-1-1v-4z"[39m
                      [33mstroke-linecap[39m=[32m"round"[39m
                      [33mstroke-linejoin[39m=[32m"round"[39m
                      [33mstroke-width[39m=[32m"2"[39m
                    [36m/>[39m
                  [36m</svg>[39m
                  [0mStop Job[0m
                [36m</button>[39m
                [36m<button[39m
                  [33maria-label[39m=[32m"Refresh data"[39m
                  [33mclass[39m=[32m"inline-flex items-center px-3 py-2 border border-gray-300 text-sm font-medium rounded-md shadow-sm focus:outline-none focus:ring-2 focus:ring-offset-2 transition-colors bg-white hover:bg-gray-50 focus:ring-blue-500 text-gray-700 border-gray-300"[39m
                  [33mtitle[39m=[32m"Refresh job history and statistics"[39m
                [36m>[39m
                  [36m<svg[39m
                    [33mclass[39m=[32m"-ml-1 mr-2 h-4 w-4"[39m
                    [33mfill[39m=[32m"none"[39m
                    [33mstroke[39m=[32m"currentColor"[39m
                    [33mviewBox[39m=[32m"0 0 24 24"[39m
                  [36m>[39m
                    [36m<path[39m
                      [33md[39m=[32m"M3 12a9 9 0 0 1 9-9 9.75 9.75 0 0 1 6.74 2.74L21 8"[39m
                    [36m/>[39m
                    [36m<path[39m
                      [33md[39m=[32m"M21 3v5h-5"[39m
                    [36m/>[39m
                    [36m<path[39m
                      [33md[39m=[32m"M21 12a9 9 0 0 1-9 9 9.75 9.75 0 0 1-6.74-2.74L3 16"[39m
                    [36m/>[39m
                    [36m<path[39m
                      [33md[39m=[32m"M8 16H3v5"[39m
                    [36m/>[39m
                  [36m</svg>[39m
                  [0mRefresh[0m
                [36m</button>[39m
                [36m<div[39m
                  [33mclass[39m=[32m"flex items-center space-x-2"[39m
                [36m>[39m
                  [36m<div[39m
                    [33mclass[39m=[32m"w-2 h-2 rounded-full bg-gray-400"[39m
                  [36m/>[39m
                  [36m<span[39m
                    [33mclass[39m=[32m"text-sm bg-green-100 text-green-800 px-2 py-1 rounded-full"[39m
                  [36m>[39m
                    [0mReady[0m
                  [36m</span>[39m
                [36m</div>[39m
              [36m</div>[39m
              [36m<button[39m
                [33mclass[39m=[32m"inline-flex items-center px-4 py-2 border border-transparent text-sm font-medium rounded-md shadow-sm focus:outline-none focus:ring-2 focus:ring-offset-2 transition-colors bg-red-600 hover:bg-red-700 focus:ring-red-500 text-white disabled:opacity-50 disabled:cursor-not-allowed"[39m
                [33mtitle[39m=[32m"Force stop all processes"[39m
              [36m>[39m
                [36m<svg[39m
                  [33mclass[39m=[32m"-ml-1 mr-2 h-4 w-4"[39m
                  [33mfil...
 ❯ waitForWrapper node_modules/@testing-library/dom/dist/wait-for.js:163:27
 ❯ src/renderer/components/Dashboard/__tests__/DashboardPanel.test.tsx:315:11
    313|     
    314|     // Wait for image to be loaded
    315|     await waitFor(() => {
       |           ^
    316|       expect(screen.getByText('test-image.png')).toBeInTheDocument();
    317|     });

⎯⎯⎯⎯⎯⎯⎯⎯⎯⎯⎯⎯⎯⎯⎯⎯⎯⎯⎯⎯[100/254]⎯

 FAIL  src/renderer/components/Dashboard/__tests__/DashboardPanel.test.tsx > DashboardPanel > handles loading states
TestingLibraryElementError: Unable to find an element with the text: /Loading job history/. This could be because the text is broken up by multiple elements. In this case, you can provide a function for your text matcher to make your matcher more flexible.

Ignored nodes: comments, script, style
[36m<body>[39m
  [36m<div>[39m
    [36m<div[39m
      [33mclass[39m=[32m"dashboard-panel min-h-screen bg-gray-50"[39m
    [36m>[39m
      [36m<div[39m
        [33mclass[39m=[32m"bg-white border-b border-gray-200 py-3 md:py-4 flex items-center px-6 relative"[39m
      [36m>[39m
        [36m<div[39m
          [33mclass[39m=[32m"flex items-center justify-between w-full flex-wrap gap-y-2"[39m
        [36m>[39m
          [36m<div[39m
            [33mclass[39m=[32m"flex items-center space-x-3"[39m
          [36m>[39m
            [36m<div[39m
              [33mclass[39m=[32m"relative"[39m
            [36m>[39m
              [36m<button[39m
                [33maria-label[39m=[32m"Open menu"[39m
                [33mclass[39m=[32m"p-2 rounded-md hover:bg-gray-100 text-gray-700 focus:outline-none focus:ring-2 focus:ring-blue-500"[39m
                [33mtitle[39m=[32m"Menu"[39m
              [36m>[39m
                [36m<svg[39m
                  [33mclass[39m=[32m"w-5 h-5"[39m
                  [33mfill[39m=[32m"none"[39m
                  [33mstroke[39m=[32m"currentColor"[39m
                  [33mviewBox[39m=[32m"0 0 24 24"[39m
                [36m>[39m
                  [36m<path[39m
                    [33md[39m=[32m"M4 6h16M4 12h16M4 18h16"[39m
                    [33mstroke-linecap[39m=[32m"round"[39m
                    [33mstroke-linejoin[39m=[32m"round"[39m
                    [33mstroke-width[39m=[32m"2"[39m
                  [36m/>[39m
                [36m</svg>[39m
              [36m</button>[39m
            [36m</div>[39m
            [36m<div[39m
              [33mclass[39m=[32m"flex items-center space-x-3"[39m
            [36m>[39m
              [36m<button[39m
                [33maria-label[39m=[32m"Start job"[39m
                [33mclass[39m=[32m"inline-flex items-center px-4 py-2 border border-transparent text-sm font-medium rounded-md shadow-sm focus:outline-none focus:ring-2 focus:ring-offset-2 transition-colors bg-blue-600 hover:bg-blue-700 focus:ring-blue-500 text-white"[39m
              [36m>[39m
                [36m<svg[39m
                  [33mclass[39m=[32m"-ml-1 mr-2 h-4 w-4"[39m
                  [33mfill[39m=[32m"none"[39m
                  [33mstroke[39m=[32m"currentColor"[39m
                  [33mviewBox[39m=[32m"0 0 24 24"[39m
                [36m>[39m
                  [36m<path[39m
                    [33md[39m=[32m"M14.828 14.828a4 4 0 01-5.656 0M9 10h1m4 0h1m-6 4h.01M21 12a9 9 0 11-18 0 9 9 0 0118 0z"[39m
                    [33mstroke-linecap[39m=[32m"round"[39m
                    [33mstroke-linejoin[39m=[32m"round"[39m
                    [33mstroke-width[39m=[32m"2"[39m
                  [36m/>[39m
                [36m</svg>[39m
                [0mStart Job[0m
              [36m</button>[39m
              [36m<button[39m
                [33maria-label[39m=[32m"Stop job"[39m
                [33mclass[39m=[32m"inline-flex items-center px-4 py-2 border border-transparent text-sm font-medium rounded-md shadow-sm focus:outline-none focus:ring-2 focus:ring-offset-2 transition-colors bg-gray-300 text-gray-500 cursor-not-allowed"[39m
                [33mdisabled[39m=[32m""[39m
              [36m>[39m
                [36m<svg[39m
                  [33mclass[39m=[32m"-ml-1 mr-2 h-4 w-4"[39m
                  [33mfill[39m=[32m"none"[39m
                  [33mstroke[39m=[32m"currentColor"[39m
                  [33mviewBox[39m=[32m"0 0 24 24"[39m
                [36m>[39m
                  [36m<path[39m
                    [33md[39m=[32m"M21 12a9 9 0 11-18 0 9 9 0 0118 0z M9 10a1 1 0 011-1h4a1 1 0 011 1v4a1 1 0 01-1 1h-4a1 1 0 01-1-1v-4z"[39m
                    [33mstroke-linecap[39m=[32m"round"[39m
                    [33mstroke-linejoin[39m=[32m"round"[39m
                    [33mstroke-width[39m=[32m"2"[39m
                  [36m/>[39m
                [36m</svg>[39m
                [0mStop Job[0m
              [36m</button>[39m
              [36m<button[39m
                [33maria-label[39m=[32m"Refresh data"[39m
                [33mclass[39m=[32m"inline-flex items-center px-3 py-2 border border-gray-300 text-sm font-medium rounded-md shadow-sm focus:outline-none focus:ring-2 focus:ring-offset-2 transition-colors bg-white hover:bg-gray-50 focus:ring-blue-500 text-gray-700 border-gray-300"[39m
                [33mtitle[39m=[32m"Refresh job history and statistics"[39m
              [36m>[39m
                [36m<svg[39m
                  [33mclass[39m=[32m"-ml-1 mr-2 h-4 w-4"[39m
                  [33mfill[39m=[32m"none"[39m
                  [33mstroke[39m=[32m"currentColor"[39m
                  [33mviewBox[39m=[32m"0 0 24 24"[39m
                [36m>[39m
                  [36m<path[39m
                    [33md[39m=[32m"M3 12a9 9 0 0 1 9-9 9.75 9.75 0 0 1 6.74 2.74L21 8"[39m
                  [36m/>[39m
                  [36m<path[39m
                    [33md[39m=[32m"M21 3v5h-5"[39m
                  [36m/>[39m
                  [36m<path[39m
                    [33md[39m=[32m"M21 12a9 9 0 0 1-9 9 9.75 9.75 0 0 1-6.74-2.74L3 16"[39m
                  [36m/>[39m
                  [36m<path[39m
                    [33md[39m=[32m"M8 16H3v5"[39m
                  [36m/>[39m
                [36m</svg>[39m
                [0mRefresh[0m
              [36m</button>[39m
              [36m<div[39m
                [33mclass[39m=[32m"flex items-center space-x-2"[39m
              [36m>[39m
                [36m<div[39m
                  [33mclass[39m=[32m"w-2 h-2 rounded-full bg-gray-400"[39m
                [36m/>[39m
                [36m<span[39m
                  [33mclass[39m=[32m"text-sm bg-green-100 text-green-800 px-2 py-1 rounded-full"[39m
                [36m>[39m
                  [0mReady[0m
                [36m</span>[39m
              [36m</div>[39m
            [36m</div>[39m
            [36m<button[39m
              [33mclass[39m=[32m"inline-flex items-center px-4 py-2 border border-transparent text-sm font-medium rounded-md shadow-sm focus:outline-none focus:ring-2 focus:ring-offset-2 transition-colors bg-red-600 hover:bg-red-700 focus:ring-red-500 text-white disabled:opacity-50 disabled:cursor-not-allowed"[39m
              [33mtitle[39m=[32m"Force stop all processes"[39m
            [36m>[39m
              [36m<svg[39m
                [33mclass[39m=[32m"-ml-1 mr-2 h-4 w-4"[39m
                [33mfill[39m=[32m"none"[39m
                [33mstroke[39m=[32m"currentColor"[39m
                [33mviewBox[39m=[32m"0 0 24 24"[39m
              [36m>[39m
                [36m<path[39m
                  [33md[39m=[32m"M12 9v2m0 4h.01m-6.938 4h13.856c1.54 0 2.502-1.667 1.732...
 ❯ Object.getElementError node_modules/@testing-library/dom/dist/config.js:37:19
 ❯ node_modules/@testing-library/dom/dist/query-helpers.js:76:38
 ❯ node_modules/@testing-library/dom/dist/query-helpers.js:52:17
 ❯ node_modules/@testing-library/dom/dist/query-helpers.js:95:19
 ❯ src/renderer/components/Dashboard/__tests__/DashboardPanel.test.tsx:349:19
    347|     
    348|     // Should show loading state initially
    349|     expect(screen.getByText(/Loading job history/)).toBeInTheDocument(…
       |                   ^
    350|   });
    351| 

⎯⎯⎯⎯⎯⎯⎯⎯⎯⎯⎯⎯⎯⎯⎯⎯⎯⎯⎯⎯[101/254]⎯

 FAIL  src/renderer/components/Dashboard/__tests__/DashboardPanel.test.tsx > DashboardPanel > polls for job status updates
AssertionError: expected "spy" to be called 1 times, but got 0 times

Ignored nodes: comments, script, style
[36m<html>[39m
  [36m<head />[39m
  [36m<body>[39m
    [36m<div>[39m
      [36m<div[39m
        [33mclass[39m=[32m"dashboard-panel min-h-screen bg-gray-50"[39m
      [36m>[39m
        [36m<div[39m
          [33mclass[39m=[32m"bg-white border-b border-gray-200 py-3 md:py-4 flex items-center px-6 relative"[39m
        [36m>[39m
          [36m<div[39m
            [33mclass[39m=[32m"flex items-center justify-between w-full flex-wrap gap-y-2"[39m
          [36m>[39m
            [36m<div[39m
              [33mclass[39m=[32m"flex items-center space-x-3"[39m
            [36m>[39m
              [36m<div[39m
                [33mclass[39m=[32m"relative"[39m
              [36m>[39m
                [36m<button[39m
                  [33maria-label[39m=[32m"Open menu"[39m
                  [33mclass[39m=[32m"p-2 rounded-md hover:bg-gray-100 text-gray-700 focus:outline-none focus:ring-2 focus:ring-blue-500"[39m
                  [33mtitle[39m=[32m"Menu"[39m
                [36m>[39m
                  [36m<svg[39m
                    [33mclass[39m=[32m"w-5 h-5"[39m
                    [33mfill[39m=[32m"none"[39m
                    [33mstroke[39m=[32m"currentColor"[39m
                    [33mviewBox[39m=[32m"0 0 24 24"[39m
                  [36m>[39m
                    [36m<path[39m
                      [33md[39m=[32m"M4 6h16M4 12h16M4 18h16"[39m
                      [33mstroke-linecap[39m=[32m"round"[39m
                      [33mstroke-linejoin[39m=[32m"round"[39m
                      [33mstroke-width[39m=[32m"2"[39m
                    [36m/>[39m
                  [36m</svg>[39m
                [36m</button>[39m
              [36m</div>[39m
              [36m<div[39m
                [33mclass[39m=[32m"flex items-center space-x-3"[39m
              [36m>[39m
                [36m<button[39m
                  [33maria-label[39m=[32m"Start job"[39m
                  [33mclass[39m=[32m"inline-flex items-center px-4 py-2 border border-transparent text-sm font-medium rounded-md shadow-sm focus:outline-none focus:ring-2 focus:ring-offset-2 transition-colors bg-blue-600 hover:bg-blue-700 focus:ring-blue-500 text-white"[39m
                [36m>[39m
                  [36m<svg[39m
                    [33mclass[39m=[32m"-ml-1 mr-2 h-4 w-4"[39m
                    [33mfill[39m=[32m"none"[39m
                    [33mstroke[39m=[32m"currentColor"[39m
                    [33mviewBox[39m=[32m"0 0 24 24"[39m
                  [36m>[39m
                    [36m<path[39m
                      [33md[39m=[32m"M14.828 14.828a4 4 0 01-5.656 0M9 10h1m4 0h1m-6 4h.01M21 12a9 9 0 11-18 0 9 9 0 0118 0z"[39m
                      [33mstroke-linecap[39m=[32m"round"[39m
                      [33mstroke-linejoin[39m=[32m"round"[39m
                      [33mstroke-width[39m=[32m"2"[39m
                    [36m/>[39m
                  [36m</svg>[39m
                  [0mStart Job[0m
                [36m</button>[39m
                [36m<button[39m
                  [33maria-label[39m=[32m"Stop job"[39m
                  [33mclass[39m=[32m"inline-flex items-center px-4 py-2 border border-transparent text-sm font-medium rounded-md shadow-sm focus:outline-none focus:ring-2 focus:ring-offset-2 transition-colors bg-gray-300 text-gray-500 cursor-not-allowed"[39m
                  [33mdisabled[39m=[32m""[39m
                [36m>[39m
                  [36m<svg[39m
                    [33mclass[39m=[32m"-ml-1 mr-2 h-4 w-4"[39m
                    [33mfill[39m=[32m"none"[39m
                    [33mstroke[39m=[32m"currentColor"[39m
                    [33mviewBox[39m=[32m"0 0 24 24"[39m
                  [36m>[39m
                    [36m<path[39m
                      [33md[39m=[32m"M21 12a9 9 0 11-18 0 9 9 0 0118 0z M9 10a1 1 0 011-1h4a1 1 0 011 1v4a1 1 0 01-1 1h-4a1 1 0 01-1-1v-4z"[39m
                      [33mstroke-linecap[39m=[32m"round"[39m
                      [33mstroke-linejoin[39m=[32m"round"[39m
                      [33mstroke-width[39m=[32m"2"[39m
                    [36m/>[39m
                  [36m</svg>[39m
                  [0mStop Job[0m
                [36m</button>[39m
                [36m<button[39m
                  [33maria-label[39m=[32m"Refresh data"[39m
                  [33mclass[39m=[32m"inline-flex items-center px-3 py-2 border border-gray-300 text-sm font-medium rounded-md shadow-sm focus:outline-none focus:ring-2 focus:ring-offset-2 transition-colors bg-white hover:bg-gray-50 focus:ring-blue-500 text-gray-700 border-gray-300"[39m
                  [33mtitle[39m=[32m"Refresh job history and statistics"[39m
                [36m>[39m
                  [36m<svg[39m
                    [33mclass[39m=[32m"-ml-1 mr-2 h-4 w-4"[39m
                    [33mfill[39m=[32m"none"[39m
                    [33mstroke[39m=[32m"currentColor"[39m
                    [33mviewBox[39m=[32m"0 0 24 24"[39m
                  [36m>[39m
                    [36m<path[39m
                      [33md[39m=[32m"M3 12a9 9 0 0 1 9-9 9.75 9.75 0 0 1 6.74 2.74L21 8"[39m
                    [36m/>[39m
                    [36m<path[39m
                      [33md[39m=[32m"M21 3v5h-5"[39m
                    [36m/>[39m
                    [36m<path[39m
                      [33md[39m=[32m"M21 12a9 9 0 0 1-9 9 9.75 9.75 0 0 1-6.74-2.74L3 16"[39m
                    [36m/>[39m
                    [36m<path[39m
                      [33md[39m=[32m"M8 16H3v5"[39m
                    [36m/>[39m
                  [36m</svg>[39m
                  [0mRefresh[0m
                [36m</button>[39m
                [36m<div[39m
                  [33mclass[39m=[32m"flex items-center space-x-2"[39m
                [36m>[39m
                  [36m<div[39m
                    [33mclass[39m=[32m"w-2 h-2 rounded-full bg-gray-400"[39m
                  [36m/>[39m
                  [36m<span[39m
                    [33mclass[39m=[32m"text-sm bg-green-100 text-green-800 px-2 py-1 rounded-full"[39m
                  [36m>[39m
                    [0mReady[0m
                  [36m</span>[39m
                [36m</div>[39m
              [36m</div>[39m
              [36m<button[39m
                [33mclass[39m=[32m"inline-flex items-center px-4 py-2 border border-transparent text-sm font-medium rounded-md shadow-sm focus:outline-none focus:ring-2 focus:ring-offset-2 transition-colors bg-red-600 hover:bg-red-700 focus:ring-red-500 text-white disabled:opacity-50 disabled:cursor-not-allowed"[39m
                [33mtitle[39m=[32m"Force stop all processes"[39m
              [36m>[39m
                [36m<svg[39m
                  [33mclass[39m=[32m"-ml-1 mr-2 h-4 w-4"[39m
                  [33mfil...
 ❯ timeout src/renderer/components/Dashboard/__tests__/DashboardPanel.test.tsx:368:44
    366|     // Wait for multiple polls
    367|     await waitFor(() => {
    368|       expect(mockElectronAPI.getJobStatus).toHaveBeenCalledTimes(1);
       |                                            ^
    369|     }, { timeout: 2000 });
    370|   });
 ❯ runWithExpensiveErrorDiagnosticsDisabled node_modules/@testing-library/dom/dist/config.js:47:12
 ❯ checkCallback node_modules/@testing-library/dom/dist/wait-for.js:124:77
 ❯ Timeout.checkRealTimersCallback node_modules/@testing-library/dom/dist/wait-for.js:118:16

⎯⎯⎯⎯⎯⎯⎯⎯⎯⎯⎯⎯⎯⎯⎯⎯⎯⎯⎯⎯[102/254]⎯

 FAIL  src/renderer/components/Dashboard/__tests__/DashboardPanel.test.tsx > DashboardPanel > loads logs when job is running
AssertionError: expected "spy" to be called with arguments: [ 'standard' ]

Number of calls: 0


Ignored nodes: comments, script, style
[36m<html>[39m
  [36m<head />[39m
  [36m<body>[39m
    [36m<div>[39m
      [36m<div[39m
        [33mclass[39m=[32m"dashboard-panel min-h-screen bg-gray-50"[39m
      [36m>[39m
        [36m<div[39m
          [33mclass[39m=[32m"bg-white border-b border-gray-200 py-3 md:py-4 flex items-center px-6 relative"[39m
        [36m>[39m
          [36m<div[39m
            [33mclass[39m=[32m"flex items-center justify-between w-full flex-wrap gap-y-2"[39m
          [36m>[39m
            [36m<div[39m
              [33mclass[39m=[32m"flex items-center space-x-3"[39m
            [36m>[39m
              [36m<div[39m
                [33mclass[39m=[32m"relative"[39m
              [36m>[39m
                [36m<button[39m
                  [33maria-label[39m=[32m"Open menu"[39m
                  [33mclass[39m=[32m"p-2 rounded-md hover:bg-gray-100 text-gray-700 focus:outline-none focus:ring-2 focus:ring-blue-500"[39m
                  [33mtitle[39m=[32m"Menu"[39m
                [36m>[39m
                  [36m<svg[39m
                    [33mclass[39m=[32m"w-5 h-5"[39m
                    [33mfill[39m=[32m"none"[39m
                    [33mstroke[39m=[32m"currentColor"[39m
                    [33mviewBox[39m=[32m"0 0 24 24"[39m
                  [36m>[39m
                    [36m<path[39m
                      [33md[39m=[32m"M4 6h16M4 12h16M4 18h16"[39m
                      [33mstroke-linecap[39m=[32m"round"[39m
                      [33mstroke-linejoin[39m=[32m"round"[39m
                      [33mstroke-width[39m=[32m"2"[39m
                    [36m/>[39m
                  [36m</svg>[39m
                [36m</button>[39m
              [36m</div>[39m
              [36m<div[39m
                [33mclass[39m=[32m"flex items-center space-x-3"[39m
              [36m>[39m
                [36m<button[39m
                  [33maria-label[39m=[32m"Start job"[39m
                  [33mclass[39m=[32m"inline-flex items-center px-4 py-2 border border-transparent text-sm font-medium rounded-md shadow-sm focus:outline-none focus:ring-2 focus:ring-offset-2 transition-colors bg-blue-600 hover:bg-blue-700 focus:ring-blue-500 text-white"[39m
                [36m>[39m
                  [36m<svg[39m
                    [33mclass[39m=[32m"-ml-1 mr-2 h-4 w-4"[39m
                    [33mfill[39m=[32m"none"[39m
                    [33mstroke[39m=[32m"currentColor"[39m
                    [33mviewBox[39m=[32m"0 0 24 24"[39m
                  [36m>[39m
                    [36m<path[39m
                      [33md[39m=[32m"M14.828 14.828a4 4 0 01-5.656 0M9 10h1m4 0h1m-6 4h.01M21 12a9 9 0 11-18 0 9 9 0 0118 0z"[39m
                      [33mstroke-linecap[39m=[32m"round"[39m
                      [33mstroke-linejoin[39m=[32m"round"[39m
                      [33mstroke-width[39m=[32m"2"[39m
                    [36m/>[39m
                  [36m</svg>[39m
                  [0mStart Job[0m
                [36m</button>[39m
                [36m<button[39m
                  [33maria-label[39m=[32m"Stop job"[39m
                  [33mclass[39m=[32m"inline-flex items-center px-4 py-2 border border-transparent text-sm font-medium rounded-md shadow-sm focus:outline-none focus:ring-2 focus:ring-offset-2 transition-colors bg-gray-300 text-gray-500 cursor-not-allowed"[39m
                  [33mdisabled[39m=[32m""[39m
                [36m>[39m
                  [36m<svg[39m
                    [33mclass[39m=[32m"-ml-1 mr-2 h-4 w-4"[39m
                    [33mfill[39m=[32m"none"[39m
                    [33mstroke[39m=[32m"currentColor"[39m
                    [33mviewBox[39m=[32m"0 0 24 24"[39m
                  [36m>[39m
                    [36m<path[39m
                      [33md[39m=[32m"M21 12a9 9 0 11-18 0 9 9 0 0118 0z M9 10a1 1 0 011-1h4a1 1 0 011 1v4a1 1 0 01-1 1h-4a1 1 0 01-1-1v-4z"[39m
                      [33mstroke-linecap[39m=[32m"round"[39m
                      [33mstroke-linejoin[39m=[32m"round"[39m
                      [33mstroke-width[39m=[32m"2"[39m
                    [36m/>[39m
                  [36m</svg>[39m
                  [0mStop Job[0m
                [36m</button>[39m
                [36m<button[39m
                  [33maria-label[39m=[32m"Refresh data"[39m
                  [33mclass[39m=[32m"inline-flex items-center px-3 py-2 border border-gray-300 text-sm font-medium rounded-md shadow-sm focus:outline-none focus:ring-2 focus:ring-offset-2 transition-colors bg-white hover:bg-gray-50 focus:ring-blue-500 text-gray-700 border-gray-300"[39m
                  [33mtitle[39m=[32m"Refresh job history and statistics"[39m
                [36m>[39m
                  [36m<svg[39m
                    [33mclass[39m=[32m"-ml-1 mr-2 h-4 w-4"[39m
                    [33mfill[39m=[32m"none"[39m
                    [33mstroke[39m=[32m"currentColor"[39m
                    [33mviewBox[39m=[32m"0 0 24 24"[39m
                  [36m>[39m
                    [36m<path[39m
                      [33md[39m=[32m"M3 12a9 9 0 0 1 9-9 9.75 9.75 0 0 1 6.74 2.74L21 8"[39m
                    [36m/>[39m
                    [36m<path[39m
                      [33md[39m=[32m"M21 3v5h-5"[39m
                    [36m/>[39m
                    [36m<path[39m
                      [33md[39m=[32m"M21 12a9 9 0 0 1-9 9 9.75 9.75 0 0 1-6.74-2.74L3 16"[39m
                    [36m/>[39m
                    [36m<path[39m
                      [33md[39m=[32m"M8 16H3v5"[39m
                    [36m/>[39m
                  [36m</svg>[39m
                  [0mRefresh[0m
                [36m</button>[39m
                [36m<div[39m
                  [33mclass[39m=[32m"flex items-center space-x-2"[39m
                [36m>[39m
                  [36m<div[39m
                    [33mclass[39m=[32m"w-2 h-2 rounded-full bg-gray-400"[39m
                  [36m/>[39m
                  [36m<span[39m
                    [33mclass[39m=[32m"text-sm bg-green-100 text-green-800 px-2 py-1 rounded-full"[39m
                  [36m>[39m
                    [0mReady[0m
                  [36m</span>[39m
                [36m</div>[39m
              [36m</div>[39m
              [36m<button[39m
                [33mclass[39m=[32m"inline-flex items-center px-4 py-2 border border-transparent text-sm font-medium rounded-md shadow-sm focus:outline-none focus:ring-2 focus:ring-offset-2 transition-colors bg-red-600 hover:bg-red-700 focus:ring-red-500 text-white disabled:opacity-50 disabled:cursor-not-allowed"[39m
                [33mtitle[39m=[32m"Force stop all processes"[39m
              [36m>[39m
                [36m<svg[39m
                  [33mclass[39m=[32m"-ml-1 mr-2 h-4 w-4"[39m
                  [33mfil...
 ❯ src/renderer/components/Dashboard/__tests__/DashboardPanel.test.tsx:397:42
    395|     
    396|     await waitFor(() => {
    397|       expect(mockElectronAPI.getJobLogs).toHaveBeenCalledWith('standar…
       |                                          ^
    398|     });
    399|   });
 ❯ runWithExpensiveErrorDiagnosticsDisabled node_modules/@testing-library/dom/dist/config.js:47:12
 ❯ checkCallback node_modules/@testing-library/dom/dist/wait-for.js:124:77
 ❯ Timeout.checkRealTimersCallback node_modules/@testing-library/dom/dist/wait-for.js:118:16

⎯⎯⎯⎯⎯⎯⎯⎯⎯⎯⎯⎯⎯⎯⎯⎯⎯⎯⎯⎯[103/254]⎯

 FAIL  src/renderer/components/Dashboard/__tests__/DashboardPanel.test.tsx > DashboardPanel > navigates to Single Job View when job view action is triggered
TestingLibraryElementError: Unable to find an element with the text: Test Job. This could be because the text is broken up by multiple elements. In this case, you can provide a function for your text matcher to make your matcher more flexible.

Ignored nodes: comments, script, style
[36m<body>[39m
  [36m<div>[39m
    [36m<div[39m
      [33mclass[39m=[32m"dashboard-panel min-h-screen bg-gray-50"[39m
    [36m>[39m
      [36m<div[39m
        [33mclass[39m=[32m"bg-white border-b border-gray-200 py-3 md:py-4 flex items-center px-6 relative"[39m
      [36m>[39m
        [36m<div[39m
          [33mclass[39m=[32m"flex items-center justify-between w-full flex-wrap gap-y-2"[39m
        [36m>[39m
          [36m<div[39m
            [33mclass[39m=[32m"flex items-center space-x-3"[39m
          [36m>[39m
            [36m<div[39m
              [33mclass[39m=[32m"relative"[39m
            [36m>[39m
              [36m<button[39m
                [33maria-label[39m=[32m"Open menu"[39m
                [33mclass[39m=[32m"p-2 rounded-md hover:bg-gray-100 text-gray-700 focus:outline-none focus:ring-2 focus:ring-blue-500"[39m
                [33mtitle[39m=[32m"Menu"[39m
              [36m>[39m
                [36m<svg[39m
                  [33mclass[39m=[32m"w-5 h-5"[39m
                  [33mfill[39m=[32m"none"[39m
                  [33mstroke[39m=[32m"currentColor"[39m
                  [33mviewBox[39m=[32m"0 0 24 24"[39m
                [36m>[39m
                  [36m<path[39m
                    [33md[39m=[32m"M4 6h16M4 12h16M4 18h16"[39m
                    [33mstroke-linecap[39m=[32m"round"[39m
                    [33mstroke-linejoin[39m=[32m"round"[39m
                    [33mstroke-width[39m=[32m"2"[39m
                  [36m/>[39m
                [36m</svg>[39m
              [36m</button>[39m
            [36m</div>[39m
            [36m<div[39m
              [33mclass[39m=[32m"flex items-center space-x-3"[39m
            [36m>[39m
              [36m<button[39m
                [33maria-label[39m=[32m"Start job"[39m
                [33mclass[39m=[32m"inline-flex items-center px-4 py-2 border border-transparent text-sm font-medium rounded-md shadow-sm focus:outline-none focus:ring-2 focus:ring-offset-2 transition-colors bg-blue-600 hover:bg-blue-700 focus:ring-blue-500 text-white"[39m
              [36m>[39m
                [36m<svg[39m
                  [33mclass[39m=[32m"-ml-1 mr-2 h-4 w-4"[39m
                  [33mfill[39m=[32m"none"[39m
                  [33mstroke[39m=[32m"currentColor"[39m
                  [33mviewBox[39m=[32m"0 0 24 24"[39m
                [36m>[39m
                  [36m<path[39m
                    [33md[39m=[32m"M14.828 14.828a4 4 0 01-5.656 0M9 10h1m4 0h1m-6 4h.01M21 12a9 9 0 11-18 0 9 9 0 0118 0z"[39m
                    [33mstroke-linecap[39m=[32m"round"[39m
                    [33mstroke-linejoin[39m=[32m"round"[39m
                    [33mstroke-width[39m=[32m"2"[39m
                  [36m/>[39m
                [36m</svg>[39m
                [0mStart Job[0m
              [36m</button>[39m
              [36m<button[39m
                [33maria-label[39m=[32m"Stop job"[39m
                [33mclass[39m=[32m"inline-flex items-center px-4 py-2 border border-transparent text-sm font-medium rounded-md shadow-sm focus:outline-none focus:ring-2 focus:ring-offset-2 transition-colors bg-gray-300 text-gray-500 cursor-not-allowed"[39m
                [33mdisabled[39m=[32m""[39m
              [36m>[39m
                [36m<svg[39m
                  [33mclass[39m=[32m"-ml-1 mr-2 h-4 w-4"[39m
                  [33mfill[39m=[32m"none"[39m
                  [33mstroke[39m=[32m"currentColor"[39m
                  [33mviewBox[39m=[32m"0 0 24 24"[39m
                [36m>[39m
                  [36m<path[39m
                    [33md[39m=[32m"M21 12a9 9 0 11-18 0 9 9 0 0118 0z M9 10a1 1 0 011-1h4a1 1 0 011 1v4a1 1 0 01-1 1h-4a1 1 0 01-1-1v-4z"[39m
                    [33mstroke-linecap[39m=[32m"round"[39m
                    [33mstroke-linejoin[39m=[32m"round"[39m
                    [33mstroke-width[39m=[32m"2"[39m
                  [36m/>[39m
                [36m</svg>[39m
                [0mStop Job[0m
              [36m</button>[39m
              [36m<button[39m
                [33maria-label[39m=[32m"Refresh data"[39m
                [33mclass[39m=[32m"inline-flex items-center px-3 py-2 border border-gray-300 text-sm font-medium rounded-md shadow-sm focus:outline-none focus:ring-2 focus:ring-offset-2 transition-colors bg-white hover:bg-gray-50 focus:ring-blue-500 text-gray-700 border-gray-300"[39m
                [33mtitle[39m=[32m"Refresh job history and statistics"[39m
              [36m>[39m
                [36m<svg[39m
                  [33mclass[39m=[32m"-ml-1 mr-2 h-4 w-4"[39m
                  [33mfill[39m=[32m"none"[39m
                  [33mstroke[39m=[32m"currentColor"[39m
                  [33mviewBox[39m=[32m"0 0 24 24"[39m
                [36m>[39m
                  [36m<path[39m
                    [33md[39m=[32m"M3 12a9 9 0 0 1 9-9 9.75 9.75 0 0 1 6.74 2.74L21 8"[39m
                  [36m/>[39m
                  [36m<path[39m
                    [33md[39m=[32m"M21 3v5h-5"[39m
                  [36m/>[39m
                  [36m<path[39m
                    [33md[39m=[32m"M21 12a9 9 0 0 1-9 9 9.75 9.75 0 0 1-6.74-2.74L3 16"[39m
                  [36m/>[39m
                  [36m<path[39m
                    [33md[39m=[32m"M8 16H3v5"[39m
                  [36m/>[39m
                [36m</svg>[39m
                [0mRefresh[0m
              [36m</button>[39m
              [36m<div[39m
                [33mclass[39m=[32m"flex items-center space-x-2"[39m
              [36m>[39m
                [36m<div[39m
                  [33mclass[39m=[32m"w-2 h-2 rounded-full bg-gray-400"[39m
                [36m/>[39m
                [36m<span[39m
                  [33mclass[39m=[32m"text-sm bg-green-100 text-green-800 px-2 py-1 rounded-full"[39m
                [36m>[39m
                  [0mReady[0m
                [36m</span>[39m
              [36m</div>[39m
            [36m</div>[39m
            [36m<button[39m
              [33mclass[39m=[32m"inline-flex items-center px-4 py-2 border border-transparent text-sm font-medium rounded-md shadow-sm focus:outline-none focus:ring-2 focus:ring-offset-2 transition-colors bg-red-600 hover:bg-red-700 focus:ring-red-500 text-white disabled:opacity-50 disabled:cursor-not-allowed"[39m
              [33mtitle[39m=[32m"Force stop all processes"[39m
            [36m>[39m
              [36m<svg[39m
                [33mclass[39m=[32m"-ml-1 mr-2 h-4 w-4"[39m
                [33mfill[39m=[32m"none"[39m
                [33mstroke[39m=[32m"currentColor"[39m
                [33mviewBox[39m=[32m"0 0 24 24"[39m
              [36m>[39m
                [36m<path[39m
                  [33md[39m=[32m"M12 9v2m0 4h.01m-6.938 4h13.856c1.54 0 2.502-1.667 1.732...

Ignored nodes: comments, script, style
[36m<html>[39m
  [36m<head />[39m
  [36m<body>[39m
    [36m<div>[39m
      [36m<div[39m
        [33mclass[39m=[32m"dashboard-panel min-h-screen bg-gray-50"[39m
      [36m>[39m
        [36m<div[39m
          [33mclass[39m=[32m"bg-white border-b border-gray-200 py-3 md:py-4 flex items-center px-6 relative"[39m
        [36m>[39m
          [36m<div[39m
            [33mclass[39m=[32m"flex items-center justify-between w-full flex-wrap gap-y-2"[39m
          [36m>[39m
            [36m<div[39m
              [33mclass[39m=[32m"flex items-center space-x-3"[39m
            [36m>[39m
              [36m<div[39m
                [33mclass[39m=[32m"relative"[39m
              [36m>[39m
                [36m<button[39m
                  [33maria-label[39m=[32m"Open menu"[39m
                  [33mclass[39m=[32m"p-2 rounded-md hover:bg-gray-100 text-gray-700 focus:outline-none focus:ring-2 focus:ring-blue-500"[39m
                  [33mtitle[39m=[32m"Menu"[39m
                [36m>[39m
                  [36m<svg[39m
                    [33mclass[39m=[32m"w-5 h-5"[39m
                    [33mfill[39m=[32m"none"[39m
                    [33mstroke[39m=[32m"currentColor"[39m
                    [33mviewBox[39m=[32m"0 0 24 24"[39m
                  [36m>[39m
                    [36m<path[39m
                      [33md[39m=[32m"M4 6h16M4 12h16M4 18h16"[39m
                      [33mstroke-linecap[39m=[32m"round"[39m
                      [33mstroke-linejoin[39m=[32m"round"[39m
                      [33mstroke-width[39m=[32m"2"[39m
                    [36m/>[39m
                  [36m</svg>[39m
                [36m</button>[39m
              [36m</div>[39m
              [36m<div[39m
                [33mclass[39m=[32m"flex items-center space-x-3"[39m
              [36m>[39m
                [36m<button[39m
                  [33maria-label[39m=[32m"Start job"[39m
                  [33mclass[39m=[32m"inline-flex items-center px-4 py-2 border border-transparent text-sm font-medium rounded-md shadow-sm focus:outline-none focus:ring-2 focus:ring-offset-2 transition-colors bg-blue-600 hover:bg-blue-700 focus:ring-blue-500 text-white"[39m
                [36m>[39m
                  [36m<svg[39m
                    [33mclass[39m=[32m"-ml-1 mr-2 h-4 w-4"[39m
                    [33mfill[39m=[32m"none"[39m
                    [33mstroke[39m=[32m"currentColor"[39m
                    [33mviewBox[39m=[32m"0 0 24 24"[39m
                  [36m>[39m
                    [36m<path[39m
                      [33md[39m=[32m"M14.828 14.828a4 4 0 01-5.656 0M9 10h1m4 0h1m-6 4h.01M21 12a9 9 0 11-18 0 9 9 0 0118 0z"[39m
                      [33mstroke-linecap[39m=[32m"round"[39m
                      [33mstroke-linejoin[39m=[32m"round"[39m
                      [33mstroke-width[39m=[32m"2"[39m
                    [36m/>[39m
                  [36m</svg>[39m
                  [0mStart Job[0m
                [36m</button>[39m
                [36m<button[39m
                  [33maria-label[39m=[32m"Stop job"[39m
                  [33mclass[39m=[32m"inline-flex items-center px-4 py-2 border border-transparent text-sm font-medium rounded-md shadow-sm focus:outline-none focus:ring-2 focus:ring-offset-2 transition-colors bg-gray-300 text-gray-500 cursor-not-allowed"[39m
                  [33mdisabled[39m=[32m""[39m
                [36m>[39m
                  [36m<svg[39m
                    [33mclass[39m=[32m"-ml-1 mr-2 h-4 w-4"[39m
                    [33mfill[39m=[32m"none"[39m
                    [33mstroke[39m=[32m"currentColor"[39m
                    [33mviewBox[39m=[32m"0 0 24 24"[39m
                  [36m>[39m
                    [36m<path[39m
                      [33md[39m=[32m"M21 12a9 9 0 11-18 0 9 9 0 0118 0z M9 10a1 1 0 011-1h4a1 1 0 011 1v4a1 1 0 01-1 1h-4a1 1 0 01-1-1v-4z"[39m
                      [33mstroke-linecap[39m=[32m"round"[39m
                      [33mstroke-linejoin[39m=[32m"round"[39m
                      [33mstroke-width[39m=[32m"2"[39m
                    [36m/>[39m
                  [36m</svg>[39m
                  [0mStop Job[0m
                [36m</button>[39m
                [36m<button[39m
                  [33maria-label[39m=[32m"Refresh data"[39m
                  [33mclass[39m=[32m"inline-flex items-center px-3 py-2 border border-gray-300 text-sm font-medium rounded-md shadow-sm focus:outline-none focus:ring-2 focus:ring-offset-2 transition-colors bg-white hover:bg-gray-50 focus:ring-blue-500 text-gray-700 border-gray-300"[39m
                  [33mtitle[39m=[32m"Refresh job history and statistics"[39m
                [36m>[39m
                  [36m<svg[39m
                    [33mclass[39m=[32m"-ml-1 mr-2 h-4 w-4"[39m
                    [33mfill[39m=[32m"none"[39m
                    [33mstroke[39m=[32m"currentColor"[39m
                    [33mviewBox[39m=[32m"0 0 24 24"[39m
                  [36m>[39m
                    [36m<path[39m
                      [33md[39m=[32m"M3 12a9 9 0 0 1 9-9 9.75 9.75 0 0 1 6.74 2.74L21 8"[39m
                    [36m/>[39m
                    [36m<path[39m
                      [33md[39m=[32m"M21 3v5h-5"[39m
                    [36m/>[39m
                    [36m<path[39m
                      [33md[39m=[32m"M21 12a9 9 0 0 1-9 9 9.75 9.75 0 0 1-6.74-2.74L3 16"[39m
                    [36m/>[39m
                    [36m<path[39m
                      [33md[39m=[32m"M8 16H3v5"[39m
                    [36m/>[39m
                  [36m</svg>[39m
                  [0mRefresh[0m
                [36m</button>[39m
                [36m<div[39m
                  [33mclass[39m=[32m"flex items-center space-x-2"[39m
                [36m>[39m
                  [36m<div[39m
                    [33mclass[39m=[32m"w-2 h-2 rounded-full bg-gray-400"[39m
                  [36m/>[39m
                  [36m<span[39m
                    [33mclass[39m=[32m"text-sm bg-green-100 text-green-800 px-2 py-1 rounded-full"[39m
                  [36m>[39m
                    [0mReady[0m
                  [36m</span>[39m
                [36m</div>[39m
              [36m</div>[39m
              [36m<button[39m
                [33mclass[39m=[32m"inline-flex items-center px-4 py-2 border border-transparent text-sm font-medium rounded-md shadow-sm focus:outline-none focus:ring-2 focus:ring-offset-2 transition-colors bg-red-600 hover:bg-red-700 focus:ring-red-500 text-white disabled:opacity-50 disabled:cursor-not-allowed"[39m
                [33mtitle[39m=[32m"Force stop all processes"[39m
              [36m>[39m
                [36m<svg[39m
                  [33mclass[39m=[32m"-ml-1 mr-2 h-4 w-4"[39m
                  [33mfil...
 ❯ waitForWrapper node_modules/@testing-library/dom/dist/wait-for.js:163:27
 ❯ src/renderer/components/Dashboard/__tests__/DashboardPanel.test.tsx:431:11
    429|     
    430|     // Wait for job to be loaded
    431|     await waitFor(() => {
       |           ^
    432|       expect(screen.getByText('Test Job')).toBeInTheDocument();
    433|     });

⎯⎯⎯⎯⎯⎯⎯⎯⎯⎯⎯⎯⎯⎯⎯⎯⎯⎯⎯⎯[104/254]⎯

 FAIL  src/renderer/components/Dashboard/__tests__/FailedImageCard.test.tsx > FailedImageCard > Component Rendering > displays the generation prompt
TestingLibraryElementError: Unable to find an element with the text: A beautiful sunset over mountains with dramatic clouds. This could be because the text is broken up by multiple elements. In this case, you can provide a function for your text matcher to make your matcher more flexible.

Ignored nodes: comments, script, style
[36m<body>[39m
  [36m<div>[39m
    [36m<div[39m
      [33mclass[39m=[32m"relative bg-white border rounded-lg overflow-hidden transition-colors border-gray-200 hover:border-gray-300 hover:bg-gray-50"[39m
      [33mdata-testid[39m=[32m"failed-image-card-test-image-1"[39m
    [36m>[39m
      [36m<div[39m
        [33mclass[39m=[32m"absolute top-2 right-2 z-10"[39m
      [36m>[39m
        [36m<input[39m
          [33mclass[39m=[32m"rounded border-gray-300 text-blue-600 focus:ring-blue-500"[39m
          [33mdata-testid[39m=[32m"select-test-image-1"[39m
          [33mtype[39m=[32m"checkbox"[39m
        [36m/>[39m
      [36m</div>[39m
      [36m<div[39m
        [33mclass[39m=[32m"relative aspect-square"[39m
      [36m>[39m
        [36m<img[39m
          [33malt[39m=[32m"Failed image test-image-1"[39m
          [33mclass[39m=[32m"w-full h-full object-cover"[39m
          [33msrc[39m=[32m"local-file:///path/to/test-image.jpg"[39m
        [36m/>[39m
        [36m<div[39m
          [33mclass[39m=[32m"absolute top-2 left-2"[39m
        [36m>[39m
          [36m<span[39m
            [33mclass[39m=[32m"inline-flex items-center gap-1 px-2 py-1 rounded-full text-sm font-medium border bg-red-100 text-red-800 border-red-200"[39m
          [36m>[39m
            [36m<svg[39m
              [33maria-hidden[39m=[32m"true"[39m
              [33mclass[39m=[32m"w-4 h-4"[39m
              [33mfill[39m=[32m"none"[39m
              [33mstroke[39m=[32m"currentColor"[39m
              [33mviewBox[39m=[32m"0 0 24 24"[39m
            [36m>[39m
              [36m<path[39m
                [33md[39m=[32m"M12 9v4m0 4h.01M10.29 3.86L1.82 18a2 2 0 001.71 3h16.94a2 2 0 001.71-3L13.71 3.86a2 2 0 00-3.42 0z"[39m
                [33mstroke-linecap[39m=[32m"round"[39m
                [33mstroke-linejoin[39m=[32m"round"[39m
                [33mstroke-width[39m=[32m"2"[39m
              [36m/>[39m
            [36m</svg>[39m
            [0mQC Failed[0m
          [36m</span>[39m
        [36m</div>[39m
        [36m<div[39m
          [33mclass[39m=[32m"absolute inset-0 bg-black bg-opacity-0 hover:bg-opacity-40 transition-all duration-200 flex items-center justify-center opacity-0 hover:opacity-100"[39m
        [36m>[39m
          [36m<div[39m
            [33mclass[39m=[32m"flex items-center space-x-2"[39m
          [36m>[39m
            [36m<button[39m
              [33maria-label[39m=[32m"View"[39m
              [33mclass[39m=[32m"p-2 bg-gray-600 text-white rounded-full hover:bg-gray-700"[39m
              [33mtitle[39m=[32m"View"[39m
            [36m>[39m
              [36m<svg[39m
                [33mclass[39m=[32m"w-4 h-4"[39m
                [33mfill[39m=[32m"none"[39m
                [33mstroke[39m=[32m"currentColor"[39m
                [33mviewBox[39m=[32m"0 0 24 24"[39m
              [36m>[39m
                [36m<path[39m
                  [33md[39m=[32m"M15 12a3 3 0 11-6 0 3 3 0 016 0z"[39m
                  [33mstroke-linecap[39m=[32m"round"[39m
                  [33mstroke-linejoin[39m=[32m"round"[39m
                  [33mstroke-width[39m=[32m"2"[39m
                [36m/>[39m
                [36m<path[39m
                  [33md[39m=[32m"M2.458 12C3.732 7.943 7.523 5 12 5c4.478 0 8.268 2.943 9.542 7-1.274 4.057-5.064 7-9.542 7-4.477 0-8.268-2.943-9.542-7z"[39m
                  [33mstroke-linecap[39m=[32m"round"[39m
                  [33mstroke-linejoin[39m=[32m"round"[39m
                  [33mstroke-width[39m=[32m"2"[39m
                [36m/>[39m
              [36m</svg>[39m
            [36m</button>[39m
            [36m<button[39m
              [33maria-label[39m=[32m"Approve"[39m
              [33mclass[39m=[32m"p-2 bg-green-600 text-white rounded-full hover:bg-green-700"[39m
              [33mtitle[39m=[32m"Approve"[39m
            [36m>[39m
              [36m<svg[39m
                [33mclass[39m=[32m"w-4 h-4"[39m
                [33mfill[39m=[32m"none"[39m
                [33mstroke[39m=[32m"currentColor"[39m
                [33mviewBox[39m=[32m"0 0 24 24"[39m
              [36m>[39m
                [36m<path[39m
                  [33md[39m=[32m"M5 13l4 4L19 7"[39m
                  [33mstroke-linecap[39m=[32m"round"[39m
                  [33mstroke-linejoin[39m=[32m"round"[39m
                  [33mstroke-width[39m=[32m"2"[39m
                [36m/>[39m
              [36m</svg>[39m
            [36m</button>[39m
            [36m<button[39m
              [33maria-label[39m=[32m"Add to Retry"[39m
              [33mclass[39m=[32m"p-2 bg-blue-600 text-white rounded-full hover:bg-blue-700"[39m
              [33mtitle[39m=[32m"Add to Retry"[39m
            [36m>[39m
              [36m<svg[39m
                [33mclass[39m=[32m"w-4 h-4"[39m
                [33mfill[39m=[32m"none"[39m
                [33mstroke[39m=[32m"currentColor"[39m
                [33mstroke-linecap[39m=[32m"round"[39m
                [33mstroke-linejoin[39m=[32m"round"[39m
                [33mstroke-width[39m=[32m"2"[39m
                [33mviewBox[39m=[32m"0 0 24 24"[39m
              [36m>[39m
                [36m<path[39m
                  [33md[39m=[32m"m15 14 5-5-5-5"[39m
                [36m/>[39m
                [36m<path[39m
                  [33md[39m=[32m"M20 9H9.5A5.5 5.5 0 0 0 4 14.5 5.5 5.5 0 0 0 9.5 20H13"[39m
                [36m/>[39m
              [36m</svg>[39m
            [36m</button>[39m
            [36m<button[39m
              [33maria-label[39m=[32m"Delete"[39m
              [33mclass[39m=[32m"p-2 bg-red-600 text-white rounded-full hover:bg-red-700"[39m
              [33mtitle[39m=[32m"Delete"[39m
            [36m>[39m
              [36m<svg[39m
                [33mclass[39m=[32m"w-4 h-4"[39m
                [33mfill[39m=[32m"none"[39m
                [33mstroke[39m=[32m"currentColor"[39m
                [33mviewBox[39m=[32m"0 0 24 24"[39m
              [36m>[39m
                [36m<path[39m
                  [33md[39m=[32m"M19 7l-.867 12.142A2 2 0 0116.138 21H7.862a2 2 0 01-1.995-1.858L5 7m5 4v6m4-6v6m1-10V4a1 1 0 00-1-1h-4a1 1 0 00-1 1v3M4 7h16"[39m
                  [33mstroke-linecap[39m=[32m"round"[39m
                  [33mstroke-linejoin[39m=[32m"round"[39m
                  [33mstroke-width[39m=[32m"2"[39m
                [36m/>[39m
              [36m</svg>[39m
            [36m</button>[39m
          [36m</div>[39m
        [36m</div>[39m
      [36m</div>[39m
      [36m<div[39m
        [33mclass[39m=[32m"p-3"[39m
      [36m>[39m
        [36m<div[39m
          [33mclass[39m=[32m"text-xs font-medium text-gray-900 truncate"[39m
          [33mtitle[39m=[32m"Mountain Sunset"[39m
        [36m>[39m
          [0mMountain Sunset[0m
        [36m</div>[39m
        [36m<div[39m
          [33mclass[39m=[32m"text-xs text-red-600 mb-2 p-2 bg-red-50 rounded border border-red-200"[39m
        [36m>[39m
          [36m<strong>[39m
            [0mFailure:[0m
          [36m</strong>[39m
          [0m [0m
          [0mPoor image quality - too dark and blurry[0m
        [36m</div>[39m
        [36m<div[39m
          [33mclass[39m=[32m"text-xs text-gray-500 truncate mb-2"[39m
          [33mtitle[39m=[32m"Job exec-123"[39m
        [36m>[39m
          [0mJob exec-123[0m
        [36m</div>[39m
        [36m<div[39m
          [33mclass[39m=[32m"flex items-center justify-between text-xs text-gray-500 mb-3"[39m
        [36m>[39m
          [36m<div[39m
            [33mclass[39m=[32m"flex items-center space-x-2"[39m
          [36m>[39m
            [36m<span[39m
              [33mclass[39m=[32m"font-mono"[39m
              [33mtitle[39m=[32m"Seed: 12345"[39m
            [36m>[39m
              [0m12345[0m
            [36m</span>[39m
          [36m</div>[39m
          [36m<div[39m
            [33mtitle[39m=[32m"1/15/2024"[39m
          [36m>[39m
            [0m1/15/2024[0m
          [36m</div>[39m
        [36m</div>[39m
      [36m</div>[39m
    [36m</div>[39m
  [36m</div>[39m
[36m</body>[39m
 ❯ Object.getElementError node_modules/@testing-library/dom/dist/config.js:37:19
 ❯ node_modules/@testing-library/dom/dist/query-helpers.js:76:38
 ❯ node_modules/@testing-library/dom/dist/query-helpers.js:52:17
 ❯ node_modules/@testing-library/dom/dist/query-helpers.js:95:19
 ❯ src/renderer/components/Dashboard/__tests__/FailedImageCard.test.tsx:68:21
     66|       );
     67| 
     68|       expect(screen.getByText('A beautiful sunset over mountains with …
       |                     ^
     69|     });
     70| 

⎯⎯⎯⎯⎯⎯⎯⎯⎯⎯⎯⎯⎯⎯⎯⎯⎯⎯⎯⎯[105/254]⎯

 FAIL  src/renderer/components/Dashboard/__tests__/FailedImageCard.test.tsx > FailedImageCard > Component Rendering > shows the seed value when available
TestingLibraryElementError: Unable to find an element with the text: 12345 (normalized from ' 12345'). This could be because the text is broken up by multiple elements. In this case, you can provide a function for your text matcher to make your matcher more flexible.

Ignored nodes: comments, script, style
[36m<body>[39m
  [36m<div>[39m
    [36m<div[39m
      [33mclass[39m=[32m"relative bg-white border rounded-lg overflow-hidden transition-colors border-gray-200 hover:border-gray-300 hover:bg-gray-50"[39m
      [33mdata-testid[39m=[32m"failed-image-card-test-image-1"[39m
    [36m>[39m
      [36m<div[39m
        [33mclass[39m=[32m"absolute top-2 right-2 z-10"[39m
      [36m>[39m
        [36m<input[39m
          [33mclass[39m=[32m"rounded border-gray-300 text-blue-600 focus:ring-blue-500"[39m
          [33mdata-testid[39m=[32m"select-test-image-1"[39m
          [33mtype[39m=[32m"checkbox"[39m
        [36m/>[39m
      [36m</div>[39m
      [36m<div[39m
        [33mclass[39m=[32m"relative aspect-square"[39m
      [36m>[39m
        [36m<img[39m
          [33malt[39m=[32m"Failed image test-image-1"[39m
          [33mclass[39m=[32m"w-full h-full object-cover"[39m
          [33msrc[39m=[32m"local-file:///path/to/test-image.jpg"[39m
        [36m/>[39m
        [36m<div[39m
          [33mclass[39m=[32m"absolute top-2 left-2"[39m
        [36m>[39m
          [36m<span[39m
            [33mclass[39m=[32m"inline-flex items-center gap-1 px-2 py-1 rounded-full text-sm font-medium border bg-red-100 text-red-800 border-red-200"[39m
          [36m>[39m
            [36m<svg[39m
              [33maria-hidden[39m=[32m"true"[39m
              [33mclass[39m=[32m"w-4 h-4"[39m
              [33mfill[39m=[32m"none"[39m
              [33mstroke[39m=[32m"currentColor"[39m
              [33mviewBox[39m=[32m"0 0 24 24"[39m
            [36m>[39m
              [36m<path[39m
                [33md[39m=[32m"M12 9v4m0 4h.01M10.29 3.86L1.82 18a2 2 0 001.71 3h16.94a2 2 0 001.71-3L13.71 3.86a2 2 0 00-3.42 0z"[39m
                [33mstroke-linecap[39m=[32m"round"[39m
                [33mstroke-linejoin[39m=[32m"round"[39m
                [33mstroke-width[39m=[32m"2"[39m
              [36m/>[39m
            [36m</svg>[39m
            [0mQC Failed[0m
          [36m</span>[39m
        [36m</div>[39m
        [36m<div[39m
          [33mclass[39m=[32m"absolute inset-0 bg-black bg-opacity-0 hover:bg-opacity-40 transition-all duration-200 flex items-center justify-center opacity-0 hover:opacity-100"[39m
        [36m>[39m
          [36m<div[39m
            [33mclass[39m=[32m"flex items-center space-x-2"[39m
          [36m>[39m
            [36m<button[39m
              [33maria-label[39m=[32m"View"[39m
              [33mclass[39m=[32m"p-2 bg-gray-600 text-white rounded-full hover:bg-gray-700"[39m
              [33mtitle[39m=[32m"View"[39m
            [36m>[39m
              [36m<svg[39m
                [33mclass[39m=[32m"w-4 h-4"[39m
                [33mfill[39m=[32m"none"[39m
                [33mstroke[39m=[32m"currentColor"[39m
                [33mviewBox[39m=[32m"0 0 24 24"[39m
              [36m>[39m
                [36m<path[39m
                  [33md[39m=[32m"M15 12a3 3 0 11-6 0 3 3 0 016 0z"[39m
                  [33mstroke-linecap[39m=[32m"round"[39m
                  [33mstroke-linejoin[39m=[32m"round"[39m
                  [33mstroke-width[39m=[32m"2"[39m
                [36m/>[39m
                [36m<path[39m
                  [33md[39m=[32m"M2.458 12C3.732 7.943 7.523 5 12 5c4.478 0 8.268 2.943 9.542 7-1.274 4.057-5.064 7-9.542 7-4.477 0-8.268-2.943-9.542-7z"[39m
                  [33mstroke-linecap[39m=[32m"round"[39m
                  [33mstroke-linejoin[39m=[32m"round"[39m
                  [33mstroke-width[39m=[32m"2"[39m
                [36m/>[39m
              [36m</svg>[39m
            [36m</button>[39m
            [36m<button[39m
              [33maria-label[39m=[32m"Approve"[39m
              [33mclass[39m=[32m"p-2 bg-green-600 text-white rounded-full hover:bg-green-700"[39m
              [33mtitle[39m=[32m"Approve"[39m
            [36m>[39m
              [36m<svg[39m
                [33mclass[39m=[32m"w-4 h-4"[39m
                [33mfill[39m=[32m"none"[39m
                [33mstroke[39m=[32m"currentColor"[39m
                [33mviewBox[39m=[32m"0 0 24 24"[39m
              [36m>[39m
                [36m<path[39m
                  [33md[39m=[32m"M5 13l4 4L19 7"[39m
                  [33mstroke-linecap[39m=[32m"round"[39m
                  [33mstroke-linejoin[39m=[32m"round"[39m
                  [33mstroke-width[39m=[32m"2"[39m
                [36m/>[39m
              [36m</svg>[39m
            [36m</button>[39m
            [36m<button[39m
              [33maria-label[39m=[32m"Add to Retry"[39m
              [33mclass[39m=[32m"p-2 bg-blue-600 text-white rounded-full hover:bg-blue-700"[39m
              [33mtitle[39m=[32m"Add to Retry"[39m
            [36m>[39m
              [36m<svg[39m
                [33mclass[39m=[32m"w-4 h-4"[39m
                [33mfill[39m=[32m"none"[39m
                [33mstroke[39m=[32m"currentColor"[39m
                [33mstroke-linecap[39m=[32m"round"[39m
                [33mstroke-linejoin[39m=[32m"round"[39m
                [33mstroke-width[39m=[32m"2"[39m
                [33mviewBox[39m=[32m"0 0 24 24"[39m
              [36m>[39m
                [36m<path[39m
                  [33md[39m=[32m"m15 14 5-5-5-5"[39m
                [36m/>[39m
                [36m<path[39m
                  [33md[39m=[32m"M20 9H9.5A5.5 5.5 0 0 0 4 14.5 5.5 5.5 0 0 0 9.5 20H13"[39m
                [36m/>[39m
              [36m</svg>[39m
            [36m</button>[39m
            [36m<button[39m
              [33maria-label[39m=[32m"Delete"[39m
              [33mclass[39m=[32m"p-2 bg-red-600 text-white rounded-full hover:bg-red-700"[39m
              [33mtitle[39m=[32m"Delete"[39m
            [36m>[39m
              [36m<svg[39m
                [33mclass[39m=[32m"w-4 h-4"[39m
                [33mfill[39m=[32m"none"[39m
                [33mstroke[39m=[32m"currentColor"[39m
                [33mviewBox[39m=[32m"0 0 24 24"[39m
              [36m>[39m
                [36m<path[39m
                  [33md[39m=[32m"M19 7l-.867 12.142A2 2 0 0116.138 21H7.862a2 2 0 01-1.995-1.858L5 7m5 4v6m4-6v6m1-10V4a1 1 0 00-1-1h-4a1 1 0 00-1 1v3M4 7h16"[39m
                  [33mstroke-linecap[39m=[32m"round"[39m
                  [33mstroke-linejoin[39m=[32m"round"[39m
                  [33mstroke-width[39m=[32m"2"[39m
                [36m/>[39m
              [36m</svg>[39m
            [36m</button>[39m
          [36m</div>[39m
        [36m</div>[39m
      [36m</div>[39m
      [36m<div[39m
        [33mclass[39m=[32m"p-3"[39m
      [36m>[39m
        [36m<div[39m
          [33mclass[39m=[32m"text-xs font-medium text-gray-900 truncate"[39m
          [33mtitle[39m=[32m"Mountain Sunset"[39m
        [36m>[39m
          [0mMountain Sunset[0m
        [36m</div>[39m
        [36m<div[39m
          [33mclass[39m=[32m"text-xs text-red-600 mb-2 p-2 bg-red-50 rounded border border-red-200"[39m
        [36m>[39m
          [36m<strong>[39m
            [0mFailure:[0m
          [36m</strong>[39m
          [0m [0m
          [0mPoor image quality - too dark and blurry[0m
        [36m</div>[39m
        [36m<div[39m
          [33mclass[39m=[32m"text-xs text-gray-500 truncate mb-2"[39m
          [33mtitle[39m=[32m"Job exec-123"[39m
        [36m>[39m
          [0mJob exec-123[0m
        [36m</div>[39m
        [36m<div[39m
          [33mclass[39m=[32m"flex items-center justify-between text-xs text-gray-500 mb-3"[39m
        [36m>[39m
          [36m<div[39m
            [33mclass[39m=[32m"flex items-center space-x-2"[39m
          [36m>[39m
            [36m<span[39m
              [33mclass[39m=[32m"font-mono"[39m
              [33mtitle[39m=[32m"Seed: 12345"[39m
            [36m>[39m
              [0m12345[0m
            [36m</span>[39m
          [36m</div>[39m
          [36m<div[39m
            [33mtitle[39m=[32m"1/15/2024"[39m
          [36m>[39m
            [0m1/15/2024[0m
          [36m</div>[39m
        [36m</div>[39m
      [36m</div>[39m
    [36m</div>[39m
  [36m</div>[39m
[36m</body>[39m
 ❯ Object.getElementError node_modules/@testing-library/dom/dist/config.js:37:19
 ❯ node_modules/@testing-library/dom/dist/query-helpers.js:76:38
 ❯ node_modules/@testing-library/dom/dist/query-helpers.js:52:17
 ❯ node_modules/@testing-library/dom/dist/query-helpers.js:95:19
 ❯ src/renderer/components/Dashboard/__tests__/FailedImageCard.test.tsx:81:21
     79|       );
     80| 
     81|       expect(screen.getByText(' 12345')).toBeInTheDocument();
       |                     ^
     82|     });
     83| 

⎯⎯⎯⎯⎯⎯⎯⎯⎯⎯⎯⎯⎯⎯⎯⎯⎯⎯⎯⎯[106/254]⎯

 FAIL  src/renderer/components/Dashboard/__tests__/FailedImageCard.test.tsx > FailedImageCard > Image Display > renders image when finalImagePath is available
TestingLibraryElementError: Unable to find an element with the alt text: A beautiful sunset over mountains with dramatic clouds

Ignored nodes: comments, script, style
[36m<body>[39m
  [36m<div>[39m
    [36m<div[39m
      [33mclass[39m=[32m"relative bg-white border rounded-lg overflow-hidden transition-colors border-gray-200 hover:border-gray-300 hover:bg-gray-50"[39m
      [33mdata-testid[39m=[32m"failed-image-card-test-image-1"[39m
    [36m>[39m
      [36m<div[39m
        [33mclass[39m=[32m"absolute top-2 right-2 z-10"[39m
      [36m>[39m
        [36m<input[39m
          [33mclass[39m=[32m"rounded border-gray-300 text-blue-600 focus:ring-blue-500"[39m
          [33mdata-testid[39m=[32m"select-test-image-1"[39m
          [33mtype[39m=[32m"checkbox"[39m
        [36m/>[39m
      [36m</div>[39m
      [36m<div[39m
        [33mclass[39m=[32m"relative aspect-square"[39m
      [36m>[39m
        [36m<img[39m
          [33malt[39m=[32m"Failed image test-image-1"[39m
          [33mclass[39m=[32m"w-full h-full object-cover"[39m
          [33msrc[39m=[32m"local-file:///path/to/test-image.jpg"[39m
        [36m/>[39m
        [36m<div[39m
          [33mclass[39m=[32m"absolute top-2 left-2"[39m
        [36m>[39m
          [36m<span[39m
            [33mclass[39m=[32m"inline-flex items-center gap-1 px-2 py-1 rounded-full text-sm font-medium border bg-red-100 text-red-800 border-red-200"[39m
          [36m>[39m
            [36m<svg[39m
              [33maria-hidden[39m=[32m"true"[39m
              [33mclass[39m=[32m"w-4 h-4"[39m
              [33mfill[39m=[32m"none"[39m
              [33mstroke[39m=[32m"currentColor"[39m
              [33mviewBox[39m=[32m"0 0 24 24"[39m
            [36m>[39m
              [36m<path[39m
                [33md[39m=[32m"M12 9v4m0 4h.01M10.29 3.86L1.82 18a2 2 0 001.71 3h16.94a2 2 0 001.71-3L13.71 3.86a2 2 0 00-3.42 0z"[39m
                [33mstroke-linecap[39m=[32m"round"[39m
                [33mstroke-linejoin[39m=[32m"round"[39m
                [33mstroke-width[39m=[32m"2"[39m
              [36m/>[39m
            [36m</svg>[39m
            [0mQC Failed[0m
          [36m</span>[39m
        [36m</div>[39m
        [36m<div[39m
          [33mclass[39m=[32m"absolute inset-0 bg-black bg-opacity-0 hover:bg-opacity-40 transition-all duration-200 flex items-center justify-center opacity-0 hover:opacity-100"[39m
        [36m>[39m
          [36m<div[39m
            [33mclass[39m=[32m"flex items-center space-x-2"[39m
          [36m>[39m
            [36m<button[39m
              [33maria-label[39m=[32m"View"[39m
              [33mclass[39m=[32m"p-2 bg-gray-600 text-white rounded-full hover:bg-gray-700"[39m
              [33mtitle[39m=[32m"View"[39m
            [36m>[39m
              [36m<svg[39m
                [33mclass[39m=[32m"w-4 h-4"[39m
                [33mfill[39m=[32m"none"[39m
                [33mstroke[39m=[32m"currentColor"[39m
                [33mviewBox[39m=[32m"0 0 24 24"[39m
              [36m>[39m
                [36m<path[39m
                  [33md[39m=[32m"M15 12a3 3 0 11-6 0 3 3 0 016 0z"[39m
                  [33mstroke-linecap[39m=[32m"round"[39m
                  [33mstroke-linejoin[39m=[32m"round"[39m
                  [33mstroke-width[39m=[32m"2"[39m
                [36m/>[39m
                [36m<path[39m
                  [33md[39m=[32m"M2.458 12C3.732 7.943 7.523 5 12 5c4.478 0 8.268 2.943 9.542 7-1.274 4.057-5.064 7-9.542 7-4.477 0-8.268-2.943-9.542-7z"[39m
                  [33mstroke-linecap[39m=[32m"round"[39m
                  [33mstroke-linejoin[39m=[32m"round"[39m
                  [33mstroke-width[39m=[32m"2"[39m
                [36m/>[39m
              [36m</svg>[39m
            [36m</button>[39m
            [36m<button[39m
              [33maria-label[39m=[32m"Approve"[39m
              [33mclass[39m=[32m"p-2 bg-green-600 text-white rounded-full hover:bg-green-700"[39m
              [33mtitle[39m=[32m"Approve"[39m
            [36m>[39m
              [36m<svg[39m
                [33mclass[39m=[32m"w-4 h-4"[39m
                [33mfill[39m=[32m"none"[39m
                [33mstroke[39m=[32m"currentColor"[39m
                [33mviewBox[39m=[32m"0 0 24 24"[39m
              [36m>[39m
                [36m<path[39m
                  [33md[39m=[32m"M5 13l4 4L19 7"[39m
                  [33mstroke-linecap[39m=[32m"round"[39m
                  [33mstroke-linejoin[39m=[32m"round"[39m
                  [33mstroke-width[39m=[32m"2"[39m
                [36m/>[39m
              [36m</svg>[39m
            [36m</button>[39m
            [36m<button[39m
              [33maria-label[39m=[32m"Add to Retry"[39m
              [33mclass[39m=[32m"p-2 bg-blue-600 text-white rounded-full hover:bg-blue-700"[39m
              [33mtitle[39m=[32m"Add to Retry"[39m
            [36m>[39m
              [36m<svg[39m
                [33mclass[39m=[32m"w-4 h-4"[39m
                [33mfill[39m=[32m"none"[39m
                [33mstroke[39m=[32m"currentColor"[39m
                [33mstroke-linecap[39m=[32m"round"[39m
                [33mstroke-linejoin[39m=[32m"round"[39m
                [33mstroke-width[39m=[32m"2"[39m
                [33mviewBox[39m=[32m"0 0 24 24"[39m
              [36m>[39m
                [36m<path[39m
                  [33md[39m=[32m"m15 14 5-5-5-5"[39m
                [36m/>[39m
                [36m<path[39m
                  [33md[39m=[32m"M20 9H9.5A5.5 5.5 0 0 0 4 14.5 5.5 5.5 0 0 0 9.5 20H13"[39m
                [36m/>[39m
              [36m</svg>[39m
            [36m</button>[39m
            [36m<button[39m
              [33maria-label[39m=[32m"Delete"[39m
              [33mclass[39m=[32m"p-2 bg-red-600 text-white rounded-full hover:bg-red-700"[39m
              [33mtitle[39m=[32m"Delete"[39m
            [36m>[39m
              [36m<svg[39m
                [33mclass[39m=[32m"w-4 h-4"[39m
                [33mfill[39m=[32m"none"[39m
                [33mstroke[39m=[32m"currentColor"[39m
                [33mviewBox[39m=[32m"0 0 24 24"[39m
              [36m>[39m
                [36m<path[39m
                  [33md[39m=[32m"M19 7l-.867 12.142A2 2 0 0116.138 21H7.862a2 2 0 01-1.995-1.858L5 7m5 4v6m4-6v6m1-10V4a1 1 0 00-1-1h-4a1 1 0 00-1 1v3M4 7h16"[39m
                  [33mstroke-linecap[39m=[32m"round"[39m
                  [33mstroke-linejoin[39m=[32m"round"[39m
                  [33mstroke-width[39m=[32m"2"[39m
                [36m/>[39m
              [36m</svg>[39m
            [36m</button>[39m
          [36m</div>[39m
        [36m</div>[39m
      [36m</div>[39m
      [36m<div[39m
        [33mclass[39m=[32m"p-3"[39m
      [36m>[39m
        [36m<div[39m
          [33mclass[39m=[32m"text-xs font-medium text-gray-900 truncate"[39m
          [33mtitle[39m=[32m"Mountain Sunset"[39m
        [36m>[39m
          [0mMountain Sunset[0m
        [36m</div>[39m
        [36m<div[39m
          [33mclass[39m=[32m"text-xs text-red-600 mb-2 p-2 bg-red-50 rounded border border-red-200"[39m
        [36m>[39m
          [36m<strong>[39m
            [0mFailure:[0m
          [36m</strong>[39m
          [0m [0m
          [0mPoor image quality - too dark and blurry[0m
        [36m</div>[39m
        [36m<div[39m
          [33mclass[39m=[32m"text-xs text-gray-500 truncate mb-2"[39m
          [33mtitle[39m=[32m"Job exec-123"[39m
        [36m>[39m
          [0mJob exec-123[0m
        [36m</div>[39m
        [36m<div[39m
          [33mclass[39m=[32m"flex items-center justify-between text-xs text-gray-500 mb-3"[39m
        [36m>[39m
          [36m<div[39m
            [33mclass[39m=[32m"flex items-center space-x-2"[39m
          [36m>[39m
            [36m<span[39m
              [33mclass[39m=[32m"font-mono"[39m
              [33mtitle[39m=[32m"Seed: 12345"[39m
            [36m>[39m
              [0m12345[0m
            [36m</span>[39m
          [36m</div>[39m
          [36m<div[39m
            [33mtitle[39m=[32m"1/15/2024"[39m
          [36m>[39m
            [0m1/15/2024[0m
          [36m</div>[39m
        [36m</div>[39m
      [36m</div>[39m
    [36m</div>[39m
  [36m</div>[39m
[36m</body>[39m
 ❯ Object.getElementError node_modules/@testing-library/dom/dist/config.js:37:19
 ❯ node_modules/@testing-library/dom/dist/query-helpers.js:76:38
 ❯ node_modules/@testing-library/dom/dist/query-helpers.js:52:17
 ❯ node_modules/@testing-library/dom/dist/query-helpers.js:95:19
 ❯ src/renderer/components/Dashboard/__tests__/FailedImageCard.test.tsx:109:28
    107|       );
    108| 
    109|       const image = screen.getByAltText('A beautiful sunset over mount…
       |                            ^
    110|       expect(image).toBeInTheDocument();
    111|       expect(image).toHaveAttribute('src', 'file:///path/to/test-image…

⎯⎯⎯⎯⎯⎯⎯⎯⎯⎯⎯⎯⎯⎯⎯⎯⎯⎯⎯⎯[107/254]⎯

 FAIL  src/renderer/components/Dashboard/__tests__/FailedImageCard.test.tsx > FailedImageCard > Image Display > handles image load errors gracefully
TestingLibraryElementError: Unable to find an element with the alt text: A beautiful sunset over mountains with dramatic clouds

Ignored nodes: comments, script, style
[36m<body>[39m
  [36m<div>[39m
    [36m<div[39m
      [33mclass[39m=[32m"relative bg-white border rounded-lg overflow-hidden transition-colors border-gray-200 hover:border-gray-300 hover:bg-gray-50"[39m
      [33mdata-testid[39m=[32m"failed-image-card-test-image-1"[39m
    [36m>[39m
      [36m<div[39m
        [33mclass[39m=[32m"absolute top-2 right-2 z-10"[39m
      [36m>[39m
        [36m<input[39m
          [33mclass[39m=[32m"rounded border-gray-300 text-blue-600 focus:ring-blue-500"[39m
          [33mdata-testid[39m=[32m"select-test-image-1"[39m
          [33mtype[39m=[32m"checkbox"[39m
        [36m/>[39m
      [36m</div>[39m
      [36m<div[39m
        [33mclass[39m=[32m"relative aspect-square"[39m
      [36m>[39m
        [36m<img[39m
          [33malt[39m=[32m"Failed image test-image-1"[39m
          [33mclass[39m=[32m"w-full h-full object-cover"[39m
          [33msrc[39m=[32m"local-file:///path/to/test-image.jpg"[39m
        [36m/>[39m
        [36m<div[39m
          [33mclass[39m=[32m"absolute top-2 left-2"[39m
        [36m>[39m
          [36m<span[39m
            [33mclass[39m=[32m"inline-flex items-center gap-1 px-2 py-1 rounded-full text-sm font-medium border bg-red-100 text-red-800 border-red-200"[39m
          [36m>[39m
            [36m<svg[39m
              [33maria-hidden[39m=[32m"true"[39m
              [33mclass[39m=[32m"w-4 h-4"[39m
              [33mfill[39m=[32m"none"[39m
              [33mstroke[39m=[32m"currentColor"[39m
              [33mviewBox[39m=[32m"0 0 24 24"[39m
            [36m>[39m
              [36m<path[39m
                [33md[39m=[32m"M12 9v4m0 4h.01M10.29 3.86L1.82 18a2 2 0 001.71 3h16.94a2 2 0 001.71-3L13.71 3.86a2 2 0 00-3.42 0z"[39m
                [33mstroke-linecap[39m=[32m"round"[39m
                [33mstroke-linejoin[39m=[32m"round"[39m
                [33mstroke-width[39m=[32m"2"[39m
              [36m/>[39m
            [36m</svg>[39m
            [0mQC Failed[0m
          [36m</span>[39m
        [36m</div>[39m
        [36m<div[39m
          [33mclass[39m=[32m"absolute inset-0 bg-black bg-opacity-0 hover:bg-opacity-40 transition-all duration-200 flex items-center justify-center opacity-0 hover:opacity-100"[39m
        [36m>[39m
          [36m<div[39m
            [33mclass[39m=[32m"flex items-center space-x-2"[39m
          [36m>[39m
            [36m<button[39m
              [33maria-label[39m=[32m"View"[39m
              [33mclass[39m=[32m"p-2 bg-gray-600 text-white rounded-full hover:bg-gray-700"[39m
              [33mtitle[39m=[32m"View"[39m
            [36m>[39m
              [36m<svg[39m
                [33mclass[39m=[32m"w-4 h-4"[39m
                [33mfill[39m=[32m"none"[39m
                [33mstroke[39m=[32m"currentColor"[39m
                [33mviewBox[39m=[32m"0 0 24 24"[39m
              [36m>[39m
                [36m<path[39m
                  [33md[39m=[32m"M15 12a3 3 0 11-6 0 3 3 0 016 0z"[39m
                  [33mstroke-linecap[39m=[32m"round"[39m
                  [33mstroke-linejoin[39m=[32m"round"[39m
                  [33mstroke-width[39m=[32m"2"[39m
                [36m/>[39m
                [36m<path[39m
                  [33md[39m=[32m"M2.458 12C3.732 7.943 7.523 5 12 5c4.478 0 8.268 2.943 9.542 7-1.274 4.057-5.064 7-9.542 7-4.477 0-8.268-2.943-9.542-7z"[39m
                  [33mstroke-linecap[39m=[32m"round"[39m
                  [33mstroke-linejoin[39m=[32m"round"[39m
                  [33mstroke-width[39m=[32m"2"[39m
                [36m/>[39m
              [36m</svg>[39m
            [36m</button>[39m
            [36m<button[39m
              [33maria-label[39m=[32m"Approve"[39m
              [33mclass[39m=[32m"p-2 bg-green-600 text-white rounded-full hover:bg-green-700"[39m
              [33mtitle[39m=[32m"Approve"[39m
            [36m>[39m
              [36m<svg[39m
                [33mclass[39m=[32m"w-4 h-4"[39m
                [33mfill[39m=[32m"none"[39m
                [33mstroke[39m=[32m"currentColor"[39m
                [33mviewBox[39m=[32m"0 0 24 24"[39m
              [36m>[39m
                [36m<path[39m
                  [33md[39m=[32m"M5 13l4 4L19 7"[39m
                  [33mstroke-linecap[39m=[32m"round"[39m
                  [33mstroke-linejoin[39m=[32m"round"[39m
                  [33mstroke-width[39m=[32m"2"[39m
                [36m/>[39m
              [36m</svg>[39m
            [36m</button>[39m
            [36m<button[39m
              [33maria-label[39m=[32m"Add to Retry"[39m
              [33mclass[39m=[32m"p-2 bg-blue-600 text-white rounded-full hover:bg-blue-700"[39m
              [33mtitle[39m=[32m"Add to Retry"[39m
            [36m>[39m
              [36m<svg[39m
                [33mclass[39m=[32m"w-4 h-4"[39m
                [33mfill[39m=[32m"none"[39m
                [33mstroke[39m=[32m"currentColor"[39m
                [33mstroke-linecap[39m=[32m"round"[39m
                [33mstroke-linejoin[39m=[32m"round"[39m
                [33mstroke-width[39m=[32m"2"[39m
                [33mviewBox[39m=[32m"0 0 24 24"[39m
              [36m>[39m
                [36m<path[39m
                  [33md[39m=[32m"m15 14 5-5-5-5"[39m
                [36m/>[39m
                [36m<path[39m
                  [33md[39m=[32m"M20 9H9.5A5.5 5.5 0 0 0 4 14.5 5.5 5.5 0 0 0 9.5 20H13"[39m
                [36m/>[39m
              [36m</svg>[39m
            [36m</button>[39m
            [36m<button[39m
              [33maria-label[39m=[32m"Delete"[39m
              [33mclass[39m=[32m"p-2 bg-red-600 text-white rounded-full hover:bg-red-700"[39m
              [33mtitle[39m=[32m"Delete"[39m
            [36m>[39m
              [36m<svg[39m
                [33mclass[39m=[32m"w-4 h-4"[39m
                [33mfill[39m=[32m"none"[39m
                [33mstroke[39m=[32m"currentColor"[39m
                [33mviewBox[39m=[32m"0 0 24 24"[39m
              [36m>[39m
                [36m<path[39m
                  [33md[39m=[32m"M19 7l-.867 12.142A2 2 0 0116.138 21H7.862a2 2 0 01-1.995-1.858L5 7m5 4v6m4-6v6m1-10V4a1 1 0 00-1-1h-4a1 1 0 00-1 1v3M4 7h16"[39m
                  [33mstroke-linecap[39m=[32m"round"[39m
                  [33mstroke-linejoin[39m=[32m"round"[39m
                  [33mstroke-width[39m=[32m"2"[39m
                [36m/>[39m
              [36m</svg>[39m
            [36m</button>[39m
          [36m</div>[39m
        [36m</div>[39m
      [36m</div>[39m
      [36m<div[39m
        [33mclass[39m=[32m"p-3"[39m
      [36m>[39m
        [36m<div[39m
          [33mclass[39m=[32m"text-xs font-medium text-gray-900 truncate"[39m
          [33mtitle[39m=[32m"Mountain Sunset"[39m
        [36m>[39m
          [0mMountain Sunset[0m
        [36m</div>[39m
        [36m<div[39m
          [33mclass[39m=[32m"text-xs text-red-600 mb-2 p-2 bg-red-50 rounded border border-red-200"[39m
        [36m>[39m
          [36m<strong>[39m
            [0mFailure:[0m
          [36m</strong>[39m
          [0m [0m
          [0mPoor image quality - too dark and blurry[0m
        [36m</div>[39m
        [36m<div[39m
          [33mclass[39m=[32m"text-xs text-gray-500 truncate mb-2"[39m
          [33mtitle[39m=[32m"Job exec-123"[39m
        [36m>[39m
          [0mJob exec-123[0m
        [36m</div>[39m
        [36m<div[39m
          [33mclass[39m=[32m"flex items-center justify-between text-xs text-gray-500 mb-3"[39m
        [36m>[39m
          [36m<div[39m
            [33mclass[39m=[32m"flex items-center space-x-2"[39m
          [36m>[39m
            [36m<span[39m
              [33mclass[39m=[32m"font-mono"[39m
              [33mtitle[39m=[32m"Seed: 12345"[39m
            [36m>[39m
              [0m12345[0m
            [36m</span>[39m
          [36m</div>[39m
          [36m<div[39m
            [33mtitle[39m=[32m"1/15/2024"[39m
          [36m>[39m
            [0m1/15/2024[0m
          [36m</div>[39m
        [36m</div>[39m
      [36m</div>[39m
    [36m</div>[39m
  [36m</div>[39m
[36m</body>[39m
 ❯ Object.getElementError node_modules/@testing-library/dom/dist/config.js:37:19
 ❯ node_modules/@testing-library/dom/dist/query-helpers.js:76:38
 ❯ node_modules/@testing-library/dom/dist/query-helpers.js:52:17
 ❯ node_modules/@testing-library/dom/dist/query-helpers.js:95:19
 ❯ src/renderer/components/Dashboard/__tests__/FailedImageCard.test.tsx:140:28
    138|       );
    139| 
    140|       const image = screen.getByAltText('A beautiful sunset over mount…
       |                            ^
    141|       
    142|       // Simulate image load error

⎯⎯⎯⎯⎯⎯⎯⎯⎯⎯⎯⎯⎯⎯⎯⎯⎯⎯⎯⎯[108/254]⎯

 FAIL  src/renderer/components/Dashboard/__tests__/FailedImageCard.test.tsx > FailedImageCard > Failure Indicators > shows failure indicator when qcReason is present
TestingLibraryElementError: Unable to find an element with the text: ️ Failed. This could be because the text is broken up by multiple elements. In this case, you can provide a function for your text matcher to make your matcher more flexible.

Ignored nodes: comments, script, style
[36m<body>[39m
  [36m<div>[39m
    [36m<div[39m
      [33mclass[39m=[32m"relative bg-white border rounded-lg overflow-hidden transition-colors border-gray-200 hover:border-gray-300 hover:bg-gray-50"[39m
      [33mdata-testid[39m=[32m"failed-image-card-test-image-1"[39m
    [36m>[39m
      [36m<div[39m
        [33mclass[39m=[32m"absolute top-2 right-2 z-10"[39m
      [36m>[39m
        [36m<input[39m
          [33mclass[39m=[32m"rounded border-gray-300 text-blue-600 focus:ring-blue-500"[39m
          [33mdata-testid[39m=[32m"select-test-image-1"[39m
          [33mtype[39m=[32m"checkbox"[39m
        [36m/>[39m
      [36m</div>[39m
      [36m<div[39m
        [33mclass[39m=[32m"relative aspect-square"[39m
      [36m>[39m
        [36m<img[39m
          [33malt[39m=[32m"Failed image test-image-1"[39m
          [33mclass[39m=[32m"w-full h-full object-cover"[39m
          [33msrc[39m=[32m"local-file:///path/to/test-image.jpg"[39m
        [36m/>[39m
        [36m<div[39m
          [33mclass[39m=[32m"absolute top-2 left-2"[39m
        [36m>[39m
          [36m<span[39m
            [33mclass[39m=[32m"inline-flex items-center gap-1 px-2 py-1 rounded-full text-sm font-medium border bg-red-100 text-red-800 border-red-200"[39m
          [36m>[39m
            [36m<svg[39m
              [33maria-hidden[39m=[32m"true"[39m
              [33mclass[39m=[32m"w-4 h-4"[39m
              [33mfill[39m=[32m"none"[39m
              [33mstroke[39m=[32m"currentColor"[39m
              [33mviewBox[39m=[32m"0 0 24 24"[39m
            [36m>[39m
              [36m<path[39m
                [33md[39m=[32m"M12 9v4m0 4h.01M10.29 3.86L1.82 18a2 2 0 001.71 3h16.94a2 2 0 001.71-3L13.71 3.86a2 2 0 00-3.42 0z"[39m
                [33mstroke-linecap[39m=[32m"round"[39m
                [33mstroke-linejoin[39m=[32m"round"[39m
                [33mstroke-width[39m=[32m"2"[39m
              [36m/>[39m
            [36m</svg>[39m
            [0mQC Failed[0m
          [36m</span>[39m
        [36m</div>[39m
        [36m<div[39m
          [33mclass[39m=[32m"absolute inset-0 bg-black bg-opacity-0 hover:bg-opacity-40 transition-all duration-200 flex items-center justify-center opacity-0 hover:opacity-100"[39m
        [36m>[39m
          [36m<div[39m
            [33mclass[39m=[32m"flex items-center space-x-2"[39m
          [36m>[39m
            [36m<button[39m
              [33maria-label[39m=[32m"View"[39m
              [33mclass[39m=[32m"p-2 bg-gray-600 text-white rounded-full hover:bg-gray-700"[39m
              [33mtitle[39m=[32m"View"[39m
            [36m>[39m
              [36m<svg[39m
                [33mclass[39m=[32m"w-4 h-4"[39m
                [33mfill[39m=[32m"none"[39m
                [33mstroke[39m=[32m"currentColor"[39m
                [33mviewBox[39m=[32m"0 0 24 24"[39m
              [36m>[39m
                [36m<path[39m
                  [33md[39m=[32m"M15 12a3 3 0 11-6 0 3 3 0 016 0z"[39m
                  [33mstroke-linecap[39m=[32m"round"[39m
                  [33mstroke-linejoin[39m=[32m"round"[39m
                  [33mstroke-width[39m=[32m"2"[39m
                [36m/>[39m
                [36m<path[39m
                  [33md[39m=[32m"M2.458 12C3.732 7.943 7.523 5 12 5c4.478 0 8.268 2.943 9.542 7-1.274 4.057-5.064 7-9.542 7-4.477 0-8.268-2.943-9.542-7z"[39m
                  [33mstroke-linecap[39m=[32m"round"[39m
                  [33mstroke-linejoin[39m=[32m"round"[39m
                  [33mstroke-width[39m=[32m"2"[39m
                [36m/>[39m
              [36m</svg>[39m
            [36m</button>[39m
            [36m<button[39m
              [33maria-label[39m=[32m"Approve"[39m
              [33mclass[39m=[32m"p-2 bg-green-600 text-white rounded-full hover:bg-green-700"[39m
              [33mtitle[39m=[32m"Approve"[39m
            [36m>[39m
              [36m<svg[39m
                [33mclass[39m=[32m"w-4 h-4"[39m
                [33mfill[39m=[32m"none"[39m
                [33mstroke[39m=[32m"currentColor"[39m
                [33mviewBox[39m=[32m"0 0 24 24"[39m
              [36m>[39m
                [36m<path[39m
                  [33md[39m=[32m"M5 13l4 4L19 7"[39m
                  [33mstroke-linecap[39m=[32m"round"[39m
                  [33mstroke-linejoin[39m=[32m"round"[39m
                  [33mstroke-width[39m=[32m"2"[39m
                [36m/>[39m
              [36m</svg>[39m
            [36m</button>[39m
            [36m<button[39m
              [33maria-label[39m=[32m"Add to Retry"[39m
              [33mclass[39m=[32m"p-2 bg-blue-600 text-white rounded-full hover:bg-blue-700"[39m
              [33mtitle[39m=[32m"Add to Retry"[39m
            [36m>[39m
              [36m<svg[39m
                [33mclass[39m=[32m"w-4 h-4"[39m
                [33mfill[39m=[32m"none"[39m
                [33mstroke[39m=[32m"currentColor"[39m
                [33mstroke-linecap[39m=[32m"round"[39m
                [33mstroke-linejoin[39m=[32m"round"[39m
                [33mstroke-width[39m=[32m"2"[39m
                [33mviewBox[39m=[32m"0 0 24 24"[39m
              [36m>[39m
                [36m<path[39m
                  [33md[39m=[32m"m15 14 5-5-5-5"[39m
                [36m/>[39m
                [36m<path[39m
                  [33md[39m=[32m"M20 9H9.5A5.5 5.5 0 0 0 4 14.5 5.5 5.5 0 0 0 9.5 20H13"[39m
                [36m/>[39m
              [36m</svg>[39m
            [36m</button>[39m
            [36m<button[39m
              [33maria-label[39m=[32m"Delete"[39m
              [33mclass[39m=[32m"p-2 bg-red-600 text-white rounded-full hover:bg-red-700"[39m
              [33mtitle[39m=[32m"Delete"[39m
            [36m>[39m
              [36m<svg[39m
                [33mclass[39m=[32m"w-4 h-4"[39m
                [33mfill[39m=[32m"none"[39m
                [33mstroke[39m=[32m"currentColor"[39m
                [33mviewBox[39m=[32m"0 0 24 24"[39m
              [36m>[39m
                [36m<path[39m
                  [33md[39m=[32m"M19 7l-.867 12.142A2 2 0 0116.138 21H7.862a2 2 0 01-1.995-1.858L5 7m5 4v6m4-6v6m1-10V4a1 1 0 00-1-1h-4a1 1 0 00-1 1v3M4 7h16"[39m
                  [33mstroke-linecap[39m=[32m"round"[39m
                  [33mstroke-linejoin[39m=[32m"round"[39m
                  [33mstroke-width[39m=[32m"2"[39m
                [36m/>[39m
              [36m</svg>[39m
            [36m</button>[39m
          [36m</div>[39m
        [36m</div>[39m
      [36m</div>[39m
      [36m<div[39m
        [33mclass[39m=[32m"p-3"[39m
      [36m>[39m
        [36m<div[39m
          [33mclass[39m=[32m"text-xs font-medium text-gray-900 truncate"[39m
          [33mtitle[39m=[32m"Mountain Sunset"[39m
        [36m>[39m
          [0mMountain Sunset[0m
        [36m</div>[39m
        [36m<div[39m
          [33mclass[39m=[32m"text-xs text-red-600 mb-2 p-2 bg-red-50 rounded border border-red-200"[39m
        [36m>[39m
          [36m<strong>[39m
            [0mFailure:[0m
          [36m</strong>[39m
          [0m [0m
          [0mPoor image quality - too dark and blurry[0m
        [36m</div>[39m
        [36m<div[39m
          [33mclass[39m=[32m"text-xs text-gray-500 truncate mb-2"[39m
          [33mtitle[39m=[32m"Job exec-123"[39m
        [36m>[39m
          [0mJob exec-123[0m
        [36m</div>[39m
        [36m<div[39m
          [33mclass[39m=[32m"flex items-center justify-between text-xs text-gray-500 mb-3"[39m
        [36m>[39m
          [36m<div[39m
            [33mclass[39m=[32m"flex items-center space-x-2"[39m
          [36m>[39m
            [36m<span[39m
              [33mclass[39m=[32m"font-mono"[39m
              [33mtitle[39m=[32m"Seed: 12345"[39m
            [36m>[39m
              [0m12345[0m
            [36m</span>[39m
          [36m</div>[39m
          [36m<div[39m
            [33mtitle[39m=[32m"1/15/2024"[39m
          [36m>[39m
            [0m1/15/2024[0m
          [36m</div>[39m
        [36m</div>[39m
      [36m</div>[39m
    [36m</div>[39m
  [36m</div>[39m
[36m</body>[39m
 ❯ Object.getElementError node_modules/@testing-library/dom/dist/config.js:37:19
 ❯ node_modules/@testing-library/dom/dist/query-helpers.js:76:38
 ❯ node_modules/@testing-library/dom/dist/query-helpers.js:52:17
 ❯ node_modules/@testing-library/dom/dist/query-helpers.js:95:19
 ❯ src/renderer/components/Dashboard/__tests__/FailedImageCard.test.tsx:161:21
    159|       );
    160| 
    161|       expect(screen.getByText('️ Failed')).toBeInTheDocument();
       |                     ^
    162|     });
    163| 

⎯⎯⎯⎯⎯⎯⎯⎯⎯⎯⎯⎯⎯⎯⎯⎯⎯⎯⎯⎯[109/254]⎯

 FAIL  src/renderer/components/Dashboard/__tests__/FailedImageCard.test.tsx > FailedImageCard > Action Buttons > renders all action buttons
TestingLibraryElementError: Unable to find an element with the text: ✓ Approve. This could be because the text is broken up by multiple elements. In this case, you can provide a function for your text matcher to make your matcher more flexible.

Ignored nodes: comments, script, style
[36m<body>[39m
  [36m<div>[39m
    [36m<div[39m
      [33mclass[39m=[32m"relative bg-white border rounded-lg overflow-hidden transition-colors border-gray-200 hover:border-gray-300 hover:bg-gray-50"[39m
      [33mdata-testid[39m=[32m"failed-image-card-test-image-1"[39m
    [36m>[39m
      [36m<div[39m
        [33mclass[39m=[32m"absolute top-2 right-2 z-10"[39m
      [36m>[39m
        [36m<input[39m
          [33mclass[39m=[32m"rounded border-gray-300 text-blue-600 focus:ring-blue-500"[39m
          [33mdata-testid[39m=[32m"select-test-image-1"[39m
          [33mtype[39m=[32m"checkbox"[39m
        [36m/>[39m
      [36m</div>[39m
      [36m<div[39m
        [33mclass[39m=[32m"relative aspect-square"[39m
      [36m>[39m
        [36m<img[39m
          [33malt[39m=[32m"Failed image test-image-1"[39m
          [33mclass[39m=[32m"w-full h-full object-cover"[39m
          [33msrc[39m=[32m"local-file:///path/to/test-image.jpg"[39m
        [36m/>[39m
        [36m<div[39m
          [33mclass[39m=[32m"absolute top-2 left-2"[39m
        [36m>[39m
          [36m<span[39m
            [33mclass[39m=[32m"inline-flex items-center gap-1 px-2 py-1 rounded-full text-sm font-medium border bg-red-100 text-red-800 border-red-200"[39m
          [36m>[39m
            [36m<svg[39m
              [33maria-hidden[39m=[32m"true"[39m
              [33mclass[39m=[32m"w-4 h-4"[39m
              [33mfill[39m=[32m"none"[39m
              [33mstroke[39m=[32m"currentColor"[39m
              [33mviewBox[39m=[32m"0 0 24 24"[39m
            [36m>[39m
              [36m<path[39m
                [33md[39m=[32m"M12 9v4m0 4h.01M10.29 3.86L1.82 18a2 2 0 001.71 3h16.94a2 2 0 001.71-3L13.71 3.86a2 2 0 00-3.42 0z"[39m
                [33mstroke-linecap[39m=[32m"round"[39m
                [33mstroke-linejoin[39m=[32m"round"[39m
                [33mstroke-width[39m=[32m"2"[39m
              [36m/>[39m
            [36m</svg>[39m
            [0mQC Failed[0m
          [36m</span>[39m
        [36m</div>[39m
        [36m<div[39m
          [33mclass[39m=[32m"absolute inset-0 bg-black bg-opacity-0 hover:bg-opacity-40 transition-all duration-200 flex items-center justify-center opacity-0 hover:opacity-100"[39m
        [36m>[39m
          [36m<div[39m
            [33mclass[39m=[32m"flex items-center space-x-2"[39m
          [36m>[39m
            [36m<button[39m
              [33maria-label[39m=[32m"View"[39m
              [33mclass[39m=[32m"p-2 bg-gray-600 text-white rounded-full hover:bg-gray-700"[39m
              [33mtitle[39m=[32m"View"[39m
            [36m>[39m
              [36m<svg[39m
                [33mclass[39m=[32m"w-4 h-4"[39m
                [33mfill[39m=[32m"none"[39m
                [33mstroke[39m=[32m"currentColor"[39m
                [33mviewBox[39m=[32m"0 0 24 24"[39m
              [36m>[39m
                [36m<path[39m
                  [33md[39m=[32m"M15 12a3 3 0 11-6 0 3 3 0 016 0z"[39m
                  [33mstroke-linecap[39m=[32m"round"[39m
                  [33mstroke-linejoin[39m=[32m"round"[39m
                  [33mstroke-width[39m=[32m"2"[39m
                [36m/>[39m
                [36m<path[39m
                  [33md[39m=[32m"M2.458 12C3.732 7.943 7.523 5 12 5c4.478 0 8.268 2.943 9.542 7-1.274 4.057-5.064 7-9.542 7-4.477 0-8.268-2.943-9.542-7z"[39m
                  [33mstroke-linecap[39m=[32m"round"[39m
                  [33mstroke-linejoin[39m=[32m"round"[39m
                  [33mstroke-width[39m=[32m"2"[39m
                [36m/>[39m
              [36m</svg>[39m
            [36m</button>[39m
            [36m<button[39m
              [33maria-label[39m=[32m"Approve"[39m
              [33mclass[39m=[32m"p-2 bg-green-600 text-white rounded-full hover:bg-green-700"[39m
              [33mtitle[39m=[32m"Approve"[39m
            [36m>[39m
              [36m<svg[39m
                [33mclass[39m=[32m"w-4 h-4"[39m
                [33mfill[39m=[32m"none"[39m
                [33mstroke[39m=[32m"currentColor"[39m
                [33mviewBox[39m=[32m"0 0 24 24"[39m
              [36m>[39m
                [36m<path[39m
                  [33md[39m=[32m"M5 13l4 4L19 7"[39m
                  [33mstroke-linecap[39m=[32m"round"[39m
                  [33mstroke-linejoin[39m=[32m"round"[39m
                  [33mstroke-width[39m=[32m"2"[39m
                [36m/>[39m
              [36m</svg>[39m
            [36m</button>[39m
            [36m<button[39m
              [33maria-label[39m=[32m"Add to Retry"[39m
              [33mclass[39m=[32m"p-2 bg-blue-600 text-white rounded-full hover:bg-blue-700"[39m
              [33mtitle[39m=[32m"Add to Retry"[39m
            [36m>[39m
              [36m<svg[39m
                [33mclass[39m=[32m"w-4 h-4"[39m
                [33mfill[39m=[32m"none"[39m
                [33mstroke[39m=[32m"currentColor"[39m
                [33mstroke-linecap[39m=[32m"round"[39m
                [33mstroke-linejoin[39m=[32m"round"[39m
                [33mstroke-width[39m=[32m"2"[39m
                [33mviewBox[39m=[32m"0 0 24 24"[39m
              [36m>[39m
                [36m<path[39m
                  [33md[39m=[32m"m15 14 5-5-5-5"[39m
                [36m/>[39m
                [36m<path[39m
                  [33md[39m=[32m"M20 9H9.5A5.5 5.5 0 0 0 4 14.5 5.5 5.5 0 0 0 9.5 20H13"[39m
                [36m/>[39m
              [36m</svg>[39m
            [36m</button>[39m
            [36m<button[39m
              [33maria-label[39m=[32m"Delete"[39m
              [33mclass[39m=[32m"p-2 bg-red-600 text-white rounded-full hover:bg-red-700"[39m
              [33mtitle[39m=[32m"Delete"[39m
            [36m>[39m
              [36m<svg[39m
                [33mclass[39m=[32m"w-4 h-4"[39m
                [33mfill[39m=[32m"none"[39m
                [33mstroke[39m=[32m"currentColor"[39m
                [33mviewBox[39m=[32m"0 0 24 24"[39m
              [36m>[39m
                [36m<path[39m
                  [33md[39m=[32m"M19 7l-.867 12.142A2 2 0 0116.138 21H7.862a2 2 0 01-1.995-1.858L5 7m5 4v6m4-6v6m1-10V4a1 1 0 00-1-1h-4a1 1 0 00-1 1v3M4 7h16"[39m
                  [33mstroke-linecap[39m=[32m"round"[39m
                  [33mstroke-linejoin[39m=[32m"round"[39m
                  [33mstroke-width[39m=[32m"2"[39m
                [36m/>[39m
              [36m</svg>[39m
            [36m</button>[39m
          [36m</div>[39m
        [36m</div>[39m
      [36m</div>[39m
      [36m<div[39m
        [33mclass[39m=[32m"p-3"[39m
      [36m>[39m
        [36m<div[39m
          [33mclass[39m=[32m"text-xs font-medium text-gray-900 truncate"[39m
          [33mtitle[39m=[32m"Mountain Sunset"[39m
        [36m>[39m
          [0mMountain Sunset[0m
        [36m</div>[39m
        [36m<div[39m
          [33mclass[39m=[32m"text-xs text-red-600 mb-2 p-2 bg-red-50 rounded border border-red-200"[39m
        [36m>[39m
          [36m<strong>[39m
            [0mFailure:[0m
          [36m</strong>[39m
          [0m [0m
          [0mPoor image quality - too dark and blurry[0m
        [36m</div>[39m
        [36m<div[39m
          [33mclass[39m=[32m"text-xs text-gray-500 truncate mb-2"[39m
          [33mtitle[39m=[32m"Job exec-123"[39m
        [36m>[39m
          [0mJob exec-123[0m
        [36m</div>[39m
        [36m<div[39m
          [33mclass[39m=[32m"flex items-center justify-between text-xs text-gray-500 mb-3"[39m
        [36m>[39m
          [36m<div[39m
            [33mclass[39m=[32m"flex items-center space-x-2"[39m
          [36m>[39m
            [36m<span[39m
              [33mclass[39m=[32m"font-mono"[39m
              [33mtitle[39m=[32m"Seed: 12345"[39m
            [36m>[39m
              [0m12345[0m
            [36m</span>[39m
          [36m</div>[39m
          [36m<div[39m
            [33mtitle[39m=[32m"1/15/2024"[39m
          [36m>[39m
            [0m1/15/2024[0m
          [36m</div>[39m
        [36m</div>[39m
      [36m</div>[39m
    [36m</div>[39m
  [36m</div>[39m
[36m</body>[39m
 ❯ Object.getElementError node_modules/@testing-library/dom/dist/config.js:37:19
 ❯ node_modules/@testing-library/dom/dist/query-helpers.js:76:38
 ❯ node_modules/@testing-library/dom/dist/query-helpers.js:52:17
 ❯ node_modules/@testing-library/dom/dist/query-helpers.js:95:19
 ❯ src/renderer/components/Dashboard/__tests__/FailedImageCard.test.tsx:274:21
    272|       );
    273| 
    274|       expect(screen.getByText('✓ Approve')).toBeInTheDocument();
       |                     ^
    275|       expect(screen.getByText(' Retry')).toBeInTheDocument();
    276|       expect(screen.getByText(' View')).toBeInTheDocument();

⎯⎯⎯⎯⎯⎯⎯⎯⎯⎯⎯⎯⎯⎯⎯⎯⎯⎯⎯⎯[110/254]⎯

 FAIL  src/renderer/components/Dashboard/__tests__/FailedImageCard.test.tsx > FailedImageCard > Action Buttons > calls onAction with correct parameters for approve
TestingLibraryElementError: Unable to find an element with the text: ✓ Approve. This could be because the text is broken up by multiple elements. In this case, you can provide a function for your text matcher to make your matcher more flexible.

Ignored nodes: comments, script, style
[36m<body>[39m
  [36m<div>[39m
    [36m<div[39m
      [33mclass[39m=[32m"relative bg-white border rounded-lg overflow-hidden transition-colors border-gray-200 hover:border-gray-300 hover:bg-gray-50"[39m
      [33mdata-testid[39m=[32m"failed-image-card-test-image-1"[39m
    [36m>[39m
      [36m<div[39m
        [33mclass[39m=[32m"absolute top-2 right-2 z-10"[39m
      [36m>[39m
        [36m<input[39m
          [33mclass[39m=[32m"rounded border-gray-300 text-blue-600 focus:ring-blue-500"[39m
          [33mdata-testid[39m=[32m"select-test-image-1"[39m
          [33mtype[39m=[32m"checkbox"[39m
        [36m/>[39m
      [36m</div>[39m
      [36m<div[39m
        [33mclass[39m=[32m"relative aspect-square"[39m
      [36m>[39m
        [36m<img[39m
          [33malt[39m=[32m"Failed image test-image-1"[39m
          [33mclass[39m=[32m"w-full h-full object-cover"[39m
          [33msrc[39m=[32m"local-file:///path/to/test-image.jpg"[39m
        [36m/>[39m
        [36m<div[39m
          [33mclass[39m=[32m"absolute top-2 left-2"[39m
        [36m>[39m
          [36m<span[39m
            [33mclass[39m=[32m"inline-flex items-center gap-1 px-2 py-1 rounded-full text-sm font-medium border bg-red-100 text-red-800 border-red-200"[39m
          [36m>[39m
            [36m<svg[39m
              [33maria-hidden[39m=[32m"true"[39m
              [33mclass[39m=[32m"w-4 h-4"[39m
              [33mfill[39m=[32m"none"[39m
              [33mstroke[39m=[32m"currentColor"[39m
              [33mviewBox[39m=[32m"0 0 24 24"[39m
            [36m>[39m
              [36m<path[39m
                [33md[39m=[32m"M12 9v4m0 4h.01M10.29 3.86L1.82 18a2 2 0 001.71 3h16.94a2 2 0 001.71-3L13.71 3.86a2 2 0 00-3.42 0z"[39m
                [33mstroke-linecap[39m=[32m"round"[39m
                [33mstroke-linejoin[39m=[32m"round"[39m
                [33mstroke-width[39m=[32m"2"[39m
              [36m/>[39m
            [36m</svg>[39m
            [0mQC Failed[0m
          [36m</span>[39m
        [36m</div>[39m
        [36m<div[39m
          [33mclass[39m=[32m"absolute inset-0 bg-black bg-opacity-0 hover:bg-opacity-40 transition-all duration-200 flex items-center justify-center opacity-0 hover:opacity-100"[39m
        [36m>[39m
          [36m<div[39m
            [33mclass[39m=[32m"flex items-center space-x-2"[39m
          [36m>[39m
            [36m<button[39m
              [33maria-label[39m=[32m"View"[39m
              [33mclass[39m=[32m"p-2 bg-gray-600 text-white rounded-full hover:bg-gray-700"[39m
              [33mtitle[39m=[32m"View"[39m
            [36m>[39m
              [36m<svg[39m
                [33mclass[39m=[32m"w-4 h-4"[39m
                [33mfill[39m=[32m"none"[39m
                [33mstroke[39m=[32m"currentColor"[39m
                [33mviewBox[39m=[32m"0 0 24 24"[39m
              [36m>[39m
                [36m<path[39m
                  [33md[39m=[32m"M15 12a3 3 0 11-6 0 3 3 0 016 0z"[39m
                  [33mstroke-linecap[39m=[32m"round"[39m
                  [33mstroke-linejoin[39m=[32m"round"[39m
                  [33mstroke-width[39m=[32m"2"[39m
                [36m/>[39m
                [36m<path[39m
                  [33md[39m=[32m"M2.458 12C3.732 7.943 7.523 5 12 5c4.478 0 8.268 2.943 9.542 7-1.274 4.057-5.064 7-9.542 7-4.477 0-8.268-2.943-9.542-7z"[39m
                  [33mstroke-linecap[39m=[32m"round"[39m
                  [33mstroke-linejoin[39m=[32m"round"[39m
                  [33mstroke-width[39m=[32m"2"[39m
                [36m/>[39m
              [36m</svg>[39m
            [36m</button>[39m
            [36m<button[39m
              [33maria-label[39m=[32m"Approve"[39m
              [33mclass[39m=[32m"p-2 bg-green-600 text-white rounded-full hover:bg-green-700"[39m
              [33mtitle[39m=[32m"Approve"[39m
            [36m>[39m
              [36m<svg[39m
                [33mclass[39m=[32m"w-4 h-4"[39m
                [33mfill[39m=[32m"none"[39m
                [33mstroke[39m=[32m"currentColor"[39m
                [33mviewBox[39m=[32m"0 0 24 24"[39m
              [36m>[39m
                [36m<path[39m
                  [33md[39m=[32m"M5 13l4 4L19 7"[39m
                  [33mstroke-linecap[39m=[32m"round"[39m
                  [33mstroke-linejoin[39m=[32m"round"[39m
                  [33mstroke-width[39m=[32m"2"[39m
                [36m/>[39m
              [36m</svg>[39m
            [36m</button>[39m
            [36m<button[39m
              [33maria-label[39m=[32m"Add to Retry"[39m
              [33mclass[39m=[32m"p-2 bg-blue-600 text-white rounded-full hover:bg-blue-700"[39m
              [33mtitle[39m=[32m"Add to Retry"[39m
            [36m>[39m
              [36m<svg[39m
                [33mclass[39m=[32m"w-4 h-4"[39m
                [33mfill[39m=[32m"none"[39m
                [33mstroke[39m=[32m"currentColor"[39m
                [33mstroke-linecap[39m=[32m"round"[39m
                [33mstroke-linejoin[39m=[32m"round"[39m
                [33mstroke-width[39m=[32m"2"[39m
                [33mviewBox[39m=[32m"0 0 24 24"[39m
              [36m>[39m
                [36m<path[39m
                  [33md[39m=[32m"m15 14 5-5-5-5"[39m
                [36m/>[39m
                [36m<path[39m
                  [33md[39m=[32m"M20 9H9.5A5.5 5.5 0 0 0 4 14.5 5.5 5.5 0 0 0 9.5 20H13"[39m
                [36m/>[39m
              [36m</svg>[39m
            [36m</button>[39m
            [36m<button[39m
              [33maria-label[39m=[32m"Delete"[39m
              [33mclass[39m=[32m"p-2 bg-red-600 text-white rounded-full hover:bg-red-700"[39m
              [33mtitle[39m=[32m"Delete"[39m
            [36m>[39m
              [36m<svg[39m
                [33mclass[39m=[32m"w-4 h-4"[39m
                [33mfill[39m=[32m"none"[39m
                [33mstroke[39m=[32m"currentColor"[39m
                [33mviewBox[39m=[32m"0 0 24 24"[39m
              [36m>[39m
                [36m<path[39m
                  [33md[39m=[32m"M19 7l-.867 12.142A2 2 0 0116.138 21H7.862a2 2 0 01-1.995-1.858L5 7m5 4v6m4-6v6m1-10V4a1 1 0 00-1-1h-4a1 1 0 00-1 1v3M4 7h16"[39m
                  [33mstroke-linecap[39m=[32m"round"[39m
                  [33mstroke-linejoin[39m=[32m"round"[39m
                  [33mstroke-width[39m=[32m"2"[39m
                [36m/>[39m
              [36m</svg>[39m
            [36m</button>[39m
          [36m</div>[39m
        [36m</div>[39m
      [36m</div>[39m
      [36m<div[39m
        [33mclass[39m=[32m"p-3"[39m
      [36m>[39m
        [36m<div[39m
          [33mclass[39m=[32m"text-xs font-medium text-gray-900 truncate"[39m
          [33mtitle[39m=[32m"Mountain Sunset"[39m
        [36m>[39m
          [0mMountain Sunset[0m
        [36m</div>[39m
        [36m<div[39m
          [33mclass[39m=[32m"text-xs text-red-600 mb-2 p-2 bg-red-50 rounded border border-red-200"[39m
        [36m>[39m
          [36m<strong>[39m
            [0mFailure:[0m
          [36m</strong>[39m
          [0m [0m
          [0mPoor image quality - too dark and blurry[0m
        [36m</div>[39m
        [36m<div[39m
          [33mclass[39m=[32m"text-xs text-gray-500 truncate mb-2"[39m
          [33mtitle[39m=[32m"Job exec-123"[39m
        [36m>[39m
          [0mJob exec-123[0m
        [36m</div>[39m
        [36m<div[39m
          [33mclass[39m=[32m"flex items-center justify-between text-xs text-gray-500 mb-3"[39m
        [36m>[39m
          [36m<div[39m
            [33mclass[39m=[32m"flex items-center space-x-2"[39m
          [36m>[39m
            [36m<span[39m
              [33mclass[39m=[32m"font-mono"[39m
              [33mtitle[39m=[32m"Seed: 12345"[39m
            [36m>[39m
              [0m12345[0m
            [36m</span>[39m
          [36m</div>[39m
          [36m<div[39m
            [33mtitle[39m=[32m"1/15/2024"[39m
          [36m>[39m
            [0m1/15/2024[0m
          [36m</div>[39m
        [36m</div>[39m
      [36m</div>[39m
    [36m</div>[39m
  [36m</div>[39m
[36m</body>[39m
 ❯ Object.getElementError node_modules/@testing-library/dom/dist/config.js:37:19
 ❯ node_modules/@testing-library/dom/dist/query-helpers.js:76:38
 ❯ node_modules/@testing-library/dom/dist/query-helpers.js:52:17
 ❯ node_modules/@testing-library/dom/dist/query-helpers.js:95:19
 ❯ src/renderer/components/Dashboard/__tests__/FailedImageCard.test.tsx:290:36
    288|       );
    289| 
    290|       const approveButton = screen.getByText('✓ Approve');
       |                                    ^
    291|       fireEvent.click(approveButton);
    292| 

⎯⎯⎯⎯⎯⎯⎯⎯⎯⎯⎯⎯⎯⎯⎯⎯⎯⎯⎯⎯[111/254]⎯

 FAIL  src/renderer/components/Dashboard/__tests__/FailedImageCard.test.tsx > FailedImageCard > Action Buttons > calls onAction with correct parameters for retry
TestingLibraryElementError: Unable to find an element with the text: Retry (normalized from ' Retry'). This could be because the text is broken up by multiple elements. In this case, you can provide a function for your text matcher to make your matcher more flexible.

Ignored nodes: comments, script, style
[36m<body>[39m
  [36m<div>[39m
    [36m<div[39m
      [33mclass[39m=[32m"relative bg-white border rounded-lg overflow-hidden transition-colors border-gray-200 hover:border-gray-300 hover:bg-gray-50"[39m
      [33mdata-testid[39m=[32m"failed-image-card-test-image-1"[39m
    [36m>[39m
      [36m<div[39m
        [33mclass[39m=[32m"absolute top-2 right-2 z-10"[39m
      [36m>[39m
        [36m<input[39m
          [33mclass[39m=[32m"rounded border-gray-300 text-blue-600 focus:ring-blue-500"[39m
          [33mdata-testid[39m=[32m"select-test-image-1"[39m
          [33mtype[39m=[32m"checkbox"[39m
        [36m/>[39m
      [36m</div>[39m
      [36m<div[39m
        [33mclass[39m=[32m"relative aspect-square"[39m
      [36m>[39m
        [36m<img[39m
          [33malt[39m=[32m"Failed image test-image-1"[39m
          [33mclass[39m=[32m"w-full h-full object-cover"[39m
          [33msrc[39m=[32m"local-file:///path/to/test-image.jpg"[39m
        [36m/>[39m
        [36m<div[39m
          [33mclass[39m=[32m"absolute top-2 left-2"[39m
        [36m>[39m
          [36m<span[39m
            [33mclass[39m=[32m"inline-flex items-center gap-1 px-2 py-1 rounded-full text-sm font-medium border bg-red-100 text-red-800 border-red-200"[39m
          [36m>[39m
            [36m<svg[39m
              [33maria-hidden[39m=[32m"true"[39m
              [33mclass[39m=[32m"w-4 h-4"[39m
              [33mfill[39m=[32m"none"[39m
              [33mstroke[39m=[32m"currentColor"[39m
              [33mviewBox[39m=[32m"0 0 24 24"[39m
            [36m>[39m
              [36m<path[39m
                [33md[39m=[32m"M12 9v4m0 4h.01M10.29 3.86L1.82 18a2 2 0 001.71 3h16.94a2 2 0 001.71-3L13.71 3.86a2 2 0 00-3.42 0z"[39m
                [33mstroke-linecap[39m=[32m"round"[39m
                [33mstroke-linejoin[39m=[32m"round"[39m
                [33mstroke-width[39m=[32m"2"[39m
              [36m/>[39m
            [36m</svg>[39m
            [0mQC Failed[0m
          [36m</span>[39m
        [36m</div>[39m
        [36m<div[39m
          [33mclass[39m=[32m"absolute inset-0 bg-black bg-opacity-0 hover:bg-opacity-40 transition-all duration-200 flex items-center justify-center opacity-0 hover:opacity-100"[39m
        [36m>[39m
          [36m<div[39m
            [33mclass[39m=[32m"flex items-center space-x-2"[39m
          [36m>[39m
            [36m<button[39m
              [33maria-label[39m=[32m"View"[39m
              [33mclass[39m=[32m"p-2 bg-gray-600 text-white rounded-full hover:bg-gray-700"[39m
              [33mtitle[39m=[32m"View"[39m
            [36m>[39m
              [36m<svg[39m
                [33mclass[39m=[32m"w-4 h-4"[39m
                [33mfill[39m=[32m"none"[39m
                [33mstroke[39m=[32m"currentColor"[39m
                [33mviewBox[39m=[32m"0 0 24 24"[39m
              [36m>[39m
                [36m<path[39m
                  [33md[39m=[32m"M15 12a3 3 0 11-6 0 3 3 0 016 0z"[39m
                  [33mstroke-linecap[39m=[32m"round"[39m
                  [33mstroke-linejoin[39m=[32m"round"[39m
                  [33mstroke-width[39m=[32m"2"[39m
                [36m/>[39m
                [36m<path[39m
                  [33md[39m=[32m"M2.458 12C3.732 7.943 7.523 5 12 5c4.478 0 8.268 2.943 9.542 7-1.274 4.057-5.064 7-9.542 7-4.477 0-8.268-2.943-9.542-7z"[39m
                  [33mstroke-linecap[39m=[32m"round"[39m
                  [33mstroke-linejoin[39m=[32m"round"[39m
                  [33mstroke-width[39m=[32m"2"[39m
                [36m/>[39m
              [36m</svg>[39m
            [36m</button>[39m
            [36m<button[39m
              [33maria-label[39m=[32m"Approve"[39m
              [33mclass[39m=[32m"p-2 bg-green-600 text-white rounded-full hover:bg-green-700"[39m
              [33mtitle[39m=[32m"Approve"[39m
            [36m>[39m
              [36m<svg[39m
                [33mclass[39m=[32m"w-4 h-4"[39m
                [33mfill[39m=[32m"none"[39m
                [33mstroke[39m=[32m"currentColor"[39m
                [33mviewBox[39m=[32m"0 0 24 24"[39m
              [36m>[39m
                [36m<path[39m
                  [33md[39m=[32m"M5 13l4 4L19 7"[39m
                  [33mstroke-linecap[39m=[32m"round"[39m
                  [33mstroke-linejoin[39m=[32m"round"[39m
                  [33mstroke-width[39m=[32m"2"[39m
                [36m/>[39m
              [36m</svg>[39m
            [36m</button>[39m
            [36m<button[39m
              [33maria-label[39m=[32m"Add to Retry"[39m
              [33mclass[39m=[32m"p-2 bg-blue-600 text-white rounded-full hover:bg-blue-700"[39m
              [33mtitle[39m=[32m"Add to Retry"[39m
            [36m>[39m
              [36m<svg[39m
                [33mclass[39m=[32m"w-4 h-4"[39m
                [33mfill[39m=[32m"none"[39m
                [33mstroke[39m=[32m"currentColor"[39m
                [33mstroke-linecap[39m=[32m"round"[39m
                [33mstroke-linejoin[39m=[32m"round"[39m
                [33mstroke-width[39m=[32m"2"[39m
                [33mviewBox[39m=[32m"0 0 24 24"[39m
              [36m>[39m
                [36m<path[39m
                  [33md[39m=[32m"m15 14 5-5-5-5"[39m
                [36m/>[39m
                [36m<path[39m
                  [33md[39m=[32m"M20 9H9.5A5.5 5.5 0 0 0 4 14.5 5.5 5.5 0 0 0 9.5 20H13"[39m
                [36m/>[39m
              [36m</svg>[39m
            [36m</button>[39m
            [36m<button[39m
              [33maria-label[39m=[32m"Delete"[39m
              [33mclass[39m=[32m"p-2 bg-red-600 text-white rounded-full hover:bg-red-700"[39m
              [33mtitle[39m=[32m"Delete"[39m
            [36m>[39m
              [36m<svg[39m
                [33mclass[39m=[32m"w-4 h-4"[39m
                [33mfill[39m=[32m"none"[39m
                [33mstroke[39m=[32m"currentColor"[39m
                [33mviewBox[39m=[32m"0 0 24 24"[39m
              [36m>[39m
                [36m<path[39m
                  [33md[39m=[32m"M19 7l-.867 12.142A2 2 0 0116.138 21H7.862a2 2 0 01-1.995-1.858L5 7m5 4v6m4-6v6m1-10V4a1 1 0 00-1-1h-4a1 1 0 00-1 1v3M4 7h16"[39m
                  [33mstroke-linecap[39m=[32m"round"[39m
                  [33mstroke-linejoin[39m=[32m"round"[39m
                  [33mstroke-width[39m=[32m"2"[39m
                [36m/>[39m
              [36m</svg>[39m
            [36m</button>[39m
          [36m</div>[39m
        [36m</div>[39m
      [36m</div>[39m
      [36m<div[39m
        [33mclass[39m=[32m"p-3"[39m
      [36m>[39m
        [36m<div[39m
          [33mclass[39m=[32m"text-xs font-medium text-gray-900 truncate"[39m
          [33mtitle[39m=[32m"Mountain Sunset"[39m
        [36m>[39m
          [0mMountain Sunset[0m
        [36m</div>[39m
        [36m<div[39m
          [33mclass[39m=[32m"text-xs text-red-600 mb-2 p-2 bg-red-50 rounded border border-red-200"[39m
        [36m>[39m
          [36m<strong>[39m
            [0mFailure:[0m
          [36m</strong>[39m
          [0m [0m
          [0mPoor image quality - too dark and blurry[0m
        [36m</div>[39m
        [36m<div[39m
          [33mclass[39m=[32m"text-xs text-gray-500 truncate mb-2"[39m
          [33mtitle[39m=[32m"Job exec-123"[39m
        [36m>[39m
          [0mJob exec-123[0m
        [36m</div>[39m
        [36m<div[39m
          [33mclass[39m=[32m"flex items-center justify-between text-xs text-gray-500 mb-3"[39m
        [36m>[39m
          [36m<div[39m
            [33mclass[39m=[32m"flex items-center space-x-2"[39m
          [36m>[39m
            [36m<span[39m
              [33mclass[39m=[32m"font-mono"[39m
              [33mtitle[39m=[32m"Seed: 12345"[39m
            [36m>[39m
              [0m12345[0m
            [36m</span>[39m
          [36m</div>[39m
          [36m<div[39m
            [33mtitle[39m=[32m"1/15/2024"[39m
          [36m>[39m
            [0m1/15/2024[0m
          [36m</div>[39m
        [36m</div>[39m
      [36m</div>[39m
    [36m</div>[39m
  [36m</div>[39m
[36m</body>[39m
 ❯ Object.getElementError node_modules/@testing-library/dom/dist/config.js:37:19
 ❯ node_modules/@testing-library/dom/dist/query-helpers.js:76:38
 ❯ node_modules/@testing-library/dom/dist/query-helpers.js:52:17
 ❯ node_modules/@testing-library/dom/dist/query-helpers.js:95:19
 ❯ src/renderer/components/Dashboard/__tests__/FailedImageCard.test.tsx:306:34
    304|       );
    305| 
    306|       const retryButton = screen.getByText(' Retry');
       |                                  ^
    307|       fireEvent.click(retryButton);
    308| 

⎯⎯⎯⎯⎯⎯⎯⎯⎯⎯⎯⎯⎯⎯⎯⎯⎯⎯⎯⎯[112/254]⎯

 FAIL  src/renderer/components/Dashboard/__tests__/FailedImageCard.test.tsx > FailedImageCard > Action Buttons > calls onAction with correct parameters for view
TestingLibraryElementError: Unable to find an element with the text: View (normalized from ' View'). This could be because the text is broken up by multiple elements. In this case, you can provide a function for your text matcher to make your matcher more flexible.

Ignored nodes: comments, script, style
[36m<body>[39m
  [36m<div>[39m
    [36m<div[39m
      [33mclass[39m=[32m"relative bg-white border rounded-lg overflow-hidden transition-colors border-gray-200 hover:border-gray-300 hover:bg-gray-50"[39m
      [33mdata-testid[39m=[32m"failed-image-card-test-image-1"[39m
    [36m>[39m
      [36m<div[39m
        [33mclass[39m=[32m"absolute top-2 right-2 z-10"[39m
      [36m>[39m
        [36m<input[39m
          [33mclass[39m=[32m"rounded border-gray-300 text-blue-600 focus:ring-blue-500"[39m
          [33mdata-testid[39m=[32m"select-test-image-1"[39m
          [33mtype[39m=[32m"checkbox"[39m
        [36m/>[39m
      [36m</div>[39m
      [36m<div[39m
        [33mclass[39m=[32m"relative aspect-square"[39m
      [36m>[39m
        [36m<img[39m
          [33malt[39m=[32m"Failed image test-image-1"[39m
          [33mclass[39m=[32m"w-full h-full object-cover"[39m
          [33msrc[39m=[32m"local-file:///path/to/test-image.jpg"[39m
        [36m/>[39m
        [36m<div[39m
          [33mclass[39m=[32m"absolute top-2 left-2"[39m
        [36m>[39m
          [36m<span[39m
            [33mclass[39m=[32m"inline-flex items-center gap-1 px-2 py-1 rounded-full text-sm font-medium border bg-red-100 text-red-800 border-red-200"[39m
          [36m>[39m
            [36m<svg[39m
              [33maria-hidden[39m=[32m"true"[39m
              [33mclass[39m=[32m"w-4 h-4"[39m
              [33mfill[39m=[32m"none"[39m
              [33mstroke[39m=[32m"currentColor"[39m
              [33mviewBox[39m=[32m"0 0 24 24"[39m
            [36m>[39m
              [36m<path[39m
                [33md[39m=[32m"M12 9v4m0 4h.01M10.29 3.86L1.82 18a2 2 0 001.71 3h16.94a2 2 0 001.71-3L13.71 3.86a2 2 0 00-3.42 0z"[39m
                [33mstroke-linecap[39m=[32m"round"[39m
                [33mstroke-linejoin[39m=[32m"round"[39m
                [33mstroke-width[39m=[32m"2"[39m
              [36m/>[39m
            [36m</svg>[39m
            [0mQC Failed[0m
          [36m</span>[39m
        [36m</div>[39m
        [36m<div[39m
          [33mclass[39m=[32m"absolute inset-0 bg-black bg-opacity-0 hover:bg-opacity-40 transition-all duration-200 flex items-center justify-center opacity-0 hover:opacity-100"[39m
        [36m>[39m
          [36m<div[39m
            [33mclass[39m=[32m"flex items-center space-x-2"[39m
          [36m>[39m
            [36m<button[39m
              [33maria-label[39m=[32m"View"[39m
              [33mclass[39m=[32m"p-2 bg-gray-600 text-white rounded-full hover:bg-gray-700"[39m
              [33mtitle[39m=[32m"View"[39m
            [36m>[39m
              [36m<svg[39m
                [33mclass[39m=[32m"w-4 h-4"[39m
                [33mfill[39m=[32m"none"[39m
                [33mstroke[39m=[32m"currentColor"[39m
                [33mviewBox[39m=[32m"0 0 24 24"[39m
              [36m>[39m
                [36m<path[39m
                  [33md[39m=[32m"M15 12a3 3 0 11-6 0 3 3 0 016 0z"[39m
                  [33mstroke-linecap[39m=[32m"round"[39m
                  [33mstroke-linejoin[39m=[32m"round"[39m
                  [33mstroke-width[39m=[32m"2"[39m
                [36m/>[39m
                [36m<path[39m
                  [33md[39m=[32m"M2.458 12C3.732 7.943 7.523 5 12 5c4.478 0 8.268 2.943 9.542 7-1.274 4.057-5.064 7-9.542 7-4.477 0-8.268-2.943-9.542-7z"[39m
                  [33mstroke-linecap[39m=[32m"round"[39m
                  [33mstroke-linejoin[39m=[32m"round"[39m
                  [33mstroke-width[39m=[32m"2"[39m
                [36m/>[39m
              [36m</svg>[39m
            [36m</button>[39m
            [36m<button[39m
              [33maria-label[39m=[32m"Approve"[39m
              [33mclass[39m=[32m"p-2 bg-green-600 text-white rounded-full hover:bg-green-700"[39m
              [33mtitle[39m=[32m"Approve"[39m
            [36m>[39m
              [36m<svg[39m
                [33mclass[39m=[32m"w-4 h-4"[39m
                [33mfill[39m=[32m"none"[39m
                [33mstroke[39m=[32m"currentColor"[39m
                [33mviewBox[39m=[32m"0 0 24 24"[39m
              [36m>[39m
                [36m<path[39m
                  [33md[39m=[32m"M5 13l4 4L19 7"[39m
                  [33mstroke-linecap[39m=[32m"round"[39m
                  [33mstroke-linejoin[39m=[32m"round"[39m
                  [33mstroke-width[39m=[32m"2"[39m
                [36m/>[39m
              [36m</svg>[39m
            [36m</button>[39m
            [36m<button[39m
              [33maria-label[39m=[32m"Add to Retry"[39m
              [33mclass[39m=[32m"p-2 bg-blue-600 text-white rounded-full hover:bg-blue-700"[39m
              [33mtitle[39m=[32m"Add to Retry"[39m
            [36m>[39m
              [36m<svg[39m
                [33mclass[39m=[32m"w-4 h-4"[39m
                [33mfill[39m=[32m"none"[39m
                [33mstroke[39m=[32m"currentColor"[39m
                [33mstroke-linecap[39m=[32m"round"[39m
                [33mstroke-linejoin[39m=[32m"round"[39m
                [33mstroke-width[39m=[32m"2"[39m
                [33mviewBox[39m=[32m"0 0 24 24"[39m
              [36m>[39m
                [36m<path[39m
                  [33md[39m=[32m"m15 14 5-5-5-5"[39m
                [36m/>[39m
                [36m<path[39m
                  [33md[39m=[32m"M20 9H9.5A5.5 5.5 0 0 0 4 14.5 5.5 5.5 0 0 0 9.5 20H13"[39m
                [36m/>[39m
              [36m</svg>[39m
            [36m</button>[39m
            [36m<button[39m
              [33maria-label[39m=[32m"Delete"[39m
              [33mclass[39m=[32m"p-2 bg-red-600 text-white rounded-full hover:bg-red-700"[39m
              [33mtitle[39m=[32m"Delete"[39m
            [36m>[39m
              [36m<svg[39m
                [33mclass[39m=[32m"w-4 h-4"[39m
                [33mfill[39m=[32m"none"[39m
                [33mstroke[39m=[32m"currentColor"[39m
                [33mviewBox[39m=[32m"0 0 24 24"[39m
              [36m>[39m
                [36m<path[39m
                  [33md[39m=[32m"M19 7l-.867 12.142A2 2 0 0116.138 21H7.862a2 2 0 01-1.995-1.858L5 7m5 4v6m4-6v6m1-10V4a1 1 0 00-1-1h-4a1 1 0 00-1 1v3M4 7h16"[39m
                  [33mstroke-linecap[39m=[32m"round"[39m
                  [33mstroke-linejoin[39m=[32m"round"[39m
                  [33mstroke-width[39m=[32m"2"[39m
                [36m/>[39m
              [36m</svg>[39m
            [36m</button>[39m
          [36m</div>[39m
        [36m</div>[39m
      [36m</div>[39m
      [36m<div[39m
        [33mclass[39m=[32m"p-3"[39m
      [36m>[39m
        [36m<div[39m
          [33mclass[39m=[32m"text-xs font-medium text-gray-900 truncate"[39m
          [33mtitle[39m=[32m"Mountain Sunset"[39m
        [36m>[39m
          [0mMountain Sunset[0m
        [36m</div>[39m
        [36m<div[39m
          [33mclass[39m=[32m"text-xs text-red-600 mb-2 p-2 bg-red-50 rounded border border-red-200"[39m
        [36m>[39m
          [36m<strong>[39m
            [0mFailure:[0m
          [36m</strong>[39m
          [0m [0m
          [0mPoor image quality - too dark and blurry[0m
        [36m</div>[39m
        [36m<div[39m
          [33mclass[39m=[32m"text-xs text-gray-500 truncate mb-2"[39m
          [33mtitle[39m=[32m"Job exec-123"[39m
        [36m>[39m
          [0mJob exec-123[0m
        [36m</div>[39m
        [36m<div[39m
          [33mclass[39m=[32m"flex items-center justify-between text-xs text-gray-500 mb-3"[39m
        [36m>[39m
          [36m<div[39m
            [33mclass[39m=[32m"flex items-center space-x-2"[39m
          [36m>[39m
            [36m<span[39m
              [33mclass[39m=[32m"font-mono"[39m
              [33mtitle[39m=[32m"Seed: 12345"[39m
            [36m>[39m
              [0m12345[0m
            [36m</span>[39m
          [36m</div>[39m
          [36m<div[39m
            [33mtitle[39m=[32m"1/15/2024"[39m
          [36m>[39m
            [0m1/15/2024[0m
          [36m</div>[39m
        [36m</div>[39m
      [36m</div>[39m
    [36m</div>[39m
  [36m</div>[39m
[36m</body>[39m
 ❯ Object.getElementError node_modules/@testing-library/dom/dist/config.js:37:19
 ❯ node_modules/@testing-library/dom/dist/query-helpers.js:76:38
 ❯ node_modules/@testing-library/dom/dist/query-helpers.js:52:17
 ❯ node_modules/@testing-library/dom/dist/query-helpers.js:95:19
 ❯ src/renderer/components/Dashboard/__tests__/FailedImageCard.test.tsx:322:33
    320|       );
    321| 
    322|       const viewButton = screen.getByText(' View');
       |                                 ^
    323|       fireEvent.click(viewButton);
    324| 

⎯⎯⎯⎯⎯⎯⎯⎯⎯⎯⎯⎯⎯⎯⎯⎯⎯⎯⎯⎯[113/254]⎯

 FAIL  src/renderer/components/Dashboard/__tests__/FailedImageCard.test.tsx > FailedImageCard > Action Buttons > calls onAction with correct parameters for delete
TestingLibraryElementError: Unable to find an element with the text: Delete (normalized from ' Delete'). This could be because the text is broken up by multiple elements. In this case, you can provide a function for your text matcher to make your matcher more flexible.

Ignored nodes: comments, script, style
[36m<body>[39m
  [36m<div>[39m
    [36m<div[39m
      [33mclass[39m=[32m"relative bg-white border rounded-lg overflow-hidden transition-colors border-gray-200 hover:border-gray-300 hover:bg-gray-50"[39m
      [33mdata-testid[39m=[32m"failed-image-card-test-image-1"[39m
    [36m>[39m
      [36m<div[39m
        [33mclass[39m=[32m"absolute top-2 right-2 z-10"[39m
      [36m>[39m
        [36m<input[39m
          [33mclass[39m=[32m"rounded border-gray-300 text-blue-600 focus:ring-blue-500"[39m
          [33mdata-testid[39m=[32m"select-test-image-1"[39m
          [33mtype[39m=[32m"checkbox"[39m
        [36m/>[39m
      [36m</div>[39m
      [36m<div[39m
        [33mclass[39m=[32m"relative aspect-square"[39m
      [36m>[39m
        [36m<img[39m
          [33malt[39m=[32m"Failed image test-image-1"[39m
          [33mclass[39m=[32m"w-full h-full object-cover"[39m
          [33msrc[39m=[32m"local-file:///path/to/test-image.jpg"[39m
        [36m/>[39m
        [36m<div[39m
          [33mclass[39m=[32m"absolute top-2 left-2"[39m
        [36m>[39m
          [36m<span[39m
            [33mclass[39m=[32m"inline-flex items-center gap-1 px-2 py-1 rounded-full text-sm font-medium border bg-red-100 text-red-800 border-red-200"[39m
          [36m>[39m
            [36m<svg[39m
              [33maria-hidden[39m=[32m"true"[39m
              [33mclass[39m=[32m"w-4 h-4"[39m
              [33mfill[39m=[32m"none"[39m
              [33mstroke[39m=[32m"currentColor"[39m
              [33mviewBox[39m=[32m"0 0 24 24"[39m
            [36m>[39m
              [36m<path[39m
                [33md[39m=[32m"M12 9v4m0 4h.01M10.29 3.86L1.82 18a2 2 0 001.71 3h16.94a2 2 0 001.71-3L13.71 3.86a2 2 0 00-3.42 0z"[39m
                [33mstroke-linecap[39m=[32m"round"[39m
                [33mstroke-linejoin[39m=[32m"round"[39m
                [33mstroke-width[39m=[32m"2"[39m
              [36m/>[39m
            [36m</svg>[39m
            [0mQC Failed[0m
          [36m</span>[39m
        [36m</div>[39m
        [36m<div[39m
          [33mclass[39m=[32m"absolute inset-0 bg-black bg-opacity-0 hover:bg-opacity-40 transition-all duration-200 flex items-center justify-center opacity-0 hover:opacity-100"[39m
        [36m>[39m
          [36m<div[39m
            [33mclass[39m=[32m"flex items-center space-x-2"[39m
          [36m>[39m
            [36m<button[39m
              [33maria-label[39m=[32m"View"[39m
              [33mclass[39m=[32m"p-2 bg-gray-600 text-white rounded-full hover:bg-gray-700"[39m
              [33mtitle[39m=[32m"View"[39m
            [36m>[39m
              [36m<svg[39m
                [33mclass[39m=[32m"w-4 h-4"[39m
                [33mfill[39m=[32m"none"[39m
                [33mstroke[39m=[32m"currentColor"[39m
                [33mviewBox[39m=[32m"0 0 24 24"[39m
              [36m>[39m
                [36m<path[39m
                  [33md[39m=[32m"M15 12a3 3 0 11-6 0 3 3 0 016 0z"[39m
                  [33mstroke-linecap[39m=[32m"round"[39m
                  [33mstroke-linejoin[39m=[32m"round"[39m
                  [33mstroke-width[39m=[32m"2"[39m
                [36m/>[39m
                [36m<path[39m
                  [33md[39m=[32m"M2.458 12C3.732 7.943 7.523 5 12 5c4.478 0 8.268 2.943 9.542 7-1.274 4.057-5.064 7-9.542 7-4.477 0-8.268-2.943-9.542-7z"[39m
                  [33mstroke-linecap[39m=[32m"round"[39m
                  [33mstroke-linejoin[39m=[32m"round"[39m
                  [33mstroke-width[39m=[32m"2"[39m
                [36m/>[39m
              [36m</svg>[39m
            [36m</button>[39m
            [36m<button[39m
              [33maria-label[39m=[32m"Approve"[39m
              [33mclass[39m=[32m"p-2 bg-green-600 text-white rounded-full hover:bg-green-700"[39m
              [33mtitle[39m=[32m"Approve"[39m
            [36m>[39m
              [36m<svg[39m
                [33mclass[39m=[32m"w-4 h-4"[39m
                [33mfill[39m=[32m"none"[39m
                [33mstroke[39m=[32m"currentColor"[39m
                [33mviewBox[39m=[32m"0 0 24 24"[39m
              [36m>[39m
                [36m<path[39m
                  [33md[39m=[32m"M5 13l4 4L19 7"[39m
                  [33mstroke-linecap[39m=[32m"round"[39m
                  [33mstroke-linejoin[39m=[32m"round"[39m
                  [33mstroke-width[39m=[32m"2"[39m
                [36m/>[39m
              [36m</svg>[39m
            [36m</button>[39m
            [36m<button[39m
              [33maria-label[39m=[32m"Add to Retry"[39m
              [33mclass[39m=[32m"p-2 bg-blue-600 text-white rounded-full hover:bg-blue-700"[39m
              [33mtitle[39m=[32m"Add to Retry"[39m
            [36m>[39m
              [36m<svg[39m
                [33mclass[39m=[32m"w-4 h-4"[39m
                [33mfill[39m=[32m"none"[39m
                [33mstroke[39m=[32m"currentColor"[39m
                [33mstroke-linecap[39m=[32m"round"[39m
                [33mstroke-linejoin[39m=[32m"round"[39m
                [33mstroke-width[39m=[32m"2"[39m
                [33mviewBox[39m=[32m"0 0 24 24"[39m
              [36m>[39m
                [36m<path[39m
                  [33md[39m=[32m"m15 14 5-5-5-5"[39m
                [36m/>[39m
                [36m<path[39m
                  [33md[39m=[32m"M20 9H9.5A5.5 5.5 0 0 0 4 14.5 5.5 5.5 0 0 0 9.5 20H13"[39m
                [36m/>[39m
              [36m</svg>[39m
            [36m</button>[39m
            [36m<button[39m
              [33maria-label[39m=[32m"Delete"[39m
              [33mclass[39m=[32m"p-2 bg-red-600 text-white rounded-full hover:bg-red-700"[39m
              [33mtitle[39m=[32m"Delete"[39m
            [36m>[39m
              [36m<svg[39m
                [33mclass[39m=[32m"w-4 h-4"[39m
                [33mfill[39m=[32m"none"[39m
                [33mstroke[39m=[32m"currentColor"[39m
                [33mviewBox[39m=[32m"0 0 24 24"[39m
              [36m>[39m
                [36m<path[39m
                  [33md[39m=[32m"M19 7l-.867 12.142A2 2 0 0116.138 21H7.862a2 2 0 01-1.995-1.858L5 7m5 4v6m4-6v6m1-10V4a1 1 0 00-1-1h-4a1 1 0 00-1 1v3M4 7h16"[39m
                  [33mstroke-linecap[39m=[32m"round"[39m
                  [33mstroke-linejoin[39m=[32m"round"[39m
                  [33mstroke-width[39m=[32m"2"[39m
                [36m/>[39m
              [36m</svg>[39m
            [36m</button>[39m
          [36m</div>[39m
        [36m</div>[39m
      [36m</div>[39m
      [36m<div[39m
        [33mclass[39m=[32m"p-3"[39m
      [36m>[39m
        [36m<div[39m
          [33mclass[39m=[32m"text-xs font-medium text-gray-900 truncate"[39m
          [33mtitle[39m=[32m"Mountain Sunset"[39m
        [36m>[39m
          [0mMountain Sunset[0m
        [36m</div>[39m
        [36m<div[39m
          [33mclass[39m=[32m"text-xs text-red-600 mb-2 p-2 bg-red-50 rounded border border-red-200"[39m
        [36m>[39m
          [36m<strong>[39m
            [0mFailure:[0m
          [36m</strong>[39m
          [0m [0m
          [0mPoor image quality - too dark and blurry[0m
        [36m</div>[39m
        [36m<div[39m
          [33mclass[39m=[32m"text-xs text-gray-500 truncate mb-2"[39m
          [33mtitle[39m=[32m"Job exec-123"[39m
        [36m>[39m
          [0mJob exec-123[0m
        [36m</div>[39m
        [36m<div[39m
          [33mclass[39m=[32m"flex items-center justify-between text-xs text-gray-500 mb-3"[39m
        [36m>[39m
          [36m<div[39m
            [33mclass[39m=[32m"flex items-center space-x-2"[39m
          [36m>[39m
            [36m<span[39m
              [33mclass[39m=[32m"font-mono"[39m
              [33mtitle[39m=[32m"Seed: 12345"[39m
            [36m>[39m
              [0m12345[0m
            [36m</span>[39m
          [36m</div>[39m
          [36m<div[39m
            [33mtitle[39m=[32m"1/15/2024"[39m
          [36m>[39m
            [0m1/15/2024[0m
          [36m</div>[39m
        [36m</div>[39m
      [36m</div>[39m
    [36m</div>[39m
  [36m</div>[39m
[36m</body>[39m
 ❯ Object.getElementError node_modules/@testing-library/dom/dist/config.js:37:19
 ❯ node_modules/@testing-library/dom/dist/query-helpers.js:76:38
 ❯ node_modules/@testing-library/dom/dist/query-helpers.js:52:17
 ❯ node_modules/@testing-library/dom/dist/query-helpers.js:95:19
 ❯ src/renderer/components/Dashboard/__tests__/FailedImageCard.test.tsx:338:35
    336|       );
    337| 
    338|       const deleteButton = screen.getByText(' Delete');
       |                                   ^
    339|       fireEvent.click(deleteButton);
    340| 

⎯⎯⎯⎯⎯⎯⎯⎯⎯⎯⎯⎯⎯⎯⎯⎯⎯⎯⎯⎯[114/254]⎯

 FAIL  src/renderer/components/Dashboard/__tests__/FailedImageCard.test.tsx > FailedImageCard > Button Styling and Accessibility > applies correct button styles
TestingLibraryElementError: Unable to find an element with the text: ✓ Approve. This could be because the text is broken up by multiple elements. In this case, you can provide a function for your text matcher to make your matcher more flexible.

Ignored nodes: comments, script, style
[36m<body>[39m
  [36m<div>[39m
    [36m<div[39m
      [33mclass[39m=[32m"relative bg-white border rounded-lg overflow-hidden transition-colors border-gray-200 hover:border-gray-300 hover:bg-gray-50"[39m
      [33mdata-testid[39m=[32m"failed-image-card-test-image-1"[39m
    [36m>[39m
      [36m<div[39m
        [33mclass[39m=[32m"absolute top-2 right-2 z-10"[39m
      [36m>[39m
        [36m<input[39m
          [33mclass[39m=[32m"rounded border-gray-300 text-blue-600 focus:ring-blue-500"[39m
          [33mdata-testid[39m=[32m"select-test-image-1"[39m
          [33mtype[39m=[32m"checkbox"[39m
        [36m/>[39m
      [36m</div>[39m
      [36m<div[39m
        [33mclass[39m=[32m"relative aspect-square"[39m
      [36m>[39m
        [36m<img[39m
          [33malt[39m=[32m"Failed image test-image-1"[39m
          [33mclass[39m=[32m"w-full h-full object-cover"[39m
          [33msrc[39m=[32m"local-file:///path/to/test-image.jpg"[39m
        [36m/>[39m
        [36m<div[39m
          [33mclass[39m=[32m"absolute top-2 left-2"[39m
        [36m>[39m
          [36m<span[39m
            [33mclass[39m=[32m"inline-flex items-center gap-1 px-2 py-1 rounded-full text-sm font-medium border bg-red-100 text-red-800 border-red-200"[39m
          [36m>[39m
            [36m<svg[39m
              [33maria-hidden[39m=[32m"true"[39m
              [33mclass[39m=[32m"w-4 h-4"[39m
              [33mfill[39m=[32m"none"[39m
              [33mstroke[39m=[32m"currentColor"[39m
              [33mviewBox[39m=[32m"0 0 24 24"[39m
            [36m>[39m
              [36m<path[39m
                [33md[39m=[32m"M12 9v4m0 4h.01M10.29 3.86L1.82 18a2 2 0 001.71 3h16.94a2 2 0 001.71-3L13.71 3.86a2 2 0 00-3.42 0z"[39m
                [33mstroke-linecap[39m=[32m"round"[39m
                [33mstroke-linejoin[39m=[32m"round"[39m
                [33mstroke-width[39m=[32m"2"[39m
              [36m/>[39m
            [36m</svg>[39m
            [0mQC Failed[0m
          [36m</span>[39m
        [36m</div>[39m
        [36m<div[39m
          [33mclass[39m=[32m"absolute inset-0 bg-black bg-opacity-0 hover:bg-opacity-40 transition-all duration-200 flex items-center justify-center opacity-0 hover:opacity-100"[39m
        [36m>[39m
          [36m<div[39m
            [33mclass[39m=[32m"flex items-center space-x-2"[39m
          [36m>[39m
            [36m<button[39m
              [33maria-label[39m=[32m"View"[39m
              [33mclass[39m=[32m"p-2 bg-gray-600 text-white rounded-full hover:bg-gray-700"[39m
              [33mtitle[39m=[32m"View"[39m
            [36m>[39m
              [36m<svg[39m
                [33mclass[39m=[32m"w-4 h-4"[39m
                [33mfill[39m=[32m"none"[39m
                [33mstroke[39m=[32m"currentColor"[39m
                [33mviewBox[39m=[32m"0 0 24 24"[39m
              [36m>[39m
                [36m<path[39m
                  [33md[39m=[32m"M15 12a3 3 0 11-6 0 3 3 0 016 0z"[39m
                  [33mstroke-linecap[39m=[32m"round"[39m
                  [33mstroke-linejoin[39m=[32m"round"[39m
                  [33mstroke-width[39m=[32m"2"[39m
                [36m/>[39m
                [36m<path[39m
                  [33md[39m=[32m"M2.458 12C3.732 7.943 7.523 5 12 5c4.478 0 8.268 2.943 9.542 7-1.274 4.057-5.064 7-9.542 7-4.477 0-8.268-2.943-9.542-7z"[39m
                  [33mstroke-linecap[39m=[32m"round"[39m
                  [33mstroke-linejoin[39m=[32m"round"[39m
                  [33mstroke-width[39m=[32m"2"[39m
                [36m/>[39m
              [36m</svg>[39m
            [36m</button>[39m
            [36m<button[39m
              [33maria-label[39m=[32m"Approve"[39m
              [33mclass[39m=[32m"p-2 bg-green-600 text-white rounded-full hover:bg-green-700"[39m
              [33mtitle[39m=[32m"Approve"[39m
            [36m>[39m
              [36m<svg[39m
                [33mclass[39m=[32m"w-4 h-4"[39m
                [33mfill[39m=[32m"none"[39m
                [33mstroke[39m=[32m"currentColor"[39m
                [33mviewBox[39m=[32m"0 0 24 24"[39m
              [36m>[39m
                [36m<path[39m
                  [33md[39m=[32m"M5 13l4 4L19 7"[39m
                  [33mstroke-linecap[39m=[32m"round"[39m
                  [33mstroke-linejoin[39m=[32m"round"[39m
                  [33mstroke-width[39m=[32m"2"[39m
                [36m/>[39m
              [36m</svg>[39m
            [36m</button>[39m
            [36m<button[39m
              [33maria-label[39m=[32m"Add to Retry"[39m
              [33mclass[39m=[32m"p-2 bg-blue-600 text-white rounded-full hover:bg-blue-700"[39m
              [33mtitle[39m=[32m"Add to Retry"[39m
            [36m>[39m
              [36m<svg[39m
                [33mclass[39m=[32m"w-4 h-4"[39m
                [33mfill[39m=[32m"none"[39m
                [33mstroke[39m=[32m"currentColor"[39m
                [33mstroke-linecap[39m=[32m"round"[39m
                [33mstroke-linejoin[39m=[32m"round"[39m
                [33mstroke-width[39m=[32m"2"[39m
                [33mviewBox[39m=[32m"0 0 24 24"[39m
              [36m>[39m
                [36m<path[39m
                  [33md[39m=[32m"m15 14 5-5-5-5"[39m
                [36m/>[39m
                [36m<path[39m
                  [33md[39m=[32m"M20 9H9.5A5.5 5.5 0 0 0 4 14.5 5.5 5.5 0 0 0 9.5 20H13"[39m
                [36m/>[39m
              [36m</svg>[39m
            [36m</button>[39m
            [36m<button[39m
              [33maria-label[39m=[32m"Delete"[39m
              [33mclass[39m=[32m"p-2 bg-red-600 text-white rounded-full hover:bg-red-700"[39m
              [33mtitle[39m=[32m"Delete"[39m
            [36m>[39m
              [36m<svg[39m
                [33mclass[39m=[32m"w-4 h-4"[39m
                [33mfill[39m=[32m"none"[39m
                [33mstroke[39m=[32m"currentColor"[39m
                [33mviewBox[39m=[32m"0 0 24 24"[39m
              [36m>[39m
                [36m<path[39m
                  [33md[39m=[32m"M19 7l-.867 12.142A2 2 0 0116.138 21H7.862a2 2 0 01-1.995-1.858L5 7m5 4v6m4-6v6m1-10V4a1 1 0 00-1-1h-4a1 1 0 00-1 1v3M4 7h16"[39m
                  [33mstroke-linecap[39m=[32m"round"[39m
                  [33mstroke-linejoin[39m=[32m"round"[39m
                  [33mstroke-width[39m=[32m"2"[39m
                [36m/>[39m
              [36m</svg>[39m
            [36m</button>[39m
          [36m</div>[39m
        [36m</div>[39m
      [36m</div>[39m
      [36m<div[39m
        [33mclass[39m=[32m"p-3"[39m
      [36m>[39m
        [36m<div[39m
          [33mclass[39m=[32m"text-xs font-medium text-gray-900 truncate"[39m
          [33mtitle[39m=[32m"Mountain Sunset"[39m
        [36m>[39m
          [0mMountain Sunset[0m
        [36m</div>[39m
        [36m<div[39m
          [33mclass[39m=[32m"text-xs text-red-600 mb-2 p-2 bg-red-50 rounded border border-red-200"[39m
        [36m>[39m
          [36m<strong>[39m
            [0mFailure:[0m
          [36m</strong>[39m
          [0m [0m
          [0mPoor image quality - too dark and blurry[0m
        [36m</div>[39m
        [36m<div[39m
          [33mclass[39m=[32m"text-xs text-gray-500 truncate mb-2"[39m
          [33mtitle[39m=[32m"Job exec-123"[39m
        [36m>[39m
          [0mJob exec-123[0m
        [36m</div>[39m
        [36m<div[39m
          [33mclass[39m=[32m"flex items-center justify-between text-xs text-gray-500 mb-3"[39m
        [36m>[39m
          [36m<div[39m
            [33mclass[39m=[32m"flex items-center space-x-2"[39m
          [36m>[39m
            [36m<span[39m
              [33mclass[39m=[32m"font-mono"[39m
              [33mtitle[39m=[32m"Seed: 12345"[39m
            [36m>[39m
              [0m12345[0m
            [36m</span>[39m
          [36m</div>[39m
          [36m<div[39m
            [33mtitle[39m=[32m"1/15/2024"[39m
          [36m>[39m
            [0m1/15/2024[0m
          [36m</div>[39m
        [36m</div>[39m
      [36m</div>[39m
    [36m</div>[39m
  [36m</div>[39m
[36m</body>[39m
 ❯ Object.getElementError node_modules/@testing-library/dom/dist/config.js:37:19
 ❯ node_modules/@testing-library/dom/dist/query-helpers.js:76:38
 ❯ node_modules/@testing-library/dom/dist/query-helpers.js:52:17
 ❯ node_modules/@testing-library/dom/dist/query-helpers.js:95:19
 ❯ src/renderer/components/Dashboard/__tests__/FailedImageCard.test.tsx:356:36
    354|       );
    355| 
    356|       const approveButton = screen.getByText('✓ Approve');
       |                                    ^
    357|       const retryButton = screen.getByText(' Retry');
    358|       const viewButton = screen.getByText(' View');

⎯⎯⎯⎯⎯⎯⎯⎯⎯⎯⎯⎯⎯⎯⎯⎯⎯⎯⎯⎯[115/254]⎯

 FAIL  src/renderer/components/Dashboard/__tests__/FailedImageCard.test.tsx > FailedImageCard > Button Styling and Accessibility > provides helpful tooltips for buttons
TestingLibraryElementError: Unable to find an element with the title: Approve image (move to success).

Ignored nodes: comments, script, style
[36m<body>[39m
  [36m<div>[39m
    [36m<div[39m
      [33mclass[39m=[32m"relative bg-white border rounded-lg overflow-hidden transition-colors border-gray-200 hover:border-gray-300 hover:bg-gray-50"[39m
      [33mdata-testid[39m=[32m"failed-image-card-test-image-1"[39m
    [36m>[39m
      [36m<div[39m
        [33mclass[39m=[32m"absolute top-2 right-2 z-10"[39m
      [36m>[39m
        [36m<input[39m
          [33mclass[39m=[32m"rounded border-gray-300 text-blue-600 focus:ring-blue-500"[39m
          [33mdata-testid[39m=[32m"select-test-image-1"[39m
          [33mtype[39m=[32m"checkbox"[39m
        [36m/>[39m
      [36m</div>[39m
      [36m<div[39m
        [33mclass[39m=[32m"relative aspect-square"[39m
      [36m>[39m
        [36m<img[39m
          [33malt[39m=[32m"Failed image test-image-1"[39m
          [33mclass[39m=[32m"w-full h-full object-cover"[39m
          [33msrc[39m=[32m"local-file:///path/to/test-image.jpg"[39m
        [36m/>[39m
        [36m<div[39m
          [33mclass[39m=[32m"absolute top-2 left-2"[39m
        [36m>[39m
          [36m<span[39m
            [33mclass[39m=[32m"inline-flex items-center gap-1 px-2 py-1 rounded-full text-sm font-medium border bg-red-100 text-red-800 border-red-200"[39m
          [36m>[39m
            [36m<svg[39m
              [33maria-hidden[39m=[32m"true"[39m
              [33mclass[39m=[32m"w-4 h-4"[39m
              [33mfill[39m=[32m"none"[39m
              [33mstroke[39m=[32m"currentColor"[39m
              [33mviewBox[39m=[32m"0 0 24 24"[39m
            [36m>[39m
              [36m<path[39m
                [33md[39m=[32m"M12 9v4m0 4h.01M10.29 3.86L1.82 18a2 2 0 001.71 3h16.94a2 2 0 001.71-3L13.71 3.86a2 2 0 00-3.42 0z"[39m
                [33mstroke-linecap[39m=[32m"round"[39m
                [33mstroke-linejoin[39m=[32m"round"[39m
                [33mstroke-width[39m=[32m"2"[39m
              [36m/>[39m
            [36m</svg>[39m
            [0mQC Failed[0m
          [36m</span>[39m
        [36m</div>[39m
        [36m<div[39m
          [33mclass[39m=[32m"absolute inset-0 bg-black bg-opacity-0 hover:bg-opacity-40 transition-all duration-200 flex items-center justify-center opacity-0 hover:opacity-100"[39m
        [36m>[39m
          [36m<div[39m
            [33mclass[39m=[32m"flex items-center space-x-2"[39m
          [36m>[39m
            [36m<button[39m
              [33maria-label[39m=[32m"View"[39m
              [33mclass[39m=[32m"p-2 bg-gray-600 text-white rounded-full hover:bg-gray-700"[39m
              [33mtitle[39m=[32m"View"[39m
            [36m>[39m
              [36m<svg[39m
                [33mclass[39m=[32m"w-4 h-4"[39m
                [33mfill[39m=[32m"none"[39m
                [33mstroke[39m=[32m"currentColor"[39m
                [33mviewBox[39m=[32m"0 0 24 24"[39m
              [36m>[39m
                [36m<path[39m
                  [33md[39m=[32m"M15 12a3 3 0 11-6 0 3 3 0 016 0z"[39m
                  [33mstroke-linecap[39m=[32m"round"[39m
                  [33mstroke-linejoin[39m=[32m"round"[39m
                  [33mstroke-width[39m=[32m"2"[39m
                [36m/>[39m
                [36m<path[39m
                  [33md[39m=[32m"M2.458 12C3.732 7.943 7.523 5 12 5c4.478 0 8.268 2.943 9.542 7-1.274 4.057-5.064 7-9.542 7-4.477 0-8.268-2.943-9.542-7z"[39m
                  [33mstroke-linecap[39m=[32m"round"[39m
                  [33mstroke-linejoin[39m=[32m"round"[39m
                  [33mstroke-width[39m=[32m"2"[39m
                [36m/>[39m
              [36m</svg>[39m
            [36m</button>[39m
            [36m<button[39m
              [33maria-label[39m=[32m"Approve"[39m
              [33mclass[39m=[32m"p-2 bg-green-600 text-white rounded-full hover:bg-green-700"[39m
              [33mtitle[39m=[32m"Approve"[39m
            [36m>[39m
              [36m<svg[39m
                [33mclass[39m=[32m"w-4 h-4"[39m
                [33mfill[39m=[32m"none"[39m
                [33mstroke[39m=[32m"currentColor"[39m
                [33mviewBox[39m=[32m"0 0 24 24"[39m
              [36m>[39m
                [36m<path[39m
                  [33md[39m=[32m"M5 13l4 4L19 7"[39m
                  [33mstroke-linecap[39m=[32m"round"[39m
                  [33mstroke-linejoin[39m=[32m"round"[39m
                  [33mstroke-width[39m=[32m"2"[39m
                [36m/>[39m
              [36m</svg>[39m
            [36m</button>[39m
            [36m<button[39m
              [33maria-label[39m=[32m"Add to Retry"[39m
              [33mclass[39m=[32m"p-2 bg-blue-600 text-white rounded-full hover:bg-blue-700"[39m
              [33mtitle[39m=[32m"Add to Retry"[39m
            [36m>[39m
              [36m<svg[39m
                [33mclass[39m=[32m"w-4 h-4"[39m
                [33mfill[39m=[32m"none"[39m
                [33mstroke[39m=[32m"currentColor"[39m
                [33mstroke-linecap[39m=[32m"round"[39m
                [33mstroke-linejoin[39m=[32m"round"[39m
                [33mstroke-width[39m=[32m"2"[39m
                [33mviewBox[39m=[32m"0 0 24 24"[39m
              [36m>[39m
                [36m<path[39m
                  [33md[39m=[32m"m15 14 5-5-5-5"[39m
                [36m/>[39m
                [36m<path[39m
                  [33md[39m=[32m"M20 9H9.5A5.5 5.5 0 0 0 4 14.5 5.5 5.5 0 0 0 9.5 20H13"[39m
                [36m/>[39m
              [36m</svg>[39m
            [36m</button>[39m
            [36m<button[39m
              [33maria-label[39m=[32m"Delete"[39m
              [33mclass[39m=[32m"p-2 bg-red-600 text-white rounded-full hover:bg-red-700"[39m
              [33mtitle[39m=[32m"Delete"[39m
            [36m>[39m
              [36m<svg[39m
                [33mclass[39m=[32m"w-4 h-4"[39m
                [33mfill[39m=[32m"none"[39m
                [33mstroke[39m=[32m"currentColor"[39m
                [33mviewBox[39m=[32m"0 0 24 24"[39m
              [36m>[39m
                [36m<path[39m
                  [33md[39m=[32m"M19 7l-.867 12.142A2 2 0 0116.138 21H7.862a2 2 0 01-1.995-1.858L5 7m5 4v6m4-6v6m1-10V4a1 1 0 00-1-1h-4a1 1 0 00-1 1v3M4 7h16"[39m
                  [33mstroke-linecap[39m=[32m"round"[39m
                  [33mstroke-linejoin[39m=[32m"round"[39m
                  [33mstroke-width[39m=[32m"2"[39m
                [36m/>[39m
              [36m</svg>[39m
            [36m</button>[39m
          [36m</div>[39m
        [36m</div>[39m
      [36m</div>[39m
      [36m<div[39m
        [33mclass[39m=[32m"p-3"[39m
      [36m>[39m
        [36m<div[39m
          [33mclass[39m=[32m"text-xs font-medium text-gray-900 truncate"[39m
          [33mtitle[39m=[32m"Mountain Sunset"[39m
        [36m>[39m
          [0mMountain Sunset[0m
        [36m</div>[39m
        [36m<div[39m
          [33mclass[39m=[32m"text-xs text-red-600 mb-2 p-2 bg-red-50 rounded border border-red-200"[39m
        [36m>[39m
          [36m<strong>[39m
            [0mFailure:[0m
          [36m</strong>[39m
          [0m [0m
          [0mPoor image quality - too dark and blurry[0m
        [36m</div>[39m
        [36m<div[39m
          [33mclass[39m=[32m"text-xs text-gray-500 truncate mb-2"[39m
          [33mtitle[39m=[32m"Job exec-123"[39m
        [36m>[39m
          [0mJob exec-123[0m
        [36m</div>[39m
        [36m<div[39m
          [33mclass[39m=[32m"flex items-center justify-between text-xs text-gray-500 mb-3"[39m
        [36m>[39m
          [36m<div[39m
            [33mclass[39m=[32m"flex items-center space-x-2"[39m
          [36m>[39m
            [36m<span[39m
              [33mclass[39m=[32m"font-mono"[39m
              [33mtitle[39m=[32m"Seed: 12345"[39m
            [36m>[39m
              [0m12345[0m
            [36m</span>[39m
          [36m</div>[39m
          [36m<div[39m
            [33mtitle[39m=[32m"1/15/2024"[39m
          [36m>[39m
            [0m1/15/2024[0m
          [36m</div>[39m
        [36m</div>[39m
      [36m</div>[39m
    [36m</div>[39m
  [36m</div>[39m
[36m</body>[39m
 ❯ Object.getElementError node_modules/@testing-library/dom/dist/config.js:37:19
 ❯ node_modules/@testing-library/dom/dist/query-helpers.js:76:38
 ❯ node_modules/@testing-library/dom/dist/query-helpers.js:52:17
 ❯ node_modules/@testing-library/dom/dist/query-helpers.js:95:19
 ❯ src/renderer/components/Dashboard/__tests__/FailedImageCard.test.tsx:377:36
    375|       );
    376| 
    377|       const approveButton = screen.getByTitle('Approve image (move to …
       |                                    ^
    378|       const retryButton = screen.getByTitle('Add to retry pool');
    379|       const viewButton = screen.getByTitle('View full image details');

⎯⎯⎯⎯⎯⎯⎯⎯⎯⎯⎯⎯⎯⎯⎯⎯⎯⎯⎯⎯[116/254]⎯

 FAIL  src/renderer/components/Dashboard/__tests__/FailedImageCard.test.tsx > FailedImageCard > Layout and Styling > maintains aspect ratio for image container
TestingLibraryElementError: Unable to find an element with the alt text: A beautiful sunset over mountains with dramatic clouds

Ignored nodes: comments, script, style
[36m<body>[39m
  [36m<div>[39m
    [36m<div[39m
      [33mclass[39m=[32m"relative bg-white border rounded-lg overflow-hidden transition-colors border-gray-200 hover:border-gray-300 hover:bg-gray-50"[39m
      [33mdata-testid[39m=[32m"failed-image-card-test-image-1"[39m
    [36m>[39m
      [36m<div[39m
        [33mclass[39m=[32m"absolute top-2 right-2 z-10"[39m
      [36m>[39m
        [36m<input[39m
          [33mclass[39m=[32m"rounded border-gray-300 text-blue-600 focus:ring-blue-500"[39m
          [33mdata-testid[39m=[32m"select-test-image-1"[39m
          [33mtype[39m=[32m"checkbox"[39m
        [36m/>[39m
      [36m</div>[39m
      [36m<div[39m
        [33mclass[39m=[32m"relative aspect-square"[39m
      [36m>[39m
        [36m<img[39m
          [33malt[39m=[32m"Failed image test-image-1"[39m
          [33mclass[39m=[32m"w-full h-full object-cover"[39m
          [33msrc[39m=[32m"local-file:///path/to/test-image.jpg"[39m
        [36m/>[39m
        [36m<div[39m
          [33mclass[39m=[32m"absolute top-2 left-2"[39m
        [36m>[39m
          [36m<span[39m
            [33mclass[39m=[32m"inline-flex items-center gap-1 px-2 py-1 rounded-full text-sm font-medium border bg-red-100 text-red-800 border-red-200"[39m
          [36m>[39m
            [36m<svg[39m
              [33maria-hidden[39m=[32m"true"[39m
              [33mclass[39m=[32m"w-4 h-4"[39m
              [33mfill[39m=[32m"none"[39m
              [33mstroke[39m=[32m"currentColor"[39m
              [33mviewBox[39m=[32m"0 0 24 24"[39m
            [36m>[39m
              [36m<path[39m
                [33md[39m=[32m"M12 9v4m0 4h.01M10.29 3.86L1.82 18a2 2 0 001.71 3h16.94a2 2 0 001.71-3L13.71 3.86a2 2 0 00-3.42 0z"[39m
                [33mstroke-linecap[39m=[32m"round"[39m
                [33mstroke-linejoin[39m=[32m"round"[39m
                [33mstroke-width[39m=[32m"2"[39m
              [36m/>[39m
            [36m</svg>[39m
            [0mQC Failed[0m
          [36m</span>[39m
        [36m</div>[39m
        [36m<div[39m
          [33mclass[39m=[32m"absolute inset-0 bg-black bg-opacity-0 hover:bg-opacity-40 transition-all duration-200 flex items-center justify-center opacity-0 hover:opacity-100"[39m
        [36m>[39m
          [36m<div[39m
            [33mclass[39m=[32m"flex items-center space-x-2"[39m
          [36m>[39m
            [36m<button[39m
              [33maria-label[39m=[32m"View"[39m
              [33mclass[39m=[32m"p-2 bg-gray-600 text-white rounded-full hover:bg-gray-700"[39m
              [33mtitle[39m=[32m"View"[39m
            [36m>[39m
              [36m<svg[39m
                [33mclass[39m=[32m"w-4 h-4"[39m
                [33mfill[39m=[32m"none"[39m
                [33mstroke[39m=[32m"currentColor"[39m
                [33mviewBox[39m=[32m"0 0 24 24"[39m
              [36m>[39m
                [36m<path[39m
                  [33md[39m=[32m"M15 12a3 3 0 11-6 0 3 3 0 016 0z"[39m
                  [33mstroke-linecap[39m=[32m"round"[39m
                  [33mstroke-linejoin[39m=[32m"round"[39m
                  [33mstroke-width[39m=[32m"2"[39m
                [36m/>[39m
                [36m<path[39m
                  [33md[39m=[32m"M2.458 12C3.732 7.943 7.523 5 12 5c4.478 0 8.268 2.943 9.542 7-1.274 4.057-5.064 7-9.542 7-4.477 0-8.268-2.943-9.542-7z"[39m
                  [33mstroke-linecap[39m=[32m"round"[39m
                  [33mstroke-linejoin[39m=[32m"round"[39m
                  [33mstroke-width[39m=[32m"2"[39m
                [36m/>[39m
              [36m</svg>[39m
            [36m</button>[39m
            [36m<button[39m
              [33maria-label[39m=[32m"Approve"[39m
              [33mclass[39m=[32m"p-2 bg-green-600 text-white rounded-full hover:bg-green-700"[39m
              [33mtitle[39m=[32m"Approve"[39m
            [36m>[39m
              [36m<svg[39m
                [33mclass[39m=[32m"w-4 h-4"[39m
                [33mfill[39m=[32m"none"[39m
                [33mstroke[39m=[32m"currentColor"[39m
                [33mviewBox[39m=[32m"0 0 24 24"[39m
              [36m>[39m
                [36m<path[39m
                  [33md[39m=[32m"M5 13l4 4L19 7"[39m
                  [33mstroke-linecap[39m=[32m"round"[39m
                  [33mstroke-linejoin[39m=[32m"round"[39m
                  [33mstroke-width[39m=[32m"2"[39m
                [36m/>[39m
              [36m</svg>[39m
            [36m</button>[39m
            [36m<button[39m
              [33maria-label[39m=[32m"Add to Retry"[39m
              [33mclass[39m=[32m"p-2 bg-blue-600 text-white rounded-full hover:bg-blue-700"[39m
              [33mtitle[39m=[32m"Add to Retry"[39m
            [36m>[39m
              [36m<svg[39m
                [33mclass[39m=[32m"w-4 h-4"[39m
                [33mfill[39m=[32m"none"[39m
                [33mstroke[39m=[32m"currentColor"[39m
                [33mstroke-linecap[39m=[32m"round"[39m
                [33mstroke-linejoin[39m=[32m"round"[39m
                [33mstroke-width[39m=[32m"2"[39m
                [33mviewBox[39m=[32m"0 0 24 24"[39m
              [36m>[39m
                [36m<path[39m
                  [33md[39m=[32m"m15 14 5-5-5-5"[39m
                [36m/>[39m
                [36m<path[39m
                  [33md[39m=[32m"M20 9H9.5A5.5 5.5 0 0 0 4 14.5 5.5 5.5 0 0 0 9.5 20H13"[39m
                [36m/>[39m
              [36m</svg>[39m
            [36m</button>[39m
            [36m<button[39m
              [33maria-label[39m=[32m"Delete"[39m
              [33mclass[39m=[32m"p-2 bg-red-600 text-white rounded-full hover:bg-red-700"[39m
              [33mtitle[39m=[32m"Delete"[39m
            [36m>[39m
              [36m<svg[39m
                [33mclass[39m=[32m"w-4 h-4"[39m
                [33mfill[39m=[32m"none"[39m
                [33mstroke[39m=[32m"currentColor"[39m
                [33mviewBox[39m=[32m"0 0 24 24"[39m
              [36m>[39m
                [36m<path[39m
                  [33md[39m=[32m"M19 7l-.867 12.142A2 2 0 0116.138 21H7.862a2 2 0 01-1.995-1.858L5 7m5 4v6m4-6v6m1-10V4a1 1 0 00-1-1h-4a1 1 0 00-1 1v3M4 7h16"[39m
                  [33mstroke-linecap[39m=[32m"round"[39m
                  [33mstroke-linejoin[39m=[32m"round"[39m
                  [33mstroke-width[39m=[32m"2"[39m
                [36m/>[39m
              [36m</svg>[39m
            [36m</button>[39m
          [36m</div>[39m
        [36m</div>[39m
      [36m</div>[39m
      [36m<div[39m
        [33mclass[39m=[32m"p-3"[39m
      [36m>[39m
        [36m<div[39m
          [33mclass[39m=[32m"text-xs font-medium text-gray-900 truncate"[39m
          [33mtitle[39m=[32m"Mountain Sunset"[39m
        [36m>[39m
          [0mMountain Sunset[0m
        [36m</div>[39m
        [36m<div[39m
          [33mclass[39m=[32m"text-xs text-red-600 mb-2 p-2 bg-red-50 rounded border border-red-200"[39m
        [36m>[39m
          [36m<strong>[39m
            [0mFailure:[0m
          [36m</strong>[39m
          [0m [0m
          [0mPoor image quality - too dark and blurry[0m
        [36m</div>[39m
        [36m<div[39m
          [33mclass[39m=[32m"text-xs text-gray-500 truncate mb-2"[39m
          [33mtitle[39m=[32m"Job exec-123"[39m
        [36m>[39m
          [0mJob exec-123[0m
        [36m</div>[39m
        [36m<div[39m
          [33mclass[39m=[32m"flex items-center justify-between text-xs text-gray-500 mb-3"[39m
        [36m>[39m
          [36m<div[39m
            [33mclass[39m=[32m"flex items-center space-x-2"[39m
          [36m>[39m
            [36m<span[39m
              [33mclass[39m=[32m"font-mono"[39m
              [33mtitle[39m=[32m"Seed: 12345"[39m
            [36m>[39m
              [0m12345[0m
            [36m</span>[39m
          [36m</div>[39m
          [36m<div[39m
            [33mtitle[39m=[32m"1/15/2024"[39m
          [36m>[39m
            [0m1/15/2024[0m
          [36m</div>[39m
        [36m</div>[39m
      [36m</div>[39m
    [36m</div>[39m
  [36m</div>[39m
[36m</body>[39m
 ❯ Object.getElementError node_modules/@testing-library/dom/dist/config.js:37:19
 ❯ node_modules/@testing-library/dom/dist/query-helpers.js:76:38
 ❯ node_modules/@testing-library/dom/dist/query-helpers.js:52:17
 ❯ node_modules/@testing-library/dom/dist/query-helpers.js:95:19
 ❯ src/renderer/components/Dashboard/__tests__/FailedImageCard.test.tsx:414:37
    412|       );
    413| 
    414|       const imageContainer = screen.getByAltText('A beautiful sunset o…
       |                                     ^
    415|       expect(imageContainer).toHaveClass('aspect-square');
    416|     });

⎯⎯⎯⎯⎯⎯⎯⎯⎯⎯⎯⎯⎯⎯⎯⎯⎯⎯⎯⎯[117/254]⎯

 FAIL  src/renderer/components/Dashboard/__tests__/FailedImageCard.test.tsx > FailedImageCard > Layout and Styling > displays action buttons in grid layout
TestingLibraryElementError: Unable to find an element with the text: ✓ Approve. This could be because the text is broken up by multiple elements. In this case, you can provide a function for your text matcher to make your matcher more flexible.

Ignored nodes: comments, script, style
[36m<body>[39m
  [36m<div>[39m
    [36m<div[39m
      [33mclass[39m=[32m"relative bg-white border rounded-lg overflow-hidden transition-colors border-gray-200 hover:border-gray-300 hover:bg-gray-50"[39m
      [33mdata-testid[39m=[32m"failed-image-card-test-image-1"[39m
    [36m>[39m
      [36m<div[39m
        [33mclass[39m=[32m"absolute top-2 right-2 z-10"[39m
      [36m>[39m
        [36m<input[39m
          [33mclass[39m=[32m"rounded border-gray-300 text-blue-600 focus:ring-blue-500"[39m
          [33mdata-testid[39m=[32m"select-test-image-1"[39m
          [33mtype[39m=[32m"checkbox"[39m
        [36m/>[39m
      [36m</div>[39m
      [36m<div[39m
        [33mclass[39m=[32m"relative aspect-square"[39m
      [36m>[39m
        [36m<img[39m
          [33malt[39m=[32m"Failed image test-image-1"[39m
          [33mclass[39m=[32m"w-full h-full object-cover"[39m
          [33msrc[39m=[32m"local-file:///path/to/test-image.jpg"[39m
        [36m/>[39m
        [36m<div[39m
          [33mclass[39m=[32m"absolute top-2 left-2"[39m
        [36m>[39m
          [36m<span[39m
            [33mclass[39m=[32m"inline-flex items-center gap-1 px-2 py-1 rounded-full text-sm font-medium border bg-red-100 text-red-800 border-red-200"[39m
          [36m>[39m
            [36m<svg[39m
              [33maria-hidden[39m=[32m"true"[39m
              [33mclass[39m=[32m"w-4 h-4"[39m
              [33mfill[39m=[32m"none"[39m
              [33mstroke[39m=[32m"currentColor"[39m
              [33mviewBox[39m=[32m"0 0 24 24"[39m
            [36m>[39m
              [36m<path[39m
                [33md[39m=[32m"M12 9v4m0 4h.01M10.29 3.86L1.82 18a2 2 0 001.71 3h16.94a2 2 0 001.71-3L13.71 3.86a2 2 0 00-3.42 0z"[39m
                [33mstroke-linecap[39m=[32m"round"[39m
                [33mstroke-linejoin[39m=[32m"round"[39m
                [33mstroke-width[39m=[32m"2"[39m
              [36m/>[39m
            [36m</svg>[39m
            [0mQC Failed[0m
          [36m</span>[39m
        [36m</div>[39m
        [36m<div[39m
          [33mclass[39m=[32m"absolute inset-0 bg-black bg-opacity-0 hover:bg-opacity-40 transition-all duration-200 flex items-center justify-center opacity-0 hover:opacity-100"[39m
        [36m>[39m
          [36m<div[39m
            [33mclass[39m=[32m"flex items-center space-x-2"[39m
          [36m>[39m
            [36m<button[39m
              [33maria-label[39m=[32m"View"[39m
              [33mclass[39m=[32m"p-2 bg-gray-600 text-white rounded-full hover:bg-gray-700"[39m
              [33mtitle[39m=[32m"View"[39m
            [36m>[39m
              [36m<svg[39m
                [33mclass[39m=[32m"w-4 h-4"[39m
                [33mfill[39m=[32m"none"[39m
                [33mstroke[39m=[32m"currentColor"[39m
                [33mviewBox[39m=[32m"0 0 24 24"[39m
              [36m>[39m
                [36m<path[39m
                  [33md[39m=[32m"M15 12a3 3 0 11-6 0 3 3 0 016 0z"[39m
                  [33mstroke-linecap[39m=[32m"round"[39m
                  [33mstroke-linejoin[39m=[32m"round"[39m
                  [33mstroke-width[39m=[32m"2"[39m
                [36m/>[39m
                [36m<path[39m
                  [33md[39m=[32m"M2.458 12C3.732 7.943 7.523 5 12 5c4.478 0 8.268 2.943 9.542 7-1.274 4.057-5.064 7-9.542 7-4.477 0-8.268-2.943-9.542-7z"[39m
                  [33mstroke-linecap[39m=[32m"round"[39m
                  [33mstroke-linejoin[39m=[32m"round"[39m
                  [33mstroke-width[39m=[32m"2"[39m
                [36m/>[39m
              [36m</svg>[39m
            [36m</button>[39m
            [36m<button[39m
              [33maria-label[39m=[32m"Approve"[39m
              [33mclass[39m=[32m"p-2 bg-green-600 text-white rounded-full hover:bg-green-700"[39m
              [33mtitle[39m=[32m"Approve"[39m
            [36m>[39m
              [36m<svg[39m
                [33mclass[39m=[32m"w-4 h-4"[39m
                [33mfill[39m=[32m"none"[39m
                [33mstroke[39m=[32m"currentColor"[39m
                [33mviewBox[39m=[32m"0 0 24 24"[39m
              [36m>[39m
                [36m<path[39m
                  [33md[39m=[32m"M5 13l4 4L19 7"[39m
                  [33mstroke-linecap[39m=[32m"round"[39m
                  [33mstroke-linejoin[39m=[32m"round"[39m
                  [33mstroke-width[39m=[32m"2"[39m
                [36m/>[39m
              [36m</svg>[39m
            [36m</button>[39m
            [36m<button[39m
              [33maria-label[39m=[32m"Add to Retry"[39m
              [33mclass[39m=[32m"p-2 bg-blue-600 text-white rounded-full hover:bg-blue-700"[39m
              [33mtitle[39m=[32m"Add to Retry"[39m
            [36m>[39m
              [36m<svg[39m
                [33mclass[39m=[32m"w-4 h-4"[39m
                [33mfill[39m=[32m"none"[39m
                [33mstroke[39m=[32m"currentColor"[39m
                [33mstroke-linecap[39m=[32m"round"[39m
                [33mstroke-linejoin[39m=[32m"round"[39m
                [33mstroke-width[39m=[32m"2"[39m
                [33mviewBox[39m=[32m"0 0 24 24"[39m
              [36m>[39m
                [36m<path[39m
                  [33md[39m=[32m"m15 14 5-5-5-5"[39m
                [36m/>[39m
                [36m<path[39m
                  [33md[39m=[32m"M20 9H9.5A5.5 5.5 0 0 0 4 14.5 5.5 5.5 0 0 0 9.5 20H13"[39m
                [36m/>[39m
              [36m</svg>[39m
            [36m</button>[39m
            [36m<button[39m
              [33maria-label[39m=[32m"Delete"[39m
              [33mclass[39m=[32m"p-2 bg-red-600 text-white rounded-full hover:bg-red-700"[39m
              [33mtitle[39m=[32m"Delete"[39m
            [36m>[39m
              [36m<svg[39m
                [33mclass[39m=[32m"w-4 h-4"[39m
                [33mfill[39m=[32m"none"[39m
                [33mstroke[39m=[32m"currentColor"[39m
                [33mviewBox[39m=[32m"0 0 24 24"[39m
              [36m>[39m
                [36m<path[39m
                  [33md[39m=[32m"M19 7l-.867 12.142A2 2 0 0116.138 21H7.862a2 2 0 01-1.995-1.858L5 7m5 4v6m4-6v6m1-10V4a1 1 0 00-1-1h-4a1 1 0 00-1 1v3M4 7h16"[39m
                  [33mstroke-linecap[39m=[32m"round"[39m
                  [33mstroke-linejoin[39m=[32m"round"[39m
                  [33mstroke-width[39m=[32m"2"[39m
                [36m/>[39m
              [36m</svg>[39m
            [36m</button>[39m
          [36m</div>[39m
        [36m</div>[39m
      [36m</div>[39m
      [36m<div[39m
        [33mclass[39m=[32m"p-3"[39m
      [36m>[39m
        [36m<div[39m
          [33mclass[39m=[32m"text-xs font-medium text-gray-900 truncate"[39m
          [33mtitle[39m=[32m"Mountain Sunset"[39m
        [36m>[39m
          [0mMountain Sunset[0m
        [36m</div>[39m
        [36m<div[39m
          [33mclass[39m=[32m"text-xs text-red-600 mb-2 p-2 bg-red-50 rounded border border-red-200"[39m
        [36m>[39m
          [36m<strong>[39m
            [0mFailure:[0m
          [36m</strong>[39m
          [0m [0m
          [0mPoor image quality - too dark and blurry[0m
        [36m</div>[39m
        [36m<div[39m
          [33mclass[39m=[32m"text-xs text-gray-500 truncate mb-2"[39m
          [33mtitle[39m=[32m"Job exec-123"[39m
        [36m>[39m
          [0mJob exec-123[0m
        [36m</div>[39m
        [36m<div[39m
          [33mclass[39m=[32m"flex items-center justify-between text-xs text-gray-500 mb-3"[39m
        [36m>[39m
          [36m<div[39m
            [33mclass[39m=[32m"flex items-center space-x-2"[39m
          [36m>[39m
            [36m<span[39m
              [33mclass[39m=[32m"font-mono"[39m
              [33mtitle[39m=[32m"Seed: 12345"[39m
            [36m>[39m
              [0m12345[0m
            [36m</span>[39m
          [36m</div>[39m
          [36m<div[39m
            [33mtitle[39m=[32m"1/15/2024"[39m
          [36m>[39m
            [0m1/15/2024[0m
          [36m</div>[39m
        [36m</div>[39m
      [36m</div>[39m
    [36m</div>[39m
  [36m</div>[39m
[36m</body>[39m
 ❯ Object.getElementError node_modules/@testing-library/dom/dist/config.js:37:19
 ❯ node_modules/@testing-library/dom/dist/query-helpers.js:76:38
 ❯ node_modules/@testing-library/dom/dist/query-helpers.js:52:17
 ❯ node_modules/@testing-library/dom/dist/query-helpers.js:95:19
 ❯ src/renderer/components/Dashboard/__tests__/FailedImageCard.test.tsx:428:45
    426|       );
    427| 
    428|       const actionButtonsContainer = screen.getByText('✓ Approve').clo…
       |                                             ^
    429|       expect(actionButtonsContainer).toHaveClass('grid', 'grid-cols-2'…
    430|     });

⎯⎯⎯⎯⎯⎯⎯⎯⎯⎯⎯⎯⎯⎯⎯⎯⎯⎯⎯⎯[118/254]⎯

 FAIL  src/renderer/components/Dashboard/__tests__/FailedImageCard.test.tsx > FailedImageCard > Edge Cases > handles image without processing settings gracefully
TestingLibraryElementError: Unable to find an element with the text: A beautiful sunset over mountains with dramatic clouds. This could be because the text is broken up by multiple elements. In this case, you can provide a function for your text matcher to make your matcher more flexible.

Ignored nodes: comments, script, style
[36m<body>[39m
  [36m<div>[39m
    [36m<div[39m
      [33mclass[39m=[32m"relative bg-white border rounded-lg overflow-hidden transition-colors border-gray-200 hover:border-gray-300 hover:bg-gray-50"[39m
      [33mdata-testid[39m=[32m"failed-image-card-test-image-1"[39m
    [36m>[39m
      [36m<div[39m
        [33mclass[39m=[32m"absolute top-2 right-2 z-10"[39m
      [36m>[39m
        [36m<input[39m
          [33mclass[39m=[32m"rounded border-gray-300 text-blue-600 focus:ring-blue-500"[39m
          [33mdata-testid[39m=[32m"select-test-image-1"[39m
          [33mtype[39m=[32m"checkbox"[39m
        [36m/>[39m
      [36m</div>[39m
      [36m<div[39m
        [33mclass[39m=[32m"relative aspect-square"[39m
      [36m>[39m
        [36m<img[39m
          [33malt[39m=[32m"Failed image test-image-1"[39m
          [33mclass[39m=[32m"w-full h-full object-cover"[39m
          [33msrc[39m=[32m"local-file:///path/to/test-image.jpg"[39m
        [36m/>[39m
        [36m<div[39m
          [33mclass[39m=[32m"absolute top-2 left-2"[39m
        [36m>[39m
          [36m<span[39m
            [33mclass[39m=[32m"inline-flex items-center gap-1 px-2 py-1 rounded-full text-sm font-medium border bg-red-100 text-red-800 border-red-200"[39m
          [36m>[39m
            [36m<svg[39m
              [33maria-hidden[39m=[32m"true"[39m
              [33mclass[39m=[32m"w-4 h-4"[39m
              [33mfill[39m=[32m"none"[39m
              [33mstroke[39m=[32m"currentColor"[39m
              [33mviewBox[39m=[32m"0 0 24 24"[39m
            [36m>[39m
              [36m<path[39m
                [33md[39m=[32m"M12 9v4m0 4h.01M10.29 3.86L1.82 18a2 2 0 001.71 3h16.94a2 2 0 001.71-3L13.71 3.86a2 2 0 00-3.42 0z"[39m
                [33mstroke-linecap[39m=[32m"round"[39m
                [33mstroke-linejoin[39m=[32m"round"[39m
                [33mstroke-width[39m=[32m"2"[39m
              [36m/>[39m
            [36m</svg>[39m
            [0mQC Failed[0m
          [36m</span>[39m
        [36m</div>[39m
        [36m<div[39m
          [33mclass[39m=[32m"absolute inset-0 bg-black bg-opacity-0 hover:bg-opacity-40 transition-all duration-200 flex items-center justify-center opacity-0 hover:opacity-100"[39m
        [36m>[39m
          [36m<div[39m
            [33mclass[39m=[32m"flex items-center space-x-2"[39m
          [36m>[39m
            [36m<button[39m
              [33maria-label[39m=[32m"View"[39m
              [33mclass[39m=[32m"p-2 bg-gray-600 text-white rounded-full hover:bg-gray-700"[39m
              [33mtitle[39m=[32m"View"[39m
            [36m>[39m
              [36m<svg[39m
                [33mclass[39m=[32m"w-4 h-4"[39m
                [33mfill[39m=[32m"none"[39m
                [33mstroke[39m=[32m"currentColor"[39m
                [33mviewBox[39m=[32m"0 0 24 24"[39m
              [36m>[39m
                [36m<path[39m
                  [33md[39m=[32m"M15 12a3 3 0 11-6 0 3 3 0 016 0z"[39m
                  [33mstroke-linecap[39m=[32m"round"[39m
                  [33mstroke-linejoin[39m=[32m"round"[39m
                  [33mstroke-width[39m=[32m"2"[39m
                [36m/>[39m
                [36m<path[39m
                  [33md[39m=[32m"M2.458 12C3.732 7.943 7.523 5 12 5c4.478 0 8.268 2.943 9.542 7-1.274 4.057-5.064 7-9.542 7-4.477 0-8.268-2.943-9.542-7z"[39m
                  [33mstroke-linecap[39m=[32m"round"[39m
                  [33mstroke-linejoin[39m=[32m"round"[39m
                  [33mstroke-width[39m=[32m"2"[39m
                [36m/>[39m
              [36m</svg>[39m
            [36m</button>[39m
            [36m<button[39m
              [33maria-label[39m=[32m"Approve"[39m
              [33mclass[39m=[32m"p-2 bg-green-600 text-white rounded-full hover:bg-green-700"[39m
              [33mtitle[39m=[32m"Approve"[39m
            [36m>[39m
              [36m<svg[39m
                [33mclass[39m=[32m"w-4 h-4"[39m
                [33mfill[39m=[32m"none"[39m
                [33mstroke[39m=[32m"currentColor"[39m
                [33mviewBox[39m=[32m"0 0 24 24"[39m
              [36m>[39m
                [36m<path[39m
                  [33md[39m=[32m"M5 13l4 4L19 7"[39m
                  [33mstroke-linecap[39m=[32m"round"[39m
                  [33mstroke-linejoin[39m=[32m"round"[39m
                  [33mstroke-width[39m=[32m"2"[39m
                [36m/>[39m
              [36m</svg>[39m
            [36m</button>[39m
            [36m<button[39m
              [33maria-label[39m=[32m"Add to Retry"[39m
              [33mclass[39m=[32m"p-2 bg-blue-600 text-white rounded-full hover:bg-blue-700"[39m
              [33mtitle[39m=[32m"Add to Retry"[39m
            [36m>[39m
              [36m<svg[39m
                [33mclass[39m=[32m"w-4 h-4"[39m
                [33mfill[39m=[32m"none"[39m
                [33mstroke[39m=[32m"currentColor"[39m
                [33mstroke-linecap[39m=[32m"round"[39m
                [33mstroke-linejoin[39m=[32m"round"[39m
                [33mstroke-width[39m=[32m"2"[39m
                [33mviewBox[39m=[32m"0 0 24 24"[39m
              [36m>[39m
                [36m<path[39m
                  [33md[39m=[32m"m15 14 5-5-5-5"[39m
                [36m/>[39m
                [36m<path[39m
                  [33md[39m=[32m"M20 9H9.5A5.5 5.5 0 0 0 4 14.5 5.5 5.5 0 0 0 9.5 20H13"[39m
                [36m/>[39m
              [36m</svg>[39m
            [36m</button>[39m
            [36m<button[39m
              [33maria-label[39m=[32m"Delete"[39m
              [33mclass[39m=[32m"p-2 bg-red-600 text-white rounded-full hover:bg-red-700"[39m
              [33mtitle[39m=[32m"Delete"[39m
            [36m>[39m
              [36m<svg[39m
                [33mclass[39m=[32m"w-4 h-4"[39m
                [33mfill[39m=[32m"none"[39m
                [33mstroke[39m=[32m"currentColor"[39m
                [33mviewBox[39m=[32m"0 0 24 24"[39m
              [36m>[39m
                [36m<path[39m
                  [33md[39m=[32m"M19 7l-.867 12.142A2 2 0 0116.138 21H7.862a2 2 0 01-1.995-1.858L5 7m5 4v6m4-6v6m1-10V4a1 1 0 00-1-1h-4a1 1 0 00-1 1v3M4 7h16"[39m
                  [33mstroke-linecap[39m=[32m"round"[39m
                  [33mstroke-linejoin[39m=[32m"round"[39m
                  [33mstroke-width[39m=[32m"2"[39m
                [36m/>[39m
              [36m</svg>[39m
            [36m</button>[39m
          [36m</div>[39m
        [36m</div>[39m
      [36m</div>[39m
      [36m<div[39m
        [33mclass[39m=[32m"p-3"[39m
      [36m>[39m
        [36m<div[39m
          [33mclass[39m=[32m"text-xs font-medium text-gray-900 truncate"[39m
          [33mtitle[39m=[32m"Mountain Sunset"[39m
        [36m>[39m
          [0mMountain Sunset[0m
        [36m</div>[39m
        [36m<div[39m
          [33mclass[39m=[32m"text-xs text-red-600 mb-2 p-2 bg-red-50 rounded border border-red-200"[39m
        [36m>[39m
          [36m<strong>[39m
            [0mFailure:[0m
          [36m</strong>[39m
          [0m [0m
          [0mPoor image quality - too dark and blurry[0m
        [36m</div>[39m
        [36m<div[39m
          [33mclass[39m=[32m"text-xs text-gray-500 truncate mb-2"[39m
          [33mtitle[39m=[32m"Job exec-123"[39m
        [36m>[39m
          [0mJob exec-123[0m
        [36m</div>[39m
        [36m<div[39m
          [33mclass[39m=[32m"flex items-center justify-between text-xs text-gray-500 mb-3"[39m
        [36m>[39m
          [36m<div[39m
            [33mclass[39m=[32m"flex items-center space-x-2"[39m
          [36m>[39m
            [36m<span[39m
              [33mclass[39m=[32m"font-mono"[39m
              [33mtitle[39m=[32m"Seed: 12345"[39m
            [36m>[39m
              [0m12345[0m
            [36m</span>[39m
          [36m</div>[39m
          [36m<div[39m
            [33mtitle[39m=[32m"1/15/2024"[39m
          [36m>[39m
            [0m1/15/2024[0m
          [36m</div>[39m
        [36m</div>[39m
      [36m</div>[39m
    [36m</div>[39m
  [36m</div>[39m
[36m</body>[39m
 ❯ Object.getElementError node_modules/@testing-library/dom/dist/config.js:37:19
 ❯ node_modules/@testing-library/dom/dist/query-helpers.js:76:38
 ❯ node_modules/@testing-library/dom/dist/query-helpers.js:52:17
 ❯ node_modules/@testing-library/dom/dist/query-helpers.js:95:19
 ❯ src/renderer/components/Dashboard/__tests__/FailedImageCard.test.tsx:479:21
    477| 
    478|       // Should still render all other information
    479|       expect(screen.getByText('A beautiful sunset over mountains with …
       |                     ^
    480|       expect(screen.getByText('Poor image quality - too dark and blurr…
    481|     });

⎯⎯⎯⎯⎯⎯⎯⎯⎯⎯⎯⎯⎯⎯⎯⎯⎯⎯⎯⎯[119/254]⎯

 FAIL  src/renderer/components/Dashboard/__tests__/FailedImageCard.test.tsx > FailedImageCard > Edge Cases > handles very long generation prompts
TestingLibraryElementError: Unable to find an element with the text: /This is a very long generation prompt/. This could be because the text is broken up by multiple elements. In this case, you can provide a function for your text matcher to make your matcher more flexible.

Ignored nodes: comments, script, style
[36m<body>[39m
  [36m<div>[39m
    [36m<div[39m
      [33mclass[39m=[32m"relative bg-white border rounded-lg overflow-hidden transition-colors border-gray-200 hover:border-gray-300 hover:bg-gray-50"[39m
      [33mdata-testid[39m=[32m"failed-image-card-test-image-1"[39m
    [36m>[39m
      [36m<div[39m
        [33mclass[39m=[32m"absolute top-2 right-2 z-10"[39m
      [36m>[39m
        [36m<input[39m
          [33mclass[39m=[32m"rounded border-gray-300 text-blue-600 focus:ring-blue-500"[39m
          [33mdata-testid[39m=[32m"select-test-image-1"[39m
          [33mtype[39m=[32m"checkbox"[39m
        [36m/>[39m
      [36m</div>[39m
      [36m<div[39m
        [33mclass[39m=[32m"relative aspect-square"[39m
      [36m>[39m
        [36m<img[39m
          [33malt[39m=[32m"Failed image test-image-1"[39m
          [33mclass[39m=[32m"w-full h-full object-cover"[39m
          [33msrc[39m=[32m"local-file:///path/to/test-image.jpg"[39m
        [36m/>[39m
        [36m<div[39m
          [33mclass[39m=[32m"absolute top-2 left-2"[39m
        [36m>[39m
          [36m<span[39m
            [33mclass[39m=[32m"inline-flex items-center gap-1 px-2 py-1 rounded-full text-sm font-medium border bg-red-100 text-red-800 border-red-200"[39m
          [36m>[39m
            [36m<svg[39m
              [33maria-hidden[39m=[32m"true"[39m
              [33mclass[39m=[32m"w-4 h-4"[39m
              [33mfill[39m=[32m"none"[39m
              [33mstroke[39m=[32m"currentColor"[39m
              [33mviewBox[39m=[32m"0 0 24 24"[39m
            [36m>[39m
              [36m<path[39m
                [33md[39m=[32m"M12 9v4m0 4h.01M10.29 3.86L1.82 18a2 2 0 001.71 3h16.94a2 2 0 001.71-3L13.71 3.86a2 2 0 00-3.42 0z"[39m
                [33mstroke-linecap[39m=[32m"round"[39m
                [33mstroke-linejoin[39m=[32m"round"[39m
                [33mstroke-width[39m=[32m"2"[39m
              [36m/>[39m
            [36m</svg>[39m
            [0mQC Failed[0m
          [36m</span>[39m
        [36m</div>[39m
        [36m<div[39m
          [33mclass[39m=[32m"absolute inset-0 bg-black bg-opacity-0 hover:bg-opacity-40 transition-all duration-200 flex items-center justify-center opacity-0 hover:opacity-100"[39m
        [36m>[39m
          [36m<div[39m
            [33mclass[39m=[32m"flex items-center space-x-2"[39m
          [36m>[39m
            [36m<button[39m
              [33maria-label[39m=[32m"View"[39m
              [33mclass[39m=[32m"p-2 bg-gray-600 text-white rounded-full hover:bg-gray-700"[39m
              [33mtitle[39m=[32m"View"[39m
            [36m>[39m
              [36m<svg[39m
                [33mclass[39m=[32m"w-4 h-4"[39m
                [33mfill[39m=[32m"none"[39m
                [33mstroke[39m=[32m"currentColor"[39m
                [33mviewBox[39m=[32m"0 0 24 24"[39m
              [36m>[39m
                [36m<path[39m
                  [33md[39m=[32m"M15 12a3 3 0 11-6 0 3 3 0 016 0z"[39m
                  [33mstroke-linecap[39m=[32m"round"[39m
                  [33mstroke-linejoin[39m=[32m"round"[39m
                  [33mstroke-width[39m=[32m"2"[39m
                [36m/>[39m
                [36m<path[39m
                  [33md[39m=[32m"M2.458 12C3.732 7.943 7.523 5 12 5c4.478 0 8.268 2.943 9.542 7-1.274 4.057-5.064 7-9.542 7-4.477 0-8.268-2.943-9.542-7z"[39m
                  [33mstroke-linecap[39m=[32m"round"[39m
                  [33mstroke-linejoin[39m=[32m"round"[39m
                  [33mstroke-width[39m=[32m"2"[39m
                [36m/>[39m
              [36m</svg>[39m
            [36m</button>[39m
            [36m<button[39m
              [33maria-label[39m=[32m"Approve"[39m
              [33mclass[39m=[32m"p-2 bg-green-600 text-white rounded-full hover:bg-green-700"[39m
              [33mtitle[39m=[32m"Approve"[39m
            [36m>[39m
              [36m<svg[39m
                [33mclass[39m=[32m"w-4 h-4"[39m
                [33mfill[39m=[32m"none"[39m
                [33mstroke[39m=[32m"currentColor"[39m
                [33mviewBox[39m=[32m"0 0 24 24"[39m
              [36m>[39m
                [36m<path[39m
                  [33md[39m=[32m"M5 13l4 4L19 7"[39m
                  [33mstroke-linecap[39m=[32m"round"[39m
                  [33mstroke-linejoin[39m=[32m"round"[39m
                  [33mstroke-width[39m=[32m"2"[39m
                [36m/>[39m
              [36m</svg>[39m
            [36m</button>[39m
            [36m<button[39m
              [33maria-label[39m=[32m"Add to Retry"[39m
              [33mclass[39m=[32m"p-2 bg-blue-600 text-white rounded-full hover:bg-blue-700"[39m
              [33mtitle[39m=[32m"Add to Retry"[39m
            [36m>[39m
              [36m<svg[39m
                [33mclass[39m=[32m"w-4 h-4"[39m
                [33mfill[39m=[32m"none"[39m
                [33mstroke[39m=[32m"currentColor"[39m
                [33mstroke-linecap[39m=[32m"round"[39m
                [33mstroke-linejoin[39m=[32m"round"[39m
                [33mstroke-width[39m=[32m"2"[39m
                [33mviewBox[39m=[32m"0 0 24 24"[39m
              [36m>[39m
                [36m<path[39m
                  [33md[39m=[32m"m15 14 5-5-5-5"[39m
                [36m/>[39m
                [36m<path[39m
                  [33md[39m=[32m"M20 9H9.5A5.5 5.5 0 0 0 4 14.5 5.5 5.5 0 0 0 9.5 20H13"[39m
                [36m/>[39m
              [36m</svg>[39m
            [36m</button>[39m
            [36m<button[39m
              [33maria-label[39m=[32m"Delete"[39m
              [33mclass[39m=[32m"p-2 bg-red-600 text-white rounded-full hover:bg-red-700"[39m
              [33mtitle[39m=[32m"Delete"[39m
            [36m>[39m
              [36m<svg[39m
                [33mclass[39m=[32m"w-4 h-4"[39m
                [33mfill[39m=[32m"none"[39m
                [33mstroke[39m=[32m"currentColor"[39m
                [33mviewBox[39m=[32m"0 0 24 24"[39m
              [36m>[39m
                [36m<path[39m
                  [33md[39m=[32m"M19 7l-.867 12.142A2 2 0 0116.138 21H7.862a2 2 0 01-1.995-1.858L5 7m5 4v6m4-6v6m1-10V4a1 1 0 00-1-1h-4a1 1 0 00-1 1v3M4 7h16"[39m
                  [33mstroke-linecap[39m=[32m"round"[39m
                  [33mstroke-linejoin[39m=[32m"round"[39m
                  [33mstroke-width[39m=[32m"2"[39m
                [36m/>[39m
              [36m</svg>[39m
            [36m</button>[39m
          [36m</div>[39m
        [36m</div>[39m
      [36m</div>[39m
      [36m<div[39m
        [33mclass[39m=[32m"p-3"[39m
      [36m>[39m
        [36m<div[39m
          [33mclass[39m=[32m"text-xs font-medium text-gray-900 truncate"[39m
          [33mtitle[39m=[32m"Mountain Sunset"[39m
        [36m>[39m
          [0mMountain Sunset[0m
        [36m</div>[39m
        [36m<div[39m
          [33mclass[39m=[32m"text-xs text-red-600 mb-2 p-2 bg-red-50 rounded border border-red-200"[39m
        [36m>[39m
          [36m<strong>[39m
            [0mFailure:[0m
          [36m</strong>[39m
          [0m [0m
          [0mPoor image quality - too dark and blurry[0m
        [36m</div>[39m
        [36m<div[39m
          [33mclass[39m=[32m"text-xs text-gray-500 truncate mb-2"[39m
          [33mtitle[39m=[32m"Job exec-123"[39m
        [36m>[39m
          [0mJob exec-123[0m
        [36m</div>[39m
        [36m<div[39m
          [33mclass[39m=[32m"flex items-center justify-between text-xs text-gray-500 mb-3"[39m
        [36m>[39m
          [36m<div[39m
            [33mclass[39m=[32m"flex items-center space-x-2"[39m
          [36m>[39m
            [36m<span[39m
              [33mclass[39m=[32m"font-mono"[39m
              [33mtitle[39m=[32m"Seed: 12345"[39m
            [36m>[39m
              [0m12345[0m
            [36m</span>[39m
          [36m</div>[39m
          [36m<div[39m
            [33mtitle[39m=[32m"1/15/2024"[39m
          [36m>[39m
            [0m1/15/2024[0m
          [36m</div>[39m
        [36m</div>[39m
      [36m</div>[39m
    [36m</div>[39m
  [36m</div>[39m
[36m</body>[39m
 ❯ Object.getElementError node_modules/@testing-library/dom/dist/config.js:37:19
 ❯ node_modules/@testing-library/dom/dist/query-helpers.js:76:38
 ❯ node_modules/@testing-library/dom/dist/query-helpers.js:52:17
 ❯ node_modules/@testing-library/dom/dist/query-helpers.js:95:19
 ❯ src/renderer/components/Dashboard/__tests__/FailedImageCard.test.tsx:498:36
    496|       );
    497| 
    498|       const promptElement = screen.getByText(/This is a very long gene…
       |                                    ^
    499|       expect(promptElement).toHaveClass('truncate');
    500|     });

⎯⎯⎯⎯⎯⎯⎯⎯⎯⎯⎯⎯⎯⎯⎯⎯⎯⎯⎯⎯[120/254]⎯

 FAIL  src/renderer/components/Dashboard/__tests__/FailedImageCard.test.tsx > FailedImageCard > Interactive Behavior > handles rapid button clicks correctly
TestingLibraryElementError: Unable to find an element with the text: ✓ Approve. This could be because the text is broken up by multiple elements. In this case, you can provide a function for your text matcher to make your matcher more flexible.

Ignored nodes: comments, script, style
[36m<body>[39m
  [36m<div>[39m
    [36m<div[39m
      [33mclass[39m=[32m"relative bg-white border rounded-lg overflow-hidden transition-colors border-gray-200 hover:border-gray-300 hover:bg-gray-50"[39m
      [33mdata-testid[39m=[32m"failed-image-card-test-image-1"[39m
    [36m>[39m
      [36m<div[39m
        [33mclass[39m=[32m"absolute top-2 right-2 z-10"[39m
      [36m>[39m
        [36m<input[39m
          [33mclass[39m=[32m"rounded border-gray-300 text-blue-600 focus:ring-blue-500"[39m
          [33mdata-testid[39m=[32m"select-test-image-1"[39m
          [33mtype[39m=[32m"checkbox"[39m
        [36m/>[39m
      [36m</div>[39m
      [36m<div[39m
        [33mclass[39m=[32m"relative aspect-square"[39m
      [36m>[39m
        [36m<img[39m
          [33malt[39m=[32m"Failed image test-image-1"[39m
          [33mclass[39m=[32m"w-full h-full object-cover"[39m
          [33msrc[39m=[32m"local-file:///path/to/test-image.jpg"[39m
        [36m/>[39m
        [36m<div[39m
          [33mclass[39m=[32m"absolute top-2 left-2"[39m
        [36m>[39m
          [36m<span[39m
            [33mclass[39m=[32m"inline-flex items-center gap-1 px-2 py-1 rounded-full text-sm font-medium border bg-red-100 text-red-800 border-red-200"[39m
          [36m>[39m
            [36m<svg[39m
              [33maria-hidden[39m=[32m"true"[39m
              [33mclass[39m=[32m"w-4 h-4"[39m
              [33mfill[39m=[32m"none"[39m
              [33mstroke[39m=[32m"currentColor"[39m
              [33mviewBox[39m=[32m"0 0 24 24"[39m
            [36m>[39m
              [36m<path[39m
                [33md[39m=[32m"M12 9v4m0 4h.01M10.29 3.86L1.82 18a2 2 0 001.71 3h16.94a2 2 0 001.71-3L13.71 3.86a2 2 0 00-3.42 0z"[39m
                [33mstroke-linecap[39m=[32m"round"[39m
                [33mstroke-linejoin[39m=[32m"round"[39m
                [33mstroke-width[39m=[32m"2"[39m
              [36m/>[39m
            [36m</svg>[39m
            [0mQC Failed[0m
          [36m</span>[39m
        [36m</div>[39m
        [36m<div[39m
          [33mclass[39m=[32m"absolute inset-0 bg-black bg-opacity-0 hover:bg-opacity-40 transition-all duration-200 flex items-center justify-center opacity-0 hover:opacity-100"[39m
        [36m>[39m
          [36m<div[39m
            [33mclass[39m=[32m"flex items-center space-x-2"[39m
          [36m>[39m
            [36m<button[39m
              [33maria-label[39m=[32m"View"[39m
              [33mclass[39m=[32m"p-2 bg-gray-600 text-white rounded-full hover:bg-gray-700"[39m
              [33mtitle[39m=[32m"View"[39m
            [36m>[39m
              [36m<svg[39m
                [33mclass[39m=[32m"w-4 h-4"[39m
                [33mfill[39m=[32m"none"[39m
                [33mstroke[39m=[32m"currentColor"[39m
                [33mviewBox[39m=[32m"0 0 24 24"[39m
              [36m>[39m
                [36m<path[39m
                  [33md[39m=[32m"M15 12a3 3 0 11-6 0 3 3 0 016 0z"[39m
                  [33mstroke-linecap[39m=[32m"round"[39m
                  [33mstroke-linejoin[39m=[32m"round"[39m
                  [33mstroke-width[39m=[32m"2"[39m
                [36m/>[39m
                [36m<path[39m
                  [33md[39m=[32m"M2.458 12C3.732 7.943 7.523 5 12 5c4.478 0 8.268 2.943 9.542 7-1.274 4.057-5.064 7-9.542 7-4.477 0-8.268-2.943-9.542-7z"[39m
                  [33mstroke-linecap[39m=[32m"round"[39m
                  [33mstroke-linejoin[39m=[32m"round"[39m
                  [33mstroke-width[39m=[32m"2"[39m
                [36m/>[39m
              [36m</svg>[39m
            [36m</button>[39m
            [36m<button[39m
              [33maria-label[39m=[32m"Approve"[39m
              [33mclass[39m=[32m"p-2 bg-green-600 text-white rounded-full hover:bg-green-700"[39m
              [33mtitle[39m=[32m"Approve"[39m
            [36m>[39m
              [36m<svg[39m
                [33mclass[39m=[32m"w-4 h-4"[39m
                [33mfill[39m=[32m"none"[39m
                [33mstroke[39m=[32m"currentColor"[39m
                [33mviewBox[39m=[32m"0 0 24 24"[39m
              [36m>[39m
                [36m<path[39m
                  [33md[39m=[32m"M5 13l4 4L19 7"[39m
                  [33mstroke-linecap[39m=[32m"round"[39m
                  [33mstroke-linejoin[39m=[32m"round"[39m
                  [33mstroke-width[39m=[32m"2"[39m
                [36m/>[39m
              [36m</svg>[39m
            [36m</button>[39m
            [36m<button[39m
              [33maria-label[39m=[32m"Add to Retry"[39m
              [33mclass[39m=[32m"p-2 bg-blue-600 text-white rounded-full hover:bg-blue-700"[39m
              [33mtitle[39m=[32m"Add to Retry"[39m
            [36m>[39m
              [36m<svg[39m
                [33mclass[39m=[32m"w-4 h-4"[39m
                [33mfill[39m=[32m"none"[39m
                [33mstroke[39m=[32m"currentColor"[39m
                [33mstroke-linecap[39m=[32m"round"[39m
                [33mstroke-linejoin[39m=[32m"round"[39m
                [33mstroke-width[39m=[32m"2"[39m
                [33mviewBox[39m=[32m"0 0 24 24"[39m
              [36m>[39m
                [36m<path[39m
                  [33md[39m=[32m"m15 14 5-5-5-5"[39m
                [36m/>[39m
                [36m<path[39m
                  [33md[39m=[32m"M20 9H9.5A5.5 5.5 0 0 0 4 14.5 5.5 5.5 0 0 0 9.5 20H13"[39m
                [36m/>[39m
              [36m</svg>[39m
            [36m</button>[39m
            [36m<button[39m
              [33maria-label[39m=[32m"Delete"[39m
              [33mclass[39m=[32m"p-2 bg-red-600 text-white rounded-full hover:bg-red-700"[39m
              [33mtitle[39m=[32m"Delete"[39m
            [36m>[39m
              [36m<svg[39m
                [33mclass[39m=[32m"w-4 h-4"[39m
                [33mfill[39m=[32m"none"[39m
                [33mstroke[39m=[32m"currentColor"[39m
                [33mviewBox[39m=[32m"0 0 24 24"[39m
              [36m>[39m
                [36m<path[39m
                  [33md[39m=[32m"M19 7l-.867 12.142A2 2 0 0116.138 21H7.862a2 2 0 01-1.995-1.858L5 7m5 4v6m4-6v6m1-10V4a1 1 0 00-1-1h-4a1 1 0 00-1 1v3M4 7h16"[39m
                  [33mstroke-linecap[39m=[32m"round"[39m
                  [33mstroke-linejoin[39m=[32m"round"[39m
                  [33mstroke-width[39m=[32m"2"[39m
                [36m/>[39m
              [36m</svg>[39m
            [36m</button>[39m
          [36m</div>[39m
        [36m</div>[39m
      [36m</div>[39m
      [36m<div[39m
        [33mclass[39m=[32m"p-3"[39m
      [36m>[39m
        [36m<div[39m
          [33mclass[39m=[32m"text-xs font-medium text-gray-900 truncate"[39m
          [33mtitle[39m=[32m"Mountain Sunset"[39m
        [36m>[39m
          [0mMountain Sunset[0m
        [36m</div>[39m
        [36m<div[39m
          [33mclass[39m=[32m"text-xs text-red-600 mb-2 p-2 bg-red-50 rounded border border-red-200"[39m
        [36m>[39m
          [36m<strong>[39m
            [0mFailure:[0m
          [36m</strong>[39m
          [0m [0m
          [0mPoor image quality - too dark and blurry[0m
        [36m</div>[39m
        [36m<div[39m
          [33mclass[39m=[32m"text-xs text-gray-500 truncate mb-2"[39m
          [33mtitle[39m=[32m"Job exec-123"[39m
        [36m>[39m
          [0mJob exec-123[0m
        [36m</div>[39m
        [36m<div[39m
          [33mclass[39m=[32m"flex items-center justify-between text-xs text-gray-500 mb-3"[39m
        [36m>[39m
          [36m<div[39m
            [33mclass[39m=[32m"flex items-center space-x-2"[39m
          [36m>[39m
            [36m<span[39m
              [33mclass[39m=[32m"font-mono"[39m
              [33mtitle[39m=[32m"Seed: 12345"[39m
            [36m>[39m
              [0m12345[0m
            [36m</span>[39m
          [36m</div>[39m
          [36m<div[39m
            [33mtitle[39m=[32m"1/15/2024"[39m
          [36m>[39m
            [0m1/15/2024[0m
          [36m</div>[39m
        [36m</div>[39m
      [36m</div>[39m
    [36m</div>[39m
  [36m</div>[39m
[36m</body>[39m
 ❯ Object.getElementError node_modules/@testing-library/dom/dist/config.js:37:19
 ❯ node_modules/@testing-library/dom/dist/query-helpers.js:76:38
 ❯ node_modules/@testing-library/dom/dist/query-helpers.js:52:17
 ❯ node_modules/@testing-library/dom/dist/query-helpers.js:95:19
 ❯ src/renderer/components/Dashboard/__tests__/FailedImageCard.test.tsx:542:36
    540|       );
    541| 
    542|       const approveButton = screen.getByText('✓ Approve');
       |                                    ^
    543|       const retryButton = screen.getByText(' Retry');
    544| 

⎯⎯⎯⎯⎯⎯⎯⎯⎯⎯⎯⎯⎯⎯⎯⎯⎯⎯⎯⎯[121/254]⎯

 FAIL  src/renderer/components/Dashboard/__tests__/FailedImageCard.test.tsx > FailedImageCard > Performance Considerations > handles image load events efficiently
TestingLibraryElementError: Unable to find an element with the alt text: A beautiful sunset over mountains with dramatic clouds

Ignored nodes: comments, script, style
[36m<body>[39m
  [36m<div>[39m
    [36m<div[39m
      [33mclass[39m=[32m"relative bg-white border rounded-lg overflow-hidden transition-colors border-gray-200 hover:border-gray-300 hover:bg-gray-50"[39m
      [33mdata-testid[39m=[32m"failed-image-card-test-image-1"[39m
    [36m>[39m
      [36m<div[39m
        [33mclass[39m=[32m"absolute top-2 right-2 z-10"[39m
      [36m>[39m
        [36m<input[39m
          [33mclass[39m=[32m"rounded border-gray-300 text-blue-600 focus:ring-blue-500"[39m
          [33mdata-testid[39m=[32m"select-test-image-1"[39m
          [33mtype[39m=[32m"checkbox"[39m
        [36m/>[39m
      [36m</div>[39m
      [36m<div[39m
        [33mclass[39m=[32m"relative aspect-square"[39m
      [36m>[39m
        [36m<img[39m
          [33malt[39m=[32m"Failed image test-image-1"[39m
          [33mclass[39m=[32m"w-full h-full object-cover"[39m
          [33msrc[39m=[32m"local-file:///path/to/test-image.jpg"[39m
        [36m/>[39m
        [36m<div[39m
          [33mclass[39m=[32m"absolute top-2 left-2"[39m
        [36m>[39m
          [36m<span[39m
            [33mclass[39m=[32m"inline-flex items-center gap-1 px-2 py-1 rounded-full text-sm font-medium border bg-red-100 text-red-800 border-red-200"[39m
          [36m>[39m
            [36m<svg[39m
              [33maria-hidden[39m=[32m"true"[39m
              [33mclass[39m=[32m"w-4 h-4"[39m
              [33mfill[39m=[32m"none"[39m
              [33mstroke[39m=[32m"currentColor"[39m
              [33mviewBox[39m=[32m"0 0 24 24"[39m
            [36m>[39m
              [36m<path[39m
                [33md[39m=[32m"M12 9v4m0 4h.01M10.29 3.86L1.82 18a2 2 0 001.71 3h16.94a2 2 0 001.71-3L13.71 3.86a2 2 0 00-3.42 0z"[39m
                [33mstroke-linecap[39m=[32m"round"[39m
                [33mstroke-linejoin[39m=[32m"round"[39m
                [33mstroke-width[39m=[32m"2"[39m
              [36m/>[39m
            [36m</svg>[39m
            [0mQC Failed[0m
          [36m</span>[39m
        [36m</div>[39m
        [36m<div[39m
          [33mclass[39m=[32m"absolute inset-0 bg-black bg-opacity-0 hover:bg-opacity-40 transition-all duration-200 flex items-center justify-center opacity-0 hover:opacity-100"[39m
        [36m>[39m
          [36m<div[39m
            [33mclass[39m=[32m"flex items-center space-x-2"[39m
          [36m>[39m
            [36m<button[39m
              [33maria-label[39m=[32m"View"[39m
              [33mclass[39m=[32m"p-2 bg-gray-600 text-white rounded-full hover:bg-gray-700"[39m
              [33mtitle[39m=[32m"View"[39m
            [36m>[39m
              [36m<svg[39m
                [33mclass[39m=[32m"w-4 h-4"[39m
                [33mfill[39m=[32m"none"[39m
                [33mstroke[39m=[32m"currentColor"[39m
                [33mviewBox[39m=[32m"0 0 24 24"[39m
              [36m>[39m
                [36m<path[39m
                  [33md[39m=[32m"M15 12a3 3 0 11-6 0 3 3 0 016 0z"[39m
                  [33mstroke-linecap[39m=[32m"round"[39m
                  [33mstroke-linejoin[39m=[32m"round"[39m
                  [33mstroke-width[39m=[32m"2"[39m
                [36m/>[39m
                [36m<path[39m
                  [33md[39m=[32m"M2.458 12C3.732 7.943 7.523 5 12 5c4.478 0 8.268 2.943 9.542 7-1.274 4.057-5.064 7-9.542 7-4.477 0-8.268-2.943-9.542-7z"[39m
                  [33mstroke-linecap[39m=[32m"round"[39m
                  [33mstroke-linejoin[39m=[32m"round"[39m
                  [33mstroke-width[39m=[32m"2"[39m
                [36m/>[39m
              [36m</svg>[39m
            [36m</button>[39m
            [36m<button[39m
              [33maria-label[39m=[32m"Approve"[39m
              [33mclass[39m=[32m"p-2 bg-green-600 text-white rounded-full hover:bg-green-700"[39m
              [33mtitle[39m=[32m"Approve"[39m
            [36m>[39m
              [36m<svg[39m
                [33mclass[39m=[32m"w-4 h-4"[39m
                [33mfill[39m=[32m"none"[39m
                [33mstroke[39m=[32m"currentColor"[39m
                [33mviewBox[39m=[32m"0 0 24 24"[39m
              [36m>[39m
                [36m<path[39m
                  [33md[39m=[32m"M5 13l4 4L19 7"[39m
                  [33mstroke-linecap[39m=[32m"round"[39m
                  [33mstroke-linejoin[39m=[32m"round"[39m
                  [33mstroke-width[39m=[32m"2"[39m
                [36m/>[39m
              [36m</svg>[39m
            [36m</button>[39m
            [36m<button[39m
              [33maria-label[39m=[32m"Add to Retry"[39m
              [33mclass[39m=[32m"p-2 bg-blue-600 text-white rounded-full hover:bg-blue-700"[39m
              [33mtitle[39m=[32m"Add to Retry"[39m
            [36m>[39m
              [36m<svg[39m
                [33mclass[39m=[32m"w-4 h-4"[39m
                [33mfill[39m=[32m"none"[39m
                [33mstroke[39m=[32m"currentColor"[39m
                [33mstroke-linecap[39m=[32m"round"[39m
                [33mstroke-linejoin[39m=[32m"round"[39m
                [33mstroke-width[39m=[32m"2"[39m
                [33mviewBox[39m=[32m"0 0 24 24"[39m
              [36m>[39m
                [36m<path[39m
                  [33md[39m=[32m"m15 14 5-5-5-5"[39m
                [36m/>[39m
                [36m<path[39m
                  [33md[39m=[32m"M20 9H9.5A5.5 5.5 0 0 0 4 14.5 5.5 5.5 0 0 0 9.5 20H13"[39m
                [36m/>[39m
              [36m</svg>[39m
            [36m</button>[39m
            [36m<button[39m
              [33maria-label[39m=[32m"Delete"[39m
              [33mclass[39m=[32m"p-2 bg-red-600 text-white rounded-full hover:bg-red-700"[39m
              [33mtitle[39m=[32m"Delete"[39m
            [36m>[39m
              [36m<svg[39m
                [33mclass[39m=[32m"w-4 h-4"[39m
                [33mfill[39m=[32m"none"[39m
                [33mstroke[39m=[32m"currentColor"[39m
                [33mviewBox[39m=[32m"0 0 24 24"[39m
              [36m>[39m
                [36m<path[39m
                  [33md[39m=[32m"M19 7l-.867 12.142A2 2 0 0116.138 21H7.862a2 2 0 01-1.995-1.858L5 7m5 4v6m4-6v6m1-10V4a1 1 0 00-1-1h-4a1 1 0 00-1 1v3M4 7h16"[39m
                  [33mstroke-linecap[39m=[32m"round"[39m
                  [33mstroke-linejoin[39m=[32m"round"[39m
                  [33mstroke-width[39m=[32m"2"[39m
                [36m/>[39m
              [36m</svg>[39m
            [36m</button>[39m
          [36m</div>[39m
        [36m</div>[39m
      [36m</div>[39m
      [36m<div[39m
        [33mclass[39m=[32m"p-3"[39m
      [36m>[39m
        [36m<div[39m
          [33mclass[39m=[32m"text-xs font-medium text-gray-900 truncate"[39m
          [33mtitle[39m=[32m"Mountain Sunset"[39m
        [36m>[39m
          [0mMountain Sunset[0m
        [36m</div>[39m
        [36m<div[39m
          [33mclass[39m=[32m"text-xs text-red-600 mb-2 p-2 bg-red-50 rounded border border-red-200"[39m
        [36m>[39m
          [36m<strong>[39m
            [0mFailure:[0m
          [36m</strong>[39m
          [0m [0m
          [0mPoor image quality - too dark and blurry[0m
        [36m</div>[39m
        [36m<div[39m
          [33mclass[39m=[32m"text-xs text-gray-500 truncate mb-2"[39m
          [33mtitle[39m=[32m"Job exec-123"[39m
        [36m>[39m
          [0mJob exec-123[0m
        [36m</div>[39m
        [36m<div[39m
          [33mclass[39m=[32m"flex items-center justify-between text-xs text-gray-500 mb-3"[39m
        [36m>[39m
          [36m<div[39m
            [33mclass[39m=[32m"flex items-center space-x-2"[39m
          [36m>[39m
            [36m<span[39m
              [33mclass[39m=[32m"font-mono"[39m
              [33mtitle[39m=[32m"Seed: 12345"[39m
            [36m>[39m
              [0m12345[0m
            [36m</span>[39m
          [36m</div>[39m
          [36m<div[39m
            [33mtitle[39m=[32m"1/15/2024"[39m
          [36m>[39m
            [0m1/15/2024[0m
          [36m</div>[39m
        [36m</div>[39m
      [36m</div>[39m
    [36m</div>[39m
  [36m</div>[39m
[36m</body>[39m
 ❯ Object.getElementError node_modules/@testing-library/dom/dist/config.js:37:19
 ❯ node_modules/@testing-library/dom/dist/query-helpers.js:76:38
 ❯ node_modules/@testing-library/dom/dist/query-helpers.js:52:17
 ❯ node_modules/@testing-library/dom/dist/query-helpers.js:95:19
 ❯ src/renderer/components/Dashboard/__tests__/FailedImageCard.test.tsx:586:28
    584|       );
    585| 
    586|       const image = screen.getByAltText('A beautiful sunset over mount…
       |                            ^
    587|       
    588|       // Simulate load events

⎯⎯⎯⎯⎯⎯⎯⎯⎯⎯⎯⎯⎯⎯⎯⎯⎯⎯⎯⎯[122/254]⎯

 FAIL  src/renderer/components/Dashboard/__tests__/FailedImageReviewModal.test.tsx > FailedImageReviewModal > Modal Rendering > renders modal when isOpen is true
TestingLibraryElementError: Unable to find an element with the text: Failed Image Review. This could be because the text is broken up by multiple elements. In this case, you can provide a function for your text matcher to make your matcher more flexible.

Ignored nodes: comments, script, style
[36m<body>[39m
  [36m<div>[39m
    [36m<div[39m
      [33mclass[39m=[32m"fixed inset-0 bg-black bg-opacity-50 flex items-center justify-center z-50 p-4 overflow-hidden"[39m
      [33mdata-testid[39m=[32m"failed-image-review-modal"[39m
    [36m>[39m
      [36m<div[39m
        [33mclass[39m=[32m"relative bg-white rounded-lg shadow-xl max-w-6xl w-full max-h-[90vh] overflow-hidden"[39m
      [36m>[39m
        [36m<div[39m
          [33mclass[39m=[32m"flex items-center justify-between p-4 border-b border-gray-200"[39m
          [33mdata-testid[39m=[32m"modal-header"[39m
        [36m>[39m
          [36m<div[39m
            [33mclass[39m=[32m"flex items-center gap-3"[39m
          [36m>[39m
            [36m<h2[39m
              [33mclass[39m=[32m"text-xl font-semibold text-gray-900"[39m
            [36m>[39m
              [0mImage Details[0m
            [36m</h2>[39m
            [36m<div[39m
              [33mclass[39m=[32m"inline-flex items-center"[39m
            [36m>[39m
              [36m<span[39m
                [33mclass[39m=[32m"inline-flex items-center gap-1 px-2 py-1 rounded-full text-sm font-medium border bg-red-100 text-red-800 border-red-200"[39m
              [36m>[39m
                [36m<svg[39m
                  [33maria-hidden[39m=[32m"true"[39m
                  [33mclass[39m=[32m"w-4 h-4"[39m
                  [33mfill[39m=[32m"none"[39m
                  [33mstroke[39m=[32m"currentColor"[39m
                  [33mviewBox[39m=[32m"0 0 24 24"[39m
                [36m>[39m
                  [36m<path[39m
                    [33md[39m=[32m"M12 9v4m0 4h.01M10.29 3.86L1.82 18a2 2 0 001.71 3h16.94a2 2 0 001.71-3L13.71 3.86a2 2 0 00-3.42 0z"[39m
                    [33mstroke-linecap[39m=[32m"round"[39m
                    [33mstroke-linejoin[39m=[32m"round"[39m
                    [33mstroke-width[39m=[32m"2"[39m
                  [36m/>[39m
                [36m</svg>[39m
                [0mQC Failed[0m
              [36m</span>[39m
            [36m</div>[39m
          [36m</div>[39m
          [36m<div[39m
            [33mclass[39m=[32m"flex items-center gap-2"[39m
          [36m>[39m
            [36m<button[39m
              [33mclass[39m=[32m"review-modal-button bg-green-600 text-white hover:bg-green-700"[39m
              [33mtitle[39m=[32m"Approve image (move to success)"[39m
            [36m>[39m
              [36m<svg[39m
                [33mclass[39m=[32m"w-4 h-4"[39m
                [33mfill[39m=[32m"none"[39m
                [33mstroke[39m=[32m"currentColor"[39m
                [33mviewBox[39m=[32m"0 0 24 24"[39m
              [36m>[39m
                [36m<path[39m
                  [33md[39m=[32m"M5 13l4 4L19 7"[39m
                  [33mstroke-linecap[39m=[32m"round"[39m
                  [33mstroke-linejoin[39m=[32m"round"[39m
                  [33mstroke-width[39m=[32m"2"[39m
                [36m/>[39m
              [36m</svg>[39m
              [0mApprove[0m
            [36m</button>[39m
            [36m<button[39m
              [33mclass[39m=[32m"review-modal-button bg-blue-600 text-white hover:bg-blue-700"[39m
              [33mtitle[39m=[32m"Add image to retry pool"[39m
            [36m>[39m
              [36m<svg[39m
                [33mclass[39m=[32m"w-4 h-4"[39m
                [33mfill[39m=[32m"none"[39m
                [33mstroke[39m=[32m"currentColor"[39m
                [33mstroke-linecap[39m=[32m"round"[39m
                [33mstroke-linejoin[39m=[32m"round"[39m
                [33mstroke-width[39m=[32m"2"[39m
                [33mviewBox[39m=[32m"0 0 24 24"[39m
              [36m>[39m
                [36m<path[39m
                  [33md[39m=[32m"m15 14 5-5-5-5"[39m
                [36m/>[39m
                [36m<path[39m
                  [33md[39m=[32m"M20 9H9.5A5.5 5.5 0 0 0 4 14.5 5.5 5.5 0 0 0 9.5 20H13"[39m
                [36m/>[39m
              [36m</svg>[39m
              [0mAdd to Retry[0m
            [36m</button>[39m
            [36m<button[39m
              [33mclass[39m=[32m"review-modal-button bg-red-600 text-white hover:bg-red-700"[39m
              [33mtitle[39m=[32m"Delete image permanently"[39m
            [36m>[39m
              [36m<svg[39m
                [33mclass[39m=[32m"w-4 h-4"[39m
                [33mfill[39m=[32m"none"[39m
                [33mstroke[39m=[32m"currentColor"[39m
                [33mviewBox[39m=[32m"0 0 24 24"[39m
              [36m>[39m
                [36m<path[39m
                  [33md[39m=[32m"M19 7l-.867 12.142A2 2 0 0116.138 21H7.862a2 2 0 01-1.995-1.858L5 7m5 4v6m4-6v6m1-10V4a1 1 0 00-1-1h-4a1 1 0 00-1 1v3M4 7h16"[39m
                  [33mstroke-linecap[39m=[32m"round"[39m
                  [33mstroke-linejoin[39m=[32m"round"[39m
                  [33mstroke-width[39m=[32m"2"[39m
                [36m/>[39m
              [36m</svg>[39m
              [0mDelete[0m
            [36m</button>[39m
            [36m<button[39m
              [33maria-label[39m=[32m"Image Control Info"[39m
              [33mclass[39m=[32m"px-2 py-1 text-xs bg-white hover:bg-gray-50 border border-gray-200 text-gray-700 rounded"[39m
              [33mtitle[39m=[32m"Image Control Info"[39m
              [33mtype[39m=[32m"button"[39m
            [36m>[39m
              [0mImage Control Info[0m
            [36m</button>[39m
            [36m<div[39m
              [33mclass[39m=[32m"flex items-center space-x-1"[39m
            [36m>[39m
              [36m<button[39m
                [33maria-label[39m=[32m"Previous image"[39m
                [33mclass[39m=[32m"p-2 rounded-md text-gray-600 hover:text-gray-900 hover:bg-gray-100"[39m
              [36m>[39m
                [36m<svg[39m
                  [33mclass[39m=[32m"w-5 h-5"[39m
                  [33mfill[39m=[32m"none"[39m
                  [33mstroke[39m=[32m"currentColor"[39m
                  [33mviewBox[39m=[32m"0 0 24 24"[39m
                [36m>[39m
                  [36m<path[39m
                    [33md[39m=[32m"M15 19l-7-7 7-7"[39m
                    [33mstroke-linecap[39m=[32m"round"[39m
                    [33mstroke-linejoin[39m=[32m"round"[39m
                    [33mstroke-width[39m=[32m"2"[39m
                  [36m/>[39m
                [36m</svg>[39m
              [36m</button>[39m
              [36m<button[39m
                [33maria-label[39m=[32m"Next image"[39m
                [33mclass[39m=[32m"p-2 rounded-md text-gray-600 hover:text-gray-900 hover:bg-gray-100"[39m
              [36m>[39m
                [36m<svg[39m
                  [33mclass[39m=[32m"w-5 h-5"[39m
                  [33mfill[39m=[32m"none"[39m
           ...
 ❯ Object.getElementError node_modules/@testing-library/dom/dist/config.js:37:19
 ❯ node_modules/@testing-library/dom/dist/query-helpers.js:76:38
 ❯ node_modules/@testing-library/dom/dist/query-helpers.js:52:17
 ❯ node_modules/@testing-library/dom/dist/query-helpers.js:95:19
 ❯ src/renderer/components/Dashboard/__tests__/FailedImageReviewModal.test.tsx:56:21
     54| 
     55|       expect(screen.getByTestId('failed-image-review-modal')).toBeInTh…
     56|       expect(screen.getByText('Failed Image Review')).toBeInTheDocumen…
       |                     ^
     57|     });
     58| 

⎯⎯⎯⎯⎯⎯⎯⎯⎯⎯⎯⎯⎯⎯⎯⎯⎯⎯⎯⎯[123/254]⎯

 FAIL  src/renderer/components/Dashboard/__tests__/FailedImageReviewModal.test.tsx > FailedImageReviewModal > Modal Rendering > renders with correct modal structure
TestingLibraryElementError: Unable to find an element by: [data-testid="modal-footer"]

Ignored nodes: comments, script, style
[36m<body>[39m
  [36m<div>[39m
    [36m<div[39m
      [33mclass[39m=[32m"fixed inset-0 bg-black bg-opacity-50 flex items-center justify-center z-50 p-4 overflow-hidden"[39m
      [33mdata-testid[39m=[32m"failed-image-review-modal"[39m
    [36m>[39m
      [36m<div[39m
        [33mclass[39m=[32m"relative bg-white rounded-lg shadow-xl max-w-6xl w-full max-h-[90vh] overflow-hidden"[39m
      [36m>[39m
        [36m<div[39m
          [33mclass[39m=[32m"flex items-center justify-between p-4 border-b border-gray-200"[39m
          [33mdata-testid[39m=[32m"modal-header"[39m
        [36m>[39m
          [36m<div[39m
            [33mclass[39m=[32m"flex items-center gap-3"[39m
          [36m>[39m
            [36m<h2[39m
              [33mclass[39m=[32m"text-xl font-semibold text-gray-900"[39m
            [36m>[39m
              [0mImage Details[0m
            [36m</h2>[39m
            [36m<div[39m
              [33mclass[39m=[32m"inline-flex items-center"[39m
            [36m>[39m
              [36m<span[39m
                [33mclass[39m=[32m"inline-flex items-center gap-1 px-2 py-1 rounded-full text-sm font-medium border bg-red-100 text-red-800 border-red-200"[39m
              [36m>[39m
                [36m<svg[39m
                  [33maria-hidden[39m=[32m"true"[39m
                  [33mclass[39m=[32m"w-4 h-4"[39m
                  [33mfill[39m=[32m"none"[39m
                  [33mstroke[39m=[32m"currentColor"[39m
                  [33mviewBox[39m=[32m"0 0 24 24"[39m
                [36m>[39m
                  [36m<path[39m
                    [33md[39m=[32m"M12 9v4m0 4h.01M10.29 3.86L1.82 18a2 2 0 001.71 3h16.94a2 2 0 001.71-3L13.71 3.86a2 2 0 00-3.42 0z"[39m
                    [33mstroke-linecap[39m=[32m"round"[39m
                    [33mstroke-linejoin[39m=[32m"round"[39m
                    [33mstroke-width[39m=[32m"2"[39m
                  [36m/>[39m
                [36m</svg>[39m
                [0mQC Failed[0m
              [36m</span>[39m
            [36m</div>[39m
          [36m</div>[39m
          [36m<div[39m
            [33mclass[39m=[32m"flex items-center gap-2"[39m
          [36m>[39m
            [36m<button[39m
              [33mclass[39m=[32m"review-modal-button bg-green-600 text-white hover:bg-green-700"[39m
              [33mtitle[39m=[32m"Approve image (move to success)"[39m
            [36m>[39m
              [36m<svg[39m
                [33mclass[39m=[32m"w-4 h-4"[39m
                [33mfill[39m=[32m"none"[39m
                [33mstroke[39m=[32m"currentColor"[39m
                [33mviewBox[39m=[32m"0 0 24 24"[39m
              [36m>[39m
                [36m<path[39m
                  [33md[39m=[32m"M5 13l4 4L19 7"[39m
                  [33mstroke-linecap[39m=[32m"round"[39m
                  [33mstroke-linejoin[39m=[32m"round"[39m
                  [33mstroke-width[39m=[32m"2"[39m
                [36m/>[39m
              [36m</svg>[39m
              [0mApprove[0m
            [36m</button>[39m
            [36m<button[39m
              [33mclass[39m=[32m"review-modal-button bg-blue-600 text-white hover:bg-blue-700"[39m
              [33mtitle[39m=[32m"Add image to retry pool"[39m
            [36m>[39m
              [36m<svg[39m
                [33mclass[39m=[32m"w-4 h-4"[39m
                [33mfill[39m=[32m"none"[39m
                [33mstroke[39m=[32m"currentColor"[39m
                [33mstroke-linecap[39m=[32m"round"[39m
                [33mstroke-linejoin[39m=[32m"round"[39m
                [33mstroke-width[39m=[32m"2"[39m
                [33mviewBox[39m=[32m"0 0 24 24"[39m
              [36m>[39m
                [36m<path[39m
                  [33md[39m=[32m"m15 14 5-5-5-5"[39m
                [36m/>[39m
                [36m<path[39m
                  [33md[39m=[32m"M20 9H9.5A5.5 5.5 0 0 0 4 14.5 5.5 5.5 0 0 0 9.5 20H13"[39m
                [36m/>[39m
              [36m</svg>[39m
              [0mAdd to Retry[0m
            [36m</button>[39m
            [36m<button[39m
              [33mclass[39m=[32m"review-modal-button bg-red-600 text-white hover:bg-red-700"[39m
              [33mtitle[39m=[32m"Delete image permanently"[39m
            [36m>[39m
              [36m<svg[39m
                [33mclass[39m=[32m"w-4 h-4"[39m
                [33mfill[39m=[32m"none"[39m
                [33mstroke[39m=[32m"currentColor"[39m
                [33mviewBox[39m=[32m"0 0 24 24"[39m
              [36m>[39m
                [36m<path[39m
                  [33md[39m=[32m"M19 7l-.867 12.142A2 2 0 0116.138 21H7.862a2 2 0 01-1.995-1.858L5 7m5 4v6m4-6v6m1-10V4a1 1 0 00-1-1h-4a1 1 0 00-1 1v3M4 7h16"[39m
                  [33mstroke-linecap[39m=[32m"round"[39m
                  [33mstroke-linejoin[39m=[32m"round"[39m
                  [33mstroke-width[39m=[32m"2"[39m
                [36m/>[39m
              [36m</svg>[39m
              [0mDelete[0m
            [36m</button>[39m
            [36m<button[39m
              [33maria-label[39m=[32m"Image Control Info"[39m
              [33mclass[39m=[32m"px-2 py-1 text-xs bg-white hover:bg-gray-50 border border-gray-200 text-gray-700 rounded"[39m
              [33mtitle[39m=[32m"Image Control Info"[39m
              [33mtype[39m=[32m"button"[39m
            [36m>[39m
              [0mImage Control Info[0m
            [36m</button>[39m
            [36m<div[39m
              [33mclass[39m=[32m"flex items-center space-x-1"[39m
            [36m>[39m
              [36m<button[39m
                [33maria-label[39m=[32m"Previous image"[39m
                [33mclass[39m=[32m"p-2 rounded-md text-gray-600 hover:text-gray-900 hover:bg-gray-100"[39m
              [36m>[39m
                [36m<svg[39m
                  [33mclass[39m=[32m"w-5 h-5"[39m
                  [33mfill[39m=[32m"none"[39m
                  [33mstroke[39m=[32m"currentColor"[39m
                  [33mviewBox[39m=[32m"0 0 24 24"[39m
                [36m>[39m
                  [36m<path[39m
                    [33md[39m=[32m"M15 19l-7-7 7-7"[39m
                    [33mstroke-linecap[39m=[32m"round"[39m
                    [33mstroke-linejoin[39m=[32m"round"[39m
                    [33mstroke-width[39m=[32m"2"[39m
                  [36m/>[39m
                [36m</svg>[39m
              [36m</button>[39m
              [36m<button[39m
                [33maria-label[39m=[32m"Next image"[39m
                [33mclass[39m=[32m"p-2 rounded-md text-gray-600 hover:text-gray-900 hover:bg-gray-100"[39m
              [36m>[39m
                [36m<svg[39m
                  [33mclass[39m=[32m"w-5 h-5"[39m
                  [33mfill[39m=[32m"none"[39m
           ...
 ❯ Object.getElementError node_modules/@testing-library/dom/dist/config.js:37:19
 ❯ node_modules/@testing-library/dom/dist/query-helpers.js:76:38
 ❯ node_modules/@testing-library/dom/dist/query-helpers.js:52:17
 ❯ node_modules/@testing-library/dom/dist/query-helpers.js:95:19
 ❯ src/renderer/components/Dashboard/__tests__/FailedImageReviewModal.test.tsx:84:21
     82|       expect(screen.getByTestId('modal-header')).toBeInTheDocument();
     83|       expect(screen.getByTestId('modal-content')).toBeInTheDocument();
     84|       expect(screen.getByTestId('modal-footer')).toBeInTheDocument();
       |                     ^
     85|     });
     86|   });

⎯⎯⎯⎯⎯⎯⎯⎯⎯⎯⎯⎯⎯⎯⎯⎯⎯⎯⎯⎯[124/254]⎯

 FAIL  src/renderer/components/Dashboard/__tests__/FailedImageReviewModal.test.tsx > FailedImageReviewModal > Header Section > displays modal title
TestingLibraryElementError: Unable to find an element with the text: Failed Image Review. This could be because the text is broken up by multiple elements. In this case, you can provide a function for your text matcher to make your matcher more flexible.

Ignored nodes: comments, script, style
[36m<body>[39m
  [36m<div>[39m
    [36m<div[39m
      [33mclass[39m=[32m"fixed inset-0 bg-black bg-opacity-50 flex items-center justify-center z-50 p-4 overflow-hidden"[39m
      [33mdata-testid[39m=[32m"failed-image-review-modal"[39m
    [36m>[39m
      [36m<div[39m
        [33mclass[39m=[32m"relative bg-white rounded-lg shadow-xl max-w-6xl w-full max-h-[90vh] overflow-hidden"[39m
      [36m>[39m
        [36m<div[39m
          [33mclass[39m=[32m"flex items-center justify-between p-4 border-b border-gray-200"[39m
          [33mdata-testid[39m=[32m"modal-header"[39m
        [36m>[39m
          [36m<div[39m
            [33mclass[39m=[32m"flex items-center gap-3"[39m
          [36m>[39m
            [36m<h2[39m
              [33mclass[39m=[32m"text-xl font-semibold text-gray-900"[39m
            [36m>[39m
              [0mImage Details[0m
            [36m</h2>[39m
            [36m<div[39m
              [33mclass[39m=[32m"inline-flex items-center"[39m
            [36m>[39m
              [36m<span[39m
                [33mclass[39m=[32m"inline-flex items-center gap-1 px-2 py-1 rounded-full text-sm font-medium border bg-red-100 text-red-800 border-red-200"[39m
              [36m>[39m
                [36m<svg[39m
                  [33maria-hidden[39m=[32m"true"[39m
                  [33mclass[39m=[32m"w-4 h-4"[39m
                  [33mfill[39m=[32m"none"[39m
                  [33mstroke[39m=[32m"currentColor"[39m
                  [33mviewBox[39m=[32m"0 0 24 24"[39m
                [36m>[39m
                  [36m<path[39m
                    [33md[39m=[32m"M12 9v4m0 4h.01M10.29 3.86L1.82 18a2 2 0 001.71 3h16.94a2 2 0 001.71-3L13.71 3.86a2 2 0 00-3.42 0z"[39m
                    [33mstroke-linecap[39m=[32m"round"[39m
                    [33mstroke-linejoin[39m=[32m"round"[39m
                    [33mstroke-width[39m=[32m"2"[39m
                  [36m/>[39m
                [36m</svg>[39m
                [0mQC Failed[0m
              [36m</span>[39m
            [36m</div>[39m
          [36m</div>[39m
          [36m<div[39m
            [33mclass[39m=[32m"flex items-center gap-2"[39m
          [36m>[39m
            [36m<button[39m
              [33mclass[39m=[32m"review-modal-button bg-green-600 text-white hover:bg-green-700"[39m
              [33mtitle[39m=[32m"Approve image (move to success)"[39m
            [36m>[39m
              [36m<svg[39m
                [33mclass[39m=[32m"w-4 h-4"[39m
                [33mfill[39m=[32m"none"[39m
                [33mstroke[39m=[32m"currentColor"[39m
                [33mviewBox[39m=[32m"0 0 24 24"[39m
              [36m>[39m
                [36m<path[39m
                  [33md[39m=[32m"M5 13l4 4L19 7"[39m
                  [33mstroke-linecap[39m=[32m"round"[39m
                  [33mstroke-linejoin[39m=[32m"round"[39m
                  [33mstroke-width[39m=[32m"2"[39m
                [36m/>[39m
              [36m</svg>[39m
              [0mApprove[0m
            [36m</button>[39m
            [36m<button[39m
              [33mclass[39m=[32m"review-modal-button bg-blue-600 text-white hover:bg-blue-700"[39m
              [33mtitle[39m=[32m"Add image to retry pool"[39m
            [36m>[39m
              [36m<svg[39m
                [33mclass[39m=[32m"w-4 h-4"[39m
                [33mfill[39m=[32m"none"[39m
                [33mstroke[39m=[32m"currentColor"[39m
                [33mstroke-linecap[39m=[32m"round"[39m
                [33mstroke-linejoin[39m=[32m"round"[39m
                [33mstroke-width[39m=[32m"2"[39m
                [33mviewBox[39m=[32m"0 0 24 24"[39m
              [36m>[39m
                [36m<path[39m
                  [33md[39m=[32m"m15 14 5-5-5-5"[39m
                [36m/>[39m
                [36m<path[39m
                  [33md[39m=[32m"M20 9H9.5A5.5 5.5 0 0 0 4 14.5 5.5 5.5 0 0 0 9.5 20H13"[39m
                [36m/>[39m
              [36m</svg>[39m
              [0mAdd to Retry[0m
            [36m</button>[39m
            [36m<button[39m
              [33mclass[39m=[32m"review-modal-button bg-red-600 text-white hover:bg-red-700"[39m
              [33mtitle[39m=[32m"Delete image permanently"[39m
            [36m>[39m
              [36m<svg[39m
                [33mclass[39m=[32m"w-4 h-4"[39m
                [33mfill[39m=[32m"none"[39m
                [33mstroke[39m=[32m"currentColor"[39m
                [33mviewBox[39m=[32m"0 0 24 24"[39m
              [36m>[39m
                [36m<path[39m
                  [33md[39m=[32m"M19 7l-.867 12.142A2 2 0 0116.138 21H7.862a2 2 0 01-1.995-1.858L5 7m5 4v6m4-6v6m1-10V4a1 1 0 00-1-1h-4a1 1 0 00-1 1v3M4 7h16"[39m
                  [33mstroke-linecap[39m=[32m"round"[39m
                  [33mstroke-linejoin[39m=[32m"round"[39m
                  [33mstroke-width[39m=[32m"2"[39m
                [36m/>[39m
              [36m</svg>[39m
              [0mDelete[0m
            [36m</button>[39m
            [36m<button[39m
              [33maria-label[39m=[32m"Image Control Info"[39m
              [33mclass[39m=[32m"px-2 py-1 text-xs bg-white hover:bg-gray-50 border border-gray-200 text-gray-700 rounded"[39m
              [33mtitle[39m=[32m"Image Control Info"[39m
              [33mtype[39m=[32m"button"[39m
            [36m>[39m
              [0mImage Control Info[0m
            [36m</button>[39m
            [36m<div[39m
              [33mclass[39m=[32m"flex items-center space-x-1"[39m
            [36m>[39m
              [36m<button[39m
                [33maria-label[39m=[32m"Previous image"[39m
                [33mclass[39m=[32m"p-2 rounded-md text-gray-600 hover:text-gray-900 hover:bg-gray-100"[39m
              [36m>[39m
                [36m<svg[39m
                  [33mclass[39m=[32m"w-5 h-5"[39m
                  [33mfill[39m=[32m"none"[39m
                  [33mstroke[39m=[32m"currentColor"[39m
                  [33mviewBox[39m=[32m"0 0 24 24"[39m
                [36m>[39m
                  [36m<path[39m
                    [33md[39m=[32m"M15 19l-7-7 7-7"[39m
                    [33mstroke-linecap[39m=[32m"round"[39m
                    [33mstroke-linejoin[39m=[32m"round"[39m
                    [33mstroke-width[39m=[32m"2"[39m
                  [36m/>[39m
                [36m</svg>[39m
              [36m</button>[39m
              [36m<button[39m
                [33maria-label[39m=[32m"Next image"[39m
                [33mclass[39m=[32m"p-2 rounded-md text-gray-600 hover:text-gray-900 hover:bg-gray-100"[39m
              [36m>[39m
                [36m<svg[39m
                  [33mclass[39m=[32m"w-5 h-5"[39m
                  [33mfill[39m=[32m"none"[39m
           ...
 ❯ Object.getElementError node_modules/@testing-library/dom/dist/config.js:37:19
 ❯ node_modules/@testing-library/dom/dist/query-helpers.js:76:38
 ❯ node_modules/@testing-library/dom/dist/query-helpers.js:52:17
 ❯ node_modules/@testing-library/dom/dist/query-helpers.js:95:19
 ❯ src/renderer/components/Dashboard/__tests__/FailedImageReviewModal.test.tsx:99:21
     97|       );
     98| 
     99|       expect(screen.getByText('Failed Image Review')).toBeInTheDocumen…
       |                     ^
    100|     });
    101| 

⎯⎯⎯⎯⎯⎯⎯⎯⎯⎯⎯⎯⎯⎯⎯⎯⎯⎯⎯⎯[125/254]⎯

 FAIL  src/renderer/components/Dashboard/__tests__/FailedImageReviewModal.test.tsx > FailedImageReviewModal > Image Display > renders the main image when path is available
TestingLibraryElementError: Unable to find an element with the alt text: A majestic dragon soaring through storm clouds with lightning

Ignored nodes: comments, script, style
[36m<body>[39m
  [36m<div>[39m
    [36m<div[39m
      [33mclass[39m=[32m"fixed inset-0 bg-black bg-opacity-50 flex items-center justify-center z-50 p-4 overflow-hidden"[39m
      [33mdata-testid[39m=[32m"failed-image-review-modal"[39m
    [36m>[39m
      [36m<div[39m
        [33mclass[39m=[32m"relative bg-white rounded-lg shadow-xl max-w-6xl w-full max-h-[90vh] overflow-hidden"[39m
      [36m>[39m
        [36m<div[39m
          [33mclass[39m=[32m"flex items-center justify-between p-4 border-b border-gray-200"[39m
          [33mdata-testid[39m=[32m"modal-header"[39m
        [36m>[39m
          [36m<div[39m
            [33mclass[39m=[32m"flex items-center gap-3"[39m
          [36m>[39m
            [36m<h2[39m
              [33mclass[39m=[32m"text-xl font-semibold text-gray-900"[39m
            [36m>[39m
              [0mImage Details[0m
            [36m</h2>[39m
            [36m<div[39m
              [33mclass[39m=[32m"inline-flex items-center"[39m
            [36m>[39m
              [36m<span[39m
                [33mclass[39m=[32m"inline-flex items-center gap-1 px-2 py-1 rounded-full text-sm font-medium border bg-red-100 text-red-800 border-red-200"[39m
              [36m>[39m
                [36m<svg[39m
                  [33maria-hidden[39m=[32m"true"[39m
                  [33mclass[39m=[32m"w-4 h-4"[39m
                  [33mfill[39m=[32m"none"[39m
                  [33mstroke[39m=[32m"currentColor"[39m
                  [33mviewBox[39m=[32m"0 0 24 24"[39m
                [36m>[39m
                  [36m<path[39m
                    [33md[39m=[32m"M12 9v4m0 4h.01M10.29 3.86L1.82 18a2 2 0 001.71 3h16.94a2 2 0 001.71-3L13.71 3.86a2 2 0 00-3.42 0z"[39m
                    [33mstroke-linecap[39m=[32m"round"[39m
                    [33mstroke-linejoin[39m=[32m"round"[39m
                    [33mstroke-width[39m=[32m"2"[39m
                  [36m/>[39m
                [36m</svg>[39m
                [0mQC Failed[0m
              [36m</span>[39m
            [36m</div>[39m
          [36m</div>[39m
          [36m<div[39m
            [33mclass[39m=[32m"flex items-center gap-2"[39m
          [36m>[39m
            [36m<button[39m
              [33mclass[39m=[32m"review-modal-button bg-green-600 text-white hover:bg-green-700"[39m
              [33mtitle[39m=[32m"Approve image (move to success)"[39m
            [36m>[39m
              [36m<svg[39m
                [33mclass[39m=[32m"w-4 h-4"[39m
                [33mfill[39m=[32m"none"[39m
                [33mstroke[39m=[32m"currentColor"[39m
                [33mviewBox[39m=[32m"0 0 24 24"[39m
              [36m>[39m
                [36m<path[39m
                  [33md[39m=[32m"M5 13l4 4L19 7"[39m
                  [33mstroke-linecap[39m=[32m"round"[39m
                  [33mstroke-linejoin[39m=[32m"round"[39m
                  [33mstroke-width[39m=[32m"2"[39m
                [36m/>[39m
              [36m</svg>[39m
              [0mApprove[0m
            [36m</button>[39m
            [36m<button[39m
              [33mclass[39m=[32m"review-modal-button bg-blue-600 text-white hover:bg-blue-700"[39m
              [33mtitle[39m=[32m"Add image to retry pool"[39m
            [36m>[39m
              [36m<svg[39m
                [33mclass[39m=[32m"w-4 h-4"[39m
                [33mfill[39m=[32m"none"[39m
                [33mstroke[39m=[32m"currentColor"[39m
                [33mstroke-linecap[39m=[32m"round"[39m
                [33mstroke-linejoin[39m=[32m"round"[39m
                [33mstroke-width[39m=[32m"2"[39m
                [33mviewBox[39m=[32m"0 0 24 24"[39m
              [36m>[39m
                [36m<path[39m
                  [33md[39m=[32m"m15 14 5-5-5-5"[39m
                [36m/>[39m
                [36m<path[39m
                  [33md[39m=[32m"M20 9H9.5A5.5 5.5 0 0 0 4 14.5 5.5 5.5 0 0 0 9.5 20H13"[39m
                [36m/>[39m
              [36m</svg>[39m
              [0mAdd to Retry[0m
            [36m</button>[39m
            [36m<button[39m
              [33mclass[39m=[32m"review-modal-button bg-red-600 text-white hover:bg-red-700"[39m
              [33mtitle[39m=[32m"Delete image permanently"[39m
            [36m>[39m
              [36m<svg[39m
                [33mclass[39m=[32m"w-4 h-4"[39m
                [33mfill[39m=[32m"none"[39m
                [33mstroke[39m=[32m"currentColor"[39m
                [33mviewBox[39m=[32m"0 0 24 24"[39m
              [36m>[39m
                [36m<path[39m
                  [33md[39m=[32m"M19 7l-.867 12.142A2 2 0 0116.138 21H7.862a2 2 0 01-1.995-1.858L5 7m5 4v6m4-6v6m1-10V4a1 1 0 00-1-1h-4a1 1 0 00-1 1v3M4 7h16"[39m
                  [33mstroke-linecap[39m=[32m"round"[39m
                  [33mstroke-linejoin[39m=[32m"round"[39m
                  [33mstroke-width[39m=[32m"2"[39m
                [36m/>[39m
              [36m</svg>[39m
              [0mDelete[0m
            [36m</button>[39m
            [36m<button[39m
              [33maria-label[39m=[32m"Image Control Info"[39m
              [33mclass[39m=[32m"px-2 py-1 text-xs bg-white hover:bg-gray-50 border border-gray-200 text-gray-700 rounded"[39m
              [33mtitle[39m=[32m"Image Control Info"[39m
              [33mtype[39m=[32m"button"[39m
            [36m>[39m
              [0mImage Control Info[0m
            [36m</button>[39m
            [36m<div[39m
              [33mclass[39m=[32m"flex items-center space-x-1"[39m
            [36m>[39m
              [36m<button[39m
                [33maria-label[39m=[32m"Previous image"[39m
                [33mclass[39m=[32m"p-2 rounded-md text-gray-600 hover:text-gray-900 hover:bg-gray-100"[39m
              [36m>[39m
                [36m<svg[39m
                  [33mclass[39m=[32m"w-5 h-5"[39m
                  [33mfill[39m=[32m"none"[39m
                  [33mstroke[39m=[32m"currentColor"[39m
                  [33mviewBox[39m=[32m"0 0 24 24"[39m
                [36m>[39m
                  [36m<path[39m
                    [33md[39m=[32m"M15 19l-7-7 7-7"[39m
                    [33mstroke-linecap[39m=[32m"round"[39m
                    [33mstroke-linejoin[39m=[32m"round"[39m
                    [33mstroke-width[39m=[32m"2"[39m
                  [36m/>[39m
                [36m</svg>[39m
              [36m</button>[39m
              [36m<button[39m
                [33maria-label[39m=[32m"Next image"[39m
                [33mclass[39m=[32m"p-2 rounded-md text-gray-600 hover:text-gray-900 hover:bg-gray-100"[39m
              [36m>[39m
                [36m<svg[39m
                  [33mclass[39m=[32m"w-5 h-5"[39m
                  [33mfill[39m=[32m"none"[39m
           ...
 ❯ Object.getElementError node_modules/@testing-library/dom/dist/config.js:37:19
 ❯ node_modules/@testing-library/dom/dist/query-helpers.js:76:38
 ❯ node_modules/@testing-library/dom/dist/query-helpers.js:52:17
 ❯ node_modules/@testing-library/dom/dist/query-helpers.js:95:19
 ❯ src/renderer/components/Dashboard/__tests__/FailedImageReviewModal.test.tsx:162:28
    160|       );
    161| 
    162|       const image = screen.getByAltText('A majestic dragon soaring thr…
       |                            ^
    163|       expect(image).toBeInTheDocument();
    164|       expect(image).toHaveAttribute('src', 'file:///path/to/dragon-ima…

⎯⎯⎯⎯⎯⎯⎯⎯⎯⎯⎯⎯⎯⎯⎯⎯⎯⎯⎯⎯[126/254]⎯

 FAIL  src/renderer/components/Dashboard/__tests__/FailedImageReviewModal.test.tsx > FailedImageReviewModal > Image Display > handles image load errors gracefully
TestingLibraryElementError: Unable to find an element with the alt text: A majestic dragon soaring through storm clouds with lightning

Ignored nodes: comments, script, style
[36m<body>[39m
  [36m<div>[39m
    [36m<div[39m
      [33mclass[39m=[32m"fixed inset-0 bg-black bg-opacity-50 flex items-center justify-center z-50 p-4 overflow-hidden"[39m
      [33mdata-testid[39m=[32m"failed-image-review-modal"[39m
    [36m>[39m
      [36m<div[39m
        [33mclass[39m=[32m"relative bg-white rounded-lg shadow-xl max-w-6xl w-full max-h-[90vh] overflow-hidden"[39m
      [36m>[39m
        [36m<div[39m
          [33mclass[39m=[32m"flex items-center justify-between p-4 border-b border-gray-200"[39m
          [33mdata-testid[39m=[32m"modal-header"[39m
        [36m>[39m
          [36m<div[39m
            [33mclass[39m=[32m"flex items-center gap-3"[39m
          [36m>[39m
            [36m<h2[39m
              [33mclass[39m=[32m"text-xl font-semibold text-gray-900"[39m
            [36m>[39m
              [0mImage Details[0m
            [36m</h2>[39m
            [36m<div[39m
              [33mclass[39m=[32m"inline-flex items-center"[39m
            [36m>[39m
              [36m<span[39m
                [33mclass[39m=[32m"inline-flex items-center gap-1 px-2 py-1 rounded-full text-sm font-medium border bg-red-100 text-red-800 border-red-200"[39m
              [36m>[39m
                [36m<svg[39m
                  [33maria-hidden[39m=[32m"true"[39m
                  [33mclass[39m=[32m"w-4 h-4"[39m
                  [33mfill[39m=[32m"none"[39m
                  [33mstroke[39m=[32m"currentColor"[39m
                  [33mviewBox[39m=[32m"0 0 24 24"[39m
                [36m>[39m
                  [36m<path[39m
                    [33md[39m=[32m"M12 9v4m0 4h.01M10.29 3.86L1.82 18a2 2 0 001.71 3h16.94a2 2 0 001.71-3L13.71 3.86a2 2 0 00-3.42 0z"[39m
                    [33mstroke-linecap[39m=[32m"round"[39m
                    [33mstroke-linejoin[39m=[32m"round"[39m
                    [33mstroke-width[39m=[32m"2"[39m
                  [36m/>[39m
                [36m</svg>[39m
                [0mQC Failed[0m
              [36m</span>[39m
            [36m</div>[39m
          [36m</div>[39m
          [36m<div[39m
            [33mclass[39m=[32m"flex items-center gap-2"[39m
          [36m>[39m
            [36m<button[39m
              [33mclass[39m=[32m"review-modal-button bg-green-600 text-white hover:bg-green-700"[39m
              [33mtitle[39m=[32m"Approve image (move to success)"[39m
            [36m>[39m
              [36m<svg[39m
                [33mclass[39m=[32m"w-4 h-4"[39m
                [33mfill[39m=[32m"none"[39m
                [33mstroke[39m=[32m"currentColor"[39m
                [33mviewBox[39m=[32m"0 0 24 24"[39m
              [36m>[39m
                [36m<path[39m
                  [33md[39m=[32m"M5 13l4 4L19 7"[39m
                  [33mstroke-linecap[39m=[32m"round"[39m
                  [33mstroke-linejoin[39m=[32m"round"[39m
                  [33mstroke-width[39m=[32m"2"[39m
                [36m/>[39m
              [36m</svg>[39m
              [0mApprove[0m
            [36m</button>[39m
            [36m<button[39m
              [33mclass[39m=[32m"review-modal-button bg-blue-600 text-white hover:bg-blue-700"[39m
              [33mtitle[39m=[32m"Add image to retry pool"[39m
            [36m>[39m
              [36m<svg[39m
                [33mclass[39m=[32m"w-4 h-4"[39m
                [33mfill[39m=[32m"none"[39m
                [33mstroke[39m=[32m"currentColor"[39m
                [33mstroke-linecap[39m=[32m"round"[39m
                [33mstroke-linejoin[39m=[32m"round"[39m
                [33mstroke-width[39m=[32m"2"[39m
                [33mviewBox[39m=[32m"0 0 24 24"[39m
              [36m>[39m
                [36m<path[39m
                  [33md[39m=[32m"m15 14 5-5-5-5"[39m
                [36m/>[39m
                [36m<path[39m
                  [33md[39m=[32m"M20 9H9.5A5.5 5.5 0 0 0 4 14.5 5.5 5.5 0 0 0 9.5 20H13"[39m
                [36m/>[39m
              [36m</svg>[39m
              [0mAdd to Retry[0m
            [36m</button>[39m
            [36m<button[39m
              [33mclass[39m=[32m"review-modal-button bg-red-600 text-white hover:bg-red-700"[39m
              [33mtitle[39m=[32m"Delete image permanently"[39m
            [36m>[39m
              [36m<svg[39m
                [33mclass[39m=[32m"w-4 h-4"[39m
                [33mfill[39m=[32m"none"[39m
                [33mstroke[39m=[32m"currentColor"[39m
                [33mviewBox[39m=[32m"0 0 24 24"[39m
              [36m>[39m
                [36m<path[39m
                  [33md[39m=[32m"M19 7l-.867 12.142A2 2 0 0116.138 21H7.862a2 2 0 01-1.995-1.858L5 7m5 4v6m4-6v6m1-10V4a1 1 0 00-1-1h-4a1 1 0 00-1 1v3M4 7h16"[39m
                  [33mstroke-linecap[39m=[32m"round"[39m
                  [33mstroke-linejoin[39m=[32m"round"[39m
                  [33mstroke-width[39m=[32m"2"[39m
                [36m/>[39m
              [36m</svg>[39m
              [0mDelete[0m
            [36m</button>[39m
            [36m<button[39m
              [33maria-label[39m=[32m"Image Control Info"[39m
              [33mclass[39m=[32m"px-2 py-1 text-xs bg-white hover:bg-gray-50 border border-gray-200 text-gray-700 rounded"[39m
              [33mtitle[39m=[32m"Image Control Info"[39m
              [33mtype[39m=[32m"button"[39m
            [36m>[39m
              [0mImage Control Info[0m
            [36m</button>[39m
            [36m<div[39m
              [33mclass[39m=[32m"flex items-center space-x-1"[39m
            [36m>[39m
              [36m<button[39m
                [33maria-label[39m=[32m"Previous image"[39m
                [33mclass[39m=[32m"p-2 rounded-md text-gray-600 hover:text-gray-900 hover:bg-gray-100"[39m
              [36m>[39m
                [36m<svg[39m
                  [33mclass[39m=[32m"w-5 h-5"[39m
                  [33mfill[39m=[32m"none"[39m
                  [33mstroke[39m=[32m"currentColor"[39m
                  [33mviewBox[39m=[32m"0 0 24 24"[39m
                [36m>[39m
                  [36m<path[39m
                    [33md[39m=[32m"M15 19l-7-7 7-7"[39m
                    [33mstroke-linecap[39m=[32m"round"[39m
                    [33mstroke-linejoin[39m=[32m"round"[39m
                    [33mstroke-width[39m=[32m"2"[39m
                  [36m/>[39m
                [36m</svg>[39m
              [36m</button>[39m
              [36m<button[39m
                [33maria-label[39m=[32m"Next image"[39m
                [33mclass[39m=[32m"p-2 rounded-md text-gray-600 hover:text-gray-900 hover:bg-gray-100"[39m
              [36m>[39m
                [36m<svg[39m
                  [33mclass[39m=[32m"w-5 h-5"[39m
                  [33mfill[39m=[32m"none"[39m
           ...
 ❯ Object.getElementError node_modules/@testing-library/dom/dist/config.js:37:19
 ❯ node_modules/@testing-library/dom/dist/query-helpers.js:76:38
 ❯ node_modules/@testing-library/dom/dist/query-helpers.js:52:17
 ❯ node_modules/@testing-library/dom/dist/query-helpers.js:95:19
 ❯ src/renderer/components/Dashboard/__tests__/FailedImageReviewModal.test.tsx:193:28
    191|       );
    192| 
    193|       const image = screen.getByAltText('A majestic dragon soaring thr…
       |                            ^
    194|       
    195|       // Simulate image load error

⎯⎯⎯⎯⎯⎯⎯⎯⎯⎯⎯⎯⎯⎯⎯⎯⎯⎯⎯⎯[127/254]⎯

 FAIL  src/renderer/components/Dashboard/__tests__/FailedImageReviewModal.test.tsx > FailedImageReviewModal > Generation Details Section > shows seed value
TestingLibraryElementError: Unable to find an element with the text: Seed. This could be because the text is broken up by multiple elements. In this case, you can provide a function for your text matcher to make your matcher more flexible.

Ignored nodes: comments, script, style
[36m<body>[39m
  [36m<div>[39m
    [36m<div[39m
      [33mclass[39m=[32m"fixed inset-0 bg-black bg-opacity-50 flex items-center justify-center z-50 p-4 overflow-hidden"[39m
      [33mdata-testid[39m=[32m"failed-image-review-modal"[39m
    [36m>[39m
      [36m<div[39m
        [33mclass[39m=[32m"relative bg-white rounded-lg shadow-xl max-w-6xl w-full max-h-[90vh] overflow-hidden"[39m
      [36m>[39m
        [36m<div[39m
          [33mclass[39m=[32m"flex items-center justify-between p-4 border-b border-gray-200"[39m
          [33mdata-testid[39m=[32m"modal-header"[39m
        [36m>[39m
          [36m<div[39m
            [33mclass[39m=[32m"flex items-center gap-3"[39m
          [36m>[39m
            [36m<h2[39m
              [33mclass[39m=[32m"text-xl font-semibold text-gray-900"[39m
            [36m>[39m
              [0mImage Details[0m
            [36m</h2>[39m
            [36m<div[39m
              [33mclass[39m=[32m"inline-flex items-center"[39m
            [36m>[39m
              [36m<span[39m
                [33mclass[39m=[32m"inline-flex items-center gap-1 px-2 py-1 rounded-full text-sm font-medium border bg-red-100 text-red-800 border-red-200"[39m
              [36m>[39m
                [36m<svg[39m
                  [33maria-hidden[39m=[32m"true"[39m
                  [33mclass[39m=[32m"w-4 h-4"[39m
                  [33mfill[39m=[32m"none"[39m
                  [33mstroke[39m=[32m"currentColor"[39m
                  [33mviewBox[39m=[32m"0 0 24 24"[39m
                [36m>[39m
                  [36m<path[39m
                    [33md[39m=[32m"M12 9v4m0 4h.01M10.29 3.86L1.82 18a2 2 0 001.71 3h16.94a2 2 0 001.71-3L13.71 3.86a2 2 0 00-3.42 0z"[39m
                    [33mstroke-linecap[39m=[32m"round"[39m
                    [33mstroke-linejoin[39m=[32m"round"[39m
                    [33mstroke-width[39m=[32m"2"[39m
                  [36m/>[39m
                [36m</svg>[39m
                [0mQC Failed[0m
              [36m</span>[39m
            [36m</div>[39m
          [36m</div>[39m
          [36m<div[39m
            [33mclass[39m=[32m"flex items-center gap-2"[39m
          [36m>[39m
            [36m<button[39m
              [33mclass[39m=[32m"review-modal-button bg-green-600 text-white hover:bg-green-700"[39m
              [33mtitle[39m=[32m"Approve image (move to success)"[39m
            [36m>[39m
              [36m<svg[39m
                [33mclass[39m=[32m"w-4 h-4"[39m
                [33mfill[39m=[32m"none"[39m
                [33mstroke[39m=[32m"currentColor"[39m
                [33mviewBox[39m=[32m"0 0 24 24"[39m
              [36m>[39m
                [36m<path[39m
                  [33md[39m=[32m"M5 13l4 4L19 7"[39m
                  [33mstroke-linecap[39m=[32m"round"[39m
                  [33mstroke-linejoin[39m=[32m"round"[39m
                  [33mstroke-width[39m=[32m"2"[39m
                [36m/>[39m
              [36m</svg>[39m
              [0mApprove[0m
            [36m</button>[39m
            [36m<button[39m
              [33mclass[39m=[32m"review-modal-button bg-blue-600 text-white hover:bg-blue-700"[39m
              [33mtitle[39m=[32m"Add image to retry pool"[39m
            [36m>[39m
              [36m<svg[39m
                [33mclass[39m=[32m"w-4 h-4"[39m
                [33mfill[39m=[32m"none"[39m
                [33mstroke[39m=[32m"currentColor"[39m
                [33mstroke-linecap[39m=[32m"round"[39m
                [33mstroke-linejoin[39m=[32m"round"[39m
                [33mstroke-width[39m=[32m"2"[39m
                [33mviewBox[39m=[32m"0 0 24 24"[39m
              [36m>[39m
                [36m<path[39m
                  [33md[39m=[32m"m15 14 5-5-5-5"[39m
                [36m/>[39m
                [36m<path[39m
                  [33md[39m=[32m"M20 9H9.5A5.5 5.5 0 0 0 4 14.5 5.5 5.5 0 0 0 9.5 20H13"[39m
                [36m/>[39m
              [36m</svg>[39m
              [0mAdd to Retry[0m
            [36m</button>[39m
            [36m<button[39m
              [33mclass[39m=[32m"review-modal-button bg-red-600 text-white hover:bg-red-700"[39m
              [33mtitle[39m=[32m"Delete image permanently"[39m
            [36m>[39m
              [36m<svg[39m
                [33mclass[39m=[32m"w-4 h-4"[39m
                [33mfill[39m=[32m"none"[39m
                [33mstroke[39m=[32m"currentColor"[39m
                [33mviewBox[39m=[32m"0 0 24 24"[39m
              [36m>[39m
                [36m<path[39m
                  [33md[39m=[32m"M19 7l-.867 12.142A2 2 0 0116.138 21H7.862a2 2 0 01-1.995-1.858L5 7m5 4v6m4-6v6m1-10V4a1 1 0 00-1-1h-4a1 1 0 00-1 1v3M4 7h16"[39m
                  [33mstroke-linecap[39m=[32m"round"[39m
                  [33mstroke-linejoin[39m=[32m"round"[39m
                  [33mstroke-width[39m=[32m"2"[39m
                [36m/>[39m
              [36m</svg>[39m
              [0mDelete[0m
            [36m</button>[39m
            [36m<button[39m
              [33maria-label[39m=[32m"Image Control Info"[39m
              [33mclass[39m=[32m"px-2 py-1 text-xs bg-white hover:bg-gray-50 border border-gray-200 text-gray-700 rounded"[39m
              [33mtitle[39m=[32m"Image Control Info"[39m
              [33mtype[39m=[32m"button"[39m
            [36m>[39m
              [0mImage Control Info[0m
            [36m</button>[39m
            [36m<div[39m
              [33mclass[39m=[32m"flex items-center space-x-1"[39m
            [36m>[39m
              [36m<button[39m
                [33maria-label[39m=[32m"Previous image"[39m
                [33mclass[39m=[32m"p-2 rounded-md text-gray-600 hover:text-gray-900 hover:bg-gray-100"[39m
              [36m>[39m
                [36m<svg[39m
                  [33mclass[39m=[32m"w-5 h-5"[39m
                  [33mfill[39m=[32m"none"[39m
                  [33mstroke[39m=[32m"currentColor"[39m
                  [33mviewBox[39m=[32m"0 0 24 24"[39m
                [36m>[39m
                  [36m<path[39m
                    [33md[39m=[32m"M15 19l-7-7 7-7"[39m
                    [33mstroke-linecap[39m=[32m"round"[39m
                    [33mstroke-linejoin[39m=[32m"round"[39m
                    [33mstroke-width[39m=[32m"2"[39m
                  [36m/>[39m
                [36m</svg>[39m
              [36m</button>[39m
              [36m<button[39m
                [33maria-label[39m=[32m"Next image"[39m
                [33mclass[39m=[32m"p-2 rounded-md text-gray-600 hover:text-gray-900 hover:bg-gray-100"[39m
              [36m>[39m
                [36m<svg[39m
                  [33mclass[39m=[32m"w-5 h-5"[39m
                  [33mfill[39m=[32m"none"[39m
           ...
 ❯ Object.getElementError node_modules/@testing-library/dom/dist/config.js:37:19
 ❯ node_modules/@testing-library/dom/dist/query-helpers.js:76:38
 ❯ node_modules/@testing-library/dom/dist/query-helpers.js:52:17
 ❯ node_modules/@testing-library/dom/dist/query-helpers.js:95:19
 ❯ src/renderer/components/Dashboard/__tests__/FailedImageReviewModal.test.tsx:288:21
    286|       );
    287| 
    288|       expect(screen.getByText('Seed')).toBeInTheDocument();
       |                     ^
    289|       expect(screen.getByText('98765')).toBeInTheDocument();
    290|     });

⎯⎯⎯⎯⎯⎯⎯⎯⎯⎯⎯⎯⎯⎯⎯⎯⎯⎯⎯⎯[128/254]⎯

 FAIL  src/renderer/components/Dashboard/__tests__/FailedImageReviewModal.test.tsx > FailedImageReviewModal > Generation Details Section > displays creation date
TestingLibraryElementError: Unable to find an element with the text: Created. This could be because the text is broken up by multiple elements. In this case, you can provide a function for your text matcher to make your matcher more flexible.

Ignored nodes: comments, script, style
[36m<body>[39m
  [36m<div>[39m
    [36m<div[39m
      [33mclass[39m=[32m"fixed inset-0 bg-black bg-opacity-50 flex items-center justify-center z-50 p-4 overflow-hidden"[39m
      [33mdata-testid[39m=[32m"failed-image-review-modal"[39m
    [36m>[39m
      [36m<div[39m
        [33mclass[39m=[32m"relative bg-white rounded-lg shadow-xl max-w-6xl w-full max-h-[90vh] overflow-hidden"[39m
      [36m>[39m
        [36m<div[39m
          [33mclass[39m=[32m"flex items-center justify-between p-4 border-b border-gray-200"[39m
          [33mdata-testid[39m=[32m"modal-header"[39m
        [36m>[39m
          [36m<div[39m
            [33mclass[39m=[32m"flex items-center gap-3"[39m
          [36m>[39m
            [36m<h2[39m
              [33mclass[39m=[32m"text-xl font-semibold text-gray-900"[39m
            [36m>[39m
              [0mImage Details[0m
            [36m</h2>[39m
            [36m<div[39m
              [33mclass[39m=[32m"inline-flex items-center"[39m
            [36m>[39m
              [36m<span[39m
                [33mclass[39m=[32m"inline-flex items-center gap-1 px-2 py-1 rounded-full text-sm font-medium border bg-red-100 text-red-800 border-red-200"[39m
              [36m>[39m
                [36m<svg[39m
                  [33maria-hidden[39m=[32m"true"[39m
                  [33mclass[39m=[32m"w-4 h-4"[39m
                  [33mfill[39m=[32m"none"[39m
                  [33mstroke[39m=[32m"currentColor"[39m
                  [33mviewBox[39m=[32m"0 0 24 24"[39m
                [36m>[39m
                  [36m<path[39m
                    [33md[39m=[32m"M12 9v4m0 4h.01M10.29 3.86L1.82 18a2 2 0 001.71 3h16.94a2 2 0 001.71-3L13.71 3.86a2 2 0 00-3.42 0z"[39m
                    [33mstroke-linecap[39m=[32m"round"[39m
                    [33mstroke-linejoin[39m=[32m"round"[39m
                    [33mstroke-width[39m=[32m"2"[39m
                  [36m/>[39m
                [36m</svg>[39m
                [0mQC Failed[0m
              [36m</span>[39m
            [36m</div>[39m
          [36m</div>[39m
          [36m<div[39m
            [33mclass[39m=[32m"flex items-center gap-2"[39m
          [36m>[39m
            [36m<button[39m
              [33mclass[39m=[32m"review-modal-button bg-green-600 text-white hover:bg-green-700"[39m
              [33mtitle[39m=[32m"Approve image (move to success)"[39m
            [36m>[39m
              [36m<svg[39m
                [33mclass[39m=[32m"w-4 h-4"[39m
                [33mfill[39m=[32m"none"[39m
                [33mstroke[39m=[32m"currentColor"[39m
                [33mviewBox[39m=[32m"0 0 24 24"[39m
              [36m>[39m
                [36m<path[39m
                  [33md[39m=[32m"M5 13l4 4L19 7"[39m
                  [33mstroke-linecap[39m=[32m"round"[39m
                  [33mstroke-linejoin[39m=[32m"round"[39m
                  [33mstroke-width[39m=[32m"2"[39m
                [36m/>[39m
              [36m</svg>[39m
              [0mApprove[0m
            [36m</button>[39m
            [36m<button[39m
              [33mclass[39m=[32m"review-modal-button bg-blue-600 text-white hover:bg-blue-700"[39m
              [33mtitle[39m=[32m"Add image to retry pool"[39m
            [36m>[39m
              [36m<svg[39m
                [33mclass[39m=[32m"w-4 h-4"[39m
                [33mfill[39m=[32m"none"[39m
                [33mstroke[39m=[32m"currentColor"[39m
                [33mstroke-linecap[39m=[32m"round"[39m
                [33mstroke-linejoin[39m=[32m"round"[39m
                [33mstroke-width[39m=[32m"2"[39m
                [33mviewBox[39m=[32m"0 0 24 24"[39m
              [36m>[39m
                [36m<path[39m
                  [33md[39m=[32m"m15 14 5-5-5-5"[39m
                [36m/>[39m
                [36m<path[39m
                  [33md[39m=[32m"M20 9H9.5A5.5 5.5 0 0 0 4 14.5 5.5 5.5 0 0 0 9.5 20H13"[39m
                [36m/>[39m
              [36m</svg>[39m
              [0mAdd to Retry[0m
            [36m</button>[39m
            [36m<button[39m
              [33mclass[39m=[32m"review-modal-button bg-red-600 text-white hover:bg-red-700"[39m
              [33mtitle[39m=[32m"Delete image permanently"[39m
            [36m>[39m
              [36m<svg[39m
                [33mclass[39m=[32m"w-4 h-4"[39m
                [33mfill[39m=[32m"none"[39m
                [33mstroke[39m=[32m"currentColor"[39m
                [33mviewBox[39m=[32m"0 0 24 24"[39m
              [36m>[39m
                [36m<path[39m
                  [33md[39m=[32m"M19 7l-.867 12.142A2 2 0 0116.138 21H7.862a2 2 0 01-1.995-1.858L5 7m5 4v6m4-6v6m1-10V4a1 1 0 00-1-1h-4a1 1 0 00-1 1v3M4 7h16"[39m
                  [33mstroke-linecap[39m=[32m"round"[39m
                  [33mstroke-linejoin[39m=[32m"round"[39m
                  [33mstroke-width[39m=[32m"2"[39m
                [36m/>[39m
              [36m</svg>[39m
              [0mDelete[0m
            [36m</button>[39m
            [36m<button[39m
              [33maria-label[39m=[32m"Image Control Info"[39m
              [33mclass[39m=[32m"px-2 py-1 text-xs bg-white hover:bg-gray-50 border border-gray-200 text-gray-700 rounded"[39m
              [33mtitle[39m=[32m"Image Control Info"[39m
              [33mtype[39m=[32m"button"[39m
            [36m>[39m
              [0mImage Control Info[0m
            [36m</button>[39m
            [36m<div[39m
              [33mclass[39m=[32m"flex items-center space-x-1"[39m
            [36m>[39m
              [36m<button[39m
                [33maria-label[39m=[32m"Previous image"[39m
                [33mclass[39m=[32m"p-2 rounded-md text-gray-600 hover:text-gray-900 hover:bg-gray-100"[39m
              [36m>[39m
                [36m<svg[39m
                  [33mclass[39m=[32m"w-5 h-5"[39m
                  [33mfill[39m=[32m"none"[39m
                  [33mstroke[39m=[32m"currentColor"[39m
                  [33mviewBox[39m=[32m"0 0 24 24"[39m
                [36m>[39m
                  [36m<path[39m
                    [33md[39m=[32m"M15 19l-7-7 7-7"[39m
                    [33mstroke-linecap[39m=[32m"round"[39m
                    [33mstroke-linejoin[39m=[32m"round"[39m
                    [33mstroke-width[39m=[32m"2"[39m
                  [36m/>[39m
                [36m</svg>[39m
              [36m</button>[39m
              [36m<button[39m
                [33maria-label[39m=[32m"Next image"[39m
                [33mclass[39m=[32m"p-2 rounded-md text-gray-600 hover:text-gray-900 hover:bg-gray-100"[39m
              [36m>[39m
                [36m<svg[39m
                  [33mclass[39m=[32m"w-5 h-5"[39m
                  [33mfill[39m=[32m"none"[39m
           ...
 ❯ Object.getElementError node_modules/@testing-library/dom/dist/config.js:37:19
 ❯ node_modules/@testing-library/dom/dist/query-helpers.js:76:38
 ❯ node_modules/@testing-library/dom/dist/query-helpers.js:52:17
 ❯ node_modules/@testing-library/dom/dist/query-helpers.js:95:19
 ❯ src/renderer/components/Dashboard/__tests__/FailedImageReviewModal.test.tsx:302:21
    300|       );
    301| 
    302|       expect(screen.getByText('Created')).toBeInTheDocument();
       |                     ^
    303|     });
    304| 

⎯⎯⎯⎯⎯⎯⎯⎯⎯⎯⎯⎯⎯⎯⎯⎯⎯⎯⎯⎯[129/254]⎯

 FAIL  src/renderer/components/Dashboard/__tests__/FailedImageReviewModal.test.tsx > FailedImageReviewModal > Generation Details Section > shows job execution ID
TestingLibraryElementError: Unable to find an element with the text: Job ID. This could be because the text is broken up by multiple elements. In this case, you can provide a function for your text matcher to make your matcher more flexible.

Ignored nodes: comments, script, style
[36m<body>[39m
  [36m<div>[39m
    [36m<div[39m
      [33mclass[39m=[32m"fixed inset-0 bg-black bg-opacity-50 flex items-center justify-center z-50 p-4 overflow-hidden"[39m
      [33mdata-testid[39m=[32m"failed-image-review-modal"[39m
    [36m>[39m
      [36m<div[39m
        [33mclass[39m=[32m"relative bg-white rounded-lg shadow-xl max-w-6xl w-full max-h-[90vh] overflow-hidden"[39m
      [36m>[39m
        [36m<div[39m
          [33mclass[39m=[32m"flex items-center justify-between p-4 border-b border-gray-200"[39m
          [33mdata-testid[39m=[32m"modal-header"[39m
        [36m>[39m
          [36m<div[39m
            [33mclass[39m=[32m"flex items-center gap-3"[39m
          [36m>[39m
            [36m<h2[39m
              [33mclass[39m=[32m"text-xl font-semibold text-gray-900"[39m
            [36m>[39m
              [0mImage Details[0m
            [36m</h2>[39m
            [36m<div[39m
              [33mclass[39m=[32m"inline-flex items-center"[39m
            [36m>[39m
              [36m<span[39m
                [33mclass[39m=[32m"inline-flex items-center gap-1 px-2 py-1 rounded-full text-sm font-medium border bg-red-100 text-red-800 border-red-200"[39m
              [36m>[39m
                [36m<svg[39m
                  [33maria-hidden[39m=[32m"true"[39m
                  [33mclass[39m=[32m"w-4 h-4"[39m
                  [33mfill[39m=[32m"none"[39m
                  [33mstroke[39m=[32m"currentColor"[39m
                  [33mviewBox[39m=[32m"0 0 24 24"[39m
                [36m>[39m
                  [36m<path[39m
                    [33md[39m=[32m"M12 9v4m0 4h.01M10.29 3.86L1.82 18a2 2 0 001.71 3h16.94a2 2 0 001.71-3L13.71 3.86a2 2 0 00-3.42 0z"[39m
                    [33mstroke-linecap[39m=[32m"round"[39m
                    [33mstroke-linejoin[39m=[32m"round"[39m
                    [33mstroke-width[39m=[32m"2"[39m
                  [36m/>[39m
                [36m</svg>[39m
                [0mQC Failed[0m
              [36m</span>[39m
            [36m</div>[39m
          [36m</div>[39m
          [36m<div[39m
            [33mclass[39m=[32m"flex items-center gap-2"[39m
          [36m>[39m
            [36m<button[39m
              [33mclass[39m=[32m"review-modal-button bg-green-600 text-white hover:bg-green-700"[39m
              [33mtitle[39m=[32m"Approve image (move to success)"[39m
            [36m>[39m
              [36m<svg[39m
                [33mclass[39m=[32m"w-4 h-4"[39m
                [33mfill[39m=[32m"none"[39m
                [33mstroke[39m=[32m"currentColor"[39m
                [33mviewBox[39m=[32m"0 0 24 24"[39m
              [36m>[39m
                [36m<path[39m
                  [33md[39m=[32m"M5 13l4 4L19 7"[39m
                  [33mstroke-linecap[39m=[32m"round"[39m
                  [33mstroke-linejoin[39m=[32m"round"[39m
                  [33mstroke-width[39m=[32m"2"[39m
                [36m/>[39m
              [36m</svg>[39m
              [0mApprove[0m
            [36m</button>[39m
            [36m<button[39m
              [33mclass[39m=[32m"review-modal-button bg-blue-600 text-white hover:bg-blue-700"[39m
              [33mtitle[39m=[32m"Add image to retry pool"[39m
            [36m>[39m
              [36m<svg[39m
                [33mclass[39m=[32m"w-4 h-4"[39m
                [33mfill[39m=[32m"none"[39m
                [33mstroke[39m=[32m"currentColor"[39m
                [33mstroke-linecap[39m=[32m"round"[39m
                [33mstroke-linejoin[39m=[32m"round"[39m
                [33mstroke-width[39m=[32m"2"[39m
                [33mviewBox[39m=[32m"0 0 24 24"[39m
              [36m>[39m
                [36m<path[39m
                  [33md[39m=[32m"m15 14 5-5-5-5"[39m
                [36m/>[39m
                [36m<path[39m
                  [33md[39m=[32m"M20 9H9.5A5.5 5.5 0 0 0 4 14.5 5.5 5.5 0 0 0 9.5 20H13"[39m
                [36m/>[39m
              [36m</svg>[39m
              [0mAdd to Retry[0m
            [36m</button>[39m
            [36m<button[39m
              [33mclass[39m=[32m"review-modal-button bg-red-600 text-white hover:bg-red-700"[39m
              [33mtitle[39m=[32m"Delete image permanently"[39m
            [36m>[39m
              [36m<svg[39m
                [33mclass[39m=[32m"w-4 h-4"[39m
                [33mfill[39m=[32m"none"[39m
                [33mstroke[39m=[32m"currentColor"[39m
                [33mviewBox[39m=[32m"0 0 24 24"[39m
              [36m>[39m
                [36m<path[39m
                  [33md[39m=[32m"M19 7l-.867 12.142A2 2 0 0116.138 21H7.862a2 2 0 01-1.995-1.858L5 7m5 4v6m4-6v6m1-10V4a1 1 0 00-1-1h-4a1 1 0 00-1 1v3M4 7h16"[39m
                  [33mstroke-linecap[39m=[32m"round"[39m
                  [33mstroke-linejoin[39m=[32m"round"[39m
                  [33mstroke-width[39m=[32m"2"[39m
                [36m/>[39m
              [36m</svg>[39m
              [0mDelete[0m
            [36m</button>[39m
            [36m<button[39m
              [33maria-label[39m=[32m"Image Control Info"[39m
              [33mclass[39m=[32m"px-2 py-1 text-xs bg-white hover:bg-gray-50 border border-gray-200 text-gray-700 rounded"[39m
              [33mtitle[39m=[32m"Image Control Info"[39m
              [33mtype[39m=[32m"button"[39m
            [36m>[39m
              [0mImage Control Info[0m
            [36m</button>[39m
            [36m<div[39m
              [33mclass[39m=[32m"flex items-center space-x-1"[39m
            [36m>[39m
              [36m<button[39m
                [33maria-label[39m=[32m"Previous image"[39m
                [33mclass[39m=[32m"p-2 rounded-md text-gray-600 hover:text-gray-900 hover:bg-gray-100"[39m
              [36m>[39m
                [36m<svg[39m
                  [33mclass[39m=[32m"w-5 h-5"[39m
                  [33mfill[39m=[32m"none"[39m
                  [33mstroke[39m=[32m"currentColor"[39m
                  [33mviewBox[39m=[32m"0 0 24 24"[39m
                [36m>[39m
                  [36m<path[39m
                    [33md[39m=[32m"M15 19l-7-7 7-7"[39m
                    [33mstroke-linecap[39m=[32m"round"[39m
                    [33mstroke-linejoin[39m=[32m"round"[39m
                    [33mstroke-width[39m=[32m"2"[39m
                  [36m/>[39m
                [36m</svg>[39m
              [36m</button>[39m
              [36m<button[39m
                [33maria-label[39m=[32m"Next image"[39m
                [33mclass[39m=[32m"p-2 rounded-md text-gray-600 hover:text-gray-900 hover:bg-gray-100"[39m
              [36m>[39m
                [36m<svg[39m
                  [33mclass[39m=[32m"w-5 h-5"[39m
                  [33mfill[39m=[32m"none"[39m
           ...
 ❯ Object.getElementError node_modules/@testing-library/dom/dist/config.js:37:19
 ❯ node_modules/@testing-library/dom/dist/query-helpers.js:76:38
 ❯ node_modules/@testing-library/dom/dist/query-helpers.js:52:17
 ❯ node_modules/@testing-library/dom/dist/query-helpers.js:95:19
 ❯ src/renderer/components/Dashboard/__tests__/FailedImageReviewModal.test.tsx:315:21
    313|       );
    314| 
    315|       expect(screen.getByText('Job ID')).toBeInTheDocument();
       |                     ^
    316|       expect(screen.getByText('exec-456')).toBeInTheDocument();
    317|     });

⎯⎯⎯⎯⎯⎯⎯⎯⎯⎯⎯⎯⎯⎯⎯⎯⎯⎯⎯⎯[130/254]⎯

 FAIL  src/renderer/components/Dashboard/__tests__/FailedImageReviewModal.test.tsx > FailedImageReviewModal > AI Metadata Section > displays metadata title
TestingLibraryElementError: Unable to find an element with the text: AI Generated Metadata. This could be because the text is broken up by multiple elements. In this case, you can provide a function for your text matcher to make your matcher more flexible.

Ignored nodes: comments, script, style
[36m<body>[39m
  [36m<div>[39m
    [36m<div[39m
      [33mclass[39m=[32m"fixed inset-0 bg-black bg-opacity-50 flex items-center justify-center z-50 p-4 overflow-hidden"[39m
      [33mdata-testid[39m=[32m"failed-image-review-modal"[39m
    [36m>[39m
      [36m<div[39m
        [33mclass[39m=[32m"relative bg-white rounded-lg shadow-xl max-w-6xl w-full max-h-[90vh] overflow-hidden"[39m
      [36m>[39m
        [36m<div[39m
          [33mclass[39m=[32m"flex items-center justify-between p-4 border-b border-gray-200"[39m
          [33mdata-testid[39m=[32m"modal-header"[39m
        [36m>[39m
          [36m<div[39m
            [33mclass[39m=[32m"flex items-center gap-3"[39m
          [36m>[39m
            [36m<h2[39m
              [33mclass[39m=[32m"text-xl font-semibold text-gray-900"[39m
            [36m>[39m
              [0mImage Details[0m
            [36m</h2>[39m
            [36m<div[39m
              [33mclass[39m=[32m"inline-flex items-center"[39m
            [36m>[39m
              [36m<span[39m
                [33mclass[39m=[32m"inline-flex items-center gap-1 px-2 py-1 rounded-full text-sm font-medium border bg-red-100 text-red-800 border-red-200"[39m
              [36m>[39m
                [36m<svg[39m
                  [33maria-hidden[39m=[32m"true"[39m
                  [33mclass[39m=[32m"w-4 h-4"[39m
                  [33mfill[39m=[32m"none"[39m
                  [33mstroke[39m=[32m"currentColor"[39m
                  [33mviewBox[39m=[32m"0 0 24 24"[39m
                [36m>[39m
                  [36m<path[39m
                    [33md[39m=[32m"M12 9v4m0 4h.01M10.29 3.86L1.82 18a2 2 0 001.71 3h16.94a2 2 0 001.71-3L13.71 3.86a2 2 0 00-3.42 0z"[39m
                    [33mstroke-linecap[39m=[32m"round"[39m
                    [33mstroke-linejoin[39m=[32m"round"[39m
                    [33mstroke-width[39m=[32m"2"[39m
                  [36m/>[39m
                [36m</svg>[39m
                [0mQC Failed[0m
              [36m</span>[39m
            [36m</div>[39m
          [36m</div>[39m
          [36m<div[39m
            [33mclass[39m=[32m"flex items-center gap-2"[39m
          [36m>[39m
            [36m<button[39m
              [33mclass[39m=[32m"review-modal-button bg-green-600 text-white hover:bg-green-700"[39m
              [33mtitle[39m=[32m"Approve image (move to success)"[39m
            [36m>[39m
              [36m<svg[39m
                [33mclass[39m=[32m"w-4 h-4"[39m
                [33mfill[39m=[32m"none"[39m
                [33mstroke[39m=[32m"currentColor"[39m
                [33mviewBox[39m=[32m"0 0 24 24"[39m
              [36m>[39m
                [36m<path[39m
                  [33md[39m=[32m"M5 13l4 4L19 7"[39m
                  [33mstroke-linecap[39m=[32m"round"[39m
                  [33mstroke-linejoin[39m=[32m"round"[39m
                  [33mstroke-width[39m=[32m"2"[39m
                [36m/>[39m
              [36m</svg>[39m
              [0mApprove[0m
            [36m</button>[39m
            [36m<button[39m
              [33mclass[39m=[32m"review-modal-button bg-blue-600 text-white hover:bg-blue-700"[39m
              [33mtitle[39m=[32m"Add image to retry pool"[39m
            [36m>[39m
              [36m<svg[39m
                [33mclass[39m=[32m"w-4 h-4"[39m
                [33mfill[39m=[32m"none"[39m
                [33mstroke[39m=[32m"currentColor"[39m
                [33mstroke-linecap[39m=[32m"round"[39m
                [33mstroke-linejoin[39m=[32m"round"[39m
                [33mstroke-width[39m=[32m"2"[39m
                [33mviewBox[39m=[32m"0 0 24 24"[39m
              [36m>[39m
                [36m<path[39m
                  [33md[39m=[32m"m15 14 5-5-5-5"[39m
                [36m/>[39m
                [36m<path[39m
                  [33md[39m=[32m"M20 9H9.5A5.5 5.5 0 0 0 4 14.5 5.5 5.5 0 0 0 9.5 20H13"[39m
                [36m/>[39m
              [36m</svg>[39m
              [0mAdd to Retry[0m
            [36m</button>[39m
            [36m<button[39m
              [33mclass[39m=[32m"review-modal-button bg-red-600 text-white hover:bg-red-700"[39m
              [33mtitle[39m=[32m"Delete image permanently"[39m
            [36m>[39m
              [36m<svg[39m
                [33mclass[39m=[32m"w-4 h-4"[39m
                [33mfill[39m=[32m"none"[39m
                [33mstroke[39m=[32m"currentColor"[39m
                [33mviewBox[39m=[32m"0 0 24 24"[39m
              [36m>[39m
                [36m<path[39m
                  [33md[39m=[32m"M19 7l-.867 12.142A2 2 0 0116.138 21H7.862a2 2 0 01-1.995-1.858L5 7m5 4v6m4-6v6m1-10V4a1 1 0 00-1-1h-4a1 1 0 00-1 1v3M4 7h16"[39m
                  [33mstroke-linecap[39m=[32m"round"[39m
                  [33mstroke-linejoin[39m=[32m"round"[39m
                  [33mstroke-width[39m=[32m"2"[39m
                [36m/>[39m
              [36m</svg>[39m
              [0mDelete[0m
            [36m</button>[39m
            [36m<button[39m
              [33maria-label[39m=[32m"Image Control Info"[39m
              [33mclass[39m=[32m"px-2 py-1 text-xs bg-white hover:bg-gray-50 border border-gray-200 text-gray-700 rounded"[39m
              [33mtitle[39m=[32m"Image Control Info"[39m
              [33mtype[39m=[32m"button"[39m
            [36m>[39m
              [0mImage Control Info[0m
            [36m</button>[39m
            [36m<div[39m
              [33mclass[39m=[32m"flex items-center space-x-1"[39m
            [36m>[39m
              [36m<button[39m
                [33maria-label[39m=[32m"Previous image"[39m
                [33mclass[39m=[32m"p-2 rounded-md text-gray-600 hover:text-gray-900 hover:bg-gray-100"[39m
              [36m>[39m
                [36m<svg[39m
                  [33mclass[39m=[32m"w-5 h-5"[39m
                  [33mfill[39m=[32m"none"[39m
                  [33mstroke[39m=[32m"currentColor"[39m
                  [33mviewBox[39m=[32m"0 0 24 24"[39m
                [36m>[39m
                  [36m<path[39m
                    [33md[39m=[32m"M15 19l-7-7 7-7"[39m
                    [33mstroke-linecap[39m=[32m"round"[39m
                    [33mstroke-linejoin[39m=[32m"round"[39m
                    [33mstroke-width[39m=[32m"2"[39m
                  [36m/>[39m
                [36m</svg>[39m
              [36m</button>[39m
              [36m<button[39m
                [33maria-label[39m=[32m"Next image"[39m
                [33mclass[39m=[32m"p-2 rounded-md text-gray-600 hover:text-gray-900 hover:bg-gray-100"[39m
              [36m>[39m
                [36m<svg[39m
                  [33mclass[39m=[32m"w-5 h-5"[39m
                  [33mfill[39m=[32m"none"[39m
           ...
 ❯ Object.getElementError node_modules/@testing-library/dom/dist/config.js:37:19
 ❯ node_modules/@testing-library/dom/dist/query-helpers.js:76:38
 ❯ node_modules/@testing-library/dom/dist/query-helpers.js:52:17
 ❯ node_modules/@testing-library/dom/dist/query-helpers.js:95:19
 ❯ src/renderer/components/Dashboard/__tests__/FailedImageReviewModal.test.tsx:331:21
    329|       );
    330| 
    331|       expect(screen.getByText('AI Generated Metadata')).toBeInTheDocum…
       |                     ^
    332|       expect(screen.getByText('Storm Dragon')).toBeInTheDocument();
    333|     });

⎯⎯⎯⎯⎯⎯⎯⎯⎯⎯⎯⎯⎯⎯⎯⎯⎯⎯⎯⎯[131/254]⎯

 FAIL  src/renderer/components/Dashboard/__tests__/FailedImageReviewModal.test.tsx > FailedImageReviewModal > AI Metadata Section > shows metadata description
TestingLibraryElementError: Unable to find an element with the text: A powerful dragon flying through stormy skies with dramatic lightning effects. This could be because the text is broken up by multiple elements. In this case, you can provide a function for your text matcher to make your matcher more flexible.

Ignored nodes: comments, script, style
[36m<body>[39m
  [36m<div>[39m
    [36m<div[39m
      [33mclass[39m=[32m"fixed inset-0 bg-black bg-opacity-50 flex items-center justify-center z-50 p-4 overflow-hidden"[39m
      [33mdata-testid[39m=[32m"failed-image-review-modal"[39m
    [36m>[39m
      [36m<div[39m
        [33mclass[39m=[32m"relative bg-white rounded-lg shadow-xl max-w-6xl w-full max-h-[90vh] overflow-hidden"[39m
      [36m>[39m
        [36m<div[39m
          [33mclass[39m=[32m"flex items-center justify-between p-4 border-b border-gray-200"[39m
          [33mdata-testid[39m=[32m"modal-header"[39m
        [36m>[39m
          [36m<div[39m
            [33mclass[39m=[32m"flex items-center gap-3"[39m
          [36m>[39m
            [36m<h2[39m
              [33mclass[39m=[32m"text-xl font-semibold text-gray-900"[39m
            [36m>[39m
              [0mImage Details[0m
            [36m</h2>[39m
            [36m<div[39m
              [33mclass[39m=[32m"inline-flex items-center"[39m
            [36m>[39m
              [36m<span[39m
                [33mclass[39m=[32m"inline-flex items-center gap-1 px-2 py-1 rounded-full text-sm font-medium border bg-red-100 text-red-800 border-red-200"[39m
              [36m>[39m
                [36m<svg[39m
                  [33maria-hidden[39m=[32m"true"[39m
                  [33mclass[39m=[32m"w-4 h-4"[39m
                  [33mfill[39m=[32m"none"[39m
                  [33mstroke[39m=[32m"currentColor"[39m
                  [33mviewBox[39m=[32m"0 0 24 24"[39m
                [36m>[39m
                  [36m<path[39m
                    [33md[39m=[32m"M12 9v4m0 4h.01M10.29 3.86L1.82 18a2 2 0 001.71 3h16.94a2 2 0 001.71-3L13.71 3.86a2 2 0 00-3.42 0z"[39m
                    [33mstroke-linecap[39m=[32m"round"[39m
                    [33mstroke-linejoin[39m=[32m"round"[39m
                    [33mstroke-width[39m=[32m"2"[39m
                  [36m/>[39m
                [36m</svg>[39m
                [0mQC Failed[0m
              [36m</span>[39m
            [36m</div>[39m
          [36m</div>[39m
          [36m<div[39m
            [33mclass[39m=[32m"flex items-center gap-2"[39m
          [36m>[39m
            [36m<button[39m
              [33mclass[39m=[32m"review-modal-button bg-green-600 text-white hover:bg-green-700"[39m
              [33mtitle[39m=[32m"Approve image (move to success)"[39m
            [36m>[39m
              [36m<svg[39m
                [33mclass[39m=[32m"w-4 h-4"[39m
                [33mfill[39m=[32m"none"[39m
                [33mstroke[39m=[32m"currentColor"[39m
                [33mviewBox[39m=[32m"0 0 24 24"[39m
              [36m>[39m
                [36m<path[39m
                  [33md[39m=[32m"M5 13l4 4L19 7"[39m
                  [33mstroke-linecap[39m=[32m"round"[39m
                  [33mstroke-linejoin[39m=[32m"round"[39m
                  [33mstroke-width[39m=[32m"2"[39m
                [36m/>[39m
              [36m</svg>[39m
              [0mApprove[0m
            [36m</button>[39m
            [36m<button[39m
              [33mclass[39m=[32m"review-modal-button bg-blue-600 text-white hover:bg-blue-700"[39m
              [33mtitle[39m=[32m"Add image to retry pool"[39m
            [36m>[39m
              [36m<svg[39m
                [33mclass[39m=[32m"w-4 h-4"[39m
                [33mfill[39m=[32m"none"[39m
                [33mstroke[39m=[32m"currentColor"[39m
                [33mstroke-linecap[39m=[32m"round"[39m
                [33mstroke-linejoin[39m=[32m"round"[39m
                [33mstroke-width[39m=[32m"2"[39m
                [33mviewBox[39m=[32m"0 0 24 24"[39m
              [36m>[39m
                [36m<path[39m
                  [33md[39m=[32m"m15 14 5-5-5-5"[39m
                [36m/>[39m
                [36m<path[39m
                  [33md[39m=[32m"M20 9H9.5A5.5 5.5 0 0 0 4 14.5 5.5 5.5 0 0 0 9.5 20H13"[39m
                [36m/>[39m
              [36m</svg>[39m
              [0mAdd to Retry[0m
            [36m</button>[39m
            [36m<button[39m
              [33mclass[39m=[32m"review-modal-button bg-red-600 text-white hover:bg-red-700"[39m
              [33mtitle[39m=[32m"Delete image permanently"[39m
            [36m>[39m
              [36m<svg[39m
                [33mclass[39m=[32m"w-4 h-4"[39m
                [33mfill[39m=[32m"none"[39m
                [33mstroke[39m=[32m"currentColor"[39m
                [33mviewBox[39m=[32m"0 0 24 24"[39m
              [36m>[39m
                [36m<path[39m
                  [33md[39m=[32m"M19 7l-.867 12.142A2 2 0 0116.138 21H7.862a2 2 0 01-1.995-1.858L5 7m5 4v6m4-6v6m1-10V4a1 1 0 00-1-1h-4a1 1 0 00-1 1v3M4 7h16"[39m
                  [33mstroke-linecap[39m=[32m"round"[39m
                  [33mstroke-linejoin[39m=[32m"round"[39m
                  [33mstroke-width[39m=[32m"2"[39m
                [36m/>[39m
              [36m</svg>[39m
              [0mDelete[0m
            [36m</button>[39m
            [36m<button[39m
              [33maria-label[39m=[32m"Image Control Info"[39m
              [33mclass[39m=[32m"px-2 py-1 text-xs bg-white hover:bg-gray-50 border border-gray-200 text-gray-700 rounded"[39m
              [33mtitle[39m=[32m"Image Control Info"[39m
              [33mtype[39m=[32m"button"[39m
            [36m>[39m
              [0mImage Control Info[0m
            [36m</button>[39m
            [36m<div[39m
              [33mclass[39m=[32m"flex items-center space-x-1"[39m
            [36m>[39m
              [36m<button[39m
                [33maria-label[39m=[32m"Previous image"[39m
                [33mclass[39m=[32m"p-2 rounded-md text-gray-600 hover:text-gray-900 hover:bg-gray-100"[39m
              [36m>[39m
                [36m<svg[39m
                  [33mclass[39m=[32m"w-5 h-5"[39m
                  [33mfill[39m=[32m"none"[39m
                  [33mstroke[39m=[32m"currentColor"[39m
                  [33mviewBox[39m=[32m"0 0 24 24"[39m
                [36m>[39m
                  [36m<path[39m
                    [33md[39m=[32m"M15 19l-7-7 7-7"[39m
                    [33mstroke-linecap[39m=[32m"round"[39m
                    [33mstroke-linejoin[39m=[32m"round"[39m
                    [33mstroke-width[39m=[32m"2"[39m
                  [36m/>[39m
                [36m</svg>[39m
              [36m</button>[39m
              [36m<button[39m
                [33maria-label[39m=[32m"Next image"[39m
                [33mclass[39m=[32m"p-2 rounded-md text-gray-600 hover:text-gray-900 hover:bg-gray-100"[39m
              [36m>[39m
                [36m<svg[39m
                  [33mclass[39m=[32m"w-5 h-5"[39m
                  [33mfill[39m=[32m"none"[39m
           ...
 ❯ Object.getElementError node_modules/@testing-library/dom/dist/config.js:37:19
 ❯ node_modules/@testing-library/dom/dist/query-helpers.js:76:38
 ❯ node_modules/@testing-library/dom/dist/query-helpers.js:52:17
 ❯ node_modules/@testing-library/dom/dist/query-helpers.js:95:19
 ❯ src/renderer/components/Dashboard/__tests__/FailedImageReviewModal.test.tsx:345:21
    343|       );
    344| 
    345|       expect(screen.getByText('A powerful dragon flying through stormy…
       |                     ^
    346|     });
    347| 

⎯⎯⎯⎯⎯⎯⎯⎯⎯⎯⎯⎯⎯⎯⎯⎯⎯⎯⎯⎯[132/254]⎯

 FAIL  src/renderer/components/Dashboard/__tests__/FailedImageReviewModal.test.tsx > FailedImageReviewModal > AI Metadata Section > displays metadata tags
TestingLibraryElementError: Unable to find an element with the text: Tags. This could be because the text is broken up by multiple elements. In this case, you can provide a function for your text matcher to make your matcher more flexible.

Ignored nodes: comments, script, style
[36m<body>[39m
  [36m<div>[39m
    [36m<div[39m
      [33mclass[39m=[32m"fixed inset-0 bg-black bg-opacity-50 flex items-center justify-center z-50 p-4 overflow-hidden"[39m
      [33mdata-testid[39m=[32m"failed-image-review-modal"[39m
    [36m>[39m
      [36m<div[39m
        [33mclass[39m=[32m"relative bg-white rounded-lg shadow-xl max-w-6xl w-full max-h-[90vh] overflow-hidden"[39m
      [36m>[39m
        [36m<div[39m
          [33mclass[39m=[32m"flex items-center justify-between p-4 border-b border-gray-200"[39m
          [33mdata-testid[39m=[32m"modal-header"[39m
        [36m>[39m
          [36m<div[39m
            [33mclass[39m=[32m"flex items-center gap-3"[39m
          [36m>[39m
            [36m<h2[39m
              [33mclass[39m=[32m"text-xl font-semibold text-gray-900"[39m
            [36m>[39m
              [0mImage Details[0m
            [36m</h2>[39m
            [36m<div[39m
              [33mclass[39m=[32m"inline-flex items-center"[39m
            [36m>[39m
              [36m<span[39m
                [33mclass[39m=[32m"inline-flex items-center gap-1 px-2 py-1 rounded-full text-sm font-medium border bg-red-100 text-red-800 border-red-200"[39m
              [36m>[39m
                [36m<svg[39m
                  [33maria-hidden[39m=[32m"true"[39m
                  [33mclass[39m=[32m"w-4 h-4"[39m
                  [33mfill[39m=[32m"none"[39m
                  [33mstroke[39m=[32m"currentColor"[39m
                  [33mviewBox[39m=[32m"0 0 24 24"[39m
                [36m>[39m
                  [36m<path[39m
                    [33md[39m=[32m"M12 9v4m0 4h.01M10.29 3.86L1.82 18a2 2 0 001.71 3h16.94a2 2 0 001.71-3L13.71 3.86a2 2 0 00-3.42 0z"[39m
                    [33mstroke-linecap[39m=[32m"round"[39m
                    [33mstroke-linejoin[39m=[32m"round"[39m
                    [33mstroke-width[39m=[32m"2"[39m
                  [36m/>[39m
                [36m</svg>[39m
                [0mQC Failed[0m
              [36m</span>[39m
            [36m</div>[39m
          [36m</div>[39m
          [36m<div[39m
            [33mclass[39m=[32m"flex items-center gap-2"[39m
          [36m>[39m
            [36m<button[39m
              [33mclass[39m=[32m"review-modal-button bg-green-600 text-white hover:bg-green-700"[39m
              [33mtitle[39m=[32m"Approve image (move to success)"[39m
            [36m>[39m
              [36m<svg[39m
                [33mclass[39m=[32m"w-4 h-4"[39m
                [33mfill[39m=[32m"none"[39m
                [33mstroke[39m=[32m"currentColor"[39m
                [33mviewBox[39m=[32m"0 0 24 24"[39m
              [36m>[39m
                [36m<path[39m
                  [33md[39m=[32m"M5 13l4 4L19 7"[39m
                  [33mstroke-linecap[39m=[32m"round"[39m
                  [33mstroke-linejoin[39m=[32m"round"[39m
                  [33mstroke-width[39m=[32m"2"[39m
                [36m/>[39m
              [36m</svg>[39m
              [0mApprove[0m
            [36m</button>[39m
            [36m<button[39m
              [33mclass[39m=[32m"review-modal-button bg-blue-600 text-white hover:bg-blue-700"[39m
              [33mtitle[39m=[32m"Add image to retry pool"[39m
            [36m>[39m
              [36m<svg[39m
                [33mclass[39m=[32m"w-4 h-4"[39m
                [33mfill[39m=[32m"none"[39m
                [33mstroke[39m=[32m"currentColor"[39m
                [33mstroke-linecap[39m=[32m"round"[39m
                [33mstroke-linejoin[39m=[32m"round"[39m
                [33mstroke-width[39m=[32m"2"[39m
                [33mviewBox[39m=[32m"0 0 24 24"[39m
              [36m>[39m
                [36m<path[39m
                  [33md[39m=[32m"m15 14 5-5-5-5"[39m
                [36m/>[39m
                [36m<path[39m
                  [33md[39m=[32m"M20 9H9.5A5.5 5.5 0 0 0 4 14.5 5.5 5.5 0 0 0 9.5 20H13"[39m
                [36m/>[39m
              [36m</svg>[39m
              [0mAdd to Retry[0m
            [36m</button>[39m
            [36m<button[39m
              [33mclass[39m=[32m"review-modal-button bg-red-600 text-white hover:bg-red-700"[39m
              [33mtitle[39m=[32m"Delete image permanently"[39m
            [36m>[39m
              [36m<svg[39m
                [33mclass[39m=[32m"w-4 h-4"[39m
                [33mfill[39m=[32m"none"[39m
                [33mstroke[39m=[32m"currentColor"[39m
                [33mviewBox[39m=[32m"0 0 24 24"[39m
              [36m>[39m
                [36m<path[39m
                  [33md[39m=[32m"M19 7l-.867 12.142A2 2 0 0116.138 21H7.862a2 2 0 01-1.995-1.858L5 7m5 4v6m4-6v6m1-10V4a1 1 0 00-1-1h-4a1 1 0 00-1 1v3M4 7h16"[39m
                  [33mstroke-linecap[39m=[32m"round"[39m
                  [33mstroke-linejoin[39m=[32m"round"[39m
                  [33mstroke-width[39m=[32m"2"[39m
                [36m/>[39m
              [36m</svg>[39m
              [0mDelete[0m
            [36m</button>[39m
            [36m<button[39m
              [33maria-label[39m=[32m"Image Control Info"[39m
              [33mclass[39m=[32m"px-2 py-1 text-xs bg-white hover:bg-gray-50 border border-gray-200 text-gray-700 rounded"[39m
              [33mtitle[39m=[32m"Image Control Info"[39m
              [33mtype[39m=[32m"button"[39m
            [36m>[39m
              [0mImage Control Info[0m
            [36m</button>[39m
            [36m<div[39m
              [33mclass[39m=[32m"flex items-center space-x-1"[39m
            [36m>[39m
              [36m<button[39m
                [33maria-label[39m=[32m"Previous image"[39m
                [33mclass[39m=[32m"p-2 rounded-md text-gray-600 hover:text-gray-900 hover:bg-gray-100"[39m
              [36m>[39m
                [36m<svg[39m
                  [33mclass[39m=[32m"w-5 h-5"[39m
                  [33mfill[39m=[32m"none"[39m
                  [33mstroke[39m=[32m"currentColor"[39m
                  [33mviewBox[39m=[32m"0 0 24 24"[39m
                [36m>[39m
                  [36m<path[39m
                    [33md[39m=[32m"M15 19l-7-7 7-7"[39m
                    [33mstroke-linecap[39m=[32m"round"[39m
                    [33mstroke-linejoin[39m=[32m"round"[39m
                    [33mstroke-width[39m=[32m"2"[39m
                  [36m/>[39m
                [36m</svg>[39m
              [36m</button>[39m
              [36m<button[39m
                [33maria-label[39m=[32m"Next image"[39m
                [33mclass[39m=[32m"p-2 rounded-md text-gray-600 hover:text-gray-900 hover:bg-gray-100"[39m
              [36m>[39m
                [36m<svg[39m
                  [33mclass[39m=[32m"w-5 h-5"[39m
                  [33mfill[39m=[32m"none"[39m
           ...
 ❯ Object.getElementError node_modules/@testing-library/dom/dist/config.js:37:19
 ❯ node_modules/@testing-library/dom/dist/query-helpers.js:76:38
 ❯ node_modules/@testing-library/dom/dist/query-helpers.js:52:17
 ❯ node_modules/@testing-library/dom/dist/query-helpers.js:95:19
 ❯ src/renderer/components/Dashboard/__tests__/FailedImageReviewModal.test.tsx:358:21
    356|       );
    357| 
    358|       expect(screen.getByText('Tags')).toBeInTheDocument();
       |                     ^
    359|       expect(screen.getByText('fantasy')).toBeInTheDocument();
    360|       expect(screen.getByText('dragon')).toBeInTheDocument();

⎯⎯⎯⎯⎯⎯⎯⎯⎯⎯⎯⎯⎯⎯⎯⎯⎯⎯⎯⎯[133/254]⎯

 FAIL  src/renderer/components/Dashboard/__tests__/FailedImageReviewModal.test.tsx > FailedImageReviewModal > AI Metadata Section > handles missing metadata gracefully
Error: expect(element).not.toBeInTheDocument()

expected document not to contain element, found <button
  class="flex-1 px-4 py-3 text-sm font-medium border-b-2 transition-colors border-transparent text-gray-500 hover:text-gray-700 hover:border-gray-300"
>
  AI Metadata
</button> instead
 ❯ src/renderer/components/Dashboard/__tests__/FailedImageReviewModal.test.tsx:378:53
    376|       );
    377| 
    378|       expect(screen.queryByText('AI Metadata')).not.toBeInTheDocument(…
       |                                                     ^
    379|     });
    380|   });

⎯⎯⎯⎯⎯⎯⎯⎯⎯⎯⎯⎯⎯⎯⎯⎯⎯⎯⎯⎯[134/254]⎯

 FAIL  src/renderer/components/Dashboard/__tests__/FailedImageReviewModal.test.tsx > FailedImageReviewModal > Processing Settings Section > displays processing settings section
TestingLibraryElementError: Unable to find an element with the text: Processing Settings. This could be because the text is broken up by multiple elements. In this case, you can provide a function for your text matcher to make your matcher more flexible.

Ignored nodes: comments, script, style
[36m<body>[39m
  [36m<div>[39m
    [36m<div[39m
      [33mclass[39m=[32m"fixed inset-0 bg-black bg-opacity-50 flex items-center justify-center z-50 p-4 overflow-hidden"[39m
      [33mdata-testid[39m=[32m"failed-image-review-modal"[39m
    [36m>[39m
      [36m<div[39m
        [33mclass[39m=[32m"relative bg-white rounded-lg shadow-xl max-w-6xl w-full max-h-[90vh] overflow-hidden"[39m
      [36m>[39m
        [36m<div[39m
          [33mclass[39m=[32m"flex items-center justify-between p-4 border-b border-gray-200"[39m
          [33mdata-testid[39m=[32m"modal-header"[39m
        [36m>[39m
          [36m<div[39m
            [33mclass[39m=[32m"flex items-center gap-3"[39m
          [36m>[39m
            [36m<h2[39m
              [33mclass[39m=[32m"text-xl font-semibold text-gray-900"[39m
            [36m>[39m
              [0mImage Details[0m
            [36m</h2>[39m
            [36m<div[39m
              [33mclass[39m=[32m"inline-flex items-center"[39m
            [36m>[39m
              [36m<span[39m
                [33mclass[39m=[32m"inline-flex items-center gap-1 px-2 py-1 rounded-full text-sm font-medium border bg-red-100 text-red-800 border-red-200"[39m
              [36m>[39m
                [36m<svg[39m
                  [33maria-hidden[39m=[32m"true"[39m
                  [33mclass[39m=[32m"w-4 h-4"[39m
                  [33mfill[39m=[32m"none"[39m
                  [33mstroke[39m=[32m"currentColor"[39m
                  [33mviewBox[39m=[32m"0 0 24 24"[39m
                [36m>[39m
                  [36m<path[39m
                    [33md[39m=[32m"M12 9v4m0 4h.01M10.29 3.86L1.82 18a2 2 0 001.71 3h16.94a2 2 0 001.71-3L13.71 3.86a2 2 0 00-3.42 0z"[39m
                    [33mstroke-linecap[39m=[32m"round"[39m
                    [33mstroke-linejoin[39m=[32m"round"[39m
                    [33mstroke-width[39m=[32m"2"[39m
                  [36m/>[39m
                [36m</svg>[39m
                [0mQC Failed[0m
              [36m</span>[39m
            [36m</div>[39m
          [36m</div>[39m
          [36m<div[39m
            [33mclass[39m=[32m"flex items-center gap-2"[39m
          [36m>[39m
            [36m<button[39m
              [33mclass[39m=[32m"review-modal-button bg-green-600 text-white hover:bg-green-700"[39m
              [33mtitle[39m=[32m"Approve image (move to success)"[39m
            [36m>[39m
              [36m<svg[39m
                [33mclass[39m=[32m"w-4 h-4"[39m
                [33mfill[39m=[32m"none"[39m
                [33mstroke[39m=[32m"currentColor"[39m
                [33mviewBox[39m=[32m"0 0 24 24"[39m
              [36m>[39m
                [36m<path[39m
                  [33md[39m=[32m"M5 13l4 4L19 7"[39m
                  [33mstroke-linecap[39m=[32m"round"[39m
                  [33mstroke-linejoin[39m=[32m"round"[39m
                  [33mstroke-width[39m=[32m"2"[39m
                [36m/>[39m
              [36m</svg>[39m
              [0mApprove[0m
            [36m</button>[39m
            [36m<button[39m
              [33mclass[39m=[32m"review-modal-button bg-blue-600 text-white hover:bg-blue-700"[39m
              [33mtitle[39m=[32m"Add image to retry pool"[39m
            [36m>[39m
              [36m<svg[39m
                [33mclass[39m=[32m"w-4 h-4"[39m
                [33mfill[39m=[32m"none"[39m
                [33mstroke[39m=[32m"currentColor"[39m
                [33mstroke-linecap[39m=[32m"round"[39m
                [33mstroke-linejoin[39m=[32m"round"[39m
                [33mstroke-width[39m=[32m"2"[39m
                [33mviewBox[39m=[32m"0 0 24 24"[39m
              [36m>[39m
                [36m<path[39m
                  [33md[39m=[32m"m15 14 5-5-5-5"[39m
                [36m/>[39m
                [36m<path[39m
                  [33md[39m=[32m"M20 9H9.5A5.5 5.5 0 0 0 4 14.5 5.5 5.5 0 0 0 9.5 20H13"[39m
                [36m/>[39m
              [36m</svg>[39m
              [0mAdd to Retry[0m
            [36m</button>[39m
            [36m<button[39m
              [33mclass[39m=[32m"review-modal-button bg-red-600 text-white hover:bg-red-700"[39m
              [33mtitle[39m=[32m"Delete image permanently"[39m
            [36m>[39m
              [36m<svg[39m
                [33mclass[39m=[32m"w-4 h-4"[39m
                [33mfill[39m=[32m"none"[39m
                [33mstroke[39m=[32m"currentColor"[39m
                [33mviewBox[39m=[32m"0 0 24 24"[39m
              [36m>[39m
                [36m<path[39m
                  [33md[39m=[32m"M19 7l-.867 12.142A2 2 0 0116.138 21H7.862a2 2 0 01-1.995-1.858L5 7m5 4v6m4-6v6m1-10V4a1 1 0 00-1-1h-4a1 1 0 00-1 1v3M4 7h16"[39m
                  [33mstroke-linecap[39m=[32m"round"[39m
                  [33mstroke-linejoin[39m=[32m"round"[39m
                  [33mstroke-width[39m=[32m"2"[39m
                [36m/>[39m
              [36m</svg>[39m
              [0mDelete[0m
            [36m</button>[39m
            [36m<button[39m
              [33maria-label[39m=[32m"Image Control Info"[39m
              [33mclass[39m=[32m"px-2 py-1 text-xs bg-white hover:bg-gray-50 border border-gray-200 text-gray-700 rounded"[39m
              [33mtitle[39m=[32m"Image Control Info"[39m
              [33mtype[39m=[32m"button"[39m
            [36m>[39m
              [0mImage Control Info[0m
            [36m</button>[39m
            [36m<div[39m
              [33mclass[39m=[32m"flex items-center space-x-1"[39m
            [36m>[39m
              [36m<button[39m
                [33maria-label[39m=[32m"Previous image"[39m
                [33mclass[39m=[32m"p-2 rounded-md text-gray-600 hover:text-gray-900 hover:bg-gray-100"[39m
              [36m>[39m
                [36m<svg[39m
                  [33mclass[39m=[32m"w-5 h-5"[39m
                  [33mfill[39m=[32m"none"[39m
                  [33mstroke[39m=[32m"currentColor"[39m
                  [33mviewBox[39m=[32m"0 0 24 24"[39m
                [36m>[39m
                  [36m<path[39m
                    [33md[39m=[32m"M15 19l-7-7 7-7"[39m
                    [33mstroke-linecap[39m=[32m"round"[39m
                    [33mstroke-linejoin[39m=[32m"round"[39m
                    [33mstroke-width[39m=[32m"2"[39m
                  [36m/>[39m
                [36m</svg>[39m
              [36m</button>[39m
              [36m<button[39m
                [33maria-label[39m=[32m"Next image"[39m
                [33mclass[39m=[32m"p-2 rounded-md text-gray-600 hover:text-gray-900 hover:bg-gray-100"[39m
              [36m>[39m
                [36m<svg[39m
                  [33mclass[39m=[32m"w-5 h-5"[39m
                  [33mfill[39m=[32m"none"[39m
           ...
 ❯ Object.getElementError node_modules/@testing-library/dom/dist/config.js:37:19
 ❯ node_modules/@testing-library/dom/dist/query-helpers.js:76:38
 ❯ node_modules/@testing-library/dom/dist/query-helpers.js:52:17
 ❯ node_modules/@testing-library/dom/dist/query-helpers.js:95:19
 ❯ src/renderer/components/Dashboard/__tests__/FailedImageReviewModal.test.tsx:393:21
    391|       );
    392| 
    393|       expect(screen.getByText('Processing Settings')).toBeInTheDocumen…
       |                     ^
    394|     });
    395| 

⎯⎯⎯⎯⎯⎯⎯⎯⎯⎯⎯⎯⎯⎯⎯⎯⎯⎯⎯⎯[135/254]⎯

 FAIL  src/renderer/components/Dashboard/__tests__/FailedImageReviewModal.test.tsx > FailedImageReviewModal > Processing Settings Section > shows image enhancement settings
TestingLibraryElementError: Unable to find an element with the text: Enhancement:. This could be because the text is broken up by multiple elements. In this case, you can provide a function for your text matcher to make your matcher more flexible.

Ignored nodes: comments, script, style
[36m<body>[39m
  [36m<div>[39m
    [36m<div[39m
      [33mclass[39m=[32m"fixed inset-0 bg-black bg-opacity-50 flex items-center justify-center z-50 p-4 overflow-hidden"[39m
      [33mdata-testid[39m=[32m"failed-image-review-modal"[39m
    [36m>[39m
      [36m<div[39m
        [33mclass[39m=[32m"relative bg-white rounded-lg shadow-xl max-w-6xl w-full max-h-[90vh] overflow-hidden"[39m
      [36m>[39m
        [36m<div[39m
          [33mclass[39m=[32m"flex items-center justify-between p-4 border-b border-gray-200"[39m
          [33mdata-testid[39m=[32m"modal-header"[39m
        [36m>[39m
          [36m<div[39m
            [33mclass[39m=[32m"flex items-center gap-3"[39m
          [36m>[39m
            [36m<h2[39m
              [33mclass[39m=[32m"text-xl font-semibold text-gray-900"[39m
            [36m>[39m
              [0mImage Details[0m
            [36m</h2>[39m
            [36m<div[39m
              [33mclass[39m=[32m"inline-flex items-center"[39m
            [36m>[39m
              [36m<span[39m
                [33mclass[39m=[32m"inline-flex items-center gap-1 px-2 py-1 rounded-full text-sm font-medium border bg-red-100 text-red-800 border-red-200"[39m
              [36m>[39m
                [36m<svg[39m
                  [33maria-hidden[39m=[32m"true"[39m
                  [33mclass[39m=[32m"w-4 h-4"[39m
                  [33mfill[39m=[32m"none"[39m
                  [33mstroke[39m=[32m"currentColor"[39m
                  [33mviewBox[39m=[32m"0 0 24 24"[39m
                [36m>[39m
                  [36m<path[39m
                    [33md[39m=[32m"M12 9v4m0 4h.01M10.29 3.86L1.82 18a2 2 0 001.71 3h16.94a2 2 0 001.71-3L13.71 3.86a2 2 0 00-3.42 0z"[39m
                    [33mstroke-linecap[39m=[32m"round"[39m
                    [33mstroke-linejoin[39m=[32m"round"[39m
                    [33mstroke-width[39m=[32m"2"[39m
                  [36m/>[39m
                [36m</svg>[39m
                [0mQC Failed[0m
              [36m</span>[39m
            [36m</div>[39m
          [36m</div>[39m
          [36m<div[39m
            [33mclass[39m=[32m"flex items-center gap-2"[39m
          [36m>[39m
            [36m<button[39m
              [33mclass[39m=[32m"review-modal-button bg-green-600 text-white hover:bg-green-700"[39m
              [33mtitle[39m=[32m"Approve image (move to success)"[39m
            [36m>[39m
              [36m<svg[39m
                [33mclass[39m=[32m"w-4 h-4"[39m
                [33mfill[39m=[32m"none"[39m
                [33mstroke[39m=[32m"currentColor"[39m
                [33mviewBox[39m=[32m"0 0 24 24"[39m
              [36m>[39m
                [36m<path[39m
                  [33md[39m=[32m"M5 13l4 4L19 7"[39m
                  [33mstroke-linecap[39m=[32m"round"[39m
                  [33mstroke-linejoin[39m=[32m"round"[39m
                  [33mstroke-width[39m=[32m"2"[39m
                [36m/>[39m
              [36m</svg>[39m
              [0mApprove[0m
            [36m</button>[39m
            [36m<button[39m
              [33mclass[39m=[32m"review-modal-button bg-blue-600 text-white hover:bg-blue-700"[39m
              [33mtitle[39m=[32m"Add image to retry pool"[39m
            [36m>[39m
              [36m<svg[39m
                [33mclass[39m=[32m"w-4 h-4"[39m
                [33mfill[39m=[32m"none"[39m
                [33mstroke[39m=[32m"currentColor"[39m
                [33mstroke-linecap[39m=[32m"round"[39m
                [33mstroke-linejoin[39m=[32m"round"[39m
                [33mstroke-width[39m=[32m"2"[39m
                [33mviewBox[39m=[32m"0 0 24 24"[39m
              [36m>[39m
                [36m<path[39m
                  [33md[39m=[32m"m15 14 5-5-5-5"[39m
                [36m/>[39m
                [36m<path[39m
                  [33md[39m=[32m"M20 9H9.5A5.5 5.5 0 0 0 4 14.5 5.5 5.5 0 0 0 9.5 20H13"[39m
                [36m/>[39m
              [36m</svg>[39m
              [0mAdd to Retry[0m
            [36m</button>[39m
            [36m<button[39m
              [33mclass[39m=[32m"review-modal-button bg-red-600 text-white hover:bg-red-700"[39m
              [33mtitle[39m=[32m"Delete image permanently"[39m
            [36m>[39m
              [36m<svg[39m
                [33mclass[39m=[32m"w-4 h-4"[39m
                [33mfill[39m=[32m"none"[39m
                [33mstroke[39m=[32m"currentColor"[39m
                [33mviewBox[39m=[32m"0 0 24 24"[39m
              [36m>[39m
                [36m<path[39m
                  [33md[39m=[32m"M19 7l-.867 12.142A2 2 0 0116.138 21H7.862a2 2 0 01-1.995-1.858L5 7m5 4v6m4-6v6m1-10V4a1 1 0 00-1-1h-4a1 1 0 00-1 1v3M4 7h16"[39m
                  [33mstroke-linecap[39m=[32m"round"[39m
                  [33mstroke-linejoin[39m=[32m"round"[39m
                  [33mstroke-width[39m=[32m"2"[39m
                [36m/>[39m
              [36m</svg>[39m
              [0mDelete[0m
            [36m</button>[39m
            [36m<button[39m
              [33maria-label[39m=[32m"Image Control Info"[39m
              [33mclass[39m=[32m"px-2 py-1 text-xs bg-white hover:bg-gray-50 border border-gray-200 text-gray-700 rounded"[39m
              [33mtitle[39m=[32m"Image Control Info"[39m
              [33mtype[39m=[32m"button"[39m
            [36m>[39m
              [0mImage Control Info[0m
            [36m</button>[39m
            [36m<div[39m
              [33mclass[39m=[32m"flex items-center space-x-1"[39m
            [36m>[39m
              [36m<button[39m
                [33maria-label[39m=[32m"Previous image"[39m
                [33mclass[39m=[32m"p-2 rounded-md text-gray-600 hover:text-gray-900 hover:bg-gray-100"[39m
              [36m>[39m
                [36m<svg[39m
                  [33mclass[39m=[32m"w-5 h-5"[39m
                  [33mfill[39m=[32m"none"[39m
                  [33mstroke[39m=[32m"currentColor"[39m
                  [33mviewBox[39m=[32m"0 0 24 24"[39m
                [36m>[39m
                  [36m<path[39m
                    [33md[39m=[32m"M15 19l-7-7 7-7"[39m
                    [33mstroke-linecap[39m=[32m"round"[39m
                    [33mstroke-linejoin[39m=[32m"round"[39m
                    [33mstroke-width[39m=[32m"2"[39m
                  [36m/>[39m
                [36m</svg>[39m
              [36m</button>[39m
              [36m<button[39m
                [33maria-label[39m=[32m"Next image"[39m
                [33mclass[39m=[32m"p-2 rounded-md text-gray-600 hover:text-gray-900 hover:bg-gray-100"[39m
              [36m>[39m
                [36m<svg[39m
                  [33mclass[39m=[32m"w-5 h-5"[39m
                  [33mfill[39m=[32m"none"[39m
           ...
 ❯ Object.getElementError node_modules/@testing-library/dom/dist/config.js:37:19
 ❯ node_modules/@testing-library/dom/dist/query-helpers.js:76:38
 ❯ node_modules/@testing-library/dom/dist/query-helpers.js:52:17
 ❯ node_modules/@testing-library/dom/dist/query-helpers.js:95:19
 ❯ src/renderer/components/Dashboard/__tests__/FailedImageReviewModal.test.tsx:406:21
    404|       );
    405| 
    406|       expect(screen.getByText('Enhancement:')).toBeInTheDocument();
       |                     ^
    407|       // multiple Yes values present; ensure at least one exists
    408|       expect(screen.getAllByText('Yes').length).toBeGreaterThan(0);

⎯⎯⎯⎯⎯⎯⎯⎯⎯⎯⎯⎯⎯⎯⎯⎯⎯⎯⎯⎯[136/254]⎯

 FAIL  src/renderer/components/Dashboard/__tests__/FailedImageReviewModal.test.tsx > FailedImageReviewModal > Processing Settings Section > displays processing settings grid
TestingLibraryElementError: Unable to find an element with the text: Processing Settings. This could be because the text is broken up by multiple elements. In this case, you can provide a function for your text matcher to make your matcher more flexible.

Ignored nodes: comments, script, style
[36m<body>[39m
  [36m<div>[39m
    [36m<div[39m
      [33mclass[39m=[32m"fixed inset-0 bg-black bg-opacity-50 flex items-center justify-center z-50 p-4 overflow-hidden"[39m
      [33mdata-testid[39m=[32m"failed-image-review-modal"[39m
    [36m>[39m
      [36m<div[39m
        [33mclass[39m=[32m"relative bg-white rounded-lg shadow-xl max-w-6xl w-full max-h-[90vh] overflow-hidden"[39m
      [36m>[39m
        [36m<div[39m
          [33mclass[39m=[32m"flex items-center justify-between p-4 border-b border-gray-200"[39m
          [33mdata-testid[39m=[32m"modal-header"[39m
        [36m>[39m
          [36m<div[39m
            [33mclass[39m=[32m"flex items-center gap-3"[39m
          [36m>[39m
            [36m<h2[39m
              [33mclass[39m=[32m"text-xl font-semibold text-gray-900"[39m
            [36m>[39m
              [0mImage Details[0m
            [36m</h2>[39m
            [36m<div[39m
              [33mclass[39m=[32m"inline-flex items-center"[39m
            [36m>[39m
              [36m<span[39m
                [33mclass[39m=[32m"inline-flex items-center gap-1 px-2 py-1 rounded-full text-sm font-medium border bg-red-100 text-red-800 border-red-200"[39m
              [36m>[39m
                [36m<svg[39m
                  [33maria-hidden[39m=[32m"true"[39m
                  [33mclass[39m=[32m"w-4 h-4"[39m
                  [33mfill[39m=[32m"none"[39m
                  [33mstroke[39m=[32m"currentColor"[39m
                  [33mviewBox[39m=[32m"0 0 24 24"[39m
                [36m>[39m
                  [36m<path[39m
                    [33md[39m=[32m"M12 9v4m0 4h.01M10.29 3.86L1.82 18a2 2 0 001.71 3h16.94a2 2 0 001.71-3L13.71 3.86a2 2 0 00-3.42 0z"[39m
                    [33mstroke-linecap[39m=[32m"round"[39m
                    [33mstroke-linejoin[39m=[32m"round"[39m
                    [33mstroke-width[39m=[32m"2"[39m
                  [36m/>[39m
                [36m</svg>[39m
                [0mQC Failed[0m
              [36m</span>[39m
            [36m</div>[39m
          [36m</div>[39m
          [36m<div[39m
            [33mclass[39m=[32m"flex items-center gap-2"[39m
          [36m>[39m
            [36m<button[39m
              [33mclass[39m=[32m"review-modal-button bg-green-600 text-white hover:bg-green-700"[39m
              [33mtitle[39m=[32m"Approve image (move to success)"[39m
            [36m>[39m
              [36m<svg[39m
                [33mclass[39m=[32m"w-4 h-4"[39m
                [33mfill[39m=[32m"none"[39m
                [33mstroke[39m=[32m"currentColor"[39m
                [33mviewBox[39m=[32m"0 0 24 24"[39m
              [36m>[39m
                [36m<path[39m
                  [33md[39m=[32m"M5 13l4 4L19 7"[39m
                  [33mstroke-linecap[39m=[32m"round"[39m
                  [33mstroke-linejoin[39m=[32m"round"[39m
                  [33mstroke-width[39m=[32m"2"[39m
                [36m/>[39m
              [36m</svg>[39m
              [0mApprove[0m
            [36m</button>[39m
            [36m<button[39m
              [33mclass[39m=[32m"review-modal-button bg-blue-600 text-white hover:bg-blue-700"[39m
              [33mtitle[39m=[32m"Add image to retry pool"[39m
            [36m>[39m
              [36m<svg[39m
                [33mclass[39m=[32m"w-4 h-4"[39m
                [33mfill[39m=[32m"none"[39m
                [33mstroke[39m=[32m"currentColor"[39m
                [33mstroke-linecap[39m=[32m"round"[39m
                [33mstroke-linejoin[39m=[32m"round"[39m
                [33mstroke-width[39m=[32m"2"[39m
                [33mviewBox[39m=[32m"0 0 24 24"[39m
              [36m>[39m
                [36m<path[39m
                  [33md[39m=[32m"m15 14 5-5-5-5"[39m
                [36m/>[39m
                [36m<path[39m
                  [33md[39m=[32m"M20 9H9.5A5.5 5.5 0 0 0 4 14.5 5.5 5.5 0 0 0 9.5 20H13"[39m
                [36m/>[39m
              [36m</svg>[39m
              [0mAdd to Retry[0m
            [36m</button>[39m
            [36m<button[39m
              [33mclass[39m=[32m"review-modal-button bg-red-600 text-white hover:bg-red-700"[39m
              [33mtitle[39m=[32m"Delete image permanently"[39m
            [36m>[39m
              [36m<svg[39m
                [33mclass[39m=[32m"w-4 h-4"[39m
                [33mfill[39m=[32m"none"[39m
                [33mstroke[39m=[32m"currentColor"[39m
                [33mviewBox[39m=[32m"0 0 24 24"[39m
              [36m>[39m
                [36m<path[39m
                  [33md[39m=[32m"M19 7l-.867 12.142A2 2 0 0116.138 21H7.862a2 2 0 01-1.995-1.858L5 7m5 4v6m4-6v6m1-10V4a1 1 0 00-1-1h-4a1 1 0 00-1 1v3M4 7h16"[39m
                  [33mstroke-linecap[39m=[32m"round"[39m
                  [33mstroke-linejoin[39m=[32m"round"[39m
                  [33mstroke-width[39m=[32m"2"[39m
                [36m/>[39m
              [36m</svg>[39m
              [0mDelete[0m
            [36m</button>[39m
            [36m<button[39m
              [33maria-label[39m=[32m"Image Control Info"[39m
              [33mclass[39m=[32m"px-2 py-1 text-xs bg-white hover:bg-gray-50 border border-gray-200 text-gray-700 rounded"[39m
              [33mtitle[39m=[32m"Image Control Info"[39m
              [33mtype[39m=[32m"button"[39m
            [36m>[39m
              [0mImage Control Info[0m
            [36m</button>[39m
            [36m<div[39m
              [33mclass[39m=[32m"flex items-center space-x-1"[39m
            [36m>[39m
              [36m<button[39m
                [33maria-label[39m=[32m"Previous image"[39m
                [33mclass[39m=[32m"p-2 rounded-md text-gray-600 hover:text-gray-900 hover:bg-gray-100"[39m
              [36m>[39m
                [36m<svg[39m
                  [33mclass[39m=[32m"w-5 h-5"[39m
                  [33mfill[39m=[32m"none"[39m
                  [33mstroke[39m=[32m"currentColor"[39m
                  [33mviewBox[39m=[32m"0 0 24 24"[39m
                [36m>[39m
                  [36m<path[39m
                    [33md[39m=[32m"M15 19l-7-7 7-7"[39m
                    [33mstroke-linecap[39m=[32m"round"[39m
                    [33mstroke-linejoin[39m=[32m"round"[39m
                    [33mstroke-width[39m=[32m"2"[39m
                  [36m/>[39m
                [36m</svg>[39m
              [36m</button>[39m
              [36m<button[39m
                [33maria-label[39m=[32m"Next image"[39m
                [33mclass[39m=[32m"p-2 rounded-md text-gray-600 hover:text-gray-900 hover:bg-gray-100"[39m
              [36m>[39m
                [36m<svg[39m
                  [33mclass[39m=[32m"w-5 h-5"[39m
                  [33mfill[39m=[32m"none"[39m
           ...
 ❯ Object.getElementError node_modules/@testing-library/dom/dist/config.js:37:19
 ❯ node_modules/@testing-library/dom/dist/query-helpers.js:76:38
 ❯ node_modules/@testing-library/dom/dist/query-helpers.js:52:17
 ❯ node_modules/@testing-library/dom/dist/query-helpers.js:95:19
 ❯ src/renderer/components/Dashboard/__tests__/FailedImageReviewModal.test.tsx:425:21
    423|       );
    424| 
    425|       expect(screen.getByText('Processing Settings')).toBeInTheDocumen…
       |                     ^
    426|       // At minimum, ensure Remove BG setting is shown
    427|       expect(screen.getByText('Remove BG:')).toBeInTheDocument();

⎯⎯⎯⎯⎯⎯⎯⎯⎯⎯⎯⎯⎯⎯⎯⎯⎯⎯⎯⎯[137/254]⎯

 FAIL  src/renderer/components/Dashboard/__tests__/FailedImageReviewModal.test.tsx > FailedImageReviewModal > Processing Settings Section > shows background processing settings
TestingLibraryElementError: Unable to find an element with the text: Remove BG:. This could be because the text is broken up by multiple elements. In this case, you can provide a function for your text matcher to make your matcher more flexible.

Ignored nodes: comments, script, style
[36m<body>[39m
  [36m<div>[39m
    [36m<div[39m
      [33mclass[39m=[32m"fixed inset-0 bg-black bg-opacity-50 flex items-center justify-center z-50 p-4 overflow-hidden"[39m
      [33mdata-testid[39m=[32m"failed-image-review-modal"[39m
    [36m>[39m
      [36m<div[39m
        [33mclass[39m=[32m"relative bg-white rounded-lg shadow-xl max-w-6xl w-full max-h-[90vh] overflow-hidden"[39m
      [36m>[39m
        [36m<div[39m
          [33mclass[39m=[32m"flex items-center justify-between p-4 border-b border-gray-200"[39m
          [33mdata-testid[39m=[32m"modal-header"[39m
        [36m>[39m
          [36m<div[39m
            [33mclass[39m=[32m"flex items-center gap-3"[39m
          [36m>[39m
            [36m<h2[39m
              [33mclass[39m=[32m"text-xl font-semibold text-gray-900"[39m
            [36m>[39m
              [0mImage Details[0m
            [36m</h2>[39m
            [36m<div[39m
              [33mclass[39m=[32m"inline-flex items-center"[39m
            [36m>[39m
              [36m<span[39m
                [33mclass[39m=[32m"inline-flex items-center gap-1 px-2 py-1 rounded-full text-sm font-medium border bg-red-100 text-red-800 border-red-200"[39m
              [36m>[39m
                [36m<svg[39m
                  [33maria-hidden[39m=[32m"true"[39m
                  [33mclass[39m=[32m"w-4 h-4"[39m
                  [33mfill[39m=[32m"none"[39m
                  [33mstroke[39m=[32m"currentColor"[39m
                  [33mviewBox[39m=[32m"0 0 24 24"[39m
                [36m>[39m
                  [36m<path[39m
                    [33md[39m=[32m"M12 9v4m0 4h.01M10.29 3.86L1.82 18a2 2 0 001.71 3h16.94a2 2 0 001.71-3L13.71 3.86a2 2 0 00-3.42 0z"[39m
                    [33mstroke-linecap[39m=[32m"round"[39m
                    [33mstroke-linejoin[39m=[32m"round"[39m
                    [33mstroke-width[39m=[32m"2"[39m
                  [36m/>[39m
                [36m</svg>[39m
                [0mQC Failed[0m
              [36m</span>[39m
            [36m</div>[39m
          [36m</div>[39m
          [36m<div[39m
            [33mclass[39m=[32m"flex items-center gap-2"[39m
          [36m>[39m
            [36m<button[39m
              [33mclass[39m=[32m"review-modal-button bg-green-600 text-white hover:bg-green-700"[39m
              [33mtitle[39m=[32m"Approve image (move to success)"[39m
            [36m>[39m
              [36m<svg[39m
                [33mclass[39m=[32m"w-4 h-4"[39m
                [33mfill[39m=[32m"none"[39m
                [33mstroke[39m=[32m"currentColor"[39m
                [33mviewBox[39m=[32m"0 0 24 24"[39m
              [36m>[39m
                [36m<path[39m
                  [33md[39m=[32m"M5 13l4 4L19 7"[39m
                  [33mstroke-linecap[39m=[32m"round"[39m
                  [33mstroke-linejoin[39m=[32m"round"[39m
                  [33mstroke-width[39m=[32m"2"[39m
                [36m/>[39m
              [36m</svg>[39m
              [0mApprove[0m
            [36m</button>[39m
            [36m<button[39m
              [33mclass[39m=[32m"review-modal-button bg-blue-600 text-white hover:bg-blue-700"[39m
              [33mtitle[39m=[32m"Add image to retry pool"[39m
            [36m>[39m
              [36m<svg[39m
                [33mclass[39m=[32m"w-4 h-4"[39m
                [33mfill[39m=[32m"none"[39m
                [33mstroke[39m=[32m"currentColor"[39m
                [33mstroke-linecap[39m=[32m"round"[39m
                [33mstroke-linejoin[39m=[32m"round"[39m
                [33mstroke-width[39m=[32m"2"[39m
                [33mviewBox[39m=[32m"0 0 24 24"[39m
              [36m>[39m
                [36m<path[39m
                  [33md[39m=[32m"m15 14 5-5-5-5"[39m
                [36m/>[39m
                [36m<path[39m
                  [33md[39m=[32m"M20 9H9.5A5.5 5.5 0 0 0 4 14.5 5.5 5.5 0 0 0 9.5 20H13"[39m
                [36m/>[39m
              [36m</svg>[39m
              [0mAdd to Retry[0m
            [36m</button>[39m
            [36m<button[39m
              [33mclass[39m=[32m"review-modal-button bg-red-600 text-white hover:bg-red-700"[39m
              [33mtitle[39m=[32m"Delete image permanently"[39m
            [36m>[39m
              [36m<svg[39m
                [33mclass[39m=[32m"w-4 h-4"[39m
                [33mfill[39m=[32m"none"[39m
                [33mstroke[39m=[32m"currentColor"[39m
                [33mviewBox[39m=[32m"0 0 24 24"[39m
              [36m>[39m
                [36m<path[39m
                  [33md[39m=[32m"M19 7l-.867 12.142A2 2 0 0116.138 21H7.862a2 2 0 01-1.995-1.858L5 7m5 4v6m4-6v6m1-10V4a1 1 0 00-1-1h-4a1 1 0 00-1 1v3M4 7h16"[39m
                  [33mstroke-linecap[39m=[32m"round"[39m
                  [33mstroke-linejoin[39m=[32m"round"[39m
                  [33mstroke-width[39m=[32m"2"[39m
                [36m/>[39m
              [36m</svg>[39m
              [0mDelete[0m
            [36m</button>[39m
            [36m<button[39m
              [33maria-label[39m=[32m"Image Control Info"[39m
              [33mclass[39m=[32m"px-2 py-1 text-xs bg-white hover:bg-gray-50 border border-gray-200 text-gray-700 rounded"[39m
              [33mtitle[39m=[32m"Image Control Info"[39m
              [33mtype[39m=[32m"button"[39m
            [36m>[39m
              [0mImage Control Info[0m
            [36m</button>[39m
            [36m<div[39m
              [33mclass[39m=[32m"flex items-center space-x-1"[39m
            [36m>[39m
              [36m<button[39m
                [33maria-label[39m=[32m"Previous image"[39m
                [33mclass[39m=[32m"p-2 rounded-md text-gray-600 hover:text-gray-900 hover:bg-gray-100"[39m
              [36m>[39m
                [36m<svg[39m
                  [33mclass[39m=[32m"w-5 h-5"[39m
                  [33mfill[39m=[32m"none"[39m
                  [33mstroke[39m=[32m"currentColor"[39m
                  [33mviewBox[39m=[32m"0 0 24 24"[39m
                [36m>[39m
                  [36m<path[39m
                    [33md[39m=[32m"M15 19l-7-7 7-7"[39m
                    [33mstroke-linecap[39m=[32m"round"[39m
                    [33mstroke-linejoin[39m=[32m"round"[39m
                    [33mstroke-width[39m=[32m"2"[39m
                  [36m/>[39m
                [36m</svg>[39m
              [36m</button>[39m
              [36m<button[39m
                [33maria-label[39m=[32m"Next image"[39m
                [33mclass[39m=[32m"p-2 rounded-md text-gray-600 hover:text-gray-900 hover:bg-gray-100"[39m
              [36m>[39m
                [36m<svg[39m
                  [33mclass[39m=[32m"w-5 h-5"[39m
                  [33mfill[39m=[32m"none"[39m
           ...
 ❯ Object.getElementError node_modules/@testing-library/dom/dist/config.js:37:19
 ❯ node_modules/@testing-library/dom/dist/query-helpers.js:76:38
 ❯ node_modules/@testing-library/dom/dist/query-helpers.js:52:17
 ❯ node_modules/@testing-library/dom/dist/query-helpers.js:95:19
 ❯ src/renderer/components/Dashboard/__tests__/FailedImageReviewModal.test.tsx:440:21
    438|       );
    439| 
    440|       expect(screen.getByText('Remove BG:')).toBeInTheDocument();
       |                     ^
    441|       expect(screen.getAllByText('Yes').length).toBeGreaterThan(0);
    442|     });

⎯⎯⎯⎯⎯⎯⎯⎯⎯⎯⎯⎯⎯⎯⎯⎯⎯⎯⎯⎯[138/254]⎯

 FAIL  src/renderer/components/Dashboard/__tests__/FailedImageReviewModal.test.tsx > FailedImageReviewModal > Action Buttons > renders all action buttons in footer
TestingLibraryElementError: Unable to find an element with the text: Approve Image. This could be because the text is broken up by multiple elements. In this case, you can provide a function for your text matcher to make your matcher more flexible.

Ignored nodes: comments, script, style
[36m<body>[39m
  [36m<div>[39m
    [36m<div[39m
      [33mclass[39m=[32m"fixed inset-0 bg-black bg-opacity-50 flex items-center justify-center z-50 p-4 overflow-hidden"[39m
      [33mdata-testid[39m=[32m"failed-image-review-modal"[39m
    [36m>[39m
      [36m<div[39m
        [33mclass[39m=[32m"relative bg-white rounded-lg shadow-xl max-w-6xl w-full max-h-[90vh] overflow-hidden"[39m
      [36m>[39m
        [36m<div[39m
          [33mclass[39m=[32m"flex items-center justify-between p-4 border-b border-gray-200"[39m
          [33mdata-testid[39m=[32m"modal-header"[39m
        [36m>[39m
          [36m<div[39m
            [33mclass[39m=[32m"flex items-center gap-3"[39m
          [36m>[39m
            [36m<h2[39m
              [33mclass[39m=[32m"text-xl font-semibold text-gray-900"[39m
            [36m>[39m
              [0mImage Details[0m
            [36m</h2>[39m
            [36m<div[39m
              [33mclass[39m=[32m"inline-flex items-center"[39m
            [36m>[39m
              [36m<span[39m
                [33mclass[39m=[32m"inline-flex items-center gap-1 px-2 py-1 rounded-full text-sm font-medium border bg-red-100 text-red-800 border-red-200"[39m
              [36m>[39m
                [36m<svg[39m
                  [33maria-hidden[39m=[32m"true"[39m
                  [33mclass[39m=[32m"w-4 h-4"[39m
                  [33mfill[39m=[32m"none"[39m
                  [33mstroke[39m=[32m"currentColor"[39m
                  [33mviewBox[39m=[32m"0 0 24 24"[39m
                [36m>[39m
                  [36m<path[39m
                    [33md[39m=[32m"M12 9v4m0 4h.01M10.29 3.86L1.82 18a2 2 0 001.71 3h16.94a2 2 0 001.71-3L13.71 3.86a2 2 0 00-3.42 0z"[39m
                    [33mstroke-linecap[39m=[32m"round"[39m
                    [33mstroke-linejoin[39m=[32m"round"[39m
                    [33mstroke-width[39m=[32m"2"[39m
                  [36m/>[39m
                [36m</svg>[39m
                [0mQC Failed[0m
              [36m</span>[39m
            [36m</div>[39m
          [36m</div>[39m
          [36m<div[39m
            [33mclass[39m=[32m"flex items-center gap-2"[39m
          [36m>[39m
            [36m<button[39m
              [33mclass[39m=[32m"review-modal-button bg-green-600 text-white hover:bg-green-700"[39m
              [33mtitle[39m=[32m"Approve image (move to success)"[39m
            [36m>[39m
              [36m<svg[39m
                [33mclass[39m=[32m"w-4 h-4"[39m
                [33mfill[39m=[32m"none"[39m
                [33mstroke[39m=[32m"currentColor"[39m
                [33mviewBox[39m=[32m"0 0 24 24"[39m
              [36m>[39m
                [36m<path[39m
                  [33md[39m=[32m"M5 13l4 4L19 7"[39m
                  [33mstroke-linecap[39m=[32m"round"[39m
                  [33mstroke-linejoin[39m=[32m"round"[39m
                  [33mstroke-width[39m=[32m"2"[39m
                [36m/>[39m
              [36m</svg>[39m
              [0mApprove[0m
            [36m</button>[39m
            [36m<button[39m
              [33mclass[39m=[32m"review-modal-button bg-blue-600 text-white hover:bg-blue-700"[39m
              [33mtitle[39m=[32m"Add image to retry pool"[39m
            [36m>[39m
              [36m<svg[39m
                [33mclass[39m=[32m"w-4 h-4"[39m
                [33mfill[39m=[32m"none"[39m
                [33mstroke[39m=[32m"currentColor"[39m
                [33mstroke-linecap[39m=[32m"round"[39m
                [33mstroke-linejoin[39m=[32m"round"[39m
                [33mstroke-width[39m=[32m"2"[39m
                [33mviewBox[39m=[32m"0 0 24 24"[39m
              [36m>[39m
                [36m<path[39m
                  [33md[39m=[32m"m15 14 5-5-5-5"[39m
                [36m/>[39m
                [36m<path[39m
                  [33md[39m=[32m"M20 9H9.5A5.5 5.5 0 0 0 4 14.5 5.5 5.5 0 0 0 9.5 20H13"[39m
                [36m/>[39m
              [36m</svg>[39m
              [0mAdd to Retry[0m
            [36m</button>[39m
            [36m<button[39m
              [33mclass[39m=[32m"review-modal-button bg-red-600 text-white hover:bg-red-700"[39m
              [33mtitle[39m=[32m"Delete image permanently"[39m
            [36m>[39m
              [36m<svg[39m
                [33mclass[39m=[32m"w-4 h-4"[39m
                [33mfill[39m=[32m"none"[39m
                [33mstroke[39m=[32m"currentColor"[39m
                [33mviewBox[39m=[32m"0 0 24 24"[39m
              [36m>[39m
                [36m<path[39m
                  [33md[39m=[32m"M19 7l-.867 12.142A2 2 0 0116.138 21H7.862a2 2 0 01-1.995-1.858L5 7m5 4v6m4-6v6m1-10V4a1 1 0 00-1-1h-4a1 1 0 00-1 1v3M4 7h16"[39m
                  [33mstroke-linecap[39m=[32m"round"[39m
                  [33mstroke-linejoin[39m=[32m"round"[39m
                  [33mstroke-width[39m=[32m"2"[39m
                [36m/>[39m
              [36m</svg>[39m
              [0mDelete[0m
            [36m</button>[39m
            [36m<button[39m
              [33maria-label[39m=[32m"Image Control Info"[39m
              [33mclass[39m=[32m"px-2 py-1 text-xs bg-white hover:bg-gray-50 border border-gray-200 text-gray-700 rounded"[39m
              [33mtitle[39m=[32m"Image Control Info"[39m
              [33mtype[39m=[32m"button"[39m
            [36m>[39m
              [0mImage Control Info[0m
            [36m</button>[39m
            [36m<div[39m
              [33mclass[39m=[32m"flex items-center space-x-1"[39m
            [36m>[39m
              [36m<button[39m
                [33maria-label[39m=[32m"Previous image"[39m
                [33mclass[39m=[32m"p-2 rounded-md text-gray-600 hover:text-gray-900 hover:bg-gray-100"[39m
              [36m>[39m
                [36m<svg[39m
                  [33mclass[39m=[32m"w-5 h-5"[39m
                  [33mfill[39m=[32m"none"[39m
                  [33mstroke[39m=[32m"currentColor"[39m
                  [33mviewBox[39m=[32m"0 0 24 24"[39m
                [36m>[39m
                  [36m<path[39m
                    [33md[39m=[32m"M15 19l-7-7 7-7"[39m
                    [33mstroke-linecap[39m=[32m"round"[39m
                    [33mstroke-linejoin[39m=[32m"round"[39m
                    [33mstroke-width[39m=[32m"2"[39m
                  [36m/>[39m
                [36m</svg>[39m
              [36m</button>[39m
              [36m<button[39m
                [33maria-label[39m=[32m"Next image"[39m
                [33mclass[39m=[32m"p-2 rounded-md text-gray-600 hover:text-gray-900 hover:bg-gray-100"[39m
              [36m>[39m
                [36m<svg[39m
                  [33mclass[39m=[32m"w-5 h-5"[39m
                  [33mfill[39m=[32m"none"[39m
           ...
 ❯ Object.getElementError node_modules/@testing-library/dom/dist/config.js:37:19
 ❯ node_modules/@testing-library/dom/dist/query-helpers.js:76:38
 ❯ node_modules/@testing-library/dom/dist/query-helpers.js:52:17
 ❯ node_modules/@testing-library/dom/dist/query-helpers.js:95:19
 ❯ src/renderer/components/Dashboard/__tests__/FailedImageReviewModal.test.tsx:471:21
    469|       );
    470| 
    471|       expect(screen.getByText('Approve Image')).toBeInTheDocument();
       |                     ^
    472|       expect(screen.getByText('Add to Retry Pool')).toBeInTheDocument(…
    473|       expect(screen.getByText('Delete Image')).toBeInTheDocument();

⎯⎯⎯⎯⎯⎯⎯⎯⎯⎯⎯⎯⎯⎯⎯⎯⎯⎯⎯⎯[139/254]⎯

 FAIL  src/renderer/components/Dashboard/__tests__/FailedImageReviewModal.test.tsx > FailedImageReviewModal > Action Buttons > calls onAction with correct parameters for approve
TestingLibraryElementError: Unable to find an element with the text: Approve Image. This could be because the text is broken up by multiple elements. In this case, you can provide a function for your text matcher to make your matcher more flexible.

Ignored nodes: comments, script, style
[36m<body>[39m
  [36m<div>[39m
    [36m<div[39m
      [33mclass[39m=[32m"fixed inset-0 bg-black bg-opacity-50 flex items-center justify-center z-50 p-4 overflow-hidden"[39m
      [33mdata-testid[39m=[32m"failed-image-review-modal"[39m
    [36m>[39m
      [36m<div[39m
        [33mclass[39m=[32m"relative bg-white rounded-lg shadow-xl max-w-6xl w-full max-h-[90vh] overflow-hidden"[39m
      [36m>[39m
        [36m<div[39m
          [33mclass[39m=[32m"flex items-center justify-between p-4 border-b border-gray-200"[39m
          [33mdata-testid[39m=[32m"modal-header"[39m
        [36m>[39m
          [36m<div[39m
            [33mclass[39m=[32m"flex items-center gap-3"[39m
          [36m>[39m
            [36m<h2[39m
              [33mclass[39m=[32m"text-xl font-semibold text-gray-900"[39m
            [36m>[39m
              [0mImage Details[0m
            [36m</h2>[39m
            [36m<div[39m
              [33mclass[39m=[32m"inline-flex items-center"[39m
            [36m>[39m
              [36m<span[39m
                [33mclass[39m=[32m"inline-flex items-center gap-1 px-2 py-1 rounded-full text-sm font-medium border bg-red-100 text-red-800 border-red-200"[39m
              [36m>[39m
                [36m<svg[39m
                  [33maria-hidden[39m=[32m"true"[39m
                  [33mclass[39m=[32m"w-4 h-4"[39m
                  [33mfill[39m=[32m"none"[39m
                  [33mstroke[39m=[32m"currentColor"[39m
                  [33mviewBox[39m=[32m"0 0 24 24"[39m
                [36m>[39m
                  [36m<path[39m
                    [33md[39m=[32m"M12 9v4m0 4h.01M10.29 3.86L1.82 18a2 2 0 001.71 3h16.94a2 2 0 001.71-3L13.71 3.86a2 2 0 00-3.42 0z"[39m
                    [33mstroke-linecap[39m=[32m"round"[39m
                    [33mstroke-linejoin[39m=[32m"round"[39m
                    [33mstroke-width[39m=[32m"2"[39m
                  [36m/>[39m
                [36m</svg>[39m
                [0mQC Failed[0m
              [36m</span>[39m
            [36m</div>[39m
          [36m</div>[39m
          [36m<div[39m
            [33mclass[39m=[32m"flex items-center gap-2"[39m
          [36m>[39m
            [36m<button[39m
              [33mclass[39m=[32m"review-modal-button bg-green-600 text-white hover:bg-green-700"[39m
              [33mtitle[39m=[32m"Approve image (move to success)"[39m
            [36m>[39m
              [36m<svg[39m
                [33mclass[39m=[32m"w-4 h-4"[39m
                [33mfill[39m=[32m"none"[39m
                [33mstroke[39m=[32m"currentColor"[39m
                [33mviewBox[39m=[32m"0 0 24 24"[39m
              [36m>[39m
                [36m<path[39m
                  [33md[39m=[32m"M5 13l4 4L19 7"[39m
                  [33mstroke-linecap[39m=[32m"round"[39m
                  [33mstroke-linejoin[39m=[32m"round"[39m
                  [33mstroke-width[39m=[32m"2"[39m
                [36m/>[39m
              [36m</svg>[39m
              [0mApprove[0m
            [36m</button>[39m
            [36m<button[39m
              [33mclass[39m=[32m"review-modal-button bg-blue-600 text-white hover:bg-blue-700"[39m
              [33mtitle[39m=[32m"Add image to retry pool"[39m
            [36m>[39m
              [36m<svg[39m
                [33mclass[39m=[32m"w-4 h-4"[39m
                [33mfill[39m=[32m"none"[39m
                [33mstroke[39m=[32m"currentColor"[39m
                [33mstroke-linecap[39m=[32m"round"[39m
                [33mstroke-linejoin[39m=[32m"round"[39m
                [33mstroke-width[39m=[32m"2"[39m
                [33mviewBox[39m=[32m"0 0 24 24"[39m
              [36m>[39m
                [36m<path[39m
                  [33md[39m=[32m"m15 14 5-5-5-5"[39m
                [36m/>[39m
                [36m<path[39m
                  [33md[39m=[32m"M20 9H9.5A5.5 5.5 0 0 0 4 14.5 5.5 5.5 0 0 0 9.5 20H13"[39m
                [36m/>[39m
              [36m</svg>[39m
              [0mAdd to Retry[0m
            [36m</button>[39m
            [36m<button[39m
              [33mclass[39m=[32m"review-modal-button bg-red-600 text-white hover:bg-red-700"[39m
              [33mtitle[39m=[32m"Delete image permanently"[39m
            [36m>[39m
              [36m<svg[39m
                [33mclass[39m=[32m"w-4 h-4"[39m
                [33mfill[39m=[32m"none"[39m
                [33mstroke[39m=[32m"currentColor"[39m
                [33mviewBox[39m=[32m"0 0 24 24"[39m
              [36m>[39m
                [36m<path[39m
                  [33md[39m=[32m"M19 7l-.867 12.142A2 2 0 0116.138 21H7.862a2 2 0 01-1.995-1.858L5 7m5 4v6m4-6v6m1-10V4a1 1 0 00-1-1h-4a1 1 0 00-1 1v3M4 7h16"[39m
                  [33mstroke-linecap[39m=[32m"round"[39m
                  [33mstroke-linejoin[39m=[32m"round"[39m
                  [33mstroke-width[39m=[32m"2"[39m
                [36m/>[39m
              [36m</svg>[39m
              [0mDelete[0m
            [36m</button>[39m
            [36m<button[39m
              [33maria-label[39m=[32m"Image Control Info"[39m
              [33mclass[39m=[32m"px-2 py-1 text-xs bg-white hover:bg-gray-50 border border-gray-200 text-gray-700 rounded"[39m
              [33mtitle[39m=[32m"Image Control Info"[39m
              [33mtype[39m=[32m"button"[39m
            [36m>[39m
              [0mImage Control Info[0m
            [36m</button>[39m
            [36m<div[39m
              [33mclass[39m=[32m"flex items-center space-x-1"[39m
            [36m>[39m
              [36m<button[39m
                [33maria-label[39m=[32m"Previous image"[39m
                [33mclass[39m=[32m"p-2 rounded-md text-gray-600 hover:text-gray-900 hover:bg-gray-100"[39m
              [36m>[39m
                [36m<svg[39m
                  [33mclass[39m=[32m"w-5 h-5"[39m
                  [33mfill[39m=[32m"none"[39m
                  [33mstroke[39m=[32m"currentColor"[39m
                  [33mviewBox[39m=[32m"0 0 24 24"[39m
                [36m>[39m
                  [36m<path[39m
                    [33md[39m=[32m"M15 19l-7-7 7-7"[39m
                    [33mstroke-linecap[39m=[32m"round"[39m
                    [33mstroke-linejoin[39m=[32m"round"[39m
                    [33mstroke-width[39m=[32m"2"[39m
                  [36m/>[39m
                [36m</svg>[39m
              [36m</button>[39m
              [36m<button[39m
                [33maria-label[39m=[32m"Next image"[39m
                [33mclass[39m=[32m"p-2 rounded-md text-gray-600 hover:text-gray-900 hover:bg-gray-100"[39m
              [36m>[39m
                [36m<svg[39m
                  [33mclass[39m=[32m"w-5 h-5"[39m
                  [33mfill[39m=[32m"none"[39m
           ...
 ❯ Object.getElementError node_modules/@testing-library/dom/dist/config.js:37:19
 ❯ node_modules/@testing-library/dom/dist/query-helpers.js:76:38
 ❯ node_modules/@testing-library/dom/dist/query-helpers.js:52:17
 ❯ node_modules/@testing-library/dom/dist/query-helpers.js:95:19
 ❯ src/renderer/components/Dashboard/__tests__/FailedImageReviewModal.test.tsx:486:36
    484|       );
    485| 
    486|       const approveButton = screen.getByText('Approve Image');
       |                                    ^
    487|       fireEvent.click(approveButton);
    488| 

⎯⎯⎯⎯⎯⎯⎯⎯⎯⎯⎯⎯⎯⎯⎯⎯⎯⎯⎯⎯[140/254]⎯

 FAIL  src/renderer/components/Dashboard/__tests__/FailedImageReviewModal.test.tsx > FailedImageReviewModal > Action Buttons > calls onAction with correct parameters for retry
TestingLibraryElementError: Unable to find an element with the text: Add to Retry Pool. This could be because the text is broken up by multiple elements. In this case, you can provide a function for your text matcher to make your matcher more flexible.

Ignored nodes: comments, script, style
[36m<body>[39m
  [36m<div>[39m
    [36m<div[39m
      [33mclass[39m=[32m"fixed inset-0 bg-black bg-opacity-50 flex items-center justify-center z-50 p-4 overflow-hidden"[39m
      [33mdata-testid[39m=[32m"failed-image-review-modal"[39m
    [36m>[39m
      [36m<div[39m
        [33mclass[39m=[32m"relative bg-white rounded-lg shadow-xl max-w-6xl w-full max-h-[90vh] overflow-hidden"[39m
      [36m>[39m
        [36m<div[39m
          [33mclass[39m=[32m"flex items-center justify-between p-4 border-b border-gray-200"[39m
          [33mdata-testid[39m=[32m"modal-header"[39m
        [36m>[39m
          [36m<div[39m
            [33mclass[39m=[32m"flex items-center gap-3"[39m
          [36m>[39m
            [36m<h2[39m
              [33mclass[39m=[32m"text-xl font-semibold text-gray-900"[39m
            [36m>[39m
              [0mImage Details[0m
            [36m</h2>[39m
            [36m<div[39m
              [33mclass[39m=[32m"inline-flex items-center"[39m
            [36m>[39m
              [36m<span[39m
                [33mclass[39m=[32m"inline-flex items-center gap-1 px-2 py-1 rounded-full text-sm font-medium border bg-red-100 text-red-800 border-red-200"[39m
              [36m>[39m
                [36m<svg[39m
                  [33maria-hidden[39m=[32m"true"[39m
                  [33mclass[39m=[32m"w-4 h-4"[39m
                  [33mfill[39m=[32m"none"[39m
                  [33mstroke[39m=[32m"currentColor"[39m
                  [33mviewBox[39m=[32m"0 0 24 24"[39m
                [36m>[39m
                  [36m<path[39m
                    [33md[39m=[32m"M12 9v4m0 4h.01M10.29 3.86L1.82 18a2 2 0 001.71 3h16.94a2 2 0 001.71-3L13.71 3.86a2 2 0 00-3.42 0z"[39m
                    [33mstroke-linecap[39m=[32m"round"[39m
                    [33mstroke-linejoin[39m=[32m"round"[39m
                    [33mstroke-width[39m=[32m"2"[39m
                  [36m/>[39m
                [36m</svg>[39m
                [0mQC Failed[0m
              [36m</span>[39m
            [36m</div>[39m
          [36m</div>[39m
          [36m<div[39m
            [33mclass[39m=[32m"flex items-center gap-2"[39m
          [36m>[39m
            [36m<button[39m
              [33mclass[39m=[32m"review-modal-button bg-green-600 text-white hover:bg-green-700"[39m
              [33mtitle[39m=[32m"Approve image (move to success)"[39m
            [36m>[39m
              [36m<svg[39m
                [33mclass[39m=[32m"w-4 h-4"[39m
                [33mfill[39m=[32m"none"[39m
                [33mstroke[39m=[32m"currentColor"[39m
                [33mviewBox[39m=[32m"0 0 24 24"[39m
              [36m>[39m
                [36m<path[39m
                  [33md[39m=[32m"M5 13l4 4L19 7"[39m
                  [33mstroke-linecap[39m=[32m"round"[39m
                  [33mstroke-linejoin[39m=[32m"round"[39m
                  [33mstroke-width[39m=[32m"2"[39m
                [36m/>[39m
              [36m</svg>[39m
              [0mApprove[0m
            [36m</button>[39m
            [36m<button[39m
              [33mclass[39m=[32m"review-modal-button bg-blue-600 text-white hover:bg-blue-700"[39m
              [33mtitle[39m=[32m"Add image to retry pool"[39m
            [36m>[39m
              [36m<svg[39m
                [33mclass[39m=[32m"w-4 h-4"[39m
                [33mfill[39m=[32m"none"[39m
                [33mstroke[39m=[32m"currentColor"[39m
                [33mstroke-linecap[39m=[32m"round"[39m
                [33mstroke-linejoin[39m=[32m"round"[39m
                [33mstroke-width[39m=[32m"2"[39m
                [33mviewBox[39m=[32m"0 0 24 24"[39m
              [36m>[39m
                [36m<path[39m
                  [33md[39m=[32m"m15 14 5-5-5-5"[39m
                [36m/>[39m
                [36m<path[39m
                  [33md[39m=[32m"M20 9H9.5A5.5 5.5 0 0 0 4 14.5 5.5 5.5 0 0 0 9.5 20H13"[39m
                [36m/>[39m
              [36m</svg>[39m
              [0mAdd to Retry[0m
            [36m</button>[39m
            [36m<button[39m
              [33mclass[39m=[32m"review-modal-button bg-red-600 text-white hover:bg-red-700"[39m
              [33mtitle[39m=[32m"Delete image permanently"[39m
            [36m>[39m
              [36m<svg[39m
                [33mclass[39m=[32m"w-4 h-4"[39m
                [33mfill[39m=[32m"none"[39m
                [33mstroke[39m=[32m"currentColor"[39m
                [33mviewBox[39m=[32m"0 0 24 24"[39m
              [36m>[39m
                [36m<path[39m
                  [33md[39m=[32m"M19 7l-.867 12.142A2 2 0 0116.138 21H7.862a2 2 0 01-1.995-1.858L5 7m5 4v6m4-6v6m1-10V4a1 1 0 00-1-1h-4a1 1 0 00-1 1v3M4 7h16"[39m
                  [33mstroke-linecap[39m=[32m"round"[39m
                  [33mstroke-linejoin[39m=[32m"round"[39m
                  [33mstroke-width[39m=[32m"2"[39m
                [36m/>[39m
              [36m</svg>[39m
              [0mDelete[0m
            [36m</button>[39m
            [36m<button[39m
              [33maria-label[39m=[32m"Image Control Info"[39m
              [33mclass[39m=[32m"px-2 py-1 text-xs bg-white hover:bg-gray-50 border border-gray-200 text-gray-700 rounded"[39m
              [33mtitle[39m=[32m"Image Control Info"[39m
              [33mtype[39m=[32m"button"[39m
            [36m>[39m
              [0mImage Control Info[0m
            [36m</button>[39m
            [36m<div[39m
              [33mclass[39m=[32m"flex items-center space-x-1"[39m
            [36m>[39m
              [36m<button[39m
                [33maria-label[39m=[32m"Previous image"[39m
                [33mclass[39m=[32m"p-2 rounded-md text-gray-600 hover:text-gray-900 hover:bg-gray-100"[39m
              [36m>[39m
                [36m<svg[39m
                  [33mclass[39m=[32m"w-5 h-5"[39m
                  [33mfill[39m=[32m"none"[39m
                  [33mstroke[39m=[32m"currentColor"[39m
                  [33mviewBox[39m=[32m"0 0 24 24"[39m
                [36m>[39m
                  [36m<path[39m
                    [33md[39m=[32m"M15 19l-7-7 7-7"[39m
                    [33mstroke-linecap[39m=[32m"round"[39m
                    [33mstroke-linejoin[39m=[32m"round"[39m
                    [33mstroke-width[39m=[32m"2"[39m
                  [36m/>[39m
                [36m</svg>[39m
              [36m</button>[39m
              [36m<button[39m
                [33maria-label[39m=[32m"Next image"[39m
                [33mclass[39m=[32m"p-2 rounded-md text-gray-600 hover:text-gray-900 hover:bg-gray-100"[39m
              [36m>[39m
                [36m<svg[39m
                  [33mclass[39m=[32m"w-5 h-5"[39m
                  [33mfill[39m=[32m"none"[39m
           ...
 ❯ Object.getElementError node_modules/@testing-library/dom/dist/config.js:37:19
 ❯ node_modules/@testing-library/dom/dist/query-helpers.js:76:38
 ❯ node_modules/@testing-library/dom/dist/query-helpers.js:52:17
 ❯ node_modules/@testing-library/dom/dist/query-helpers.js:95:19
 ❯ src/renderer/components/Dashboard/__tests__/FailedImageReviewModal.test.tsx:502:34
    500|       );
    501| 
    502|       const retryButton = screen.getByText('Add to Retry Pool');
       |                                  ^
    503|       fireEvent.click(retryButton);
    504| 

⎯⎯⎯⎯⎯⎯⎯⎯⎯⎯⎯⎯⎯⎯⎯⎯⎯⎯⎯⎯[141/254]⎯

 FAIL  src/renderer/components/Dashboard/__tests__/FailedImageReviewModal.test.tsx > FailedImageReviewModal > Action Buttons > calls onAction with correct parameters for delete
TestingLibraryElementError: Unable to find an element with the text: Delete Image. This could be because the text is broken up by multiple elements. In this case, you can provide a function for your text matcher to make your matcher more flexible.

Ignored nodes: comments, script, style
[36m<body>[39m
  [36m<div>[39m
    [36m<div[39m
      [33mclass[39m=[32m"fixed inset-0 bg-black bg-opacity-50 flex items-center justify-center z-50 p-4 overflow-hidden"[39m
      [33mdata-testid[39m=[32m"failed-image-review-modal"[39m
    [36m>[39m
      [36m<div[39m
        [33mclass[39m=[32m"relative bg-white rounded-lg shadow-xl max-w-6xl w-full max-h-[90vh] overflow-hidden"[39m
      [36m>[39m
        [36m<div[39m
          [33mclass[39m=[32m"flex items-center justify-between p-4 border-b border-gray-200"[39m
          [33mdata-testid[39m=[32m"modal-header"[39m
        [36m>[39m
          [36m<div[39m
            [33mclass[39m=[32m"flex items-center gap-3"[39m
          [36m>[39m
            [36m<h2[39m
              [33mclass[39m=[32m"text-xl font-semibold text-gray-900"[39m
            [36m>[39m
              [0mImage Details[0m
            [36m</h2>[39m
            [36m<div[39m
              [33mclass[39m=[32m"inline-flex items-center"[39m
            [36m>[39m
              [36m<span[39m
                [33mclass[39m=[32m"inline-flex items-center gap-1 px-2 py-1 rounded-full text-sm font-medium border bg-red-100 text-red-800 border-red-200"[39m
              [36m>[39m
                [36m<svg[39m
                  [33maria-hidden[39m=[32m"true"[39m
                  [33mclass[39m=[32m"w-4 h-4"[39m
                  [33mfill[39m=[32m"none"[39m
                  [33mstroke[39m=[32m"currentColor"[39m
                  [33mviewBox[39m=[32m"0 0 24 24"[39m
                [36m>[39m
                  [36m<path[39m
                    [33md[39m=[32m"M12 9v4m0 4h.01M10.29 3.86L1.82 18a2 2 0 001.71 3h16.94a2 2 0 001.71-3L13.71 3.86a2 2 0 00-3.42 0z"[39m
                    [33mstroke-linecap[39m=[32m"round"[39m
                    [33mstroke-linejoin[39m=[32m"round"[39m
                    [33mstroke-width[39m=[32m"2"[39m
                  [36m/>[39m
                [36m</svg>[39m
                [0mQC Failed[0m
              [36m</span>[39m
            [36m</div>[39m
          [36m</div>[39m
          [36m<div[39m
            [33mclass[39m=[32m"flex items-center gap-2"[39m
          [36m>[39m
            [36m<button[39m
              [33mclass[39m=[32m"review-modal-button bg-green-600 text-white hover:bg-green-700"[39m
              [33mtitle[39m=[32m"Approve image (move to success)"[39m
            [36m>[39m
              [36m<svg[39m
                [33mclass[39m=[32m"w-4 h-4"[39m
                [33mfill[39m=[32m"none"[39m
                [33mstroke[39m=[32m"currentColor"[39m
                [33mviewBox[39m=[32m"0 0 24 24"[39m
              [36m>[39m
                [36m<path[39m
                  [33md[39m=[32m"M5 13l4 4L19 7"[39m
                  [33mstroke-linecap[39m=[32m"round"[39m
                  [33mstroke-linejoin[39m=[32m"round"[39m
                  [33mstroke-width[39m=[32m"2"[39m
                [36m/>[39m
              [36m</svg>[39m
              [0mApprove[0m
            [36m</button>[39m
            [36m<button[39m
              [33mclass[39m=[32m"review-modal-button bg-blue-600 text-white hover:bg-blue-700"[39m
              [33mtitle[39m=[32m"Add image to retry pool"[39m
            [36m>[39m
              [36m<svg[39m
                [33mclass[39m=[32m"w-4 h-4"[39m
                [33mfill[39m=[32m"none"[39m
                [33mstroke[39m=[32m"currentColor"[39m
                [33mstroke-linecap[39m=[32m"round"[39m
                [33mstroke-linejoin[39m=[32m"round"[39m
                [33mstroke-width[39m=[32m"2"[39m
                [33mviewBox[39m=[32m"0 0 24 24"[39m
              [36m>[39m
                [36m<path[39m
                  [33md[39m=[32m"m15 14 5-5-5-5"[39m
                [36m/>[39m
                [36m<path[39m
                  [33md[39m=[32m"M20 9H9.5A5.5 5.5 0 0 0 4 14.5 5.5 5.5 0 0 0 9.5 20H13"[39m
                [36m/>[39m
              [36m</svg>[39m
              [0mAdd to Retry[0m
            [36m</button>[39m
            [36m<button[39m
              [33mclass[39m=[32m"review-modal-button bg-red-600 text-white hover:bg-red-700"[39m
              [33mtitle[39m=[32m"Delete image permanently"[39m
            [36m>[39m
              [36m<svg[39m
                [33mclass[39m=[32m"w-4 h-4"[39m
                [33mfill[39m=[32m"none"[39m
                [33mstroke[39m=[32m"currentColor"[39m
                [33mviewBox[39m=[32m"0 0 24 24"[39m
              [36m>[39m
                [36m<path[39m
                  [33md[39m=[32m"M19 7l-.867 12.142A2 2 0 0116.138 21H7.862a2 2 0 01-1.995-1.858L5 7m5 4v6m4-6v6m1-10V4a1 1 0 00-1-1h-4a1 1 0 00-1 1v3M4 7h16"[39m
                  [33mstroke-linecap[39m=[32m"round"[39m
                  [33mstroke-linejoin[39m=[32m"round"[39m
                  [33mstroke-width[39m=[32m"2"[39m
                [36m/>[39m
              [36m</svg>[39m
              [0mDelete[0m
            [36m</button>[39m
            [36m<button[39m
              [33maria-label[39m=[32m"Image Control Info"[39m
              [33mclass[39m=[32m"px-2 py-1 text-xs bg-white hover:bg-gray-50 border border-gray-200 text-gray-700 rounded"[39m
              [33mtitle[39m=[32m"Image Control Info"[39m
              [33mtype[39m=[32m"button"[39m
            [36m>[39m
              [0mImage Control Info[0m
            [36m</button>[39m
            [36m<div[39m
              [33mclass[39m=[32m"flex items-center space-x-1"[39m
            [36m>[39m
              [36m<button[39m
                [33maria-label[39m=[32m"Previous image"[39m
                [33mclass[39m=[32m"p-2 rounded-md text-gray-600 hover:text-gray-900 hover:bg-gray-100"[39m
              [36m>[39m
                [36m<svg[39m
                  [33mclass[39m=[32m"w-5 h-5"[39m
                  [33mfill[39m=[32m"none"[39m
                  [33mstroke[39m=[32m"currentColor"[39m
                  [33mviewBox[39m=[32m"0 0 24 24"[39m
                [36m>[39m
                  [36m<path[39m
                    [33md[39m=[32m"M15 19l-7-7 7-7"[39m
                    [33mstroke-linecap[39m=[32m"round"[39m
                    [33mstroke-linejoin[39m=[32m"round"[39m
                    [33mstroke-width[39m=[32m"2"[39m
                  [36m/>[39m
                [36m</svg>[39m
              [36m</button>[39m
              [36m<button[39m
                [33maria-label[39m=[32m"Next image"[39m
                [33mclass[39m=[32m"p-2 rounded-md text-gray-600 hover:text-gray-900 hover:bg-gray-100"[39m
              [36m>[39m
                [36m<svg[39m
                  [33mclass[39m=[32m"w-5 h-5"[39m
                  [33mfill[39m=[32m"none"[39m
           ...
 ❯ Object.getElementError node_modules/@testing-library/dom/dist/config.js:37:19
 ❯ node_modules/@testing-library/dom/dist/query-helpers.js:76:38
 ❯ node_modules/@testing-library/dom/dist/query-helpers.js:52:17
 ❯ node_modules/@testing-library/dom/dist/query-helpers.js:95:19
 ❯ src/renderer/components/Dashboard/__tests__/FailedImageReviewModal.test.tsx:518:35
    516|       );
    517| 
    518|       const deleteButton = screen.getByText('Delete Image');
       |                                   ^
    519|       fireEvent.click(deleteButton);
    520| 

⎯⎯⎯⎯⎯⎯⎯⎯⎯⎯⎯⎯⎯⎯⎯⎯⎯⎯⎯⎯[142/254]⎯

 FAIL  src/renderer/components/Dashboard/__tests__/FailedImageReviewModal.test.tsx > FailedImageReviewModal > Button Styling and Accessibility > applies correct button styles
TestingLibraryElementError: Unable to find an element with the text: ✓ Approve Image. This could be because the text is broken up by multiple elements. In this case, you can provide a function for your text matcher to make your matcher more flexible.

Ignored nodes: comments, script, style
[36m<body>[39m
  [36m<div>[39m
    [36m<div[39m
      [33mclass[39m=[32m"fixed inset-0 bg-black bg-opacity-50 flex items-center justify-center z-50 p-4 overflow-hidden"[39m
      [33mdata-testid[39m=[32m"failed-image-review-modal"[39m
    [36m>[39m
      [36m<div[39m
        [33mclass[39m=[32m"relative bg-white rounded-lg shadow-xl max-w-6xl w-full max-h-[90vh] overflow-hidden"[39m
      [36m>[39m
        [36m<div[39m
          [33mclass[39m=[32m"flex items-center justify-between p-4 border-b border-gray-200"[39m
          [33mdata-testid[39m=[32m"modal-header"[39m
        [36m>[39m
          [36m<div[39m
            [33mclass[39m=[32m"flex items-center gap-3"[39m
          [36m>[39m
            [36m<h2[39m
              [33mclass[39m=[32m"text-xl font-semibold text-gray-900"[39m
            [36m>[39m
              [0mImage Details[0m
            [36m</h2>[39m
            [36m<div[39m
              [33mclass[39m=[32m"inline-flex items-center"[39m
            [36m>[39m
              [36m<span[39m
                [33mclass[39m=[32m"inline-flex items-center gap-1 px-2 py-1 rounded-full text-sm font-medium border bg-red-100 text-red-800 border-red-200"[39m
              [36m>[39m
                [36m<svg[39m
                  [33maria-hidden[39m=[32m"true"[39m
                  [33mclass[39m=[32m"w-4 h-4"[39m
                  [33mfill[39m=[32m"none"[39m
                  [33mstroke[39m=[32m"currentColor"[39m
                  [33mviewBox[39m=[32m"0 0 24 24"[39m
                [36m>[39m
                  [36m<path[39m
                    [33md[39m=[32m"M12 9v4m0 4h.01M10.29 3.86L1.82 18a2 2 0 001.71 3h16.94a2 2 0 001.71-3L13.71 3.86a2 2 0 00-3.42 0z"[39m
                    [33mstroke-linecap[39m=[32m"round"[39m
                    [33mstroke-linejoin[39m=[32m"round"[39m
                    [33mstroke-width[39m=[32m"2"[39m
                  [36m/>[39m
                [36m</svg>[39m
                [0mQC Failed[0m
              [36m</span>[39m
            [36m</div>[39m
          [36m</div>[39m
          [36m<div[39m
            [33mclass[39m=[32m"flex items-center gap-2"[39m
          [36m>[39m
            [36m<button[39m
              [33mclass[39m=[32m"review-modal-button bg-green-600 text-white hover:bg-green-700"[39m
              [33mtitle[39m=[32m"Approve image (move to success)"[39m
            [36m>[39m
              [36m<svg[39m
                [33mclass[39m=[32m"w-4 h-4"[39m
                [33mfill[39m=[32m"none"[39m
                [33mstroke[39m=[32m"currentColor"[39m
                [33mviewBox[39m=[32m"0 0 24 24"[39m
              [36m>[39m
                [36m<path[39m
                  [33md[39m=[32m"M5 13l4 4L19 7"[39m
                  [33mstroke-linecap[39m=[32m"round"[39m
                  [33mstroke-linejoin[39m=[32m"round"[39m
                  [33mstroke-width[39m=[32m"2"[39m
                [36m/>[39m
              [36m</svg>[39m
              [0mApprove[0m
            [36m</button>[39m
            [36m<button[39m
              [33mclass[39m=[32m"review-modal-button bg-blue-600 text-white hover:bg-blue-700"[39m
              [33mtitle[39m=[32m"Add image to retry pool"[39m
            [36m>[39m
              [36m<svg[39m
                [33mclass[39m=[32m"w-4 h-4"[39m
                [33mfill[39m=[32m"none"[39m
                [33mstroke[39m=[32m"currentColor"[39m
                [33mstroke-linecap[39m=[32m"round"[39m
                [33mstroke-linejoin[39m=[32m"round"[39m
                [33mstroke-width[39m=[32m"2"[39m
                [33mviewBox[39m=[32m"0 0 24 24"[39m
              [36m>[39m
                [36m<path[39m
                  [33md[39m=[32m"m15 14 5-5-5-5"[39m
                [36m/>[39m
                [36m<path[39m
                  [33md[39m=[32m"M20 9H9.5A5.5 5.5 0 0 0 4 14.5 5.5 5.5 0 0 0 9.5 20H13"[39m
                [36m/>[39m
              [36m</svg>[39m
              [0mAdd to Retry[0m
            [36m</button>[39m
            [36m<button[39m
              [33mclass[39m=[32m"review-modal-button bg-red-600 text-white hover:bg-red-700"[39m
              [33mtitle[39m=[32m"Delete image permanently"[39m
            [36m>[39m
              [36m<svg[39m
                [33mclass[39m=[32m"w-4 h-4"[39m
                [33mfill[39m=[32m"none"[39m
                [33mstroke[39m=[32m"currentColor"[39m
                [33mviewBox[39m=[32m"0 0 24 24"[39m
              [36m>[39m
                [36m<path[39m
                  [33md[39m=[32m"M19 7l-.867 12.142A2 2 0 0116.138 21H7.862a2 2 0 01-1.995-1.858L5 7m5 4v6m4-6v6m1-10V4a1 1 0 00-1-1h-4a1 1 0 00-1 1v3M4 7h16"[39m
                  [33mstroke-linecap[39m=[32m"round"[39m
                  [33mstroke-linejoin[39m=[32m"round"[39m
                  [33mstroke-width[39m=[32m"2"[39m
                [36m/>[39m
              [36m</svg>[39m
              [0mDelete[0m
            [36m</button>[39m
            [36m<button[39m
              [33maria-label[39m=[32m"Image Control Info"[39m
              [33mclass[39m=[32m"px-2 py-1 text-xs bg-white hover:bg-gray-50 border border-gray-200 text-gray-700 rounded"[39m
              [33mtitle[39m=[32m"Image Control Info"[39m
              [33mtype[39m=[32m"button"[39m
            [36m>[39m
              [0mImage Control Info[0m
            [36m</button>[39m
            [36m<div[39m
              [33mclass[39m=[32m"flex items-center space-x-1"[39m
            [36m>[39m
              [36m<button[39m
                [33maria-label[39m=[32m"Previous image"[39m
                [33mclass[39m=[32m"p-2 rounded-md text-gray-600 hover:text-gray-900 hover:bg-gray-100"[39m
              [36m>[39m
                [36m<svg[39m
                  [33mclass[39m=[32m"w-5 h-5"[39m
                  [33mfill[39m=[32m"none"[39m
                  [33mstroke[39m=[32m"currentColor"[39m
                  [33mviewBox[39m=[32m"0 0 24 24"[39m
                [36m>[39m
                  [36m<path[39m
                    [33md[39m=[32m"M15 19l-7-7 7-7"[39m
                    [33mstroke-linecap[39m=[32m"round"[39m
                    [33mstroke-linejoin[39m=[32m"round"[39m
                    [33mstroke-width[39m=[32m"2"[39m
                  [36m/>[39m
                [36m</svg>[39m
              [36m</button>[39m
              [36m<button[39m
                [33maria-label[39m=[32m"Next image"[39m
                [33mclass[39m=[32m"p-2 rounded-md text-gray-600 hover:text-gray-900 hover:bg-gray-100"[39m
              [36m>[39m
                [36m<svg[39m
                  [33mclass[39m=[32m"w-5 h-5"[39m
                  [33mfill[39m=[32m"none"[39m
           ...
 ❯ Object.getElementError node_modules/@testing-library/dom/dist/config.js:37:19
 ❯ node_modules/@testing-library/dom/dist/query-helpers.js:76:38
 ❯ node_modules/@testing-library/dom/dist/query-helpers.js:52:17
 ❯ node_modules/@testing-library/dom/dist/query-helpers.js:95:19
 ❯ src/renderer/components/Dashboard/__tests__/FailedImageReviewModal.test.tsx:536:36
    534|       );
    535| 
    536|       const approveButton = screen.getByText('✓ Approve Image');
       |                                    ^
    537|       const retryButton = screen.getByText(' Add to Retry Pool');
    538|       const deleteButton = screen.getByText(' Delete Image');

⎯⎯⎯⎯⎯⎯⎯⎯⎯⎯⎯⎯⎯⎯⎯⎯⎯⎯⎯⎯[143/254]⎯

 FAIL  src/renderer/components/Dashboard/__tests__/FailedImageReviewModal.test.tsx > FailedImageReviewModal > Button Styling and Accessibility > ensures buttons are properly sized and spaced
TestingLibraryElementError: Unable to find an element by: [data-testid="modal-footer"]

Ignored nodes: comments, script, style
[36m<body>[39m
  [36m<div>[39m
    [36m<div[39m
      [33mclass[39m=[32m"fixed inset-0 bg-black bg-opacity-50 flex items-center justify-center z-50 p-4 overflow-hidden"[39m
      [33mdata-testid[39m=[32m"failed-image-review-modal"[39m
    [36m>[39m
      [36m<div[39m
        [33mclass[39m=[32m"relative bg-white rounded-lg shadow-xl max-w-6xl w-full max-h-[90vh] overflow-hidden"[39m
      [36m>[39m
        [36m<div[39m
          [33mclass[39m=[32m"flex items-center justify-between p-4 border-b border-gray-200"[39m
          [33mdata-testid[39m=[32m"modal-header"[39m
        [36m>[39m
          [36m<div[39m
            [33mclass[39m=[32m"flex items-center gap-3"[39m
          [36m>[39m
            [36m<h2[39m
              [33mclass[39m=[32m"text-xl font-semibold text-gray-900"[39m
            [36m>[39m
              [0mImage Details[0m
            [36m</h2>[39m
            [36m<div[39m
              [33mclass[39m=[32m"inline-flex items-center"[39m
            [36m>[39m
              [36m<span[39m
                [33mclass[39m=[32m"inline-flex items-center gap-1 px-2 py-1 rounded-full text-sm font-medium border bg-red-100 text-red-800 border-red-200"[39m
              [36m>[39m
                [36m<svg[39m
                  [33maria-hidden[39m=[32m"true"[39m
                  [33mclass[39m=[32m"w-4 h-4"[39m
                  [33mfill[39m=[32m"none"[39m
                  [33mstroke[39m=[32m"currentColor"[39m
                  [33mviewBox[39m=[32m"0 0 24 24"[39m
                [36m>[39m
                  [36m<path[39m
                    [33md[39m=[32m"M12 9v4m0 4h.01M10.29 3.86L1.82 18a2 2 0 001.71 3h16.94a2 2 0 001.71-3L13.71 3.86a2 2 0 00-3.42 0z"[39m
                    [33mstroke-linecap[39m=[32m"round"[39m
                    [33mstroke-linejoin[39m=[32m"round"[39m
                    [33mstroke-width[39m=[32m"2"[39m
                  [36m/>[39m
                [36m</svg>[39m
                [0mQC Failed[0m
              [36m</span>[39m
            [36m</div>[39m
          [36m</div>[39m
          [36m<div[39m
            [33mclass[39m=[32m"flex items-center gap-2"[39m
          [36m>[39m
            [36m<button[39m
              [33mclass[39m=[32m"review-modal-button bg-green-600 text-white hover:bg-green-700"[39m
              [33mtitle[39m=[32m"Approve image (move to success)"[39m
            [36m>[39m
              [36m<svg[39m
                [33mclass[39m=[32m"w-4 h-4"[39m
                [33mfill[39m=[32m"none"[39m
                [33mstroke[39m=[32m"currentColor"[39m
                [33mviewBox[39m=[32m"0 0 24 24"[39m
              [36m>[39m
                [36m<path[39m
                  [33md[39m=[32m"M5 13l4 4L19 7"[39m
                  [33mstroke-linecap[39m=[32m"round"[39m
                  [33mstroke-linejoin[39m=[32m"round"[39m
                  [33mstroke-width[39m=[32m"2"[39m
                [36m/>[39m
              [36m</svg>[39m
              [0mApprove[0m
            [36m</button>[39m
            [36m<button[39m
              [33mclass[39m=[32m"review-modal-button bg-blue-600 text-white hover:bg-blue-700"[39m
              [33mtitle[39m=[32m"Add image to retry pool"[39m
            [36m>[39m
              [36m<svg[39m
                [33mclass[39m=[32m"w-4 h-4"[39m
                [33mfill[39m=[32m"none"[39m
                [33mstroke[39m=[32m"currentColor"[39m
                [33mstroke-linecap[39m=[32m"round"[39m
                [33mstroke-linejoin[39m=[32m"round"[39m
                [33mstroke-width[39m=[32m"2"[39m
                [33mviewBox[39m=[32m"0 0 24 24"[39m
              [36m>[39m
                [36m<path[39m
                  [33md[39m=[32m"m15 14 5-5-5-5"[39m
                [36m/>[39m
                [36m<path[39m
                  [33md[39m=[32m"M20 9H9.5A5.5 5.5 0 0 0 4 14.5 5.5 5.5 0 0 0 9.5 20H13"[39m
                [36m/>[39m
              [36m</svg>[39m
              [0mAdd to Retry[0m
            [36m</button>[39m
            [36m<button[39m
              [33mclass[39m=[32m"review-modal-button bg-red-600 text-white hover:bg-red-700"[39m
              [33mtitle[39m=[32m"Delete image permanently"[39m
            [36m>[39m
              [36m<svg[39m
                [33mclass[39m=[32m"w-4 h-4"[39m
                [33mfill[39m=[32m"none"[39m
                [33mstroke[39m=[32m"currentColor"[39m
                [33mviewBox[39m=[32m"0 0 24 24"[39m
              [36m>[39m
                [36m<path[39m
                  [33md[39m=[32m"M19 7l-.867 12.142A2 2 0 0116.138 21H7.862a2 2 0 01-1.995-1.858L5 7m5 4v6m4-6v6m1-10V4a1 1 0 00-1-1h-4a1 1 0 00-1 1v3M4 7h16"[39m
                  [33mstroke-linecap[39m=[32m"round"[39m
                  [33mstroke-linejoin[39m=[32m"round"[39m
                  [33mstroke-width[39m=[32m"2"[39m
                [36m/>[39m
              [36m</svg>[39m
              [0mDelete[0m
            [36m</button>[39m
            [36m<button[39m
              [33maria-label[39m=[32m"Image Control Info"[39m
              [33mclass[39m=[32m"px-2 py-1 text-xs bg-white hover:bg-gray-50 border border-gray-200 text-gray-700 rounded"[39m
              [33mtitle[39m=[32m"Image Control Info"[39m
              [33mtype[39m=[32m"button"[39m
            [36m>[39m
              [0mImage Control Info[0m
            [36m</button>[39m
            [36m<div[39m
              [33mclass[39m=[32m"flex items-center space-x-1"[39m
            [36m>[39m
              [36m<button[39m
                [33maria-label[39m=[32m"Previous image"[39m
                [33mclass[39m=[32m"p-2 rounded-md text-gray-600 hover:text-gray-900 hover:bg-gray-100"[39m
              [36m>[39m
                [36m<svg[39m
                  [33mclass[39m=[32m"w-5 h-5"[39m
                  [33mfill[39m=[32m"none"[39m
                  [33mstroke[39m=[32m"currentColor"[39m
                  [33mviewBox[39m=[32m"0 0 24 24"[39m
                [36m>[39m
                  [36m<path[39m
                    [33md[39m=[32m"M15 19l-7-7 7-7"[39m
                    [33mstroke-linecap[39m=[32m"round"[39m
                    [33mstroke-linejoin[39m=[32m"round"[39m
                    [33mstroke-width[39m=[32m"2"[39m
                  [36m/>[39m
                [36m</svg>[39m
              [36m</button>[39m
              [36m<button[39m
                [33maria-label[39m=[32m"Next image"[39m
                [33mclass[39m=[32m"p-2 rounded-md text-gray-600 hover:text-gray-900 hover:bg-gray-100"[39m
              [36m>[39m
                [36m<svg[39m
                  [33mclass[39m=[32m"w-5 h-5"[39m
                  [33mfill[39m=[32m"none"[39m
           ...
 ❯ Object.getElementError node_modules/@testing-library/dom/dist/config.js:37:19
 ❯ node_modules/@testing-library/dom/dist/query-helpers.js:76:38
 ❯ node_modules/@testing-library/dom/dist/query-helpers.js:52:17
 ❯ node_modules/@testing-library/dom/dist/query-helpers.js:95:19
 ❯ src/renderer/components/Dashboard/__tests__/FailedImageReviewModal.test.tsx:574:29
    572|       );
    573| 
    574|       const footer = screen.getByTestId('modal-footer');
       |                             ^
    575|       expect(footer).toHaveClass('flex', 'justify-between', 'items-cen…
    576|     });

⎯⎯⎯⎯⎯⎯⎯⎯⎯⎯⎯⎯⎯⎯⎯⎯⎯⎯⎯⎯[144/254]⎯

 FAIL  src/renderer/components/Dashboard/__tests__/FailedImageReviewModal.test.tsx > FailedImageReviewModal > Performance and Optimization > handles rapid button clicks correctly
TestingLibraryElementError: Unable to find an element with the text: ✓ Approve Image. This could be because the text is broken up by multiple elements. In this case, you can provide a function for your text matcher to make your matcher more flexible.

Ignored nodes: comments, script, style
[36m<body>[39m
  [36m<div>[39m
    [36m<div[39m
      [33mclass[39m=[32m"fixed inset-0 bg-black bg-opacity-50 flex items-center justify-center z-50 p-4 overflow-hidden"[39m
      [33mdata-testid[39m=[32m"failed-image-review-modal"[39m
    [36m>[39m
      [36m<div[39m
        [33mclass[39m=[32m"relative bg-white rounded-lg shadow-xl max-w-6xl w-full max-h-[90vh] overflow-hidden"[39m
      [36m>[39m
        [36m<div[39m
          [33mclass[39m=[32m"flex items-center justify-between p-4 border-b border-gray-200"[39m
          [33mdata-testid[39m=[32m"modal-header"[39m
        [36m>[39m
          [36m<div[39m
            [33mclass[39m=[32m"flex items-center gap-3"[39m
          [36m>[39m
            [36m<h2[39m
              [33mclass[39m=[32m"text-xl font-semibold text-gray-900"[39m
            [36m>[39m
              [0mImage Details[0m
            [36m</h2>[39m
            [36m<div[39m
              [33mclass[39m=[32m"inline-flex items-center"[39m
            [36m>[39m
              [36m<span[39m
                [33mclass[39m=[32m"inline-flex items-center gap-1 px-2 py-1 rounded-full text-sm font-medium border bg-red-100 text-red-800 border-red-200"[39m
              [36m>[39m
                [36m<svg[39m
                  [33maria-hidden[39m=[32m"true"[39m
                  [33mclass[39m=[32m"w-4 h-4"[39m
                  [33mfill[39m=[32m"none"[39m
                  [33mstroke[39m=[32m"currentColor"[39m
                  [33mviewBox[39m=[32m"0 0 24 24"[39m
                [36m>[39m
                  [36m<path[39m
                    [33md[39m=[32m"M12 9v4m0 4h.01M10.29 3.86L1.82 18a2 2 0 001.71 3h16.94a2 2 0 001.71-3L13.71 3.86a2 2 0 00-3.42 0z"[39m
                    [33mstroke-linecap[39m=[32m"round"[39m
                    [33mstroke-linejoin[39m=[32m"round"[39m
                    [33mstroke-width[39m=[32m"2"[39m
                  [36m/>[39m
                [36m</svg>[39m
                [0mQC Failed[0m
              [36m</span>[39m
            [36m</div>[39m
          [36m</div>[39m
          [36m<div[39m
            [33mclass[39m=[32m"flex items-center gap-2"[39m
          [36m>[39m
            [36m<button[39m
              [33mclass[39m=[32m"review-modal-button bg-green-600 text-white hover:bg-green-700"[39m
              [33mtitle[39m=[32m"Approve image (move to success)"[39m
            [36m>[39m
              [36m<svg[39m
                [33mclass[39m=[32m"w-4 h-4"[39m
                [33mfill[39m=[32m"none"[39m
                [33mstroke[39m=[32m"currentColor"[39m
                [33mviewBox[39m=[32m"0 0 24 24"[39m
              [36m>[39m
                [36m<path[39m
                  [33md[39m=[32m"M5 13l4 4L19 7"[39m
                  [33mstroke-linecap[39m=[32m"round"[39m
                  [33mstroke-linejoin[39m=[32m"round"[39m
                  [33mstroke-width[39m=[32m"2"[39m
                [36m/>[39m
              [36m</svg>[39m
              [0mApprove[0m
            [36m</button>[39m
            [36m<button[39m
              [33mclass[39m=[32m"review-modal-button bg-blue-600 text-white hover:bg-blue-700"[39m
              [33mtitle[39m=[32m"Add image to retry pool"[39m
            [36m>[39m
              [36m<svg[39m
                [33mclass[39m=[32m"w-4 h-4"[39m
                [33mfill[39m=[32m"none"[39m
                [33mstroke[39m=[32m"currentColor"[39m
                [33mstroke-linecap[39m=[32m"round"[39m
                [33mstroke-linejoin[39m=[32m"round"[39m
                [33mstroke-width[39m=[32m"2"[39m
                [33mviewBox[39m=[32m"0 0 24 24"[39m
              [36m>[39m
                [36m<path[39m
                  [33md[39m=[32m"m15 14 5-5-5-5"[39m
                [36m/>[39m
                [36m<path[39m
                  [33md[39m=[32m"M20 9H9.5A5.5 5.5 0 0 0 4 14.5 5.5 5.5 0 0 0 9.5 20H13"[39m
                [36m/>[39m
              [36m</svg>[39m
              [0mAdd to Retry[0m
            [36m</button>[39m
            [36m<button[39m
              [33mclass[39m=[32m"review-modal-button bg-red-600 text-white hover:bg-red-700"[39m
              [33mtitle[39m=[32m"Delete image permanently"[39m
            [36m>[39m
              [36m<svg[39m
                [33mclass[39m=[32m"w-4 h-4"[39m
                [33mfill[39m=[32m"none"[39m
                [33mstroke[39m=[32m"currentColor"[39m
                [33mviewBox[39m=[32m"0 0 24 24"[39m
              [36m>[39m
                [36m<path[39m
                  [33md[39m=[32m"M19 7l-.867 12.142A2 2 0 0116.138 21H7.862a2 2 0 01-1.995-1.858L5 7m5 4v6m4-6v6m1-10V4a1 1 0 00-1-1h-4a1 1 0 00-1 1v3M4 7h16"[39m
                  [33mstroke-linecap[39m=[32m"round"[39m
                  [33mstroke-linejoin[39m=[32m"round"[39m
                  [33mstroke-width[39m=[32m"2"[39m
                [36m/>[39m
              [36m</svg>[39m
              [0mDelete[0m
            [36m</button>[39m
            [36m<button[39m
              [33maria-label[39m=[32m"Image Control Info"[39m
              [33mclass[39m=[32m"px-2 py-1 text-xs bg-white hover:bg-gray-50 border border-gray-200 text-gray-700 rounded"[39m
              [33mtitle[39m=[32m"Image Control Info"[39m
              [33mtype[39m=[32m"button"[39m
            [36m>[39m
              [0mImage Control Info[0m
            [36m</button>[39m
            [36m<div[39m
              [33mclass[39m=[32m"flex items-center space-x-1"[39m
            [36m>[39m
              [36m<button[39m
                [33maria-label[39m=[32m"Previous image"[39m
                [33mclass[39m=[32m"p-2 rounded-md text-gray-600 hover:text-gray-900 hover:bg-gray-100"[39m
              [36m>[39m
                [36m<svg[39m
                  [33mclass[39m=[32m"w-5 h-5"[39m
                  [33mfill[39m=[32m"none"[39m
                  [33mstroke[39m=[32m"currentColor"[39m
                  [33mviewBox[39m=[32m"0 0 24 24"[39m
                [36m>[39m
                  [36m<path[39m
                    [33md[39m=[32m"M15 19l-7-7 7-7"[39m
                    [33mstroke-linecap[39m=[32m"round"[39m
                    [33mstroke-linejoin[39m=[32m"round"[39m
                    [33mstroke-width[39m=[32m"2"[39m
                  [36m/>[39m
                [36m</svg>[39m
              [36m</button>[39m
              [36m<button[39m
                [33maria-label[39m=[32m"Next image"[39m
                [33mclass[39m=[32m"p-2 rounded-md text-gray-600 hover:text-gray-900 hover:bg-gray-100"[39m
              [36m>[39m
                [36m<svg[39m
                  [33mclass[39m=[32m"w-5 h-5"[39m
                  [33mfill[39m=[32m"none"[39m
           ...
 ❯ Object.getElementError node_modules/@testing-library/dom/dist/config.js:37:19
 ❯ node_modules/@testing-library/dom/dist/query-helpers.js:76:38
 ❯ node_modules/@testing-library/dom/dist/query-helpers.js:52:17
 ❯ node_modules/@testing-library/dom/dist/query-helpers.js:95:19
 ❯ src/renderer/components/Dashboard/__tests__/FailedImageReviewModal.test.tsx:708:36
    706|       );
    707| 
    708|       const approveButton = screen.getByText('✓ Approve Image');
       |                                    ^
    709|       const retryButton = screen.getByText(' Add to Retry Pool');
    710| 

⎯⎯⎯⎯⎯⎯⎯⎯⎯⎯⎯⎯⎯⎯⎯⎯⎯⎯⎯⎯[145/254]⎯

 FAIL  src/renderer/components/Dashboard/__tests__/FailedImagesReviewPanel.test.tsx > FailedImagesReviewPanel > Component Rendering > renders the failed images review panel with header
 FAIL  src/renderer/components/Dashboard/__tests__/FailedImagesReviewPanel.test.tsx > FailedImagesReviewPanel > Component Rendering > shows loading state initially
 FAIL  src/renderer/components/Dashboard/__tests__/FailedImagesReviewPanel.test.tsx > FailedImagesReviewPanel > Component Rendering > displays failed images count in header
 FAIL  src/renderer/components/Dashboard/__tests__/FailedImagesReviewPanel.test.tsx > FailedImagesReviewPanel > Component Rendering > renders back button that calls onBack
 FAIL  src/renderer/components/Dashboard/__tests__/FailedImagesReviewPanel.test.tsx > FailedImagesReviewPanel > Filters and Controls > renders job filter dropdown
 FAIL  src/renderer/components/Dashboard/__tests__/FailedImagesReviewPanel.test.tsx > FailedImagesReviewPanel > Filters and Controls > renders search input field
 FAIL  src/renderer/components/Dashboard/__tests__/FailedImagesReviewPanel.test.tsx > FailedImagesReviewPanel > Filters and Controls > renders sort control dropdown
 FAIL  src/renderer/components/Dashboard/__tests__/FailedImagesReviewPanel.test.tsx > FailedImagesReviewPanel > Filters and Controls > renders clear button
 FAIL  src/renderer/components/Dashboard/__tests__/FailedImagesReviewPanel.test.tsx > FailedImagesReviewPanel > Filters and Controls > clears all filters when clear button is clicked
 FAIL  src/renderer/components/Dashboard/__tests__/FailedImagesReviewPanel.test.tsx > FailedImagesReviewPanel > Image Display > renders failed image cards for each failed image
 FAIL  src/renderer/components/Dashboard/__tests__/FailedImagesReviewPanel.test.tsx > FailedImagesReviewPanel > Image Display > shows no images message when no failed images exist
 FAIL  src/renderer/components/Dashboard/__tests__/FailedImagesReviewPanel.test.tsx > FailedImagesReviewPanel > Image Display > displays images in grid layout
 FAIL  src/renderer/components/Dashboard/__tests__/FailedImagesReviewPanel.test.tsx > FailedImagesReviewPanel > Selection Controls > renders select all checkbox
 FAIL  src/renderer/components/Dashboard/__tests__/FailedImagesReviewPanel.test.tsx > FailedImagesReviewPanel > Selection Controls > selects all images when select all is clicked
 FAIL  src/renderer/components/Dashboard/__tests__/FailedImagesReviewPanel.test.tsx > FailedImagesReviewPanel > Selection Controls > deselects all images when select all is clicked again
 FAIL  src/renderer/components/Dashboard/__tests__/FailedImagesReviewPanel.test.tsx > FailedImagesReviewPanel > Selection Controls > shows bulk action buttons when images are selected
 FAIL  src/renderer/components/Dashboard/__tests__/FailedImagesReviewPanel.test.tsx > FailedImagesReviewPanel > Individual Image Actions > handles approve action for individual image
 FAIL  src/renderer/components/Dashboard/__tests__/FailedImagesReviewPanel.test.tsx > FailedImagesReviewPanel > Individual Image Actions > handles retry action for individual image
 FAIL  src/renderer/components/Dashboard/__tests__/FailedImagesReviewPanel.test.tsx > FailedImagesReviewPanel > Individual Image Actions > handles delete action for individual image
 FAIL  src/renderer/components/Dashboard/__tests__/FailedImagesReviewPanel.test.tsx > FailedImagesReviewPanel > Individual Image Actions > handles view action and opens review modal
 FAIL  src/renderer/components/Dashboard/__tests__/FailedImagesReviewPanel.test.tsx > FailedImagesReviewPanel > Bulk Actions > handles bulk approve action
 FAIL  src/renderer/components/Dashboard/__tests__/FailedImagesReviewPanel.test.tsx > FailedImagesReviewPanel > Bulk Actions > handles bulk delete action
 FAIL  src/renderer/components/Dashboard/__tests__/FailedImagesReviewPanel.test.tsx > FailedImagesReviewPanel > Bulk Actions > opens processing settings modal for bulk retry
 FAIL  src/renderer/components/Dashboard/__tests__/FailedImagesReviewPanel.test.tsx > FailedImagesReviewPanel > Processing Settings Modal Integration > handles retry with original settings
 FAIL  src/renderer/components/Dashboard/__tests__/FailedImagesReviewPanel.test.tsx > FailedImagesReviewPanel > Processing Settings Modal Integration > handles retry with modified settings
 FAIL  src/renderer/components/Dashboard/__tests__/FailedImagesReviewPanel.test.tsx > FailedImagesReviewPanel > Error Handling > displays error message when loading fails
 FAIL  src/renderer/components/Dashboard/__tests__/FailedImagesReviewPanel.test.tsx > FailedImagesReviewPanel > Error Handling > displays error message when action fails
 FAIL  src/renderer/components/Dashboard/__tests__/FailedImagesReviewPanel.test.tsx > FailedImagesReviewPanel > Error Handling > clears error message when error is dismissed
 FAIL  src/renderer/components/Dashboard/__tests__/FailedImagesReviewPanel.test.tsx > FailedImagesReviewPanel > Filtering and Sorting > filters images by job execution
 FAIL  src/renderer/components/Dashboard/__tests__/FailedImagesReviewPanel.test.tsx > FailedImagesReviewPanel > Filtering and Sorting > filters images by search query
 FAIL  src/renderer/components/Dashboard/__tests__/FailedImagesReviewPanel.test.tsx > FailedImagesReviewPanel > Filtering and Sorting > sorts images by creation date
 FAIL  src/renderer/components/Dashboard/__tests__/FailedImagesReviewPanel.test.tsx > FailedImagesReviewPanel > Performance and Optimization > loads images on component mount
 FAIL  src/renderer/components/Dashboard/__tests__/FailedImagesReviewPanel.test.tsx > FailedImagesReviewPanel > Performance and Optimization > reloads images after successful actions
 FAIL  src/renderer/components/Dashboard/__tests__/FailedImagesReviewPanel.test.tsx > FailedImagesReviewPanel > Performance and Optimization > maintains selection state during individual actions
 FAIL  src/renderer/components/Dashboard/__tests__/FailedImagesReviewPanel.test.tsx > FailedImagesReviewPanel > Performance and Optimization > clears selection after bulk actions
TypeError: window.electronAPI.onRetryProgress is not a function
 ❯ src/renderer/components/Dashboard/FailedImagesReviewPanel.tsx:137:24
    135| 
    136|     // Register event listeners
    137|     window.electronAPI.onRetryProgress(handleRetryProgress);
       |                        ^
    138|     window.electronAPI.onRetryCompleted(handleRetryCompleted);
    139|     window.electronAPI.onRetryError(handleRetryError);
 ❯ Object.react_stack_bottom_frame node_modules/react-dom/cjs/react-dom-client.development.js:25989:20
 ❯ runWithFiberInDEV node_modules/react-dom/cjs/react-dom-client.development.js:874:13
 ❯ commitHookEffectListMount node_modules/react-dom/cjs/react-dom-client.development.js:13249:29
 ❯ commitHookPassiveMountEffects node_modules/react-dom/cjs/react-dom-client.development.js:13336:11
 ❯ commitPassiveMountOnFiber node_modules/react-dom/cjs/react-dom-client.development.js:15484:13
 ❯ recursivelyTraversePassiveMountEffects node_modules/react-dom/cjs/react-dom-client.development.js:15439:11
 ❯ commitPassiveMountOnFiber node_modules/react-dom/cjs/react-dom-client.development.js:15519:11
 ❯ flushPassiveEffects node_modules/react-dom/cjs/react-dom-client.development.js:18432:9
 ❯ node_modules/react-dom/cjs/react-dom-client.development.js:17923:15

⎯⎯⎯⎯⎯⎯⎯⎯⎯⎯⎯⎯⎯⎯⎯⎯⎯⎯⎯⎯[146/254]⎯

 FAIL  src/renderer/components/Dashboard/__tests__/ImageGallery.test.tsx > ImageGallery > renders image gallery with main sections
TestingLibraryElementError: Unable to find an element with the text: Generated Images. This could be because the text is broken up by multiple elements. In this case, you can provide a function for your text matcher to make your matcher more flexible.

Ignored nodes: comments, script, style
[36m<body>[39m
  [36m<div>[39m
    [36m<div[39m
      [33mclass[39m=[32m"flex flex-col h-full min-h-0"[39m
    [36m>[39m
      [36m<div[39m
        [33mclass[39m=[32m"flex-1 overflow-y-auto min-h-0"[39m
      [36m>[39m
        [36m<div[39m
          [33mclass[39m=[32m"grid grid-cols-2 md:grid-cols-3 lg:grid-cols-4 xl:grid-cols-6 gap-4 p-4"[39m
        [36m>[39m
          [36m<div[39m
            [33mclass[39m=[32m"relative bg-white border rounded-lg overflow-hidden transition-colors border-gray-200 hover:border-gray-300 hover:bg-gray-50"[39m
          [36m>[39m
            [36m<div[39m
              [33mclass[39m=[32m"absolute top-2 right-2 z-10"[39m
            [36m>[39m
              [36m<input[39m
                [33maria-label[39m=[32m"Select An abstract painting"[39m
                [33mclass[39m=[32m"rounded border-gray-300 text-blue-600 focus:ring-blue-500"[39m
                [33mtype[39m=[32m"checkbox"[39m
              [36m/>[39m
            [36m</div>[39m
            [36m<div[39m
              [33mclass[39m=[32m"relative aspect-square"[39m
            [36m>[39m
              [36m<div[39m
                [33mclass[39m=[32m"absolute top-2 left-2 z-10"[39m
              [36m>[39m
                [36m<span[39m
                  [33mclass[39m=[32m"inline-flex items-center gap-1 px-2 py-1 rounded-full text-sm font-medium border bg-green-100 text-green-800 border-green-200"[39m
                [36m>[39m
                  [36m<svg[39m
                    [33maria-hidden[39m=[32m"true"[39m
                    [33mclass[39m=[32m"w-4 h-4"[39m
                    [33mfill[39m=[32m"none"[39m
                    [33mstroke[39m=[32m"currentColor"[39m
                    [33mviewBox[39m=[32m"0 0 24 24"[39m
                  [36m>[39m
                    [36m<path[39m
                      [33md[39m=[32m"M5 13l4 4L19 7"[39m
                      [33mstroke-linecap[39m=[32m"round"[39m
                      [33mstroke-linejoin[39m=[32m"round"[39m
                      [33mstroke-width[39m=[32m"2"[39m
                    [36m/>[39m
                  [36m</svg>[39m
                  [0mApproved[0m
                [36m</span>[39m
              [36m</div>[39m
              [36m<img[39m
                [33malt[39m=[32m"An abstract painting"[39m
                [33mclass[39m=[32m"w-full h-full object-cover cursor-pointer"[39m
                [33msrc[39m=[32m"local-file:///path/to/image3.png"[39m
              [36m/>[39m
              [36m<div[39m
                [33mclass[39m=[32m"absolute inset-0 bg-black bg-opacity-0 hover:bg-opacity-50 transition-all duration-200 flex items-center justify-center opacity-0 hover:opacity-100"[39m
              [36m>[39m
                [36m<div[39m
                  [33mclass[39m=[32m"flex items-center space-x-2"[39m
                [36m>[39m
                  [36m<button[39m
                    [33maria-label[39m=[32m"View full size"[39m
                    [33mclass[39m=[32m"p-2 bg-blue-600 text-white rounded-full hover:bg-blue-700"[39m
                    [33mtitle[39m=[32m"View full size"[39m
                  [36m>[39m
                    [36m<svg[39m
                      [33mclass[39m=[32m"w-4 h-4"[39m
                      [33mfill[39m=[32m"none"[39m
                      [33mstroke[39m=[32m"currentColor"[39m
                      [33mviewBox[39m=[32m"0 0 24 24"[39m
                    [36m>[39m
                      [36m<path[39m
                        [33md[39m=[32m"M15 12a3 3 0 11-6 0 3 3 0 016 0z"[39m
                        [33mstroke-linecap[39m=[32m"round"[39m
                        [33mstroke-linejoin[39m=[32m"round"[39m
                        [33mstroke-width[39m=[32m"2"[39m
                      [36m/>[39m
                      [36m<path[39m
                        [33md[39m=[32m"M2.458 12C3.732 7.943 7.523 5 12 5c4.478 0 8.268 2.943 9.542 7-1.274 4.057-5.064 7-9.542 7-4.477 0-8.268-2.943-9.542-7z"[39m
                        [33mstroke-linecap[39m=[32m"round"[39m
                        [33mstroke-linejoin[39m=[32m"round"[39m
                        [33mstroke-width[39m=[32m"2"[39m
                      [36m/>[39m
                    [36m</svg>[39m
                  [36m</button>[39m
                  [36m<button[39m
                    [33maria-label[39m=[32m"Delete"[39m
                    [33mclass[39m=[32m"p-2 bg-red-600 text-white rounded-full hover:bg-red-700"[39m
                    [33mtitle[39m=[32m"Delete"[39m
                  [36m>[39m
                    [36m<svg[39m
                      [33mclass[39m=[32m"w-4 h-4"[39m
                      [33mfill[39m=[32m"none"[39m
                      [33mstroke[39m=[32m"currentColor"[39m
                      [33mviewBox[39m=[32m"0 0 24 24"[39m
                    [36m>[39m
                      [36m<path[39m
                        [33md[39m=[32m"M19 7l-.867 12.142A2 2 0 0116.138 21H7.862a2 2 0 01-1.995-1.858L5 7m5 4v6m4-6v6m1-10V4a1 1 0 00-1-1h-4a1 1 0 00-1 1v3M4 7h16"[39m
                        [33mstroke-linecap[39m=[32m"round"[39m
                        [33mstroke-linejoin[39m=[32m"round"[39m
                        [33mstroke-width[39m=[32m"2"[39m
                      [36m/>[39m
                    [36m</svg>[39m
                  [36m</button>[39m
                [36m</div>[39m
              [36m</div>[39m
            [36m</div>[39m
            [36m<div[39m
              [33mclass[39m=[32m"p-3 space-y-2"[39m
            [36m>[39m
              [36m<div>[39m
                [36m<div[39m
                  [33mclass[39m=[32m"text-sm font-medium text-gray-900 line-clamp-2"[39m
                  [33mtitle[39m=[32m"An abstract painting"[39m
                [36m>[39m
                  [0mAn abstract painting[0m
                [36m</div>[39m
                [36m<div[39m
                  [33mclass[39m=[32m"text-xs text-gray-500 truncate mt-1"[39m
                  [33mtitle[39m=[32m"Job job-2"[39m
                [36m>[39m
                  [0mJob job-2[0m
                [36m</div>[39m
              [36m</div>[39m
              [36m<div[39m
                [33mclass[39m=[32m"flex items-center justify-between text-xs text-gray-500 mt-2"[39m
              [36m>[39m
                [36m<div[39m
                  [33mclass[39m=[32m"flex items-center space-x-2"[39m
                [36m/>[39m
                [36m<div[39m
                  [33mtitle[39m=[32m"1/1/2024 12:02:00 PM"[39m
                [36m>[39m
                  [0m1/1/2024[0m
                [36m</div>[39m
              [36m</div>[39m
            [36m</div>[39m
          [36m</div>[39m
          [36m<div[39m
            ...
 ❯ Object.getElementError node_modules/@testing-library/dom/dist/config.js:37:19
 ❯ node_modules/@testing-library/dom/dist/query-helpers.js:76:38
 ❯ node_modules/@testing-library/dom/dist/query-helpers.js:52:17
 ❯ node_modules/@testing-library/dom/dist/query-helpers.js:95:19
 ❯ src/renderer/components/Dashboard/__tests__/ImageGallery.test.tsx:48:19
     46|     render(<ImageGallery {...defaultProps} />);
     47|     
     48|     expect(screen.getByText('Generated Images')).toBeInTheDocument();
       |                   ^
     49|     expect(screen.getByText('A beautiful landscape')).toBeInTheDocumen…
     50|     expect(screen.getByText('A portrait of a person')).toBeInTheDocume…

⎯⎯⎯⎯⎯⎯⎯⎯⎯⎯⎯⎯⎯⎯⎯⎯⎯⎯⎯⎯[147/254]⎯

 FAIL  src/renderer/components/Dashboard/__tests__/ImageGallery.test.tsx > ImageGallery > handles select all functionality
TestingLibraryElementError: Unable to find a label with the text of: Select all images

Ignored nodes: comments, script, style
[36m<body>[39m
  [36m<div>[39m
    [36m<div[39m
      [33mclass[39m=[32m"flex flex-col h-full min-h-0"[39m
    [36m>[39m
      [36m<div[39m
        [33mclass[39m=[32m"flex-1 overflow-y-auto min-h-0"[39m
      [36m>[39m
        [36m<div[39m
          [33mclass[39m=[32m"grid grid-cols-2 md:grid-cols-3 lg:grid-cols-4 xl:grid-cols-6 gap-4 p-4"[39m
        [36m>[39m
          [36m<div[39m
            [33mclass[39m=[32m"relative bg-white border rounded-lg overflow-hidden transition-colors border-gray-200 hover:border-gray-300 hover:bg-gray-50"[39m
          [36m>[39m
            [36m<div[39m
              [33mclass[39m=[32m"absolute top-2 right-2 z-10"[39m
            [36m>[39m
              [36m<input[39m
                [33maria-label[39m=[32m"Select An abstract painting"[39m
                [33mclass[39m=[32m"rounded border-gray-300 text-blue-600 focus:ring-blue-500"[39m
                [33mtype[39m=[32m"checkbox"[39m
              [36m/>[39m
            [36m</div>[39m
            [36m<div[39m
              [33mclass[39m=[32m"relative aspect-square"[39m
            [36m>[39m
              [36m<div[39m
                [33mclass[39m=[32m"absolute top-2 left-2 z-10"[39m
              [36m>[39m
                [36m<span[39m
                  [33mclass[39m=[32m"inline-flex items-center gap-1 px-2 py-1 rounded-full text-sm font-medium border bg-green-100 text-green-800 border-green-200"[39m
                [36m>[39m
                  [36m<svg[39m
                    [33maria-hidden[39m=[32m"true"[39m
                    [33mclass[39m=[32m"w-4 h-4"[39m
                    [33mfill[39m=[32m"none"[39m
                    [33mstroke[39m=[32m"currentColor"[39m
                    [33mviewBox[39m=[32m"0 0 24 24"[39m
                  [36m>[39m
                    [36m<path[39m
                      [33md[39m=[32m"M5 13l4 4L19 7"[39m
                      [33mstroke-linecap[39m=[32m"round"[39m
                      [33mstroke-linejoin[39m=[32m"round"[39m
                      [33mstroke-width[39m=[32m"2"[39m
                    [36m/>[39m
                  [36m</svg>[39m
                  [0mApproved[0m
                [36m</span>[39m
              [36m</div>[39m
              [36m<img[39m
                [33malt[39m=[32m"An abstract painting"[39m
                [33mclass[39m=[32m"w-full h-full object-cover cursor-pointer"[39m
                [33msrc[39m=[32m"local-file:///path/to/image3.png"[39m
              [36m/>[39m
              [36m<div[39m
                [33mclass[39m=[32m"absolute inset-0 bg-black bg-opacity-0 hover:bg-opacity-50 transition-all duration-200 flex items-center justify-center opacity-0 hover:opacity-100"[39m
              [36m>[39m
                [36m<div[39m
                  [33mclass[39m=[32m"flex items-center space-x-2"[39m
                [36m>[39m
                  [36m<button[39m
                    [33maria-label[39m=[32m"View full size"[39m
                    [33mclass[39m=[32m"p-2 bg-blue-600 text-white rounded-full hover:bg-blue-700"[39m
                    [33mtitle[39m=[32m"View full size"[39m
                  [36m>[39m
                    [36m<svg[39m
                      [33mclass[39m=[32m"w-4 h-4"[39m
                      [33mfill[39m=[32m"none"[39m
                      [33mstroke[39m=[32m"currentColor"[39m
                      [33mviewBox[39m=[32m"0 0 24 24"[39m
                    [36m>[39m
                      [36m<path[39m
                        [33md[39m=[32m"M15 12a3 3 0 11-6 0 3 3 0 016 0z"[39m
                        [33mstroke-linecap[39m=[32m"round"[39m
                        [33mstroke-linejoin[39m=[32m"round"[39m
                        [33mstroke-width[39m=[32m"2"[39m
                      [36m/>[39m
                      [36m<path[39m
                        [33md[39m=[32m"M2.458 12C3.732 7.943 7.523 5 12 5c4.478 0 8.268 2.943 9.542 7-1.274 4.057-5.064 7-9.542 7-4.477 0-8.268-2.943-9.542-7z"[39m
                        [33mstroke-linecap[39m=[32m"round"[39m
                        [33mstroke-linejoin[39m=[32m"round"[39m
                        [33mstroke-width[39m=[32m"2"[39m
                      [36m/>[39m
                    [36m</svg>[39m
                  [36m</button>[39m
                  [36m<button[39m
                    [33maria-label[39m=[32m"Delete"[39m
                    [33mclass[39m=[32m"p-2 bg-red-600 text-white rounded-full hover:bg-red-700"[39m
                    [33mtitle[39m=[32m"Delete"[39m
                  [36m>[39m
                    [36m<svg[39m
                      [33mclass[39m=[32m"w-4 h-4"[39m
                      [33mfill[39m=[32m"none"[39m
                      [33mstroke[39m=[32m"currentColor"[39m
                      [33mviewBox[39m=[32m"0 0 24 24"[39m
                    [36m>[39m
                      [36m<path[39m
                        [33md[39m=[32m"M19 7l-.867 12.142A2 2 0 0116.138 21H7.862a2 2 0 01-1.995-1.858L5 7m5 4v6m4-6v6m1-10V4a1 1 0 00-1-1h-4a1 1 0 00-1 1v3M4 7h16"[39m
                        [33mstroke-linecap[39m=[32m"round"[39m
                        [33mstroke-linejoin[39m=[32m"round"[39m
                        [33mstroke-width[39m=[32m"2"[39m
                      [36m/>[39m
                    [36m</svg>[39m
                  [36m</button>[39m
                [36m</div>[39m
              [36m</div>[39m
            [36m</div>[39m
            [36m<div[39m
              [33mclass[39m=[32m"p-3 space-y-2"[39m
            [36m>[39m
              [36m<div>[39m
                [36m<div[39m
                  [33mclass[39m=[32m"text-sm font-medium text-gray-900 line-clamp-2"[39m
                  [33mtitle[39m=[32m"An abstract painting"[39m
                [36m>[39m
                  [0mAn abstract painting[0m
                [36m</div>[39m
                [36m<div[39m
                  [33mclass[39m=[32m"text-xs text-gray-500 truncate mt-1"[39m
                  [33mtitle[39m=[32m"Job job-2"[39m
                [36m>[39m
                  [0mJob job-2[0m
                [36m</div>[39m
              [36m</div>[39m
              [36m<div[39m
                [33mclass[39m=[32m"flex items-center justify-between text-xs text-gray-500 mt-2"[39m
              [36m>[39m
                [36m<div[39m
                  [33mclass[39m=[32m"flex items-center space-x-2"[39m
                [36m/>[39m
                [36m<div[39m
                  [33mtitle[39m=[32m"1/1/2024 12:02:00 PM"[39m
                [36m>[39m
                  [0m1/1/2024[0m
                [36m</div>[39m
              [36m</div>[39m
            [36m</div>[39m
          [36m</div>[39m
          [36m<div[39m
            ...
 ❯ Object.getElementError node_modules/@testing-library/dom/dist/config.js:37:19
 ❯ getAllByLabelText node_modules/@testing-library/dom/dist/queries/label-text.js:111:38
 ❯ node_modules/@testing-library/dom/dist/query-helpers.js:52:17
 ❯ node_modules/@testing-library/dom/dist/query-helpers.js:95:19
 ❯ src/renderer/components/Dashboard/__tests__/ImageGallery.test.tsx:72:38
     70|     render(<ImageGallery {...defaultProps} />);
     71|     
     72|     const selectAllCheckbox = screen.getByLabelText('Select all images…
       |                                      ^
     73|     fireEvent.click(selectAllCheckbox);
     74|     

⎯⎯⎯⎯⎯⎯⎯⎯⎯⎯⎯⎯⎯⎯⎯⎯⎯⎯⎯⎯[148/254]⎯

 FAIL  src/renderer/components/Dashboard/__tests__/ImageGallery.test.tsx > ImageGallery > handles bulk actions (delete only)
TestingLibraryElementError: Unable to find an element with the text: Delete Selected. This could be because the text is broken up by multiple elements. In this case, you can provide a function for your text matcher to make your matcher more flexible.

Ignored nodes: comments, script, style
[36m<body>[39m
  [36m<div>[39m
    [36m<div[39m
      [33mclass[39m=[32m"flex flex-col h-full min-h-0"[39m
    [36m>[39m
      [36m<div[39m
        [33mclass[39m=[32m"flex-1 overflow-y-auto min-h-0"[39m
      [36m>[39m
        [36m<div[39m
          [33mclass[39m=[32m"grid grid-cols-2 md:grid-cols-3 lg:grid-cols-4 xl:grid-cols-6 gap-4 p-4"[39m
        [36m>[39m
          [36m<div[39m
            [33mclass[39m=[32m"relative bg-white border rounded-lg overflow-hidden transition-colors border-gray-200 hover:border-gray-300 hover:bg-gray-50"[39m
          [36m>[39m
            [36m<div[39m
              [33mclass[39m=[32m"absolute top-2 right-2 z-10"[39m
            [36m>[39m
              [36m<input[39m
                [33maria-label[39m=[32m"Select An abstract painting"[39m
                [33mclass[39m=[32m"rounded border-gray-300 text-blue-600 focus:ring-blue-500"[39m
                [33mtype[39m=[32m"checkbox"[39m
              [36m/>[39m
            [36m</div>[39m
            [36m<div[39m
              [33mclass[39m=[32m"relative aspect-square"[39m
            [36m>[39m
              [36m<div[39m
                [33mclass[39m=[32m"absolute top-2 left-2 z-10"[39m
              [36m>[39m
                [36m<span[39m
                  [33mclass[39m=[32m"inline-flex items-center gap-1 px-2 py-1 rounded-full text-sm font-medium border bg-green-100 text-green-800 border-green-200"[39m
                [36m>[39m
                  [36m<svg[39m
                    [33maria-hidden[39m=[32m"true"[39m
                    [33mclass[39m=[32m"w-4 h-4"[39m
                    [33mfill[39m=[32m"none"[39m
                    [33mstroke[39m=[32m"currentColor"[39m
                    [33mviewBox[39m=[32m"0 0 24 24"[39m
                  [36m>[39m
                    [36m<path[39m
                      [33md[39m=[32m"M5 13l4 4L19 7"[39m
                      [33mstroke-linecap[39m=[32m"round"[39m
                      [33mstroke-linejoin[39m=[32m"round"[39m
                      [33mstroke-width[39m=[32m"2"[39m
                    [36m/>[39m
                  [36m</svg>[39m
                  [0mApproved[0m
                [36m</span>[39m
              [36m</div>[39m
              [36m<img[39m
                [33malt[39m=[32m"An abstract painting"[39m
                [33mclass[39m=[32m"w-full h-full object-cover cursor-pointer"[39m
                [33msrc[39m=[32m"local-file:///path/to/image3.png"[39m
              [36m/>[39m
              [36m<div[39m
                [33mclass[39m=[32m"absolute inset-0 bg-black bg-opacity-0 hover:bg-opacity-50 transition-all duration-200 flex items-center justify-center opacity-0 hover:opacity-100"[39m
              [36m>[39m
                [36m<div[39m
                  [33mclass[39m=[32m"flex items-center space-x-2"[39m
                [36m>[39m
                  [36m<button[39m
                    [33maria-label[39m=[32m"View full size"[39m
                    [33mclass[39m=[32m"p-2 bg-blue-600 text-white rounded-full hover:bg-blue-700"[39m
                    [33mtitle[39m=[32m"View full size"[39m
                  [36m>[39m
                    [36m<svg[39m
                      [33mclass[39m=[32m"w-4 h-4"[39m
                      [33mfill[39m=[32m"none"[39m
                      [33mstroke[39m=[32m"currentColor"[39m
                      [33mviewBox[39m=[32m"0 0 24 24"[39m
                    [36m>[39m
                      [36m<path[39m
                        [33md[39m=[32m"M15 12a3 3 0 11-6 0 3 3 0 016 0z"[39m
                        [33mstroke-linecap[39m=[32m"round"[39m
                        [33mstroke-linejoin[39m=[32m"round"[39m
                        [33mstroke-width[39m=[32m"2"[39m
                      [36m/>[39m
                      [36m<path[39m
                        [33md[39m=[32m"M2.458 12C3.732 7.943 7.523 5 12 5c4.478 0 8.268 2.943 9.542 7-1.274 4.057-5.064 7-9.542 7-4.477 0-8.268-2.943-9.542-7z"[39m
                        [33mstroke-linecap[39m=[32m"round"[39m
                        [33mstroke-linejoin[39m=[32m"round"[39m
                        [33mstroke-width[39m=[32m"2"[39m
                      [36m/>[39m
                    [36m</svg>[39m
                  [36m</button>[39m
                  [36m<button[39m
                    [33maria-label[39m=[32m"Delete"[39m
                    [33mclass[39m=[32m"p-2 bg-red-600 text-white rounded-full hover:bg-red-700"[39m
                    [33mtitle[39m=[32m"Delete"[39m
                  [36m>[39m
                    [36m<svg[39m
                      [33mclass[39m=[32m"w-4 h-4"[39m
                      [33mfill[39m=[32m"none"[39m
                      [33mstroke[39m=[32m"currentColor"[39m
                      [33mviewBox[39m=[32m"0 0 24 24"[39m
                    [36m>[39m
                      [36m<path[39m
                        [33md[39m=[32m"M19 7l-.867 12.142A2 2 0 0116.138 21H7.862a2 2 0 01-1.995-1.858L5 7m5 4v6m4-6v6m1-10V4a1 1 0 00-1-1h-4a1 1 0 00-1 1v3M4 7h16"[39m
                        [33mstroke-linecap[39m=[32m"round"[39m
                        [33mstroke-linejoin[39m=[32m"round"[39m
                        [33mstroke-width[39m=[32m"2"[39m
                      [36m/>[39m
                    [36m</svg>[39m
                  [36m</button>[39m
                [36m</div>[39m
              [36m</div>[39m
            [36m</div>[39m
            [36m<div[39m
              [33mclass[39m=[32m"p-3 space-y-2"[39m
            [36m>[39m
              [36m<div>[39m
                [36m<div[39m
                  [33mclass[39m=[32m"text-sm font-medium text-gray-900 line-clamp-2"[39m
                  [33mtitle[39m=[32m"An abstract painting"[39m
                [36m>[39m
                  [0mAn abstract painting[0m
                [36m</div>[39m
                [36m<div[39m
                  [33mclass[39m=[32m"text-xs text-gray-500 truncate mt-1"[39m
                  [33mtitle[39m=[32m"Job job-2"[39m
                [36m>[39m
                  [0mJob job-2[0m
                [36m</div>[39m
              [36m</div>[39m
              [36m<div[39m
                [33mclass[39m=[32m"flex items-center justify-between text-xs text-gray-500 mt-2"[39m
              [36m>[39m
                [36m<div[39m
                  [33mclass[39m=[32m"flex items-center space-x-2"[39m
                [36m/>[39m
                [36m<div[39m
                  [33mtitle[39m=[32m"1/1/2024 12:02:00 PM"[39m
                [36m>[39m
                  [0m1/1/2024[0m
                [36m</div>[39m
              [36m</div>[39m
            [36m</div>[39m
          [36m</div>[39m
          [36m<div[39m
            ...
 ❯ Object.getElementError node_modules/@testing-library/dom/dist/config.js:37:19
 ❯ node_modules/@testing-library/dom/dist/query-helpers.js:76:38
 ❯ node_modules/@testing-library/dom/dist/query-helpers.js:52:17
 ❯ node_modules/@testing-library/dom/dist/query-helpers.js:95:19
 ❯ src/renderer/components/Dashboard/__tests__/ImageGallery.test.tsx:92:35
     90|     
     91|     // Trigger bulk delete action
     92|     const deleteSelected = screen.getByText('Delete Selected');
       |                                   ^
     93|     fireEvent.click(deleteSelected);
     94|     

⎯⎯⎯⎯⎯⎯⎯⎯⎯⎯⎯⎯⎯⎯⎯⎯⎯⎯⎯⎯[149/254]⎯

 FAIL  src/renderer/components/Dashboard/__tests__/ImageGallery.test.tsx > ImageGallery > switches between grid and list view
TestingLibraryElementError: Unable to find a label with the text of: List view

Ignored nodes: comments, script, style
[36m<body>[39m
  [36m<div>[39m
    [36m<div[39m
      [33mclass[39m=[32m"flex flex-col h-full min-h-0"[39m
    [36m>[39m
      [36m<div[39m
        [33mclass[39m=[32m"flex-1 overflow-y-auto min-h-0"[39m
      [36m>[39m
        [36m<div[39m
          [33mclass[39m=[32m"grid grid-cols-2 md:grid-cols-3 lg:grid-cols-4 xl:grid-cols-6 gap-4 p-4"[39m
        [36m>[39m
          [36m<div[39m
            [33mclass[39m=[32m"relative bg-white border rounded-lg overflow-hidden transition-colors border-gray-200 hover:border-gray-300 hover:bg-gray-50"[39m
          [36m>[39m
            [36m<div[39m
              [33mclass[39m=[32m"absolute top-2 right-2 z-10"[39m
            [36m>[39m
              [36m<input[39m
                [33maria-label[39m=[32m"Select An abstract painting"[39m
                [33mclass[39m=[32m"rounded border-gray-300 text-blue-600 focus:ring-blue-500"[39m
                [33mtype[39m=[32m"checkbox"[39m
              [36m/>[39m
            [36m</div>[39m
            [36m<div[39m
              [33mclass[39m=[32m"relative aspect-square"[39m
            [36m>[39m
              [36m<div[39m
                [33mclass[39m=[32m"absolute top-2 left-2 z-10"[39m
              [36m>[39m
                [36m<span[39m
                  [33mclass[39m=[32m"inline-flex items-center gap-1 px-2 py-1 rounded-full text-sm font-medium border bg-green-100 text-green-800 border-green-200"[39m
                [36m>[39m
                  [36m<svg[39m
                    [33maria-hidden[39m=[32m"true"[39m
                    [33mclass[39m=[32m"w-4 h-4"[39m
                    [33mfill[39m=[32m"none"[39m
                    [33mstroke[39m=[32m"currentColor"[39m
                    [33mviewBox[39m=[32m"0 0 24 24"[39m
                  [36m>[39m
                    [36m<path[39m
                      [33md[39m=[32m"M5 13l4 4L19 7"[39m
                      [33mstroke-linecap[39m=[32m"round"[39m
                      [33mstroke-linejoin[39m=[32m"round"[39m
                      [33mstroke-width[39m=[32m"2"[39m
                    [36m/>[39m
                  [36m</svg>[39m
                  [0mApproved[0m
                [36m</span>[39m
              [36m</div>[39m
              [36m<img[39m
                [33malt[39m=[32m"An abstract painting"[39m
                [33mclass[39m=[32m"w-full h-full object-cover cursor-pointer"[39m
                [33msrc[39m=[32m"local-file:///path/to/image3.png"[39m
              [36m/>[39m
              [36m<div[39m
                [33mclass[39m=[32m"absolute inset-0 bg-black bg-opacity-0 hover:bg-opacity-50 transition-all duration-200 flex items-center justify-center opacity-0 hover:opacity-100"[39m
              [36m>[39m
                [36m<div[39m
                  [33mclass[39m=[32m"flex items-center space-x-2"[39m
                [36m>[39m
                  [36m<button[39m
                    [33maria-label[39m=[32m"View full size"[39m
                    [33mclass[39m=[32m"p-2 bg-blue-600 text-white rounded-full hover:bg-blue-700"[39m
                    [33mtitle[39m=[32m"View full size"[39m
                  [36m>[39m
                    [36m<svg[39m
                      [33mclass[39m=[32m"w-4 h-4"[39m
                      [33mfill[39m=[32m"none"[39m
                      [33mstroke[39m=[32m"currentColor"[39m
                      [33mviewBox[39m=[32m"0 0 24 24"[39m
                    [36m>[39m
                      [36m<path[39m
                        [33md[39m=[32m"M15 12a3 3 0 11-6 0 3 3 0 016 0z"[39m
                        [33mstroke-linecap[39m=[32m"round"[39m
                        [33mstroke-linejoin[39m=[32m"round"[39m
                        [33mstroke-width[39m=[32m"2"[39m
                      [36m/>[39m
                      [36m<path[39m
                        [33md[39m=[32m"M2.458 12C3.732 7.943 7.523 5 12 5c4.478 0 8.268 2.943 9.542 7-1.274 4.057-5.064 7-9.542 7-4.477 0-8.268-2.943-9.542-7z"[39m
                        [33mstroke-linecap[39m=[32m"round"[39m
                        [33mstroke-linejoin[39m=[32m"round"[39m
                        [33mstroke-width[39m=[32m"2"[39m
                      [36m/>[39m
                    [36m</svg>[39m
                  [36m</button>[39m
                  [36m<button[39m
                    [33maria-label[39m=[32m"Delete"[39m
                    [33mclass[39m=[32m"p-2 bg-red-600 text-white rounded-full hover:bg-red-700"[39m
                    [33mtitle[39m=[32m"Delete"[39m
                  [36m>[39m
                    [36m<svg[39m
                      [33mclass[39m=[32m"w-4 h-4"[39m
                      [33mfill[39m=[32m"none"[39m
                      [33mstroke[39m=[32m"currentColor"[39m
                      [33mviewBox[39m=[32m"0 0 24 24"[39m
                    [36m>[39m
                      [36m<path[39m
                        [33md[39m=[32m"M19 7l-.867 12.142A2 2 0 0116.138 21H7.862a2 2 0 01-1.995-1.858L5 7m5 4v6m4-6v6m1-10V4a1 1 0 00-1-1h-4a1 1 0 00-1 1v3M4 7h16"[39m
                        [33mstroke-linecap[39m=[32m"round"[39m
                        [33mstroke-linejoin[39m=[32m"round"[39m
                        [33mstroke-width[39m=[32m"2"[39m
                      [36m/>[39m
                    [36m</svg>[39m
                  [36m</button>[39m
                [36m</div>[39m
              [36m</div>[39m
            [36m</div>[39m
            [36m<div[39m
              [33mclass[39m=[32m"p-3 space-y-2"[39m
            [36m>[39m
              [36m<div>[39m
                [36m<div[39m
                  [33mclass[39m=[32m"text-sm font-medium text-gray-900 line-clamp-2"[39m
                  [33mtitle[39m=[32m"An abstract painting"[39m
                [36m>[39m
                  [0mAn abstract painting[0m
                [36m</div>[39m
                [36m<div[39m
                  [33mclass[39m=[32m"text-xs text-gray-500 truncate mt-1"[39m
                  [33mtitle[39m=[32m"Job job-2"[39m
                [36m>[39m
                  [0mJob job-2[0m
                [36m</div>[39m
              [36m</div>[39m
              [36m<div[39m
                [33mclass[39m=[32m"flex items-center justify-between text-xs text-gray-500 mt-2"[39m
              [36m>[39m
                [36m<div[39m
                  [33mclass[39m=[32m"flex items-center space-x-2"[39m
                [36m/>[39m
                [36m<div[39m
                  [33mtitle[39m=[32m"1/1/2024 12:02:00 PM"[39m
                [36m>[39m
                  [0m1/1/2024[0m
                [36m</div>[39m
              [36m</div>[39m
            [36m</div>[39m
          [36m</div>[39m
          [36m<div[39m
            ...
 ❯ Object.getElementError node_modules/@testing-library/dom/dist/config.js:37:19
 ❯ getAllByLabelText node_modules/@testing-library/dom/dist/queries/label-text.js:111:38
 ❯ node_modules/@testing-library/dom/dist/query-helpers.js:52:17
 ❯ node_modules/@testing-library/dom/dist/query-helpers.js:95:19
 ❯ src/renderer/components/Dashboard/__tests__/ImageGallery.test.tsx:104:35
    102|     
    103|     // Switch to list view
    104|     const listViewButton = screen.getByLabelText('List view');
       |                                   ^
    105|     fireEvent.click(listViewButton);
    106|     

⎯⎯⎯⎯⎯⎯⎯⎯⎯⎯⎯⎯⎯⎯⎯⎯⎯⎯⎯⎯[150/254]⎯

 FAIL  src/renderer/components/Dashboard/__tests__/ImageGallery.test.tsx > ImageGallery > handles empty image gallery
TestingLibraryElementError: Unable to find an element with the text: No images found matching the current filters.. This could be because the text is broken up by multiple elements. In this case, you can provide a function for your text matcher to make your matcher more flexible.

Ignored nodes: comments, script, style
[36m<body>[39m
  [36m<div>[39m
    [36m<div[39m
      [33mclass[39m=[32m"flex flex-col h-full min-h-0"[39m
    [36m>[39m
      [36m<div[39m
        [33mclass[39m=[32m"flex-1 overflow-y-auto min-h-0"[39m
      [36m>[39m
        [36m<div[39m
          [33maria-live[39m=[32m"polite"[39m
          [33mclass[39m=[32m"text-center py-8 text-gray-500"[39m
        [36m>[39m
          [36m<div>[39m
            [0mNo images match the current filters.[0m
          [36m</div>[39m
        [36m</div>[39m
      [36m</div>[39m
    [36m</div>[39m
  [36m</div>[39m
[36m</body>[39m
 ❯ Object.getElementError node_modules/@testing-library/dom/dist/config.js:37:19
 ❯ node_modules/@testing-library/dom/dist/query-helpers.js:76:38
 ❯ node_modules/@testing-library/dom/dist/query-helpers.js:52:17
 ❯ node_modules/@testing-library/dom/dist/query-helpers.js:95:19
 ❯ src/renderer/components/Dashboard/__tests__/ImageGallery.test.tsx:144:19
    142|     render(<ImageGallery {...defaultProps} images={[]} />);
    143|     
    144|     expect(screen.getByText('No images found matching the current filt…
       |                   ^
    145|   });
    146| 

⎯⎯⎯⎯⎯⎯⎯⎯⎯⎯⎯⎯⎯⎯⎯⎯⎯⎯⎯⎯[151/254]⎯

 FAIL  src/renderer/components/Dashboard/__tests__/ImageGallery.test.tsx > ImageGallery > disables export when no images
TestingLibraryElementError: Unable to find an accessible element with the role "button" and name `/Export .*Excel/i`

There are no accessible roles. But there might be some inaccessible roles. If you wish to access them, then set the `hidden` option to `true`. Learn more about this here: https://testing-library.com/docs/dom-testing-library/api-queries#byrole

Ignored nodes: comments, script, style
[36m<body>[39m
  [36m<div>[39m
    [36m<div[39m
      [33mclass[39m=[32m"flex flex-col h-full min-h-0"[39m
    [36m>[39m
      [36m<div[39m
        [33mclass[39m=[32m"flex-1 overflow-y-auto min-h-0"[39m
      [36m>[39m
        [36m<div[39m
          [33maria-live[39m=[32m"polite"[39m
          [33mclass[39m=[32m"text-center py-8 text-gray-500"[39m
        [36m>[39m
          [36m<div>[39m
            [0mNo images match the current filters.[0m
          [36m</div>[39m
        [36m</div>[39m
      [36m</div>[39m
    [36m</div>[39m
  [36m</div>[39m
[36m</body>[39m
 ❯ Object.getElementError node_modules/@testing-library/dom/dist/config.js:37:19
 ❯ node_modules/@testing-library/dom/dist/query-helpers.js:76:38
 ❯ node_modules/@testing-library/dom/dist/query-helpers.js:52:17
 ❯ node_modules/@testing-library/dom/dist/query-helpers.js:95:19
 ❯ src/renderer/components/Dashboard/__tests__/ImageGallery.test.tsx:149:33
    147|   it('disables export when no images', () => {
    148|     render(<ImageGallery {...defaultProps} images={[]} />);
    149|     const exportButton = screen.getByRole('button', { name: /Export .*…
       |                                 ^
    150|     expect(exportButton).toBeDisabled();
    151|   });

⎯⎯⎯⎯⎯⎯⎯⎯⎯⎯⎯⎯⎯⎯⎯⎯⎯⎯⎯⎯[152/254]⎯

 FAIL  src/renderer/components/Dashboard/__tests__/ImageGallery.test.tsx > ImageGallery > displays image count correctly
TestingLibraryElementError: Unable to find an element with the text: 3 Total Images. This could be because the text is broken up by multiple elements. In this case, you can provide a function for your text matcher to make your matcher more flexible.

Ignored nodes: comments, script, style
[36m<body>[39m
  [36m<div>[39m
    [36m<div[39m
      [33mclass[39m=[32m"flex flex-col h-full min-h-0"[39m
    [36m>[39m
      [36m<div[39m
        [33mclass[39m=[32m"flex-1 overflow-y-auto min-h-0"[39m
      [36m>[39m
        [36m<div[39m
          [33mclass[39m=[32m"grid grid-cols-2 md:grid-cols-3 lg:grid-cols-4 xl:grid-cols-6 gap-4 p-4"[39m
        [36m>[39m
          [36m<div[39m
            [33mclass[39m=[32m"relative bg-white border rounded-lg overflow-hidden transition-colors border-gray-200 hover:border-gray-300 hover:bg-gray-50"[39m
          [36m>[39m
            [36m<div[39m
              [33mclass[39m=[32m"absolute top-2 right-2 z-10"[39m
            [36m>[39m
              [36m<input[39m
                [33maria-label[39m=[32m"Select An abstract painting"[39m
                [33mclass[39m=[32m"rounded border-gray-300 text-blue-600 focus:ring-blue-500"[39m
                [33mtype[39m=[32m"checkbox"[39m
              [36m/>[39m
            [36m</div>[39m
            [36m<div[39m
              [33mclass[39m=[32m"relative aspect-square"[39m
            [36m>[39m
              [36m<div[39m
                [33mclass[39m=[32m"absolute top-2 left-2 z-10"[39m
              [36m>[39m
                [36m<span[39m
                  [33mclass[39m=[32m"inline-flex items-center gap-1 px-2 py-1 rounded-full text-sm font-medium border bg-green-100 text-green-800 border-green-200"[39m
                [36m>[39m
                  [36m<svg[39m
                    [33maria-hidden[39m=[32m"true"[39m
                    [33mclass[39m=[32m"w-4 h-4"[39m
                    [33mfill[39m=[32m"none"[39m
                    [33mstroke[39m=[32m"currentColor"[39m
                    [33mviewBox[39m=[32m"0 0 24 24"[39m
                  [36m>[39m
                    [36m<path[39m
                      [33md[39m=[32m"M5 13l4 4L19 7"[39m
                      [33mstroke-linecap[39m=[32m"round"[39m
                      [33mstroke-linejoin[39m=[32m"round"[39m
                      [33mstroke-width[39m=[32m"2"[39m
                    [36m/>[39m
                  [36m</svg>[39m
                  [0mApproved[0m
                [36m</span>[39m
              [36m</div>[39m
              [36m<img[39m
                [33malt[39m=[32m"An abstract painting"[39m
                [33mclass[39m=[32m"w-full h-full object-cover cursor-pointer"[39m
                [33msrc[39m=[32m"local-file:///path/to/image3.png"[39m
              [36m/>[39m
              [36m<div[39m
                [33mclass[39m=[32m"absolute inset-0 bg-black bg-opacity-0 hover:bg-opacity-50 transition-all duration-200 flex items-center justify-center opacity-0 hover:opacity-100"[39m
              [36m>[39m
                [36m<div[39m
                  [33mclass[39m=[32m"flex items-center space-x-2"[39m
                [36m>[39m
                  [36m<button[39m
                    [33maria-label[39m=[32m"View full size"[39m
                    [33mclass[39m=[32m"p-2 bg-blue-600 text-white rounded-full hover:bg-blue-700"[39m
                    [33mtitle[39m=[32m"View full size"[39m
                  [36m>[39m
                    [36m<svg[39m
                      [33mclass[39m=[32m"w-4 h-4"[39m
                      [33mfill[39m=[32m"none"[39m
                      [33mstroke[39m=[32m"currentColor"[39m
                      [33mviewBox[39m=[32m"0 0 24 24"[39m
                    [36m>[39m
                      [36m<path[39m
                        [33md[39m=[32m"M15 12a3 3 0 11-6 0 3 3 0 016 0z"[39m
                        [33mstroke-linecap[39m=[32m"round"[39m
                        [33mstroke-linejoin[39m=[32m"round"[39m
                        [33mstroke-width[39m=[32m"2"[39m
                      [36m/>[39m
                      [36m<path[39m
                        [33md[39m=[32m"M2.458 12C3.732 7.943 7.523 5 12 5c4.478 0 8.268 2.943 9.542 7-1.274 4.057-5.064 7-9.542 7-4.477 0-8.268-2.943-9.542-7z"[39m
                        [33mstroke-linecap[39m=[32m"round"[39m
                        [33mstroke-linejoin[39m=[32m"round"[39m
                        [33mstroke-width[39m=[32m"2"[39m
                      [36m/>[39m
                    [36m</svg>[39m
                  [36m</button>[39m
                  [36m<button[39m
                    [33maria-label[39m=[32m"Delete"[39m
                    [33mclass[39m=[32m"p-2 bg-red-600 text-white rounded-full hover:bg-red-700"[39m
                    [33mtitle[39m=[32m"Delete"[39m
                  [36m>[39m
                    [36m<svg[39m
                      [33mclass[39m=[32m"w-4 h-4"[39m
                      [33mfill[39m=[32m"none"[39m
                      [33mstroke[39m=[32m"currentColor"[39m
                      [33mviewBox[39m=[32m"0 0 24 24"[39m
                    [36m>[39m
                      [36m<path[39m
                        [33md[39m=[32m"M19 7l-.867 12.142A2 2 0 0116.138 21H7.862a2 2 0 01-1.995-1.858L5 7m5 4v6m4-6v6m1-10V4a1 1 0 00-1-1h-4a1 1 0 00-1 1v3M4 7h16"[39m
                        [33mstroke-linecap[39m=[32m"round"[39m
                        [33mstroke-linejoin[39m=[32m"round"[39m
                        [33mstroke-width[39m=[32m"2"[39m
                      [36m/>[39m
                    [36m</svg>[39m
                  [36m</button>[39m
                [36m</div>[39m
              [36m</div>[39m
            [36m</div>[39m
            [36m<div[39m
              [33mclass[39m=[32m"p-3 space-y-2"[39m
            [36m>[39m
              [36m<div>[39m
                [36m<div[39m
                  [33mclass[39m=[32m"text-sm font-medium text-gray-900 line-clamp-2"[39m
                  [33mtitle[39m=[32m"An abstract painting"[39m
                [36m>[39m
                  [0mAn abstract painting[0m
                [36m</div>[39m
                [36m<div[39m
                  [33mclass[39m=[32m"text-xs text-gray-500 truncate mt-1"[39m
                  [33mtitle[39m=[32m"Job job-2"[39m
                [36m>[39m
                  [0mJob job-2[0m
                [36m</div>[39m
              [36m</div>[39m
              [36m<div[39m
                [33mclass[39m=[32m"flex items-center justify-between text-xs text-gray-500 mt-2"[39m
              [36m>[39m
                [36m<div[39m
                  [33mclass[39m=[32m"flex items-center space-x-2"[39m
                [36m/>[39m
                [36m<div[39m
                  [33mtitle[39m=[32m"1/1/2024 12:02:00 PM"[39m
                [36m>[39m
                  [0m1/1/2024[0m
                [36m</div>[39m
              [36m</div>[39m
            [36m</div>[39m
          [36m</div>[39m
          [36m<div[39m
            ...
 ❯ Object.getElementError node_modules/@testing-library/dom/dist/config.js:37:19
 ❯ node_modules/@testing-library/dom/dist/query-helpers.js:76:38
 ❯ node_modules/@testing-library/dom/dist/query-helpers.js:52:17
 ❯ node_modules/@testing-library/dom/dist/query-helpers.js:95:19
 ❯ src/renderer/components/Dashboard/__tests__/ImageGallery.test.tsx:156:19
    154|     render(<ImageGallery {...defaultProps} />);
    155|     
    156|     expect(screen.getByText('3 Total Images')).toBeInTheDocument();
       |                   ^
    157|   });
    158| 

⎯⎯⎯⎯⎯⎯⎯⎯⎯⎯⎯⎯⎯⎯⎯⎯⎯⎯⎯⎯[153/254]⎯

 FAIL  src/renderer/components/Dashboard/__tests__/ImageGallery.test.tsx > ImageGallery > handles images with missing metadata
TestingLibraryElementError: Unable to find an element with the text: Generated Images. This could be because the text is broken up by multiple elements. In this case, you can provide a function for your text matcher to make your matcher more flexible.

Ignored nodes: comments, script, style
[36m<body[39m
  [33mstyle[39m=[32m"overflow: unset;"[39m
[36m>[39m
  [36m<div>[39m
    [36m<div[39m
      [33mclass[39m=[32m"flex flex-col h-full min-h-0"[39m
    [36m>[39m
      [36m<div[39m
        [33mclass[39m=[32m"flex-1 overflow-y-auto min-h-0"[39m
      [36m>[39m
        [36m<div[39m
          [33mclass[39m=[32m"grid grid-cols-2 md:grid-cols-3 lg:grid-cols-4 xl:grid-cols-6 gap-4 p-4"[39m
        [36m>[39m
          [36m<div[39m
            [33mclass[39m=[32m"relative bg-white border rounded-lg overflow-hidden transition-colors border-gray-200 hover:border-gray-300 hover:bg-gray-50"[39m
          [36m>[39m
            [36m<div[39m
              [33mclass[39m=[32m"absolute top-2 right-2 z-10"[39m
            [36m>[39m
              [36m<input[39m
                [33maria-label[39m=[32m"Select undefined"[39m
                [33mclass[39m=[32m"rounded border-gray-300 text-blue-600 focus:ring-blue-500"[39m
                [33mtype[39m=[32m"checkbox"[39m
              [36m/>[39m
            [36m</div>[39m
            [36m<div[39m
              [33mclass[39m=[32m"relative aspect-square"[39m
            [36m>[39m
              [36m<div[39m
                [33mclass[39m=[32m"absolute top-2 left-2 z-10"[39m
              [36m>[39m
                [36m<span[39m
                  [33mclass[39m=[32m"inline-flex items-center gap-1 px-2 py-1 rounded-full text-sm font-medium border bg-green-100 text-green-800 border-green-200"[39m
                [36m>[39m
                  [36m<svg[39m
                    [33maria-hidden[39m=[32m"true"[39m
                    [33mclass[39m=[32m"w-4 h-4"[39m
                    [33mfill[39m=[32m"none"[39m
                    [33mstroke[39m=[32m"currentColor"[39m
                    [33mviewBox[39m=[32m"0 0 24 24"[39m
                  [36m>[39m
                    [36m<path[39m
                      [33md[39m=[32m"M5 13l4 4L19 7"[39m
                      [33mstroke-linecap[39m=[32m"round"[39m
                      [33mstroke-linejoin[39m=[32m"round"[39m
                      [33mstroke-width[39m=[32m"2"[39m
                    [36m/>[39m
                  [36m</svg>[39m
                  [0mApproved[0m
                [36m</span>[39m
              [36m</div>[39m
              [36m<img[39m
                [33mclass[39m=[32m"w-full h-full object-cover cursor-pointer"[39m
                [33msrc[39m=[32m"local-file:///path/to/image1.png"[39m
              [36m/>[39m
              [36m<div[39m
                [33mclass[39m=[32m"absolute inset-0 bg-black bg-opacity-0 hover:bg-opacity-50 transition-all duration-200 flex items-center justify-center opacity-0 hover:opacity-100"[39m
              [36m>[39m
                [36m<div[39m
                  [33mclass[39m=[32m"flex items-center space-x-2"[39m
                [36m>[39m
                  [36m<button[39m
                    [33maria-label[39m=[32m"View full size"[39m
                    [33mclass[39m=[32m"p-2 bg-blue-600 text-white rounded-full hover:bg-blue-700"[39m
                    [33mtitle[39m=[32m"View full size"[39m
                  [36m>[39m
                    [36m<svg[39m
                      [33mclass[39m=[32m"w-4 h-4"[39m
                      [33mfill[39m=[32m"none"[39m
                      [33mstroke[39m=[32m"currentColor"[39m
                      [33mviewBox[39m=[32m"0 0 24 24"[39m
                    [36m>[39m
                      [36m<path[39m
                        [33md[39m=[32m"M15 12a3 3 0 11-6 0 3 3 0 016 0z"[39m
                        [33mstroke-linecap[39m=[32m"round"[39m
                        [33mstroke-linejoin[39m=[32m"round"[39m
                        [33mstroke-width[39m=[32m"2"[39m
                      [36m/>[39m
                      [36m<path[39m
                        [33md[39m=[32m"M2.458 12C3.732 7.943 7.523 5 12 5c4.478 0 8.268 2.943 9.542 7-1.274 4.057-5.064 7-9.542 7-4.477 0-8.268-2.943-9.542-7z"[39m
                        [33mstroke-linecap[39m=[32m"round"[39m
                        [33mstroke-linejoin[39m=[32m"round"[39m
                        [33mstroke-width[39m=[32m"2"[39m
                      [36m/>[39m
                    [36m</svg>[39m
                  [36m</button>[39m
                  [36m<button[39m
                    [33maria-label[39m=[32m"Delete"[39m
                    [33mclass[39m=[32m"p-2 bg-red-600 text-white rounded-full hover:bg-red-700"[39m
                    [33mtitle[39m=[32m"Delete"[39m
                  [36m>[39m
                    [36m<svg[39m
                      [33mclass[39m=[32m"w-4 h-4"[39m
                      [33mfill[39m=[32m"none"[39m
                      [33mstroke[39m=[32m"currentColor"[39m
                      [33mviewBox[39m=[32m"0 0 24 24"[39m
                    [36m>[39m
                      [36m<path[39m
                        [33md[39m=[32m"M19 7l-.867 12.142A2 2 0 0116.138 21H7.862a2 2 0 01-1.995-1.858L5 7m5 4v6m4-6v6m1-10V4a1 1 0 00-1-1h-4a1 1 0 00-1 1v3M4 7h16"[39m
                        [33mstroke-linecap[39m=[32m"round"[39m
                        [33mstroke-linejoin[39m=[32m"round"[39m
                        [33mstroke-width[39m=[32m"2"[39m
                      [36m/>[39m
                    [36m</svg>[39m
                  [36m</button>[39m
                [36m</div>[39m
              [36m</div>[39m
            [36m</div>[39m
            [36m<div[39m
              [33mclass[39m=[32m"p-3 space-y-2"[39m
            [36m>[39m
              [36m<div>[39m
                [36m<div[39m
                  [33mclass[39m=[32m"text-sm font-medium text-gray-900 line-clamp-2"[39m
                  [33mtitle[39m=[32m"Untitled"[39m
                [36m>[39m
                  [0mUntitled[0m
                [36m</div>[39m
                [36m<div[39m
                  [33mclass[39m=[32m"text-xs text-gray-500 truncate mt-1"[39m
                  [33mtitle[39m=[32m"Job job-1"[39m
                [36m>[39m
                  [0mJob job-1[0m
                [36m</div>[39m
              [36m</div>[39m
              [36m<div[39m
                [33mclass[39m=[32m"flex items-center justify-between text-xs text-gray-500 mt-2"[39m
              [36m>[39m
                [36m<div[39m
                  [33mclass[39m=[32m"flex items-center space-x-2"[39m
                [36m/>[39m
                [36m<div[39m
                  [33mtitle[39m=[32m"1/1/2024 12:00:00 PM"[39m
                [36m>[39m
                  [0m1/1/2024[0m
                [36m</div>[39m
              [36m</div>[39m
            [36m</div>[39m
          [36m</div>[39m
        [36m</div>[39m
      [36m</div>[39m
    [36m</div>[39m
  [36m</div>[39m
[36m</body>[39m
 ❯ Object.getElementError node_modules/@testing-library/dom/dist/config.js:37:19
 ❯ node_modules/@testing-library/dom/dist/query-helpers.js:76:38
 ❯ node_modules/@testing-library/dom/dist/query-helpers.js:52:17
 ❯ node_modules/@testing-library/dom/dist/query-helpers.js:95:19
 ❯ src/renderer/components/Dashboard/__tests__/ImageGallery.test.tsx:202:19
    200|     
    201|     // Component displays card without crashing (assert header exists)
    202|     expect(screen.getByText('Generated Images')).toBeInTheDocument();
       |                   ^
    203|   });
    204| 

⎯⎯⎯⎯⎯⎯⎯⎯⎯⎯⎯⎯⎯⎯⎯⎯⎯⎯⎯⎯[154/254]⎯

 FAIL  src/renderer/components/Dashboard/__tests__/ImageGallery.test.tsx > ImageGallery > handles multiple image selections
TestingLibraryElementError: Unable to find an element with the text: Delete Selected. This could be because the text is broken up by multiple elements. In this case, you can provide a function for your text matcher to make your matcher more flexible.

Ignored nodes: comments, script, style
[36m<body[39m
  [33mstyle[39m=[32m"overflow: unset;"[39m
[36m>[39m
  [36m<div>[39m
    [36m<div[39m
      [33mclass[39m=[32m"flex flex-col h-full min-h-0"[39m
    [36m>[39m
      [36m<div[39m
        [33mclass[39m=[32m"flex-1 overflow-y-auto min-h-0"[39m
      [36m>[39m
        [36m<div[39m
          [33mclass[39m=[32m"grid grid-cols-2 md:grid-cols-3 lg:grid-cols-4 xl:grid-cols-6 gap-4 p-4"[39m
        [36m>[39m
          [36m<div[39m
            [33mclass[39m=[32m"relative bg-white border rounded-lg overflow-hidden transition-colors border-gray-200 hover:border-gray-300 hover:bg-gray-50"[39m
          [36m>[39m
            [36m<div[39m
              [33mclass[39m=[32m"absolute top-2 right-2 z-10"[39m
            [36m>[39m
              [36m<input[39m
                [33maria-label[39m=[32m"Select An abstract painting"[39m
                [33mclass[39m=[32m"rounded border-gray-300 text-blue-600 focus:ring-blue-500"[39m
                [33mtype[39m=[32m"checkbox"[39m
              [36m/>[39m
            [36m</div>[39m
            [36m<div[39m
              [33mclass[39m=[32m"relative aspect-square"[39m
            [36m>[39m
              [36m<div[39m
                [33mclass[39m=[32m"absolute top-2 left-2 z-10"[39m
              [36m>[39m
                [36m<span[39m
                  [33mclass[39m=[32m"inline-flex items-center gap-1 px-2 py-1 rounded-full text-sm font-medium border bg-green-100 text-green-800 border-green-200"[39m
                [36m>[39m
                  [36m<svg[39m
                    [33maria-hidden[39m=[32m"true"[39m
                    [33mclass[39m=[32m"w-4 h-4"[39m
                    [33mfill[39m=[32m"none"[39m
                    [33mstroke[39m=[32m"currentColor"[39m
                    [33mviewBox[39m=[32m"0 0 24 24"[39m
                  [36m>[39m
                    [36m<path[39m
                      [33md[39m=[32m"M5 13l4 4L19 7"[39m
                      [33mstroke-linecap[39m=[32m"round"[39m
                      [33mstroke-linejoin[39m=[32m"round"[39m
                      [33mstroke-width[39m=[32m"2"[39m
                    [36m/>[39m
                  [36m</svg>[39m
                  [0mApproved[0m
                [36m</span>[39m
              [36m</div>[39m
              [36m<img[39m
                [33malt[39m=[32m"An abstract painting"[39m
                [33mclass[39m=[32m"w-full h-full object-cover cursor-pointer"[39m
                [33msrc[39m=[32m"local-file:///path/to/image3.png"[39m
              [36m/>[39m
              [36m<div[39m
                [33mclass[39m=[32m"absolute inset-0 bg-black bg-opacity-0 hover:bg-opacity-50 transition-all duration-200 flex items-center justify-center opacity-0 hover:opacity-100"[39m
              [36m>[39m
                [36m<div[39m
                  [33mclass[39m=[32m"flex items-center space-x-2"[39m
                [36m>[39m
                  [36m<button[39m
                    [33maria-label[39m=[32m"View full size"[39m
                    [33mclass[39m=[32m"p-2 bg-blue-600 text-white rounded-full hover:bg-blue-700"[39m
                    [33mtitle[39m=[32m"View full size"[39m
                  [36m>[39m
                    [36m<svg[39m
                      [33mclass[39m=[32m"w-4 h-4"[39m
                      [33mfill[39m=[32m"none"[39m
                      [33mstroke[39m=[32m"currentColor"[39m
                      [33mviewBox[39m=[32m"0 0 24 24"[39m
                    [36m>[39m
                      [36m<path[39m
                        [33md[39m=[32m"M15 12a3 3 0 11-6 0 3 3 0 016 0z"[39m
                        [33mstroke-linecap[39m=[32m"round"[39m
                        [33mstroke-linejoin[39m=[32m"round"[39m
                        [33mstroke-width[39m=[32m"2"[39m
                      [36m/>[39m
                      [36m<path[39m
                        [33md[39m=[32m"M2.458 12C3.732 7.943 7.523 5 12 5c4.478 0 8.268 2.943 9.542 7-1.274 4.057-5.064 7-9.542 7-4.477 0-8.268-2.943-9.542-7z"[39m
                        [33mstroke-linecap[39m=[32m"round"[39m
                        [33mstroke-linejoin[39m=[32m"round"[39m
                        [33mstroke-width[39m=[32m"2"[39m
                      [36m/>[39m
                    [36m</svg>[39m
                  [36m</button>[39m
                  [36m<button[39m
                    [33maria-label[39m=[32m"Delete"[39m
                    [33mclass[39m=[32m"p-2 bg-red-600 text-white rounded-full hover:bg-red-700"[39m
                    [33mtitle[39m=[32m"Delete"[39m
                  [36m>[39m
                    [36m<svg[39m
                      [33mclass[39m=[32m"w-4 h-4"[39m
                      [33mfill[39m=[32m"none"[39m
                      [33mstroke[39m=[32m"currentColor"[39m
                      [33mviewBox[39m=[32m"0 0 24 24"[39m
                    [36m>[39m
                      [36m<path[39m
                        [33md[39m=[32m"M19 7l-.867 12.142A2 2 0 0116.138 21H7.862a2 2 0 01-1.995-1.858L5 7m5 4v6m4-6v6m1-10V4a1 1 0 00-1-1h-4a1 1 0 00-1 1v3M4 7h16"[39m
                        [33mstroke-linecap[39m=[32m"round"[39m
                        [33mstroke-linejoin[39m=[32m"round"[39m
                        [33mstroke-width[39m=[32m"2"[39m
                      [36m/>[39m
                    [36m</svg>[39m
                  [36m</button>[39m
                [36m</div>[39m
              [36m</div>[39m
            [36m</div>[39m
            [36m<div[39m
              [33mclass[39m=[32m"p-3 space-y-2"[39m
            [36m>[39m
              [36m<div>[39m
                [36m<div[39m
                  [33mclass[39m=[32m"text-sm font-medium text-gray-900 line-clamp-2"[39m
                  [33mtitle[39m=[32m"An abstract painting"[39m
                [36m>[39m
                  [0mAn abstract painting[0m
                [36m</div>[39m
                [36m<div[39m
                  [33mclass[39m=[32m"text-xs text-gray-500 truncate mt-1"[39m
                  [33mtitle[39m=[32m"Job job-2"[39m
                [36m>[39m
                  [0mJob job-2[0m
                [36m</div>[39m
              [36m</div>[39m
              [36m<div[39m
                [33mclass[39m=[32m"flex items-center justify-between text-xs text-gray-500 mt-2"[39m
              [36m>[39m
                [36m<div[39m
                  [33mclass[39m=[32m"flex items-center space-x-2"[39m
                [36m/>[39m
                [36m<div[39m
                  [33mtitle[39m=[32m"1/1/2024 12:02:00 PM"[39m
                [36m>[39m
                  [0m1/1/2024[0m
                [36m</div>[39m
              [36m</div>[39m
            [36m</div>[39m
       ...
 ❯ Object.getElementError node_modules/@testing-library/dom/dist/config.js:37:19
 ❯ node_modules/@testing-library/dom/dist/query-helpers.js:76:38
 ❯ node_modules/@testing-library/dom/dist/query-helpers.js:52:17
 ❯ node_modules/@testing-library/dom/dist/query-helpers.js:95:19
 ❯ src/renderer/components/Dashboard/__tests__/ImageGallery.test.tsx:257:19
    255|     
    256|     // Bulk delete should now be visible
    257|     expect(screen.getByText('Delete Selected')).toBeInTheDocument();
       |                   ^
    258|   });
    259| 

⎯⎯⎯⎯⎯⎯⎯⎯⎯⎯⎯⎯⎯⎯⎯⎯⎯⎯⎯⎯[155/254]⎯

 FAIL  src/renderer/components/Dashboard/__tests__/ImageGallery.test.tsx > ImageGallery > clears selection when filter changes
TestingLibraryElementError: Unable to find a label with the text of: Job

Ignored nodes: comments, script, style
[36m<body[39m
  [33mstyle[39m=[32m"overflow: unset;"[39m
[36m>[39m
  [36m<div>[39m
    [36m<div[39m
      [33mclass[39m=[32m"flex flex-col h-full min-h-0"[39m
    [36m>[39m
      [36m<div[39m
        [33mclass[39m=[32m"flex-1 overflow-y-auto min-h-0"[39m
      [36m>[39m
        [36m<div[39m
          [33mclass[39m=[32m"grid grid-cols-2 md:grid-cols-3 lg:grid-cols-4 xl:grid-cols-6 gap-4 p-4"[39m
        [36m>[39m
          [36m<div[39m
            [33mclass[39m=[32m"relative bg-white border rounded-lg overflow-hidden transition-colors border-gray-200 hover:border-gray-300 hover:bg-gray-50"[39m
          [36m>[39m
            [36m<div[39m
              [33mclass[39m=[32m"absolute top-2 right-2 z-10"[39m
            [36m>[39m
              [36m<input[39m
                [33maria-label[39m=[32m"Select An abstract painting"[39m
                [33mclass[39m=[32m"rounded border-gray-300 text-blue-600 focus:ring-blue-500"[39m
                [33mtype[39m=[32m"checkbox"[39m
              [36m/>[39m
            [36m</div>[39m
            [36m<div[39m
              [33mclass[39m=[32m"relative aspect-square"[39m
            [36m>[39m
              [36m<div[39m
                [33mclass[39m=[32m"absolute top-2 left-2 z-10"[39m
              [36m>[39m
                [36m<span[39m
                  [33mclass[39m=[32m"inline-flex items-center gap-1 px-2 py-1 rounded-full text-sm font-medium border bg-green-100 text-green-800 border-green-200"[39m
                [36m>[39m
                  [36m<svg[39m
                    [33maria-hidden[39m=[32m"true"[39m
                    [33mclass[39m=[32m"w-4 h-4"[39m
                    [33mfill[39m=[32m"none"[39m
                    [33mstroke[39m=[32m"currentColor"[39m
                    [33mviewBox[39m=[32m"0 0 24 24"[39m
                  [36m>[39m
                    [36m<path[39m
                      [33md[39m=[32m"M5 13l4 4L19 7"[39m
                      [33mstroke-linecap[39m=[32m"round"[39m
                      [33mstroke-linejoin[39m=[32m"round"[39m
                      [33mstroke-width[39m=[32m"2"[39m
                    [36m/>[39m
                  [36m</svg>[39m
                  [0mApproved[0m
                [36m</span>[39m
              [36m</div>[39m
              [36m<img[39m
                [33malt[39m=[32m"An abstract painting"[39m
                [33mclass[39m=[32m"w-full h-full object-cover cursor-pointer"[39m
                [33msrc[39m=[32m"local-file:///path/to/image3.png"[39m
              [36m/>[39m
              [36m<div[39m
                [33mclass[39m=[32m"absolute inset-0 bg-black bg-opacity-0 hover:bg-opacity-50 transition-all duration-200 flex items-center justify-center opacity-0 hover:opacity-100"[39m
              [36m>[39m
                [36m<div[39m
                  [33mclass[39m=[32m"flex items-center space-x-2"[39m
                [36m>[39m
                  [36m<button[39m
                    [33maria-label[39m=[32m"View full size"[39m
                    [33mclass[39m=[32m"p-2 bg-blue-600 text-white rounded-full hover:bg-blue-700"[39m
                    [33mtitle[39m=[32m"View full size"[39m
                  [36m>[39m
                    [36m<svg[39m
                      [33mclass[39m=[32m"w-4 h-4"[39m
                      [33mfill[39m=[32m"none"[39m
                      [33mstroke[39m=[32m"currentColor"[39m
                      [33mviewBox[39m=[32m"0 0 24 24"[39m
                    [36m>[39m
                      [36m<path[39m
                        [33md[39m=[32m"M15 12a3 3 0 11-6 0 3 3 0 016 0z"[39m
                        [33mstroke-linecap[39m=[32m"round"[39m
                        [33mstroke-linejoin[39m=[32m"round"[39m
                        [33mstroke-width[39m=[32m"2"[39m
                      [36m/>[39m
                      [36m<path[39m
                        [33md[39m=[32m"M2.458 12C3.732 7.943 7.523 5 12 5c4.478 0 8.268 2.943 9.542 7-1.274 4.057-5.064 7-9.542 7-4.477 0-8.268-2.943-9.542-7z"[39m
                        [33mstroke-linecap[39m=[32m"round"[39m
                        [33mstroke-linejoin[39m=[32m"round"[39m
                        [33mstroke-width[39m=[32m"2"[39m
                      [36m/>[39m
                    [36m</svg>[39m
                  [36m</button>[39m
                  [36m<button[39m
                    [33maria-label[39m=[32m"Delete"[39m
                    [33mclass[39m=[32m"p-2 bg-red-600 text-white rounded-full hover:bg-red-700"[39m
                    [33mtitle[39m=[32m"Delete"[39m
                  [36m>[39m
                    [36m<svg[39m
                      [33mclass[39m=[32m"w-4 h-4"[39m
                      [33mfill[39m=[32m"none"[39m
                      [33mstroke[39m=[32m"currentColor"[39m
                      [33mviewBox[39m=[32m"0 0 24 24"[39m
                    [36m>[39m
                      [36m<path[39m
                        [33md[39m=[32m"M19 7l-.867 12.142A2 2 0 0116.138 21H7.862a2 2 0 01-1.995-1.858L5 7m5 4v6m4-6v6m1-10V4a1 1 0 00-1-1h-4a1 1 0 00-1 1v3M4 7h16"[39m
                        [33mstroke-linecap[39m=[32m"round"[39m
                        [33mstroke-linejoin[39m=[32m"round"[39m
                        [33mstroke-width[39m=[32m"2"[39m
                      [36m/>[39m
                    [36m</svg>[39m
                  [36m</button>[39m
                [36m</div>[39m
              [36m</div>[39m
            [36m</div>[39m
            [36m<div[39m
              [33mclass[39m=[32m"p-3 space-y-2"[39m
            [36m>[39m
              [36m<div>[39m
                [36m<div[39m
                  [33mclass[39m=[32m"text-sm font-medium text-gray-900 line-clamp-2"[39m
                  [33mtitle[39m=[32m"An abstract painting"[39m
                [36m>[39m
                  [0mAn abstract painting[0m
                [36m</div>[39m
                [36m<div[39m
                  [33mclass[39m=[32m"text-xs text-gray-500 truncate mt-1"[39m
                  [33mtitle[39m=[32m"Job job-2"[39m
                [36m>[39m
                  [0mJob job-2[0m
                [36m</div>[39m
              [36m</div>[39m
              [36m<div[39m
                [33mclass[39m=[32m"flex items-center justify-between text-xs text-gray-500 mt-2"[39m
              [36m>[39m
                [36m<div[39m
                  [33mclass[39m=[32m"flex items-center space-x-2"[39m
                [36m/>[39m
                [36m<div[39m
                  [33mtitle[39m=[32m"1/1/2024 12:02:00 PM"[39m
                [36m>[39m
                  [0m1/1/2024[0m
                [36m</div>[39m
              [36m</div>[39m
            [36m</div>[39m
       ...
 ❯ Object.getElementError node_modules/@testing-library/dom/dist/config.js:37:19
 ❯ getAllByLabelText node_modules/@testing-library/dom/dist/queries/label-text.js:111:38
 ❯ node_modules/@testing-library/dom/dist/query-helpers.js:52:17
 ❯ node_modules/@testing-library/dom/dist/query-helpers.js:95:19
 ❯ src/renderer/components/Dashboard/__tests__/ImageGallery.test.tsx:269:30
    267|     
    268|     // Change Job filter clears selection
    269|     const jobFilter = screen.getByLabelText('Job') as HTMLSelectElemen…
       |                              ^
    270|     fireEvent.change(jobFilter, { target: { value: 'job-2' } });
    271|     

⎯⎯⎯⎯⎯⎯⎯⎯⎯⎯⎯⎯⎯⎯⎯⎯⎯⎯⎯⎯[156/254]⎯

 FAIL  src/renderer/components/Dashboard/__tests__/ImageGallery.test.tsx > ImageGallery > handles search functionality
TestingLibraryElementError: Unable to find an element with the placeholder text of: Search images...

Ignored nodes: comments, script, style
[36m<body[39m
  [33mstyle[39m=[32m"overflow: unset;"[39m
[36m>[39m
  [36m<div>[39m
    [36m<div[39m
      [33mclass[39m=[32m"flex flex-col h-full min-h-0"[39m
    [36m>[39m
      [36m<div[39m
        [33mclass[39m=[32m"flex-1 overflow-y-auto min-h-0"[39m
      [36m>[39m
        [36m<div[39m
          [33mclass[39m=[32m"grid grid-cols-2 md:grid-cols-3 lg:grid-cols-4 xl:grid-cols-6 gap-4 p-4"[39m
        [36m>[39m
          [36m<div[39m
            [33mclass[39m=[32m"relative bg-white border rounded-lg overflow-hidden transition-colors border-gray-200 hover:border-gray-300 hover:bg-gray-50"[39m
          [36m>[39m
            [36m<div[39m
              [33mclass[39m=[32m"absolute top-2 right-2 z-10"[39m
            [36m>[39m
              [36m<input[39m
                [33maria-label[39m=[32m"Select An abstract painting"[39m
                [33mclass[39m=[32m"rounded border-gray-300 text-blue-600 focus:ring-blue-500"[39m
                [33mtype[39m=[32m"checkbox"[39m
              [36m/>[39m
            [36m</div>[39m
            [36m<div[39m
              [33mclass[39m=[32m"relative aspect-square"[39m
            [36m>[39m
              [36m<div[39m
                [33mclass[39m=[32m"absolute top-2 left-2 z-10"[39m
              [36m>[39m
                [36m<span[39m
                  [33mclass[39m=[32m"inline-flex items-center gap-1 px-2 py-1 rounded-full text-sm font-medium border bg-green-100 text-green-800 border-green-200"[39m
                [36m>[39m
                  [36m<svg[39m
                    [33maria-hidden[39m=[32m"true"[39m
                    [33mclass[39m=[32m"w-4 h-4"[39m
                    [33mfill[39m=[32m"none"[39m
                    [33mstroke[39m=[32m"currentColor"[39m
                    [33mviewBox[39m=[32m"0 0 24 24"[39m
                  [36m>[39m
                    [36m<path[39m
                      [33md[39m=[32m"M5 13l4 4L19 7"[39m
                      [33mstroke-linecap[39m=[32m"round"[39m
                      [33mstroke-linejoin[39m=[32m"round"[39m
                      [33mstroke-width[39m=[32m"2"[39m
                    [36m/>[39m
                  [36m</svg>[39m
                  [0mApproved[0m
                [36m</span>[39m
              [36m</div>[39m
              [36m<img[39m
                [33malt[39m=[32m"An abstract painting"[39m
                [33mclass[39m=[32m"w-full h-full object-cover cursor-pointer"[39m
                [33msrc[39m=[32m"local-file:///path/to/image3.png"[39m
              [36m/>[39m
              [36m<div[39m
                [33mclass[39m=[32m"absolute inset-0 bg-black bg-opacity-0 hover:bg-opacity-50 transition-all duration-200 flex items-center justify-center opacity-0 hover:opacity-100"[39m
              [36m>[39m
                [36m<div[39m
                  [33mclass[39m=[32m"flex items-center space-x-2"[39m
                [36m>[39m
                  [36m<button[39m
                    [33maria-label[39m=[32m"View full size"[39m
                    [33mclass[39m=[32m"p-2 bg-blue-600 text-white rounded-full hover:bg-blue-700"[39m
                    [33mtitle[39m=[32m"View full size"[39m
                  [36m>[39m
                    [36m<svg[39m
                      [33mclass[39m=[32m"w-4 h-4"[39m
                      [33mfill[39m=[32m"none"[39m
                      [33mstroke[39m=[32m"currentColor"[39m
                      [33mviewBox[39m=[32m"0 0 24 24"[39m
                    [36m>[39m
                      [36m<path[39m
                        [33md[39m=[32m"M15 12a3 3 0 11-6 0 3 3 0 016 0z"[39m
                        [33mstroke-linecap[39m=[32m"round"[39m
                        [33mstroke-linejoin[39m=[32m"round"[39m
                        [33mstroke-width[39m=[32m"2"[39m
                      [36m/>[39m
                      [36m<path[39m
                        [33md[39m=[32m"M2.458 12C3.732 7.943 7.523 5 12 5c4.478 0 8.268 2.943 9.542 7-1.274 4.057-5.064 7-9.542 7-4.477 0-8.268-2.943-9.542-7z"[39m
                        [33mstroke-linecap[39m=[32m"round"[39m
                        [33mstroke-linejoin[39m=[32m"round"[39m
                        [33mstroke-width[39m=[32m"2"[39m
                      [36m/>[39m
                    [36m</svg>[39m
                  [36m</button>[39m
                  [36m<button[39m
                    [33maria-label[39m=[32m"Delete"[39m
                    [33mclass[39m=[32m"p-2 bg-red-600 text-white rounded-full hover:bg-red-700"[39m
                    [33mtitle[39m=[32m"Delete"[39m
                  [36m>[39m
                    [36m<svg[39m
                      [33mclass[39m=[32m"w-4 h-4"[39m
                      [33mfill[39m=[32m"none"[39m
                      [33mstroke[39m=[32m"currentColor"[39m
                      [33mviewBox[39m=[32m"0 0 24 24"[39m
                    [36m>[39m
                      [36m<path[39m
                        [33md[39m=[32m"M19 7l-.867 12.142A2 2 0 0116.138 21H7.862a2 2 0 01-1.995-1.858L5 7m5 4v6m4-6v6m1-10V4a1 1 0 00-1-1h-4a1 1 0 00-1 1v3M4 7h16"[39m
                        [33mstroke-linecap[39m=[32m"round"[39m
                        [33mstroke-linejoin[39m=[32m"round"[39m
                        [33mstroke-width[39m=[32m"2"[39m
                      [36m/>[39m
                    [36m</svg>[39m
                  [36m</button>[39m
                [36m</div>[39m
              [36m</div>[39m
            [36m</div>[39m
            [36m<div[39m
              [33mclass[39m=[32m"p-3 space-y-2"[39m
            [36m>[39m
              [36m<div>[39m
                [36m<div[39m
                  [33mclass[39m=[32m"text-sm font-medium text-gray-900 line-clamp-2"[39m
                  [33mtitle[39m=[32m"An abstract painting"[39m
                [36m>[39m
                  [0mAn abstract painting[0m
                [36m</div>[39m
                [36m<div[39m
                  [33mclass[39m=[32m"text-xs text-gray-500 truncate mt-1"[39m
                  [33mtitle[39m=[32m"Job job-2"[39m
                [36m>[39m
                  [0mJob job-2[0m
                [36m</div>[39m
              [36m</div>[39m
              [36m<div[39m
                [33mclass[39m=[32m"flex items-center justify-between text-xs text-gray-500 mt-2"[39m
              [36m>[39m
                [36m<div[39m
                  [33mclass[39m=[32m"flex items-center space-x-2"[39m
                [36m/>[39m
                [36m<div[39m
                  [33mtitle[39m=[32m"1/1/2024 12:02:00 PM"[39m
                [36m>[39m
                  [0m1/1/2024[0m
                [36m</div>[39m
              [36m</div>[39m
            [36m</div>[39m
       ...
 ❯ Object.getElementError node_modules/@testing-library/dom/dist/config.js:37:19
 ❯ node_modules/@testing-library/dom/dist/query-helpers.js:76:38
 ❯ node_modules/@testing-library/dom/dist/query-helpers.js:52:17
 ❯ node_modules/@testing-library/dom/dist/query-helpers.js:95:19
 ❯ src/renderer/components/Dashboard/__tests__/ImageGallery.test.tsx:281:32
    279|     render(<ImageGallery {...defaultProps} />);
    280|     
    281|     const searchInput = screen.getByPlaceholderText('Search images...'…
       |                                ^
    282|     fireEvent.change(searchInput, { target: { value: 'landscape' } });
    283|     

⎯⎯⎯⎯⎯⎯⎯⎯⎯⎯⎯⎯⎯⎯⎯⎯⎯⎯⎯⎯[157/254]⎯

 FAIL  src/renderer/components/Dashboard/__tests__/ImageGallery.test.tsx > ImageGallery > handles sort functionality
TestingLibraryElementError: Unable to find an element with the display value: Newest First.

Ignored nodes: comments, script, style
[36m<body[39m
  [33mstyle[39m=[32m"overflow: unset;"[39m
[36m>[39m
  [36m<div>[39m
    [36m<div[39m
      [33mclass[39m=[32m"flex flex-col h-full min-h-0"[39m
    [36m>[39m
      [36m<div[39m
        [33mclass[39m=[32m"flex-1 overflow-y-auto min-h-0"[39m
      [36m>[39m
        [36m<div[39m
          [33mclass[39m=[32m"grid grid-cols-2 md:grid-cols-3 lg:grid-cols-4 xl:grid-cols-6 gap-4 p-4"[39m
        [36m>[39m
          [36m<div[39m
            [33mclass[39m=[32m"relative bg-white border rounded-lg overflow-hidden transition-colors border-gray-200 hover:border-gray-300 hover:bg-gray-50"[39m
          [36m>[39m
            [36m<div[39m
              [33mclass[39m=[32m"absolute top-2 right-2 z-10"[39m
            [36m>[39m
              [36m<input[39m
                [33maria-label[39m=[32m"Select An abstract painting"[39m
                [33mclass[39m=[32m"rounded border-gray-300 text-blue-600 focus:ring-blue-500"[39m
                [33mtype[39m=[32m"checkbox"[39m
              [36m/>[39m
            [36m</div>[39m
            [36m<div[39m
              [33mclass[39m=[32m"relative aspect-square"[39m
            [36m>[39m
              [36m<div[39m
                [33mclass[39m=[32m"absolute top-2 left-2 z-10"[39m
              [36m>[39m
                [36m<span[39m
                  [33mclass[39m=[32m"inline-flex items-center gap-1 px-2 py-1 rounded-full text-sm font-medium border bg-green-100 text-green-800 border-green-200"[39m
                [36m>[39m
                  [36m<svg[39m
                    [33maria-hidden[39m=[32m"true"[39m
                    [33mclass[39m=[32m"w-4 h-4"[39m
                    [33mfill[39m=[32m"none"[39m
                    [33mstroke[39m=[32m"currentColor"[39m
                    [33mviewBox[39m=[32m"0 0 24 24"[39m
                  [36m>[39m
                    [36m<path[39m
                      [33md[39m=[32m"M5 13l4 4L19 7"[39m
                      [33mstroke-linecap[39m=[32m"round"[39m
                      [33mstroke-linejoin[39m=[32m"round"[39m
                      [33mstroke-width[39m=[32m"2"[39m
                    [36m/>[39m
                  [36m</svg>[39m
                  [0mApproved[0m
                [36m</span>[39m
              [36m</div>[39m
              [36m<img[39m
                [33malt[39m=[32m"An abstract painting"[39m
                [33mclass[39m=[32m"w-full h-full object-cover cursor-pointer"[39m
                [33msrc[39m=[32m"local-file:///path/to/image3.png"[39m
              [36m/>[39m
              [36m<div[39m
                [33mclass[39m=[32m"absolute inset-0 bg-black bg-opacity-0 hover:bg-opacity-50 transition-all duration-200 flex items-center justify-center opacity-0 hover:opacity-100"[39m
              [36m>[39m
                [36m<div[39m
                  [33mclass[39m=[32m"flex items-center space-x-2"[39m
                [36m>[39m
                  [36m<button[39m
                    [33maria-label[39m=[32m"View full size"[39m
                    [33mclass[39m=[32m"p-2 bg-blue-600 text-white rounded-full hover:bg-blue-700"[39m
                    [33mtitle[39m=[32m"View full size"[39m
                  [36m>[39m
                    [36m<svg[39m
                      [33mclass[39m=[32m"w-4 h-4"[39m
                      [33mfill[39m=[32m"none"[39m
                      [33mstroke[39m=[32m"currentColor"[39m
                      [33mviewBox[39m=[32m"0 0 24 24"[39m
                    [36m>[39m
                      [36m<path[39m
                        [33md[39m=[32m"M15 12a3 3 0 11-6 0 3 3 0 016 0z"[39m
                        [33mstroke-linecap[39m=[32m"round"[39m
                        [33mstroke-linejoin[39m=[32m"round"[39m
                        [33mstroke-width[39m=[32m"2"[39m
                      [36m/>[39m
                      [36m<path[39m
                        [33md[39m=[32m"M2.458 12C3.732 7.943 7.523 5 12 5c4.478 0 8.268 2.943 9.542 7-1.274 4.057-5.064 7-9.542 7-4.477 0-8.268-2.943-9.542-7z"[39m
                        [33mstroke-linecap[39m=[32m"round"[39m
                        [33mstroke-linejoin[39m=[32m"round"[39m
                        [33mstroke-width[39m=[32m"2"[39m
                      [36m/>[39m
                    [36m</svg>[39m
                  [36m</button>[39m
                  [36m<button[39m
                    [33maria-label[39m=[32m"Delete"[39m
                    [33mclass[39m=[32m"p-2 bg-red-600 text-white rounded-full hover:bg-red-700"[39m
                    [33mtitle[39m=[32m"Delete"[39m
                  [36m>[39m
                    [36m<svg[39m
                      [33mclass[39m=[32m"w-4 h-4"[39m
                      [33mfill[39m=[32m"none"[39m
                      [33mstroke[39m=[32m"currentColor"[39m
                      [33mviewBox[39m=[32m"0 0 24 24"[39m
                    [36m>[39m
                      [36m<path[39m
                        [33md[39m=[32m"M19 7l-.867 12.142A2 2 0 0116.138 21H7.862a2 2 0 01-1.995-1.858L5 7m5 4v6m4-6v6m1-10V4a1 1 0 00-1-1h-4a1 1 0 00-1 1v3M4 7h16"[39m
                        [33mstroke-linecap[39m=[32m"round"[39m
                        [33mstroke-linejoin[39m=[32m"round"[39m
                        [33mstroke-width[39m=[32m"2"[39m
                      [36m/>[39m
                    [36m</svg>[39m
                  [36m</button>[39m
                [36m</div>[39m
              [36m</div>[39m
            [36m</div>[39m
            [36m<div[39m
              [33mclass[39m=[32m"p-3 space-y-2"[39m
            [36m>[39m
              [36m<div>[39m
                [36m<div[39m
                  [33mclass[39m=[32m"text-sm font-medium text-gray-900 line-clamp-2"[39m
                  [33mtitle[39m=[32m"An abstract painting"[39m
                [36m>[39m
                  [0mAn abstract painting[0m
                [36m</div>[39m
                [36m<div[39m
                  [33mclass[39m=[32m"text-xs text-gray-500 truncate mt-1"[39m
                  [33mtitle[39m=[32m"Job job-2"[39m
                [36m>[39m
                  [0mJob job-2[0m
                [36m</div>[39m
              [36m</div>[39m
              [36m<div[39m
                [33mclass[39m=[32m"flex items-center justify-between text-xs text-gray-500 mt-2"[39m
              [36m>[39m
                [36m<div[39m
                  [33mclass[39m=[32m"flex items-center space-x-2"[39m
                [36m/>[39m
                [36m<div[39m
                  [33mtitle[39m=[32m"1/1/2024 12:02:00 PM"[39m
                [36m>[39m
                  [0m1/1/2024[0m
                [36m</div>[39m
              [36m</div>[39m
            [36m</div>[39m
       ...
 ❯ Object.getElementError node_modules/@testing-library/dom/dist/config.js:37:19
 ❯ node_modules/@testing-library/dom/dist/query-helpers.js:76:38
 ❯ node_modules/@testing-library/dom/dist/query-helpers.js:52:17
 ❯ node_modules/@testing-library/dom/dist/query-helpers.js:95:19
 ❯ src/renderer/components/Dashboard/__tests__/ImageGallery.test.tsx:292:31
    290|     render(<ImageGallery {...defaultProps} />);
    291|     
    292|     const sortSelect = screen.getByDisplayValue('Newest First');
       |                               ^
    293|     fireEvent.change(sortSelect, { target: { value: 'oldest' } });
    294|     

⎯⎯⎯⎯⎯⎯⎯⎯⎯⎯⎯⎯⎯⎯⎯⎯⎯⎯⎯⎯[158/254]⎯

 FAIL  src/renderer/components/Dashboard/__tests__/ImageGallery.test.tsx > ImageGallery > handles view mode toggle
TestingLibraryElementError: Unable to find a label with the text of: List view

Ignored nodes: comments, script, style
[36m<body[39m
  [33mstyle[39m=[32m"overflow: unset;"[39m
[36m>[39m
  [36m<div>[39m
    [36m<div[39m
      [33mclass[39m=[32m"flex flex-col h-full min-h-0"[39m
    [36m>[39m
      [36m<div[39m
        [33mclass[39m=[32m"flex-1 overflow-y-auto min-h-0"[39m
      [36m>[39m
        [36m<div[39m
          [33mclass[39m=[32m"grid grid-cols-2 md:grid-cols-3 lg:grid-cols-4 xl:grid-cols-6 gap-4 p-4"[39m
        [36m>[39m
          [36m<div[39m
            [33mclass[39m=[32m"relative bg-white border rounded-lg overflow-hidden transition-colors border-gray-200 hover:border-gray-300 hover:bg-gray-50"[39m
          [36m>[39m
            [36m<div[39m
              [33mclass[39m=[32m"absolute top-2 right-2 z-10"[39m
            [36m>[39m
              [36m<input[39m
                [33maria-label[39m=[32m"Select An abstract painting"[39m
                [33mclass[39m=[32m"rounded border-gray-300 text-blue-600 focus:ring-blue-500"[39m
                [33mtype[39m=[32m"checkbox"[39m
              [36m/>[39m
            [36m</div>[39m
            [36m<div[39m
              [33mclass[39m=[32m"relative aspect-square"[39m
            [36m>[39m
              [36m<div[39m
                [33mclass[39m=[32m"absolute top-2 left-2 z-10"[39m
              [36m>[39m
                [36m<span[39m
                  [33mclass[39m=[32m"inline-flex items-center gap-1 px-2 py-1 rounded-full text-sm font-medium border bg-green-100 text-green-800 border-green-200"[39m
                [36m>[39m
                  [36m<svg[39m
                    [33maria-hidden[39m=[32m"true"[39m
                    [33mclass[39m=[32m"w-4 h-4"[39m
                    [33mfill[39m=[32m"none"[39m
                    [33mstroke[39m=[32m"currentColor"[39m
                    [33mviewBox[39m=[32m"0 0 24 24"[39m
                  [36m>[39m
                    [36m<path[39m
                      [33md[39m=[32m"M5 13l4 4L19 7"[39m
                      [33mstroke-linecap[39m=[32m"round"[39m
                      [33mstroke-linejoin[39m=[32m"round"[39m
                      [33mstroke-width[39m=[32m"2"[39m
                    [36m/>[39m
                  [36m</svg>[39m
                  [0mApproved[0m
                [36m</span>[39m
              [36m</div>[39m
              [36m<img[39m
                [33malt[39m=[32m"An abstract painting"[39m
                [33mclass[39m=[32m"w-full h-full object-cover cursor-pointer"[39m
                [33msrc[39m=[32m"local-file:///path/to/image3.png"[39m
              [36m/>[39m
              [36m<div[39m
                [33mclass[39m=[32m"absolute inset-0 bg-black bg-opacity-0 hover:bg-opacity-50 transition-all duration-200 flex items-center justify-center opacity-0 hover:opacity-100"[39m
              [36m>[39m
                [36m<div[39m
                  [33mclass[39m=[32m"flex items-center space-x-2"[39m
                [36m>[39m
                  [36m<button[39m
                    [33maria-label[39m=[32m"View full size"[39m
                    [33mclass[39m=[32m"p-2 bg-blue-600 text-white rounded-full hover:bg-blue-700"[39m
                    [33mtitle[39m=[32m"View full size"[39m
                  [36m>[39m
                    [36m<svg[39m
                      [33mclass[39m=[32m"w-4 h-4"[39m
                      [33mfill[39m=[32m"none"[39m
                      [33mstroke[39m=[32m"currentColor"[39m
                      [33mviewBox[39m=[32m"0 0 24 24"[39m
                    [36m>[39m
                      [36m<path[39m
                        [33md[39m=[32m"M15 12a3 3 0 11-6 0 3 3 0 016 0z"[39m
                        [33mstroke-linecap[39m=[32m"round"[39m
                        [33mstroke-linejoin[39m=[32m"round"[39m
                        [33mstroke-width[39m=[32m"2"[39m
                      [36m/>[39m
                      [36m<path[39m
                        [33md[39m=[32m"M2.458 12C3.732 7.943 7.523 5 12 5c4.478 0 8.268 2.943 9.542 7-1.274 4.057-5.064 7-9.542 7-4.477 0-8.268-2.943-9.542-7z"[39m
                        [33mstroke-linecap[39m=[32m"round"[39m
                        [33mstroke-linejoin[39m=[32m"round"[39m
                        [33mstroke-width[39m=[32m"2"[39m
                      [36m/>[39m
                    [36m</svg>[39m
                  [36m</button>[39m
                  [36m<button[39m
                    [33maria-label[39m=[32m"Delete"[39m
                    [33mclass[39m=[32m"p-2 bg-red-600 text-white rounded-full hover:bg-red-700"[39m
                    [33mtitle[39m=[32m"Delete"[39m
                  [36m>[39m
                    [36m<svg[39m
                      [33mclass[39m=[32m"w-4 h-4"[39m
                      [33mfill[39m=[32m"none"[39m
                      [33mstroke[39m=[32m"currentColor"[39m
                      [33mviewBox[39m=[32m"0 0 24 24"[39m
                    [36m>[39m
                      [36m<path[39m
                        [33md[39m=[32m"M19 7l-.867 12.142A2 2 0 0116.138 21H7.862a2 2 0 01-1.995-1.858L5 7m5 4v6m4-6v6m1-10V4a1 1 0 00-1-1h-4a1 1 0 00-1 1v3M4 7h16"[39m
                        [33mstroke-linecap[39m=[32m"round"[39m
                        [33mstroke-linejoin[39m=[32m"round"[39m
                        [33mstroke-width[39m=[32m"2"[39m
                      [36m/>[39m
                    [36m</svg>[39m
                  [36m</button>[39m
                [36m</div>[39m
              [36m</div>[39m
            [36m</div>[39m
            [36m<div[39m
              [33mclass[39m=[32m"p-3 space-y-2"[39m
            [36m>[39m
              [36m<div>[39m
                [36m<div[39m
                  [33mclass[39m=[32m"text-sm font-medium text-gray-900 line-clamp-2"[39m
                  [33mtitle[39m=[32m"An abstract painting"[39m
                [36m>[39m
                  [0mAn abstract painting[0m
                [36m</div>[39m
                [36m<div[39m
                  [33mclass[39m=[32m"text-xs text-gray-500 truncate mt-1"[39m
                  [33mtitle[39m=[32m"Job job-2"[39m
                [36m>[39m
                  [0mJob job-2[0m
                [36m</div>[39m
              [36m</div>[39m
              [36m<div[39m
                [33mclass[39m=[32m"flex items-center justify-between text-xs text-gray-500 mt-2"[39m
              [36m>[39m
                [36m<div[39m
                  [33mclass[39m=[32m"flex items-center space-x-2"[39m
                [36m/>[39m
                [36m<div[39m
                  [33mtitle[39m=[32m"1/1/2024 12:02:00 PM"[39m
                [36m>[39m
                  [0m1/1/2024[0m
                [36m</div>[39m
              [36m</div>[39m
            [36m</div>[39m
       ...
 ❯ Object.getElementError node_modules/@testing-library/dom/dist/config.js:37:19
 ❯ getAllByLabelText node_modules/@testing-library/dom/dist/queries/label-text.js:111:38
 ❯ node_modules/@testing-library/dom/dist/query-helpers.js:52:17
 ❯ node_modules/@testing-library/dom/dist/query-helpers.js:95:19
 ❯ src/renderer/components/Dashboard/__tests__/ImageGallery.test.tsx:304:35
    302|     
    303|     // Switch to list view
    304|     const listViewButton = screen.getByLabelText('List view');
       |                                   ^
    305|     fireEvent.click(listViewButton);
    306|     

⎯⎯⎯⎯⎯⎯⎯⎯⎯⎯⎯⎯⎯⎯⎯⎯⎯⎯⎯⎯[159/254]⎯

 FAIL  src/renderer/components/Dashboard/__tests__/ImageModal.test.tsx > ImageModal > renders modal when open
TestingLibraryElementError: Unable to find an element with the text: approved. This could be because the text is broken up by multiple elements. In this case, you can provide a function for your text matcher to make your matcher more flexible.

Ignored nodes: comments, script, style
[36m<body[39m
  [33mstyle[39m=[32m"overflow: hidden;"[39m
[36m>[39m
  [36m<div>[39m
    [36m<div[39m
      [33mclass[39m=[32m"fixed inset-0 z-50 overflow-y-auto"[39m
    [36m>[39m
      [36m<div[39m
        [33maria-hidden[39m=[32m"true"[39m
        [33mclass[39m=[32m"fixed inset-0 bg-black bg-opacity-50 transition-opacity"[39m
      [36m/>[39m
      [36m<div[39m
        [33mclass[39m=[32m"flex min-h-full items-center justify-center p-4"[39m
      [36m>[39m
        [36m<div[39m
          [33mclass[39m=[32m"relative bg-white rounded-lg shadow-xl max-w-6xl w-full max-h-[90vh] overflow-hidden"[39m
        [36m>[39m
          [36m<div[39m
            [33mclass[39m=[32m"flex items-center justify-between p-4 border-b border-gray-200"[39m
          [36m>[39m
            [36m<div[39m
              [33mclass[39m=[32m"flex items-center space-x-3"[39m
            [36m>[39m
              [36m<h2[39m
                [33mclass[39m=[32m"text-xl font-semibold text-gray-900"[39m
              [36m>[39m
                [0mImage Details[0m
              [36m</h2>[39m
              [36m<span[39m
                [33mclass[39m=[32m"inline-flex items-center gap-1 px-2 py-1 rounded-full text-sm font-medium border bg-green-100 text-green-800 border-green-200"[39m
              [36m>[39m
                [36m<svg[39m
                  [33maria-hidden[39m=[32m"true"[39m
                  [33mclass[39m=[32m"w-4 h-4"[39m
                  [33mfill[39m=[32m"none"[39m
                  [33mstroke[39m=[32m"currentColor"[39m
                  [33mviewBox[39m=[32m"0 0 24 24"[39m
                [36m>[39m
                  [36m<path[39m
                    [33md[39m=[32m"M5 13l4 4L19 7"[39m
                    [33mstroke-linecap[39m=[32m"round"[39m
                    [33mstroke-linejoin[39m=[32m"round"[39m
                    [33mstroke-width[39m=[32m"2"[39m
                  [36m/>[39m
                [36m</svg>[39m
                [0mApproved[0m
              [36m</span>[39m
            [36m</div>[39m
            [36m<div[39m
              [33mclass[39m=[32m"flex items-center space-x-2"[39m
            [36m>[39m
              [36m<button[39m
                [33maria-label[39m=[32m"Delete image permanently"[39m
                [33mclass[39m=[32m"review-modal-button bg-red-600 text-white hover:bg-red-700"[39m
                [33mtitle[39m=[32m"Delete image permanently"[39m
                [33mtype[39m=[32m"button"[39m
              [36m>[39m
                [36m<svg[39m
                  [33mfill[39m=[32m"none"[39m
                  [33mstroke[39m=[32m"currentColor"[39m
                  [33mviewBox[39m=[32m"0 0 24 24"[39m
                [36m>[39m
                  [36m<path[39m
                    [33md[39m=[32m"M19 7l-.867 12.142A2 2 0 0116.138 21H7.862a2 2 0 01-1.995-1.858L5 7m5 4v6m4-6v6m1-10V4a1 1 0 00-1-1h-4a1 1 0 00-1 1v3M4 7h16"[39m
                    [33mstroke-linecap[39m=[32m"round"[39m
                    [33mstroke-linejoin[39m=[32m"round"[39m
                    [33mstroke-width[39m=[32m"2"[39m
                  [36m/>[39m
                [36m</svg>[39m
                [0mDelete[0m
              [36m</button>[39m
              [36m<button[39m
                [33maria-label[39m=[32m"Image Control Info"[39m
                [33mclass[39m=[32m"px-2 py-1 text-xs bg-white hover:bg-gray-50 border border-gray-200 text-gray-700 rounded"[39m
                [33mtitle[39m=[32m"Image Control Info"[39m
                [33mtype[39m=[32m"button"[39m
              [36m>[39m
                [0mImage Control Info[0m
              [36m</button>[39m
              [36m<div[39m
                [33mclass[39m=[32m"flex items-center space-x-1"[39m
              [36m>[39m
                [36m<button[39m
                  [33maria-label[39m=[32m"Previous image"[39m
                  [33mclass[39m=[32m"p-2 rounded-md transition-colors text-gray-600 hover:text-gray-900 hover:bg-gray-100"[39m
                [36m>[39m
                  [36m<svg[39m
                    [33mclass[39m=[32m"w-5 h-5"[39m
                    [33mfill[39m=[32m"none"[39m
                    [33mstroke[39m=[32m"currentColor"[39m
                    [33mviewBox[39m=[32m"0 0 24 24"[39m
                  [36m>[39m
                    [36m<path[39m
                      [33md[39m=[32m"M15 19l-7-7 7-7"[39m
                      [33mstroke-linecap[39m=[32m"round"[39m
                      [33mstroke-linejoin[39m=[32m"round"[39m
                      [33mstroke-width[39m=[32m"2"[39m
                    [36m/>[39m
                  [36m</svg>[39m
                [36m</button>[39m
                [36m<button[39m
                  [33maria-label[39m=[32m"Next image"[39m
                  [33mclass[39m=[32m"p-2 rounded-md transition-colors text-gray-600 hover:text-gray-900 hover:bg-gray-100"[39m
                [36m>[39m
                  [36m<svg[39m
                    [33mclass[39m=[32m"w-5 h-5"[39m
                    [33mfill[39m=[32m"none"[39m
                    [33mstroke[39m=[32m"currentColor"[39m
                    [33mviewBox[39m=[32m"0 0 24 24"[39m
                  [36m>[39m
                    [36m<path[39m
                      [33md[39m=[32m"M9 5l7 7-7 7"[39m
                      [33mstroke-linecap[39m=[32m"round"[39m
                      [33mstroke-linejoin[39m=[32m"round"[39m
                      [33mstroke-width[39m=[32m"2"[39m
                    [36m/>[39m
                  [36m</svg>[39m
                [36m</button>[39m
              [36m</div>[39m
              [36m<button[39m
                [33maria-label[39m=[32m"Close modal"[39m
                [33mclass[39m=[32m"p-2 text-gray-400 hover:text-gray-600 hover:bg-gray-100 rounded-md transition-colors"[39m
              [36m>[39m
                [36m<svg[39m
                  [33mclass[39m=[32m"w-6 h-6"[39m
                  [33mfill[39m=[32m"none"[39m
                  [33mstroke[39m=[32m"currentColor"[39m
                  [33mviewBox[39m=[32m"0 0 24 24"[39m
                [36m>[39m
                  [36m<path[39m
                    [33md[39m=[32m"M6 18L18 6M6 6l12 12"[39m
                    [33mstroke-linecap[39m=[32m"round"[39m
                    [33mstroke-linejoin[39m=[32m"round"[39m
                    [33mstroke-width[39m=[32m"2"[39m
                  [36m/>[39m
                [36m</svg>[39m
              [36m</button>[39m
            [36m</div>[39m
          [36m</div>[39m
          [36m<div[39m
            [33mclass[39m=[32m"flex flex-row h-[calc(90vh-80px)] overflow-hidden"[39m
          [36m>[39m
            [36m<div[39m
              [33mclass[39m=[32m"relative w-1/2 xl:w-2/3 flex items-center justify-center bg-gray-50 p-4 h-full"[39m
            [36m>[39m
              [36m<div[39m
                [33mclass[39m=[32m"relative w-full h-full overflow-hidden rounded"[39m
              [36m>[39m
                [36m<img[39m
                  [33malt[39m=[32m"Generated image"[39m
                  [33mclass[39m=[32m"cursor-grab"[39m
                  [33msrc[39m=[32m"local-file:///path/to/image.jpg"[39m
                  [33mstyle[39m=[32m"position: absolute; top: 50%; left: 50%; transform: translate(-50%, -50%) translate(0px, 0px) scale(1); transform-origin: center center; transition: transform 80ms ease-out; max-width: 100%; max-height: 100%; user-select: none; pointer-events: auto;"[39m
                [36m/>[39m
              [36m</div>[39m
              [36m<div[39m
                [33mclass[39m=[32m"absolute bottom-4 right-4 flex items-center space-x-2 bg-white/90 border border-gray-200 rounded-md shadow px-2 py-1 z-10"[39m
              [36m>[39m
                [36m<button[39m
                  [33maria-label[39m=[32m"Zoom out"[39m
                  [33mclass[39m=[32m"p-1 text-gray-700 hover:text-gray-900 hover:bg-gray-100 rounded"[39m
                  [33mtitle[39m=[32m"Zoom out"[39m
                [36m>[39m
                  [36m<svg[39m
                    [33mclass[39m=[32m"w-5 h-5"[39m
                    [33mfill[39m=[32m"none"[39m
                    [33mstroke[39m=[32m"currentColor"[39m
                    [33mviewBox[39m=[32m"0 0 24 24"[39m
                  [36m>[39m
                    [36m<path[39m
                      [33md[39m=[32m"M20 12H4"[39m
                      [33mstroke-linecap[39m=[32m"round"[39m
                      [33mstroke-linejoin[39m=[32m"round"[39m
                      [33mstroke-width[39m=[32m"2"[39m
                    [36m/>[39m
                  [36m</svg>[39m
                [36m</button>[39m
                [36m<div[39m
                  [33mclass[39m=[32m"text-xs text-gray-600 w-12 text-center"[39m
                [36m>[39m
                  [0m100[0m
                  [0m%[0m
                [36m</div>[39m
                [36m<button[39m
                  [33maria-label[39m=[32m"Zoom in"[39m
                  [33mclass[39m=[32m"p-1 text-gray-700 hover:text-gray-900 hover:bg-gray-100 rounded"[39m
                  [33mtitle[39m=[32m"Zoom in"[39m
                [36m>[39m
                  [36m<svg[39m
                    [33mclass[39m=[32m"w-5 h-5"[39m
                    [33mfill[39m=[32m"none"[39m
                    [33mstroke[39m=[32m"currentColor"[39m
                    [33mviewBox[39m=[32m"0 0 24 24"[39m
                  [36m>[39m
                    [36m<path[39m
                      [33md[39m=[32m"M12 4v16m8-8H4"[39m
                      [33mstroke-linecap[39m=[32m"round"[39m
                      [33mstroke-linejoin[39m=[32m"round"[39m
                      [33mstroke-width[39m=[32m"2"[39m
                    [36m/>[39m
                  [36m</svg>[39m
                [36m</button>[39m
                [36m<button[39m
                  [33maria-label[39m=[32m"Reset zoom"[39m
                  [33mclass[39m=[32m"p-1 text-gray-700 hover:text-gray-900 hover:bg-gray-100 rounded"[39m
                  [33mtitle[39m=[32m"Reset"[39m
                [36m>[39m
                  [36m<svg[39m
                    [33mclass[39m=[32m"w-5 h-5"[39m
                    [33mfill[39m=[32m"none"[39m
                    [33mstroke[39m=[32m"currentColor"[39m
                    [33mviewBox[39m=[32m"0 0 24 24"[39m
                  [36m>[39m
                    [36m<path[39m
                      [33md[39m=[32m"M4 4v5h.582M20 12A8.001 8.001 0 004.582 9m0 0H9"[39m
                      [33mstroke-linecap[39m=[32m"round"[39m
                      [33mstroke-linejoin[39m=[32m"round"[39m
                      [33mstroke-width[39m=[32m"2"[39m
                    [36m/>[39m
                  [36m</svg>[39m
                [36m</button>[39m
                [36m<button[39m
                  [33maria-label[39m=[32m"Fit to screen"[39m
                  [33mclass[39m=[32m"p-1 text-gray-700 hover:text-gray-900 hover:bg-gray-100 rounded"[39m
                  [33mtitle[39m=[32m"Fit to screen"[39m
                [36m>[39m
                  [36m<svg[39m
                    [33mclass[39m=[32m"w-5 h-5"[39m
                    [33mfill[39m=[32m"none"[39m
                    [33mstroke[39m=[32m"currentColor"[39m
                    [33mviewBox[39m=[32m"0 0 24 24"[39m
                  [36m>[39m
                    [36m<path[39m
                      [33md[39m=[32m"M3 3h7M3 3v7M21 21h-7M21 21v-7"[39m
                      [33mstroke-linecap[39m=[32m"round"[39m
                      [33mstroke-linejoin[39m=[32m"round"[39m
                      [33mstroke-width[39m=[32m"2"[39m
                    [36m/>[39m
                  [36m</svg>[39m
                [36m</button>[39m
              [36m</div>[39m
            [36m</div>[39m
            [36m<div[39m
              [33mclass[39m=[32m"w-1/2 xl:w-96 border-l border-gray-200 flex flex-col h-full overflow-hidden xl:min-w-[384px]"[39m
            [36m>[39m
              [36m<div[39m
                [33mclass[39m=[32m"flex border-b border-gray-200"[39m
              [36m>[39m
                [36m<button[39m
                  [33mclass[39m=[32m"flex-1 px-4 py-3 text-sm font-medium border-b-2 transition-colors border-blue-500 text-blue-600 bg-blue-50"[39m
                [36m>[39m
                  [0mDetails[0m
                [36m</button>[39m
                [36m<button[39m
                  [33mclass[39m=[32m"flex-1 px-4 py-3 text-sm font-medium border-b-2 transition-colors border-transparent text-gray-500 hover:text-gray-700 hover:border-gray-300"[39m
                [36m>[39m
                  [0mAI Metadata[0m
                [36m</button>[39m
                [36m<button[39m
                  [33mclass[39m=[32m"flex-1 px-4 py-3 text-sm font-medium border-b-2 transition-colors border-transparent text-gray-500 hover:text-gray-700 hover:border-gray-300"[39m
                [36m>[39m
                  [0mProcessing[0m
                [36m</button>[39m
              [36m</div>[39m
              [36m<div[39m
                [33mclass[39m=[32m"flex-1 overflow-y-auto overflow-x-hidden p-4"[39m
              [36m>[39m
                [36m<div[39m
                  [33mclass[39m=[32m"space-y-4"[39m
                [36m>[39m
                  [36m<div>[39m
                    [36m<label[39m
                      [33mclass[39m=[32m"block text-sm font-medium text-gray-700 mb-1"[39m
                    [36m>[39m
                      [0mImage ID[0m
                    [36m</label>[39m
                    [36m<p[39m
                      [33mclass[39m=[32m"text-sm text-gray-900 font-mono"[39m
                    [36m>[39m
                      [0mimg-1[0m
                    [36m</p>[39m
                  [36m</div>[39m
                  [36m<div>[39m
                    [36m<label[39m
                      [33mclass[39m=[32m"block text-sm font-medium text-gray-700 mb-1"[39m
                    [36m>[39m
                      [0mJob Execution[0m
                    [36m</label>[39m
                    [36m<p[39m
                      [33mclass[39m=[32m"text-sm text-gray-900 font-mono"[39m
                    [36m>[39m
                      [0mjob-1[0m
                    [36m</p>[39m
                  [36m</div>[39m
                  [36m<div>[39m
                    [36m<label[39m
                      [33mclass[39m=[32m"block text-sm font-medium text-gray-700 mb-1"[39m
                    [36m>[39m
                      [0mGeneration Prompt[0m
                    [36m</label>[39m
                    [36m<p[39m
                      [33mclass[39m=[32m"text-sm text-gray-900 bg-gray-50 p-3 rounded-md border"[39m
                    [36m>[39m
                      [0mA beautiful landscape with mountains[0m
                    [36m</p>[39m
                  [36m</div>[39m
                  [36m<div>[39m
                    [36m<label[39m
                      [33mclass[39m=[32m"block text-sm font-medium text-gray-700 mb-1"[39m
                    [36m>[39m
                      [0mSeed[0m
                    [36m</label>[39m
                    [36m<p[39m
                      [33mclass[39m=[32m"text-sm text-gray-900 font-mono"[39m
                    [36m>[39m
                      [0m12345[0m
                    [36m</p>[39m
                  [36m</div>[39m
                  [36m<div>[39m
                    [36m<label[39m
                      [33mclass[39m=[32m"block text-sm font-medium text-gray-700 mb-1"[39m
                    [36m>[39m
                      [0mQC Status[0m
                    [36m</label>[39m
                    [36m<div[39m
                      [33mclass[39m=[32m"flex flex-wrap items-start gap-2 whitespace-normal"[39m
                    [36m>[39m
                      [36m<span[39m
                        [33mclass[39m=[32m"inline-flex items-center gap-1 px-2 py-1 rounded-full text-sm font-medium border bg-green-100 text-green-800 border-green-200"[39m
                      [36m>[39m
                        [36m<svg[39m
                          [33maria-hidden[39m=[32m"true"[39m
                          [33mclass[39m=[32m"w-4 h-4"[39m
                          [33mfill[39m=[32m"none"[39m
                          [33mstroke[39m=[32m"currentColor"[39m
                          [33mviewBox[39m=[32m"0 0 24 24"[39m
                        [36m>[39m
                          [36m<path[39m
                            [33md[39m=[32m"M5 13l4 4L19 7"[39m
                            [33mstroke-linecap[39m=[32m"round"[39m
                            [33mstroke-linejoin[39m=[32m"round"[39m
                            [33mstroke-width[39m=[32m"2"[39m
                          [36m/>[39m
                        [36m</svg>[39m
                        [0mApproved[0m
                      [36m</span>[39m
                    [36m</div>[39m
                  [36m</div>[39m
                  [36m<div>[39m
                    [36m<label[39m
                      [33mclass[39m=[32m"block text-sm font-medium text-gray-700 mb-1"[39m
                    [36m>[39m
                      [0mCreated[0m
                    [36m</label>[39m
                    [36m<p[39m
                      [33mclass[39m=[32m"text-sm text-gray-900"[39m
                    [36m>[39m
                      [0m1/1/2024, 2:00:00 PM[0m
                    [36m</p>[39m
                  [36m</div>[39m
                  [36m<div>[39m
                    [36m<label[39m
                      [33mclass[39m=[32m"block text-sm font-medium text-gray-700 mb-1"[39m
                    [36m>[39m
                      [0mFile Path[0m
                    [36m</label>[39m
                    [36m<p[39m
                      [33mclass[39m=[32m"text-sm text-gray-900 font-mono break-all"[39m
                    [36m>[39m
                      [0m/path/to/image.jpg[0m
                    [36m</p>[39m
                  [36m</div>[39m
                [36m</div>[39m
              [36m</div>[39m
            [36m</div>[39m
          [36m</div>[39m
        [36m</div>[39m
      [36m</div>[39m
    [36m</div>[39m
  [36m</div>[39m
[36m</body>[39m
 ❯ Object.getElementError node_modules/@testing-library/dom/dist/config.js:37:19
 ❯ node_modules/@testing-library/dom/dist/query-helpers.js:76:38
 ❯ node_modules/@testing-library/dom/dist/query-helpers.js:109:15
 ❯ src/renderer/components/Dashboard/__tests__/ImageModal.test.tsx:51:19
     49|     expect(screen.getByText('Image Details')).toBeInTheDocument();
     50|     expect(screen.getByText('A beautiful landscape with mountains')).t…
     51|     expect(screen.getAllByText('approved')[0]).toBeInTheDocument();
       |                   ^
     52|   });
     53| 

⎯⎯⎯⎯⎯⎯⎯⎯⎯⎯⎯⎯⎯⎯⎯⎯⎯⎯⎯⎯[160/254]⎯

 FAIL  src/renderer/components/Dashboard/__tests__/ImageModal.test.tsx > ImageModal > handles null image gracefully
Error: expect(element).not.toBeInTheDocument()

expected document not to contain element, found <h2
  class="text-xl font-semibold text-gray-900"
>
  Image Details
</h2> instead
 ❯ src/renderer/components/Dashboard/__tests__/ImageModal.test.tsx:156:53
    154|     render(<ImageModal {...defaultProps} image={null} />);
    155|     
    156|     expect(screen.queryByText('Image Details')).not.toBeInTheDocument(…
       |                                                     ^
    157|   });
    158| });

⎯⎯⎯⎯⎯⎯⎯⎯⎯⎯⎯⎯⎯⎯⎯⎯⎯⎯⎯⎯[161/254]⎯

 FAIL  src/renderer/components/Dashboard/__tests__/JobHistory.test.tsx > JobHistory > renders job history with main sections
TestingLibraryElementError: Unable to find an element with the text: Job History. This could be because the text is broken up by multiple elements. In this case, you can provide a function for your text matcher to make your matcher more flexible.

Ignored nodes: comments, script, style
[36m<body>[39m
  [36m<div>[39m
    [36m<div[39m
      [33mclass[39m=[32m"flex flex-col h-full min-h-0"[39m
    [36m>[39m
      [36m<div[39m
        [33mclass[39m=[32m"flex-1 overflow-y-auto space-y-3 min-h-0"[39m
        [33mrole[39m=[32m"list"[39m
      [36m>[39m
        [36m<div[39m
          [33maria-label[39m=[32m"Test Job 3 - running"[39m
          [33mclass[39m=[32m"bg-white border rounded-lg p-4 cursor-pointer transition-colors border-gray-200 hover:border-gray-300 hover:bg-gray-50"[39m
          [33mrole[39m=[32m"listitem"[39m
          [33mtabindex[39m=[32m"0"[39m
        [36m>[39m
          [36m<div[39m
            [33mclass[39m=[32m"flex items-center justify-between"[39m
          [36m>[39m
            [36m<div[39m
              [33mclass[39m=[32m"flex items-center space-x-3"[39m
            [36m>[39m
              [36m<svg[39m
                [33mclass[39m=[32m"w-5 h-5 text-blue-600 animate-spin"[39m
                [33mfill[39m=[32m"none"[39m
                [33mstroke[39m=[32m"currentColor"[39m
                [33mviewBox[39m=[32m"0 0 24 24"[39m
              [36m>[39m
                [36m<path[39m
                  [33md[39m=[32m"M3 12a9 9 0 0 1 9-9 9.75 9.75 0 0 1 6.74 2.74L21 8"[39m
                [36m/>[39m
                [36m<path[39m
                  [33md[39m=[32m"M21 3v5h-5"[39m
                [36m/>[39m
                [36m<path[39m
                  [33md[39m=[32m"M21 12a9 9 0 0 1-9 9 9.75 9.75 0 0 1-6.74-2.74L3 16"[39m
                [36m/>[39m
                [36m<path[39m
                  [33md[39m=[32m"M8 16H3v5"[39m
                [36m/>[39m
              [36m</svg>[39m
              [36m<div>[39m
                [36m<h3[39m
                  [33mclass[39m=[32m"font-medium text-gray-900"[39m
                [36m>[39m
                  [0mTest Job 3[0m
                [36m</h3>[39m
                [36m<div[39m
                  [33mclass[39m=[32m"text-xs text-gray-500 mb-1"[39m
                [36m>[39m
                  [0mJob ID: [0m
                  [0mjob-3[0m
                [36m</div>[39m
                [36m<div[39m
                  [33mclass[39m=[32m"flex items-center space-x-4 text-sm text-gray-500"[39m
                [36m>[39m
                  [36m<span>[39m
                    [0mJan 1, 2024[0m
                  [36m</span>[39m
                  [36m<span[39m
                    [33mclass[39m=[32m"inline-flex items-center gap-1 px-2 py-1 rounded-full text-sm font-medium border bg-blue-100 text-blue-800 border-blue-200"[39m
                  [36m>[39m
                    [36m<svg[39m
                      [33maria-hidden[39m=[32m"true"[39m
                      [33mclass[39m=[32m"w-4 h-4"[39m
                      [33mfill[39m=[32m"none"[39m
                      [33mstroke[39m=[32m"currentColor"[39m
                      [33mviewBox[39m=[32m"0 0 24 24"[39m
                    [36m>[39m
                      [36m<path[39m
                        [33md[39m=[32m"M3 12a9 9 0 0 1 9-9 9.75 9.75 0 0 1 6.74 2.74L21 8"[39m
                      [36m/>[39m
                      [36m<path[39m
                        [33md[39m=[32m"M21 3v5h-5"[39m
                      [36m/>[39m
                      [36m<path[39m
                        [33md[39m=[32m"M21 12a9 9 0 0 1-9 9 9.75 9.75 0 0 1-6.74-2.74L3 16"[39m
                      [36m/>[39m
                      [36m<path[39m
                        [33md[39m=[32m"M8 16H3v5"[39m
                      [36m/>[39m
                    [36m</svg>[39m
                    [0mProcessing[0m
                  [36m</span>[39m
                [36m</div>[39m
              [36m</div>[39m
            [36m</div>[39m
            [36m<div[39m
              [33mclass[39m=[32m"flex items-center space-x-4 text-sm text-gray-600"[39m
            [36m>[39m
              [36m<div[39m
                [33mclass[39m=[32m"text-center"[39m
              [36m>[39m
                [36m<div[39m
                  [33mclass[39m=[32m"font-medium"[39m
                [36m>[39m
                  [0mRunning[0m
                [36m</div>[39m
                [36m<div[39m
                  [33mclass[39m=[32m"text-xs"[39m
                [36m>[39m
                  [0mProcessing images[0m
                [36m</div>[39m
              [36m</div>[39m
              [36m<div>[39m
                [36m<span[39m
                  [33mclass[39m=[32m"font-medium"[39m
                [36m>[39m
                  [0mImages:[0m
                [36m</span>[39m
                [36m<div>[39m
                  [0m0[0m
                  [0m total ([0m
                  [0m0[0m
                  [0m successful, [0m
                  [0m0[0m
                  [0m failed)[0m
                [36m</div>[39m
              [36m</div>[39m
              [36m<div[39m
                [33mclass[39m=[32m"flex items-center space-x-2"[39m
              [36m>[39m
                [36m<button[39m
                  [33mclass[39m=[32m"p-1 text-gray-400 hover:text-blue-600 transition-colors"[39m
                  [33mtitle[39m=[32m"View job details"[39m
                [36m>[39m
                  [36m<svg[39m
                    [33mclass[39m=[32m"w-4 h-4"[39m
                    [33mfill[39m=[32m"none"[39m
                    [33mstroke[39m=[32m"currentColor"[39m
                    [33mviewBox[39m=[32m"0 0 24 24"[39m
                  [36m>[39m
                    [36m<path[39m
                      [33md[39m=[32m"M15 12a3 3 0 11-6 0 3 3 0 016 0z"[39m
                      [33mstroke-linecap[39m=[32m"round"[39m
                      [33mstroke-linejoin[39m=[32m"round"[39m
                      [33mstroke-width[39m=[32m"2"[39m
                    [36m/>[39m
                    [36m<path[39m
                      [33md[39m=[32m"M2.458 12C3.732 7.943 7.523 5 12 5c4.478 0 8.268 2.943 9.542 7-1.274 4.057-5.064 7-9.542 7-4.477 0-8.268-2.943-9.542-7z"[39m
                      [33mstroke-linecap[39m=[32m"round"[39m
                      [33mstroke-linejoin[39m=[32m"round"[39m
                      [33mstroke-width[39m=[32m"2"[39m
                    [36m/>[39m
                  [36m</svg>[39m
                [36m</button>[39m
                [36m<button[39m
                  [33mclass[39m=[32m"p-1 text-gray-400 hover:text-green-600 transition-colors"[39m
                  [33mtitle[39m=[32m"Export to Excel"[39m
                [36m>[39m
                  [36m<svg[39m
                    [33mclass[39m=[32m"w-4 h-4"[39m
                    [33mfill[39m=[32m"none"[39m
                    [33mstroke[39m=[32m"currentColor"[39m
                    [33mviewBox[39...
 ❯ Object.getElementError node_modules/@testing-library/dom/dist/config.js:37:19
 ❯ node_modules/@testing-library/dom/dist/query-helpers.js:76:38
 ❯ node_modules/@testing-library/dom/dist/query-helpers.js:52:17
 ❯ node_modules/@testing-library/dom/dist/query-helpers.js:95:19
 ❯ src/renderer/components/Dashboard/__tests__/JobHistory.test.tsx:60:19
     58|     render(<JobHistory {...defaultProps} />);
     59|     
     60|     expect(screen.getByText('Job History')).toBeInTheDocument();
       |                   ^
     61|     expect(screen.getByText('Test Job 1')).toBeInTheDocument();
     62|     expect(screen.getByText('Test Job 2')).toBeInTheDocument();

⎯⎯⎯⎯⎯⎯⎯⎯⎯⎯⎯⎯⎯⎯⎯⎯⎯⎯⎯⎯[162/254]⎯

 FAIL  src/renderer/components/Dashboard/__tests__/JobHistory.test.tsx > JobHistory > displays job status correctly
TestingLibraryElementError: Unable to find an element with the text: completed. This could be because the text is broken up by multiple elements. In this case, you can provide a function for your text matcher to make your matcher more flexible.

Ignored nodes: comments, script, style
[36m<body>[39m
  [36m<div>[39m
    [36m<div[39m
      [33mclass[39m=[32m"flex flex-col h-full min-h-0"[39m
    [36m>[39m
      [36m<div[39m
        [33mclass[39m=[32m"flex-1 overflow-y-auto space-y-3 min-h-0"[39m
        [33mrole[39m=[32m"list"[39m
      [36m>[39m
        [36m<div[39m
          [33maria-label[39m=[32m"Test Job 3 - running"[39m
          [33mclass[39m=[32m"bg-white border rounded-lg p-4 cursor-pointer transition-colors border-gray-200 hover:border-gray-300 hover:bg-gray-50"[39m
          [33mrole[39m=[32m"listitem"[39m
          [33mtabindex[39m=[32m"0"[39m
        [36m>[39m
          [36m<div[39m
            [33mclass[39m=[32m"flex items-center justify-between"[39m
          [36m>[39m
            [36m<div[39m
              [33mclass[39m=[32m"flex items-center space-x-3"[39m
            [36m>[39m
              [36m<svg[39m
                [33mclass[39m=[32m"w-5 h-5 text-blue-600 animate-spin"[39m
                [33mfill[39m=[32m"none"[39m
                [33mstroke[39m=[32m"currentColor"[39m
                [33mviewBox[39m=[32m"0 0 24 24"[39m
              [36m>[39m
                [36m<path[39m
                  [33md[39m=[32m"M3 12a9 9 0 0 1 9-9 9.75 9.75 0 0 1 6.74 2.74L21 8"[39m
                [36m/>[39m
                [36m<path[39m
                  [33md[39m=[32m"M21 3v5h-5"[39m
                [36m/>[39m
                [36m<path[39m
                  [33md[39m=[32m"M21 12a9 9 0 0 1-9 9 9.75 9.75 0 0 1-6.74-2.74L3 16"[39m
                [36m/>[39m
                [36m<path[39m
                  [33md[39m=[32m"M8 16H3v5"[39m
                [36m/>[39m
              [36m</svg>[39m
              [36m<div>[39m
                [36m<h3[39m
                  [33mclass[39m=[32m"font-medium text-gray-900"[39m
                [36m>[39m
                  [0mTest Job 3[0m
                [36m</h3>[39m
                [36m<div[39m
                  [33mclass[39m=[32m"text-xs text-gray-500 mb-1"[39m
                [36m>[39m
                  [0mJob ID: [0m
                  [0mjob-3[0m
                [36m</div>[39m
                [36m<div[39m
                  [33mclass[39m=[32m"flex items-center space-x-4 text-sm text-gray-500"[39m
                [36m>[39m
                  [36m<span>[39m
                    [0mJan 1, 2024[0m
                  [36m</span>[39m
                  [36m<span[39m
                    [33mclass[39m=[32m"inline-flex items-center gap-1 px-2 py-1 rounded-full text-sm font-medium border bg-blue-100 text-blue-800 border-blue-200"[39m
                  [36m>[39m
                    [36m<svg[39m
                      [33maria-hidden[39m=[32m"true"[39m
                      [33mclass[39m=[32m"w-4 h-4"[39m
                      [33mfill[39m=[32m"none"[39m
                      [33mstroke[39m=[32m"currentColor"[39m
                      [33mviewBox[39m=[32m"0 0 24 24"[39m
                    [36m>[39m
                      [36m<path[39m
                        [33md[39m=[32m"M3 12a9 9 0 0 1 9-9 9.75 9.75 0 0 1 6.74 2.74L21 8"[39m
                      [36m/>[39m
                      [36m<path[39m
                        [33md[39m=[32m"M21 3v5h-5"[39m
                      [36m/>[39m
                      [36m<path[39m
                        [33md[39m=[32m"M21 12a9 9 0 0 1-9 9 9.75 9.75 0 0 1-6.74-2.74L3 16"[39m
                      [36m/>[39m
                      [36m<path[39m
                        [33md[39m=[32m"M8 16H3v5"[39m
                      [36m/>[39m
                    [36m</svg>[39m
                    [0mProcessing[0m
                  [36m</span>[39m
                [36m</div>[39m
              [36m</div>[39m
            [36m</div>[39m
            [36m<div[39m
              [33mclass[39m=[32m"flex items-center space-x-4 text-sm text-gray-600"[39m
            [36m>[39m
              [36m<div[39m
                [33mclass[39m=[32m"text-center"[39m
              [36m>[39m
                [36m<div[39m
                  [33mclass[39m=[32m"font-medium"[39m
                [36m>[39m
                  [0mRunning[0m
                [36m</div>[39m
                [36m<div[39m
                  [33mclass[39m=[32m"text-xs"[39m
                [36m>[39m
                  [0mProcessing images[0m
                [36m</div>[39m
              [36m</div>[39m
              [36m<div>[39m
                [36m<span[39m
                  [33mclass[39m=[32m"font-medium"[39m
                [36m>[39m
                  [0mImages:[0m
                [36m</span>[39m
                [36m<div>[39m
                  [0m0[0m
                  [0m total ([0m
                  [0m0[0m
                  [0m successful, [0m
                  [0m0[0m
                  [0m failed)[0m
                [36m</div>[39m
              [36m</div>[39m
              [36m<div[39m
                [33mclass[39m=[32m"flex items-center space-x-2"[39m
              [36m>[39m
                [36m<button[39m
                  [33mclass[39m=[32m"p-1 text-gray-400 hover:text-blue-600 transition-colors"[39m
                  [33mtitle[39m=[32m"View job details"[39m
                [36m>[39m
                  [36m<svg[39m
                    [33mclass[39m=[32m"w-4 h-4"[39m
                    [33mfill[39m=[32m"none"[39m
                    [33mstroke[39m=[32m"currentColor"[39m
                    [33mviewBox[39m=[32m"0 0 24 24"[39m
                  [36m>[39m
                    [36m<path[39m
                      [33md[39m=[32m"M15 12a3 3 0 11-6 0 3 3 0 016 0z"[39m
                      [33mstroke-linecap[39m=[32m"round"[39m
                      [33mstroke-linejoin[39m=[32m"round"[39m
                      [33mstroke-width[39m=[32m"2"[39m
                    [36m/>[39m
                    [36m<path[39m
                      [33md[39m=[32m"M2.458 12C3.732 7.943 7.523 5 12 5c4.478 0 8.268 2.943 9.542 7-1.274 4.057-5.064 7-9.542 7-4.477 0-8.268-2.943-9.542-7z"[39m
                      [33mstroke-linecap[39m=[32m"round"[39m
                      [33mstroke-linejoin[39m=[32m"round"[39m
                      [33mstroke-width[39m=[32m"2"[39m
                    [36m/>[39m
                  [36m</svg>[39m
                [36m</button>[39m
                [36m<button[39m
                  [33mclass[39m=[32m"p-1 text-gray-400 hover:text-green-600 transition-colors"[39m
                  [33mtitle[39m=[32m"Export to Excel"[39m
                [36m>[39m
                  [36m<svg[39m
                    [33mclass[39m=[32m"w-4 h-4"[39m
                    [33mfill[39m=[32m"none"[39m
                    [33mstroke[39m=[32m"currentColor"[39m
                    [33mviewBox[39...
 ❯ Object.getElementError node_modules/@testing-library/dom/dist/config.js:37:19
 ❯ node_modules/@testing-library/dom/dist/query-helpers.js:76:38
 ❯ node_modules/@testing-library/dom/dist/query-helpers.js:52:17
 ❯ node_modules/@testing-library/dom/dist/query-helpers.js:95:19
 ❯ src/renderer/components/Dashboard/__tests__/JobHistory.test.tsx:69:19
     67|     render(<JobHistory {...defaultProps} />);
     68|     
     69|     expect(screen.getByText('completed')).toBeInTheDocument();
       |                   ^
     70|     expect(screen.getByText('failed')).toBeInTheDocument();
     71|     expect(screen.getByText('running')).toBeInTheDocument();

⎯⎯⎯⎯⎯⎯⎯⎯⎯⎯⎯⎯⎯⎯⎯⎯⎯⎯⎯⎯[163/254]⎯

 FAIL  src/renderer/components/Dashboard/__tests__/JobHistory.test.tsx > JobHistory > applies correct status colors
TestingLibraryElementError: Unable to find an element with the text: completed. This could be because the text is broken up by multiple elements. In this case, you can provide a function for your text matcher to make your matcher more flexible.

Ignored nodes: comments, script, style
[36m<body>[39m
  [36m<div>[39m
    [36m<div[39m
      [33mclass[39m=[32m"flex flex-col h-full min-h-0"[39m
    [36m>[39m
      [36m<div[39m
        [33mclass[39m=[32m"flex-1 overflow-y-auto space-y-3 min-h-0"[39m
        [33mrole[39m=[32m"list"[39m
      [36m>[39m
        [36m<div[39m
          [33maria-label[39m=[32m"Test Job 3 - running"[39m
          [33mclass[39m=[32m"bg-white border rounded-lg p-4 cursor-pointer transition-colors border-gray-200 hover:border-gray-300 hover:bg-gray-50"[39m
          [33mrole[39m=[32m"listitem"[39m
          [33mtabindex[39m=[32m"0"[39m
        [36m>[39m
          [36m<div[39m
            [33mclass[39m=[32m"flex items-center justify-between"[39m
          [36m>[39m
            [36m<div[39m
              [33mclass[39m=[32m"flex items-center space-x-3"[39m
            [36m>[39m
              [36m<svg[39m
                [33mclass[39m=[32m"w-5 h-5 text-blue-600 animate-spin"[39m
                [33mfill[39m=[32m"none"[39m
                [33mstroke[39m=[32m"currentColor"[39m
                [33mviewBox[39m=[32m"0 0 24 24"[39m
              [36m>[39m
                [36m<path[39m
                  [33md[39m=[32m"M3 12a9 9 0 0 1 9-9 9.75 9.75 0 0 1 6.74 2.74L21 8"[39m
                [36m/>[39m
                [36m<path[39m
                  [33md[39m=[32m"M21 3v5h-5"[39m
                [36m/>[39m
                [36m<path[39m
                  [33md[39m=[32m"M21 12a9 9 0 0 1-9 9 9.75 9.75 0 0 1-6.74-2.74L3 16"[39m
                [36m/>[39m
                [36m<path[39m
                  [33md[39m=[32m"M8 16H3v5"[39m
                [36m/>[39m
              [36m</svg>[39m
              [36m<div>[39m
                [36m<h3[39m
                  [33mclass[39m=[32m"font-medium text-gray-900"[39m
                [36m>[39m
                  [0mTest Job 3[0m
                [36m</h3>[39m
                [36m<div[39m
                  [33mclass[39m=[32m"text-xs text-gray-500 mb-1"[39m
                [36m>[39m
                  [0mJob ID: [0m
                  [0mjob-3[0m
                [36m</div>[39m
                [36m<div[39m
                  [33mclass[39m=[32m"flex items-center space-x-4 text-sm text-gray-500"[39m
                [36m>[39m
                  [36m<span>[39m
                    [0mJan 1, 2024[0m
                  [36m</span>[39m
                  [36m<span[39m
                    [33mclass[39m=[32m"inline-flex items-center gap-1 px-2 py-1 rounded-full text-sm font-medium border bg-blue-100 text-blue-800 border-blue-200"[39m
                  [36m>[39m
                    [36m<svg[39m
                      [33maria-hidden[39m=[32m"true"[39m
                      [33mclass[39m=[32m"w-4 h-4"[39m
                      [33mfill[39m=[32m"none"[39m
                      [33mstroke[39m=[32m"currentColor"[39m
                      [33mviewBox[39m=[32m"0 0 24 24"[39m
                    [36m>[39m
                      [36m<path[39m
                        [33md[39m=[32m"M3 12a9 9 0 0 1 9-9 9.75 9.75 0 0 1 6.74 2.74L21 8"[39m
                      [36m/>[39m
                      [36m<path[39m
                        [33md[39m=[32m"M21 3v5h-5"[39m
                      [36m/>[39m
                      [36m<path[39m
                        [33md[39m=[32m"M21 12a9 9 0 0 1-9 9 9.75 9.75 0 0 1-6.74-2.74L3 16"[39m
                      [36m/>[39m
                      [36m<path[39m
                        [33md[39m=[32m"M8 16H3v5"[39m
                      [36m/>[39m
                    [36m</svg>[39m
                    [0mProcessing[0m
                  [36m</span>[39m
                [36m</div>[39m
              [36m</div>[39m
            [36m</div>[39m
            [36m<div[39m
              [33mclass[39m=[32m"flex items-center space-x-4 text-sm text-gray-600"[39m
            [36m>[39m
              [36m<div[39m
                [33mclass[39m=[32m"text-center"[39m
              [36m>[39m
                [36m<div[39m
                  [33mclass[39m=[32m"font-medium"[39m
                [36m>[39m
                  [0mRunning[0m
                [36m</div>[39m
                [36m<div[39m
                  [33mclass[39m=[32m"text-xs"[39m
                [36m>[39m
                  [0mProcessing images[0m
                [36m</div>[39m
              [36m</div>[39m
              [36m<div>[39m
                [36m<span[39m
                  [33mclass[39m=[32m"font-medium"[39m
                [36m>[39m
                  [0mImages:[0m
                [36m</span>[39m
                [36m<div>[39m
                  [0m0[0m
                  [0m total ([0m
                  [0m0[0m
                  [0m successful, [0m
                  [0m0[0m
                  [0m failed)[0m
                [36m</div>[39m
              [36m</div>[39m
              [36m<div[39m
                [33mclass[39m=[32m"flex items-center space-x-2"[39m
              [36m>[39m
                [36m<button[39m
                  [33mclass[39m=[32m"p-1 text-gray-400 hover:text-blue-600 transition-colors"[39m
                  [33mtitle[39m=[32m"View job details"[39m
                [36m>[39m
                  [36m<svg[39m
                    [33mclass[39m=[32m"w-4 h-4"[39m
                    [33mfill[39m=[32m"none"[39m
                    [33mstroke[39m=[32m"currentColor"[39m
                    [33mviewBox[39m=[32m"0 0 24 24"[39m
                  [36m>[39m
                    [36m<path[39m
                      [33md[39m=[32m"M15 12a3 3 0 11-6 0 3 3 0 016 0z"[39m
                      [33mstroke-linecap[39m=[32m"round"[39m
                      [33mstroke-linejoin[39m=[32m"round"[39m
                      [33mstroke-width[39m=[32m"2"[39m
                    [36m/>[39m
                    [36m<path[39m
                      [33md[39m=[32m"M2.458 12C3.732 7.943 7.523 5 12 5c4.478 0 8.268 2.943 9.542 7-1.274 4.057-5.064 7-9.542 7-4.477 0-8.268-2.943-9.542-7z"[39m
                      [33mstroke-linecap[39m=[32m"round"[39m
                      [33mstroke-linejoin[39m=[32m"round"[39m
                      [33mstroke-width[39m=[32m"2"[39m
                    [36m/>[39m
                  [36m</svg>[39m
                [36m</button>[39m
                [36m<button[39m
                  [33mclass[39m=[32m"p-1 text-gray-400 hover:text-green-600 transition-colors"[39m
                  [33mtitle[39m=[32m"Export to Excel"[39m
                [36m>[39m
                  [36m<svg[39m
                    [33mclass[39m=[32m"w-4 h-4"[39m
                    [33mfill[39m=[32m"none"[39m
                    [33mstroke[39m=[32m"currentColor"[39m
                    [33mviewBox[39...
 ❯ Object.getElementError node_modules/@testing-library/dom/dist/config.js:37:19
 ❯ node_modules/@testing-library/dom/dist/query-helpers.js:76:38
 ❯ node_modules/@testing-library/dom/dist/query-helpers.js:52:17
 ❯ node_modules/@testing-library/dom/dist/query-helpers.js:95:19
 ❯ src/renderer/components/Dashboard/__tests__/JobHistory.test.tsx:112:36
    110|     
    111|     // Completed - green
    112|     const completedStatus = screen.getByText('completed').closest('spa…
       |                                    ^
    113|     expect(completedStatus).toHaveClass('bg-green-100', 'text-green-80…
    114|     

⎯⎯⎯⎯⎯⎯⎯⎯⎯⎯⎯⎯⎯⎯⎯⎯⎯⎯⎯⎯[164/254]⎯

 FAIL  src/renderer/components/Dashboard/__tests__/JobHistory.test.tsx > JobHistory > filters jobs by status
TestingLibraryElementError: Unable to find an element with the display value: All Statuses.

Ignored nodes: comments, script, style
[36m<body>[39m
  [36m<div>[39m
    [36m<div[39m
      [33mclass[39m=[32m"flex flex-col h-full min-h-0"[39m
    [36m>[39m
      [36m<div[39m
        [33mclass[39m=[32m"flex-1 overflow-y-auto space-y-3 min-h-0"[39m
        [33mrole[39m=[32m"list"[39m
      [36m>[39m
        [36m<div[39m
          [33maria-label[39m=[32m"Test Job 3 - running"[39m
          [33mclass[39m=[32m"bg-white border rounded-lg p-4 cursor-pointer transition-colors border-gray-200 hover:border-gray-300 hover:bg-gray-50"[39m
          [33mrole[39m=[32m"listitem"[39m
          [33mtabindex[39m=[32m"0"[39m
        [36m>[39m
          [36m<div[39m
            [33mclass[39m=[32m"flex items-center justify-between"[39m
          [36m>[39m
            [36m<div[39m
              [33mclass[39m=[32m"flex items-center space-x-3"[39m
            [36m>[39m
              [36m<svg[39m
                [33mclass[39m=[32m"w-5 h-5 text-blue-600 animate-spin"[39m
                [33mfill[39m=[32m"none"[39m
                [33mstroke[39m=[32m"currentColor"[39m
                [33mviewBox[39m=[32m"0 0 24 24"[39m
              [36m>[39m
                [36m<path[39m
                  [33md[39m=[32m"M3 12a9 9 0 0 1 9-9 9.75 9.75 0 0 1 6.74 2.74L21 8"[39m
                [36m/>[39m
                [36m<path[39m
                  [33md[39m=[32m"M21 3v5h-5"[39m
                [36m/>[39m
                [36m<path[39m
                  [33md[39m=[32m"M21 12a9 9 0 0 1-9 9 9.75 9.75 0 0 1-6.74-2.74L3 16"[39m
                [36m/>[39m
                [36m<path[39m
                  [33md[39m=[32m"M8 16H3v5"[39m
                [36m/>[39m
              [36m</svg>[39m
              [36m<div>[39m
                [36m<h3[39m
                  [33mclass[39m=[32m"font-medium text-gray-900"[39m
                [36m>[39m
                  [0mTest Job 3[0m
                [36m</h3>[39m
                [36m<div[39m
                  [33mclass[39m=[32m"text-xs text-gray-500 mb-1"[39m
                [36m>[39m
                  [0mJob ID: [0m
                  [0mjob-3[0m
                [36m</div>[39m
                [36m<div[39m
                  [33mclass[39m=[32m"flex items-center space-x-4 text-sm text-gray-500"[39m
                [36m>[39m
                  [36m<span>[39m
                    [0mJan 1, 2024[0m
                  [36m</span>[39m
                  [36m<span[39m
                    [33mclass[39m=[32m"inline-flex items-center gap-1 px-2 py-1 rounded-full text-sm font-medium border bg-blue-100 text-blue-800 border-blue-200"[39m
                  [36m>[39m
                    [36m<svg[39m
                      [33maria-hidden[39m=[32m"true"[39m
                      [33mclass[39m=[32m"w-4 h-4"[39m
                      [33mfill[39m=[32m"none"[39m
                      [33mstroke[39m=[32m"currentColor"[39m
                      [33mviewBox[39m=[32m"0 0 24 24"[39m
                    [36m>[39m
                      [36m<path[39m
                        [33md[39m=[32m"M3 12a9 9 0 0 1 9-9 9.75 9.75 0 0 1 6.74 2.74L21 8"[39m
                      [36m/>[39m
                      [36m<path[39m
                        [33md[39m=[32m"M21 3v5h-5"[39m
                      [36m/>[39m
                      [36m<path[39m
                        [33md[39m=[32m"M21 12a9 9 0 0 1-9 9 9.75 9.75 0 0 1-6.74-2.74L3 16"[39m
                      [36m/>[39m
                      [36m<path[39m
                        [33md[39m=[32m"M8 16H3v5"[39m
                      [36m/>[39m
                    [36m</svg>[39m
                    [0mProcessing[0m
                  [36m</span>[39m
                [36m</div>[39m
              [36m</div>[39m
            [36m</div>[39m
            [36m<div[39m
              [33mclass[39m=[32m"flex items-center space-x-4 text-sm text-gray-600"[39m
            [36m>[39m
              [36m<div[39m
                [33mclass[39m=[32m"text-center"[39m
              [36m>[39m
                [36m<div[39m
                  [33mclass[39m=[32m"font-medium"[39m
                [36m>[39m
                  [0mRunning[0m
                [36m</div>[39m
                [36m<div[39m
                  [33mclass[39m=[32m"text-xs"[39m
                [36m>[39m
                  [0mProcessing images[0m
                [36m</div>[39m
              [36m</div>[39m
              [36m<div>[39m
                [36m<span[39m
                  [33mclass[39m=[32m"font-medium"[39m
                [36m>[39m
                  [0mImages:[0m
                [36m</span>[39m
                [36m<div>[39m
                  [0m0[0m
                  [0m total ([0m
                  [0m0[0m
                  [0m successful, [0m
                  [0m0[0m
                  [0m failed)[0m
                [36m</div>[39m
              [36m</div>[39m
              [36m<div[39m
                [33mclass[39m=[32m"flex items-center space-x-2"[39m
              [36m>[39m
                [36m<button[39m
                  [33mclass[39m=[32m"p-1 text-gray-400 hover:text-blue-600 transition-colors"[39m
                  [33mtitle[39m=[32m"View job details"[39m
                [36m>[39m
                  [36m<svg[39m
                    [33mclass[39m=[32m"w-4 h-4"[39m
                    [33mfill[39m=[32m"none"[39m
                    [33mstroke[39m=[32m"currentColor"[39m
                    [33mviewBox[39m=[32m"0 0 24 24"[39m
                  [36m>[39m
                    [36m<path[39m
                      [33md[39m=[32m"M15 12a3 3 0 11-6 0 3 3 0 016 0z"[39m
                      [33mstroke-linecap[39m=[32m"round"[39m
                      [33mstroke-linejoin[39m=[32m"round"[39m
                      [33mstroke-width[39m=[32m"2"[39m
                    [36m/>[39m
                    [36m<path[39m
                      [33md[39m=[32m"M2.458 12C3.732 7.943 7.523 5 12 5c4.478 0 8.268 2.943 9.542 7-1.274 4.057-5.064 7-9.542 7-4.477 0-8.268-2.943-9.542-7z"[39m
                      [33mstroke-linecap[39m=[32m"round"[39m
                      [33mstroke-linejoin[39m=[32m"round"[39m
                      [33mstroke-width[39m=[32m"2"[39m
                    [36m/>[39m
                  [36m</svg>[39m
                [36m</button>[39m
                [36m<button[39m
                  [33mclass[39m=[32m"p-1 text-gray-400 hover:text-green-600 transition-colors"[39m
                  [33mtitle[39m=[32m"Export to Excel"[39m
                [36m>[39m
                  [36m<svg[39m
                    [33mclass[39m=[32m"w-4 h-4"[39m
                    [33mfill[39m=[32m"none"[39m
                    [33mstroke[39m=[32m"currentColor"[39m
                    [33mviewBox[39...
 ❯ Object.getElementError node_modules/@testing-library/dom/dist/config.js:37:19
 ❯ node_modules/@testing-library/dom/dist/query-helpers.js:76:38
 ❯ node_modules/@testing-library/dom/dist/query-helpers.js:52:17
 ❯ node_modules/@testing-library/dom/dist/query-helpers.js:95:19
 ❯ src/renderer/components/Dashboard/__tests__/JobHistory.test.tsx:220:33
    218|     render(<JobHistory {...defaultProps} />);
    219|     
    220|     const statusFilter = screen.getByDisplayValue('All Statuses');
       |                                 ^
    221|     fireEvent.change(statusFilter, { target: { value: 'completed' } });
    222|     

⎯⎯⎯⎯⎯⎯⎯⎯⎯⎯⎯⎯⎯⎯⎯⎯⎯⎯⎯⎯[165/254]⎯

 FAIL  src/renderer/components/Dashboard/__tests__/JobHistory.test.tsx > JobHistory > sorts jobs by date
TestingLibraryElementError: Unable to find an element with the display value: Newest First.

Ignored nodes: comments, script, style
[36m<body>[39m
  [36m<div>[39m
    [36m<div[39m
      [33mclass[39m=[32m"flex flex-col h-full min-h-0"[39m
    [36m>[39m
      [36m<div[39m
        [33mclass[39m=[32m"flex-1 overflow-y-auto space-y-3 min-h-0"[39m
        [33mrole[39m=[32m"list"[39m
      [36m>[39m
        [36m<div[39m
          [33maria-label[39m=[32m"Test Job 3 - running"[39m
          [33mclass[39m=[32m"bg-white border rounded-lg p-4 cursor-pointer transition-colors border-gray-200 hover:border-gray-300 hover:bg-gray-50"[39m
          [33mrole[39m=[32m"listitem"[39m
          [33mtabindex[39m=[32m"0"[39m
        [36m>[39m
          [36m<div[39m
            [33mclass[39m=[32m"flex items-center justify-between"[39m
          [36m>[39m
            [36m<div[39m
              [33mclass[39m=[32m"flex items-center space-x-3"[39m
            [36m>[39m
              [36m<svg[39m
                [33mclass[39m=[32m"w-5 h-5 text-blue-600 animate-spin"[39m
                [33mfill[39m=[32m"none"[39m
                [33mstroke[39m=[32m"currentColor"[39m
                [33mviewBox[39m=[32m"0 0 24 24"[39m
              [36m>[39m
                [36m<path[39m
                  [33md[39m=[32m"M3 12a9 9 0 0 1 9-9 9.75 9.75 0 0 1 6.74 2.74L21 8"[39m
                [36m/>[39m
                [36m<path[39m
                  [33md[39m=[32m"M21 3v5h-5"[39m
                [36m/>[39m
                [36m<path[39m
                  [33md[39m=[32m"M21 12a9 9 0 0 1-9 9 9.75 9.75 0 0 1-6.74-2.74L3 16"[39m
                [36m/>[39m
                [36m<path[39m
                  [33md[39m=[32m"M8 16H3v5"[39m
                [36m/>[39m
              [36m</svg>[39m
              [36m<div>[39m
                [36m<h3[39m
                  [33mclass[39m=[32m"font-medium text-gray-900"[39m
                [36m>[39m
                  [0mTest Job 3[0m
                [36m</h3>[39m
                [36m<div[39m
                  [33mclass[39m=[32m"text-xs text-gray-500 mb-1"[39m
                [36m>[39m
                  [0mJob ID: [0m
                  [0mjob-3[0m
                [36m</div>[39m
                [36m<div[39m
                  [33mclass[39m=[32m"flex items-center space-x-4 text-sm text-gray-500"[39m
                [36m>[39m
                  [36m<span>[39m
                    [0mJan 1, 2024[0m
                  [36m</span>[39m
                  [36m<span[39m
                    [33mclass[39m=[32m"inline-flex items-center gap-1 px-2 py-1 rounded-full text-sm font-medium border bg-blue-100 text-blue-800 border-blue-200"[39m
                  [36m>[39m
                    [36m<svg[39m
                      [33maria-hidden[39m=[32m"true"[39m
                      [33mclass[39m=[32m"w-4 h-4"[39m
                      [33mfill[39m=[32m"none"[39m
                      [33mstroke[39m=[32m"currentColor"[39m
                      [33mviewBox[39m=[32m"0 0 24 24"[39m
                    [36m>[39m
                      [36m<path[39m
                        [33md[39m=[32m"M3 12a9 9 0 0 1 9-9 9.75 9.75 0 0 1 6.74 2.74L21 8"[39m
                      [36m/>[39m
                      [36m<path[39m
                        [33md[39m=[32m"M21 3v5h-5"[39m
                      [36m/>[39m
                      [36m<path[39m
                        [33md[39m=[32m"M21 12a9 9 0 0 1-9 9 9.75 9.75 0 0 1-6.74-2.74L3 16"[39m
                      [36m/>[39m
                      [36m<path[39m
                        [33md[39m=[32m"M8 16H3v5"[39m
                      [36m/>[39m
                    [36m</svg>[39m
                    [0mProcessing[0m
                  [36m</span>[39m
                [36m</div>[39m
              [36m</div>[39m
            [36m</div>[39m
            [36m<div[39m
              [33mclass[39m=[32m"flex items-center space-x-4 text-sm text-gray-600"[39m
            [36m>[39m
              [36m<div[39m
                [33mclass[39m=[32m"text-center"[39m
              [36m>[39m
                [36m<div[39m
                  [33mclass[39m=[32m"font-medium"[39m
                [36m>[39m
                  [0mRunning[0m
                [36m</div>[39m
                [36m<div[39m
                  [33mclass[39m=[32m"text-xs"[39m
                [36m>[39m
                  [0mProcessing images[0m
                [36m</div>[39m
              [36m</div>[39m
              [36m<div>[39m
                [36m<span[39m
                  [33mclass[39m=[32m"font-medium"[39m
                [36m>[39m
                  [0mImages:[0m
                [36m</span>[39m
                [36m<div>[39m
                  [0m0[0m
                  [0m total ([0m
                  [0m0[0m
                  [0m successful, [0m
                  [0m0[0m
                  [0m failed)[0m
                [36m</div>[39m
              [36m</div>[39m
              [36m<div[39m
                [33mclass[39m=[32m"flex items-center space-x-2"[39m
              [36m>[39m
                [36m<button[39m
                  [33mclass[39m=[32m"p-1 text-gray-400 hover:text-blue-600 transition-colors"[39m
                  [33mtitle[39m=[32m"View job details"[39m
                [36m>[39m
                  [36m<svg[39m
                    [33mclass[39m=[32m"w-4 h-4"[39m
                    [33mfill[39m=[32m"none"[39m
                    [33mstroke[39m=[32m"currentColor"[39m
                    [33mviewBox[39m=[32m"0 0 24 24"[39m
                  [36m>[39m
                    [36m<path[39m
                      [33md[39m=[32m"M15 12a3 3 0 11-6 0 3 3 0 016 0z"[39m
                      [33mstroke-linecap[39m=[32m"round"[39m
                      [33mstroke-linejoin[39m=[32m"round"[39m
                      [33mstroke-width[39m=[32m"2"[39m
                    [36m/>[39m
                    [36m<path[39m
                      [33md[39m=[32m"M2.458 12C3.732 7.943 7.523 5 12 5c4.478 0 8.268 2.943 9.542 7-1.274 4.057-5.064 7-9.542 7-4.477 0-8.268-2.943-9.542-7z"[39m
                      [33mstroke-linecap[39m=[32m"round"[39m
                      [33mstroke-linejoin[39m=[32m"round"[39m
                      [33mstroke-width[39m=[32m"2"[39m
                    [36m/>[39m
                  [36m</svg>[39m
                [36m</button>[39m
                [36m<button[39m
                  [33mclass[39m=[32m"p-1 text-gray-400 hover:text-green-600 transition-colors"[39m
                  [33mtitle[39m=[32m"Export to Excel"[39m
                [36m>[39m
                  [36m<svg[39m
                    [33mclass[39m=[32m"w-4 h-4"[39m
                    [33mfill[39m=[32m"none"[39m
                    [33mstroke[39m=[32m"currentColor"[39m
                    [33mviewBox[39...
 ❯ Object.getElementError node_modules/@testing-library/dom/dist/config.js:37:19
 ❯ node_modules/@testing-library/dom/dist/query-helpers.js:76:38
 ❯ node_modules/@testing-library/dom/dist/query-helpers.js:52:17
 ❯ node_modules/@testing-library/dom/dist/query-helpers.js:95:19
 ❯ src/renderer/components/Dashboard/__tests__/JobHistory.test.tsx:231:31
    229|     render(<JobHistory {...defaultProps} />);
    230|     
    231|     const sortSelect = screen.getByDisplayValue('Newest First');
       |                               ^
    232|     fireEvent.change(sortSelect, { target: { value: 'oldest' } });
    233|     

⎯⎯⎯⎯⎯⎯⎯⎯⎯⎯⎯⎯⎯⎯⎯⎯⎯⎯⎯⎯[166/254]⎯

 FAIL  src/renderer/components/Dashboard/__tests__/JobHistory.test.tsx > JobHistory > displays progress for running jobs
TestingLibraryElementError: Unable to find an element with the text: In Progress. This could be because the text is broken up by multiple elements. In this case, you can provide a function for your text matcher to make your matcher more flexible.

Ignored nodes: comments, script, style
[36m<body>[39m
  [36m<div>[39m
    [36m<div[39m
      [33mclass[39m=[32m"flex flex-col h-full min-h-0"[39m
    [36m>[39m
      [36m<div[39m
        [33mclass[39m=[32m"flex-1 overflow-y-auto space-y-3 min-h-0"[39m
        [33mrole[39m=[32m"list"[39m
      [36m>[39m
        [36m<div[39m
          [33maria-label[39m=[32m"Test Job 3 - running"[39m
          [33mclass[39m=[32m"bg-white border rounded-lg p-4 cursor-pointer transition-colors border-gray-200 hover:border-gray-300 hover:bg-gray-50"[39m
          [33mrole[39m=[32m"listitem"[39m
          [33mtabindex[39m=[32m"0"[39m
        [36m>[39m
          [36m<div[39m
            [33mclass[39m=[32m"flex items-center justify-between"[39m
          [36m>[39m
            [36m<div[39m
              [33mclass[39m=[32m"flex items-center space-x-3"[39m
            [36m>[39m
              [36m<svg[39m
                [33mclass[39m=[32m"w-5 h-5 text-blue-600 animate-spin"[39m
                [33mfill[39m=[32m"none"[39m
                [33mstroke[39m=[32m"currentColor"[39m
                [33mviewBox[39m=[32m"0 0 24 24"[39m
              [36m>[39m
                [36m<path[39m
                  [33md[39m=[32m"M3 12a9 9 0 0 1 9-9 9.75 9.75 0 0 1 6.74 2.74L21 8"[39m
                [36m/>[39m
                [36m<path[39m
                  [33md[39m=[32m"M21 3v5h-5"[39m
                [36m/>[39m
                [36m<path[39m
                  [33md[39m=[32m"M21 12a9 9 0 0 1-9 9 9.75 9.75 0 0 1-6.74-2.74L3 16"[39m
                [36m/>[39m
                [36m<path[39m
                  [33md[39m=[32m"M8 16H3v5"[39m
                [36m/>[39m
              [36m</svg>[39m
              [36m<div>[39m
                [36m<h3[39m
                  [33mclass[39m=[32m"font-medium text-gray-900"[39m
                [36m>[39m
                  [0mTest Job 3[0m
                [36m</h3>[39m
                [36m<div[39m
                  [33mclass[39m=[32m"text-xs text-gray-500 mb-1"[39m
                [36m>[39m
                  [0mJob ID: [0m
                  [0mjob-3[0m
                [36m</div>[39m
                [36m<div[39m
                  [33mclass[39m=[32m"flex items-center space-x-4 text-sm text-gray-500"[39m
                [36m>[39m
                  [36m<span>[39m
                    [0mJan 1, 2024[0m
                  [36m</span>[39m
                  [36m<span[39m
                    [33mclass[39m=[32m"inline-flex items-center gap-1 px-2 py-1 rounded-full text-sm font-medium border bg-blue-100 text-blue-800 border-blue-200"[39m
                  [36m>[39m
                    [36m<svg[39m
                      [33maria-hidden[39m=[32m"true"[39m
                      [33mclass[39m=[32m"w-4 h-4"[39m
                      [33mfill[39m=[32m"none"[39m
                      [33mstroke[39m=[32m"currentColor"[39m
                      [33mviewBox[39m=[32m"0 0 24 24"[39m
                    [36m>[39m
                      [36m<path[39m
                        [33md[39m=[32m"M3 12a9 9 0 0 1 9-9 9.75 9.75 0 0 1 6.74 2.74L21 8"[39m
                      [36m/>[39m
                      [36m<path[39m
                        [33md[39m=[32m"M21 3v5h-5"[39m
                      [36m/>[39m
                      [36m<path[39m
                        [33md[39m=[32m"M21 12a9 9 0 0 1-9 9 9.75 9.75 0 0 1-6.74-2.74L3 16"[39m
                      [36m/>[39m
                      [36m<path[39m
                        [33md[39m=[32m"M8 16H3v5"[39m
                      [36m/>[39m
                    [36m</svg>[39m
                    [0mProcessing[0m
                  [36m</span>[39m
                [36m</div>[39m
              [36m</div>[39m
            [36m</div>[39m
            [36m<div[39m
              [33mclass[39m=[32m"flex items-center space-x-4 text-sm text-gray-600"[39m
            [36m>[39m
              [36m<div[39m
                [33mclass[39m=[32m"text-center"[39m
              [36m>[39m
                [36m<div[39m
                  [33mclass[39m=[32m"font-medium"[39m
                [36m>[39m
                  [0mRunning[0m
                [36m</div>[39m
                [36m<div[39m
                  [33mclass[39m=[32m"text-xs"[39m
                [36m>[39m
                  [0mProcessing images[0m
                [36m</div>[39m
              [36m</div>[39m
              [36m<div>[39m
                [36m<span[39m
                  [33mclass[39m=[32m"font-medium"[39m
                [36m>[39m
                  [0mImages:[0m
                [36m</span>[39m
                [36m<div>[39m
                  [0m0[0m
                  [0m total ([0m
                  [0m0[0m
                  [0m successful, [0m
                  [0m0[0m
                  [0m failed)[0m
                [36m</div>[39m
              [36m</div>[39m
              [36m<div[39m
                [33mclass[39m=[32m"flex items-center space-x-2"[39m
              [36m>[39m
                [36m<button[39m
                  [33mclass[39m=[32m"p-1 text-gray-400 hover:text-blue-600 transition-colors"[39m
                  [33mtitle[39m=[32m"View job details"[39m
                [36m>[39m
                  [36m<svg[39m
                    [33mclass[39m=[32m"w-4 h-4"[39m
                    [33mfill[39m=[32m"none"[39m
                    [33mstroke[39m=[32m"currentColor"[39m
                    [33mviewBox[39m=[32m"0 0 24 24"[39m
                  [36m>[39m
                    [36m<path[39m
                      [33md[39m=[32m"M15 12a3 3 0 11-6 0 3 3 0 016 0z"[39m
                      [33mstroke-linecap[39m=[32m"round"[39m
                      [33mstroke-linejoin[39m=[32m"round"[39m
                      [33mstroke-width[39m=[32m"2"[39m
                    [36m/>[39m
                    [36m<path[39m
                      [33md[39m=[32m"M2.458 12C3.732 7.943 7.523 5 12 5c4.478 0 8.268 2.943 9.542 7-1.274 4.057-5.064 7-9.542 7-4.477 0-8.268-2.943-9.542-7z"[39m
                      [33mstroke-linecap[39m=[32m"round"[39m
                      [33mstroke-linejoin[39m=[32m"round"[39m
                      [33mstroke-width[39m=[32m"2"[39m
                    [36m/>[39m
                  [36m</svg>[39m
                [36m</button>[39m
                [36m<button[39m
                  [33mclass[39m=[32m"p-1 text-gray-400 hover:text-green-600 transition-colors"[39m
                  [33mtitle[39m=[32m"Export to Excel"[39m
                [36m>[39m
                  [36m<svg[39m
                    [33mclass[39m=[32m"w-4 h-4"[39m
                    [33mfill[39m=[32m"none"[39m
                    [33mstroke[39m=[32m"currentColor"[39m
                    [33mviewBox[39...
 ❯ Object.getElementError node_modules/@testing-library/dom/dist/config.js:37:19
 ❯ node_modules/@testing-library/dom/dist/query-helpers.js:76:38
 ❯ node_modules/@testing-library/dom/dist/query-helpers.js:109:15
 ❯ src/renderer/components/Dashboard/__tests__/JobHistory.test.tsx:277:39
    275|     
    276|     // Should show "In Progress" for running job - use getAllByText si…
    277|     const inProgressElements = screen.getAllByText('In Progress');
       |                                       ^
    278|     expect(inProgressElements.length).toBeGreaterThan(0);
    279|   });

⎯⎯⎯⎯⎯⎯⎯⎯⎯⎯⎯⎯⎯⎯⎯⎯⎯⎯⎯⎯[167/254]⎯

 FAIL  src/renderer/components/Dashboard/__tests__/JobHistory.test.tsx > JobHistory > handles jobs with missing end time
TestingLibraryElementError: Unable to find an element with the text: In Progress. This could be because the text is broken up by multiple elements. In this case, you can provide a function for your text matcher to make your matcher more flexible.

Ignored nodes: comments, script, style
[36m<body>[39m
  [36m<div>[39m
    [36m<div[39m
      [33mclass[39m=[32m"flex flex-col h-full min-h-0"[39m
    [36m>[39m
      [36m<div[39m
        [33mclass[39m=[32m"flex-1 overflow-y-auto space-y-3 min-h-0"[39m
        [33mrole[39m=[32m"list"[39m
      [36m>[39m
        [36m<div[39m
          [33maria-label[39m=[32m"Test Job 1 - completed"[39m
          [33mclass[39m=[32m"bg-white border rounded-lg p-4 cursor-pointer transition-colors border-gray-200 hover:border-gray-300 hover:bg-gray-50"[39m
          [33mrole[39m=[32m"listitem"[39m
          [33mtabindex[39m=[32m"0"[39m
        [36m>[39m
          [36m<div[39m
            [33mclass[39m=[32m"flex items-center justify-between"[39m
          [36m>[39m
            [36m<div[39m
              [33mclass[39m=[32m"flex items-center space-x-3"[39m
            [36m>[39m
              [36m<svg[39m
                [33mclass[39m=[32m"w-5 h-5 text-green-600"[39m
                [33mfill[39m=[32m"none"[39m
                [33mstroke[39m=[32m"currentColor"[39m
                [33mviewBox[39m=[32m"0 0 24 24"[39m
              [36m>[39m
                [36m<path[39m
                  [33md[39m=[32m"M5 13l4 4L19 7"[39m
                  [33mstroke-linecap[39m=[32m"round"[39m
                  [33mstroke-linejoin[39m=[32m"round"[39m
                  [33mstroke-width[39m=[32m"2"[39m
                [36m/>[39m
              [36m</svg>[39m
              [36m<div>[39m
                [36m<h3[39m
                  [33mclass[39m=[32m"font-medium text-gray-900"[39m
                [36m>[39m
                  [0mTest Job 1[0m
                [36m</h3>[39m
                [36m<div[39m
                  [33mclass[39m=[32m"text-xs text-gray-500 mb-1"[39m
                [36m>[39m
                  [0mJob ID: [0m
                  [0mjob-1[0m
                [36m</div>[39m
                [36m<div[39m
                  [33mclass[39m=[32m"flex items-center space-x-4 text-sm text-gray-500"[39m
                [36m>[39m
                  [36m<span>[39m
                    [0mJan 1, 2024[0m
                  [36m</span>[39m
                  [36m<span[39m
                    [33mclass[39m=[32m"inline-flex items-center gap-1 px-2 py-1 rounded-full text-sm font-medium border bg-green-100 text-green-800 border-green-200"[39m
                  [36m>[39m
                    [36m<svg[39m
                      [33maria-hidden[39m=[32m"true"[39m
                      [33mclass[39m=[32m"w-4 h-4"[39m
                      [33mfill[39m=[32m"none"[39m
                      [33mstroke[39m=[32m"currentColor"[39m
                      [33mviewBox[39m=[32m"0 0 24 24"[39m
                    [36m>[39m
                      [36m<path[39m
                        [33md[39m=[32m"M5 13l4 4L19 7"[39m
                        [33mstroke-linecap[39m=[32m"round"[39m
                        [33mstroke-linejoin[39m=[32m"round"[39m
                        [33mstroke-width[39m=[32m"2"[39m
                      [36m/>[39m
                    [36m</svg>[39m
                    [0mCompleted[0m
                  [36m</span>[39m
                [36m</div>[39m
              [36m</div>[39m
            [36m</div>[39m
            [36m<div[39m
              [33mclass[39m=[32m"flex items-center space-x-4 text-sm text-gray-600"[39m
            [36m>[39m
              [36m<div>[39m
                [36m<span[39m
                  [33mclass[39m=[32m"font-medium"[39m
                [36m>[39m
                  [0mImages:[0m
                [36m</span>[39m
                [36m<div>[39m
                  [0m0[0m
                  [0m total ([0m
                  [0m0[0m
                  [0m successful, [0m
                  [0m0[0m
                  [0m failed)[0m
                [36m</div>[39m
              [36m</div>[39m
              [36m<div[39m
                [33mclass[39m=[32m"flex items-center space-x-2"[39m
              [36m>[39m
                [36m<button[39m
                  [33mclass[39m=[32m"p-1 text-gray-400 hover:text-blue-600 transition-colors"[39m
                  [33mtitle[39m=[32m"View job details"[39m
                [36m>[39m
                  [36m<svg[39m
                    [33mclass[39m=[32m"w-4 h-4"[39m
                    [33mfill[39m=[32m"none"[39m
                    [33mstroke[39m=[32m"currentColor"[39m
                    [33mviewBox[39m=[32m"0 0 24 24"[39m
                  [36m>[39m
                    [36m<path[39m
                      [33md[39m=[32m"M15 12a3 3 0 11-6 0 3 3 0 016 0z"[39m
                      [33mstroke-linecap[39m=[32m"round"[39m
                      [33mstroke-linejoin[39m=[32m"round"[39m
                      [33mstroke-width[39m=[32m"2"[39m
                    [36m/>[39m
                    [36m<path[39m
                      [33md[39m=[32m"M2.458 12C3.732 7.943 7.523 5 12 5c4.478 0 8.268 2.943 9.542 7-1.274 4.057-5.064 7-9.542 7-4.477 0-8.268-2.943-9.542-7z"[39m
                      [33mstroke-linecap[39m=[32m"round"[39m
                      [33mstroke-linejoin[39m=[32m"round"[39m
                      [33mstroke-width[39m=[32m"2"[39m
                    [36m/>[39m
                  [36m</svg>[39m
                [36m</button>[39m
                [36m<button[39m
                  [33mclass[39m=[32m"p-1 text-gray-400 hover:text-green-600 transition-colors"[39m
                  [33mtitle[39m=[32m"Export to Excel"[39m
                [36m>[39m
                  [36m<svg[39m
                    [33mclass[39m=[32m"w-4 h-4"[39m
                    [33mfill[39m=[32m"none"[39m
                    [33mstroke[39m=[32m"currentColor"[39m
                    [33mviewBox[39m=[32m"0 0 24 24"[39m
                  [36m>[39m
                    [36m<path[39m
                      [33md[39m=[32m"M12 10v6m0 0l-3-3m3 3l3-3m2 8H7a2 2 0 01-2-2V5a2 2 0 012-2h5.586a1 1 0 01.707.293l5.414 5.414a1 1 0 01.293.707V19a2 2 0 01-2 2z"[39m
                      [33mstroke-linecap[39m=[32m"round"[39m
                      [33mstroke-linejoin[39m=[32m"round"[39m
                      [33mstroke-width[39m=[32m"2"[39m
                    [36m/>[39m
                  [36m</svg>[39m
                [36m</button>[39m
                [36m<button[39m
                  [33mclass[39m=[32m"p-1 text-gray-400 hover:text-blue-600 transition-colors"[39m
                  [33mtitle[39m=[32m"Rerun job"[39m
                [36m>[39m
                  [36m<svg[39m
                    [33mclass[39m=[32m"w-4 h-4"[39m
                    [33mfill[39m=[32m"none"[39m
                    [33mstroke[39m=[32m"currentColor"[39m
                    [33mstroke-width[39m=[32m"2.5"[39m
                    [33mviewBox[39m=[32m"0 0 24 24"[39m
                  [36m>[39m
                    [36m<path[39m
                      [33md[39m=[32m"M3 12a9 9 0 0 1 9-9 9.75 9.75 0 0 1 6.74 2.74L21 8"[39m
                    [36m/>[39m
                    [36m<path[39m
                      [33md[39m=[32m"M21 3v5h-5"[39m
                    [36m/>[39m
                    [36m<path[39m
                      [33md[39m=[32m"M21 12a9 9 0 0 1-9 9 9.75 9.75 0 0 1-6.74-2.74L3 16"[39m
                    [36m/>[39m
                    [36m<path[39m
                      [33md[39m=[32m"M8 16H3v5"[39m
                    [36m/>[39m
                  [36m</svg>[39m
                [36m</button>[39m
                [36m<button[39m
                  [33mclass[39m=[32m"p-1 text-gray-400 hover:text-red-600 transition-colors"[39m
                  [33mtitle[39m=[32m"Delete job"[39m
                [36m>[39m
                  [36m<svg[39m
                    [33mclass[39m=[32m"w-4 h-4"[39m
                    [33mfill[39m=[32m"none"[39m
                    [33mstroke[39m=[32m"currentColor"[39m
                    [33mviewBox[39m=[32m"0 0 24 24"[39m
                  [36m>[39m
                    [36m<path[39m
                      [33md[39m=[32m"M19 7l-.867 12.142A2 2 0 0116.138 21H7.862a2 2 0 01-1.995-1.858L5 7m5 4v6m4-6v6m1-10V4a1 1 0 00-1-1h-4a1 1 0 00-1 1v3M4 7h16"[39m
                      [33mstroke-linecap[39m=[32m"round"[39m
                      [33mstroke-linejoin[39m=[32m"round"[39m
                      [33mstroke-width[39m=[32m"2"[39m
                    [36m/>[39m
                  [36m</svg>[39m
                [36m</button>[39m
              [36m</div>[39m
            [36m</div>[39m
          [36m</div>[39m
        [36m</div>[39m
      [36m</div>[39m
    [36m</div>[39m
  [36m</div>[39m
[36m</body>[39m
 ❯ Object.getElementError node_modules/@testing-library/dom/dist/config.js:37:19
 ❯ node_modules/@testing-library/dom/dist/query-helpers.js:76:38
 ❯ node_modules/@testing-library/dom/dist/query-helpers.js:52:17
 ❯ node_modules/@testing-library/dom/dist/query-helpers.js:95:19
 ❯ src/renderer/components/Dashboard/__tests__/JobHistory.test.tsx:306:19
    304|     
    305|     // Should show "In Progress" or similar for jobs without end time
    306|     expect(screen.getByText('In Progress')).toBeInTheDocument();
       |                   ^
    307|   });
    308| 

⎯⎯⎯⎯⎯⎯⎯⎯⎯⎯⎯⎯⎯⎯⎯⎯⎯⎯⎯⎯[168/254]⎯

 FAIL  src/renderer/components/Dashboard/__tests__/JobHistory.test.tsx > JobHistory > handles rapid job status updates
TestingLibraryElementError: Unable to find an element with the text: running. This could be because the text is broken up by multiple elements. In this case, you can provide a function for your text matcher to make your matcher more flexible.

Ignored nodes: comments, script, style
[36m<body>[39m
  [36m<div>[39m
    [36m<div[39m
      [33mclass[39m=[32m"flex flex-col h-full min-h-0"[39m
    [36m>[39m
      [36m<div[39m
        [33mclass[39m=[32m"flex-1 overflow-y-auto space-y-3 min-h-0"[39m
        [33mrole[39m=[32m"list"[39m
      [36m>[39m
        [36m<div[39m
          [33maria-label[39m=[32m"Test Job 3 - running"[39m
          [33mclass[39m=[32m"bg-white border rounded-lg p-4 cursor-pointer transition-colors border-gray-200 hover:border-gray-300 hover:bg-gray-50"[39m
          [33mrole[39m=[32m"listitem"[39m
          [33mtabindex[39m=[32m"0"[39m
        [36m>[39m
          [36m<div[39m
            [33mclass[39m=[32m"flex items-center justify-between"[39m
          [36m>[39m
            [36m<div[39m
              [33mclass[39m=[32m"flex items-center space-x-3"[39m
            [36m>[39m
              [36m<svg[39m
                [33mclass[39m=[32m"w-5 h-5 text-blue-600 animate-spin"[39m
                [33mfill[39m=[32m"none"[39m
                [33mstroke[39m=[32m"currentColor"[39m
                [33mviewBox[39m=[32m"0 0 24 24"[39m
              [36m>[39m
                [36m<path[39m
                  [33md[39m=[32m"M3 12a9 9 0 0 1 9-9 9.75 9.75 0 0 1 6.74 2.74L21 8"[39m
                [36m/>[39m
                [36m<path[39m
                  [33md[39m=[32m"M21 3v5h-5"[39m
                [36m/>[39m
                [36m<path[39m
                  [33md[39m=[32m"M21 12a9 9 0 0 1-9 9 9.75 9.75 0 0 1-6.74-2.74L3 16"[39m
                [36m/>[39m
                [36m<path[39m
                  [33md[39m=[32m"M8 16H3v5"[39m
                [36m/>[39m
              [36m</svg>[39m
              [36m<div>[39m
                [36m<h3[39m
                  [33mclass[39m=[32m"font-medium text-gray-900"[39m
                [36m>[39m
                  [0mTest Job 3[0m
                [36m</h3>[39m
                [36m<div[39m
                  [33mclass[39m=[32m"text-xs text-gray-500 mb-1"[39m
                [36m>[39m
                  [0mJob ID: [0m
                  [0mjob-3[0m
                [36m</div>[39m
                [36m<div[39m
                  [33mclass[39m=[32m"flex items-center space-x-4 text-sm text-gray-500"[39m
                [36m>[39m
                  [36m<span>[39m
                    [0mJan 1, 2024[0m
                  [36m</span>[39m
                  [36m<span[39m
                    [33mclass[39m=[32m"inline-flex items-center gap-1 px-2 py-1 rounded-full text-sm font-medium border bg-blue-100 text-blue-800 border-blue-200"[39m
                  [36m>[39m
                    [36m<svg[39m
                      [33maria-hidden[39m=[32m"true"[39m
                      [33mclass[39m=[32m"w-4 h-4"[39m
                      [33mfill[39m=[32m"none"[39m
                      [33mstroke[39m=[32m"currentColor"[39m
                      [33mviewBox[39m=[32m"0 0 24 24"[39m
                    [36m>[39m
                      [36m<path[39m
                        [33md[39m=[32m"M3 12a9 9 0 0 1 9-9 9.75 9.75 0 0 1 6.74 2.74L21 8"[39m
                      [36m/>[39m
                      [36m<path[39m
                        [33md[39m=[32m"M21 3v5h-5"[39m
                      [36m/>[39m
                      [36m<path[39m
                        [33md[39m=[32m"M21 12a9 9 0 0 1-9 9 9.75 9.75 0 0 1-6.74-2.74L3 16"[39m
                      [36m/>[39m
                      [36m<path[39m
                        [33md[39m=[32m"M8 16H3v5"[39m
                      [36m/>[39m
                    [36m</svg>[39m
                    [0mProcessing[0m
                  [36m</span>[39m
                [36m</div>[39m
              [36m</div>[39m
            [36m</div>[39m
            [36m<div[39m
              [33mclass[39m=[32m"flex items-center space-x-4 text-sm text-gray-600"[39m
            [36m>[39m
              [36m<div[39m
                [33mclass[39m=[32m"text-center"[39m
              [36m>[39m
                [36m<div[39m
                  [33mclass[39m=[32m"font-medium"[39m
                [36m>[39m
                  [0mRunning[0m
                [36m</div>[39m
                [36m<div[39m
                  [33mclass[39m=[32m"text-xs"[39m
                [36m>[39m
                  [0mProcessing images[0m
                [36m</div>[39m
              [36m</div>[39m
              [36m<div>[39m
                [36m<span[39m
                  [33mclass[39m=[32m"font-medium"[39m
                [36m>[39m
                  [0mImages:[0m
                [36m</span>[39m
                [36m<div>[39m
                  [0m0[0m
                  [0m total ([0m
                  [0m0[0m
                  [0m successful, [0m
                  [0m0[0m
                  [0m failed)[0m
                [36m</div>[39m
              [36m</div>[39m
              [36m<div[39m
                [33mclass[39m=[32m"flex items-center space-x-2"[39m
              [36m>[39m
                [36m<button[39m
                  [33mclass[39m=[32m"p-1 text-gray-400 hover:text-blue-600 transition-colors"[39m
                  [33mtitle[39m=[32m"View job details"[39m
                [36m>[39m
                  [36m<svg[39m
                    [33mclass[39m=[32m"w-4 h-4"[39m
                    [33mfill[39m=[32m"none"[39m
                    [33mstroke[39m=[32m"currentColor"[39m
                    [33mviewBox[39m=[32m"0 0 24 24"[39m
                  [36m>[39m
                    [36m<path[39m
                      [33md[39m=[32m"M15 12a3 3 0 11-6 0 3 3 0 016 0z"[39m
                      [33mstroke-linecap[39m=[32m"round"[39m
                      [33mstroke-linejoin[39m=[32m"round"[39m
                      [33mstroke-width[39m=[32m"2"[39m
                    [36m/>[39m
                    [36m<path[39m
                      [33md[39m=[32m"M2.458 12C3.732 7.943 7.523 5 12 5c4.478 0 8.268 2.943 9.542 7-1.274 4.057-5.064 7-9.542 7-4.477 0-8.268-2.943-9.542-7z"[39m
                      [33mstroke-linecap[39m=[32m"round"[39m
                      [33mstroke-linejoin[39m=[32m"round"[39m
                      [33mstroke-width[39m=[32m"2"[39m
                    [36m/>[39m
                  [36m</svg>[39m
                [36m</button>[39m
                [36m<button[39m
                  [33mclass[39m=[32m"p-1 text-gray-400 hover:text-green-600 transition-colors"[39m
                  [33mtitle[39m=[32m"Export to Excel"[39m
                [36m>[39m
                  [36m<svg[39m
                    [33mclass[39m=[32m"w-4 h-4"[39m
                    [33mfill[39m=[32m"none"[39m
                    [33mstroke[39m=[32m"currentColor"[39m
                    [33mviewBox[39...
 ❯ Object.getElementError node_modules/@testing-library/dom/dist/config.js:37:19
 ❯ node_modules/@testing-library/dom/dist/query-helpers.js:76:38
 ❯ node_modules/@testing-library/dom/dist/query-helpers.js:52:17
 ❯ node_modules/@testing-library/dom/dist/query-helpers.js:95:19
 ❯ src/renderer/components/Dashboard/__tests__/JobHistory.test.tsx:324:19
    322|     
    323|     // Initially show running job
    324|     expect(screen.getByText('running')).toBeInTheDocument();
       |                   ^
    325|     
    326|     // Update job status to completed

⎯⎯⎯⎯⎯⎯⎯⎯⎯⎯⎯⎯⎯⎯⎯⎯⎯⎯⎯⎯[169/254]⎯

 FAIL  src/renderer/components/Dashboard/__tests__/LogViewer.test.tsx > LogViewer > handles empty logs
TestingLibraryElementError: Unable to find an element with the text: Logs area - scroll when content overflows (normalized from ' Logs area - scroll when content overflows'). This could be because the text is broken up by multiple elements. In this case, you can provide a function for your text matcher to make your matcher more flexible.

Ignored nodes: comments, script, style
[36m<body>[39m
  [36m<div>[39m
    [36m<div[39m
      [33mclass[39m=[32m"bg-white rounded-lg border border-gray-200 flex flex-col"[39m
    [36m>[39m
      [36m<div[39m
        [33mclass[39m=[32m"px-6 py-4 border-b border-gray-200 flex-shrink-0"[39m
      [36m>[39m
        [36m<div[39m
          [33mclass[39m=[32m"flex items-center justify-between mb-3"[39m
        [36m>[39m
          [36m<div[39m
            [33mclass[39m=[32m"flex items-center space-x-4"[39m
          [36m>[39m
            [36m<h3[39m
              [33mclass[39m=[32m"text-lg font-medium text-gray-900"[39m
            [36m>[39m
              [0mLogs[0m
            [36m</h3>[39m
            [36m<div[39m
              [33mclass[39m=[32m"flex items-center space-x-2"[39m
            [36m>[39m
              [36m<span[39m
                [33mclass[39m=[32m"text-sm font-medium text-gray-700"[39m
              [36m>[39m
                [0mMode:[0m
              [36m</span>[39m
              [36m<div[39m
                [33maria-label[39m=[32m"Log viewing mode"[39m
                [33mclass[39m=[32m"flex bg-gray-100 rounded-lg p-1"[39m
                [33mrole[39m=[32m"tablist"[39m
              [36m>[39m
                [36m<button[39m
                  [33maria-label[39m=[32m"Standard log mode"[39m
                  [33maria-selected[39m=[32m"true"[39m
                  [33mclass[39m=[32m"px-3 py-1 text-xs font-medium rounded-md transition-colors bg-white text-gray-900 shadow-sm"[39m
                  [33mrole[39m=[32m"tab"[39m
                [36m>[39m
                  [0mStandard[0m
                [36m</button>[39m
                [36m<button[39m
                  [33maria-label[39m=[32m"Debug log mode"[39m
                  [33maria-selected[39m=[32m"false"[39m
                  [33mclass[39m=[32m"px-3 py-1 text-xs font-medium rounded-md transition-colors text-gray-600 hover:text-gray-900"[39m
                  [33mrole[39m=[32m"tab"[39m
                [36m>[39m
                  [0mDebug[0m
                [36m</button>[39m
              [36m</div>[39m
            [36m</div>[39m
            [36m<div[39m
              [33mclass[39m=[32m"flex items-center gap-2"[39m
            [36m>[39m
              [36m<span[39m
                [33mclass[39m=[32m"text-sm font-medium text-gray-700"[39m
              [36m>[39m
                [0mLevel:[0m
              [36m</span>[39m
              [36m<select[39m
                [33maria-label[39m=[32m"Filter logs by level"[39m
                [33mclass[39m=[32m"ui-select h-8"[39m
              [36m>[39m
                [36m<option[39m
                  [33mvalue[39m=[32m"all"[39m
                [36m>[39m
                  [0mAll Levels[0m
                [36m</option>[39m
                [36m<option[39m
                  [33mvalue[39m=[32m"info"[39m
                [36m>[39m
                  [0mInfo[0m
                [36m</option>[39m
                [36m<option[39m
                  [33mvalue[39m=[32m"warn"[39m
                [36m>[39m
                  [0mWarning[0m
                [36m</option>[39m
                [36m<option[39m
                  [33mvalue[39m=[32m"error"[39m
                [36m>[39m
                  [0mError[0m
                [36m</option>[39m
                [36m<option[39m
                  [33mvalue[39m=[32m"debug"[39m
                [36m>[39m
                  [0mDebug Level[0m
                [36m</option>[39m
              [36m</select>[39m
            [36m</div>[39m
          [36m</div>[39m
          [36m<div[39m
            [33mclass[39m=[32m"flex items-center space-x-2"[39m
          [36m>[39m
            [36m<label[39m
              [33mclass[39m=[32m"flex items-center space-x-2 text-sm text-gray-600"[39m
            [36m>[39m
              [36m<input[39m
                [33maria-label[39m=[32m"Auto-scroll to bottom"[39m
                [33mchecked[39m=[32m""[39m
                [33mclass[39m=[32m"rounded border-gray-300 text-blue-600 focus:ring-blue-500"[39m
                [33mtype[39m=[32m"checkbox"[39m
              [36m/>[39m
              [36m<span>[39m
                [0mAuto-scroll[0m
              [36m</span>[39m
            [36m</label>[39m
            [36m<button[39m
              [33maria-label[39m=[32m"Refresh logs"[39m
              [33mclass[39m=[32m"inline-flex items-center px-3 py-1 border border-gray-300 rounded-md text-xs font-medium text-gray-700 bg-white hover:bg-gray-50 focus:outline-none focus:ring-2 focus:ring-blue-500"[39m
            [36m>[39m
              [36m<span[39m
                [33mclass[39m=[32m"w-3 h-3 mr-1 inline-flex items-center justify-center"[39m
              [36m>[39m
                [36m<svg[39m
                  [33mclass[39m=[32m"w-3 h-3"[39m
                  [33mfill[39m=[32m"none"[39m
                  [33mstroke[39m=[32m"currentColor"[39m
                  [33mstroke-width[39m=[32m"2.5"[39m
                  [33mviewBox[39m=[32m"0 0 24 24"[39m
                [36m>[39m
                  [36m<path[39m
                    [33md[39m=[32m"M3 12a9 9 0 0 1 9-9 9.75 9.75 0 0 1 6.74 2.74L21 8"[39m
                  [36m/>[39m
                  [36m<path[39m
                    [33md[39m=[32m"M21 3v5h-5"[39m
                  [36m/>[39m
                  [36m<path[39m
                    [33md[39m=[32m"M21 12a9 9 0 0 1-9 9 9.75 9.75 0 0 1-6.74-2.74L3 16"[39m
                  [36m/>[39m
                  [36m<path[39m
                    [33md[39m=[32m"M8 16H3v5"[39m
                  [36m/>[39m
                [36m</svg>[39m
              [36m</span>[39m
              [0mRefresh[0m
            [36m</button>[39m
            [36m<button[39m
              [33maria-label[39m=[32m"Export logs"[39m
              [33mclass[39m=[32m"inline-flex items-center px-3 py-1 border border-gray-300 rounded-md text-xs font-medium text-gray-700 bg-white hover:bg-gray-50 focus:outline-none focus:ring-2 focus:ring-blue-500"[39m
            [36m>[39m
              [36m<svg[39m
                [33mclass[39m=[32m"w-3 h-3 mr-1"[39m
                [33mfill[39m=[32m"none"[39m
                [33mstroke[39m=[32m"currentColor"[39m
                [33mviewBox[39m=[32m"0 0 24 24"[39m
              [36m>[39m
                [36m<path[39m
                  [33md[39m=[32m"M12 10v6m0 0l-3-3m3 3l3-3m2 8H7a2 2 0 01-2-2V5a2 2 0 012-2h5.586a1 1 0 01.707.293l5.414 5.414a1 1 0 01.293.707V19a2 2 0 01-2 2z"[39m
                  [33mstroke-linecap[39m=[32m"round"[39m
                  [33mstroke-linejoin[39m=[32m"round"[39m
                  [33mstroke-width[39m=[32m"2"[39m
                [36m/>[39m
              [36m</svg>[39m
              [0mExport[0m
            [36m</button>[39m
          [36m</div>[39m
        [36m</div>[39m
        [36m<div[39m
          [33mclass[39m=[32m"flex items-center space-x-4"[39m
        [36m>[39m
          [36m<div[39m
            [33mclass[39m=[32m"flex-1 max-w-md"[39m
          [36m>[39m
            [36m<div[39m
              [33mclass[39m=[32m"relative"[39m
            [36m>[39m
              [36m<input[39m
                [33maria-label[39m=[32m"Search logs"[39m
                [33mclass[39m=[32m"w-full px-3 py-2 pl-8 text-sm border border-gray-300 rounded-md focus:outline-none focus:ring-2 focus:ring-blue-500"[39m
                [33mid[39m=[32m"log-search"[39m
                [33mplaceholder[39m=[32m"Search logs..."[39m
                [33mtype[39m=[32m"text"[39m
                [33mvalue[39m=[32m""[39m
              [36m/>[39m
              [36m<svg[39m
                [33mclass[39m=[32m"absolute left-2.5 top-2.5 w-4 h-4 text-gray-400"[39m
                [33mfill[39m=[32m"none"[39m
                [33mstroke[39m=[32m"currentColor"[39m
                [33mviewBox[39m=[32m"0 0 24 24"[39m
              [36m>[39m
                [36m<path[39m
                  [33md[39m=[32m"M21 21l-6-6m2-5a7 7 0 11-14 0 7 7 0 0114 0z"[39m
                  [33mstroke-linecap[39m=[32m"round"[39m
                  [33mstroke-linejoin[39m=[32m"round"[39m
                  [33mstroke-width[39m=[32m"2"[39m
                [36m/>[39m
              [36m</svg>[39m
            [36m</div>[39m
          [36m</div>[39m
        [36m</div>[39m
      [36m</div>[39m
      [36m<div[39m
        [33mclass[39m=[32m"px-6 py-4 flex-1 flex flex-col min-h-0"[39m
      [36m>[39m
        [36m<div[39m
          [33maria-label[39m=[32m"Log entries"[39m
          [33mclass[39m=[32m"flex-1 font-mono text-sm bg-gray-50 rounded-lg p-4 min-h-0 logs-scroll border border-gray-200"[39m
          [33mrole[39m=[32m"list"[39m
          [33mstyle[39m=[32m"min-height: 144px; max-height: 320px; overflow-y: auto;"[39m
        [36m>[39m
          [36m<div[39m
            [33mclass[39m=[32m"text-center text-gray-500 py-8"[39m
          [36m>[39m
            [36m<svg[39m
              [33mclass[39m=[32m"mx-auto h-12 w-12 text-gray-400"[39m
              [33mfill[39m=[32m"none"[39m
              [33mstroke[39m=[32m"currentColor"[39m
              [33mviewBox[39m=[32m"0 0 24 24"[39m
            [36m>[39m
              [36m<path[39m
                [33md[39m=[32m"M9 12h6m-6 4h6m2 5H7a2 2 0 01-2-2V5a2 2 0 012-2h5.586a1 1 0 01.707.293l5.414 5.414a1 1 0 01.293.707V19a2 2 0 01-2 2z"[39m
                [33mstroke-linecap[39m=[32m"round"[39m
                [33mstroke-linejoin[39m=[32m"round"[39m
                [33mstroke-width[39m=[32m"2"[39m
              [36m/>[39m
            [36m</svg>[39m
            [36m<h3[39m
              [33mclass[39m=[32m"mt-2 text-sm font-medium text-gray-900"[39m
            [36m>[39m
              [0mNo logs available[0m
            [36m</h3>[39m
            [36m<p[39m
              [33mclass[39m=[32m"mt-1 text-sm text-gray-500"[39m
            [36m>[39m
              [0mLogs will appear here when a job is running or has completed.[0m
            [36m</p>[39m
          [36m</div>[39m
        [36m</div>[39m
        [36m<div[39m
          [33mclass[39m=[32m"mt-3 flex items-center justify-between text-xs text-gray-500 flex-shrink-0"[39m
        [36m>[39m
          [36m<div>[39m
            [0m0 logs[0m
          [36m</div>[39m
          [36m<div />[39m
        [36m</div>[39m
      [36m</div>[39m
    [36m</div>[39m
  [36m</div>[39m
[36m</body>[39m
 ❯ Object.getElementError node_modules/@testing-library/dom/dist/config.js:37:19
 ❯ node_modules/@testing-library/dom/dist/query-helpers.js:76:38
 ❯ node_modules/@testing-library/dom/dist/query-helpers.js:52:17
 ❯ node_modules/@testing-library/dom/dist/query-helpers.js:95:19
 ❯ src/renderer/components/Dashboard/__tests__/LogViewer.test.tsx:157:19
    155|     
    156|     // The component shows a placeholder message when logs are empty
    157|     expect(screen.getByText(' Logs area - scroll when content overflow…
       |                   ^
    158|   });
    159| 

⎯⎯⎯⎯⎯⎯⎯⎯⎯⎯⎯⎯⎯⎯⎯⎯⎯⎯⎯⎯[170/254]⎯

 FAIL  src/renderer/components/Dashboard/__tests__/ProcessingSettingsModal.test.tsx > ProcessingSettingsModal > Settings Choice Section > shows description for original settings
TestingLibraryElementError: Unable to find an element with the text: /original job settings \(QC, metadata, processing\)/i. This could be because the text is broken up by multiple elements. In this case, you can provide a function for your text matcher to make your matcher more flexible.

Ignored nodes: comments, script, style
[36m<body>[39m
  [36m<div>[39m
    [36m<div[39m
      [33mclass[39m=[32m"fixed inset-0 bg-black bg-opacity-50 flex items-center justify-center z-50 p-4"[39m
      [33mdata-testid[39m=[32m"processing-settings-modal"[39m
    [36m>[39m
      [36m<div[39m
        [33mclass[39m=[32m"bg-white rounded-lg max-w-4xl w-full h-[90vh] overflow-hidden flex flex-col"[39m
      [36m>[39m
        [36m<div[39m
          [33mclass[39m=[32m"flex items-center justify-between p-6 border-b border-gray-200"[39m
          [33mdata-testid[39m=[32m"modal-header"[39m
        [36m>[39m
          [36m<div>[39m
            [36m<h2[39m
              [33mclass[39m=[32m"text-xl font-semibold text-gray-900"[39m
            [36m>[39m
              [0mRetry Processing Settings[0m
            [36m</h2>[39m
            [36m<p[39m
              [33mclass[39m=[32m"text-sm text-gray-600"[39m
            [36m>[39m
              [0mConfigure how to process [0m
              [0m3[0m
              [0m selected images for retry[0m
            [36m</p>[39m
          [36m</div>[39m
          [36m<button[39m
            [33maria-label[39m=[32m"Close modal"[39m
            [33mclass[39m=[32m"text-gray-400 hover:text-gray-600 transition-colors"[39m
            [33mtype[39m=[32m"button"[39m
          [36m>[39m
            [36m<svg[39m
              [33mclass[39m=[32m"w-6 h-6"[39m
              [33mfill[39m=[32m"none"[39m
              [33mstroke[39m=[32m"currentColor"[39m
              [33mviewBox[39m=[32m"0 0 24 24"[39m
            [36m>[39m
              [36m<path[39m
                [33md[39m=[32m"M6 18L18 6M6 6l12 12"[39m
                [33mstroke-linecap[39m=[32m"round"[39m
                [33mstroke-linejoin[39m=[32m"round"[39m
                [33mstroke-width[39m=[32m"2"[39m
              [36m/>[39m
            [36m</svg>[39m
          [36m</button>[39m
        [36m</div>[39m
        [36m<div[39m
          [33mclass[39m=[32m"p-6 overflow-y-auto flex-1 min-h-0 retry-modal-scroll"[39m
          [33mdata-testid[39m=[32m"modal-content"[39m
          [33mstyle[39m=[32m"scrollbar-gutter: stable both-edges;"[39m
        [36m>[39m
          [36m<div[39m
            [33mclass[39m=[32m"mb-6 p-4 bg-blue-50 border border-blue-200 rounded-lg"[39m
          [36m>[39m
            [36m<div[39m
              [33mclass[39m=[32m"flex items-start"[39m
            [36m>[39m
              [36m<svg[39m
                [33mclass[39m=[32m"w-5 h-5 text-blue-400 mt-0.5 mr-2"[39m
                [33mfill[39m=[32m"none"[39m
                [33mstroke[39m=[32m"currentColor"[39m
                [33mviewBox[39m=[32m"0 0 24 24"[39m
              [36m>[39m
                [36m<path[39m
                  [33md[39m=[32m"M13 16h-1v-4h-1m1-4h.01M21 12a9 9 0 11-18 0 9 9 0 0118 0z"[39m
                  [33mstroke-linecap[39m=[32m"round"[39m
                  [33mstroke-linejoin[39m=[32m"round"[39m
                  [33mstroke-width[39m=[32m"2"[39m
                [36m/>[39m
              [36m</svg>[39m
              [36m<div>[39m
                [36m<h4[39m
                  [33mclass[39m=[32m"text-sm font-medium text-blue-800"[39m
                [36m>[39m
                  [0mBatch Processing[0m
                [36m</h4>[39m
                [36m<p[39m
                  [33mclass[39m=[32m"text-sm text-blue-700 mt-1"[39m
                [36m>[39m
                  [0mAll [0m
                  [0m3[0m
                  [0m selected images will be processed together with the same settings. This ensures consistent results across the entire batch.[0m
                [36m</p>[39m
              [36m</div>[39m
            [36m</div>[39m
          [36m</div>[39m
          [36m<div[39m
            [33mclass[39m=[32m"mb-8"[39m
          [36m>[39m
            [36m<h3[39m
              [33mclass[39m=[32m"text-lg font-semibold text-gray-900 mb-4"[39m
            [36m>[39m
              [0mBatch Processing Method[0m
            [36m</h3>[39m
            [36m<div[39m
              [33mclass[39m=[32m"grid grid-cols-1 md:grid-cols-2 gap-4"[39m
            [36m>[39m
              [36m<label[39m
                [33mclass[39m=[32m"flex items-start gap-3 cursor-pointer p-4 border border-gray-200 rounded-lg hover:bg-gray-50"[39m
              [36m>[39m
                [36m<input[39m
                  [33maria-label[39m=[32m"Retry with Original Settings"[39m
                  [33mchecked[39m=[32m""[39m
                  [33mclass[39m=[32m"text-blue-600 focus:ring-0 focus:outline-none focus-visible:outline-none mt-1.5"[39m
                  [33mname[39m=[32m"processingMethod"[39m
                  [33mtype[39m=[32m"radio"[39m
                  [33mvalue[39m=[32m"original"[39m
                [36m/>[39m
                [36m<div>[39m
                  [36m<div[39m
                    [33mclass[39m=[32m"text-sm font-medium text-gray-900"[39m
                  [36m>[39m
                    [0mRetry with Original Settings[0m
                  [36m</div>[39m
                  [36m<div[39m
                    [33mclass[39m=[32m"text-xs text-gray-500 mt-1"[39m
                  [36m>[39m
                    [0mProcess all images with their original job settings (Metadata, processing)[0m
                  [36m</div>[39m
                [36m</div>[39m
              [36m</label>[39m
              [36m<label[39m
                [33mclass[39m=[32m"flex items-start gap-3 cursor-pointer p-4 border border-gray-200 rounded-lg hover:bg-gray-50"[39m
              [36m>[39m
                [36m<input[39m
                  [33maria-label[39m=[32m"Retry with Modified Settings"[39m
                  [33mclass[39m=[32m"text-blue-600 focus:ring-0 focus:outline-none focus-visible:outline-none mt-1.5"[39m
                  [33mname[39m=[32m"processingMethod"[39m
                  [33mtype[39m=[32m"radio"[39m
                  [33mvalue[39m=[32m"modified"[39m
                [36m/>[39m
                [36m<div>[39m
                  [36m<div[39m
                    [33mclass[39m=[32m"text-sm font-medium text-gray-900"[39m
                  [36m>[39m
                    [0mRetry with Modified Settings[0m
                  [36m</div>[39m
                  [36m<div[39m
                    [33mclass[39m=[32m"text-xs text-gray-500 mt-1"[39m
                  [36m>[39m
                    [0mProcess all images with new settings (Metadata, processing) — no image regeneration[0m
                  [36m</div>[39m
                [36m</div>[39m
              [36m</label>[39m
            [36m</div>[39m
          [36m</div>[39m
          [36m<div[39m
            [33mclass[39m=[32m"mb-8"[39m
          [36m>[39m
            [36m<h3[39m
              [33mclass[39m=[32m"text-lg font-semibold text-gray-900 mb-4"[39m
            [36m>[39m
              [0mMetadata Options[0m
            [36m</h3>[39m
            [36m<div[39m
              [33mclass[39m=[32m"p-4 bg-blue-50 border border-blue-200 rounded-lg"[39m
            [36m>[39m
              [36m<div[39m
                [33mclass[39m=[32m"flex items-start"[39m
              [36m>[39m
                [36m<svg[39m
                  [33mclass[39m=[32m"w-5 h-5 text-blue-400 mt-0.5 mr-2"[39m
                  [33mfill[39m=[32m"none"[39m
                  [33mstroke[39m=[32m"currentColor"[39m
                  [33mviewBox[39m=[32m"0 0 24 24"[39m
                [36m>[39m
                  [36m<path[39m
                    [33md[39m=[32m"M13 16h-1v-4h-1m1-4h.01M21 12a9 9 0 11-18 0 9 9 0 0118 0z"[39m
                    [33mstroke-linecap[39m=[32m"round"[39m
                    [33mstroke-linejoin[39m=[32m"round"[39m
                    [33mstroke-width[39m=[32m"2"[39m
                  [36m/>[39m
                [36m</svg>[39m
                [36m<div[39m
                  [33mclass[39m=[32m"flex-1"[39m
                [36m>[39m
                  [36m<h4[39m
                    [33mclass[39m=[32m"text-sm font-medium text-blue-800"[39m
                  [36m>[39m
                    [0mMetadata Regeneration[0m
                  [36m</h4>[39m
                  [36m<p[39m
                    [33mclass[39m=[32m"text-sm text-blue-700 mt-1"[39m
                  [36m>[39m
                    [0mChoose whether to regenerate metadata for the selected images during retry processing.[0m
                  [36m</p>[39m
                  [36m<div[39m
                    [33mclass[39m=[32m"mt-3"[39m
                  [36m>[39m
                    [36m<div[39m
                      [33mclass[39m=[32m"flex items-center justify-between"[39m
                    [36m>[39m
                      [36m<span[39m
                        [33mclass[39m=[32m"text-sm text-blue-800 font-medium"[39m
                      [36m>[39m
                        [0mAlso regenerate metadata (titles, descriptions, tags)[0m
                      [36m</span>[39m
                      [36m<button[39m
                        [33maria-checked[39m=[32m"false"[39m
                        [33mclass[39m=[32m""[39m
                        [33mrole[39m=[32m"switch"[39m
                        [33mstyle[39m=[32m"position: relative; display: inline-flex; align-items: center; width: 44px; height: 24px; border-radius: 12px; cursor: pointer; background-color: rgb(229, 231, 235); transition: background-color 0.2s ease-in-out; opacity: 1; outline: none;"[39m
                        [33mtype[39m=[32m"button"[39m
                      [36m>[39m
                        [36m<span[39m
                          [33mstyle[39m=[32m"position: absolute; left: 2px; width: 20px; height: 20px; border-radius: 50%; background-color: white; box-shadow: 0 1px 3px 0 rgba(0, 0, 0, 0.1); transition: transform 0.2s ease-in-out; transform: translateX(0);"[39m
                        [36m/>[39m
                      [36m</button>[39m
                    [36m</div>[39m
                    [36m<p[39m
                      [33mclass[39m=[32m"text-xs text-blue-600 mt-1"[39m
                    [36m>[39m
                      [0mThis will regenerate AI-generated metadata for all selected images using the current AI model settings.[0m
                    [36m</p>[39m
                  [36m</div>[39m
                [36m</div>[39m
              [36m</div>[39m
            [36m</div>[39m
          [36m</div>[39m
        [36m</div>[39m
        [36m<div[39m
          [33mclass[39m=[32m"flex justify-end space-x-3 p-6 border-t border-gray-200"[39m
          [33mdata-testid[39m=[32m"modal-footer"[39m
        [36m>[39m
          [36m<button[39m
            [33mclass[39m=[32m"px-4 py-2 text-sm text-gray-600 hover:text-gray-800 hover:bg-gray-100 rounded-md transition-colors"[39m
          [36m>[39m
            [0mCancel[0m
          [36m</button>[39m
          [36m<button[39m
            [33mclass[39m=[32m"px-6 py-2 text-sm bg-blue-600 text-white rounded-md hover:bg-blue-700 transition-colors font-medium"[39m
          [36m>[39m
            [0mRetry with Original Settings[0m
            [0m ([0m
            [0m3[0m
            [0m images)[0m
          [36m</button>[39m
        [36m</div>[39m
      [36m</div>[39m
    [36m</div>[39m
  [36m</div>[39m
[36m</body>[39m
 ❯ Object.getElementError node_modules/@testing-library/dom/dist/config.js:37:19
 ❯ node_modules/@testing-library/dom/dist/query-helpers.js:76:38
 ❯ node_modules/@testing-library/dom/dist/query-helpers.js:52:17
 ❯ node_modules/@testing-library/dom/dist/query-helpers.js:95:19
 ❯ src/renderer/components/Dashboard/__tests__/ProcessingSettingsModal.test.tsx:223:21
    221|       );
    222| 
    223|       expect(screen.getByText(/original job settings \(QC, metadata, p…
       |                     ^
    224|     });
    225| 

⎯⎯⎯⎯⎯⎯⎯⎯⎯⎯⎯⎯⎯⎯⎯⎯⎯⎯⎯⎯[171/254]⎯

 FAIL  src/renderer/components/Dashboard/__tests__/ProcessingSettingsModal.test.tsx > ProcessingSettingsModal > Image Enhancement Settings > shows sharpening control when enhancement is enabled
TestingLibraryElementError: Unable to find a label with the text of: /Sharpening Level/

Ignored nodes: comments, script, style
[36m<body>[39m
  [36m<div>[39m
    [36m<div[39m
      [33mclass[39m=[32m"fixed inset-0 bg-black bg-opacity-50 flex items-center justify-center z-50 p-4"[39m
      [33mdata-testid[39m=[32m"processing-settings-modal"[39m
    [36m>[39m
      [36m<div[39m
        [33mclass[39m=[32m"bg-white rounded-lg max-w-4xl w-full h-[90vh] overflow-hidden flex flex-col"[39m
      [36m>[39m
        [36m<div[39m
          [33mclass[39m=[32m"flex items-center justify-between p-6 border-b border-gray-200"[39m
          [33mdata-testid[39m=[32m"modal-header"[39m
        [36m>[39m
          [36m<div>[39m
            [36m<h2[39m
              [33mclass[39m=[32m"text-xl font-semibold text-gray-900"[39m
            [36m>[39m
              [0mRetry Processing Settings[0m
            [36m</h2>[39m
            [36m<p[39m
              [33mclass[39m=[32m"text-sm text-gray-600"[39m
            [36m>[39m
              [0mConfigure how to process [0m
              [0m3[0m
              [0m selected images for retry[0m
            [36m</p>[39m
          [36m</div>[39m
          [36m<button[39m
            [33maria-label[39m=[32m"Close modal"[39m
            [33mclass[39m=[32m"text-gray-400 hover:text-gray-600 transition-colors"[39m
            [33mtype[39m=[32m"button"[39m
          [36m>[39m
            [36m<svg[39m
              [33mclass[39m=[32m"w-6 h-6"[39m
              [33mfill[39m=[32m"none"[39m
              [33mstroke[39m=[32m"currentColor"[39m
              [33mviewBox[39m=[32m"0 0 24 24"[39m
            [36m>[39m
              [36m<path[39m
                [33md[39m=[32m"M6 18L18 6M6 6l12 12"[39m
                [33mstroke-linecap[39m=[32m"round"[39m
                [33mstroke-linejoin[39m=[32m"round"[39m
                [33mstroke-width[39m=[32m"2"[39m
              [36m/>[39m
            [36m</svg>[39m
          [36m</button>[39m
        [36m</div>[39m
        [36m<div[39m
          [33mclass[39m=[32m"p-6 overflow-y-auto flex-1 min-h-0 retry-modal-scroll"[39m
          [33mdata-testid[39m=[32m"modal-content"[39m
          [33mstyle[39m=[32m"scrollbar-gutter: stable both-edges;"[39m
        [36m>[39m
          [36m<div[39m
            [33mclass[39m=[32m"mb-6 p-4 bg-blue-50 border border-blue-200 rounded-lg"[39m
          [36m>[39m
            [36m<div[39m
              [33mclass[39m=[32m"flex items-start"[39m
            [36m>[39m
              [36m<svg[39m
                [33mclass[39m=[32m"w-5 h-5 text-blue-400 mt-0.5 mr-2"[39m
                [33mfill[39m=[32m"none"[39m
                [33mstroke[39m=[32m"currentColor"[39m
                [33mviewBox[39m=[32m"0 0 24 24"[39m
              [36m>[39m
                [36m<path[39m
                  [33md[39m=[32m"M13 16h-1v-4h-1m1-4h.01M21 12a9 9 0 11-18 0 9 9 0 0118 0z"[39m
                  [33mstroke-linecap[39m=[32m"round"[39m
                  [33mstroke-linejoin[39m=[32m"round"[39m
                  [33mstroke-width[39m=[32m"2"[39m
                [36m/>[39m
              [36m</svg>[39m
              [36m<div>[39m
                [36m<h4[39m
                  [33mclass[39m=[32m"text-sm font-medium text-blue-800"[39m
                [36m>[39m
                  [0mBatch Processing[0m
                [36m</h4>[39m
                [36m<p[39m
                  [33mclass[39m=[32m"text-sm text-blue-700 mt-1"[39m
                [36m>[39m
                  [0mAll [0m
                  [0m3[0m
                  [0m selected images will be processed together with the same settings. This ensures consistent results across the entire batch.[0m
                [36m</p>[39m
              [36m</div>[39m
            [36m</div>[39m
          [36m</div>[39m
          [36m<div[39m
            [33mclass[39m=[32m"mb-8"[39m
          [36m>[39m
            [36m<h3[39m
              [33mclass[39m=[32m"text-lg font-semibold text-gray-900 mb-4"[39m
            [36m>[39m
              [0mBatch Processing Method[0m
            [36m</h3>[39m
            [36m<div[39m
              [33mclass[39m=[32m"grid grid-cols-1 md:grid-cols-2 gap-4"[39m
            [36m>[39m
              [36m<label[39m
                [33mclass[39m=[32m"flex items-start gap-3 cursor-pointer p-4 border border-gray-200 rounded-lg hover:bg-gray-50"[39m
              [36m>[39m
                [36m<input[39m
                  [33maria-label[39m=[32m"Retry with Original Settings"[39m
                  [33mchecked[39m=[32m""[39m
                  [33mclass[39m=[32m"text-blue-600 focus:ring-0 focus:outline-none focus-visible:outline-none mt-1.5"[39m
                  [33mname[39m=[32m"processingMethod"[39m
                  [33mtype[39m=[32m"radio"[39m
                  [33mvalue[39m=[32m"original"[39m
                [36m/>[39m
                [36m<div>[39m
                  [36m<div[39m
                    [33mclass[39m=[32m"text-sm font-medium text-gray-900"[39m
                  [36m>[39m
                    [0mRetry with Original Settings[0m
                  [36m</div>[39m
                  [36m<div[39m
                    [33mclass[39m=[32m"text-xs text-gray-500 mt-1"[39m
                  [36m>[39m
                    [0mProcess all images with their original job settings (Metadata, processing)[0m
                  [36m</div>[39m
                [36m</div>[39m
              [36m</label>[39m
              [36m<label[39m
                [33mclass[39m=[32m"flex items-start gap-3 cursor-pointer p-4 border border-gray-200 rounded-lg hover:bg-gray-50"[39m
              [36m>[39m
                [36m<input[39m
                  [33maria-label[39m=[32m"Retry with Modified Settings"[39m
                  [33mclass[39m=[32m"text-blue-600 focus:ring-0 focus:outline-none focus-visible:outline-none mt-1.5"[39m
                  [33mname[39m=[32m"processingMethod"[39m
                  [33mtype[39m=[32m"radio"[39m
                  [33mvalue[39m=[32m"modified"[39m
                [36m/>[39m
                [36m<div>[39m
                  [36m<div[39m
                    [33mclass[39m=[32m"text-sm font-medium text-gray-900"[39m
                  [36m>[39m
                    [0mRetry with Modified Settings[0m
                  [36m</div>[39m
                  [36m<div[39m
                    [33mclass[39m=[32m"text-xs text-gray-500 mt-1"[39m
                  [36m>[39m
                    [0mProcess all images with new settings (Metadata, processing) — no image regeneration[0m
                  [36m</div>[39m
                [36m</div>[39m
              [36m</label>[39m
            [36m</div>[39m
          [36m</div>[39m
          [36m<div[39m
            [33mclass[39m=[32m"mb-8"[39m
          [36m>[39m
  ...
 ❯ Object.getElementError node_modules/@testing-library/dom/dist/config.js:37:19
 ❯ getAllByLabelText node_modules/@testing-library/dom/dist/queries/label-text.js:111:38
 ❯ node_modules/@testing-library/dom/dist/query-helpers.js:52:17
 ❯ node_modules/@testing-library/dom/dist/query-helpers.js:95:19
 ❯ src/renderer/components/Dashboard/__tests__/ProcessingSettingsModal.test.tsx:363:21
    361|       fireEvent.click(enhancementToggle);
    362|       
    363|       expect(screen.getByLabelText(/Sharpening Level/)).toBeInTheDocum…
       |                     ^
    364|       // Default is 5 in current UI
    365|       expect(screen.getByDisplayValue('5')).toBeInTheDocument();

⎯⎯⎯⎯⎯⎯⎯⎯⎯⎯⎯⎯⎯⎯⎯⎯⎯⎯⎯⎯[172/254]⎯

 FAIL  src/renderer/components/Dashboard/__tests__/ProcessingSettingsModal.test.tsx > ProcessingSettingsModal > Image Enhancement Settings > updates sharpening value when input is changed
TestingLibraryElementError: Unable to find a label with the text of: /Sharpening Level/

Ignored nodes: comments, script, style
[36m<body>[39m
  [36m<div>[39m
    [36m<div[39m
      [33mclass[39m=[32m"fixed inset-0 bg-black bg-opacity-50 flex items-center justify-center z-50 p-4"[39m
      [33mdata-testid[39m=[32m"processing-settings-modal"[39m
    [36m>[39m
      [36m<div[39m
        [33mclass[39m=[32m"bg-white rounded-lg max-w-4xl w-full h-[90vh] overflow-hidden flex flex-col"[39m
      [36m>[39m
        [36m<div[39m
          [33mclass[39m=[32m"flex items-center justify-between p-6 border-b border-gray-200"[39m
          [33mdata-testid[39m=[32m"modal-header"[39m
        [36m>[39m
          [36m<div>[39m
            [36m<h2[39m
              [33mclass[39m=[32m"text-xl font-semibold text-gray-900"[39m
            [36m>[39m
              [0mRetry Processing Settings[0m
            [36m</h2>[39m
            [36m<p[39m
              [33mclass[39m=[32m"text-sm text-gray-600"[39m
            [36m>[39m
              [0mConfigure how to process [0m
              [0m3[0m
              [0m selected images for retry[0m
            [36m</p>[39m
          [36m</div>[39m
          [36m<button[39m
            [33maria-label[39m=[32m"Close modal"[39m
            [33mclass[39m=[32m"text-gray-400 hover:text-gray-600 transition-colors"[39m
            [33mtype[39m=[32m"button"[39m
          [36m>[39m
            [36m<svg[39m
              [33mclass[39m=[32m"w-6 h-6"[39m
              [33mfill[39m=[32m"none"[39m
              [33mstroke[39m=[32m"currentColor"[39m
              [33mviewBox[39m=[32m"0 0 24 24"[39m
            [36m>[39m
              [36m<path[39m
                [33md[39m=[32m"M6 18L18 6M6 6l12 12"[39m
                [33mstroke-linecap[39m=[32m"round"[39m
                [33mstroke-linejoin[39m=[32m"round"[39m
                [33mstroke-width[39m=[32m"2"[39m
              [36m/>[39m
            [36m</svg>[39m
          [36m</button>[39m
        [36m</div>[39m
        [36m<div[39m
          [33mclass[39m=[32m"p-6 overflow-y-auto flex-1 min-h-0 retry-modal-scroll"[39m
          [33mdata-testid[39m=[32m"modal-content"[39m
          [33mstyle[39m=[32m"scrollbar-gutter: stable both-edges;"[39m
        [36m>[39m
          [36m<div[39m
            [33mclass[39m=[32m"mb-6 p-4 bg-blue-50 border border-blue-200 rounded-lg"[39m
          [36m>[39m
            [36m<div[39m
              [33mclass[39m=[32m"flex items-start"[39m
            [36m>[39m
              [36m<svg[39m
                [33mclass[39m=[32m"w-5 h-5 text-blue-400 mt-0.5 mr-2"[39m
                [33mfill[39m=[32m"none"[39m
                [33mstroke[39m=[32m"currentColor"[39m
                [33mviewBox[39m=[32m"0 0 24 24"[39m
              [36m>[39m
                [36m<path[39m
                  [33md[39m=[32m"M13 16h-1v-4h-1m1-4h.01M21 12a9 9 0 11-18 0 9 9 0 0118 0z"[39m
                  [33mstroke-linecap[39m=[32m"round"[39m
                  [33mstroke-linejoin[39m=[32m"round"[39m
                  [33mstroke-width[39m=[32m"2"[39m
                [36m/>[39m
              [36m</svg>[39m
              [36m<div>[39m
                [36m<h4[39m
                  [33mclass[39m=[32m"text-sm font-medium text-blue-800"[39m
                [36m>[39m
                  [0mBatch Processing[0m
                [36m</h4>[39m
                [36m<p[39m
                  [33mclass[39m=[32m"text-sm text-blue-700 mt-1"[39m
                [36m>[39m
                  [0mAll [0m
                  [0m3[0m
                  [0m selected images will be processed together with the same settings. This ensures consistent results across the entire batch.[0m
                [36m</p>[39m
              [36m</div>[39m
            [36m</div>[39m
          [36m</div>[39m
          [36m<div[39m
            [33mclass[39m=[32m"mb-8"[39m
          [36m>[39m
            [36m<h3[39m
              [33mclass[39m=[32m"text-lg font-semibold text-gray-900 mb-4"[39m
            [36m>[39m
              [0mBatch Processing Method[0m
            [36m</h3>[39m
            [36m<div[39m
              [33mclass[39m=[32m"grid grid-cols-1 md:grid-cols-2 gap-4"[39m
            [36m>[39m
              [36m<label[39m
                [33mclass[39m=[32m"flex items-start gap-3 cursor-pointer p-4 border border-gray-200 rounded-lg hover:bg-gray-50"[39m
              [36m>[39m
                [36m<input[39m
                  [33maria-label[39m=[32m"Retry with Original Settings"[39m
                  [33mchecked[39m=[32m""[39m
                  [33mclass[39m=[32m"text-blue-600 focus:ring-0 focus:outline-none focus-visible:outline-none mt-1.5"[39m
                  [33mname[39m=[32m"processingMethod"[39m
                  [33mtype[39m=[32m"radio"[39m
                  [33mvalue[39m=[32m"original"[39m
                [36m/>[39m
                [36m<div>[39m
                  [36m<div[39m
                    [33mclass[39m=[32m"text-sm font-medium text-gray-900"[39m
                  [36m>[39m
                    [0mRetry with Original Settings[0m
                  [36m</div>[39m
                  [36m<div[39m
                    [33mclass[39m=[32m"text-xs text-gray-500 mt-1"[39m
                  [36m>[39m
                    [0mProcess all images with their original job settings (Metadata, processing)[0m
                  [36m</div>[39m
                [36m</div>[39m
              [36m</label>[39m
              [36m<label[39m
                [33mclass[39m=[32m"flex items-start gap-3 cursor-pointer p-4 border border-gray-200 rounded-lg hover:bg-gray-50"[39m
              [36m>[39m
                [36m<input[39m
                  [33maria-label[39m=[32m"Retry with Modified Settings"[39m
                  [33mclass[39m=[32m"text-blue-600 focus:ring-0 focus:outline-none focus-visible:outline-none mt-1.5"[39m
                  [33mname[39m=[32m"processingMethod"[39m
                  [33mtype[39m=[32m"radio"[39m
                  [33mvalue[39m=[32m"modified"[39m
                [36m/>[39m
                [36m<div>[39m
                  [36m<div[39m
                    [33mclass[39m=[32m"text-sm font-medium text-gray-900"[39m
                  [36m>[39m
                    [0mRetry with Modified Settings[0m
                  [36m</div>[39m
                  [36m<div[39m
                    [33mclass[39m=[32m"text-xs text-gray-500 mt-1"[39m
                  [36m>[39m
                    [0mProcess all images with new settings (Metadata, processing) — no image regeneration[0m
                  [36m</div>[39m
                [36m</div>[39m
              [36m</label>[39m
            [36m</div>[39m
          [36m</div>[39m
          [36m<div[39m
            [33mclass[39m=[32m"mb-8"[39m
          [36m>[39m
  ...
 ❯ Object.getElementError node_modules/@testing-library/dom/dist/config.js:37:19
 ❯ getAllByLabelText node_modules/@testing-library/dom/dist/queries/label-text.js:111:38
 ❯ node_modules/@testing-library/dom/dist/query-helpers.js:52:17
 ❯ node_modules/@testing-library/dom/dist/query-helpers.js:95:19
 ❯ src/renderer/components/Dashboard/__tests__/ProcessingSettingsModal.test.tsx:392:38
    390|       fireEvent.click(enhancementToggle);
    391|       
    392|       const sharpeningInput = screen.getByLabelText(/Sharpening Level/…
       |                                      ^
    393|       fireEvent.change(sharpeningInput, { target: { value: '7' } });
    394|       

⎯⎯⎯⎯⎯⎯⎯⎯⎯⎯⎯⎯⎯⎯⎯⎯⎯⎯⎯⎯[173/254]⎯

 FAIL  src/renderer/components/Dashboard/__tests__/ProcessingSettingsModal.test.tsx > ProcessingSettingsModal > Image Enhancement Settings > updates saturation value when input is changed
Error: expect(element).toHaveValue(1.7)

Expected the element to have value:
  1.7 (number)
Received:
  1.7 (string)
 ❯ src/renderer/components/Dashboard/__tests__/ProcessingSettingsModal.test.tsx:405:31
    403|       fireEvent.change(saturationInput, { target: { value: '1.7' } });
    404|       
    405|       expect(saturationInput).toHaveValue(1.7);
       |                               ^
    406|     });
    407|   });

⎯⎯⎯⎯⎯⎯⎯⎯⎯⎯⎯⎯⎯⎯⎯⎯⎯⎯⎯⎯[174/254]⎯

 FAIL  src/renderer/components/Dashboard/__tests__/ProcessingSettingsModal.test.tsx > ProcessingSettingsModal > Image Conversion Settings > switches between JPG and PNG controls by changing convert format
TestingLibraryElementError: Unable to find an element with the text: PNG Quality (1-100). This could be because the text is broken up by multiple elements. In this case, you can provide a function for your text matcher to make your matcher more flexible.

Ignored nodes: comments, script, style
[36m<body>[39m
  [36m<div>[39m
    [36m<div[39m
      [33mclass[39m=[32m"fixed inset-0 bg-black bg-opacity-50 flex items-center justify-center z-50 p-4"[39m
      [33mdata-testid[39m=[32m"processing-settings-modal"[39m
    [36m>[39m
      [36m<div[39m
        [33mclass[39m=[32m"bg-white rounded-lg max-w-4xl w-full h-[90vh] overflow-hidden flex flex-col"[39m
      [36m>[39m
        [36m<div[39m
          [33mclass[39m=[32m"flex items-center justify-between p-6 border-b border-gray-200"[39m
          [33mdata-testid[39m=[32m"modal-header"[39m
        [36m>[39m
          [36m<div>[39m
            [36m<h2[39m
              [33mclass[39m=[32m"text-xl font-semibold text-gray-900"[39m
            [36m>[39m
              [0mRetry Processing Settings[0m
            [36m</h2>[39m
            [36m<p[39m
              [33mclass[39m=[32m"text-sm text-gray-600"[39m
            [36m>[39m
              [0mConfigure how to process [0m
              [0m3[0m
              [0m selected images for retry[0m
            [36m</p>[39m
          [36m</div>[39m
          [36m<button[39m
            [33maria-label[39m=[32m"Close modal"[39m
            [33mclass[39m=[32m"text-gray-400 hover:text-gray-600 transition-colors"[39m
            [33mtype[39m=[32m"button"[39m
          [36m>[39m
            [36m<svg[39m
              [33mclass[39m=[32m"w-6 h-6"[39m
              [33mfill[39m=[32m"none"[39m
              [33mstroke[39m=[32m"currentColor"[39m
              [33mviewBox[39m=[32m"0 0 24 24"[39m
            [36m>[39m
              [36m<path[39m
                [33md[39m=[32m"M6 18L18 6M6 6l12 12"[39m
                [33mstroke-linecap[39m=[32m"round"[39m
                [33mstroke-linejoin[39m=[32m"round"[39m
                [33mstroke-width[39m=[32m"2"[39m
              [36m/>[39m
            [36m</svg>[39m
          [36m</button>[39m
        [36m</div>[39m
        [36m<div[39m
          [33mclass[39m=[32m"p-6 overflow-y-auto flex-1 min-h-0 retry-modal-scroll"[39m
          [33mdata-testid[39m=[32m"modal-content"[39m
          [33mstyle[39m=[32m"scrollbar-gutter: stable both-edges;"[39m
        [36m>[39m
          [36m<div[39m
            [33mclass[39m=[32m"mb-6 p-4 bg-blue-50 border border-blue-200 rounded-lg"[39m
          [36m>[39m
            [36m<div[39m
              [33mclass[39m=[32m"flex items-start"[39m
            [36m>[39m
              [36m<svg[39m
                [33mclass[39m=[32m"w-5 h-5 text-blue-400 mt-0.5 mr-2"[39m
                [33mfill[39m=[32m"none"[39m
                [33mstroke[39m=[32m"currentColor"[39m
                [33mviewBox[39m=[32m"0 0 24 24"[39m
              [36m>[39m
                [36m<path[39m
                  [33md[39m=[32m"M13 16h-1v-4h-1m1-4h.01M21 12a9 9 0 11-18 0 9 9 0 0118 0z"[39m
                  [33mstroke-linecap[39m=[32m"round"[39m
                  [33mstroke-linejoin[39m=[32m"round"[39m
                  [33mstroke-width[39m=[32m"2"[39m
                [36m/>[39m
              [36m</svg>[39m
              [36m<div>[39m
                [36m<h4[39m
                  [33mclass[39m=[32m"text-sm font-medium text-blue-800"[39m
                [36m>[39m
                  [0mBatch Processing[0m
                [36m</h4>[39m
                [36m<p[39m
                  [33mclass[39m=[32m"text-sm text-blue-700 mt-1"[39m
                [36m>[39m
                  [0mAll [0m
                  [0m3[0m
                  [0m selected images will be processed together with the same settings. This ensures consistent results across the entire batch.[0m
                [36m</p>[39m
              [36m</div>[39m
            [36m</div>[39m
          [36m</div>[39m
          [36m<div[39m
            [33mclass[39m=[32m"mb-8"[39m
          [36m>[39m
            [36m<h3[39m
              [33mclass[39m=[32m"text-lg font-semibold text-gray-900 mb-4"[39m
            [36m>[39m
              [0mBatch Processing Method[0m
            [36m</h3>[39m
            [36m<div[39m
              [33mclass[39m=[32m"grid grid-cols-1 md:grid-cols-2 gap-4"[39m
            [36m>[39m
              [36m<label[39m
                [33mclass[39m=[32m"flex items-start gap-3 cursor-pointer p-4 border border-gray-200 rounded-lg hover:bg-gray-50"[39m
              [36m>[39m
                [36m<input[39m
                  [33maria-label[39m=[32m"Retry with Original Settings"[39m
                  [33mchecked[39m=[32m""[39m
                  [33mclass[39m=[32m"text-blue-600 focus:ring-0 focus:outline-none focus-visible:outline-none mt-1.5"[39m
                  [33mname[39m=[32m"processingMethod"[39m
                  [33mtype[39m=[32m"radio"[39m
                  [33mvalue[39m=[32m"original"[39m
                [36m/>[39m
                [36m<div>[39m
                  [36m<div[39m
                    [33mclass[39m=[32m"text-sm font-medium text-gray-900"[39m
                  [36m>[39m
                    [0mRetry with Original Settings[0m
                  [36m</div>[39m
                  [36m<div[39m
                    [33mclass[39m=[32m"text-xs text-gray-500 mt-1"[39m
                  [36m>[39m
                    [0mProcess all images with their original job settings (Metadata, processing)[0m
                  [36m</div>[39m
                [36m</div>[39m
              [36m</label>[39m
              [36m<label[39m
                [33mclass[39m=[32m"flex items-start gap-3 cursor-pointer p-4 border border-gray-200 rounded-lg hover:bg-gray-50"[39m
              [36m>[39m
                [36m<input[39m
                  [33maria-label[39m=[32m"Retry with Modified Settings"[39m
                  [33mclass[39m=[32m"text-blue-600 focus:ring-0 focus:outline-none focus-visible:outline-none mt-1.5"[39m
                  [33mname[39m=[32m"processingMethod"[39m
                  [33mtype[39m=[32m"radio"[39m
                  [33mvalue[39m=[32m"modified"[39m
                [36m/>[39m
                [36m<div>[39m
                  [36m<div[39m
                    [33mclass[39m=[32m"text-sm font-medium text-gray-900"[39m
                  [36m>[39m
                    [0mRetry with Modified Settings[0m
                  [36m</div>[39m
                  [36m<div[39m
                    [33mclass[39m=[32m"text-xs text-gray-500 mt-1"[39m
                  [36m>[39m
                    [0mProcess all images with new settings (Metadata, processing) — no image regeneration[0m
                  [36m</div>[39m
                [36m</div>[39m
              [36m</label>[39m
            [36m</div>[39m
          [36m</div>[39m
          [36m<div[39m
            [33mclass[39m=[32m"mb-8"[39m
          [36m>[39m
  ...
 ❯ Object.getElementError node_modules/@testing-library/dom/dist/config.js:37:19
 ❯ node_modules/@testing-library/dom/dist/query-helpers.js:76:38
 ❯ node_modules/@testing-library/dom/dist/query-helpers.js:52:17
 ❯ node_modules/@testing-library/dom/dist/query-helpers.js:95:19
 ❯ src/renderer/components/Dashboard/__tests__/ProcessingSettingsModal.test.tsx:466:21
    464|       fireEvent.change(convertFormatSelect, { target: { value: 'png' }…
    465|       
    466|       expect(screen.getByText('PNG Quality (1-100)')).toBeInTheDocumen…
       |                     ^
    467|     });
    468| 

⎯⎯⎯⎯⎯⎯⎯⎯⎯⎯⎯⎯⎯⎯⎯⎯⎯⎯⎯⎯[175/254]⎯

 FAIL  src/renderer/components/Dashboard/__tests__/ProcessingSettingsModal.test.tsx > ProcessingSettingsModal > Image Conversion Settings > updates PNG quality when input is changed
TestingLibraryElementError: Unable to find a label with the text of: PNG Quality (1-100)

Ignored nodes: comments, script, style
[36m<body>[39m
  [36m<div>[39m
    [36m<div[39m
      [33mclass[39m=[32m"fixed inset-0 bg-black bg-opacity-50 flex items-center justify-center z-50 p-4"[39m
      [33mdata-testid[39m=[32m"processing-settings-modal"[39m
    [36m>[39m
      [36m<div[39m
        [33mclass[39m=[32m"bg-white rounded-lg max-w-4xl w-full h-[90vh] overflow-hidden flex flex-col"[39m
      [36m>[39m
        [36m<div[39m
          [33mclass[39m=[32m"flex items-center justify-between p-6 border-b border-gray-200"[39m
          [33mdata-testid[39m=[32m"modal-header"[39m
        [36m>[39m
          [36m<div>[39m
            [36m<h2[39m
              [33mclass[39m=[32m"text-xl font-semibold text-gray-900"[39m
            [36m>[39m
              [0mRetry Processing Settings[0m
            [36m</h2>[39m
            [36m<p[39m
              [33mclass[39m=[32m"text-sm text-gray-600"[39m
            [36m>[39m
              [0mConfigure how to process [0m
              [0m3[0m
              [0m selected images for retry[0m
            [36m</p>[39m
          [36m</div>[39m
          [36m<button[39m
            [33maria-label[39m=[32m"Close modal"[39m
            [33mclass[39m=[32m"text-gray-400 hover:text-gray-600 transition-colors"[39m
            [33mtype[39m=[32m"button"[39m
          [36m>[39m
            [36m<svg[39m
              [33mclass[39m=[32m"w-6 h-6"[39m
              [33mfill[39m=[32m"none"[39m
              [33mstroke[39m=[32m"currentColor"[39m
              [33mviewBox[39m=[32m"0 0 24 24"[39m
            [36m>[39m
              [36m<path[39m
                [33md[39m=[32m"M6 18L18 6M6 6l12 12"[39m
                [33mstroke-linecap[39m=[32m"round"[39m
                [33mstroke-linejoin[39m=[32m"round"[39m
                [33mstroke-width[39m=[32m"2"[39m
              [36m/>[39m
            [36m</svg>[39m
          [36m</button>[39m
        [36m</div>[39m
        [36m<div[39m
          [33mclass[39m=[32m"p-6 overflow-y-auto flex-1 min-h-0 retry-modal-scroll"[39m
          [33mdata-testid[39m=[32m"modal-content"[39m
          [33mstyle[39m=[32m"scrollbar-gutter: stable both-edges;"[39m
        [36m>[39m
          [36m<div[39m
            [33mclass[39m=[32m"mb-6 p-4 bg-blue-50 border border-blue-200 rounded-lg"[39m
          [36m>[39m
            [36m<div[39m
              [33mclass[39m=[32m"flex items-start"[39m
            [36m>[39m
              [36m<svg[39m
                [33mclass[39m=[32m"w-5 h-5 text-blue-400 mt-0.5 mr-2"[39m
                [33mfill[39m=[32m"none"[39m
                [33mstroke[39m=[32m"currentColor"[39m
                [33mviewBox[39m=[32m"0 0 24 24"[39m
              [36m>[39m
                [36m<path[39m
                  [33md[39m=[32m"M13 16h-1v-4h-1m1-4h.01M21 12a9 9 0 11-18 0 9 9 0 0118 0z"[39m
                  [33mstroke-linecap[39m=[32m"round"[39m
                  [33mstroke-linejoin[39m=[32m"round"[39m
                  [33mstroke-width[39m=[32m"2"[39m
                [36m/>[39m
              [36m</svg>[39m
              [36m<div>[39m
                [36m<h4[39m
                  [33mclass[39m=[32m"text-sm font-medium text-blue-800"[39m
                [36m>[39m
                  [0mBatch Processing[0m
                [36m</h4>[39m
                [36m<p[39m
                  [33mclass[39m=[32m"text-sm text-blue-700 mt-1"[39m
                [36m>[39m
                  [0mAll [0m
                  [0m3[0m
                  [0m selected images will be processed together with the same settings. This ensures consistent results across the entire batch.[0m
                [36m</p>[39m
              [36m</div>[39m
            [36m</div>[39m
          [36m</div>[39m
          [36m<div[39m
            [33mclass[39m=[32m"mb-8"[39m
          [36m>[39m
            [36m<h3[39m
              [33mclass[39m=[32m"text-lg font-semibold text-gray-900 mb-4"[39m
            [36m>[39m
              [0mBatch Processing Method[0m
            [36m</h3>[39m
            [36m<div[39m
              [33mclass[39m=[32m"grid grid-cols-1 md:grid-cols-2 gap-4"[39m
            [36m>[39m
              [36m<label[39m
                [33mclass[39m=[32m"flex items-start gap-3 cursor-pointer p-4 border border-gray-200 rounded-lg hover:bg-gray-50"[39m
              [36m>[39m
                [36m<input[39m
                  [33maria-label[39m=[32m"Retry with Original Settings"[39m
                  [33mchecked[39m=[32m""[39m
                  [33mclass[39m=[32m"text-blue-600 focus:ring-0 focus:outline-none focus-visible:outline-none mt-1.5"[39m
                  [33mname[39m=[32m"processingMethod"[39m
                  [33mtype[39m=[32m"radio"[39m
                  [33mvalue[39m=[32m"original"[39m
                [36m/>[39m
                [36m<div>[39m
                  [36m<div[39m
                    [33mclass[39m=[32m"text-sm font-medium text-gray-900"[39m
                  [36m>[39m
                    [0mRetry with Original Settings[0m
                  [36m</div>[39m
                  [36m<div[39m
                    [33mclass[39m=[32m"text-xs text-gray-500 mt-1"[39m
                  [36m>[39m
                    [0mProcess all images with their original job settings (Metadata, processing)[0m
                  [36m</div>[39m
                [36m</div>[39m
              [36m</label>[39m
              [36m<label[39m
                [33mclass[39m=[32m"flex items-start gap-3 cursor-pointer p-4 border border-gray-200 rounded-lg hover:bg-gray-50"[39m
              [36m>[39m
                [36m<input[39m
                  [33maria-label[39m=[32m"Retry with Modified Settings"[39m
                  [33mclass[39m=[32m"text-blue-600 focus:ring-0 focus:outline-none focus-visible:outline-none mt-1.5"[39m
                  [33mname[39m=[32m"processingMethod"[39m
                  [33mtype[39m=[32m"radio"[39m
                  [33mvalue[39m=[32m"modified"[39m
                [36m/>[39m
                [36m<div>[39m
                  [36m<div[39m
                    [33mclass[39m=[32m"text-sm font-medium text-gray-900"[39m
                  [36m>[39m
                    [0mRetry with Modified Settings[0m
                  [36m</div>[39m
                  [36m<div[39m
                    [33mclass[39m=[32m"text-xs text-gray-500 mt-1"[39m
                  [36m>[39m
                    [0mProcess all images with new settings (Metadata, processing) — no image regeneration[0m
                  [36m</div>[39m
                [36m</div>[39m
              [36m</label>[39m
            [36m</div>[39m
          [36m</div>[39m
          [36m<div[39m
            [33mclass[39m=[32m"mb-8"[39m
          [36m>[39m
  ...
 ❯ Object.getElementError node_modules/@testing-library/dom/dist/config.js:37:19
 ❯ getAllByLabelText node_modules/@testing-library/dom/dist/queries/label-text.js:111:38
 ❯ node_modules/@testing-library/dom/dist/query-helpers.js:52:17
 ❯ node_modules/@testing-library/dom/dist/query-helpers.js:95:19
 ❯ src/renderer/components/Dashboard/__tests__/ProcessingSettingsModal.test.tsx:487:38
    485|       fireEvent.change(convertFormatSelect, { target: { value: 'png' }…
    486|       
    487|       const pngQualityInput = screen.getByLabelText('PNG Quality (1-10…
       |                                      ^
    488|       fireEvent.change(pngQualityInput, { target: { value: '77' } });
    489|       

⎯⎯⎯⎯⎯⎯⎯⎯⎯⎯⎯⎯⎯⎯⎯⎯⎯⎯⎯⎯[176/254]⎯

 FAIL  src/renderer/components/Dashboard/__tests__/ProcessingSettingsModal.test.tsx > ProcessingSettingsModal > Footer Actions > calls onRetry with correct parameters for original settings
AssertionError: expected "spy" to be called with arguments: [ true, undefined, false ]

Received: 

  1st spy call:

  [
    true,
    undefined,
    false,
+   {
+     "enabled": false,
+     "steps": [],
+   },
  ]


Number of calls: 1

 ❯ src/renderer/components/Dashboard/__tests__/ProcessingSettingsModal.test.tsx:640:27
    638|       fireEvent.click(retryButton);
    639| 
    640|       expect(mockOnRetry).toHaveBeenCalledWith(true, undefined, false);
       |                           ^
    641|     });
    642| 

⎯⎯⎯⎯⎯⎯⎯⎯⎯⎯⎯⎯⎯⎯⎯⎯⎯⎯⎯⎯[177/254]⎯

 FAIL  src/renderer/components/Dashboard/__tests__/ProcessingSettingsModal.test.tsx > ProcessingSettingsModal > Footer Actions > calls onRetry with correct parameters for modified settings
AssertionError: expected "spy" to be called with arguments: [ false, ObjectContaining{…}, false ]

Received: 

  1st spy call:

  [
    false,
-   ObjectContaining {
+   {
+     "convertToJpg": true,
+     "convertToWebp": false,
+     "imageConvert": false,
      "imageEnhancement": true,
+     "jpgBackground": "#FFFFFF",
+     "jpgQuality": 85,
+     "pngQuality": 100,
+     "removeBg": false,
+     "removeBgSize": "auto",
      "saturation": 1,
      "sharpening": 5,
+     "trimTransparentBackground": false,
+     "webpQuality": 85,
    },
    false,
+   {
+     "enabled": false,
+     "steps": [],
+   },
  ]


Number of calls: 1

 ❯ src/renderer/components/Dashboard/__tests__/ProcessingSettingsModal.test.tsx:665:27
    663|       fireEvent.click(retryButton);
    664| 
    665|       expect(mockOnRetry).toHaveBeenCalledWith(false, expect.objectCon…
       |                           ^
    666|         imageEnhancement: true,
    667|         sharpening: 5,

⎯⎯⎯⎯⎯⎯⎯⎯⎯⎯⎯⎯⎯⎯⎯⎯⎯⎯⎯⎯[178/254]⎯

 FAIL  src/renderer/components/Dashboard/__tests__/ProcessingSettingsModal.test.tsx > ProcessingSettingsModal > Numeric Emission > emits numeric values for sharpening, saturation, and pngQuality
TestingLibraryElementError: Unable to find a label with the text of: /Sharpening Level/

Ignored nodes: comments, script, style
[36m<body>[39m
  [36m<div>[39m
    [36m<div[39m
      [33mclass[39m=[32m"fixed inset-0 bg-black bg-opacity-50 flex items-center justify-center z-50 p-4"[39m
      [33mdata-testid[39m=[32m"processing-settings-modal"[39m
    [36m>[39m
      [36m<div[39m
        [33mclass[39m=[32m"bg-white rounded-lg max-w-4xl w-full h-[90vh] overflow-hidden flex flex-col"[39m
      [36m>[39m
        [36m<div[39m
          [33mclass[39m=[32m"flex items-center justify-between p-6 border-b border-gray-200"[39m
          [33mdata-testid[39m=[32m"modal-header"[39m
        [36m>[39m
          [36m<div>[39m
            [36m<h2[39m
              [33mclass[39m=[32m"text-xl font-semibold text-gray-900"[39m
            [36m>[39m
              [0mRetry Processing Settings[0m
            [36m</h2>[39m
            [36m<p[39m
              [33mclass[39m=[32m"text-sm text-gray-600"[39m
            [36m>[39m
              [0mConfigure how to process [0m
              [0m3[0m
              [0m selected images for retry[0m
            [36m</p>[39m
          [36m</div>[39m
          [36m<button[39m
            [33maria-label[39m=[32m"Close modal"[39m
            [33mclass[39m=[32m"text-gray-400 hover:text-gray-600 transition-colors"[39m
            [33mtype[39m=[32m"button"[39m
          [36m>[39m
            [36m<svg[39m
              [33mclass[39m=[32m"w-6 h-6"[39m
              [33mfill[39m=[32m"none"[39m
              [33mstroke[39m=[32m"currentColor"[39m
              [33mviewBox[39m=[32m"0 0 24 24"[39m
            [36m>[39m
              [36m<path[39m
                [33md[39m=[32m"M6 18L18 6M6 6l12 12"[39m
                [33mstroke-linecap[39m=[32m"round"[39m
                [33mstroke-linejoin[39m=[32m"round"[39m
                [33mstroke-width[39m=[32m"2"[39m
              [36m/>[39m
            [36m</svg>[39m
          [36m</button>[39m
        [36m</div>[39m
        [36m<div[39m
          [33mclass[39m=[32m"p-6 overflow-y-auto flex-1 min-h-0 retry-modal-scroll"[39m
          [33mdata-testid[39m=[32m"modal-content"[39m
          [33mstyle[39m=[32m"scrollbar-gutter: stable both-edges;"[39m
        [36m>[39m
          [36m<div[39m
            [33mclass[39m=[32m"mb-6 p-4 bg-blue-50 border border-blue-200 rounded-lg"[39m
          [36m>[39m
            [36m<div[39m
              [33mclass[39m=[32m"flex items-start"[39m
            [36m>[39m
              [36m<svg[39m
                [33mclass[39m=[32m"w-5 h-5 text-blue-400 mt-0.5 mr-2"[39m
                [33mfill[39m=[32m"none"[39m
                [33mstroke[39m=[32m"currentColor"[39m
                [33mviewBox[39m=[32m"0 0 24 24"[39m
              [36m>[39m
                [36m<path[39m
                  [33md[39m=[32m"M13 16h-1v-4h-1m1-4h.01M21 12a9 9 0 11-18 0 9 9 0 0118 0z"[39m
                  [33mstroke-linecap[39m=[32m"round"[39m
                  [33mstroke-linejoin[39m=[32m"round"[39m
                  [33mstroke-width[39m=[32m"2"[39m
                [36m/>[39m
              [36m</svg>[39m
              [36m<div>[39m
                [36m<h4[39m
                  [33mclass[39m=[32m"text-sm font-medium text-blue-800"[39m
                [36m>[39m
                  [0mBatch Processing[0m
                [36m</h4>[39m
                [36m<p[39m
                  [33mclass[39m=[32m"text-sm text-blue-700 mt-1"[39m
                [36m>[39m
                  [0mAll [0m
                  [0m3[0m
                  [0m selected images will be processed together with the same settings. This ensures consistent results across the entire batch.[0m
                [36m</p>[39m
              [36m</div>[39m
            [36m</div>[39m
          [36m</div>[39m
          [36m<div[39m
            [33mclass[39m=[32m"mb-8"[39m
          [36m>[39m
            [36m<h3[39m
              [33mclass[39m=[32m"text-lg font-semibold text-gray-900 mb-4"[39m
            [36m>[39m
              [0mBatch Processing Method[0m
            [36m</h3>[39m
            [36m<div[39m
              [33mclass[39m=[32m"grid grid-cols-1 md:grid-cols-2 gap-4"[39m
            [36m>[39m
              [36m<label[39m
                [33mclass[39m=[32m"flex items-start gap-3 cursor-pointer p-4 border border-gray-200 rounded-lg hover:bg-gray-50"[39m
              [36m>[39m
                [36m<input[39m
                  [33maria-label[39m=[32m"Retry with Original Settings"[39m
                  [33mchecked[39m=[32m""[39m
                  [33mclass[39m=[32m"text-blue-600 focus:ring-0 focus:outline-none focus-visible:outline-none mt-1.5"[39m
                  [33mname[39m=[32m"processingMethod"[39m
                  [33mtype[39m=[32m"radio"[39m
                  [33mvalue[39m=[32m"original"[39m
                [36m/>[39m
                [36m<div>[39m
                  [36m<div[39m
                    [33mclass[39m=[32m"text-sm font-medium text-gray-900"[39m
                  [36m>[39m
                    [0mRetry with Original Settings[0m
                  [36m</div>[39m
                  [36m<div[39m
                    [33mclass[39m=[32m"text-xs text-gray-500 mt-1"[39m
                  [36m>[39m
                    [0mProcess all images with their original job settings (Metadata, processing)[0m
                  [36m</div>[39m
                [36m</div>[39m
              [36m</label>[39m
              [36m<label[39m
                [33mclass[39m=[32m"flex items-start gap-3 cursor-pointer p-4 border border-gray-200 rounded-lg hover:bg-gray-50"[39m
              [36m>[39m
                [36m<input[39m
                  [33maria-label[39m=[32m"Retry with Modified Settings"[39m
                  [33mclass[39m=[32m"text-blue-600 focus:ring-0 focus:outline-none focus-visible:outline-none mt-1.5"[39m
                  [33mname[39m=[32m"processingMethod"[39m
                  [33mtype[39m=[32m"radio"[39m
                  [33mvalue[39m=[32m"modified"[39m
                [36m/>[39m
                [36m<div>[39m
                  [36m<div[39m
                    [33mclass[39m=[32m"text-sm font-medium text-gray-900"[39m
                  [36m>[39m
                    [0mRetry with Modified Settings[0m
                  [36m</div>[39m
                  [36m<div[39m
                    [33mclass[39m=[32m"text-xs text-gray-500 mt-1"[39m
                  [36m>[39m
                    [0mProcess all images with new settings (Metadata, processing) — no image regeneration[0m
                  [36m</div>[39m
                [36m</div>[39m
              [36m</label>[39m
            [36m</div>[39m
          [36m</div>[39m
          [36m<div[39m
            [33mclass[39m=[32m"mb-8"[39m
          [36m>[39m
  ...
 ❯ Object.getElementError node_modules/@testing-library/dom/dist/config.js:37:19
 ❯ getAllByLabelText node_modules/@testing-library/dom/dist/queries/label-text.js:111:38
 ❯ node_modules/@testing-library/dom/dist/query-helpers.js:52:17
 ❯ node_modules/@testing-library/dom/dist/query-helpers.js:95:19
 ❯ src/renderer/components/Dashboard/__tests__/ProcessingSettingsModal.test.tsx:694:38
    692| 
    693|       // Sharpening numeric input
    694|       const sharpeningInput = screen.getByLabelText(/Sharpening Level/…
       |                                      ^
    695|       fireEvent.change(sharpeningInput, { target: { value: '7' } });
    696| 

⎯⎯⎯⎯⎯⎯⎯⎯⎯⎯⎯⎯⎯⎯⎯⎯⎯⎯⎯⎯[179/254]⎯

 FAIL  src/renderer/components/Dashboard/__tests__/ProcessingSettingsModal.test.tsx > ProcessingSettingsModal > Edge Cases > maintains settings state when switching between radio options
TestingLibraryElementError: Unable to find a label with the text of: /Sharpening Level/

Ignored nodes: comments, script, style
[36m<body>[39m
  [36m<div>[39m
    [36m<div[39m
      [33mclass[39m=[32m"fixed inset-0 bg-black bg-opacity-50 flex items-center justify-center z-50 p-4"[39m
      [33mdata-testid[39m=[32m"processing-settings-modal"[39m
    [36m>[39m
      [36m<div[39m
        [33mclass[39m=[32m"bg-white rounded-lg max-w-4xl w-full h-[90vh] overflow-hidden flex flex-col"[39m
      [36m>[39m
        [36m<div[39m
          [33mclass[39m=[32m"flex items-center justify-between p-6 border-b border-gray-200"[39m
          [33mdata-testid[39m=[32m"modal-header"[39m
        [36m>[39m
          [36m<div>[39m
            [36m<h2[39m
              [33mclass[39m=[32m"text-xl font-semibold text-gray-900"[39m
            [36m>[39m
              [0mRetry Processing Settings[0m
            [36m</h2>[39m
            [36m<p[39m
              [33mclass[39m=[32m"text-sm text-gray-600"[39m
            [36m>[39m
              [0mConfigure how to process [0m
              [0m3[0m
              [0m selected images for retry[0m
            [36m</p>[39m
          [36m</div>[39m
          [36m<button[39m
            [33maria-label[39m=[32m"Close modal"[39m
            [33mclass[39m=[32m"text-gray-400 hover:text-gray-600 transition-colors"[39m
            [33mtype[39m=[32m"button"[39m
          [36m>[39m
            [36m<svg[39m
              [33mclass[39m=[32m"w-6 h-6"[39m
              [33mfill[39m=[32m"none"[39m
              [33mstroke[39m=[32m"currentColor"[39m
              [33mviewBox[39m=[32m"0 0 24 24"[39m
            [36m>[39m
              [36m<path[39m
                [33md[39m=[32m"M6 18L18 6M6 6l12 12"[39m
                [33mstroke-linecap[39m=[32m"round"[39m
                [33mstroke-linejoin[39m=[32m"round"[39m
                [33mstroke-width[39m=[32m"2"[39m
              [36m/>[39m
            [36m</svg>[39m
          [36m</button>[39m
        [36m</div>[39m
        [36m<div[39m
          [33mclass[39m=[32m"p-6 overflow-y-auto flex-1 min-h-0 retry-modal-scroll"[39m
          [33mdata-testid[39m=[32m"modal-content"[39m
          [33mstyle[39m=[32m"scrollbar-gutter: stable both-edges;"[39m
        [36m>[39m
          [36m<div[39m
            [33mclass[39m=[32m"mb-6 p-4 bg-blue-50 border border-blue-200 rounded-lg"[39m
          [36m>[39m
            [36m<div[39m
              [33mclass[39m=[32m"flex items-start"[39m
            [36m>[39m
              [36m<svg[39m
                [33mclass[39m=[32m"w-5 h-5 text-blue-400 mt-0.5 mr-2"[39m
                [33mfill[39m=[32m"none"[39m
                [33mstroke[39m=[32m"currentColor"[39m
                [33mviewBox[39m=[32m"0 0 24 24"[39m
              [36m>[39m
                [36m<path[39m
                  [33md[39m=[32m"M13 16h-1v-4h-1m1-4h.01M21 12a9 9 0 11-18 0 9 9 0 0118 0z"[39m
                  [33mstroke-linecap[39m=[32m"round"[39m
                  [33mstroke-linejoin[39m=[32m"round"[39m
                  [33mstroke-width[39m=[32m"2"[39m
                [36m/>[39m
              [36m</svg>[39m
              [36m<div>[39m
                [36m<h4[39m
                  [33mclass[39m=[32m"text-sm font-medium text-blue-800"[39m
                [36m>[39m
                  [0mBatch Processing[0m
                [36m</h4>[39m
                [36m<p[39m
                  [33mclass[39m=[32m"text-sm text-blue-700 mt-1"[39m
                [36m>[39m
                  [0mAll [0m
                  [0m3[0m
                  [0m selected images will be processed together with the same settings. This ensures consistent results across the entire batch.[0m
                [36m</p>[39m
              [36m</div>[39m
            [36m</div>[39m
          [36m</div>[39m
          [36m<div[39m
            [33mclass[39m=[32m"mb-8"[39m
          [36m>[39m
            [36m<h3[39m
              [33mclass[39m=[32m"text-lg font-semibold text-gray-900 mb-4"[39m
            [36m>[39m
              [0mBatch Processing Method[0m
            [36m</h3>[39m
            [36m<div[39m
              [33mclass[39m=[32m"grid grid-cols-1 md:grid-cols-2 gap-4"[39m
            [36m>[39m
              [36m<label[39m
                [33mclass[39m=[32m"flex items-start gap-3 cursor-pointer p-4 border border-gray-200 rounded-lg hover:bg-gray-50"[39m
              [36m>[39m
                [36m<input[39m
                  [33maria-label[39m=[32m"Retry with Original Settings"[39m
                  [33mchecked[39m=[32m""[39m
                  [33mclass[39m=[32m"text-blue-600 focus:ring-0 focus:outline-none focus-visible:outline-none mt-1.5"[39m
                  [33mname[39m=[32m"processingMethod"[39m
                  [33mtype[39m=[32m"radio"[39m
                  [33mvalue[39m=[32m"original"[39m
                [36m/>[39m
                [36m<div>[39m
                  [36m<div[39m
                    [33mclass[39m=[32m"text-sm font-medium text-gray-900"[39m
                  [36m>[39m
                    [0mRetry with Original Settings[0m
                  [36m</div>[39m
                  [36m<div[39m
                    [33mclass[39m=[32m"text-xs text-gray-500 mt-1"[39m
                  [36m>[39m
                    [0mProcess all images with their original job settings (Metadata, processing)[0m
                  [36m</div>[39m
                [36m</div>[39m
              [36m</label>[39m
              [36m<label[39m
                [33mclass[39m=[32m"flex items-start gap-3 cursor-pointer p-4 border border-gray-200 rounded-lg hover:bg-gray-50"[39m
              [36m>[39m
                [36m<input[39m
                  [33maria-label[39m=[32m"Retry with Modified Settings"[39m
                  [33mclass[39m=[32m"text-blue-600 focus:ring-0 focus:outline-none focus-visible:outline-none mt-1.5"[39m
                  [33mname[39m=[32m"processingMethod"[39m
                  [33mtype[39m=[32m"radio"[39m
                  [33mvalue[39m=[32m"modified"[39m
                [36m/>[39m
                [36m<div>[39m
                  [36m<div[39m
                    [33mclass[39m=[32m"text-sm font-medium text-gray-900"[39m
                  [36m>[39m
                    [0mRetry with Modified Settings[0m
                  [36m</div>[39m
                  [36m<div[39m
                    [33mclass[39m=[32m"text-xs text-gray-500 mt-1"[39m
                  [36m>[39m
                    [0mProcess all images with new settings (Metadata, processing) — no image regeneration[0m
                  [36m</div>[39m
                [36m</div>[39m
              [36m</label>[39m
            [36m</div>[39m
          [36m</div>[39m
          [36m<div[39m
            [33mclass[39m=[32m"mb-8"[39m
          [36m>[39m
  ...
 ❯ Object.getElementError node_modules/@testing-library/dom/dist/config.js:37:19
 ❯ getAllByLabelText node_modules/@testing-library/dom/dist/queries/label-text.js:111:38
 ❯ node_modules/@testing-library/dom/dist/query-helpers.js:52:17
 ❯ node_modules/@testing-library/dom/dist/query-helpers.js:95:19
 ❯ src/renderer/components/Dashboard/__tests__/ProcessingSettingsModal.test.tsx:822:38
    820|       fireEvent.click(enhancementToggle);
    821| 
    822|       const sharpeningInput = screen.getByLabelText(/Sharpening Level/…
       |                                      ^
    823|       fireEvent.change(sharpeningInput, { target: { value: '7' } });
    824| 

⎯⎯⎯⎯⎯⎯⎯⎯⎯⎯⎯⎯⎯⎯⎯⎯⎯⎯⎯⎯[180/254]⎯

 FAIL  src/renderer/components/Settings/__tests__/ParametersSection.test.tsx > ParametersSection > renders basic settings section
TestingLibraryElementError: Unable to find an element with the text: Polling Timeout (minutes). This could be because the text is broken up by multiple elements. In this case, you can provide a function for your text matcher to make your matcher more flexible.

Ignored nodes: comments, script, style
[36m<body>[39m
  [36m<div>[39m
    [36m<div[39m
      [33mclass[39m=[32m"space-y-6"[39m
    [36m>[39m
      [36m<div[39m
        [33mclass[39m=[32m"flex items-center space-x-2"[39m
      [36m>[39m
        [36m<svg[39m
          [33maria-hidden[39m=[32m"true"[39m
          [33mclass[39m=[32m"lucide lucide-sliders-vertical h-5 w-5 text-gray-600"[39m
          [33mfill[39m=[32m"none"[39m
          [33mheight[39m=[32m"24"[39m
          [33mstroke[39m=[32m"currentColor"[39m
          [33mstroke-linecap[39m=[32m"round"[39m
          [33mstroke-linejoin[39m=[32m"round"[39m
          [33mstroke-width[39m=[32m"2"[39m
          [33mviewBox[39m=[32m"0 0 24 24"[39m
          [33mwidth[39m=[32m"24"[39m
          [33mxmlns[39m=[32m"http://www.w3.org/2000/svg"[39m
        [36m>[39m
          [36m<line[39m
            [33mx1[39m=[32m"4"[39m
            [33mx2[39m=[32m"4"[39m
            [33my1[39m=[32m"21"[39m
            [33my2[39m=[32m"14"[39m
          [36m/>[39m
          [36m<line[39m
            [33mx1[39m=[32m"4"[39m
            [33mx2[39m=[32m"4"[39m
            [33my1[39m=[32m"10"[39m
            [33my2[39m=[32m"3"[39m
          [36m/>[39m
          [36m<line[39m
            [33mx1[39m=[32m"12"[39m
            [33mx2[39m=[32m"12"[39m
            [33my1[39m=[32m"21"[39m
            [33my2[39m=[32m"12"[39m
          [36m/>[39m
          [36m<line[39m
            [33mx1[39m=[32m"12"[39m
            [33mx2[39m=[32m"12"[39m
            [33my1[39m=[32m"8"[39m
            [33my2[39m=[32m"3"[39m
          [36m/>[39m
          [36m<line[39m
            [33mx1[39m=[32m"20"[39m
            [33mx2[39m=[32m"20"[39m
            [33my1[39m=[32m"21"[39m
            [33my2[39m=[32m"16"[39m
          [36m/>[39m
          [36m<line[39m
            [33mx1[39m=[32m"20"[39m
            [33mx2[39m=[32m"20"[39m
            [33my1[39m=[32m"12"[39m
            [33my2[39m=[32m"3"[39m
          [36m/>[39m
          [36m<line[39m
            [33mx1[39m=[32m"2"[39m
            [33mx2[39m=[32m"6"[39m
            [33my1[39m=[32m"14"[39m
            [33my2[39m=[32m"14"[39m
          [36m/>[39m
          [36m<line[39m
            [33mx1[39m=[32m"10"[39m
            [33mx2[39m=[32m"14"[39m
            [33my1[39m=[32m"8"[39m
            [33my2[39m=[32m"8"[39m
          [36m/>[39m
          [36m<line[39m
            [33mx1[39m=[32m"18"[39m
            [33mx2[39m=[32m"22"[39m
            [33my1[39m=[32m"16"[39m
            [33my2[39m=[32m"16"[39m
          [36m/>[39m
        [36m</svg>[39m
        [36m<h2[39m
          [33mclass[39m=[32m"text-xl font-semibold text-gray-900"[39m
        [36m>[39m
          [0mGeneration Parameters[0m
        [36m</h2>[39m
      [36m</div>[39m
      [36m<div[39m
        [33mclass[39m=[32m"space-y-4"[39m
      [36m>[39m
        [36m<h3[39m
          [33mclass[39m=[32m"text-lg font-semibold text-gray-900"[39m
        [36m>[39m
          [0mParameter Presets[0m
        [36m</h3>[39m
        [36m<div[39m
          [33mclass[39m=[32m"grid grid-cols-1 md:grid-cols-3 gap-4"[39m
        [36m>[39m
          [36m<div[39m
            [33mclass[39m=[32m"p-4 border rounded-lg cursor-pointer transition-all border-gray-200 hover:border-gray-300"[39m
          [36m>[39m
            [36m<div[39m
              [33mclass[39m=[32m"flex items-center justify-between mb-2"[39m
            [36m>[39m
              [36m<h4[39m
                [33mclass[39m=[32m"font-medium text-gray-900"[39m
              [36m>[39m
                [0mBasic[0m
              [36m</h4>[39m
              [36m<span[39m
                [33mclass[39m=[32m"inline-flex items-center px-2 py-1 rounded-full text-xs font-medium text-blue-600 bg-blue-100"[39m
              [36m>[39m
                [0m$0.02[0m
                [0m cost[0m
              [36m</span>[39m
            [36m</div>[39m
            [36m<p[39m
              [33mclass[39m=[32m"text-sm text-gray-600 mb-3"[39m
            [36m>[39m
              [0mMinimal features for quick generation[0m
            [36m</p>[39m
          [36m</div>[39m
          [36m<div[39m
            [33mclass[39m=[32m"p-4 border rounded-lg cursor-pointer transition-all border-blue-500 bg-blue-50"[39m
          [36m>[39m
            [36m<div[39m
              [33mclass[39m=[32m"flex items-center justify-between mb-2"[39m
            [36m>[39m
              [36m<h4[39m
                [33mclass[39m=[32m"font-medium text-gray-900"[39m
              [36m>[39m
                [0mStandard[0m
              [36m</h4>[39m
              [36m<span[39m
                [33mclass[39m=[32m"inline-flex items-center px-2 py-1 rounded-full text-xs font-medium text-yellow-600 bg-yellow-100"[39m
              [36m>[39m
                [0m$0.08[0m
                [0m cost[0m
              [36m</span>[39m
            [36m</div>[39m
            [36m<p[39m
              [33mclass[39m=[32m"text-sm text-gray-600 mb-3"[39m
            [36m>[39m
              [0mBalanced features and quality[0m
            [36m</p>[39m
          [36m</div>[39m
          [36m<div[39m
            [33mclass[39m=[32m"p-4 border rounded-lg cursor-pointer transition-all border-gray-200 hover:border-gray-300"[39m
          [36m>[39m
            [36m<div[39m
              [33mclass[39m=[32m"flex items-center justify-between mb-2"[39m
            [36m>[39m
              [36m<h4[39m
                [33mclass[39m=[32m"font-medium text-gray-900"[39m
              [36m>[39m
                [0mAdvanced[0m
              [36m</h4>[39m
              [36m<span[39m
                [33mclass[39m=[32m"inline-flex items-center px-2 py-1 rounded-full text-xs font-medium text-red-600 bg-red-100"[39m
              [36m>[39m
                [0m$0.25[0m
                [0m cost[0m
              [36m</span>[39m
            [36m</div>[39m
            [36m<p[39m
              [33mclass[39m=[32m"text-sm text-gray-600 mb-3"[39m
            [36m>[39m
              [0mAll features enabled for best results[0m
            [36m</p>[39m
          [36m</div>[39m
        [36m</div>[39m
      [36m</div>[39m
      [36m<div[39m
        [33mclass[39m=[32m"space-y-6"[39m
      [36m>[39m
        [36m<h3[39m
          [33mclass[39m=[32m"text-lg font-semibold text-gray-900"[39m
        [36m>[39m
          [0mBasic Settings[0m
        [36m</h3>[39m
        [36m<div[39m
          [33mclass[39m=[32m"space-y-2"[39m
        [36m>[39m
          [36m<label[39m
            [33mclass[39m=[32m"block text-sm font-medium text-gray-700"[39m
          [36m>[39m
            [0mProcess Mode[0m
         ...
 ❯ Object.getElementError node_modules/@testing-library/dom/dist/config.js:37:19
 ❯ node_modules/@testing-library/dom/dist/query-helpers.js:76:38
 ❯ node_modules/@testing-library/dom/dist/query-helpers.js:52:17
 ❯ node_modules/@testing-library/dom/dist/query-helpers.js:95:19
 ❯ src/renderer/components/Settings/__tests__/ParametersSection.test.tsx:58:19
     56|     expect(screen.getByText('MJ Version')).toBeInTheDocument()
     57|     expect(screen.getByText('OpenAI Model')).toBeInTheDocument()
     58|     expect(screen.getByText('Polling Timeout (minutes)')).toBeInTheDoc…
       |                   ^
     59|   })
     60| 

⎯⎯⎯⎯⎯⎯⎯⎯⎯⎯⎯⎯⎯⎯⎯⎯⎯⎯⎯⎯[181/254]⎯

 FAIL  src/renderer/components/Settings/__tests__/ParametersSection.test.tsx > ParametersSection > shows help text for advanced options
TestingLibraryElementError: Unable to find an element with the text: /Polling timeout in minutes/. This could be because the text is broken up by multiple elements. In this case, you can provide a function for your text matcher to make your matcher more flexible.

Ignored nodes: comments, script, style
[36m<body>[39m
  [36m<div>[39m
    [36m<div[39m
      [33mclass[39m=[32m"space-y-6"[39m
    [36m>[39m
      [36m<div[39m
        [33mclass[39m=[32m"flex items-center space-x-2"[39m
      [36m>[39m
        [36m<svg[39m
          [33maria-hidden[39m=[32m"true"[39m
          [33mclass[39m=[32m"lucide lucide-sliders-vertical h-5 w-5 text-gray-600"[39m
          [33mfill[39m=[32m"none"[39m
          [33mheight[39m=[32m"24"[39m
          [33mstroke[39m=[32m"currentColor"[39m
          [33mstroke-linecap[39m=[32m"round"[39m
          [33mstroke-linejoin[39m=[32m"round"[39m
          [33mstroke-width[39m=[32m"2"[39m
          [33mviewBox[39m=[32m"0 0 24 24"[39m
          [33mwidth[39m=[32m"24"[39m
          [33mxmlns[39m=[32m"http://www.w3.org/2000/svg"[39m
        [36m>[39m
          [36m<line[39m
            [33mx1[39m=[32m"4"[39m
            [33mx2[39m=[32m"4"[39m
            [33my1[39m=[32m"21"[39m
            [33my2[39m=[32m"14"[39m
          [36m/>[39m
          [36m<line[39m
            [33mx1[39m=[32m"4"[39m
            [33mx2[39m=[32m"4"[39m
            [33my1[39m=[32m"10"[39m
            [33my2[39m=[32m"3"[39m
          [36m/>[39m
          [36m<line[39m
            [33mx1[39m=[32m"12"[39m
            [33mx2[39m=[32m"12"[39m
            [33my1[39m=[32m"21"[39m
            [33my2[39m=[32m"12"[39m
          [36m/>[39m
          [36m<line[39m
            [33mx1[39m=[32m"12"[39m
            [33mx2[39m=[32m"12"[39m
            [33my1[39m=[32m"8"[39m
            [33my2[39m=[32m"3"[39m
          [36m/>[39m
          [36m<line[39m
            [33mx1[39m=[32m"20"[39m
            [33mx2[39m=[32m"20"[39m
            [33my1[39m=[32m"21"[39m
            [33my2[39m=[32m"16"[39m
          [36m/>[39m
          [36m<line[39m
            [33mx1[39m=[32m"20"[39m
            [33mx2[39m=[32m"20"[39m
            [33my1[39m=[32m"12"[39m
            [33my2[39m=[32m"3"[39m
          [36m/>[39m
          [36m<line[39m
            [33mx1[39m=[32m"2"[39m
            [33mx2[39m=[32m"6"[39m
            [33my1[39m=[32m"14"[39m
            [33my2[39m=[32m"14"[39m
          [36m/>[39m
          [36m<line[39m
            [33mx1[39m=[32m"10"[39m
            [33mx2[39m=[32m"14"[39m
            [33my1[39m=[32m"8"[39m
            [33my2[39m=[32m"8"[39m
          [36m/>[39m
          [36m<line[39m
            [33mx1[39m=[32m"18"[39m
            [33mx2[39m=[32m"22"[39m
            [33my1[39m=[32m"16"[39m
            [33my2[39m=[32m"16"[39m
          [36m/>[39m
        [36m</svg>[39m
        [36m<h2[39m
          [33mclass[39m=[32m"text-xl font-semibold text-gray-900"[39m
        [36m>[39m
          [0mGeneration Parameters[0m
        [36m</h2>[39m
      [36m</div>[39m
      [36m<div[39m
        [33mclass[39m=[32m"space-y-4"[39m
      [36m>[39m
        [36m<h3[39m
          [33mclass[39m=[32m"text-lg font-semibold text-gray-900"[39m
        [36m>[39m
          [0mParameter Presets[0m
        [36m</h3>[39m
        [36m<div[39m
          [33mclass[39m=[32m"grid grid-cols-1 md:grid-cols-3 gap-4"[39m
        [36m>[39m
          [36m<div[39m
            [33mclass[39m=[32m"p-4 border rounded-lg cursor-pointer transition-all border-gray-200 hover:border-gray-300"[39m
          [36m>[39m
            [36m<div[39m
              [33mclass[39m=[32m"flex items-center justify-between mb-2"[39m
            [36m>[39m
              [36m<h4[39m
                [33mclass[39m=[32m"font-medium text-gray-900"[39m
              [36m>[39m
                [0mBasic[0m
              [36m</h4>[39m
              [36m<span[39m
                [33mclass[39m=[32m"inline-flex items-center px-2 py-1 rounded-full text-xs font-medium text-blue-600 bg-blue-100"[39m
              [36m>[39m
                [0m$0.02[0m
                [0m cost[0m
              [36m</span>[39m
            [36m</div>[39m
            [36m<p[39m
              [33mclass[39m=[32m"text-sm text-gray-600 mb-3"[39m
            [36m>[39m
              [0mMinimal features for quick generation[0m
            [36m</p>[39m
          [36m</div>[39m
          [36m<div[39m
            [33mclass[39m=[32m"p-4 border rounded-lg cursor-pointer transition-all border-blue-500 bg-blue-50"[39m
          [36m>[39m
            [36m<div[39m
              [33mclass[39m=[32m"flex items-center justify-between mb-2"[39m
            [36m>[39m
              [36m<h4[39m
                [33mclass[39m=[32m"font-medium text-gray-900"[39m
              [36m>[39m
                [0mStandard[0m
              [36m</h4>[39m
              [36m<span[39m
                [33mclass[39m=[32m"inline-flex items-center px-2 py-1 rounded-full text-xs font-medium text-yellow-600 bg-yellow-100"[39m
              [36m>[39m
                [0m$0.08[0m
                [0m cost[0m
              [36m</span>[39m
            [36m</div>[39m
            [36m<p[39m
              [33mclass[39m=[32m"text-sm text-gray-600 mb-3"[39m
            [36m>[39m
              [0mBalanced features and quality[0m
            [36m</p>[39m
          [36m</div>[39m
          [36m<div[39m
            [33mclass[39m=[32m"p-4 border rounded-lg cursor-pointer transition-all border-gray-200 hover:border-gray-300"[39m
          [36m>[39m
            [36m<div[39m
              [33mclass[39m=[32m"flex items-center justify-between mb-2"[39m
            [36m>[39m
              [36m<h4[39m
                [33mclass[39m=[32m"font-medium text-gray-900"[39m
              [36m>[39m
                [0mAdvanced[0m
              [36m</h4>[39m
              [36m<span[39m
                [33mclass[39m=[32m"inline-flex items-center px-2 py-1 rounded-full text-xs font-medium text-red-600 bg-red-100"[39m
              [36m>[39m
                [0m$0.25[0m
                [0m cost[0m
              [36m</span>[39m
            [36m</div>[39m
            [36m<p[39m
              [33mclass[39m=[32m"text-sm text-gray-600 mb-3"[39m
            [36m>[39m
              [0mAll features enabled for best results[0m
            [36m</p>[39m
          [36m</div>[39m
        [36m</div>[39m
      [36m</div>[39m
      [36m<div[39m
        [33mclass[39m=[32m"space-y-6"[39m
      [36m>[39m
        [36m<h3[39m
          [33mclass[39m=[32m"text-lg font-semibold text-gray-900"[39m
        [36m>[39m
          [0mBasic Settings[0m
        [36m</h3>[39m
        [36m<div[39m
          [33mclass[39m=[32m"space-y-2"[39m
        [36m>[39m
          [36m<label[39m
            [33mclass[39m=[32m"block text-sm font-medium text-gray-700"[39m
          [36m>[39m
            [0mProcess Mode[0m
         ...
 ❯ Object.getElementError node_modules/@testing-library/dom/dist/config.js:37:19
 ❯ node_modules/@testing-library/dom/dist/query-helpers.js:76:38
 ❯ node_modules/@testing-library/dom/dist/query-helpers.js:52:17
 ❯ node_modules/@testing-library/dom/dist/query-helpers.js:95:19
 ❯ src/renderer/components/Settings/__tests__/ParametersSection.test.tsx:394:19
    392|     expect(screen.getByText(/Process mode affects generation speed and…
    393|     expect(screen.getByText(/Aspect ratios determine image dimensions/…
    394|     expect(screen.getByText(/Polling timeout in minutes/)).toBeInTheDo…
       |                   ^
    395|   })
    396| 

⎯⎯⎯⎯⎯⎯⎯⎯⎯⎯⎯⎯⎯⎯⎯⎯⎯⎯⎯⎯[182/254]⎯

⎯⎯⎯⎯⎯⎯ Unhandled Errors ⎯⎯⎯⎯⎯⎯

Vitest caught 4 unhandled errors during the test run.
This might cause false positive tests. Resolve unhandled errors to make sure your tests are not affected.

⎯⎯⎯⎯⎯ Uncaught Exception ⎯⎯⎯⎯⎯
Error: SQLITE_ERROR: no such table: job_configurations
⎯⎯⎯⎯⎯⎯⎯⎯⎯⎯⎯⎯⎯⎯⎯⎯⎯⎯⎯⎯⎯⎯⎯⎯⎯⎯⎯⎯⎯⎯
Serialized Error: { errno: 1, code: 'SQLITE_ERROR' }
This error originated in "tests/unit/database/GeneratedImage.test.js" test file. It doesn't mean the error was thrown inside the file itself, but while it was running.
The latest test that might've caused the error is "should create a generated image". It might mean one of the following:
- The error was thrown, while Vitest was running this test.
- If the error occurred after the test had been completed, this was the last documented test before it was thrown.

⎯⎯⎯⎯⎯ Uncaught Exception ⎯⎯⎯⎯⎯
Error: SQLITE_ERROR: no such table: job_executions
⎯⎯⎯⎯⎯⎯⎯⎯⎯⎯⎯⎯⎯⎯⎯⎯⎯⎯⎯⎯⎯⎯⎯⎯⎯⎯⎯⎯⎯⎯
Serialized Error: { errno: 1, code: 'SQLITE_ERROR' }
This error originated in "tests/unit/database/GeneratedImage.test.js" test file. It doesn't mean the error was thrown inside the file itself, but while it was running.
The latest test that might've caused the error is "should create a generated image". It might mean one of the following:
- The error was thrown, while Vitest was running this test.
- If the error occurred after the test had been completed, this was the last documented test before it was thrown.

⎯⎯⎯⎯⎯ Uncaught Exception ⎯⎯⎯⎯⎯
Error: SQLITE_CONSTRAINT: NOT NULL constraint failed: generated_images.image_mapping_id
⎯⎯⎯⎯⎯⎯⎯⎯⎯⎯⎯⎯⎯⎯⎯⎯⎯⎯⎯⎯⎯⎯⎯⎯⎯⎯⎯⎯⎯⎯
Serialized Error: { errno: 19, code: 'SQLITE_CONSTRAINT' }
This error originated in "tests/unit/database/GeneratedImage.test.js" test file. It doesn't mean the error was thrown inside the file itself, but while it was running.
The latest test that might've caused the error is "should handle cleanup of old images". It might mean one of the following:
- The error was thrown, while Vitest was running this test.
- If the error occurred after the test had been completed, this was the last documented test before it was thrown.

⎯⎯⎯⎯⎯ Uncaught Exception ⎯⎯⎯⎯⎯
Error: SQLITE_ERROR: no such table: job_configurations
⎯⎯⎯⎯⎯⎯⎯⎯⎯⎯⎯⎯⎯⎯⎯⎯⎯⎯⎯⎯⎯⎯⎯⎯⎯⎯⎯⎯⎯⎯
Serialized Error: { errno: 1, code: 'SQLITE_ERROR' }
This error originated in "tests/unit/database/JobExecution.test.js" test file. It doesn't mean the error was thrown inside the file itself, but while it was running.
The latest test that might've caused the error is "should create a job execution". It might mean one of the following:
- The error was thrown, while Vitest was running this test.
- If the error occurred after the test had been completed, this was the last documented test before it was thrown.
⎯⎯⎯⎯⎯⎯⎯⎯⎯⎯⎯⎯⎯⎯⎯⎯⎯⎯⎯⎯⎯⎯⎯⎯⎯⎯⎯⎯⎯⎯


 Test Files  26 failed | 55 passed (81)
      Tests  254 failed | 795 passed (1049)
     Errors  4 errors
   Start at  09:38:03
   Duration  30.78s (transform 4.19s, setup 9.43s, collect 25.89s, tests 79.02s, environment 59.39s, prepare 12.71s)

